Mar 10 17:43:39 localhost control_proxy[965403]: 2022-03-10T17:43:39.377Z [127.0.0.1 -> streamer-controller.magmasi.wavelabs.in,8443] "POST /magma.orc8r.Streamer/GetUpdates HTTP/2" 200 5113bytes 0.294s
Mar 10 17:43:39 localhost policydb[965328]: INFO:root:Processing 222 SID -> apn -> policy updates
Mar 10 17:43:40 localhost control_proxy[965403]: 2022-03-10T17:43:39.377Z [127.0.0.1 -> streamer-controller.magmasi.wavelabs.in,8443] "POST /magma.orc8r.Streamer/GetUpdates HTTP/2" 200 7bytes 0.272s
Mar 10 17:43:40 localhost policydb[965328]: INFO:root:Processing 0 rating group updates
Mar 10 17:43:40 localhost sctpd[965526]: I0310 17:43:40.961884 965996 sctp_connection.cpp:167] HandleClientSock sd = 56
Mar 10 17:43:40 localhost sctpd[965526]: I0310 17:43:40.962061 965996 sctp_connection.cpp:220] [sd:56] msg of len 82 on 3891:1
Mar 10 17:43:40 localhost mobilityd[965259]: WARNING:root:Re-allocate IP 192.168.128.236 for sid IMSI222700000000001.default,ipv4 without MME releasing it first ip-state-map
Mar 10 17:43:40 localhost mobilityd[965259]: INFO:root:Allocating the same IP 192.168.128.236 for sid IMSI222700000000001.default,ipv4
Mar 10 17:43:40 localhost mobilityd[965259]: INFO:root:Allocated IP 192.168.128.236 for sid IMSI222700000000001 for apn default
Mar 10 17:43:40 localhost sessiond[965262]: I0310 17:43:40.972884 965262 SetMessageManagerHandler.cpp:294] Duplicate request of same PDU_id 1 of IMSI IMSI222700000000001 nothing to do
Mar 10 17:43:40 localhost mme[965940]: AsyncSetAmfSessionContext fails with code 6, msg: Duplicate request
Mar 10 17:43:44 localhost smsd[965347]: INFO:root:mme non_eps_service_config is not SMS_ORC8R, sleeping.
Mar 10 17:43:46 localhost mobilityd[965259]: INFO:root:Using GW info: {'default': {2: ('172.16.4.1', 'eth0')}, 2: [('172.16.4.1', 'eth0', True)]}
Mar 10 17:43:46 localhost mobilityd[965259]: INFO:root:GW-v6 probe: timer started
Mar 10 17:43:48 localhost dnsmasq-dhcp[965430]: DHCPDISCOVER(eth1) fa:16:3e:2a:89:3f 
Mar 10 17:43:48 localhost dnsmasq-dhcp[965430]: DHCPOFFER(eth1) 172.16.7.251 fa:16:3e:2a:89:3f 
Mar 10 17:43:49 localhost smsd[965347]: INFO:root:mme non_eps_service_config is not SMS_ORC8R, sleeping.
Mar 10 17:43:53 localhost sctpd[965526]: I0310 17:43:53.270665 965996 sctp_connection.cpp:167] HandleClientSock sd = 56
Mar 10 17:43:53 localhost sctpd[965526]: I0310 17:43:53.270808 965996 sctp_connection.cpp:185] SCTP_SHUTDOWN_EVENT received
Mar 10 17:43:53 localhost sctpd[965526]: I0310 17:43:53.270823 965996 sctp_connection.cpp:280] Sending close connection for assoc_id 3891
Mar 10 17:43:53 localhost dhclient[601]: DHCPREQUEST for 172.16.5.121 on eth1 to 172.16.5.2 port 67 (xid=0x4b4058b5)
Mar 10 17:43:54 localhost smsd[965347]: INFO:root:mme non_eps_service_config is not SMS_ORC8R, sleeping.
Mar 10 17:43:56 localhost dnsmasq-dhcp[965430]: DHCPDISCOVER(eth1) fa:16:3e:2a:89:3f 
Mar 10 17:43:56 localhost dnsmasq-dhcp[965430]: DHCPOFFER(eth1) 172.16.7.251 fa:16:3e:2a:89:3f 
Mar 10 17:43:59 localhost smsd[965347]: INFO:root:mme non_eps_service_config is not SMS_ORC8R, sleeping.
Mar 10 17:44:00 localhost magmad[965184]: INFO:root:Setting logging level to INFO
Mar 10 17:44:01 localhost dhclient[601]: DHCPREQUEST for 172.16.5.121 on eth1 to 172.16.5.2 port 67 (xid=0x4b4058b5)
Mar 10 17:44:02 localhost sctpd[965526]: I0310 17:44:02.838382 965996 sctp_connection.cpp:167] HandleClientSock sd = 57
Mar 10 17:44:02 localhost sctpd[965526]: I0310 17:44:02.838487 965996 sctp_connection.cpp:189] SCTP association change event received
Mar 10 17:44:02 localhost sctpd[965526]: I0310 17:44:02.839469 965996 sctp_connection.cpp:167] HandleClientSock sd = 57
Mar 10 17:44:02 localhost sctpd[965526]: I0310 17:44:02.839504 965996 sctp_connection.cpp:193] Unhandled notification type 32776
Mar 10 17:44:03 localhost sctpd[965526]: I0310 17:44:03.891585 965996 sctp_connection.cpp:167] HandleClientSock sd = 57
Mar 10 17:44:03 localhost sctpd[965526]: I0310 17:44:03.891721 965996 sctp_connection.cpp:220] [sd:57] msg of len 42 on 3892:0
Mar 10 17:44:03 localhost sctpd[965526]: I0310 17:44:03.894474 965993 sctpd_downlink_impl.cpp:76] SctpdDownlinkImpl::SendDl starting
Mar 10 17:44:03 localhost sctpd[965526]: I0310 17:44:03.895020 965996 sctp_connection.cpp:167] HandleClientSock sd = 57
Mar 10 17:44:03 localhost sctpd[965526]: I0310 17:44:03.895079 965996 sctp_connection.cpp:193] Unhandled notification type 32777
Mar 10 17:44:04 localhost sctpd[965526]: I0310 17:44:04.009970 965996 sctp_connection.cpp:167] HandleClientSock sd = 57
Mar 10 17:44:04 localhost sctpd[965526]: I0310 17:44:04.010095 965996 sctp_connection.cpp:220] [sd:57] msg of len 87 on 3892:1
Mar 10 17:44:04 localhost sctpd[965526]: I0310 17:44:04.014367 965531 sctpd_downlink_impl.cpp:76] SctpdDownlinkImpl::SendDl starting
Mar 10 17:44:04 localhost sctpd[965526]: I0310 17:44:04.015087 965531 sctpd_downlink_impl.cpp:76] SctpdDownlinkImpl::SendDl starting
Mar 10 17:44:04 localhost smsd[965347]: INFO:root:mme non_eps_service_config is not SMS_ORC8R, sleeping.
Mar 10 17:44:04 localhost sctpd[965526]: I0310 17:44:04.422412 965996 sctp_connection.cpp:167] HandleClientSock sd = 57
Mar 10 17:44:04 localhost sctpd[965526]: I0310 17:44:04.422535 965996 sctp_connection.cpp:193] Unhandled notification type 32777
Mar 10 17:44:06 localhost mobilityd[965259]: INFO:root:Using GW info: {'default': {2: ('172.16.4.1', 'eth0')}, 2: [('172.16.4.1', 'eth0', True)]}
Mar 10 17:44:06 localhost mobilityd[965259]: INFO:root:GW-v6 probe: timer started
Mar 10 17:44:07 localhost dnsmasq-dhcp[965430]: DHCPDISCOVER(eth1) fa:16:3e:2a:89:3f 
Mar 10 17:44:07 localhost dnsmasq-dhcp[965430]: DHCPOFFER(eth1) 172.16.7.251 fa:16:3e:2a:89:3f 
Mar 10 17:44:09 localhost smsd[965347]: INFO:root:mme non_eps_service_config is not SMS_ORC8R, sleeping.
Mar 10 17:44:11 localhost sctpd[965526]: I0310 17:44:11.372916 965996 sctp_connection.cpp:167] HandleClientSock sd = 57
Mar 10 17:44:11 localhost sctpd[965526]: I0310 17:44:11.373035 965996 sctp_connection.cpp:185] SCTP_SHUTDOWN_EVENT received
Mar 10 17:44:11 localhost sctpd[965526]: I0310 17:44:11.373049 965996 sctp_connection.cpp:280] Sending close connection for assoc_id 3892
Mar 10 17:44:14 localhost smsd[965347]: INFO:root:mme non_eps_service_config is not SMS_ORC8R, sleeping.
Mar 10 17:44:19 localhost smsd[965347]: INFO:root:mme non_eps_service_config is not SMS_ORC8R, sleeping.
Mar 10 17:44:19 localhost dhclient[601]: DHCPREQUEST for 172.16.5.121 on eth1 to 172.16.5.2 port 67 (xid=0x4b4058b5)
Mar 10 17:44:19 localhost control_proxy[965403]: 2022-03-10T17:44:19.371Z [127.0.0.1 -> state-controller.magmasi.wavelabs.in,8443] "POST /magma.orc8r.StateService/ReportStates HTTP/2" 200 5bytes 0.528s
Mar 10 17:44:19 localhost magmad[965184]: INFO:root:Checkin Successful! Successfully sent states to the cloud!
Mar 10 17:44:20 localhost sctpd[965526]: I0310 17:44:20.273249 965996 sctp_connection.cpp:167] HandleClientSock sd = 58
Mar 10 17:44:20 localhost sctpd[965526]: I0310 17:44:20.273342 965996 sctp_connection.cpp:189] SCTP association change event received
Mar 10 17:44:20 localhost sctpd[965526]: I0310 17:44:20.274221 965996 sctp_connection.cpp:167] HandleClientSock sd = 58
Mar 10 17:44:20 localhost sctpd[965526]: I0310 17:44:20.274307 965996 sctp_connection.cpp:193] Unhandled notification type 32776
Mar 10 17:44:21 localhost sctpd[965526]: I0310 17:44:21.331219 965996 sctp_connection.cpp:167] HandleClientSock sd = 58
Mar 10 17:44:21 localhost sctpd[965526]: I0310 17:44:21.331341 965996 sctp_connection.cpp:220] [sd:58] msg of len 42 on 3893:0
Mar 10 17:44:21 localhost sctpd[965526]: I0310 17:44:21.334136 965993 sctpd_downlink_impl.cpp:76] SctpdDownlinkImpl::SendDl starting
Mar 10 17:44:21 localhost sctpd[965526]: I0310 17:44:21.334939 965996 sctp_connection.cpp:167] HandleClientSock sd = 58
Mar 10 17:44:21 localhost sctpd[965526]: I0310 17:44:21.335011 965996 sctp_connection.cpp:193] Unhandled notification type 32777
Mar 10 17:44:21 localhost dnsmasq-dhcp[965430]: DHCPDISCOVER(eth1) fa:16:3e:2a:89:3f 
Mar 10 17:44:21 localhost dnsmasq-dhcp[965430]: DHCPOFFER(eth1) 172.16.7.251 fa:16:3e:2a:89:3f 
Mar 10 17:44:21 localhost sctpd[965526]: I0310 17:44:21.450294 965996 sctp_connection.cpp:167] HandleClientSock sd = 58
Mar 10 17:44:21 localhost sctpd[965526]: I0310 17:44:21.450399 965996 sctp_connection.cpp:220] [sd:58] msg of len 42 on 3893:0
Mar 10 17:44:21 localhost sctpd[965526]: I0310 17:44:21.452529 965993 sctpd_downlink_impl.cpp:76] SctpdDownlinkImpl::SendDl starting
Mar 10 17:44:21 localhost sctpd[965526]: I0310 17:44:21.565467 965996 sctp_connection.cpp:167] HandleClientSock sd = 58
Mar 10 17:44:21 localhost sctpd[965526]: I0310 17:44:21.565575 965996 sctp_connection.cpp:193] Unhandled notification type 32777
Mar 10 17:44:21 localhost sctpd[965526]: I0310 17:44:21.565595 965996 sctp_connection.cpp:167] HandleClientSock sd = 58
Mar 10 17:44:21 localhost sctpd[965526]: I0310 17:44:21.565618 965996 sctp_connection.cpp:220] [sd:58] msg of len 88 on 3893:1
Mar 10 17:44:21 localhost sctpd[965526]: I0310 17:44:21.584239 965993 sctpd_downlink_impl.cpp:76] SctpdDownlinkImpl::SendDl starting
Mar 10 17:44:21 localhost sctpd[965526]: I0310 17:44:21.673532 965996 sctp_connection.cpp:167] HandleClientSock sd = 58
Mar 10 17:44:21 localhost sctpd[965526]: I0310 17:44:21.673624 965996 sctp_connection.cpp:193] Unhandled notification type 32777
Mar 10 17:44:21 localhost sctpd[965526]: I0310 17:44:21.673643 965996 sctp_connection.cpp:167] HandleClientSock sd = 58
Mar 10 17:44:21 localhost sctpd[965526]: I0310 17:44:21.673664 965996 sctp_connection.cpp:220] [sd:58] msg of len 67 on 3893:1
Mar 10 17:44:21 localhost sctpd[965526]: I0310 17:44:21.678022 965531 sctpd_downlink_impl.cpp:76] SctpdDownlinkImpl::SendDl starting
Mar 10 17:44:21 localhost sctpd[965526]: I0310 17:44:21.789942 965996 sctp_connection.cpp:167] HandleClientSock sd = 58
Mar 10 17:44:21 localhost sctpd[965526]: I0310 17:44:21.790038 965996 sctp_connection.cpp:193] Unhandled notification type 32777
Mar 10 17:44:21 localhost sctpd[965526]: I0310 17:44:21.790057 965996 sctp_connection.cpp:167] HandleClientSock sd = 58
Mar 10 17:44:21 localhost sctpd[965526]: I0310 17:44:21.790077 965996 sctp_connection.cpp:220] [sd:58] msg of len 56 on 3893:1
Mar 10 17:44:21 localhost mme[965940]: [DEBUG] Sending S6A-UPDATE_LOCATION_REQUEST with IMSI: 222700000000001
Mar 10 17:44:21 localhost sctpd[965526]: I0310 17:44:21.795755 965531 sctpd_downlink_impl.cpp:76] SctpdDownlinkImpl::SendDl starting
Mar 10 17:44:21 localhost mme[965940]: [INFO] Received S6A-LOCATION-UPDATE_ANSWER for IMSI: 222700000000001; Status: ; StatusCode: 2001
Mar 10 17:44:21 localhost mme[965940]: [INFO] sent itti S6A-LOCATION-UPDATE_ANSWER for IMSI: 222700000000001
Mar 10 17:44:21 localhost sctpd[965526]: I0310 17:44:21.902469 965996 sctp_connection.cpp:167] HandleClientSock sd = 58
Mar 10 17:44:21 localhost sctpd[965526]: I0310 17:44:21.902572 965996 sctp_connection.cpp:193] Unhandled notification type 32777
Mar 10 17:44:21 localhost sctpd[965526]: I0310 17:44:21.902593 965996 sctp_connection.cpp:167] HandleClientSock sd = 58
Mar 10 17:44:21 localhost sctpd[965526]: I0310 17:44:21.902614 965996 sctp_connection.cpp:220] [sd:58] msg of len 22 on 3893:1
Mar 10 17:44:22 localhost sctpd[965526]: I0310 17:44:22.107028 965996 sctp_connection.cpp:167] HandleClientSock sd = 58
Mar 10 17:44:22 localhost sctpd[965526]: I0310 17:44:22.107141 965996 sctp_connection.cpp:220] [sd:58] msg of len 56 on 3893:1
Mar 10 17:44:22 localhost sctpd[965526]: I0310 17:44:22.107964 965996 sctp_connection.cpp:167] HandleClientSock sd = 58
Mar 10 17:44:22 localhost sctpd[965526]: I0310 17:44:22.108002 965996 sctp_connection.cpp:220] [sd:58] msg of len 82 on 3893:1
Mar 10 17:44:22 localhost mobilityd[965259]: WARNING:root:Re-allocate IP 192.168.128.236 for sid IMSI222700000000001.default,ipv4 without MME releasing it first ip-state-map
Mar 10 17:44:22 localhost mobilityd[965259]: INFO:root:Allocating the same IP 192.168.128.236 for sid IMSI222700000000001.default,ipv4
Mar 10 17:44:22 localhost mobilityd[965259]: INFO:root:Allocated IP 192.168.128.236 for sid IMSI222700000000001 for apn default
Mar 10 17:44:22 localhost sessiond[965262]: I0310 17:44:22.120609 965262 SetMessageManagerHandler.cpp:294] Duplicate request of same PDU_id 1 of IMSI IMSI222700000000001 nothing to do
Mar 10 17:44:22 localhost mme[965940]: AsyncSetAmfSessionContext fails with code 6, msg: Duplicate request
Mar 10 17:44:24 localhost smsd[965347]: INFO:root:mme non_eps_service_config is not SMS_ORC8R, sleeping.
Mar 10 17:44:25 localhost magmad[965184]: INFO:root:[SyncRPC] Got heartBeat from cloud
Mar 10 17:44:26 localhost mobilityd[965259]: INFO:root:Using GW info: {'default': {2: ('172.16.4.1', 'eth0')}, 2: [('172.16.4.1', 'eth0', True)]}
Mar 10 17:44:26 localhost mobilityd[965259]: INFO:root:GW-v6 probe: timer started
Mar 10 17:44:29 localhost dnsmasq-dhcp[965430]: DHCPDISCOVER(eth1) fa:16:3e:2a:89:3f 
Mar 10 17:44:29 localhost dnsmasq-dhcp[965430]: DHCPOFFER(eth1) 172.16.7.251 fa:16:3e:2a:89:3f 
Mar 10 17:44:29 localhost smsd[965347]: INFO:root:mme non_eps_service_config is not SMS_ORC8R, sleeping.
Mar 10 17:44:29 localhost magmad[965184]: ERROR:root:Metrics upload error for service subscriberdb (chunk 0)! [StatusCode.DEADLINE_EXCEEDED] Deadline Exceeded
Mar 10 17:44:29 localhost magmad[965184]: ERROR:root:Metrics upload error for service mobilityd (chunk 0)! [StatusCode.DEADLINE_EXCEEDED] Deadline Exceeded
Mar 10 17:44:29 localhost magmad[965184]: ERROR:root:Metrics upload error for service mme (chunk 0)! [StatusCode.DEADLINE_EXCEEDED] Deadline Exceeded
Mar 10 17:44:29 localhost magmad[965184]: ERROR:root:Metrics upload error for service magmad (chunk 0)! [StatusCode.DEADLINE_EXCEEDED] Deadline Exceeded
Mar 10 17:44:29 localhost magmad[965184]: ERROR:root:Metrics upload error for service enodebd (chunk 0)! [StatusCode.DEADLINE_EXCEEDED] Deadline Exceeded
Mar 10 17:44:29 localhost magmad[965184]: ERROR:root:Metrics upload error for service pipelined (chunk 0)! [StatusCode.DEADLINE_EXCEEDED] Deadline Exceeded
Mar 10 17:44:29 localhost magmad[965184]: ERROR:root:Metrics upload error for service state (chunk 0)! [StatusCode.DEADLINE_EXCEEDED] Deadline Exceeded
Mar 10 17:44:29 localhost magmad[965184]: ERROR:root:Metrics upload error for service sessiond (chunk 0)! [StatusCode.DEADLINE_EXCEEDED] Deadline Exceeded
Mar 10 17:44:34 localhost sctpd[965526]: I0310 17:44:34.317155 965996 sctp_connection.cpp:167] HandleClientSock sd = 58
Mar 10 17:44:34 localhost sctpd[965526]: I0310 17:44:34.317251 965996 sctp_connection.cpp:185] SCTP_SHUTDOWN_EVENT received
Mar 10 17:44:34 localhost sctpd[965526]: I0310 17:44:34.317262 965996 sctp_connection.cpp:280] Sending close connection for assoc_id 3893
Mar 10 17:44:34 localhost smsd[965347]: INFO:root:mme non_eps_service_config is not SMS_ORC8R, sleeping.
Mar 10 17:44:34 localhost dhclient[601]: DHCPREQUEST for 172.16.5.121 on eth1 to 172.16.5.2 port 67 (xid=0x4b4058b5)
Mar 10 17:44:39 localhost smsd[965347]: INFO:root:mme non_eps_service_config is not SMS_ORC8R, sleeping.
Mar 10 17:44:39 localhost dnsmasq-dhcp[965430]: DHCPDISCOVER(eth1) fa:16:3e:2a:89:3f 
Mar 10 17:44:39 localhost dnsmasq-dhcp[965430]: DHCPOFFER(eth1) 172.16.7.251 fa:16:3e:2a:89:3f 
Mar 10 17:44:40 localhost control_proxy[965403]: 2022-03-10T17:44:40.283Z [127.0.0.1 -> streamer-controller.magmasi.wavelabs.in,8443] "POST /magma.orc8r.Streamer/GetUpdates HTTP/2" 200 91bytes 0.531s
Mar 10 17:44:40 localhost policydb[965328]: INFO:root:Processing 2 policy updates (resync=True)
Mar 10 17:44:41 localhost control_proxy[965403]: 2022-03-10T17:44:40.283Z [127.0.0.1 -> streamer-controller.magmasi.wavelabs.in,8443] "POST /magma.orc8r.Streamer/GetUpdates HTTP/2" 200 7bytes 0.271s
Mar 10 17:44:41 localhost policydb[965328]: INFO:root:Processing 0 basename -> policy updates
Mar 10 17:44:41 localhost control_proxy[965403]: 2022-03-10T17:44:41.092Z [127.0.0.1 -> streamer-controller.magmasi.wavelabs.in,8443] "POST /magma.orc8r.Streamer/GetUpdates HTTP/2" 200 5113bytes 0.280s
Mar 10 17:44:41 localhost policydb[965328]: INFO:root:Processing 222 SID -> apn -> policy updates
Mar 10 17:44:41 localhost control_proxy[965403]: 2022-03-10T17:44:41.092Z [127.0.0.1 -> streamer-controller.magmasi.wavelabs.in,8443] "POST /magma.orc8r.Streamer/GetUpdates HTTP/2" 200 7bytes 0.270s
Mar 10 17:44:41 localhost policydb[965328]: INFO:root:Processing 0 rating group updates
Mar 10 17:44:43 localhost sctpd[965526]: I0310 17:44:43.177312 965996 sctp_connection.cpp:167] HandleClientSock sd = 59
Mar 10 17:44:43 localhost sctpd[965526]: I0310 17:44:43.177382 965996 sctp_connection.cpp:189] SCTP association change event received
Mar 10 17:44:43 localhost sctpd[965526]: I0310 17:44:43.177843 965996 sctp_connection.cpp:167] HandleClientSock sd = 59
Mar 10 17:44:43 localhost sctpd[965526]: I0310 17:44:43.177860 965996 sctp_connection.cpp:193] Unhandled notification type 32776
Mar 10 17:44:44 localhost sctpd[965526]: I0310 17:44:44.236492 965996 sctp_connection.cpp:167] HandleClientSock sd = 59
Mar 10 17:44:44 localhost sctpd[965526]: I0310 17:44:44.236618 965996 sctp_connection.cpp:220] [sd:59] msg of len 42 on 3894:0
Mar 10 17:44:44 localhost sctpd[965526]: I0310 17:44:44.239060 965993 sctpd_downlink_impl.cpp:76] SctpdDownlinkImpl::SendDl starting
Mar 10 17:44:44 localhost sctpd[965526]: I0310 17:44:44.239744 965996 sctp_connection.cpp:167] HandleClientSock sd = 59
Mar 10 17:44:44 localhost sctpd[965526]: I0310 17:44:44.239804 965996 sctp_connection.cpp:193] Unhandled notification type 32777
Mar 10 17:44:44 localhost sctpd[965526]: I0310 17:44:44.351271 965996 sctp_connection.cpp:167] HandleClientSock sd = 59
Mar 10 17:44:44 localhost sctpd[965526]: I0310 17:44:44.351362 965996 sctp_connection.cpp:220] [sd:59] msg of len 42 on 3894:0
Mar 10 17:44:44 localhost sctpd[965526]: I0310 17:44:44.353114 965531 sctpd_downlink_impl.cpp:76] SctpdDownlinkImpl::SendDl starting
Mar 10 17:44:44 localhost sctpd[965526]: I0310 17:44:44.471683 965996 sctp_connection.cpp:167] HandleClientSock sd = 59
Mar 10 17:44:44 localhost sctpd[965526]: I0310 17:44:44.471781 965996 sctp_connection.cpp:193] Unhandled notification type 32777
Mar 10 17:44:44 localhost sctpd[965526]: I0310 17:44:44.471802 965996 sctp_connection.cpp:167] HandleClientSock sd = 59
Mar 10 17:44:44 localhost sctpd[965526]: I0310 17:44:44.471822 965996 sctp_connection.cpp:220] [sd:59] msg of len 88 on 3894:1
Mar 10 17:44:44 localhost sctpd[965526]: I0310 17:44:44.487315 965531 sctpd_downlink_impl.cpp:76] SctpdDownlinkImpl::SendDl starting
Mar 10 17:44:44 localhost smsd[965347]: INFO:root:mme non_eps_service_config is not SMS_ORC8R, sleeping.
Mar 10 17:44:44 localhost sctpd[965526]: I0310 17:44:44.591491 965996 sctp_connection.cpp:167] HandleClientSock sd = 59
Mar 10 17:44:44 localhost sctpd[965526]: I0310 17:44:44.591590 965996 sctp_connection.cpp:193] Unhandled notification type 32777
Mar 10 17:44:44 localhost sctpd[965526]: I0310 17:44:44.591610 965996 sctp_connection.cpp:167] HandleClientSock sd = 59
Mar 10 17:44:44 localhost sctpd[965526]: I0310 17:44:44.591630 965996 sctp_connection.cpp:220] [sd:59] msg of len 67 on 3894:1
Mar 10 17:44:44 localhost sctpd[965526]: I0310 17:44:44.596635 965531 sctpd_downlink_impl.cpp:76] SctpdDownlinkImpl::SendDl starting
Mar 10 17:44:44 localhost sctpd[965526]: I0310 17:44:44.706218 965996 sctp_connection.cpp:167] HandleClientSock sd = 59
Mar 10 17:44:44 localhost sctpd[965526]: I0310 17:44:44.706342 965996 sctp_connection.cpp:193] Unhandled notification type 32777
Mar 10 17:44:44 localhost sctpd[965526]: I0310 17:44:44.706362 965996 sctp_connection.cpp:167] HandleClientSock sd = 59
Mar 10 17:44:44 localhost sctpd[965526]: I0310 17:44:44.706380 965996 sctp_connection.cpp:220] [sd:59] msg of len 56 on 3894:1
Mar 10 17:44:44 localhost mme[965940]: [DEBUG] Sending S6A-UPDATE_LOCATION_REQUEST with IMSI: 222700000000001
Mar 10 17:44:44 localhost sctpd[965526]: I0310 17:44:44.712698 965531 sctpd_downlink_impl.cpp:76] SctpdDownlinkImpl::SendDl starting
Mar 10 17:44:44 localhost mme[965940]: [INFO] Received S6A-LOCATION-UPDATE_ANSWER for IMSI: 222700000000001; Status: ; StatusCode: 2001
Mar 10 17:44:44 localhost mme[965940]: [INFO] sent itti S6A-LOCATION-UPDATE_ANSWER for IMSI: 222700000000001
Mar 10 17:44:44 localhost sctpd[965526]: I0310 17:44:44.818939 965996 sctp_connection.cpp:167] HandleClientSock sd = 59
Mar 10 17:44:44 localhost sctpd[965526]: I0310 17:44:44.819025 965996 sctp_connection.cpp:193] Unhandled notification type 32777
Mar 10 17:44:44 localhost sctpd[965526]: I0310 17:44:44.819042 965996 sctp_connection.cpp:167] HandleClientSock sd = 59
Mar 10 17:44:44 localhost sctpd[965526]: I0310 17:44:44.819061 965996 sctp_connection.cpp:220] [sd:59] msg of len 22 on 3894:1
Mar 10 17:44:45 localhost sctpd[965526]: I0310 17:44:45.023090 965996 sctp_connection.cpp:167] HandleClientSock sd = 59
Mar 10 17:44:45 localhost sctpd[965526]: I0310 17:44:45.023196 965996 sctp_connection.cpp:220] [sd:59] msg of len 56 on 3894:1
Mar 10 17:44:45 localhost sctpd[965526]: I0310 17:44:45.024403 965996 sctp_connection.cpp:167] HandleClientSock sd = 59
Mar 10 17:44:45 localhost sctpd[965526]: I0310 17:44:45.024494 965996 sctp_connection.cpp:220] [sd:59] msg of len 82 on 3894:1
Mar 10 17:44:45 localhost mobilityd[965259]: WARNING:root:Re-allocate IP 192.168.128.236 for sid IMSI222700000000001.default,ipv4 without MME releasing it first ip-state-map
Mar 10 17:44:45 localhost mobilityd[965259]: INFO:root:Allocating the same IP 192.168.128.236 for sid IMSI222700000000001.default,ipv4
Mar 10 17:44:45 localhost mobilityd[965259]: INFO:root:Allocated IP 192.168.128.236 for sid IMSI222700000000001 for apn default
Mar 10 17:44:45 localhost sessiond[965262]: I0310 17:44:45.036223 965262 SetMessageManagerHandler.cpp:294] Duplicate request of same PDU_id 1 of IMSI IMSI222700000000001 nothing to do
Mar 10 17:44:45 localhost mme[965940]: AsyncSetAmfSessionContext fails with code 6, msg: Duplicate request
Mar 10 17:44:46 localhost mobilityd[965259]: INFO:root:Using GW info: {'default': {2: ('172.16.4.1', 'eth0')}, 2: [('172.16.4.1', 'eth0', True)]}
Mar 10 17:44:46 localhost mobilityd[965259]: INFO:root:GW-v6 probe: timer started
Mar 10 17:44:49 localhost smsd[965347]: INFO:root:mme non_eps_service_config is not SMS_ORC8R, sleeping.
Mar 10 17:44:51 localhost dhclient[601]: DHCPREQUEST for 172.16.5.121 on eth1 to 172.16.5.2 port 67 (xid=0x4b4058b5)
Mar 10 17:44:53 localhost dnsmasq-dhcp[965430]: DHCPDISCOVER(eth1) fa:16:3e:2a:89:3f 
Mar 10 17:44:53 localhost dnsmasq-dhcp[965430]: DHCPOFFER(eth1) 172.16.7.251 fa:16:3e:2a:89:3f 
Mar 10 17:44:54 localhost smsd[965347]: INFO:root:mme non_eps_service_config is not SMS_ORC8R, sleeping.
Mar 10 17:44:57 localhost sctpd[965526]: I0310 17:44:57.275835 965996 sctp_connection.cpp:167] HandleClientSock sd = 59
Mar 10 17:44:57 localhost sctpd[965526]: I0310 17:44:57.275988 965996 sctp_connection.cpp:185] SCTP_SHUTDOWN_EVENT received
Mar 10 17:44:57 localhost sctpd[965526]: I0310 17:44:57.276000 965996 sctp_connection.cpp:280] Sending close connection for assoc_id 3894
Mar 10 17:44:59 localhost smsd[965347]: INFO:root:mme non_eps_service_config is not SMS_ORC8R, sleeping.
Mar 10 17:45:00 localhost dnsmasq-dhcp[965430]: DHCPDISCOVER(eth1) fa:16:3e:2a:89:3f 
Mar 10 17:45:00 localhost dnsmasq-dhcp[965430]: DHCPOFFER(eth1) 172.16.7.251 fa:16:3e:2a:89:3f 
Mar 10 17:45:02 localhost dhclient[601]: DHCPREQUEST for 172.16.5.121 on eth1 to 172.16.5.2 port 67 (xid=0x4b4058b5)
Mar 10 17:45:04 localhost smsd[965347]: INFO:root:mme non_eps_service_config is not SMS_ORC8R, sleeping.
Mar 10 17:45:06 localhost mobilityd[965259]: INFO:root:Using GW info: {'default': {2: ('172.16.4.1', 'eth0')}, 2: [('172.16.4.1', 'eth0', True)]}
Mar 10 17:45:06 localhost mobilityd[965259]: INFO:root:GW-v6 probe: timer started
Mar 10 17:45:06 localhost sctpd[965526]: I0310 17:45:06.453699 965996 sctp_connection.cpp:167] HandleClientSock sd = 60
Mar 10 17:45:06 localhost sctpd[965526]: I0310 17:45:06.453776 965996 sctp_connection.cpp:189] SCTP association change event received
Mar 10 17:45:06 localhost sctpd[965526]: I0310 17:45:06.454840 965996 sctp_connection.cpp:167] HandleClientSock sd = 60
Mar 10 17:45:06 localhost sctpd[965526]: I0310 17:45:06.454871 965996 sctp_connection.cpp:193] Unhandled notification type 32776
Mar 10 17:45:06 localhost sctpd[965526]: I0310 17:45:06.576354 965996 sctp_connection.cpp:167] HandleClientSock sd = 61
Mar 10 17:45:06 localhost sctpd[965526]: I0310 17:45:06.576436 965996 sctp_connection.cpp:189] SCTP association change event received
Mar 10 17:45:06 localhost sctpd[965526]: I0310 17:45:06.577117 965996 sctp_connection.cpp:167] HandleClientSock sd = 61
Mar 10 17:45:06 localhost sctpd[965526]: I0310 17:45:06.577167 965996 sctp_connection.cpp:193] Unhandled notification type 32776
Mar 10 17:45:07 localhost sctpd[965526]: I0310 17:45:07.632679 965996 sctp_connection.cpp:167] HandleClientSock sd = 60
Mar 10 17:45:07 localhost sctpd[965526]: I0310 17:45:07.632802 965996 sctp_connection.cpp:220] [sd:60] msg of len 42 on 3895:0
Mar 10 17:45:07 localhost sctpd[965526]: I0310 17:45:07.635797 965993 sctpd_downlink_impl.cpp:76] SctpdDownlinkImpl::SendDl starting
Mar 10 17:45:07 localhost sctpd[965526]: I0310 17:45:07.636466 965996 sctp_connection.cpp:167] HandleClientSock sd = 60
Mar 10 17:45:07 localhost sctpd[965526]: I0310 17:45:07.636528 965996 sctp_connection.cpp:193] Unhandled notification type 32777
Mar 10 17:45:07 localhost sctpd[965526]: I0310 17:45:07.744449 965996 sctp_connection.cpp:167] HandleClientSock sd = 61
Mar 10 17:45:07 localhost sctpd[965526]: I0310 17:45:07.744540 965996 sctp_connection.cpp:220] [sd:61] msg of len 42 on 3896:0
Mar 10 17:45:07 localhost sctpd[965526]: I0310 17:45:07.746757 965993 sctpd_downlink_impl.cpp:76] SctpdDownlinkImpl::SendDl starting
Mar 10 17:45:07 localhost sctpd[965526]: I0310 17:45:07.747237 965996 sctp_connection.cpp:167] HandleClientSock sd = 61
Mar 10 17:45:07 localhost sctpd[965526]: I0310 17:45:07.747292 965996 sctp_connection.cpp:193] Unhandled notification type 32777
Mar 10 17:45:07 localhost sctpd[965526]: I0310 17:45:07.857671 965996 sctp_connection.cpp:167] HandleClientSock sd = 61
Mar 10 17:45:07 localhost sctpd[965526]: I0310 17:45:07.857744 965996 sctp_connection.cpp:220] [sd:61] msg of len 88 on 3896:1
Mar 10 17:45:07 localhost sctpd[965526]: I0310 17:45:07.876260 965993 sctpd_downlink_impl.cpp:76] SctpdDownlinkImpl::SendDl starting
Mar 10 17:45:07 localhost sctpd[965526]: I0310 17:45:07.972438 965996 sctp_connection.cpp:167] HandleClientSock sd = 61
Mar 10 17:45:07 localhost sctpd[965526]: I0310 17:45:07.972525 965996 sctp_connection.cpp:193] Unhandled notification type 32777
Mar 10 17:45:07 localhost sctpd[965526]: I0310 17:45:07.972543 965996 sctp_connection.cpp:167] HandleClientSock sd = 61
Mar 10 17:45:07 localhost sctpd[965526]: I0310 17:45:07.972564 965996 sctp_connection.cpp:220] [sd:61] msg of len 67 on 3896:1
Mar 10 17:45:07 localhost sctpd[965526]: I0310 17:45:07.977221 965993 sctpd_downlink_impl.cpp:76] SctpdDownlinkImpl::SendDl starting
Mar 10 17:45:08 localhost sctpd[965526]: I0310 17:45:08.088088 965996 sctp_connection.cpp:167] HandleClientSock sd = 61
Mar 10 17:45:08 localhost sctpd[965526]: I0310 17:45:08.088196 965996 sctp_connection.cpp:193] Unhandled notification type 32777
Mar 10 17:45:08 localhost sctpd[965526]: I0310 17:45:08.088217 965996 sctp_connection.cpp:167] HandleClientSock sd = 61
Mar 10 17:45:08 localhost sctpd[965526]: I0310 17:45:08.088238 965996 sctp_connection.cpp:220] [sd:61] msg of len 56 on 3896:1
Mar 10 17:45:08 localhost mme[965940]: [DEBUG] Sending S6A-UPDATE_LOCATION_REQUEST with IMSI: 222700000000001
Mar 10 17:45:08 localhost sctpd[965526]: I0310 17:45:08.094395 965993 sctpd_downlink_impl.cpp:76] SctpdDownlinkImpl::SendDl starting
Mar 10 17:45:08 localhost mme[965940]: [INFO] Received S6A-LOCATION-UPDATE_ANSWER for IMSI: 222700000000001; Status: ; StatusCode: 2001
Mar 10 17:45:08 localhost mme[965940]: [INFO] sent itti S6A-LOCATION-UPDATE_ANSWER for IMSI: 222700000000001
Mar 10 17:45:08 localhost sctpd[965526]: I0310 17:45:08.206750 965996 sctp_connection.cpp:167] HandleClientSock sd = 61
Mar 10 17:45:08 localhost sctpd[965526]: I0310 17:45:08.206844 965996 sctp_connection.cpp:193] Unhandled notification type 32777
Mar 10 17:45:08 localhost sctpd[965526]: I0310 17:45:08.206862 965996 sctp_connection.cpp:167] HandleClientSock sd = 61
Mar 10 17:45:08 localhost sctpd[965526]: I0310 17:45:08.206884 965996 sctp_connection.cpp:220] [sd:61] msg of len 22 on 3896:1
Mar 10 17:45:08 localhost sctpd[965526]: I0310 17:45:08.411159 965996 sctp_connection.cpp:167] HandleClientSock sd = 61
Mar 10 17:45:08 localhost sctpd[965526]: I0310 17:45:08.411263 965996 sctp_connection.cpp:220] [sd:61] msg of len 56 on 3896:1
Mar 10 17:45:09 localhost smsd[965347]: INFO:root:mme non_eps_service_config is not SMS_ORC8R, sleeping.
Mar 10 17:45:10 localhost sctpd[965526]: I0310 17:45:10.428333 965996 sctp_connection.cpp:167] HandleClientSock sd = 61
Mar 10 17:45:10 localhost sctpd[965526]: I0310 17:45:10.428445 965996 sctp_connection.cpp:220] [sd:61] msg of len 82 on 3896:1
Mar 10 17:45:10 localhost mobilityd[965259]: WARNING:root:Re-allocate IP 192.168.128.236 for sid IMSI222700000000001.default,ipv4 without MME releasing it first ip-state-map
Mar 10 17:45:10 localhost mobilityd[965259]: INFO:root:Allocating the same IP 192.168.128.236 for sid IMSI222700000000001.default,ipv4
Mar 10 17:45:10 localhost mobilityd[965259]: INFO:root:Allocated IP 192.168.128.236 for sid IMSI222700000000001 for apn default
Mar 10 17:45:10 localhost sessiond[965262]: I0310 17:45:10.439285 965262 SetMessageManagerHandler.cpp:294] Duplicate request of same PDU_id 1 of IMSI IMSI222700000000001 nothing to do
Mar 10 17:45:10 localhost mme[965940]: AsyncSetAmfSessionContext fails with code 6, msg: Duplicate request
Mar 10 17:45:11 localhost dnsmasq-dhcp[965430]: DHCPDISCOVER(eth1) fa:16:3e:2a:89:3f 
Mar 10 17:45:11 localhost dnsmasq-dhcp[965430]: DHCPOFFER(eth1) 172.16.7.251 fa:16:3e:2a:89:3f 
Mar 10 17:45:14 localhost smsd[965347]: INFO:root:mme non_eps_service_config is not SMS_ORC8R, sleeping.
Mar 10 17:45:19 localhost smsd[965347]: INFO:root:mme non_eps_service_config is not SMS_ORC8R, sleeping.
Mar 10 17:45:20 localhost magmad[965184]: INFO:root:Setting logging level to INFO
Mar 10 17:45:22 localhost sctpd[965526]: I0310 17:45:22.756608 965996 sctp_connection.cpp:167] HandleClientSock sd = 60
Mar 10 17:45:22 localhost sctpd[965526]: I0310 17:45:22.756748 965996 sctp_connection.cpp:185] SCTP_SHUTDOWN_EVENT received
Mar 10 17:45:22 localhost sctpd[965526]: I0310 17:45:22.756760 965996 sctp_connection.cpp:280] Sending close connection for assoc_id 3895
Mar 10 17:45:22 localhost sctpd[965526]: I0310 17:45:22.805536 965996 sctp_connection.cpp:167] HandleClientSock sd = 61
Mar 10 17:45:22 localhost sctpd[965526]: I0310 17:45:22.805622 965996 sctp_connection.cpp:185] SCTP_SHUTDOWN_EVENT received
Mar 10 17:45:22 localhost sctpd[965526]: I0310 17:45:22.805635 965996 sctp_connection.cpp:280] Sending close connection for assoc_id 3896
Mar 10 17:45:23 localhost dhclient[601]: DHCPREQUEST for 172.16.5.121 on eth1 to 172.16.5.2 port 67 (xid=0x4b4058b5)
Mar 10 17:45:24 localhost smsd[965347]: INFO:root:mme non_eps_service_config is not SMS_ORC8R, sleeping.
Mar 10 17:45:24 localhost dnsmasq-dhcp[965430]: DHCPDISCOVER(eth1) fa:16:3e:2a:89:3f 
Mar 10 17:45:24 localhost dnsmasq-dhcp[965430]: DHCPOFFER(eth1) 172.16.7.251 fa:16:3e:2a:89:3f 
Mar 10 17:45:25 localhost magmad[965184]: INFO:root:[SyncRPC] Got heartBeat from cloud
Mar 10 17:45:25 localhost control_proxy[965403]: 2022-03-10T17:44:25.248Z [127.0.0.1 -> streamer-controller.magmasi.wavelabs.in,8443] "POST /magma.orc8r.Streamer/GetUpdates HTTP/2" 200 0bytes 60.264s
Mar 10 17:45:25 localhost magmad[965184]: ERROR:root:Error! Streaming from the cloud failed! [StatusCode.ABORTED] error while streaming updates: rpc error: code = DeadlineExceeded desc = context deadline exceeded
Mar 10 17:45:26 localhost mobilityd[965259]: INFO:root:Using GW info: {'default': {2: ('172.16.4.1', 'eth0')}, 2: [('172.16.4.1', 'eth0', True)]}
Mar 10 17:45:26 localhost mobilityd[965259]: INFO:root:GW-v6 probe: timer started
Mar 10 17:45:29 localhost smsd[965347]: INFO:root:mme non_eps_service_config is not SMS_ORC8R, sleeping.
Mar 10 17:45:32 localhost dnsmasq-dhcp[965430]: DHCPDISCOVER(eth1) fa:16:3e:2a:89:3f 
Mar 10 17:45:32 localhost dnsmasq-dhcp[965430]: DHCPOFFER(eth1) 172.16.7.251 fa:16:3e:2a:89:3f 
Mar 10 17:45:32 localhost sctpd[965526]: I0310 17:45:32.481298 965996 sctp_connection.cpp:167] HandleClientSock sd = 62
Mar 10 17:45:32 localhost sctpd[965526]: I0310 17:45:32.481503 965996 sctp_connection.cpp:189] SCTP association change event received
Mar 10 17:45:32 localhost sctpd[965526]: I0310 17:45:32.482764 965996 sctp_connection.cpp:167] HandleClientSock sd = 62
Mar 10 17:45:32 localhost sctpd[965526]: I0310 17:45:32.482801 965996 sctp_connection.cpp:193] Unhandled notification type 32776
Mar 10 17:45:33 localhost dhclient[601]: DHCPREQUEST for 172.16.5.121 on eth1 to 172.16.5.2 port 67 (xid=0x4b4058b5)
Mar 10 17:45:33 localhost sctpd[965526]: I0310 17:45:33.541419 965996 sctp_connection.cpp:167] HandleClientSock sd = 62
Mar 10 17:45:33 localhost sctpd[965526]: I0310 17:45:33.541535 965996 sctp_connection.cpp:220] [sd:62] msg of len 42 on 3897:0
Mar 10 17:45:33 localhost sctpd[965526]: I0310 17:45:33.543804 965531 sctpd_downlink_impl.cpp:76] SctpdDownlinkImpl::SendDl starting
Mar 10 17:45:33 localhost sctpd[965526]: I0310 17:45:33.544440 965996 sctp_connection.cpp:167] HandleClientSock sd = 62
Mar 10 17:45:33 localhost sctpd[965526]: I0310 17:45:33.544503 965996 sctp_connection.cpp:193] Unhandled notification type 32777
Mar 10 17:45:33 localhost sctpd[965526]: I0310 17:45:33.661337 965996 sctp_connection.cpp:167] HandleClientSock sd = 62
Mar 10 17:45:33 localhost sctpd[965526]: I0310 17:45:33.661451 965996 sctp_connection.cpp:220] [sd:62] msg of len 83 on 3897:1
Mar 10 17:45:33 localhost sctpd[965526]: I0310 17:45:33.680305 965993 sctpd_downlink_impl.cpp:76] SctpdDownlinkImpl::SendDl starting
Mar 10 17:45:33 localhost sctpd[965526]: I0310 17:45:33.775669 965996 sctp_connection.cpp:167] HandleClientSock sd = 62
Mar 10 17:45:33 localhost sctpd[965526]: I0310 17:45:33.775768 965996 sctp_connection.cpp:193] Unhandled notification type 32777
Mar 10 17:45:33 localhost sctpd[965526]: I0310 17:45:33.775789 965996 sctp_connection.cpp:167] HandleClientSock sd = 62
Mar 10 17:45:33 localhost sctpd[965526]: I0310 17:45:33.775810 965996 sctp_connection.cpp:220] [sd:62] msg of len 67 on 3897:1
Mar 10 17:45:33 localhost sctpd[965526]: I0310 17:45:33.779973 965993 sctpd_downlink_impl.cpp:76] SctpdDownlinkImpl::SendDl starting
Mar 10 17:45:33 localhost sctpd[965526]: I0310 17:45:33.982036 965996 sctp_connection.cpp:167] HandleClientSock sd = 62
Mar 10 17:45:33 localhost sctpd[965526]: I0310 17:45:33.982138 965996 sctp_connection.cpp:193] Unhandled notification type 32777
Mar 10 17:45:34 localhost smsd[965347]: INFO:root:mme non_eps_service_config is not SMS_ORC8R, sleeping.
Mar 10 17:45:38 localhost magmad[965184]: ERROR:root:Metrics upload error for service subscriberdb (chunk 0)! [StatusCode.DEADLINE_EXCEEDED] Deadline Exceeded
Mar 10 17:45:38 localhost magmad[965184]: ERROR:root:Metrics upload error for service mobilityd (chunk 0)! [StatusCode.DEADLINE_EXCEEDED] Deadline Exceeded
Mar 10 17:45:38 localhost magmad[965184]: ERROR:root:Metrics upload error for service mme (chunk 0)! [StatusCode.DEADLINE_EXCEEDED] Deadline Exceeded
Mar 10 17:45:38 localhost magmad[965184]: ERROR:root:Metrics upload error for service magmad (chunk 0)! [StatusCode.DEADLINE_EXCEEDED] Deadline Exceeded
Mar 10 17:45:38 localhost magmad[965184]: ERROR:root:Metrics upload error for service enodebd (chunk 0)! [StatusCode.DEADLINE_EXCEEDED] Deadline Exceeded
Mar 10 17:45:38 localhost magmad[965184]: ERROR:root:Metrics upload error for service pipelined (chunk 0)! [StatusCode.DEADLINE_EXCEEDED] Deadline Exceeded
Mar 10 17:45:38 localhost magmad[965184]: ERROR:root:Metrics upload error for service state (chunk 0)! [StatusCode.DEADLINE_EXCEEDED] Deadline Exceeded
Mar 10 17:45:38 localhost magmad[965184]: ERROR:root:Metrics upload error for service sessiond (chunk 0)! [StatusCode.DEADLINE_EXCEEDED] Deadline Exceeded
Mar 10 17:45:38 localhost magmad[965184]: INFO:root:Checking for upgrade...
Mar 10 17:45:38 localhost magmad[965184]: WARNING:root:magmad package_version config missing or set to default 0.0.0-0, skipping upgrade
Mar 10 17:45:39 localhost control_proxy[965403]: 2022-03-10T17:45:39.001Z [127.0.0.1 -> state-controller.magmasi.wavelabs.in,8443] "POST /magma.orc8r.StateService/ReportStates HTTP/2" 200 5bytes 0.527s
Mar 10 17:45:39 localhost magmad[965184]: INFO:root:Checkin Successful! Successfully sent states to the cloud!
Mar 10 17:45:39 localhost sctpd[965526]: I0310 17:45:39.787765 965993 sctpd_downlink_impl.cpp:76] SctpdDownlinkImpl::SendDl starting
Mar 10 17:45:39 localhost smsd[965347]: INFO:root:mme non_eps_service_config is not SMS_ORC8R, sleeping.
Mar 10 17:45:39 localhost sctpd[965526]: I0310 17:45:39.990115 965996 sctp_connection.cpp:167] HandleClientSock sd = 62
Mar 10 17:45:39 localhost sctpd[965526]: I0310 17:45:39.990216 965996 sctp_connection.cpp:193] Unhandled notification type 32777
Mar 10 17:45:42 localhost control_proxy[965403]: 2022-03-10T17:45:41.774Z [127.0.0.1 -> streamer-controller.magmasi.wavelabs.in,8443] "POST /magma.orc8r.Streamer/GetUpdates HTTP/2" 200 91bytes 0.275s
Mar 10 17:45:42 localhost policydb[965328]: INFO:root:Processing 2 policy updates (resync=True)
Mar 10 17:45:42 localhost control_proxy[965403]: 2022-03-10T17:45:42.054Z [127.0.0.1 -> streamer-controller.magmasi.wavelabs.in,8443] "POST /magma.orc8r.Streamer/GetUpdates HTTP/2" 200 7bytes 0.275s
Mar 10 17:45:42 localhost policydb[965328]: INFO:root:Processing 0 basename -> policy updates
Mar 10 17:45:42 localhost control_proxy[965403]: 2022-03-10T17:45:42.054Z [127.0.0.1 -> streamer-controller.magmasi.wavelabs.in,8443] "POST /magma.orc8r.Streamer/GetUpdates HTTP/2" 200 5113bytes 0.284s
Mar 10 17:45:42 localhost policydb[965328]: INFO:root:Processing 222 SID -> apn -> policy updates
Mar 10 17:45:42 localhost control_proxy[965403]: 2022-03-10T17:45:42.054Z [127.0.0.1 -> streamer-controller.magmasi.wavelabs.in,8443] "POST /magma.orc8r.Streamer/GetUpdates HTTP/2" 200 7bytes 0.271s
Mar 10 17:45:42 localhost policydb[965328]: INFO:root:Processing 0 rating group updates
Mar 10 17:45:42 localhost dnsmasq-dhcp[965430]: DHCPDISCOVER(eth1) fa:16:3e:2a:89:3f 
Mar 10 17:45:42 localhost dnsmasq-dhcp[965430]: DHCPOFFER(eth1) 172.16.7.251 fa:16:3e:2a:89:3f 
Mar 10 17:45:44 localhost sctpd[965526]: I0310 17:45:44.002359 965996 sctp_connection.cpp:167] HandleClientSock sd = 62
Mar 10 17:45:44 localhost sctpd[965526]: I0310 17:45:44.002460 965996 sctp_connection.cpp:220] [sd:62] msg of len 56 on 3897:1
Mar 10 17:45:44 localhost mme[965940]: [DEBUG] Sending S6A-UPDATE_LOCATION_REQUEST with IMSI: 222700000000001
Mar 10 17:45:44 localhost sctpd[965526]: I0310 17:45:44.009461 965993 sctpd_downlink_impl.cpp:76] SctpdDownlinkImpl::SendDl starting
Mar 10 17:45:44 localhost mme[965940]: [INFO] Received S6A-LOCATION-UPDATE_ANSWER for IMSI: 222700000000001; Status: ; StatusCode: 2001
Mar 10 17:45:44 localhost mme[965940]: [INFO] sent itti S6A-LOCATION-UPDATE_ANSWER for IMSI: 222700000000001
Mar 10 17:45:44 localhost sctpd[965526]: I0310 17:45:44.059991 965996 sctp_connection.cpp:167] HandleClientSock sd = 62
Mar 10 17:45:44 localhost sctpd[965526]: I0310 17:45:44.060076 965996 sctp_connection.cpp:193] Unhandled notification type 32777
Mar 10 17:45:44 localhost sctpd[965526]: I0310 17:45:44.060094 965996 sctp_connection.cpp:167] HandleClientSock sd = 62
Mar 10 17:45:44 localhost sctpd[965526]: I0310 17:45:44.060115 965996 sctp_connection.cpp:220] [sd:62] msg of len 56 on 3897:1
Mar 10 17:45:44 localhost smsd[965347]: INFO:root:mme non_eps_service_config is not SMS_ORC8R, sleeping.
Mar 10 17:45:46 localhost mobilityd[965259]: INFO:root:Using GW info: {'default': {2: ('172.16.4.1', 'eth0')}, 2: [('172.16.4.1', 'eth0', True)]}
Mar 10 17:45:46 localhost mobilityd[965259]: INFO:root:GW-v6 probe: timer started
Mar 10 17:45:48 localhost dhclient[601]: DHCPREQUEST for 172.16.5.121 on eth1 to 172.16.5.2 port 67 (xid=0x4b4058b5)
Mar 10 17:45:49 localhost smsd[965347]: INFO:root:mme non_eps_service_config is not SMS_ORC8R, sleeping.
Mar 10 17:45:51 localhost sctpd[965526]: I0310 17:45:51.389161 965996 sctp_connection.cpp:167] HandleClientSock sd = 62
Mar 10 17:45:51 localhost sctpd[965526]: I0310 17:45:51.389257 965996 sctp_connection.cpp:185] SCTP_SHUTDOWN_EVENT received
Mar 10 17:45:51 localhost sctpd[965526]: I0310 17:45:51.389271 965996 sctp_connection.cpp:280] Sending close connection for assoc_id 3897
Mar 10 17:45:54 localhost smsd[965347]: INFO:root:mme non_eps_service_config is not SMS_ORC8R, sleeping.
Mar 10 17:45:56 localhost dnsmasq-dhcp[965430]: DHCPDISCOVER(eth1) fa:16:3e:2a:89:3f 
Mar 10 17:45:56 localhost dnsmasq-dhcp[965430]: DHCPOFFER(eth1) 172.16.7.251 fa:16:3e:2a:89:3f 
Mar 10 17:45:59 localhost smsd[965347]: INFO:root:mme non_eps_service_config is not SMS_ORC8R, sleeping.
Mar 10 17:46:00 localhost sctpd[965526]: I0310 17:46:00.341420 965996 sctp_connection.cpp:167] HandleClientSock sd = 63
Mar 10 17:46:00 localhost sctpd[965526]: I0310 17:46:00.341506 965996 sctp_connection.cpp:189] SCTP association change event received
Mar 10 17:46:00 localhost sctpd[965526]: I0310 17:46:00.342211 965996 sctp_connection.cpp:167] HandleClientSock sd = 63
Mar 10 17:46:00 localhost sctpd[965526]: I0310 17:46:00.342293 965996 sctp_connection.cpp:193] Unhandled notification type 32776
Mar 10 17:46:01 localhost sctpd[965526]: I0310 17:46:01.400776 965996 sctp_connection.cpp:167] HandleClientSock sd = 63
Mar 10 17:46:01 localhost sctpd[965526]: I0310 17:46:01.400893 965996 sctp_connection.cpp:220] [sd:63] msg of len 42 on 3898:0
Mar 10 17:46:01 localhost sctpd[965526]: I0310 17:46:01.403024 965531 sctpd_downlink_impl.cpp:76] SctpdDownlinkImpl::SendDl starting
Mar 10 17:46:01 localhost sctpd[965526]: I0310 17:46:01.403785 965996 sctp_connection.cpp:167] HandleClientSock sd = 63
Mar 10 17:46:01 localhost sctpd[965526]: I0310 17:46:01.403856 965996 sctp_connection.cpp:193] Unhandled notification type 32777
Mar 10 17:46:01 localhost sctpd[965526]: I0310 17:46:01.526185 965996 sctp_connection.cpp:167] HandleClientSock sd = 63
Mar 10 17:46:01 localhost sctpd[965526]: I0310 17:46:01.526324 965996 sctp_connection.cpp:220] [sd:63] msg of len 88 on 3898:1
Mar 10 17:46:01 localhost sctpd[965526]: I0310 17:46:01.542203 965993 sctpd_downlink_impl.cpp:76] SctpdDownlinkImpl::SendDl starting
Mar 10 17:46:01 localhost sctpd[965526]: I0310 17:46:01.644423 965996 sctp_connection.cpp:167] HandleClientSock sd = 63
Mar 10 17:46:01 localhost sctpd[965526]: I0310 17:46:01.644515 965996 sctp_connection.cpp:193] Unhandled notification type 32777
Mar 10 17:46:01 localhost sctpd[965526]: I0310 17:46:01.644533 965996 sctp_connection.cpp:167] HandleClientSock sd = 63
Mar 10 17:46:01 localhost sctpd[965526]: I0310 17:46:01.644555 965996 sctp_connection.cpp:220] [sd:63] msg of len 67 on 3898:1
Mar 10 17:46:01 localhost sctpd[965526]: I0310 17:46:01.649009 965993 sctpd_downlink_impl.cpp:76] SctpdDownlinkImpl::SendDl starting
Mar 10 17:46:01 localhost sctpd[965526]: I0310 17:46:01.763136 965996 sctp_connection.cpp:167] HandleClientSock sd = 63
Mar 10 17:46:01 localhost sctpd[965526]: I0310 17:46:01.763240 965996 sctp_connection.cpp:193] Unhandled notification type 32777
Mar 10 17:46:01 localhost sctpd[965526]: I0310 17:46:01.763259 965996 sctp_connection.cpp:167] HandleClientSock sd = 63
Mar 10 17:46:01 localhost sctpd[965526]: I0310 17:46:01.763281 965996 sctp_connection.cpp:220] [sd:63] msg of len 56 on 3898:1
Mar 10 17:46:01 localhost mme[965940]: [DEBUG] Sending S6A-UPDATE_LOCATION_REQUEST with IMSI: 222700000000001
Mar 10 17:46:01 localhost sctpd[965526]: I0310 17:46:01.768858 965993 sctpd_downlink_impl.cpp:76] SctpdDownlinkImpl::SendDl starting
Mar 10 17:46:01 localhost mme[965940]: [INFO] Received S6A-LOCATION-UPDATE_ANSWER for IMSI: 222700000000001; Status: ; StatusCode: 2001
Mar 10 17:46:01 localhost mme[965940]: [INFO] sent itti S6A-LOCATION-UPDATE_ANSWER for IMSI: 222700000000001
Mar 10 17:46:01 localhost sctpd[965526]: I0310 17:46:01.882483 965996 sctp_connection.cpp:167] HandleClientSock sd = 63
Mar 10 17:46:01 localhost sctpd[965526]: I0310 17:46:01.882578 965996 sctp_connection.cpp:193] Unhandled notification type 32777
Mar 10 17:46:01 localhost sctpd[965526]: I0310 17:46:01.882598 965996 sctp_connection.cpp:167] HandleClientSock sd = 63
Mar 10 17:46:01 localhost sctpd[965526]: I0310 17:46:01.882619 965996 sctp_connection.cpp:220] [sd:63] msg of len 22 on 3898:1
Mar 10 17:46:02 localhost sctpd[965526]: I0310 17:46:02.087304 965996 sctp_connection.cpp:167] HandleClientSock sd = 63
Mar 10 17:46:02 localhost sctpd[965526]: I0310 17:46:02.087424 965996 sctp_connection.cpp:220] [sd:63] msg of len 56 on 3898:1
Mar 10 17:46:03 localhost dhclient[601]: DHCPREQUEST for 172.16.5.121 on eth1 to 172.16.5.2 port 67 (xid=0x4b4058b5)
Mar 10 17:46:04 localhost sctpd[965526]: I0310 17:46:04.056077 965996 sctp_connection.cpp:167] HandleClientSock sd = 63
Mar 10 17:46:04 localhost sctpd[965526]: I0310 17:46:04.056192 965996 sctp_connection.cpp:220] [sd:63] msg of len 70 on 3898:1
Mar 10 17:46:04 localhost dnsmasq-dhcp[965430]: DHCPDISCOVER(eth1) fa:16:3e:2a:89:3f 
Mar 10 17:46:04 localhost dnsmasq-dhcp[965430]: DHCPOFFER(eth1) 172.16.7.251 fa:16:3e:2a:89:3f 
Mar 10 17:46:04 localhost sctpd[965526]: I0310 17:46:04.062296 965993 sctpd_downlink_impl.cpp:76] SctpdDownlinkImpl::SendDl starting
Mar 10 17:46:04 localhost sctpd[965526]: I0310 17:46:04.063050 965993 sctpd_downlink_impl.cpp:76] SctpdDownlinkImpl::SendDl starting
Mar 10 17:46:04 localhost sctpd[965526]: I0310 17:46:04.167344 965996 sctp_connection.cpp:167] HandleClientSock sd = 63
Mar 10 17:46:04 localhost sctpd[965526]: I0310 17:46:04.167462 965996 sctp_connection.cpp:220] [sd:63] msg of len 28 on 3898:1
Mar 10 17:46:04 localhost sctpd[965526]: I0310 17:46:04.274632 965996 sctp_connection.cpp:167] HandleClientSock sd = 63
Mar 10 17:46:04 localhost sctpd[965526]: I0310 17:46:04.274760 965996 sctp_connection.cpp:193] Unhandled notification type 32777
Mar 10 17:46:04 localhost sctpd[965526]: I0310 17:46:04.274785 965996 sctp_connection.cpp:167] HandleClientSock sd = 63
Mar 10 17:46:04 localhost sctpd[965526]: I0310 17:46:04.274806 965996 sctp_connection.cpp:220] [sd:63] msg of len 22 on 3898:1
Mar 10 17:46:04 localhost smsd[965347]: INFO:root:mme non_eps_service_config is not SMS_ORC8R, sleeping.
Mar 10 17:46:06 localhost mobilityd[965259]: INFO:root:Using GW info: {'default': {2: ('172.16.4.1', 'eth0')}, 2: [('172.16.4.1', 'eth0', True)]}
Mar 10 17:46:06 localhost mobilityd[965259]: INFO:root:GW-v6 probe: timer started
Mar 10 17:46:06 localhost sctpd[965526]: I0310 17:46:06.387277 965996 sctp_connection.cpp:167] HandleClientSock sd = 63
Mar 10 17:46:06 localhost sctpd[965526]: I0310 17:46:06.387396 965996 sctp_connection.cpp:220] [sd:63] msg of len 86 on 3898:1
Mar 10 17:46:06 localhost sctpd[965526]: I0310 17:46:06.391386 965993 sctpd_downlink_impl.cpp:76] SctpdDownlinkImpl::SendDl starting
Mar 10 17:46:06 localhost sctpd[965526]: I0310 17:46:06.500277 965996 sctp_connection.cpp:167] HandleClientSock sd = 63
Mar 10 17:46:06 localhost sctpd[965526]: I0310 17:46:06.500373 965996 sctp_connection.cpp:193] Unhandled notification type 32777
Mar 10 17:46:06 localhost sctpd[965526]: I0310 17:46:06.500391 965996 sctp_connection.cpp:167] HandleClientSock sd = 63
Mar 10 17:46:06 localhost sctpd[965526]: I0310 17:46:06.500414 965996 sctp_connection.cpp:220] [sd:63] msg of len 64 on 3898:1
Mar 10 17:46:06 localhost sctpd[965526]: I0310 17:46:06.516103 965531 sctpd_downlink_impl.cpp:76] SctpdDownlinkImpl::SendDl starting
Mar 10 17:46:06 localhost sctpd[965526]: I0310 17:46:06.612891 965996 sctp_connection.cpp:167] HandleClientSock sd = 63
Mar 10 17:46:06 localhost sctpd[965526]: I0310 17:46:06.612987 965996 sctp_connection.cpp:193] Unhandled notification type 32777
Mar 10 17:46:06 localhost sctpd[965526]: I0310 17:46:06.613004 965996 sctp_connection.cpp:167] HandleClientSock sd = 63
Mar 10 17:46:06 localhost sctpd[965526]: I0310 17:46:06.613026 965996 sctp_connection.cpp:220] [sd:63] msg of len 67 on 3898:1
Mar 10 17:46:06 localhost sctpd[965526]: I0310 17:46:06.616078 965531 sctpd_downlink_impl.cpp:76] SctpdDownlinkImpl::SendDl starting
Mar 10 17:46:06 localhost sctpd[965526]: I0310 17:46:06.731037 965996 sctp_connection.cpp:167] HandleClientSock sd = 63
Mar 10 17:46:06 localhost sctpd[965526]: I0310 17:46:06.731137 965996 sctp_connection.cpp:193] Unhandled notification type 32777
Mar 10 17:46:06 localhost sctpd[965526]: I0310 17:46:06.731155 965996 sctp_connection.cpp:167] HandleClientSock sd = 63
Mar 10 17:46:06 localhost sctpd[965526]: I0310 17:46:06.731177 965996 sctp_connection.cpp:220] [sd:63] msg of len 56 on 3898:1
Mar 10 17:46:06 localhost mme[965940]: [DEBUG] Sending S6A-UPDATE_LOCATION_REQUEST with IMSI: 222700000000001
Mar 10 17:46:06 localhost sctpd[965526]: I0310 17:46:06.734956 965531 sctpd_downlink_impl.cpp:76] SctpdDownlinkImpl::SendDl starting
Mar 10 17:46:06 localhost mme[965940]: [INFO] Received S6A-LOCATION-UPDATE_ANSWER for IMSI: 222700000000001; Status: ; StatusCode: 2001
Mar 10 17:46:06 localhost mme[965940]: [INFO] sent itti S6A-LOCATION-UPDATE_ANSWER for IMSI: 222700000000001
Mar 10 17:46:06 localhost sctpd[965526]: I0310 17:46:06.851801 965996 sctp_connection.cpp:167] HandleClientSock sd = 63
