Apr 15 16:57:53 localhost sessiond[1080406]: I0415 16:57:53.024197 1080406 SetMessageManagerHandler.cpp:142] Release request for session from IMSI: IMSI222700000000001 pdu_id 1
Apr 15 16:57:53 localhost mobilityd[1080398]: INFO:root:Released IP 192.168.128.160 for sid IMSI222700000000001
Apr 15 16:57:53 localhost sctpd[1080680]: I0415 16:57:53.280262 1081128 sctp_connection.cpp:195] Unhandled notification type 32777
Apr 15 16:57:54 localhost smsd[1080506]: INFO:root:mme non_eps_service_config is not SMS_ORC8R, sleeping.
Apr 15 16:57:55 localhost dhclient[601]: DHCPREQUEST for 172.16.5.121 on eth1 to 172.16.5.2 port 67 (xid=0x1858e024)
Apr 15 16:57:58 localhost policydb[1080479]: INFO:root:Terminating session: IMSI222700000000001-13184
Apr 15 16:57:58 localhost eventd[1080489]: DEBUG:root:Logging event: stream_name: "sessiond"
Apr 15 16:57:58 localhost eventd[1080489]: event_type: "session_terminated"
Apr 15 16:57:58 localhost eventd[1080489]: tag: "IMSI222700000000001"
Apr 15 16:57:58 localhost eventd[1080489]: value: "{\"mac_addr\":\"\",\"user_location\":\"\",\"spgw_ip\":\"\",\"imei\":\"\",\"record_sequence_number\":1,\"pdp_end_time\":33,\"charging_rx\":0,\"duration\":33,\"ip_addr\":\"192.168.128.160\",\"monitoring_tx\":0,\"ipv6_addr\":\"\",\"msisdn\":\"\",\"apn\":\"default\",\"session_id\":\"IMSI222700000000001-13184\",\"list_of_service_data\":[],\"charging_characteristics\":\"\",\"total_tx\":0,\"cause_for_rec_closing\":0,\"imsi\":\"IMSI222700000000001\",\"total_rx\":0,\"monitoring_rx\":0,\"charging_tx\":0,\"pdp_start_time\":0}"
Apr 15 16:57:58 localhost eventd[1080489]: ERROR:root:Connection to FluentBit failed: [Errno 111] Connection refused
Apr 15 16:57:58 localhost eventd[1080489]: INFO:root:FluentBit (td-agent-bit) may not be enabled or configured correctly
Apr 15 16:57:58 localhost sessiond[1080406]: I0415 16:57:58.037295 1080421 SessionEvents.cpp:291] Could not log session_terminated event {"mac_addr":"","user_location":"","spgw_ip":"","imei":"","record_sequence_number":1,"pdp_end_time":33,"charging_rx":0,"duration":33,"ip_addr":"192.168.128.160","monitoring_tx":0,"ipv6_addr":"","msisdn":"","apn":"default","session_id":"IMSI222700000000001-13184","list_of_service_data":[],"charging_characteristics":"","total_tx":0,"cause_for_rec_closing":0,"imsi":"IMSI222700000000001","total_rx":0,"monitoring_rx":0,"charging_tx":0,"pdp_start_time":0}, Error Message: Could not connect to FluentBit locally, Details: [Errno 111] Connection refused
Apr 15 16:57:59 localhost smsd[1080506]: INFO:root:mme non_eps_service_config is not SMS_ORC8R, sleeping.
Apr 15 16:58:03 localhost dhclient[601]: DHCPREQUEST for 172.16.5.121 on eth1 to 172.16.5.2 port 67 (xid=0x1858e024)
Apr 15 16:58:04 localhost smsd[1080506]: INFO:root:mme non_eps_service_config is not SMS_ORC8R, sleeping.
Apr 15 16:58:05 localhost mobilityd[1080398]: INFO:root:Using GW info: {'default': {2: ('172.16.4.1', 'eth0')}, 2: [('172.16.4.1', 'eth0', True)]}
Apr 15 16:58:05 localhost mobilityd[1080398]: INFO:root:GW-v6 probe: timer started
Apr 15 16:58:05 localhost control_proxy[1080568]: 2022-04-15T16:58:05.396Z [127.0.0.1 -> streamer-controller.magmasi.wavelabs.in,8443] "POST /magma.orc8r.Streamer/GetUpdates HTTP/2" 200 173bytes 0.530s
Apr 15 16:58:05 localhost policydb[1080479]: INFO:root:Processing 4 policy updates (resync=True)
Apr 15 16:58:06 localhost control_proxy[1080568]: 2022-04-15T16:58:05.396Z [127.0.0.1 -> streamer-controller.magmasi.wavelabs.in,8443] "POST /magma.orc8r.Streamer/GetUpdates HTTP/2" 200 7bytes 0.274s
Apr 15 16:58:06 localhost policydb[1080479]: INFO:root:Processing 0 basename -> policy updates
Apr 15 16:58:06 localhost control_proxy[1080568]: 2022-04-15T16:58:06.205Z [127.0.0.1 -> streamer-controller.magmasi.wavelabs.in,8443] "POST /magma.orc8r.Streamer/GetUpdates HTTP/2" 200 13513bytes 0.323s
Apr 15 16:58:06 localhost policydb[1080479]: INFO:root:Processing 222 SID -> apn -> policy updates
Apr 15 16:58:06 localhost control_proxy[1080568]: 2022-04-15T16:58:06.205Z [127.0.0.1 -> streamer-controller.magmasi.wavelabs.in,8443] "POST /magma.orc8r.Streamer/GetUpdates HTTP/2" 200 7bytes 0.266s
Apr 15 16:58:06 localhost policydb[1080479]: INFO:root:Processing 0 rating group updates
Apr 15 16:58:09 localhost smsd[1080506]: INFO:root:mme non_eps_service_config is not SMS_ORC8R, sleeping.
Apr 15 16:58:10 localhost sctpd[1080680]: I0415 16:58:10.244251 1081128 sctp_connection.cpp:195] Unhandled notification type 32776
Apr 15 16:58:11 localhost sctpd[1080680]: I0415 16:58:11.303678 1081128 sctp_connection.cpp:195] Unhandled notification type 32777
Apr 15 16:58:11 localhost sctpd[1080680]: I0415 16:58:11.539345 1081128 sctp_connection.cpp:195] Unhandled notification type 32777
Apr 15 16:58:11 localhost sctpd[1080680]: I0415 16:58:11.653576 1081128 sctp_connection.cpp:195] Unhandled notification type 32777
Apr 15 16:58:11 localhost sctpd[1080680]: I0415 16:58:11.770520 1081128 sctp_connection.cpp:195] Unhandled notification type 32777
Apr 15 16:58:11 localhost mme[1081088]: [DEBUG] Sending S6A-UPDATE_LOCATION_REQUEST with IMSI: 222700000000001
Apr 15 16:58:11 localhost mme[1081088]: [INFO] Received S6A-LOCATION-UPDATE_ANSWER for IMSI: 222700000000001; Status: ; StatusCode: 2001
Apr 15 16:58:11 localhost mme[1081088]: [INFO] sent itti S6A-LOCATION-UPDATE_ANSWER for IMSI: 222700000000001
Apr 15 16:58:11 localhost sctpd[1080680]: I0415 16:58:11.885146 1081128 sctp_connection.cpp:195] Unhandled notification type 32777
Apr 15 16:58:12 localhost mobilityd[1080398]: INFO:root:Allocated IP 192.168.128.161 for sid IMSI222700000000001 for apn default
Apr 15 16:58:12 localhost policydb[1080479]: INFO:root:Creating a session for subscriber ID: IMSI222700000000001
Apr 15 16:58:12 localhost sessiond[1080406]: I0415 16:58:12.116338 1080406 SetMessageManagerHandler.cpp:342] Processing a CreateSessionResponse for IMSI222700000000001-896394
Apr 15 16:58:12 localhost sessiond[1080406]: I0415 16:58:12.117273 1080406 SessionState.cpp:2774] RuleID allowlist_sid-IMSI222700000000001-default doesn't have a version registered for IMSI222700000000001-896394, this is unexpected
Apr 15 16:58:12 localhost mme[1081088]: PDUSessionResourceSetupRequestTransfer ::= {
Apr 15 16:58:12 localhost mme[1081088]:     protocolIEs: ProtocolIE-Container ::= {
Apr 15 16:58:12 localhost mme[1081088]:         PDUSessionResourceSetupRequestTransferIEs ::= {
Apr 15 16:58:12 localhost mme[1081088]:             id: 130
Apr 15 16:58:12 localhost mme[1081088]:             criticality: 0 (reject)
Apr 15 16:58:12 localhost mme[1081088]:             value: PDUSessionAggregateMaximumBitRate ::= {
Apr 15 16:58:12 localhost mme[1081088]:                 pDUSessionAggregateMaximumBitRateDL: 100000000
Apr 15 16:58:12 localhost mme[1081088]:                 pDUSessionAggregateMaximumBitRateUL: 100000000
Apr 15 16:58:12 localhost mme[1081088]:             }
Apr 15 16:58:12 localhost mme[1081088]:         }
Apr 15 16:58:12 localhost mme[1081088]:         PDUSessionResourceSetupRequestTransferIEs ::= {
Apr 15 16:58:12 localhost mme[1081088]:             id: 139
Apr 15 16:58:12 localhost mme[1081088]:             criticality: 0 (reject)
Apr 15 16:58:12 localhost mme[1081088]:             value: GTPTunnel ::= {
Apr 15 16:58:12 localhost mme[1081088]:                 transportLayerAddress: AC 10 05 79
Apr 15 16:58:12 localhost mme[1081088]:                 gTP-TEID: 80 00 00 03
Apr 15 16:58:12 localhost mme[1081088]:             }
Apr 15 16:58:12 localhost mme[1081088]:         }
Apr 15 16:58:12 localhost mme[1081088]:         PDUSessionResourceSetupRequestTransferIEs ::= {
Apr 15 16:58:12 localhost mme[1081088]:             id: 134
Apr 15 16:58:12 localhost mme[1081088]:             criticality: 0 (reject)
Apr 15 16:58:12 localhost mme[1081088]:             value: 0 (ipv4)
Apr 15 16:58:12 localhost mme[1081088]:         }
Apr 15 16:58:12 localhost mme[1081088]:         PDUSessionResourceSetupRequestTransferIEs ::= {
Apr 15 16:58:12 localhost mme[1081088]:             id: 136
Apr 15 16:58:12 localhost mme[1081088]:             criticality: 0 (reject)
Apr 15 16:58:12 localhost mme[1081088]:             value: QosFlowSetupRequestList ::= {
Apr 15 16:58:12 localhost mme[1081088]:                 QosFlowSetupRequestItem ::= {
Apr 15 16:58:12 localhost mme[1081088]:                     qosFlowIdentifier: 9
Apr 15 16:58:12 localhost mme[1081088]:                     qosFlowLevelQosParameters: QosFlowLevelQosParameters ::= {
Apr 15 16:58:12 localhost mme[1081088]:                         qosCharacteristics: NonDynamic5QIDescriptor ::= {
Apr 15 16:58:12 localhost mme[1081088]:                             fiveQI: 9
Apr 15 16:58:12 localhost mme[1081088]:                         }
Apr 15 16:58:12 localhost mme[1081088]:                         allocationAndRetentionPriority: AllocationAndRetentionPriority ::= {
Apr 15 16:58:12 localhost mme[1081088]:                             priorityLevelARP: 15
Apr 15 16:58:12 localhost mme[1081088]:                             pre-emptionCapability: 0 (shall-not-trigger-pre-emption)
Apr 15 16:58:12 localhost mme[1081088]:                             pre-emptionVulnerability: 0 (not-pre-emptable)
Apr 15 16:58:12 localhost mme[1081088]:                         }
Apr 15 16:58:12 localhost mme[1081088]:                     }
Apr 15 16:58:12 localhost mme[1081088]:                 }
Apr 15 16:58:12 localhost mme[1081088]:             }
Apr 15 16:58:12 localhost mme[1081088]:         }
Apr 15 16:58:12 localhost mme[1081088]:     }
Apr 15 16:58:12 localhost mme[1081088]: }
Apr 15 16:58:12 localhost sctpd[1080680]: I0415 16:58:12.182446 1081128 sctp_connection.cpp:195] Unhandled notification type 32777
Apr 15 16:58:12 localhost sessiond[1080406]: I0415 16:58:12.184855 1080406 SessionStateEnforcer.cpp:869]  AMF teid: 40000000 ip address 0.0.0.0 of imsi: IMSI222700000000001 fteid: 2147483651 pdu id: 1 UE ip address 192.168.128.161
Apr 15 16:58:12 localhost eventd[1080489]: DEBUG:root:Logging event: stream_name: "sessiond"
Apr 15 16:58:12 localhost eventd[1080489]: event_type: "session_created"
Apr 15 16:58:12 localhost eventd[1080489]: tag: "IMSI222700000000001"
Apr 15 16:58:12 localhost eventd[1080489]: value: "{\"mac_addr\":\"\",\"user_location\":\"\",\"spgw_ip\":\"\",\"imei\":\"\",\"pdp_start_time\":0,\"session_id\":\"IMSI222700000000001-896394\",\"apn\":\"default\",\"msisdn\":\"\",\"charging_characteristics\":\"\",\"ipv6_addr\":\"\",\"ip_addr\":\"192.168.128.161\",\"imsi\":\"IMSI222700000000001\"}"
Apr 15 16:58:12 localhost eventd[1080489]: ERROR:root:Connection to FluentBit failed: [Errno 111] Connection refused
Apr 15 16:58:12 localhost eventd[1080489]: INFO:root:FluentBit (td-agent-bit) may not be enabled or configured correctly
Apr 15 16:58:12 localhost sessiond[1080406]: I0415 16:58:12.189937 1080421 SessionEvents.cpp:131] Could not log session_created event {"mac_addr":"","user_location":"","spgw_ip":"","imei":"","pdp_start_time":0,"session_id":"IMSI222700000000001-896394","apn":"default","msisdn":"","charging_characteristics":"","ipv6_addr":"","ip_addr":"192.168.128.161","imsi":"IMSI222700000000001"}, Error Message: Could not connect to FluentBit locally, Details: [Errno 111] Connection refused
Apr 15 16:58:13 localhost sessiond[1080406]: I0415 16:58:13.365051 1080406 SetMessageManagerHandler.cpp:142] Release request for session from IMSI: IMSI222700000000001 pdu_id 1
Apr 15 16:58:13 localhost mobilityd[1080398]: INFO:root:Released IP 192.168.128.161 for sid IMSI222700000000001
Apr 15 16:58:13 localhost policydb[1080479]: INFO:root:Terminating session: IMSI222700000000001-896394
Apr 15 16:58:13 localhost eventd[1080489]: DEBUG:root:Logging event: stream_name: "sessiond"
Apr 15 16:58:13 localhost eventd[1080489]: event_type: "session_terminated"
Apr 15 16:58:13 localhost eventd[1080489]: tag: "IMSI222700000000001"
Apr 15 16:58:13 localhost eventd[1080489]: value: "{\"mac_addr\":\"\",\"user_location\":\"\",\"spgw_ip\":\"\",\"imei\":\"\",\"record_sequence_number\":1,\"pdp_end_time\":33,\"charging_rx\":0,\"duration\":33,\"ip_addr\":\"192.168.128.161\",\"monitoring_tx\":0,\"ipv6_addr\":\"\",\"msisdn\":\"\",\"apn\":\"default\",\"session_id\":\"IMSI222700000000001-896394\",\"list_of_service_data\":[],\"charging_characteristics\":\"\",\"total_tx\":0,\"cause_for_rec_closing\":0,\"imsi\":\"IMSI222700000000001\",\"total_rx\":0,\"monitoring_rx\":0,\"charging_tx\":0,\"pdp_start_time\":0}"
Apr 15 16:58:13 localhost eventd[1080489]: ERROR:root:Connection to FluentBit failed: [Errno 111] Connection refused
Apr 15 16:58:13 localhost eventd[1080489]: INFO:root:FluentBit (td-agent-bit) may not be enabled or configured correctly
Apr 15 16:58:13 localhost sessiond[1080406]: I0415 16:58:13.387428 1080421 SessionEvents.cpp:291] Could not log session_terminated event {"mac_addr":"","user_location":"","spgw_ip":"","imei":"","record_sequence_number":1,"pdp_end_time":33,"charging_rx":0,"duration":33,"ip_addr":"192.168.128.161","monitoring_tx":0,"ipv6_addr":"","msisdn":"","apn":"default","session_id":"IMSI222700000000001-896394","list_of_service_data":[],"charging_characteristics":"","total_tx":0,"cause_for_rec_closing":0,"imsi":"IMSI222700000000001","total_rx":0,"monitoring_rx":0,"charging_tx":0,"pdp_start_time":0}, Error Message: Could not connect to FluentBit locally, Details: [Errno 111] Connection refused
Apr 15 16:58:13 localhost sctpd[1080680]: I0415 16:58:13.621747 1081128 sctp_connection.cpp:195] Unhandled notification type 32777
Apr 15 16:58:14 localhost smsd[1080506]: INFO:root:mme non_eps_service_config is not SMS_ORC8R, sleeping.
Apr 15 16:58:14 localhost dhclient[601]: DHCPREQUEST for 172.16.5.121 on eth1 to 172.16.5.2 port 67 (xid=0x1858e024)
Apr 15 16:58:18 localhost sessiond[1080406]: I0415 16:58:18.367136 1080406 SessionStateEnforcer.cpp:377] Nothing to remove as no respective entry found for session id IMSI222700000000001-896394 of IMSI IMSI222700000000001
Apr 15 16:58:19 localhost magmad[1080329]: INFO:root:Setting logging level to INFO
Apr 15 16:58:19 localhost smsd[1080506]: INFO:root:mme non_eps_service_config is not SMS_ORC8R, sleeping.
Apr 15 16:58:24 localhost smsd[1080506]: INFO:root:mme non_eps_service_config is not SMS_ORC8R, sleeping.
Apr 15 16:58:25 localhost mobilityd[1080398]: INFO:root:Using GW info: {'default': {2: ('172.16.4.1', 'eth0')}, 2: [('172.16.4.1', 'eth0', True)]}
Apr 15 16:58:25 localhost mobilityd[1080398]: INFO:root:GW-v6 probe: timer started
Apr 15 16:58:29 localhost smsd[1080506]: INFO:root:mme non_eps_service_config is not SMS_ORC8R, sleeping.
Apr 15 16:58:30 localhost sctpd[1080680]: I0415 16:58:30.483975 1081128 sctp_connection.cpp:195] Unhandled notification type 32776
Apr 15 16:58:30 localhost sctpd[1080680]: I0415 16:58:30.620729 1081128 sctp_connection.cpp:195] Unhandled notification type 32776
Apr 15 16:58:31 localhost sctpd[1080680]: I0415 16:58:31.681005 1081128 sctp_connection.cpp:195] Unhandled notification type 32777
Apr 15 16:58:31 localhost sctpd[1080680]: I0415 16:58:31.788411 1081128 sctp_connection.cpp:195] Unhandled notification type 32777
Apr 15 16:58:32 localhost sctpd[1080680]: I0415 16:58:32.007441 1081128 sctp_connection.cpp:195] Unhandled notification type 32777
Apr 15 16:58:32 localhost sctpd[1080680]: I0415 16:58:32.119400 1081128 sctp_connection.cpp:195] Unhandled notification type 32777
Apr 15 16:58:32 localhost mme[1081088]: [DEBUG] Sending S6A-UPDATE_LOCATION_REQUEST with IMSI: 222700000000001
Apr 15 16:58:32 localhost mme[1081088]: [INFO] Received S6A-LOCATION-UPDATE_ANSWER for IMSI: 222700000000001; Status: ; StatusCode: 2001
Apr 15 16:58:32 localhost mme[1081088]: [INFO] sent itti S6A-LOCATION-UPDATE_ANSWER for IMSI: 222700000000001
Apr 15 16:58:32 localhost sctpd[1080680]: I0415 16:58:32.231551 1081128 sctp_connection.cpp:195] Unhandled notification type 32777
Apr 15 16:58:33 localhost dhclient[601]: DHCPREQUEST for 172.16.5.121 on eth1 to 172.16.5.2 port 67 (xid=0x1858e024)
Apr 15 16:58:34 localhost mobilityd[1080398]: INFO:root:Allocated IP 192.168.128.165 for sid IMSI222700000000001 for apn default
Apr 15 16:58:34 localhost policydb[1080479]: INFO:root:Creating a session for subscriber ID: IMSI222700000000001
Apr 15 16:58:34 localhost sessiond[1080406]: I0415 16:58:34.482933 1080406 SetMessageManagerHandler.cpp:342] Processing a CreateSessionResponse for IMSI222700000000001-680297
Apr 15 16:58:34 localhost sessiond[1080406]: I0415 16:58:34.483083 1080406 SessionState.cpp:2774] RuleID allowlist_sid-IMSI222700000000001-default doesn't have a version registered for IMSI222700000000001-680297, this is unexpected
Apr 15 16:58:34 localhost mme[1081088]: PDUSessionResourceSetupRequestTransfer ::= {
Apr 15 16:58:34 localhost mme[1081088]:     protocolIEs: ProtocolIE-Container ::= {
Apr 15 16:58:34 localhost mme[1081088]:         PDUSessionResourceSetupRequestTransferIEs ::= {
Apr 15 16:58:34 localhost mme[1081088]:             id: 130
Apr 15 16:58:34 localhost mme[1081088]:             criticality: 0 (reject)
Apr 15 16:58:34 localhost mme[1081088]:             value: PDUSessionAggregateMaximumBitRate ::= {
Apr 15 16:58:34 localhost mme[1081088]:                 pDUSessionAggregateMaximumBitRateDL: 100000000
Apr 15 16:58:34 localhost mme[1081088]:                 pDUSessionAggregateMaximumBitRateUL: 100000000
Apr 15 16:58:34 localhost mme[1081088]:             }
Apr 15 16:58:34 localhost mme[1081088]:         }
Apr 15 16:58:34 localhost mme[1081088]:         PDUSessionResourceSetupRequestTransferIEs ::= {
Apr 15 16:58:34 localhost mme[1081088]:             id: 139
Apr 15 16:58:34 localhost mme[1081088]:             criticality: 0 (reject)
Apr 15 16:58:34 localhost mme[1081088]:             value: GTPTunnel ::= {
Apr 15 16:58:34 localhost mme[1081088]:                 transportLayerAddress: AC 10 05 79
Apr 15 16:58:34 localhost mme[1081088]:                 gTP-TEID: 80 00 00 04
Apr 15 16:58:34 localhost mme[1081088]:             }
Apr 15 16:58:34 localhost mme[1081088]:         }
Apr 15 16:58:34 localhost mme[1081088]:         PDUSessionResourceSetupRequestTransferIEs ::= {
Apr 15 16:58:34 localhost mme[1081088]:             id: 134
Apr 15 16:58:34 localhost mme[1081088]:             criticality: 0 (reject)
Apr 15 16:58:34 localhost mme[1081088]:             value: 0 (ipv4)
Apr 15 16:58:34 localhost mme[1081088]:         }
Apr 15 16:58:34 localhost mme[1081088]:         PDUSessionResourceSetupRequestTransferIEs ::= {
Apr 15 16:58:34 localhost mme[1081088]:             id: 136
Apr 15 16:58:34 localhost mme[1081088]:             criticality: 0 (reject)
Apr 15 16:58:34 localhost mme[1081088]:             value: QosFlowSetupRequestList ::= {
Apr 15 16:58:34 localhost mme[1081088]:                 QosFlowSetupRequestItem ::= {
Apr 15 16:58:34 localhost mme[1081088]:                     qosFlowIdentifier: 9
Apr 15 16:58:34 localhost mme[1081088]:                     qosFlowLevelQosParameters: QosFlowLevelQosParameters ::= {
Apr 15 16:58:34 localhost mme[1081088]:                         qosCharacteristics: NonDynamic5QIDescriptor ::= {
Apr 15 16:58:34 localhost mme[1081088]:                             fiveQI: 9
Apr 15 16:58:34 localhost mme[1081088]:                         }
Apr 15 16:58:34 localhost mme[1081088]:                         allocationAndRetentionPriority: AllocationAndRetentionPriority ::= {
Apr 15 16:58:34 localhost mme[1081088]:                             priorityLevelARP: 15
Apr 15 16:58:34 localhost mme[1081088]:                             pre-emptionCapability: 0 (shall-not-trigger-pre-emption)
Apr 15 16:58:34 localhost mme[1081088]:                             pre-emptionVulnerability: 0 (not-pre-emptable)
Apr 15 16:58:34 localhost mme[1081088]:                         }
Apr 15 16:58:34 localhost mme[1081088]:                     }
Apr 15 16:58:34 localhost mme[1081088]:                 }
Apr 15 16:58:34 localhost mme[1081088]:             }
Apr 15 16:58:34 localhost mme[1081088]:         }
Apr 15 16:58:34 localhost mme[1081088]:     }
Apr 15 16:58:34 localhost mme[1081088]: }
Apr 15 16:58:34 localhost sctpd[1080680]: I0415 16:58:34.571511 1081128 sctp_connection.cpp:195] Unhandled notification type 32777
Apr 15 16:58:34 localhost sessiond[1080406]: I0415 16:58:34.574470 1080406 SessionStateEnforcer.cpp:869]  AMF teid: 40000000 ip address 10.10.10.11 of imsi: IMSI222700000000001 fteid: 2147483652 pdu id: 1 UE ip address 192.168.128.165
Apr 15 16:58:34 localhost eventd[1080489]: DEBUG:root:Logging event: stream_name: "sessiond"
Apr 15 16:58:34 localhost eventd[1080489]: event_type: "session_created"
Apr 15 16:58:34 localhost eventd[1080489]: tag: "IMSI222700000000001"
Apr 15 16:58:34 localhost eventd[1080489]: value: "{\"mac_addr\":\"\",\"user_location\":\"\",\"spgw_ip\":\"\",\"imei\":\"\",\"pdp_start_time\":0,\"session_id\":\"IMSI222700000000001-680297\",\"apn\":\"default\",\"msisdn\":\"\",\"charging_characteristics\":\"\",\"ipv6_addr\":\"\",\"ip_addr\":\"192.168.128.165\",\"imsi\":\"IMSI222700000000001\"}"
Apr 15 16:58:34 localhost eventd[1080489]: ERROR:root:Connection to FluentBit failed: [Errno 111] Connection refused
Apr 15 16:58:34 localhost eventd[1080489]: INFO:root:FluentBit (td-agent-bit) may not be enabled or configured correctly
Apr 15 16:58:34 localhost sessiond[1080406]: I0415 16:58:34.579596 1080421 SessionEvents.cpp:131] Could not log session_created event {"mac_addr":"","user_location":"","spgw_ip":"","imei":"","pdp_start_time":0,"session_id":"IMSI222700000000001-680297","apn":"default","msisdn":"","charging_characteristics":"","ipv6_addr":"","ip_addr":"192.168.128.165","imsi":"IMSI222700000000001"}, Error Message: Could not connect to FluentBit locally, Details: [Errno 111] Connection refused
Apr 15 16:58:34 localhost smsd[1080506]: INFO:root:mme non_eps_service_config is not SMS_ORC8R, sleeping.
Apr 15 16:58:36 localhost mme[1081088]: InitiatingMessage ::= {
Apr 15 16:58:36 localhost mme[1081088]:     procedureCode: 28
Apr 15 16:58:36 localhost mme[1081088]:     criticality: 1 (ignore)
Apr 15 16:58:36 localhost mme[1081088]:     value: PDUSessionResourceReleaseCommand ::= {
Apr 15 16:58:36 localhost mme[1081088]:         protocolIEs: ProtocolIE-Container ::= {
Apr 15 16:58:36 localhost mme[1081088]:             PDUSessionResourceReleaseCommandIEs ::= {
Apr 15 16:58:36 localhost mme[1081088]:                 id: 10
Apr 15 16:58:36 localhost mme[1081088]:                 criticality: 0 (reject)
Apr 15 16:58:36 localhost mme[1081088]:                 value: 45
Apr 15 16:58:36 localhost mme[1081088]:             }
Apr 15 16:58:36 localhost mme[1081088]:             PDUSessionResourceReleaseCommandIEs ::= {
Apr 15 16:58:36 localhost mme[1081088]:                 id: 85
Apr 15 16:58:36 localhost mme[1081088]:                 criticality: 0 (reject)
Apr 15 16:58:36 localhost mme[1081088]:                 value: 4294967295
Apr 15 16:58:36 localhost mme[1081088]:             }
Apr 15 16:58:36 localhost mme[1081088]:             PDUSessionResourceReleaseCommandIEs ::= {
Apr 15 16:58:36 localhost mme[1081088]:                 id: 38
Apr 15 16:58:36 localhost mme[1081088]:                 criticality: 0 (reject)
Apr 15 16:58:36 localhost mme[1081088]:                 value:
Apr 15 16:58:36 localhost mme[1081088]:                     7E 01 9D 1F BE 80 03 7E 00 68 01 00 05 2E 01 01
Apr 15 16:58:36 localhost mme[1081088]:                     D3 24 12 01
Apr 15 16:58:36 localhost mme[1081088]:             }
Apr 15 16:58:36 localhost mme[1081088]:             PDUSessionResourceReleaseCommandIEs ::= {
Apr 15 16:58:36 localhost mme[1081088]:                 id: 79
Apr 15 16:58:36 localhost mme[1081088]:                 criticality: 0 (reject)
Apr 15 16:58:36 localhost mme[1081088]:                 value: PDUSessionResourceToReleaseListRelCmd ::= {
Apr 15 16:58:36 localhost mme[1081088]:                 }
Apr 15 16:58:36 localhost mme[1081088]:             }
Apr 15 16:58:36 localhost mme[1081088]:         }
Apr 15 16:58:36 localhost mme[1081088]:     }
Apr 15 16:58:36 localhost mme[1081088]: }
Apr 15 16:58:36 localhost sctpd[1080680]: I0415 16:58:36.836822 1081128 sctp_connection.cpp:195] Unhandled notification type 32777
Apr 15 16:58:37 localhost sessiond[1080406]: I0415 16:58:37.046451 1080406 SetMessageManagerHandler.cpp:142] Release request for session from IMSI: IMSI222700000000001 pdu_id 1
Apr 15 16:58:37 localhost mobilityd[1080398]: INFO:root:Released IP 192.168.128.165 for sid IMSI222700000000001
Apr 15 16:58:37 localhost policydb[1080479]: INFO:root:Terminating session: IMSI222700000000001-680297
Apr 15 16:58:37 localhost eventd[1080489]: DEBUG:root:Logging event: stream_name: "sessiond"
Apr 15 16:58:37 localhost eventd[1080489]: event_type: "session_terminated"
Apr 15 16:58:37 localhost eventd[1080489]: tag: "IMSI222700000000001"
Apr 15 16:58:37 localhost eventd[1080489]: value: "{\"mac_addr\":\"\",\"user_location\":\"\",\"spgw_ip\":\"\",\"imei\":\"\",\"record_sequence_number\":1,\"pdp_end_time\":33,\"charging_rx\":0,\"duration\":33,\"ip_addr\":\"192.168.128.165\",\"monitoring_tx\":0,\"ipv6_addr\":\"\",\"msisdn\":\"\",\"apn\":\"default\",\"session_id\":\"IMSI222700000000001-680297\",\"list_of_service_data\":[],\"charging_characteristics\":\"\",\"total_tx\":0,\"cause_for_rec_closing\":0,\"imsi\":\"IMSI222700000000001\",\"total_rx\":0,\"monitoring_rx\":0,\"charging_tx\":0,\"pdp_start_time\":0}"
Apr 15 16:58:37 localhost eventd[1080489]: ERROR:root:Connection to FluentBit failed: [Errno 111] Connection refused
Apr 15 16:58:37 localhost eventd[1080489]: INFO:root:FluentBit (td-agent-bit) may not be enabled or configured correctly
Apr 15 16:58:37 localhost sessiond[1080406]: I0415 16:58:37.074507 1080421 SessionEvents.cpp:291] Could not log session_terminated event {"mac_addr":"","user_location":"","spgw_ip":"","imei":"","record_sequence_number":1,"pdp_end_time":33,"charging_rx":0,"duration":33,"ip_addr":"192.168.128.165","monitoring_tx":0,"ipv6_addr":"","msisdn":"","apn":"default","session_id":"IMSI222700000000001-680297","list_of_service_data":[],"charging_characteristics":"","total_tx":0,"cause_for_rec_closing":0,"imsi":"IMSI222700000000001","total_rx":0,"monitoring_rx":0,"charging_tx":0,"pdp_start_time":0}, Error Message: Could not connect to FluentBit locally, Details: [Errno 111] Connection refused
Apr 15 16:58:37 localhost sctpd[1080680]: I0415 16:58:37.226112 1081128 sctp_connection.cpp:195] Unhandled notification type 32777
Apr 15 16:58:38 localhost control_proxy[1080568]: 2022-04-15T16:58:38.074Z [127.0.0.1 -> state-controller.magmasi.wavelabs.in,8443] "POST /magma.orc8r.StateService/ReportStates HTTP/2" 200 5bytes 0.615s
Apr 15 16:58:38 localhost magmad[1080329]: INFO:root:Checkin Successful! Successfully sent states to the cloud!
Apr 15 16:58:39 localhost smsd[1080506]: INFO:root:mme non_eps_service_config is not SMS_ORC8R, sleeping.
Apr 15 16:58:40 localhost dhclient[601]: DHCPREQUEST for 172.16.5.121 on eth1 to 172.16.5.2 port 67 (xid=0x1858e024)
Apr 15 16:58:42 localhost sessiond[1080406]: I0415 16:58:42.048286 1080406 SessionStateEnforcer.cpp:377] Nothing to remove as no respective entry found for session id IMSI222700000000001-680297 of IMSI IMSI222700000000001
Apr 15 16:58:44 localhost smsd[1080506]: INFO:root:mme non_eps_service_config is not SMS_ORC8R, sleeping.
Apr 15 16:58:45 localhost mobilityd[1080398]: INFO:root:Using GW info: {'default': {2: ('172.16.4.1', 'eth0')}, 2: [('172.16.4.1', 'eth0', True)]}
Apr 15 16:58:45 localhost mobilityd[1080398]: INFO:root:GW-v6 probe: timer started
Apr 15 16:58:45 localhost control_proxy[1080568]: 2022-04-15T16:58:45.443Z [127.0.0.1 -> state-controller.magmasi.wavelabs.in,8443] "POST /magma.orc8r.StateService/ReportStates HTTP/2" 200 5bytes 0.264s
Apr 15 16:58:47 localhost magmad[1080329]: INFO:root:[SyncRPC] Got heartBeat from cloud
Apr 15 16:58:50 localhost smsd[1080506]: INFO:root:mme non_eps_service_config is not SMS_ORC8R, sleeping.
Apr 15 16:58:51 localhost subscriberdb[1080397]: INFO:root:get digest stored in gateway:
Apr 15 16:58:52 localhost control_proxy[1080568]: 2022-04-15T16:58:51.815Z [127.0.0.1 -> subscriberdb-controller.magmasi.wavelabs.in,8443] "POST /magma.lte.SubscriberDBCloud/CheckInSync HTTP/2" 200 0bytes 0.247s
Apr 15 16:58:52 localhost subscriberdb[1080397]: ERROR:root:Internal Error in subscriberdb-Orc8r communication. If AGW and Orc8r are deployed at a commit hash, upgrade AGW and Orc8r to latest commit hash.
Apr 15 16:58:52 localhost dhclient[601]: DHCPREQUEST for 172.16.5.121 on eth1 to 172.16.5.2 port 67 (xid=0x1858e024)
Apr 15 16:58:52 localhost control_proxy[1080568]: 2022-04-15T16:58:52.067Z [127.0.0.1 -> subscriberdb-controller.magmasi.wavelabs.in,8443] "POST /magma.lte.SubscriberDBCloud/Sync HTTP/2" 200 0bytes 0.249s
Apr 15 16:58:52 localhost subscriberdb[1080397]: ERROR:root:Internal Error in subscriberdb-Orc8r communication. If AGW and Orc8r are deployed at a commit hash, upgrade AGW and Orc8r to latest commit hash.
Apr 15 16:58:52 localhost control_proxy[1080568]: 2022-04-15T16:58:52.067Z [127.0.0.1 -> subscriberdb-controller.magmasi.wavelabs.in,8443] "POST /magma.lte.SubscriberDBCloud/ListSubscribers HTTP/2" 200 44088bytes 0.562s
Apr 15 16:58:52 localhost subscriberdb[1080397]: INFO:root:Successfully fetched all subscriber pages from the cloud!
Apr 15 16:58:53 localhost subscriberdb[1080397]: INFO:root:update root digest stored in gateway:
Apr 15 16:58:55 localhost smsd[1080506]: INFO:root:mme non_eps_service_config is not SMS_ORC8R, sleeping.
Apr 15 16:58:56 localhost sctpd[1080680]: I0415 16:58:56.163331 1081128 sctp_connection.cpp:195] Unhandled notification type 32776
Apr 15 16:59:00 localhost smsd[1080506]: INFO:root:mme non_eps_service_config is not SMS_ORC8R, sleeping.
Apr 15 16:59:05 localhost smsd[1080506]: INFO:root:mme non_eps_service_config is not SMS_ORC8R, sleeping.
Apr 15 16:59:05 localhost dhclient[601]: DHCPREQUEST for 172.16.5.121 on eth1 to 172.16.5.2 port 67 (xid=0x1858e024)
Apr 15 16:59:05 localhost mobilityd[1080398]: INFO:root:Using GW info: {'default': {2: ('172.16.4.1', 'eth0')}, 2: [('172.16.4.1', 'eth0', True)]}
Apr 15 16:59:05 localhost mobilityd[1080398]: INFO:root:GW-v6 probe: timer started
Apr 15 16:59:06 localhost sctpd[1080680]: I0415 16:59:06.095690 1081128 sctp_connection.cpp:195] Unhandled notification type 32777
Apr 15 16:59:06 localhost sctpd[1080680]: I0415 16:59:06.328714 1081128 sctp_connection.cpp:195] Unhandled notification type 32777
Apr 15 16:59:06 localhost sctpd[1080680]: I0415 16:59:06.450632 1081128 sctp_connection.cpp:195] Unhandled notification type 32777
Apr 15 16:59:06 localhost sctpd[1080680]: I0415 16:59:06.572643 1081128 sctp_connection.cpp:195] Unhandled notification type 32777
Apr 15 16:59:06 localhost mme[1081088]: [DEBUG] Sending S6A-UPDATE_LOCATION_REQUEST with IMSI: 222700000000001
Apr 15 16:59:06 localhost mme[1081088]: [INFO] Received S6A-LOCATION-UPDATE_ANSWER for IMSI: 222700000000001; Status: ; StatusCode: 2001
Apr 15 16:59:06 localhost mme[1081088]: [INFO] sent itti S6A-LOCATION-UPDATE_ANSWER for IMSI: 222700000000001
Apr 15 16:59:06 localhost sctpd[1080680]: I0415 16:59:06.689127 1081128 sctp_connection.cpp:195] Unhandled notification type 32777
Apr 15 16:59:07 localhost control_proxy[1080568]: 2022-04-15T16:59:06.855Z [127.0.0.1 -> streamer-controller.magmasi.wavelabs.in,8443] "POST /magma.orc8r.Streamer/GetUpdates HTTP/2" 200 173bytes 0.521s
Apr 15 16:59:07 localhost policydb[1080479]: INFO:root:Processing 4 policy updates (resync=True)
Apr 15 16:59:07 localhost control_proxy[1080568]: 2022-04-15T16:59:07.381Z [127.0.0.1 -> streamer-controller.magmasi.wavelabs.in,8443] "POST /magma.orc8r.Streamer/GetUpdates HTTP/2" 200 7bytes 0.271s
Apr 15 16:59:07 localhost policydb[1080479]: INFO:root:Processing 0 basename -> policy updates
Apr 15 16:59:07 localhost magmad[1080329]: ERROR:root:Metrics upload error for service subscriberdb (chunk 0)! [StatusCode.DEADLINE_EXCEEDED] Deadline Exceeded
Apr 15 16:59:07 localhost magmad[1080329]: ERROR:root:Metrics upload error for service mobilityd (chunk 0)! [StatusCode.DEADLINE_EXCEEDED] Deadline Exceeded
Apr 15 16:59:07 localhost magmad[1080329]: ERROR:root:Metrics upload error for service mme (chunk 0)! [StatusCode.DEADLINE_EXCEEDED] Deadline Exceeded
Apr 15 16:59:07 localhost magmad[1080329]: ERROR:root:Metrics upload error for service magmad (chunk 0)! [StatusCode.DEADLINE_EXCEEDED] Deadline Exceeded
Apr 15 16:59:07 localhost magmad[1080329]: ERROR:root:Metrics upload error for service enodebd (chunk 0)! [StatusCode.DEADLINE_EXCEEDED] Deadline Exceeded
Apr 15 16:59:07 localhost control_proxy[1080568]: 2022-04-15T16:59:07.381Z [127.0.0.1 -> streamer-controller.magmasi.wavelabs.in,8443] "POST /magma.orc8r.Streamer/GetUpdates HTTP/2" 200 13513bytes 0.296s
Apr 15 16:59:07 localhost magmad[1080329]: ERROR:root:Metrics upload error for service pipelined (chunk 0)! [StatusCode.DEADLINE_EXCEEDED] Deadline Exceeded
Apr 15 16:59:07 localhost policydb[1080479]: INFO:root:Processing 222 SID -> apn -> policy updates
Apr 15 16:59:07 localhost magmad[1080329]: ERROR:root:Metrics upload error for service state (chunk 0)! [StatusCode.DEADLINE_EXCEEDED] Deadline Exceeded
Apr 15 16:59:07 localhost magmad[1080329]: ERROR:root:Metrics upload error for service sessiond (chunk 0)! [StatusCode.DEADLINE_EXCEEDED] Deadline Exceeded
Apr 15 16:59:08 localhost sctpd[1080680]: I0415 16:59:08.117358 1081128 sctp_connection.cpp:195] Unhandled notification type 32777
Apr 15 16:59:08 localhost control_proxy[1080568]: 2022-04-15T16:59:07.381Z [127.0.0.1 -> streamer-controller.magmasi.wavelabs.in,8443] "POST /magma.orc8r.Streamer/GetUpdates HTTP/2" 200 7bytes 0.265s
Apr 15 16:59:08 localhost policydb[1080479]: INFO:root:Processing 0 rating group updates
Apr 15 16:59:10 localhost smsd[1080506]: INFO:root:mme non_eps_service_config is not SMS_ORC8R, sleeping.
Apr 15 16:59:20 localhost smsd[1080506]: message repeated 2 times: [ INFO:root:mme non_eps_service_config is not SMS_ORC8R, sleeping.]
Apr 15 16:59:23 localhost dhclient[601]: DHCPREQUEST for 172.16.5.121 on eth1 to 172.16.5.2 port 67 (xid=0x1858e024)
Apr 15 16:59:24 localhost sctpd[1080680]: I0415 16:59:24.688170 1081128 sctp_connection.cpp:195] Unhandled notification type 32776
Apr 15 16:59:25 localhost smsd[1080506]: INFO:root:mme non_eps_service_config is not SMS_ORC8R, sleeping.
Apr 15 16:59:25 localhost mobilityd[1080398]: INFO:root:Using GW info: {'default': {2: ('172.16.4.1', 'eth0')}, 2: [('172.16.4.1', 'eth0', True)]}
Apr 15 16:59:25 localhost mobilityd[1080398]: INFO:root:GW-v6 probe: timer started
Apr 15 16:59:25 localhost sctpd[1080680]: I0415 16:59:25.746557 1081128 sctp_connection.cpp:195] Unhandled notification type 32777
Apr 15 16:59:25 localhost sctpd[1080680]: I0415 16:59:25.983161 1081128 sctp_connection.cpp:195] Unhandled notification type 32777
Apr 15 16:59:26 localhost sctpd[1080680]: I0415 16:59:26.189270 1081128 sctp_connection.cpp:195] Unhandled notification type 32777
Apr 15 16:59:30 localhost dhclient[601]: DHCPREQUEST for 172.16.5.121 on eth1 to 172.16.5.2 port 67 (xid=0x1858e024)
Apr 15 16:59:30 localhost smsd[1080506]: INFO:root:mme non_eps_service_config is not SMS_ORC8R, sleeping.
Apr 15 16:59:32 localhost sctpd[1080680]: I0415 16:59:32.197132 1081128 sctp_connection.cpp:195] Unhandled notification type 32777
Apr 15 16:59:35 localhost smsd[1080506]: INFO:root:mme non_eps_service_config is not SMS_ORC8R, sleeping.
Apr 15 16:59:38 localhost sctpd[1080680]: I0415 16:59:38.201182 1081128 sctp_connection.cpp:195] Unhandled notification type 32777
Apr 15 16:59:39 localhost magmad[1080329]: INFO:root:Setting logging level to INFO
Apr 15 16:59:39 localhost dhclient[601]: DHCPREQUEST for 172.16.5.121 on eth1 to 172.16.5.2 port 67 (xid=0x1858e024)
Apr 15 16:59:40 localhost smsd[1080506]: INFO:root:mme non_eps_service_config is not SMS_ORC8R, sleeping.
Apr 15 16:59:44 localhost sctpd[1080680]: I0415 16:59:44.209232 1081128 sctp_connection.cpp:195] Unhandled notification type 32777
Apr 15 16:59:45 localhost smsd[1080506]: INFO:root:mme non_eps_service_config is not SMS_ORC8R, sleeping.
Apr 15 16:59:45 localhost mobilityd[1080398]: INFO:root:Using GW info: {'default': {2: ('172.16.4.1', 'eth0')}, 2: [('172.16.4.1', 'eth0', True)]}
Apr 15 16:59:45 localhost mobilityd[1080398]: INFO:root:GW-v6 probe: timer started
Apr 15 16:59:45 localhost control_proxy[1080568]: 2022-04-15T16:58:45.443Z [127.0.0.1 -> streamer-controller.magmasi.wavelabs.in,8443] "POST /magma.orc8r.Streamer/GetUpdates HTTP/2" 200 0bytes 60.255s
Apr 15 16:59:45 localhost magmad[1080329]: ERROR:root:Error! Streaming from the cloud failed! [StatusCode.ABORTED] error while streaming updates: rpc error: code = DeadlineExceeded desc = context deadline exceeded
Apr 15 16:59:47 localhost magmad[1080329]: INFO:root:[SyncRPC] Got heartBeat from cloud
Apr 15 16:59:50 localhost sctpd[1080680]: I0415 16:59:50.217308 1081128 sctp_connection.cpp:195] Unhandled notification type 32777
Apr 15 16:59:50 localhost smsd[1080506]: INFO:root:mme non_eps_service_config is not SMS_ORC8R, sleeping.
Apr 15 16:59:54 localhost dhclient[601]: DHCPREQUEST for 172.16.5.121 on eth1 to 172.16.5.2 port 67 (xid=0x1858e024)
Apr 15 16:59:55 localhost smsd[1080506]: INFO:root:mme non_eps_service_config is not SMS_ORC8R, sleeping.
Apr 15 16:59:56 localhost sctpd[1080680]: I0415 16:59:56.221371 1081128 sctp_connection.cpp:195] Unhandled notification type 32777
Apr 15 16:59:58 localhost control_proxy[1080568]: 2022-04-15T16:59:57.587Z [127.0.0.1 -> state-controller.magmasi.wavelabs.in,8443] "POST /magma.orc8r.StateService/ReportStates HTTP/2" 200 5bytes 0.505s
Apr 15 16:59:58 localhost magmad[1080329]: INFO:root:Checkin Successful! Successfully sent states to the cloud!
Apr 15 17:00:00 localhost smsd[1080506]: INFO:root:mme non_eps_service_config is not SMS_ORC8R, sleeping.
Apr 15 17:00:05 localhost mobilityd[1080398]: INFO:root:Using GW info: {'default': {2: ('172.16.4.1', 'eth0')}, 2: [('172.16.4.1', 'eth0', True)]}
Apr 15 17:00:05 localhost mobilityd[1080398]: INFO:root:GW-v6 probe: timer started
Apr 15 17:00:05 localhost smsd[1080506]: INFO:root:mme non_eps_service_config is not SMS_ORC8R, sleeping.
Apr 15 17:00:07 localhost magmad[1080329]: ERROR:root:Metrics upload error for service subscriberdb (chunk 0)! [StatusCode.DEADLINE_EXCEEDED] Deadline Exceeded
Apr 15 17:00:07 localhost magmad[1080329]: ERROR:root:Metrics upload error for service mobilityd (chunk 0)! [StatusCode.DEADLINE_EXCEEDED] Deadline Exceeded
Apr 15 17:00:07 localhost magmad[1080329]: ERROR:root:Metrics upload error for service mme (chunk 0)! [StatusCode.DEADLINE_EXCEEDED] Deadline Exceeded
Apr 15 17:00:07 localhost magmad[1080329]: ERROR:root:Metrics upload error for service magmad (chunk 0)! [StatusCode.DEADLINE_EXCEEDED] Deadline Exceeded
Apr 15 17:00:07 localhost magmad[1080329]: ERROR:root:Metrics upload error for service enodebd (chunk 0)! [StatusCode.DEADLINE_EXCEEDED] Deadline Exceeded
Apr 15 17:00:07 localhost magmad[1080329]: ERROR:root:Metrics upload error for service pipelined (chunk 0)! [StatusCode.DEADLINE_EXCEEDED] Deadline Exceeded
Apr 15 17:00:07 localhost magmad[1080329]: ERROR:root:Metrics upload error for service state (chunk 0)! [StatusCode.DEADLINE_EXCEEDED] Deadline Exceeded
Apr 15 17:00:07 localhost magmad[1080329]: ERROR:root:Metrics upload error for service sessiond (chunk 0)! [StatusCode.DEADLINE_EXCEEDED] Deadline Exceeded
Apr 15 17:00:08 localhost control_proxy[1080568]: 2022-04-15T17:00:08.283Z [127.0.0.1 -> streamer-controller.magmasi.wavelabs.in,8443] "POST /magma.orc8r.Streamer/GetUpdates HTTP/2" 200 173bytes 0.528s
Apr 15 17:00:08 localhost policydb[1080479]: INFO:root:Processing 4 policy updates (resync=True)
Apr 15 17:00:09 localhost control_proxy[1080568]: 2022-04-15T17:00:08.283Z [127.0.0.1 -> streamer-controller.magmasi.wavelabs.in,8443] "POST /magma.orc8r.Streamer/GetUpdates HTTP/2" 200 7bytes 0.271s
Apr 15 17:00:09 localhost policydb[1080479]: INFO:root:Processing 0 basename -> policy updates
Apr 15 17:00:09 localhost control_proxy[1080568]: 2022-04-15T17:00:09.090Z [127.0.0.1 -> streamer-controller.magmasi.wavelabs.in,8443] "POST /magma.orc8r.Streamer/GetUpdates HTTP/2" 200 13513bytes 0.793s
Apr 15 17:00:09 localhost policydb[1080479]: INFO:root:Processing 222 SID -> apn -> policy updates
Apr 15 17:00:10 localhost control_proxy[1080568]: 2022-04-15T17:00:09.090Z [127.0.0.1 -> streamer-controller.magmasi.wavelabs.in,8443] "POST /magma.orc8r.Streamer/GetUpdates HTTP/2" 200 7bytes 0.268s
Apr 15 17:00:10 localhost policydb[1080479]: INFO:root:Processing 0 rating group updates
Apr 15 17:00:10 localhost smsd[1080506]: INFO:root:mme non_eps_service_config is not SMS_ORC8R, sleeping.
Apr 15 17:00:14 localhost dhclient[601]: DHCPREQUEST for 172.16.5.121 on eth1 to 172.16.5.2 port 67 (xid=0x1858e024)
Apr 15 17:00:14 localhost sctpd[1080680]: I0415 17:00:14.941146 1081128 sctp_connection.cpp:195] Unhandled notification type 32776
Apr 15 17:00:15 localhost smsd[1080506]: INFO:root:mme non_eps_service_config is not SMS_ORC8R, sleeping.
Apr 15 17:00:16 localhost sctpd[1080680]: I0415 17:00:16.001456 1081128 sctp_connection.cpp:195] Unhandled notification type 32777
Apr 15 17:00:16 localhost sctpd[1080680]: I0415 17:00:16.235461 1081128 sctp_connection.cpp:195] Unhandled notification type 32777
Apr 15 17:00:16 localhost sctpd[1080680]: I0415 17:00:16.369868 1081128 sctp_connection.cpp:195] Unhandled notification type 32777
Apr 15 17:00:16 localhost mme[1081088]: [DEBUG] Sending S6A-UPDATE_LOCATION_REQUEST with IMSI: 222700000000001
Apr 15 17:00:16 localhost mme[1081088]: [INFO] Received S6A-LOCATION-UPDATE_ANSWER for IMSI: 222700000000001; Status: ; StatusCode: 2001
Apr 15 17:00:16 localhost mme[1081088]: [INFO] sent itti S6A-LOCATION-UPDATE_ANSWER for IMSI: 222700000000001
Apr 15 17:00:16 localhost sctpd[1080680]: I0415 17:00:16.489995 1081128 sctp_connection.cpp:195] Unhandled notification type 32777
Apr 15 17:00:16 localhost sctpd[1080680]: I0415 17:00:16.901422 1081128 sctp_connection.cpp:195] Unhandled notification type 32777
Apr 15 17:00:20 localhost smsd[1080506]: INFO:root:mme non_eps_service_config is not SMS_ORC8R, sleeping.
Apr 15 17:00:25 localhost mobilityd[1080398]: INFO:root:Using GW info: {'default': {2: ('172.16.4.1', 'eth0')}, 2: [('172.16.4.1', 'eth0', True)]}
Apr 15 17:00:25 localhost mobilityd[1080398]: INFO:root:GW-v6 probe: timer started
Apr 15 17:00:25 localhost smsd[1080506]: INFO:root:mme non_eps_service_config is not SMS_ORC8R, sleeping.
Apr 15 17:00:30 localhost smsd[1080506]: INFO:root:mme non_eps_service_config is not SMS_ORC8R, sleeping.
Apr 15 17:00:32 localhost dhclient[601]: DHCPREQUEST for 172.16.5.121 on eth1 to 172.16.5.2 port 67 (xid=0x1858e024)
Apr 15 17:00:33 localhost sctpd[1080680]: I0415 17:00:33.189054 1081128 sctp_connection.cpp:195] Unhandled notification type 32776
Apr 15 17:00:34 localhost sctpd[1080680]: I0415 17:00:34.251942 1081128 sctp_connection.cpp:195] Unhandled notification type 32777
Apr 15 17:00:35 localhost smsd[1080506]: INFO:root:mme non_eps_service_config is not SMS_ORC8R, sleeping.
Apr 15 17:00:39 localhost dhclient[601]: DHCPREQUEST for 172.16.5.121 on eth1 to 172.16.5.2 port 67 (xid=0x1858e024)
Apr 15 17:00:40 localhost smsd[1080506]: INFO:root:mme non_eps_service_config is not SMS_ORC8R, sleeping.
Apr 15 17:00:45 localhost mobilityd[1080398]: INFO:root:Using GW info: {'default': {2: ('172.16.4.1', 'eth0')}, 2: [('172.16.4.1', 'eth0', True)]}
Apr 15 17:00:45 localhost mobilityd[1080398]: INFO:root:GW-v6 probe: timer started
Apr 15 17:00:45 localhost smsd[1080506]: INFO:root:mme non_eps_service_config is not SMS_ORC8R, sleeping.
Apr 15 17:00:47 localhost magmad[1080329]: INFO:root:[SyncRPC] Got heartBeat from cloud
Apr 15 17:00:50 localhost smsd[1080506]: INFO:root:mme non_eps_service_config is not SMS_ORC8R, sleeping.
Apr 15 17:00:51 localhost dhclient[601]: DHCPREQUEST for 172.16.5.121 on eth1 to 172.16.5.2 port 67 (xid=0x1858e024)
Apr 15 17:00:55 localhost smsd[1080506]: INFO:root:mme non_eps_service_config is not SMS_ORC8R, sleeping.
Apr 15 17:00:56 localhost sctpd[1080680]: I0415 17:00:56.090618 1081128 sctp_connection.cpp:195] Unhandled notification type 32776
Apr 15 17:00:57 localhost sctpd[1080680]: I0415 17:00:57.149619 1081128 sctp_connection.cpp:195] Unhandled notification type 32777
Apr 15 17:00:58 localhost magmad[1080329]: INFO:root:Setting logging level to INFO
Apr 15 17:01:00 localhost smsd[1080506]: INFO:root:mme non_eps_service_config is not SMS_ORC8R, sleeping.
Apr 15 17:01:02 localhost dhclient[601]: DHCPREQUEST for 172.16.5.121 on eth1 to 172.16.5.2 port 67 (xid=0x1858e024)
Apr 15 17:01:05 localhost mobilityd[1080398]: INFO:root:Using GW info: {'default': {2: ('172.16.4.1', 'eth0')}, 2: [('172.16.4.1', 'eth0', True)]}
Apr 15 17:01:05 localhost mobilityd[1080398]: INFO:root:GW-v6 probe: timer started
Apr 15 17:01:05 localhost smsd[1080506]: INFO:root:mme non_eps_service_config is not SMS_ORC8R, sleeping.
Apr 15 17:01:10 localhost control_proxy[1080568]: 2022-04-15T17:01:10.219Z [127.0.0.1 -> streamer-controller.magmasi.wavelabs.in,8443] "POST /magma.orc8r.Streamer/GetUpdates HTTP/2" 200 173bytes 0.523s
Apr 15 17:01:10 localhost policydb[1080479]: INFO:root:Processing 4 policy updates (resync=True)
Apr 15 17:01:10 localhost smsd[1080506]: INFO:root:mme non_eps_service_config is not SMS_ORC8R, sleeping.
Apr 15 17:01:11 localhost control_proxy[1080568]: 2022-04-15T17:01:10.219Z [127.0.0.1 -> streamer-controller.magmasi.wavelabs.in,8443] "POST /magma.orc8r.Streamer/GetUpdates HTTP/2" 200 7bytes 0.270s
Apr 15 17:01:11 localhost policydb[1080479]: INFO:root:Processing 0 basename -> policy updates
Apr 15 17:01:11 localhost control_proxy[1080568]: 2022-04-15T17:01:11.022Z [127.0.0.1 -> streamer-controller.magmasi.wavelabs.in,8443] "POST /magma.orc8r.Streamer/GetUpdates HTTP/2" 200 13513bytes 0.331s
Apr 15 17:01:11 localhost policydb[1080479]: INFO:root:Processing 222 SID -> apn -> policy updates
Apr 15 17:01:11 localhost control_proxy[1080568]: 2022-04-15T17:01:11.022Z [127.0.0.1 -> streamer-controller.magmasi.wavelabs.in,8443] "POST /magma.orc8r.Streamer/GetUpdates HTTP/2" 200 7bytes 0.264s
Apr 15 17:01:11 localhost policydb[1080479]: INFO:root:Processing 0 rating group updates
Apr 15 17:01:15 localhost smsd[1080506]: INFO:root:mme non_eps_service_config is not SMS_ORC8R, sleeping.
Apr 15 17:01:17 localhost magmad[1080329]: ERROR:root:Metrics upload error for service subscriberdb (chunk 0)! [StatusCode.DEADLINE_EXCEEDED] Deadline Exceeded
Apr 15 17:01:17 localhost magmad[1080329]: ERROR:root:Metrics upload error for service mobilityd (chunk 0)! [StatusCode.DEADLINE_EXCEEDED] Deadline Exceeded
Apr 15 17:01:17 localhost magmad[1080329]: ERROR:root:Metrics upload error for service mme (chunk 0)! [StatusCode.DEADLINE_EXCEEDED] Deadline Exceeded
Apr 15 17:01:17 localhost magmad[1080329]: ERROR:root:Metrics upload error for service magmad (chunk 0)! [StatusCode.DEADLINE_EXCEEDED] Deadline Exceeded
Apr 15 17:01:17 localhost magmad[1080329]: ERROR:root:Metrics upload error for service enodebd (chunk 0)! [StatusCode.DEADLINE_EXCEEDED] Deadline Exceeded
Apr 15 17:01:17 localhost magmad[1080329]: ERROR:root:Metrics upload error for service pipelined (chunk 0)! [StatusCode.DEADLINE_EXCEEDED] Deadline Exceeded
Apr 15 17:01:17 localhost magmad[1080329]: ERROR:root:Metrics upload error for service state (chunk 0)! [StatusCode.DEADLINE_EXCEEDED] Deadline Exceeded
Apr 15 17:01:17 localhost magmad[1080329]: ERROR:root:Metrics upload error for service sessiond (chunk 0)! [StatusCode.DEADLINE_EXCEEDED] Deadline Exceeded
Apr 15 17:01:17 localhost magmad[1080329]: INFO:root:Checking for upgrade...
Apr 15 17:01:17 localhost magmad[1080329]: WARNING:root:magmad package_version config missing or set to default 0.0.0-0, skipping upgrade
Apr 15 17:01:17 localhost control_proxy[1080568]: 2022-04-15T17:01:17.183Z [127.0.0.1 -> state-controller.magmasi.wavelabs.in,8443] "POST /magma.orc8r.StateService/ReportStates HTTP/2" 200 5bytes 0.263s
Apr 15 17:01:17 localhost magmad[1080329]: INFO:root:Checkin Successful! Successfully sent states to the cloud!
Apr 15 17:01:18 localhost dhclient[601]: DHCPREQUEST for 172.16.5.121 on eth1 to 172.16.5.2 port 67 (xid=0x1858e024)
Apr 15 17:01:18 localhost sctpd[1080680]: I0415 17:01:18.962698 1081128 sctp_connection.cpp:195] Unhandled notification type 32776
Apr 15 17:01:20 localhost sctpd[1080680]: I0415 17:01:20.020529 1081128 sctp_connection.cpp:195] Unhandled notification type 32777
Apr 15 17:01:20 localhost smsd[1080506]: INFO:root:mme non_eps_service_config is not SMS_ORC8R, sleeping.
Apr 15 17:01:25 localhost mobilityd[1080398]: INFO:root:Using GW info: {'default': {2: ('172.16.4.1', 'eth0')}, 2: [('172.16.4.1', 'eth0', True)]}
Apr 15 17:01:25 localhost mobilityd[1080398]: INFO:root:GW-v6 probe: timer started
Apr 15 17:01:25 localhost smsd[1080506]: INFO:root:mme non_eps_service_config is not SMS_ORC8R, sleeping.
Apr 15 17:01:27 localhost dhclient[601]: DHCPREQUEST for 172.16.5.121 on eth1 to 172.16.5.2 port 67 (xid=0x1858e024)
Apr 15 17:01:30 localhost smsd[1080506]: INFO:root:mme non_eps_service_config is not SMS_ORC8R, sleeping.
Apr 15 17:01:35 localhost smsd[1080506]: INFO:root:mme non_eps_service_config is not SMS_ORC8R, sleeping.
Apr 15 17:01:36 localhost sctpd[1080680]: I0415 17:01:36.807972 1081128 sctp_connection.cpp:195] Unhandled notification type 32776
Apr 15 17:01:40 localhost dhclient[601]: DHCPREQUEST for 172.16.5.121 on eth1 to 172.16.5.2 port 67 (xid=0x1858e024)
Apr 15 17:01:40 localhost smsd[1080506]: INFO:root:mme non_eps_service_config is not SMS_ORC8R, sleeping.
Apr 15 17:01:45 localhost mobilityd[1080398]: INFO:root:Using GW info: {'default': {2: ('172.16.4.1', 'eth0')}, 2: [('172.16.4.1', 'eth0', True)]}
Apr 15 17:01:45 localhost mobilityd[1080398]: INFO:root:GW-v6 probe: timer started
