Apr 15 16:53:59 localhost mme[1081088]: [INFO] Received S6A-LOCATION-UPDATE_ANSWER for IMSI: 222700000000001; Status: ; StatusCode: 2001
Apr 15 16:53:59 localhost mme[1081088]: [INFO] sent itti S6A-LOCATION-UPDATE_ANSWER for IMSI: 222700000000001
Apr 15 16:53:59 localhost sctpd[1080680]: I0415 16:53:59.613191 1081128 sctp_connection.cpp:195] Unhandled notification type 32777
Apr 15 16:54:00 localhost control_proxy[1080568]: 2022-04-15T16:53:59.750Z [127.0.0.1 -> streamer-controller.magmasi.wavelabs.in,8443] "POST /magma.orc8r.Streamer/GetUpdates HTTP/2" 200 173bytes 0.527s
Apr 15 16:54:00 localhost policydb[1080479]: INFO:root:Processing 4 policy updates (resync=True)
Apr 15 16:54:00 localhost dhclient[601]: DHCPREQUEST for 172.16.5.121 on eth1 to 172.16.5.2 port 67 (xid=0x1858e024)
Apr 15 16:54:00 localhost control_proxy[1080568]: 2022-04-15T16:54:00.281Z [127.0.0.1 -> streamer-controller.magmasi.wavelabs.in,8443] "POST /magma.orc8r.Streamer/GetUpdates HTTP/2" 200 7bytes 0.269s
Apr 15 16:54:00 localhost policydb[1080479]: INFO:root:Processing 0 basename -> policy updates
Apr 15 16:54:00 localhost control_proxy[1080568]: 2022-04-15T16:54:00.281Z [127.0.0.1 -> streamer-controller.magmasi.wavelabs.in,8443] "POST /magma.orc8r.Streamer/GetUpdates HTTP/2" 200 13513bytes 0.297s
Apr 15 16:54:00 localhost policydb[1080479]: INFO:root:Processing 222 SID -> apn -> policy updates
Apr 15 16:54:01 localhost control_proxy[1080568]: 2022-04-15T16:54:00.281Z [127.0.0.1 -> streamer-controller.magmasi.wavelabs.in,8443] "POST /magma.orc8r.Streamer/GetUpdates HTTP/2" 200 7bytes 0.269s
Apr 15 16:54:01 localhost policydb[1080479]: INFO:root:Processing 0 rating group updates
Apr 15 16:54:02 localhost sctpd[1080680]: I0415 16:54:02.016763 1081128 sctp_connection.cpp:195] Unhandled notification type 32777
Apr 15 16:54:03 localhost smsd[1080506]: INFO:root:mme non_eps_service_config is not SMS_ORC8R, sleeping.
Apr 15 16:54:04 localhost sctpd[1080680]: I0415 16:54:04.241627 1081128 sctp_connection.cpp:195] Unhandled notification type 32777
Apr 15 16:54:04 localhost sctpd[1080680]: I0415 16:54:04.354023 1081128 sctp_connection.cpp:195] Unhandled notification type 32777
Apr 15 16:54:04 localhost sctpd[1080680]: I0415 16:54:04.473904 1081128 sctp_connection.cpp:195] Unhandled notification type 32777
Apr 15 16:54:04 localhost mme[1081088]: [DEBUG] Sending S6A-UPDATE_LOCATION_REQUEST with IMSI: 222700000000001
Apr 15 16:54:04 localhost mme[1081088]: [INFO] Received S6A-LOCATION-UPDATE_ANSWER for IMSI: 222700000000001; Status: ; StatusCode: 2001
Apr 15 16:54:04 localhost mme[1081088]: [INFO] sent itti S6A-LOCATION-UPDATE_ANSWER for IMSI: 222700000000001
Apr 15 16:54:04 localhost sctpd[1080680]: I0415 16:54:04.593215 1081128 sctp_connection.cpp:195] Unhandled notification type 32777
Apr 15 16:54:05 localhost mobilityd[1080398]: INFO:root:Using GW info: {'default': {2: ('172.16.4.1', 'eth0')}, 2: [('172.16.4.1', 'eth0', True)]}
Apr 15 16:54:05 localhost mobilityd[1080398]: INFO:root:GW-v6 probe: timer started
Apr 15 16:54:08 localhost smsd[1080506]: INFO:root:mme non_eps_service_config is not SMS_ORC8R, sleeping.
Apr 15 16:54:13 localhost smsd[1080506]: INFO:root:mme non_eps_service_config is not SMS_ORC8R, sleeping.
Apr 15 16:54:16 localhost dhclient[601]: DHCPREQUEST for 172.16.5.121 on eth1 to 172.16.5.2 port 67 (xid=0x1858e024)
Apr 15 16:54:18 localhost smsd[1080506]: INFO:root:mme non_eps_service_config is not SMS_ORC8R, sleeping.
Apr 15 16:54:20 localhost magmad[1080329]: INFO:root:Setting logging level to INFO
Apr 15 16:54:23 localhost smsd[1080506]: INFO:root:mme non_eps_service_config is not SMS_ORC8R, sleeping.
Apr 15 16:54:23 localhost sctpd[1080680]: I0415 16:54:23.471202 1081128 sctp_connection.cpp:195] Unhandled notification type 32776
Apr 15 16:54:23 localhost sctpd[1080680]: I0415 16:54:23.650934 1081128 sctp_connection.cpp:195] Unhandled notification type 32776
Apr 15 16:54:24 localhost sctpd[1080680]: I0415 16:54:24.714920 1081128 sctp_connection.cpp:195] Unhandled notification type 32777
Apr 15 16:54:24 localhost sctpd[1080680]: I0415 16:54:24.829608 1081128 sctp_connection.cpp:195] Unhandled notification type 32777
Apr 15 16:54:25 localhost sctpd[1080680]: I0415 16:54:25.140461 1081128 sctp_connection.cpp:195] Unhandled notification type 32777
Apr 15 16:54:25 localhost sctpd[1080680]: I0415 16:54:25.157276 1081128 sctp_connection.cpp:195] Unhandled notification type 32777
Apr 15 16:54:25 localhost sctpd[1080680]: I0415 16:54:25.273298 1081128 sctp_connection.cpp:195] Unhandled notification type 32777
Apr 15 16:54:25 localhost mobilityd[1080398]: INFO:root:Using GW info: {'default': {2: ('172.16.4.1', 'eth0')}, 2: [('172.16.4.1', 'eth0', True)]}
Apr 15 16:54:25 localhost mobilityd[1080398]: INFO:root:GW-v6 probe: timer started
Apr 15 16:54:25 localhost sctpd[1080680]: I0415 16:54:25.390475 1081128 sctp_connection.cpp:195] Unhandled notification type 32777
Apr 15 16:54:25 localhost mme[1081088]: [DEBUG] Sending S6A-UPDATE_LOCATION_REQUEST with IMSI: 222700000000001
Apr 15 16:54:25 localhost mme[1081088]: [INFO] Received S6A-LOCATION-UPDATE_ANSWER for IMSI: 222700000000001; Status: ; StatusCode: 2001
Apr 15 16:54:25 localhost mme[1081088]: [INFO] sent itti S6A-LOCATION-UPDATE_ANSWER for IMSI: 222700000000001
Apr 15 16:54:25 localhost sctpd[1080680]: I0415 16:54:25.505053 1081128 sctp_connection.cpp:195] Unhandled notification type 32777
Apr 15 16:54:27 localhost sctpd[1080680]: I0415 16:54:27.941344 1081128 sctp_connection.cpp:195] Unhandled notification type 32777
Apr 15 16:54:28 localhost smsd[1080506]: INFO:root:mme non_eps_service_config is not SMS_ORC8R, sleeping.
Apr 15 16:54:30 localhost sctpd[1080680]: I0415 16:54:30.213968 1081128 sctp_connection.cpp:195] Unhandled notification type 32777
Apr 15 16:54:30 localhost sctpd[1080680]: I0415 16:54:30.329327 1081128 sctp_connection.cpp:195] Unhandled notification type 32777
Apr 15 16:54:30 localhost mme[1081088]: [DEBUG] Sending S6A-UPDATE_LOCATION_REQUEST with IMSI: 222700000000001
Apr 15 16:54:30 localhost mme[1081088]: [INFO] Received S6A-LOCATION-UPDATE_ANSWER for IMSI: 222700000000001; Status: ; StatusCode: 2001
Apr 15 16:54:30 localhost mme[1081088]: [INFO] sent itti S6A-LOCATION-UPDATE_ANSWER for IMSI: 222700000000001
Apr 15 16:54:30 localhost sctpd[1080680]: I0415 16:54:30.441391 1081128 sctp_connection.cpp:195] Unhandled notification type 32777
Apr 15 16:54:30 localhost sctpd[1080680]: I0415 16:54:30.813241 1081128 sctp_connection.cpp:195] Unhandled notification type 32777
Apr 15 16:54:33 localhost smsd[1080506]: INFO:root:mme non_eps_service_config is not SMS_ORC8R, sleeping.
Apr 15 16:54:34 localhost dhclient[601]: DHCPREQUEST for 172.16.5.121 on eth1 to 172.16.5.2 port 67 (xid=0x1858e024)
Apr 15 16:54:38 localhost smsd[1080506]: INFO:root:mme non_eps_service_config is not SMS_ORC8R, sleeping.
Apr 15 16:54:39 localhost control_proxy[1080568]: 2022-04-15T16:54:39.164Z [127.0.0.1 -> state-controller.magmasi.wavelabs.in,8443] "POST /magma.orc8r.StateService/ReportStates HTTP/2" 200 5bytes 0.499s
Apr 15 16:54:39 localhost magmad[1080329]: INFO:root:Checkin Successful! Successfully sent states to the cloud!
Apr 15 16:54:43 localhost smsd[1080506]: INFO:root:mme non_eps_service_config is not SMS_ORC8R, sleeping.
Apr 15 16:54:45 localhost mobilityd[1080398]: INFO:root:Using GW info: {'default': {2: ('172.16.4.1', 'eth0')}, 2: [('172.16.4.1', 'eth0', True)]}
Apr 15 16:54:45 localhost mobilityd[1080398]: INFO:root:GW-v6 probe: timer started
Apr 15 16:54:47 localhost magmad[1080329]: INFO:root:[SyncRPC] Got heartBeat from cloud
Apr 15 16:54:47 localhost sctpd[1080680]: I0415 16:54:47.393967 1081128 sctp_connection.cpp:195] Unhandled notification type 32776
Apr 15 16:54:48 localhost sctpd[1080680]: I0415 16:54:48.452461 1081128 sctp_connection.cpp:195] Unhandled notification type 32777
Apr 15 16:54:48 localhost smsd[1080506]: INFO:root:mme non_eps_service_config is not SMS_ORC8R, sleeping.
Apr 15 16:54:48 localhost sctpd[1080680]: I0415 16:54:48.694360 1081128 sctp_connection.cpp:195] Unhandled notification type 32777
Apr 15 16:54:48 localhost sctpd[1080680]: I0415 16:54:48.817035 1081128 sctp_connection.cpp:195] Unhandled notification type 32777
Apr 15 16:54:48 localhost mme[1081088]: [DEBUG] Sending S6A-UPDATE_LOCATION_REQUEST with IMSI: 222700000000001
Apr 15 16:54:48 localhost mme[1081088]: [INFO] Received S6A-LOCATION-UPDATE_ANSWER for IMSI: 222700000000001; Status: ; StatusCode: 2001
Apr 15 16:54:48 localhost mme[1081088]: [INFO] sent itti S6A-LOCATION-UPDATE_ANSWER for IMSI: 222700000000001
Apr 15 16:54:48 localhost sctpd[1080680]: I0415 16:54:48.931609 1081128 sctp_connection.cpp:195] Unhandled notification type 32777
Apr 15 16:54:49 localhost magmad[1080329]: ERROR:root:Metrics upload error for service subscriberdb (chunk 0)! [StatusCode.DEADLINE_EXCEEDED] Deadline Exceeded
Apr 15 16:54:49 localhost magmad[1080329]: ERROR:root:Metrics upload error for service mobilityd (chunk 0)! [StatusCode.DEADLINE_EXCEEDED] Deadline Exceeded
Apr 15 16:54:49 localhost magmad[1080329]: ERROR:root:Metrics upload error for service mme (chunk 0)! [StatusCode.DEADLINE_EXCEEDED] Deadline Exceeded
Apr 15 16:54:49 localhost magmad[1080329]: ERROR:root:Metrics upload error for service magmad (chunk 0)! [StatusCode.DEADLINE_EXCEEDED] Deadline Exceeded
Apr 15 16:54:49 localhost magmad[1080329]: ERROR:root:Metrics upload error for service enodebd (chunk 0)! [StatusCode.DEADLINE_EXCEEDED] Deadline Exceeded
Apr 15 16:54:49 localhost magmad[1080329]: ERROR:root:Metrics upload error for service pipelined (chunk 0)! [StatusCode.DEADLINE_EXCEEDED] Deadline Exceeded
Apr 15 16:54:49 localhost magmad[1080329]: ERROR:root:Metrics upload error for service state (chunk 0)! [StatusCode.DEADLINE_EXCEEDED] Deadline Exceeded
Apr 15 16:54:49 localhost magmad[1080329]: ERROR:root:Metrics upload error for service sessiond (chunk 0)! [StatusCode.DEADLINE_EXCEEDED] Deadline Exceeded
Apr 15 16:54:51 localhost sctpd[1080680]: I0415 16:54:51.329782 1081128 sctp_connection.cpp:195] Unhandled notification type 32777
Apr 15 16:54:52 localhost dhclient[601]: DHCPREQUEST for 172.16.5.121 on eth1 to 172.16.5.2 port 67 (xid=0x1858e024)
Apr 15 16:54:53 localhost sctpd[1080680]: I0415 16:54:53.566424 1081128 sctp_connection.cpp:195] Unhandled notification type 32777
Apr 15 16:54:53 localhost smsd[1080506]: INFO:root:mme non_eps_service_config is not SMS_ORC8R, sleeping.
Apr 15 16:54:53 localhost sctpd[1080680]: I0415 16:54:53.681732 1081128 sctp_connection.cpp:195] Unhandled notification type 32777
Apr 15 16:54:53 localhost mme[1081088]: [DEBUG] Sending S6A-UPDATE_LOCATION_REQUEST with IMSI: 222700000000001
Apr 15 16:54:53 localhost mme[1081088]: [INFO] Received S6A-LOCATION-UPDATE_ANSWER for IMSI: 222700000000001; Status: ; StatusCode: 2001
Apr 15 16:54:53 localhost mme[1081088]: [INFO] sent itti S6A-LOCATION-UPDATE_ANSWER for IMSI: 222700000000001
Apr 15 16:54:53 localhost sctpd[1080680]: I0415 16:54:53.798579 1081128 sctp_connection.cpp:195] Unhandled notification type 32777
Apr 15 16:54:56 localhost sctpd[1080680]: I0415 16:54:56.189767 1081128 sctp_connection.cpp:195] Unhandled notification type 32777
Apr 15 16:54:56 localhost sctpd[1080680]: I0415 16:54:56.451166 1081128 sctp_connection.cpp:195] Unhandled notification type 32777
Apr 15 16:54:56 localhost sctpd[1080680]: I0415 16:54:56.567292 1081128 sctp_connection.cpp:195] Unhandled notification type 32777
Apr 15 16:54:56 localhost sctpd[1080680]: I0415 16:54:56.701166 1081128 sctp_connection.cpp:195] Unhandled notification type 32777
Apr 15 16:54:56 localhost mme[1081088]: [DEBUG] Sending S6A-UPDATE_LOCATION_REQUEST with IMSI: 222700000000001
Apr 15 16:54:56 localhost mme[1081088]: [INFO] Received S6A-LOCATION-UPDATE_ANSWER for IMSI: 222700000000001; Status: ; StatusCode: 2001
Apr 15 16:54:56 localhost mme[1081088]: [INFO] sent itti S6A-LOCATION-UPDATE_ANSWER for IMSI: 222700000000001
Apr 15 16:54:56 localhost sctpd[1080680]: I0415 16:54:56.819491 1081128 sctp_connection.cpp:195] Unhandled notification type 32777
Apr 15 16:54:58 localhost smsd[1080506]: INFO:root:mme non_eps_service_config is not SMS_ORC8R, sleeping.
Apr 15 16:54:59 localhost sctpd[1080680]: I0415 16:54:59.237489 1081128 sctp_connection.cpp:195] Unhandled notification type 32777
Apr 15 16:55:01 localhost dhclient[601]: DHCPREQUEST for 172.16.5.121 on eth1 to 172.16.5.2 port 67 (xid=0x1858e024)
Apr 15 16:55:01 localhost control_proxy[1080568]: 2022-04-15T16:55:01.192Z [127.0.0.1 -> streamer-controller.magmasi.wavelabs.in,8443] "POST /magma.orc8r.Streamer/GetUpdates HTTP/2" 200 173bytes 0.520s
Apr 15 16:55:01 localhost policydb[1080479]: INFO:root:Processing 4 policy updates (resync=True)
Apr 15 16:55:01 localhost control_proxy[1080568]: 2022-04-15T16:55:01.192Z [127.0.0.1 -> streamer-controller.magmasi.wavelabs.in,8443] "POST /magma.orc8r.Streamer/GetUpdates HTTP/2" 200 7bytes 0.277s
Apr 15 16:55:01 localhost policydb[1080479]: INFO:root:Processing 0 basename -> policy updates
Apr 15 16:55:02 localhost control_proxy[1080568]: 2022-04-15T16:55:01.192Z [127.0.0.1 -> streamer-controller.magmasi.wavelabs.in,8443] "POST /magma.orc8r.Streamer/GetUpdates HTTP/2" 200 13513bytes 0.353s
Apr 15 16:55:02 localhost policydb[1080479]: INFO:root:Processing 222 SID -> apn -> policy updates
Apr 15 16:55:02 localhost control_proxy[1080568]: 2022-04-15T16:55:02.419Z [127.0.0.1 -> streamer-controller.magmasi.wavelabs.in,8443] "POST /magma.orc8r.Streamer/GetUpdates HTTP/2" 200 7bytes 0.272s
Apr 15 16:55:02 localhost policydb[1080479]: INFO:root:Processing 0 rating group updates
Apr 15 16:55:03 localhost smsd[1080506]: INFO:root:mme non_eps_service_config is not SMS_ORC8R, sleeping.
Apr 15 16:55:05 localhost mobilityd[1080398]: INFO:root:Using GW info: {'default': {2: ('172.16.4.1', 'eth0')}, 2: [('172.16.4.1', 'eth0', True)]}
Apr 15 16:55:05 localhost mobilityd[1080398]: INFO:root:GW-v6 probe: timer started
Apr 15 16:55:08 localhost smsd[1080506]: INFO:root:mme non_eps_service_config is not SMS_ORC8R, sleeping.
Apr 15 16:55:09 localhost dhclient[601]: DHCPREQUEST for 172.16.5.121 on eth1 to 172.16.5.2 port 67 (xid=0x1858e024)
Apr 15 16:55:13 localhost smsd[1080506]: INFO:root:mme non_eps_service_config is not SMS_ORC8R, sleeping.
Apr 15 16:55:18 localhost sctpd[1080680]: I0415 16:55:18.073083 1081128 sctp_connection.cpp:195] Unhandled notification type 32776
Apr 15 16:55:18 localhost smsd[1080506]: INFO:root:mme non_eps_service_config is not SMS_ORC8R, sleeping.
Apr 15 16:55:19 localhost sctpd[1080680]: I0415 16:55:19.134743 1081128 sctp_connection.cpp:195] Unhandled notification type 32777
Apr 15 16:55:19 localhost sctpd[1080680]: I0415 16:55:19.358978 1081128 sctp_connection.cpp:195] Unhandled notification type 32777
Apr 15 16:55:19 localhost sctpd[1080680]: I0415 16:55:19.475735 1081128 sctp_connection.cpp:195] Unhandled notification type 32777
Apr 15 16:55:19 localhost mme[1081088]: [DEBUG] Sending S6A-UPDATE_LOCATION_REQUEST with IMSI: 222700000000001
Apr 15 16:55:19 localhost mme[1081088]: [INFO] Received S6A-LOCATION-UPDATE_ANSWER for IMSI: 222700000000001; Status: ; StatusCode: 2001
Apr 15 16:55:19 localhost mme[1081088]: [INFO] sent itti S6A-LOCATION-UPDATE_ANSWER for IMSI: 222700000000001
Apr 15 16:55:19 localhost sctpd[1080680]: I0415 16:55:19.592341 1081128 sctp_connection.cpp:195] Unhandled notification type 32777
Apr 15 16:55:21 localhost sctpd[1080680]: I0415 16:55:21.981808 1081128 sctp_connection.cpp:195] Unhandled notification type 32777
Apr 15 16:55:23 localhost smsd[1080506]: INFO:root:mme non_eps_service_config is not SMS_ORC8R, sleeping.
Apr 15 16:55:24 localhost sctpd[1080680]: I0415 16:55:24.296537 1081128 sctp_connection.cpp:195] Unhandled notification type 32777
Apr 15 16:55:25 localhost mobilityd[1080398]: INFO:root:Using GW info: {'default': {2: ('172.16.4.1', 'eth0')}, 2: [('172.16.4.1', 'eth0', True)]}
Apr 15 16:55:25 localhost mobilityd[1080398]: INFO:root:GW-v6 probe: timer started
Apr 15 16:55:27 localhost dhclient[601]: DHCPREQUEST for 172.16.5.121 on eth1 to 172.16.5.2 port 67 (xid=0x1858e024)
Apr 15 16:55:28 localhost smsd[1080506]: INFO:root:mme non_eps_service_config is not SMS_ORC8R, sleeping.
Apr 15 16:55:30 localhost sctpd[1080680]: I0415 16:55:30.300735 1081128 sctp_connection.cpp:195] Unhandled notification type 32777
Apr 15 16:55:33 localhost smsd[1080506]: INFO:root:mme non_eps_service_config is not SMS_ORC8R, sleeping.
Apr 15 16:55:36 localhost sctpd[1080680]: I0415 16:55:36.312564 1081128 sctp_connection.cpp:195] Unhandled notification type 32777
Apr 15 16:55:38 localhost smsd[1080506]: INFO:root:mme non_eps_service_config is not SMS_ORC8R, sleeping.
Apr 15 16:55:40 localhost magmad[1080329]: INFO:root:Setting logging level to INFO
Apr 15 16:55:42 localhost sctpd[1080680]: I0415 16:55:42.312670 1081128 sctp_connection.cpp:195] Unhandled notification type 32777
Apr 15 16:55:43 localhost smsd[1080506]: INFO:root:mme non_eps_service_config is not SMS_ORC8R, sleeping.
Apr 15 16:55:44 localhost control_proxy[1080568]: 2022-04-15T16:54:44.560Z [127.0.0.1 -> streamer-controller.magmasi.wavelabs.in,8443] "POST /magma.orc8r.Streamer/GetUpdates HTTP/2" 200 0bytes 60.254s
Apr 15 16:55:44 localhost magmad[1080329]: ERROR:root:Error! Streaming from the cloud failed! [StatusCode.ABORTED] error while streaming updates: rpc error: code = DeadlineExceeded desc = context deadline exceeded
Apr 15 16:55:45 localhost mobilityd[1080398]: INFO:root:Using GW info: {'default': {2: ('172.16.4.1', 'eth0')}, 2: [('172.16.4.1', 'eth0', True)]}
Apr 15 16:55:45 localhost mobilityd[1080398]: INFO:root:GW-v6 probe: timer started
Apr 15 16:55:47 localhost magmad[1080329]: INFO:root:[SyncRPC] Got heartBeat from cloud
Apr 15 16:55:48 localhost sctpd[1080680]: I0415 16:55:48.316624 1081128 sctp_connection.cpp:195] Unhandled notification type 32777
Apr 15 16:55:48 localhost dhclient[601]: DHCPREQUEST for 172.16.5.121 on eth1 to 172.16.5.2 port 67 (xid=0x1858e024)
Apr 15 16:55:48 localhost smsd[1080506]: INFO:root:mme non_eps_service_config is not SMS_ORC8R, sleeping.
Apr 15 16:55:53 localhost smsd[1080506]: INFO:root:mme non_eps_service_config is not SMS_ORC8R, sleeping.
Apr 15 16:55:54 localhost sctpd[1080680]: I0415 16:55:54.324678 1081128 sctp_connection.cpp:195] Unhandled notification type 32777
Apr 15 16:55:58 localhost magmad[1080329]: ERROR:root:Metrics upload error for service subscriberdb (chunk 0)! [StatusCode.DEADLINE_EXCEEDED] Deadline Exceeded
Apr 15 16:55:58 localhost magmad[1080329]: ERROR:root:Metrics upload error for service mobilityd (chunk 0)! [StatusCode.DEADLINE_EXCEEDED] Deadline Exceeded
Apr 15 16:55:58 localhost magmad[1080329]: ERROR:root:Metrics upload error for service mme (chunk 0)! [StatusCode.DEADLINE_EXCEEDED] Deadline Exceeded
Apr 15 16:55:58 localhost magmad[1080329]: ERROR:root:Metrics upload error for service magmad (chunk 0)! [StatusCode.DEADLINE_EXCEEDED] Deadline Exceeded
Apr 15 16:55:58 localhost magmad[1080329]: ERROR:root:Metrics upload error for service enodebd (chunk 0)! [StatusCode.DEADLINE_EXCEEDED] Deadline Exceeded
Apr 15 16:55:58 localhost magmad[1080329]: ERROR:root:Metrics upload error for service pipelined (chunk 0)! [StatusCode.DEADLINE_EXCEEDED] Deadline Exceeded
Apr 15 16:55:58 localhost magmad[1080329]: ERROR:root:Metrics upload error for service state (chunk 0)! [StatusCode.DEADLINE_EXCEEDED] Deadline Exceeded
Apr 15 16:55:58 localhost magmad[1080329]: ERROR:root:Metrics upload error for service sessiond (chunk 0)! [StatusCode.DEADLINE_EXCEEDED] Deadline Exceeded
Apr 15 16:55:58 localhost magmad[1080329]: INFO:root:Checking for upgrade...
Apr 15 16:55:58 localhost magmad[1080329]: WARNING:root:magmad package_version config missing or set to default 0.0.0-0, skipping upgrade
Apr 15 16:55:58 localhost smsd[1080506]: INFO:root:mme non_eps_service_config is not SMS_ORC8R, sleeping.
Apr 15 16:55:59 localhost control_proxy[1080568]: 2022-04-15T16:55:58.793Z [127.0.0.1 -> state-controller.magmasi.wavelabs.in,8443] "POST /magma.orc8r.StateService/ReportStates HTTP/2" 200 5bytes 0.506s
Apr 15 16:55:59 localhost magmad[1080329]: INFO:root:Checkin Successful! Successfully sent states to the cloud!
Apr 15 16:56:00 localhost dhclient[601]: DHCPREQUEST for 172.16.5.121 on eth1 to 172.16.5.2 port 67 (xid=0x1858e024)
Apr 15 16:56:03 localhost control_proxy[1080568]: 2022-04-15T16:56:02.756Z [127.0.0.1 -> streamer-controller.magmasi.wavelabs.in,8443] "POST /magma.orc8r.Streamer/GetUpdates HTTP/2" 200 173bytes 0.277s
Apr 15 16:56:03 localhost policydb[1080479]: INFO:root:Processing 4 policy updates (resync=True)
Apr 15 16:56:03 localhost control_proxy[1080568]: 2022-04-15T16:56:03.040Z [127.0.0.1 -> streamer-controller.magmasi.wavelabs.in,8443] "POST /magma.orc8r.Streamer/GetUpdates HTTP/2" 200 7bytes 0.267s
Apr 15 16:56:03 localhost policydb[1080479]: INFO:root:Processing 0 basename -> policy updates
Apr 15 16:56:03 localhost control_proxy[1080568]: 2022-04-15T16:56:03.040Z [127.0.0.1 -> streamer-controller.magmasi.wavelabs.in,8443] "POST /magma.orc8r.Streamer/GetUpdates HTTP/2" 200 13513bytes 0.329s
Apr 15 16:56:03 localhost policydb[1080479]: INFO:root:Processing 222 SID -> apn -> policy updates
Apr 15 16:56:03 localhost control_proxy[1080568]: 2022-04-15T16:56:03.040Z [127.0.0.1 -> streamer-controller.magmasi.wavelabs.in,8443] "POST /magma.orc8r.Streamer/GetUpdates HTTP/2" 200 7bytes 0.263s
Apr 15 16:56:03 localhost policydb[1080479]: INFO:root:Processing 0 rating group updates
Apr 15 16:56:04 localhost smsd[1080506]: INFO:root:mme non_eps_service_config is not SMS_ORC8R, sleeping.
Apr 15 16:56:05 localhost mobilityd[1080398]: INFO:root:Using GW info: {'default': {2: ('172.16.4.1', 'eth0')}, 2: [('172.16.4.1', 'eth0', True)]}
Apr 15 16:56:05 localhost mobilityd[1080398]: INFO:root:GW-v6 probe: timer started
Apr 15 16:56:09 localhost smsd[1080506]: INFO:root:mme non_eps_service_config is not SMS_ORC8R, sleeping.
Apr 15 16:56:09 localhost dhclient[601]: DHCPREQUEST for 172.16.5.121 on eth1 to 172.16.5.2 port 67 (xid=0x1858e024)
Apr 15 16:56:13 localhost sctpd[1080680]: I0415 16:56:13.093971 1081128 sctp_connection.cpp:195] Unhandled notification type 32776
Apr 15 16:56:14 localhost smsd[1080506]: INFO:root:mme non_eps_service_config is not SMS_ORC8R, sleeping.
Apr 15 16:56:14 localhost sctpd[1080680]: I0415 16:56:14.153769 1081128 sctp_connection.cpp:195] Unhandled notification type 32777
Apr 15 16:56:14 localhost sctpd[1080680]: I0415 16:56:14.382611 1081128 sctp_connection.cpp:195] Unhandled notification type 32777
Apr 15 16:56:14 localhost sctpd[1080680]: I0415 16:56:14.501230 1081128 sctp_connection.cpp:195] Unhandled notification type 32777
Apr 15 16:56:14 localhost mme[1081088]: [DEBUG] Sending S6A-UPDATE_LOCATION_REQUEST with IMSI: 222700000000001
Apr 15 16:56:14 localhost mme[1081088]: [INFO] Received S6A-LOCATION-UPDATE_ANSWER for IMSI: 222700000000001; Status: ; StatusCode: 2001
Apr 15 16:56:14 localhost mme[1081088]: [INFO] sent itti S6A-LOCATION-UPDATE_ANSWER for IMSI: 222700000000001
Apr 15 16:56:14 localhost sctpd[1080680]: I0415 16:56:14.617687 1081128 sctp_connection.cpp:195] Unhandled notification type 32777
Apr 15 16:56:18 localhost dhclient[601]: DHCPREQUEST for 172.16.5.121 on eth1 to 172.16.5.2 port 67 (xid=0x1858e024)
Apr 15 16:56:19 localhost smsd[1080506]: INFO:root:mme non_eps_service_config is not SMS_ORC8R, sleeping.
Apr 15 16:56:20 localhost mme[1081088]: [DEBUG] Sending S6A-UPDATE_LOCATION_REQUEST with IMSI: 222700000000001
Apr 15 16:56:20 localhost mme[1081088]: [INFO] Received S6A-LOCATION-UPDATE_ANSWER for IMSI: 222700000000001; Status: ; StatusCode: 2001
Apr 15 16:56:20 localhost mme[1081088]: [INFO] sent itti S6A-LOCATION-UPDATE_ANSWER for IMSI: 222700000000001
Apr 15 16:56:20 localhost sctpd[1080680]: I0415 16:56:20.720715 1081128 sctp_connection.cpp:195] Unhandled notification type 32777
Apr 15 16:56:24 localhost smsd[1080506]: INFO:root:mme non_eps_service_config is not SMS_ORC8R, sleeping.
Apr 15 16:56:25 localhost mobilityd[1080398]: INFO:root:Using GW info: {'default': {2: ('172.16.4.1', 'eth0')}, 2: [('172.16.4.1', 'eth0', True)]}
Apr 15 16:56:25 localhost mobilityd[1080398]: INFO:root:GW-v6 probe: timer started
Apr 15 16:56:26 localhost mme[1081088]: [DEBUG] Sending S6A-UPDATE_LOCATION_REQUEST with IMSI: 222700000000001
Apr 15 16:56:26 localhost mme[1081088]: [INFO] Received S6A-LOCATION-UPDATE_ANSWER for IMSI: 222700000000001; Status: ; StatusCode: 2001
Apr 15 16:56:26 localhost mme[1081088]: [INFO] sent itti S6A-LOCATION-UPDATE_ANSWER for IMSI: 222700000000001
Apr 15 16:56:26 localhost sctpd[1080680]: I0415 16:56:26.724547 1081128 sctp_connection.cpp:195] Unhandled notification type 32777
Apr 15 16:56:29 localhost smsd[1080506]: INFO:root:mme non_eps_service_config is not SMS_ORC8R, sleeping.
Apr 15 16:56:32 localhost mme[1081088]: [DEBUG] Sending S6A-UPDATE_LOCATION_REQUEST with IMSI: 222700000000001
Apr 15 16:56:32 localhost mme[1081088]: [INFO] Received S6A-LOCATION-UPDATE_ANSWER for IMSI: 222700000000001; Status: ; StatusCode: 2001
Apr 15 16:56:32 localhost mme[1081088]: [INFO] sent itti S6A-LOCATION-UPDATE_ANSWER for IMSI: 222700000000001
Apr 15 16:56:34 localhost smsd[1080506]: INFO:root:mme non_eps_service_config is not SMS_ORC8R, sleeping.
Apr 15 16:56:36 localhost dhclient[601]: DHCPREQUEST for 172.16.5.121 on eth1 to 172.16.5.2 port 67 (xid=0x1858e024)
Apr 15 16:56:38 localhost mme[1081088]: [DEBUG] Sending S6A-UPDATE_LOCATION_REQUEST with IMSI: 222700000000001
Apr 15 16:56:38 localhost mme[1081088]: [INFO] Received S6A-LOCATION-UPDATE_ANSWER for IMSI: 222700000000001; Status: ; StatusCode: 2001
Apr 15 16:56:38 localhost mme[1081088]: [INFO] sent itti S6A-LOCATION-UPDATE_ANSWER for IMSI: 222700000000001
Apr 15 16:56:39 localhost smsd[1080506]: INFO:root:mme non_eps_service_config is not SMS_ORC8R, sleeping.
Apr 15 16:56:41 localhost sctpd[1080680]: I0415 16:56:41.182521 1081128 sctp_connection.cpp:195] Unhandled notification type 32776
Apr 15 16:56:42 localhost sctpd[1080680]: I0415 16:56:42.242816 1081128 sctp_connection.cpp:195] Unhandled notification type 32777
Apr 15 16:56:44 localhost smsd[1080506]: INFO:root:mme non_eps_service_config is not SMS_ORC8R, sleeping.
Apr 15 16:56:45 localhost dhclient[601]: DHCPREQUEST for 172.16.5.121 on eth1 to 172.16.5.2 port 67 (xid=0x1858e024)
Apr 15 16:56:45 localhost mobilityd[1080398]: INFO:root:Using GW info: {'default': {2: ('172.16.4.1', 'eth0')}, 2: [('172.16.4.1', 'eth0', True)]}
Apr 15 16:56:45 localhost mobilityd[1080398]: INFO:root:GW-v6 probe: timer started
Apr 15 16:56:47 localhost magmad[1080329]: INFO:root:[SyncRPC] Got heartBeat from cloud
Apr 15 16:56:49 localhost smsd[1080506]: INFO:root:mme non_eps_service_config is not SMS_ORC8R, sleeping.
Apr 15 16:56:49 localhost magmad[1080329]: ERROR:root:Metrics upload error for service subscriberdb (chunk 0)! [StatusCode.DEADLINE_EXCEEDED] Deadline Exceeded
Apr 15 16:56:49 localhost magmad[1080329]: ERROR:root:Metrics upload error for service mobilityd (chunk 0)! [StatusCode.DEADLINE_EXCEEDED] Deadline Exceeded
Apr 15 16:56:49 localhost magmad[1080329]: ERROR:root:Metrics upload error for service mme (chunk 0)! [StatusCode.DEADLINE_EXCEEDED] Deadline Exceeded
Apr 15 16:56:49 localhost magmad[1080329]: ERROR:root:Metrics upload error for service magmad (chunk 0)! [StatusCode.DEADLINE_EXCEEDED] Deadline Exceeded
Apr 15 16:56:49 localhost magmad[1080329]: ERROR:root:Metrics upload error for service enodebd (chunk 0)! [StatusCode.DEADLINE_EXCEEDED] Deadline Exceeded
Apr 15 16:56:49 localhost magmad[1080329]: ERROR:root:Metrics upload error for service pipelined (chunk 0)! [StatusCode.DEADLINE_EXCEEDED] Deadline Exceeded
Apr 15 16:56:49 localhost magmad[1080329]: ERROR:root:Metrics upload error for service state (chunk 0)! [StatusCode.DEADLINE_EXCEEDED] Deadline Exceeded
Apr 15 16:56:49 localhost magmad[1080329]: ERROR:root:Metrics upload error for service sessiond (chunk 0)! [StatusCode.DEADLINE_EXCEEDED] Deadline Exceeded
Apr 15 16:56:54 localhost smsd[1080506]: INFO:root:mme non_eps_service_config is not SMS_ORC8R, sleeping.
Apr 15 16:56:59 localhost sctpd[1080680]: I0415 16:56:59.027202 1081128 sctp_connection.cpp:195] Unhandled notification type 32776
Apr 15 16:56:59 localhost dhclient[601]: DHCPREQUEST for 172.16.5.121 on eth1 to 172.16.5.2 port 67 (xid=0x1858e024)
Apr 15 16:56:59 localhost smsd[1080506]: INFO:root:mme non_eps_service_config is not SMS_ORC8R, sleeping.
Apr 15 16:56:59 localhost magmad[1080329]: INFO:root:Setting logging level to INFO
Apr 15 16:57:00 localhost sctpd[1080680]: I0415 16:57:00.085809 1081128 sctp_connection.cpp:195] Unhandled notification type 32777
Apr 15 16:57:00 localhost sctpd[1080680]: I0415 16:57:00.315238 1081128 sctp_connection.cpp:195] Unhandled notification type 32777
Apr 15 16:57:00 localhost sctpd[1080680]: I0415 16:57:00.438555 1081128 sctp_connection.cpp:195] Unhandled notification type 32777
Apr 15 16:57:00 localhost mme[1081088]: [DEBUG] Sending S6A-UPDATE_LOCATION_REQUEST with IMSI: 222700000000001
Apr 15 16:57:00 localhost mme[1081088]: [INFO] Received S6A-LOCATION-UPDATE_ANSWER for IMSI: 222700000000001; Status: ; StatusCode: 2001
Apr 15 16:57:00 localhost mme[1081088]: [INFO] sent itti S6A-LOCATION-UPDATE_ANSWER for IMSI: 222700000000001
Apr 15 16:57:00 localhost sctpd[1080680]: I0415 16:57:00.553964 1081128 sctp_connection.cpp:195] Unhandled notification type 32777
Apr 15 16:57:02 localhost sctpd[1080680]: I0415 16:57:02.937538 1081128 sctp_connection.cpp:195] Unhandled notification type 32777
Apr 15 16:57:04 localhost smsd[1080506]: INFO:root:mme non_eps_service_config is not SMS_ORC8R, sleeping.
Apr 15 16:57:04 localhost control_proxy[1080568]: 2022-04-15T16:57:03.970Z [127.0.0.1 -> streamer-controller.magmasi.wavelabs.in,8443] "POST /magma.orc8r.Streamer/GetUpdates HTTP/2" 200 173bytes 0.521s
Apr 15 16:57:04 localhost policydb[1080479]: INFO:root:Processing 4 policy updates (resync=True)
Apr 15 16:57:04 localhost control_proxy[1080568]: 2022-04-15T16:57:04.495Z [127.0.0.1 -> streamer-controller.magmasi.wavelabs.in,8443] "POST /magma.orc8r.Streamer/GetUpdates HTTP/2" 200 7bytes 0.268s
Apr 15 16:57:04 localhost policydb[1080479]: INFO:root:Processing 0 basename -> policy updates
Apr 15 16:57:05 localhost control_proxy[1080568]: 2022-04-15T16:57:04.495Z [127.0.0.1 -> streamer-controller.magmasi.wavelabs.in,8443] "POST /magma.orc8r.Streamer/GetUpdates HTTP/2" 200 13513bytes 0.310s
Apr 15 16:57:05 localhost policydb[1080479]: INFO:root:Processing 222 SID -> apn -> policy updates
Apr 15 16:57:05 localhost sctpd[1080680]: I0415 16:57:05.158833 1081128 sctp_connection.cpp:195] Unhandled notification type 32777
Apr 15 16:57:05 localhost sctpd[1080680]: I0415 16:57:05.272122 1081128 sctp_connection.cpp:195] Unhandled notification type 32777
Apr 15 16:57:05 localhost control_proxy[1080568]: 2022-04-15T16:57:05.086Z [127.0.0.1 -> streamer-controller.magmasi.wavelabs.in,8443] "POST /magma.orc8r.Streamer/GetUpdates HTTP/2" 200 7bytes 0.265s
Apr 15 16:57:05 localhost policydb[1080479]: INFO:root:Processing 0 rating group updates
Apr 15 16:57:05 localhost mobilityd[1080398]: INFO:root:Using GW info: {'default': {2: ('172.16.4.1', 'eth0')}, 2: [('172.16.4.1', 'eth0', True)]}
Apr 15 16:57:05 localhost mobilityd[1080398]: INFO:root:GW-v6 probe: timer started
Apr 15 16:57:05 localhost sctpd[1080680]: I0415 16:57:05.394032 1081128 sctp_connection.cpp:195] Unhandled notification type 32777
Apr 15 16:57:05 localhost mme[1081088]: [DEBUG] Sending S6A-UPDATE_LOCATION_REQUEST with IMSI: 222700000000001
Apr 15 16:57:05 localhost mme[1081088]: [INFO] Received S6A-LOCATION-UPDATE_ANSWER for IMSI: 222700000000001; Status: ; StatusCode: 2001
Apr 15 16:57:05 localhost mme[1081088]: [INFO] sent itti S6A-LOCATION-UPDATE_ANSWER for IMSI: 222700000000001
Apr 15 16:57:05 localhost sctpd[1080680]: I0415 16:57:05.514277 1081128 sctp_connection.cpp:195] Unhandled notification type 32777
Apr 15 16:57:07 localhost mobilityd[1080398]: INFO:root:Allocated IP 192.168.128.159 for sid IMSI222700000000001 for apn default
Apr 15 16:57:07 localhost policydb[1080479]: INFO:root:Creating a session for subscriber ID: IMSI222700000000001
Apr 15 16:57:07 localhost sessiond[1080406]: I0415 16:57:07.723876 1080406 SetMessageManagerHandler.cpp:342] Processing a CreateSessionResponse for IMSI222700000000001-920087
Apr 15 16:57:07 localhost sessiond[1080406]: I0415 16:57:07.724143 1080406 SessionState.cpp:2774] RuleID allowlist_sid-IMSI222700000000001-default doesn't have a version registered for IMSI222700000000001-920087, this is unexpected
Apr 15 16:57:07 localhost mme[1081088]: PDUSessionResourceSetupRequestTransfer ::= {
Apr 15 16:57:07 localhost mme[1081088]:     protocolIEs: ProtocolIE-Container ::= {
Apr 15 16:57:07 localhost mme[1081088]:         PDUSessionResourceSetupRequestTransferIEs ::= {
Apr 15 16:57:07 localhost mme[1081088]:             id: 130
Apr 15 16:57:07 localhost mme[1081088]:             criticality: 0 (reject)
Apr 15 16:57:07 localhost mme[1081088]:             value: PDUSessionAggregateMaximumBitRate ::= {
Apr 15 16:57:07 localhost mme[1081088]:                 pDUSessionAggregateMaximumBitRateDL: 100000000
Apr 15 16:57:07 localhost mme[1081088]:                 pDUSessionAggregateMaximumBitRateUL: 100000000
Apr 15 16:57:07 localhost mme[1081088]:             }
Apr 15 16:57:07 localhost mme[1081088]:         }
Apr 15 16:57:07 localhost mme[1081088]:         PDUSessionResourceSetupRequestTransferIEs ::= {
Apr 15 16:57:07 localhost mme[1081088]:             id: 139
Apr 15 16:57:07 localhost mme[1081088]:             criticality: 0 (reject)
Apr 15 16:57:07 localhost mme[1081088]:             value: GTPTunnel ::= {
Apr 15 16:57:07 localhost mme[1081088]:                 transportLayerAddress: AC 10 05 79
Apr 15 16:57:07 localhost mme[1081088]:                 gTP-TEID: 80 00 00 01
Apr 15 16:57:07 localhost mme[1081088]:             }
Apr 15 16:57:07 localhost mme[1081088]:         }
Apr 15 16:57:07 localhost mme[1081088]:         PDUSessionResourceSetupRequestTransferIEs ::= {
Apr 15 16:57:07 localhost mme[1081088]:             id: 134
Apr 15 16:57:07 localhost mme[1081088]:             criticality: 0 (reject)
Apr 15 16:57:07 localhost mme[1081088]:             value: 0 (ipv4)
Apr 15 16:57:07 localhost mme[1081088]:         }
Apr 15 16:57:07 localhost mme[1081088]:         PDUSessionResourceSetupRequestTransferIEs ::= {
Apr 15 16:57:07 localhost mme[1081088]:             id: 136
Apr 15 16:57:07 localhost mme[1081088]:             criticality: 0 (reject)
Apr 15 16:57:07 localhost mme[1081088]:             value: QosFlowSetupRequestList ::= {
Apr 15 16:57:07 localhost mme[1081088]:                 QosFlowSetupRequestItem ::= {
Apr 15 16:57:07 localhost mme[1081088]:                     qosFlowIdentifier: 9
Apr 15 16:57:07 localhost mme[1081088]:                     qosFlowLevelQosParameters: QosFlowLevelQosParameters ::= {
Apr 15 16:57:07 localhost mme[1081088]:                         qosCharacteristics: NonDynamic5QIDescriptor ::= {
Apr 15 16:57:07 localhost mme[1081088]:                             fiveQI: 9
Apr 15 16:57:07 localhost mme[1081088]:                         }
Apr 15 16:57:07 localhost mme[1081088]:                         allocationAndRetentionPriority: AllocationAndRetentionPriority ::= {
Apr 15 16:57:07 localhost mme[1081088]:                             priorityLevelARP: 15
Apr 15 16:57:07 localhost mme[1081088]:                             pre-emptionCapability: 0 (shall-not-trigger-pre-emption)
Apr 15 16:57:07 localhost mme[1081088]:                             pre-emptionVulnerability: 0 (not-pre-emptable)
Apr 15 16:57:07 localhost mme[1081088]:                         }
Apr 15 16:57:07 localhost mme[1081088]:                     }
Apr 15 16:57:07 localhost mme[1081088]:                 }
Apr 15 16:57:07 localhost mme[1081088]:             }
Apr 15 16:57:07 localhost mme[1081088]:         }
Apr 15 16:57:07 localhost mme[1081088]:     }
Apr 15 16:57:07 localhost mme[1081088]: }
Apr 15 16:57:07 localhost sctpd[1080680]: I0415 16:57:07.806774 1081128 sctp_connection.cpp:195] Unhandled notification type 32777
Apr 15 16:57:07 localhost sessiond[1080406]: I0415 16:57:07.810176 1080406 SessionStateEnforcer.cpp:869]  AMF teid: 40000000 ip address 10.10.10.11 of imsi: IMSI222700000000001 fteid: 2147483649 pdu id: 1 UE ip address 192.168.128.159
Apr 15 16:57:07 localhost eventd[1080489]: DEBUG:root:Logging event: stream_name: "sessiond"
Apr 15 16:57:07 localhost eventd[1080489]: event_type: "session_created"
Apr 15 16:57:07 localhost eventd[1080489]: tag: "IMSI222700000000001"
Apr 15 16:57:07 localhost eventd[1080489]: value: "{\"mac_addr\":\"\",\"user_location\":\"\",\"spgw_ip\":\"\",\"imei\":\"\",\"pdp_start_time\":0,\"session_id\":\"IMSI222700000000001-920087\",\"apn\":\"default\",\"msisdn\":\"\",\"charging_characteristics\":\"\",\"ipv6_addr\":\"\",\"ip_addr\":\"192.168.128.159\",\"imsi\":\"IMSI222700000000001\"}"
Apr 15 16:57:07 localhost eventd[1080489]: ERROR:root:Connection to FluentBit failed: [Errno 111] Connection refused
Apr 15 16:57:07 localhost eventd[1080489]: INFO:root:FluentBit (td-agent-bit) may not be enabled or configured correctly
Apr 15 16:57:07 localhost sessiond[1080406]: I0415 16:57:07.824427 1080421 SessionEvents.cpp:131] Could not log session_created event {"mac_addr":"","user_location":"","spgw_ip":"","imei":"","pdp_start_time":0,"session_id":"IMSI222700000000001-920087","apn":"default","msisdn":"","charging_characteristics":"","ipv6_addr":"","ip_addr":"192.168.128.159","imsi":"IMSI222700000000001"}, Error Message: Could not connect to FluentBit locally, Details: [Errno 111] Connection refused
Apr 15 16:57:08 localhost sessiond[1080406]: I0415 16:57:08.016842 1080406 SetMessageManagerHandler.cpp:142] Release request for session from IMSI: IMSI222700000000001 pdu_id 1
Apr 15 16:57:08 localhost mobilityd[1080398]: INFO:root:Released IP 192.168.128.159 for sid IMSI222700000000001
Apr 15 16:57:08 localhost dhclient[601]: DHCPREQUEST for 172.16.5.121 on eth1 to 172.16.5.2 port 67 (xid=0x1858e024)
Apr 15 16:57:08 localhost policydb[1080479]: INFO:root:Terminating session: IMSI222700000000001-920087
Apr 15 16:57:08 localhost eventd[1080489]: DEBUG:root:Logging event: stream_name: "sessiond"
Apr 15 16:57:08 localhost eventd[1080489]: event_type: "session_terminated"
Apr 15 16:57:08 localhost eventd[1080489]: tag: "IMSI222700000000001"
Apr 15 16:57:08 localhost eventd[1080489]: value: "{\"mac_addr\":\"\",\"user_location\":\"\",\"spgw_ip\":\"\",\"imei\":\"\",\"record_sequence_number\":1,\"pdp_end_time\":33,\"charging_rx\":0,\"duration\":33,\"ip_addr\":\"192.168.128.159\",\"monitoring_tx\":0,\"ipv6_addr\":\"\",\"msisdn\":\"\",\"apn\":\"default\",\"session_id\":\"IMSI222700000000001-920087\",\"list_of_service_data\":[],\"charging_characteristics\":\"\",\"total_tx\":0,\"cause_for_rec_closing\":0,\"imsi\":\"IMSI222700000000001\",\"total_rx\":0,\"monitoring_rx\":0,\"charging_tx\":0,\"pdp_start_time\":0}"
Apr 15 16:57:08 localhost eventd[1080489]: ERROR:root:Connection to FluentBit failed: [Errno 111] Connection refused
Apr 15 16:57:08 localhost eventd[1080489]: INFO:root:FluentBit (td-agent-bit) may not be enabled or configured correctly
Apr 15 16:57:08 localhost sessiond[1080406]: I0415 16:57:08.044207 1080421 SessionEvents.cpp:291] Could not log session_terminated event {"mac_addr":"","user_location":"","spgw_ip":"","imei":"","record_sequence_number":1,"pdp_end_time":33,"charging_rx":0,"duration":33,"ip_addr":"192.168.128.159","monitoring_tx":0,"ipv6_addr":"","msisdn":"","apn":"default","session_id":"IMSI222700000000001-920087","list_of_service_data":[],"charging_characteristics":"","total_tx":0,"cause_for_rec_closing":0,"imsi":"IMSI222700000000001","total_rx":0,"monitoring_rx":0,"charging_tx":0,"pdp_start_time":0}, Error Message: Could not connect to FluentBit locally, Details: [Errno 111] Connection refused
Apr 15 16:57:08 localhost sctpd[1080680]: I0415 16:57:08.193572 1081128 sctp_connection.cpp:195] Unhandled notification type 32777
Apr 15 16:57:09 localhost smsd[1080506]: INFO:root:mme non_eps_service_config is not SMS_ORC8R, sleeping.
Apr 15 16:57:13 localhost sessiond[1080406]: I0415 16:57:13.019718 1080406 SessionStateEnforcer.cpp:377] Nothing to remove as no respective entry found for session id IMSI222700000000001-920087 of IMSI IMSI222700000000001
Apr 15 16:57:14 localhost smsd[1080506]: INFO:root:mme non_eps_service_config is not SMS_ORC8R, sleeping.
Apr 15 16:57:18 localhost control_proxy[1080568]: 2022-04-15T16:57:18.378Z [127.0.0.1 -> state-controller.magmasi.wavelabs.in,8443] "POST /magma.orc8r.StateService/ReportStates HTTP/2" 200 5bytes 0.258s
Apr 15 16:57:18 localhost magmad[1080329]: INFO:root:Checkin Successful! Successfully sent states to the cloud!
Apr 15 16:57:19 localhost dhclient[601]: DHCPREQUEST for 172.16.5.121 on eth1 to 172.16.5.2 port 67 (xid=0x1858e024)
Apr 15 16:57:19 localhost smsd[1080506]: INFO:root:mme non_eps_service_config is not SMS_ORC8R, sleeping.
Apr 15 16:57:24 localhost smsd[1080506]: INFO:root:mme non_eps_service_config is not SMS_ORC8R, sleeping.
Apr 15 16:57:25 localhost mobilityd[1080398]: INFO:root:Using GW info: {'default': {2: ('172.16.4.1', 'eth0')}, 2: [('172.16.4.1', 'eth0', True)]}
Apr 15 16:57:25 localhost mobilityd[1080398]: INFO:root:GW-v6 probe: timer started
Apr 15 16:57:27 localhost sctpd[1080680]: I0415 16:57:27.406571 1081128 sctp_connection.cpp:195] Unhandled notification type 32776
Apr 15 16:57:28 localhost sctpd[1080680]: I0415 16:57:28.466290 1081128 sctp_connection.cpp:195] Unhandled notification type 32777
Apr 15 16:57:28 localhost sctpd[1080680]: I0415 16:57:28.696061 1081128 sctp_connection.cpp:195] Unhandled notification type 32777
Apr 15 16:57:29 localhost smsd[1080506]: INFO:root:mme non_eps_service_config is not SMS_ORC8R, sleeping.
Apr 15 16:57:33 localhost dhclient[601]: DHCPREQUEST for 172.16.5.121 on eth1 to 172.16.5.2 port 67 (xid=0x1858e024)
Apr 15 16:57:34 localhost smsd[1080506]: INFO:root:mme non_eps_service_config is not SMS_ORC8R, sleeping.
Apr 15 16:57:39 localhost smsd[1080506]: INFO:root:mme non_eps_service_config is not SMS_ORC8R, sleeping.
Apr 15 16:57:40 localhost dhclient[601]: DHCPREQUEST for 172.16.5.121 on eth1 to 172.16.5.2 port 67 (xid=0x1858e024)
Apr 15 16:57:44 localhost smsd[1080506]: INFO:root:mme non_eps_service_config is not SMS_ORC8R, sleeping.
Apr 15 16:57:45 localhost control_proxy[1080568]: 2022-04-15T16:56:44.875Z [127.0.0.1 -> streamer-controller.magmasi.wavelabs.in,8443] "POST /magma.orc8r.Streamer/GetUpdates HTTP/2" 200 0bytes 60.505s
Apr 15 16:57:45 localhost magmad[1080329]: ERROR:root:Error! Streaming from the cloud failed! [StatusCode.ABORTED] error while streaming updates: rpc error: code = DeadlineExceeded desc = context deadline exceeded
Apr 15 16:57:45 localhost mobilityd[1080398]: INFO:root:Using GW info: {'default': {2: ('172.16.4.1', 'eth0')}, 2: [('172.16.4.1', 'eth0', True)]}
Apr 15 16:57:45 localhost mobilityd[1080398]: INFO:root:GW-v6 probe: timer started
Apr 15 16:57:47 localhost magmad[1080329]: INFO:root:[SyncRPC] Got heartBeat from cloud
Apr 15 16:57:49 localhost magmad[1080329]: ERROR:root:Metrics upload error for service subscriberdb (chunk 0)! [StatusCode.DEADLINE_EXCEEDED] Deadline Exceeded
Apr 15 16:57:49 localhost magmad[1080329]: ERROR:root:Metrics upload error for service mobilityd (chunk 0)! [StatusCode.DEADLINE_EXCEEDED] Deadline Exceeded
Apr 15 16:57:49 localhost magmad[1080329]: ERROR:root:Metrics upload error for service mme (chunk 0)! [StatusCode.DEADLINE_EXCEEDED] Deadline Exceeded
Apr 15 16:57:49 localhost magmad[1080329]: ERROR:root:Metrics upload error for service magmad (chunk 0)! [StatusCode.DEADLINE_EXCEEDED] Deadline Exceeded
Apr 15 16:57:49 localhost magmad[1080329]: ERROR:root:Metrics upload error for service enodebd (chunk 0)! [StatusCode.DEADLINE_EXCEEDED] Deadline Exceeded
Apr 15 16:57:49 localhost magmad[1080329]: ERROR:root:Metrics upload error for service pipelined (chunk 0)! [StatusCode.DEADLINE_EXCEEDED] Deadline Exceeded
Apr 15 16:57:49 localhost magmad[1080329]: ERROR:root:Metrics upload error for service state (chunk 0)! [StatusCode.DEADLINE_EXCEEDED] Deadline Exceeded
Apr 15 16:57:49 localhost magmad[1080329]: ERROR:root:Metrics upload error for service sessiond (chunk 0)! [StatusCode.DEADLINE_EXCEEDED] Deadline Exceeded
Apr 15 16:57:49 localhost smsd[1080506]: INFO:root:mme non_eps_service_config is not SMS_ORC8R, sleeping.
Apr 15 16:57:51 localhost sctpd[1080680]: I0415 16:57:51.046559 1081128 sctp_connection.cpp:195] Unhandled notification type 32776
Apr 15 16:57:52 localhost sctpd[1080680]: I0415 16:57:52.109007 1081128 sctp_connection.cpp:195] Unhandled notification type 32777
Apr 15 16:57:52 localhost sctpd[1080680]: I0415 16:57:52.353056 1081128 sctp_connection.cpp:195] Unhandled notification type 32777
Apr 15 16:57:52 localhost sctpd[1080680]: I0415 16:57:52.467033 1081128 sctp_connection.cpp:195] Unhandled notification type 32777
Apr 15 16:57:52 localhost sctpd[1080680]: I0415 16:57:52.594218 1081128 sctp_connection.cpp:195] Unhandled notification type 32777
Apr 15 16:57:52 localhost mme[1081088]: [DEBUG] Sending S6A-UPDATE_LOCATION_REQUEST with IMSI: 222700000000001
Apr 15 16:57:52 localhost mme[1081088]: [INFO] Received S6A-LOCATION-UPDATE_ANSWER for IMSI: 222700000000001; Status: ; StatusCode: 2001
Apr 15 16:57:52 localhost mme[1081088]: [INFO] sent itti S6A-LOCATION-UPDATE_ANSWER for IMSI: 222700000000001
Apr 15 16:57:52 localhost sctpd[1080680]: I0415 16:57:52.717666 1081128 sctp_connection.cpp:195] Unhandled notification type 32777
Apr 15 16:57:52 localhost mobilityd[1080398]: INFO:root:Allocated IP 192.168.128.160 for sid IMSI222700000000001 for apn default
Apr 15 16:57:52 localhost policydb[1080479]: INFO:root:Creating a session for subscriber ID: IMSI222700000000001
Apr 15 16:57:52 localhost sessiond[1080406]: I0415 16:57:52.947445 1080406 SetMessageManagerHandler.cpp:342] Processing a CreateSessionResponse for IMSI222700000000001-13184
Apr 15 16:57:52 localhost sessiond[1080406]: I0415 16:57:52.947535 1080406 SessionState.cpp:2774] RuleID allowlist_sid-IMSI222700000000001-default doesn't have a version registered for IMSI222700000000001-13184, this is unexpected
Apr 15 16:57:52 localhost mme[1081088]: PDUSessionResourceSetupRequestTransfer ::= {
Apr 15 16:57:52 localhost mme[1081088]:     protocolIEs: ProtocolIE-Container ::= {
Apr 15 16:57:52 localhost mme[1081088]:         PDUSessionResourceSetupRequestTransferIEs ::= {
Apr 15 16:57:52 localhost mme[1081088]:             id: 130
Apr 15 16:57:52 localhost mme[1081088]:             criticality: 0 (reject)
Apr 15 16:57:52 localhost mme[1081088]:             value: PDUSessionAggregateMaximumBitRate ::= {
Apr 15 16:57:52 localhost mme[1081088]:                 pDUSessionAggregateMaximumBitRateDL: 100000000
Apr 15 16:57:52 localhost mme[1081088]:                 pDUSessionAggregateMaximumBitRateUL: 100000000
Apr 15 16:57:52 localhost mme[1081088]:             }
Apr 15 16:57:52 localhost mme[1081088]:         }
Apr 15 16:57:52 localhost mme[1081088]:         PDUSessionResourceSetupRequestTransferIEs ::= {
Apr 15 16:57:52 localhost mme[1081088]:             id: 139
Apr 15 16:57:52 localhost mme[1081088]:             criticality: 0 (reject)
Apr 15 16:57:52 localhost mme[1081088]:             value: GTPTunnel ::= {
Apr 15 16:57:52 localhost mme[1081088]:                 transportLayerAddress: AC 10 05 79
Apr 15 16:57:52 localhost mme[1081088]:                 gTP-TEID: 80 00 00 02
Apr 15 16:57:52 localhost mme[1081088]:             }
Apr 15 16:57:52 localhost mme[1081088]:         }
Apr 15 16:57:52 localhost mme[1081088]:         PDUSessionResourceSetupRequestTransferIEs ::= {
Apr 15 16:57:52 localhost mme[1081088]:             id: 134
Apr 15 16:57:52 localhost mme[1081088]:             criticality: 0 (reject)
Apr 15 16:57:52 localhost mme[1081088]:             value: 0 (ipv4)
Apr 15 16:57:52 localhost mme[1081088]:         }
Apr 15 16:57:52 localhost mme[1081088]:         PDUSessionResourceSetupRequestTransferIEs ::= {
Apr 15 16:57:52 localhost mme[1081088]:             id: 136
Apr 15 16:57:52 localhost mme[1081088]:             criticality: 0 (reject)
Apr 15 16:57:52 localhost mme[1081088]:             value: QosFlowSetupRequestList ::= {
Apr 15 16:57:52 localhost mme[1081088]:                 QosFlowSetupRequestItem ::= {
Apr 15 16:57:52 localhost mme[1081088]:                     qosFlowIdentifier: 9
Apr 15 16:57:52 localhost mme[1081088]:                     qosFlowLevelQosParameters: QosFlowLevelQosParameters ::= {
Apr 15 16:57:52 localhost mme[1081088]:                         qosCharacteristics: NonDynamic5QIDescriptor ::= {
Apr 15 16:57:52 localhost mme[1081088]:                             fiveQI: 9
Apr 15 16:57:52 localhost mme[1081088]:                         }
Apr 15 16:57:52 localhost mme[1081088]:                         allocationAndRetentionPriority: AllocationAndRetentionPriority ::= {
Apr 15 16:57:52 localhost mme[1081088]:                             priorityLevelARP: 15
Apr 15 16:57:52 localhost mme[1081088]:                             pre-emptionCapability: 0 (shall-not-trigger-pre-emption)
Apr 15 16:57:52 localhost mme[1081088]:                             pre-emptionVulnerability: 0 (not-pre-emptable)
Apr 15 16:57:52 localhost mme[1081088]:                         }
Apr 15 16:57:52 localhost mme[1081088]:                     }
Apr 15 16:57:52 localhost mme[1081088]:                 }
Apr 15 16:57:52 localhost mme[1081088]:             }
Apr 15 16:57:52 localhost mme[1081088]:         }
Apr 15 16:57:52 localhost mme[1081088]:     }
Apr 15 16:57:52 localhost mme[1081088]: }
Apr 15 16:57:53 localhost sctpd[1080680]: I0415 16:57:53.018638 1081128 sctp_connection.cpp:195] Unhandled notification type 32777
