Mar 10 14:38:59 localhost smsd[911858]: INFO:root:mme non_eps_service_config is not SMS_ORC8R, sleeping.
Mar 10 14:39:03 localhost sctpd[912035]: I0310 14:39:03.844509 912503 sctp_connection.cpp:167] HandleClientSock sd = 19
Mar 10 14:39:03 localhost sctpd[912035]: I0310 14:39:03.844617 912503 sctp_connection.cpp:189] SCTP association change event received
Mar 10 14:39:03 localhost sctpd[912035]: I0310 14:39:03.847421 912503 sctp_connection.cpp:167] HandleClientSock sd = 19
Mar 10 14:39:03 localhost sctpd[912035]: I0310 14:39:03.847502 912503 sctp_connection.cpp:193] Unhandled notification type 32776
Mar 10 14:39:04 localhost smsd[911858]: INFO:root:mme non_eps_service_config is not SMS_ORC8R, sleeping.
Mar 10 14:39:04 localhost sctpd[912035]: I0310 14:39:04.911413 912503 sctp_connection.cpp:167] HandleClientSock sd = 19
Mar 10 14:39:04 localhost sctpd[912035]: I0310 14:39:04.911525 912503 sctp_connection.cpp:220] [sd:19] msg of len 42 on 3517:0
Mar 10 14:39:04 localhost sctpd[912035]: I0310 14:39:04.914544 912040 sctpd_downlink_impl.cpp:76] SctpdDownlinkImpl::SendDl starting
Mar 10 14:39:04 localhost dnsmasq-dhcp[911941]: DHCPDISCOVER(eth1) fa:16:3e:2a:89:3f 
Mar 10 14:39:04 localhost dnsmasq-dhcp[911941]: DHCPOFFER(eth1) 172.16.7.251 fa:16:3e:2a:89:3f 
Mar 10 14:39:04 localhost sctpd[912035]: I0310 14:39:04.915241 912503 sctp_connection.cpp:167] HandleClientSock sd = 19
Mar 10 14:39:04 localhost sctpd[912035]: I0310 14:39:04.915290 912503 sctp_connection.cpp:193] Unhandled notification type 32777
Mar 10 14:39:07 localhost dhclient[601]: DHCPREQUEST for 172.16.5.121 on eth1 to 172.16.5.2 port 67 (xid=0x4b4058b5)
Mar 10 14:39:07 localhost magmad[911690]: INFO:root:Setting logging level to INFO
Mar 10 14:39:09 localhost smsd[911858]: INFO:root:mme non_eps_service_config is not SMS_ORC8R, sleeping.
Mar 10 14:39:09 localhost mobilityd[911769]: INFO:root:Using GW info: {'default': {2: ('172.16.4.1', 'eth0')}, 2: [('172.16.4.1', 'eth0', True)]}
Mar 10 14:39:09 localhost mobilityd[911769]: INFO:root:GW-v6 probe: timer started
Mar 10 14:39:12 localhost sctpd[912035]: I0310 14:39:12.244755 912503 sctp_connection.cpp:167] HandleClientSock sd = 19
Mar 10 14:39:12 localhost sctpd[912035]: I0310 14:39:12.244868 912503 sctp_connection.cpp:185] SCTP_SHUTDOWN_EVENT received
Mar 10 14:39:12 localhost sctpd[912035]: I0310 14:39:12.244880 912503 sctp_connection.cpp:280] Sending close connection for assoc_id 3517
Mar 10 14:39:12 localhost dnsmasq-dhcp[911941]: DHCPDISCOVER(eth1) fa:16:3e:2a:89:3f 
Mar 10 14:39:12 localhost dnsmasq-dhcp[911941]: DHCPOFFER(eth1) 172.16.7.251 fa:16:3e:2a:89:3f 
Mar 10 14:39:14 localhost smsd[911858]: INFO:root:mme non_eps_service_config is not SMS_ORC8R, sleeping.
Mar 10 14:39:19 localhost smsd[911858]: INFO:root:mme non_eps_service_config is not SMS_ORC8R, sleeping.
Mar 10 14:39:21 localhost sctpd[912035]: I0310 14:39:21.404049 912503 sctp_connection.cpp:167] HandleClientSock sd = 23
Mar 10 14:39:21 localhost sctpd[912035]: I0310 14:39:21.404139 912503 sctp_connection.cpp:189] SCTP association change event received
Mar 10 14:39:21 localhost sctpd[912035]: I0310 14:39:21.405297 912503 sctp_connection.cpp:167] HandleClientSock sd = 23
Mar 10 14:39:21 localhost sctpd[912035]: I0310 14:39:21.405336 912503 sctp_connection.cpp:193] Unhandled notification type 32776
Mar 10 14:39:22 localhost dhclient[601]: DHCPREQUEST for 172.16.5.121 on eth1 to 172.16.5.2 port 67 (xid=0x4b4058b5)
Mar 10 14:39:23 localhost dnsmasq-dhcp[911941]: DHCPDISCOVER(eth1) fa:16:3e:2a:89:3f 
Mar 10 14:39:23 localhost dnsmasq-dhcp[911941]: DHCPOFFER(eth1) 172.16.7.251 fa:16:3e:2a:89:3f 
Mar 10 14:39:24 localhost smsd[911858]: INFO:root:mme non_eps_service_config is not SMS_ORC8R, sleeping.
Mar 10 14:39:25 localhost magmad[911690]: ERROR:root:Metrics upload error for service subscriberdb (chunk 0)! [StatusCode.DEADLINE_EXCEEDED] Deadline Exceeded
Mar 10 14:39:25 localhost magmad[911690]: ERROR:root:Metrics upload error for service mobilityd (chunk 0)! [StatusCode.DEADLINE_EXCEEDED] Deadline Exceeded
Mar 10 14:39:25 localhost magmad[911690]: ERROR:root:Metrics upload error for service mme (chunk 0)! [StatusCode.DEADLINE_EXCEEDED] Deadline Exceeded
Mar 10 14:39:25 localhost magmad[911690]: ERROR:root:Metrics upload error for service magmad (chunk 0)! [StatusCode.DEADLINE_EXCEEDED] Deadline Exceeded
Mar 10 14:39:25 localhost magmad[911690]: ERROR:root:Metrics upload error for service enodebd (chunk 0)! [StatusCode.DEADLINE_EXCEEDED] Deadline Exceeded
Mar 10 14:39:25 localhost magmad[911690]: ERROR:root:Metrics upload error for service pipelined (chunk 0)! [StatusCode.DEADLINE_EXCEEDED] Deadline Exceeded
Mar 10 14:39:25 localhost magmad[911690]: ERROR:root:Metrics upload error for service state (chunk 0)! [StatusCode.DEADLINE_EXCEEDED] Deadline Exceeded
Mar 10 14:39:25 localhost magmad[911690]: ERROR:root:Metrics upload error for service sessiond (chunk 0)! [StatusCode.DEADLINE_EXCEEDED] Deadline Exceeded
Mar 10 14:39:26 localhost control_proxy[911918]: 2022-03-10T14:39:25.938Z [127.0.0.1 -> state-controller.magmasi.wavelabs.in,8443] "POST /magma.orc8r.StateService/ReportStates HTTP/2" 200 5bytes 0.549s
Mar 10 14:39:26 localhost magmad[911690]: INFO:root:Checkin Successful! Successfully sent states to the cloud!
Mar 10 14:39:29 localhost mobilityd[911769]: INFO:root:Using GW info: {'default': {2: ('172.16.4.1', 'eth0')}, 2: [('172.16.4.1', 'eth0', True)]}
Mar 10 14:39:29 localhost mobilityd[911769]: INFO:root:GW-v6 probe: timer started
Mar 10 14:39:29 localhost smsd[911858]: INFO:root:mme non_eps_service_config is not SMS_ORC8R, sleeping.
Mar 10 14:39:31 localhost sctpd[912035]: I0310 14:39:31.207935 912503 sctp_connection.cpp:167] HandleClientSock sd = 23
Mar 10 14:39:31 localhost sctpd[912035]: I0310 14:39:31.208074 912503 sctp_connection.cpp:220] [sd:23] msg of len 42 on 3518:0
Mar 10 14:39:31 localhost sctpd[912035]: I0310 14:39:31.211135 912040 sctpd_downlink_impl.cpp:76] SctpdDownlinkImpl::SendDl starting
Mar 10 14:39:31 localhost sctpd[912035]: I0310 14:39:31.211719 912503 sctp_connection.cpp:167] HandleClientSock sd = 23
Mar 10 14:39:31 localhost sctpd[912035]: I0310 14:39:31.211802 912503 sctp_connection.cpp:193] Unhandled notification type 32777
Mar 10 14:39:31 localhost sctpd[912035]: I0310 14:39:31.329358 912503 sctp_connection.cpp:167] HandleClientSock sd = 23
Mar 10 14:39:31 localhost sctpd[912035]: I0310 14:39:31.329466 912503 sctp_connection.cpp:220] [sd:23] msg of len 88 on 3518:1
Mar 10 14:39:31 localhost sctpd[912035]: I0310 14:39:31.350342 912500 sctpd_downlink_impl.cpp:76] SctpdDownlinkImpl::SendDl starting
Mar 10 14:39:31 localhost sctpd[912035]: I0310 14:39:31.447917 912503 sctp_connection.cpp:167] HandleClientSock sd = 23
Mar 10 14:39:31 localhost sctpd[912035]: I0310 14:39:31.448009 912503 sctp_connection.cpp:193] Unhandled notification type 32777
Mar 10 14:39:31 localhost sctpd[912035]: I0310 14:39:31.448030 912503 sctp_connection.cpp:167] HandleClientSock sd = 23
Mar 10 14:39:31 localhost sctpd[912035]: I0310 14:39:31.448051 912503 sctp_connection.cpp:220] [sd:23] msg of len 67 on 3518:1
Mar 10 14:39:31 localhost sctpd[912035]: I0310 14:39:31.453133 912500 sctpd_downlink_impl.cpp:76] SctpdDownlinkImpl::SendDl starting
Mar 10 14:39:31 localhost sctpd[912035]: I0310 14:39:31.581513 912503 sctp_connection.cpp:167] HandleClientSock sd = 23
Mar 10 14:39:31 localhost sctpd[912035]: I0310 14:39:31.581614 912503 sctp_connection.cpp:193] Unhandled notification type 32777
Mar 10 14:39:31 localhost sctpd[912035]: I0310 14:39:31.581632 912503 sctp_connection.cpp:167] HandleClientSock sd = 23
Mar 10 14:39:31 localhost sctpd[912035]: I0310 14:39:31.581655 912503 sctp_connection.cpp:220] [sd:23] msg of len 56 on 3518:1
Mar 10 14:39:31 localhost mme[912447]: [SIG][D]MME_UNIT_TEST Flag is Disabled
Mar 10 14:39:31 localhost mme[912447]: filename /var/run/mme.pid failed to be written
Mar 10 14:39:31 localhost mme[912447]: [DEBUG] Sending S6A-UPDATE_LOCATION_REQUEST with IMSI: 222700000000001
Mar 10 14:39:31 localhost sctpd[912035]: I0310 14:39:31.588899 912500 sctpd_downlink_impl.cpp:76] SctpdDownlinkImpl::SendDl starting
Mar 10 14:39:31 localhost mme[912447]: [INFO] Received S6A-LOCATION-UPDATE_ANSWER for IMSI: 222700000000001; Status: ; StatusCode: 2001
Mar 10 14:39:31 localhost mme[912447]: [INFO] sent itti S6A-LOCATION-UPDATE_ANSWER for IMSI: 222700000000001
Mar 10 14:39:31 localhost sctpd[912035]: I0310 14:39:31.702669 912503 sctp_connection.cpp:167] HandleClientSock sd = 23
Mar 10 14:39:31 localhost sctpd[912035]: I0310 14:39:31.702769 912503 sctp_connection.cpp:193] Unhandled notification type 32777
Mar 10 14:39:31 localhost sctpd[912035]: I0310 14:39:31.702787 912503 sctp_connection.cpp:167] HandleClientSock sd = 23
Mar 10 14:39:31 localhost sctpd[912035]: I0310 14:39:31.702808 912503 sctp_connection.cpp:220] [sd:23] msg of len 22 on 3518:1
Mar 10 14:39:31 localhost dhclient[601]: DHCPREQUEST for 172.16.5.121 on eth1 to 172.16.5.2 port 67 (xid=0x4b4058b5)
Mar 10 14:39:31 localhost sctpd[912035]: I0310 14:39:31.906738 912503 sctp_connection.cpp:167] HandleClientSock sd = 23
Mar 10 14:39:31 localhost sctpd[912035]: I0310 14:39:31.906849 912503 sctp_connection.cpp:220] [sd:23] msg of len 56 on 3518:1
Mar 10 14:39:34 localhost smsd[911858]: INFO:root:mme non_eps_service_config is not SMS_ORC8R, sleeping.
Mar 10 14:39:36 localhost dnsmasq-dhcp[911941]: DHCPDISCOVER(eth1) fa:16:3e:2a:89:3f 
Mar 10 14:39:36 localhost dnsmasq-dhcp[911941]: DHCPOFFER(eth1) 172.16.7.251 fa:16:3e:2a:89:3f 
Mar 10 14:39:39 localhost sctpd[912035]: I0310 14:39:39.071802 912503 sctp_connection.cpp:167] HandleClientSock sd = 23
Mar 10 14:39:39 localhost sctpd[912035]: I0310 14:39:39.071910 912503 sctp_connection.cpp:185] SCTP_SHUTDOWN_EVENT received
Mar 10 14:39:39 localhost sctpd[912035]: I0310 14:39:39.071928 912503 sctp_connection.cpp:280] Sending close connection for assoc_id 3518
Mar 10 14:39:39 localhost smsd[911858]: INFO:root:mme non_eps_service_config is not SMS_ORC8R, sleeping.
Mar 10 14:39:40 localhost dhclient[601]: DHCPREQUEST for 172.16.5.121 on eth1 to 172.16.5.2 port 67 (xid=0x4b4058b5)
Mar 10 14:39:44 localhost dnsmasq-dhcp[911941]: DHCPDISCOVER(eth1) fa:16:3e:2a:89:3f 
Mar 10 14:39:44 localhost dnsmasq-dhcp[911941]: DHCPOFFER(eth1) 172.16.7.251 fa:16:3e:2a:89:3f 
Mar 10 14:39:44 localhost smsd[911858]: INFO:root:mme non_eps_service_config is not SMS_ORC8R, sleeping.
Mar 10 14:39:46 localhost magmad[911690]: INFO:root:Checking for upgrade...
Mar 10 14:39:46 localhost magmad[911690]: WARNING:root:magmad package_version config missing or set to default 0.0.0-0, skipping upgrade
Mar 10 14:39:47 localhost control_proxy[911918]: 2022-03-10T14:38:46.582Z [127.0.0.1 -> streamer-controller.magmasi.wavelabs.in,8443] "POST /magma.orc8r.Streamer/GetUpdates HTTP/2" 200 0bytes 60.377s
Mar 10 14:39:47 localhost magmad[911690]: ERROR:root:Error! Streaming from the cloud failed! [StatusCode.ABORTED] error while streaming updates: rpc error: code = DeadlineExceeded desc = context deadline exceeded
Mar 10 14:39:48 localhost sctpd[912035]: I0310 14:39:48.177920 912503 sctp_connection.cpp:167] HandleClientSock sd = 24
Mar 10 14:39:48 localhost sctpd[912035]: I0310 14:39:48.178010 912503 sctp_connection.cpp:189] SCTP association change event received
Mar 10 14:39:48 localhost sctpd[912035]: I0310 14:39:48.178812 912503 sctp_connection.cpp:167] HandleClientSock sd = 24
Mar 10 14:39:48 localhost sctpd[912035]: I0310 14:39:48.178862 912503 sctp_connection.cpp:193] Unhandled notification type 32776
Mar 10 14:39:49 localhost sctpd[912035]: I0310 14:39:49.247727 912503 sctp_connection.cpp:167] HandleClientSock sd = 24
Mar 10 14:39:49 localhost sctpd[912035]: I0310 14:39:49.247855 912503 sctp_connection.cpp:220] [sd:24] msg of len 42 on 3519:0
Mar 10 14:39:49 localhost sctpd[912035]: I0310 14:39:49.250864 912040 sctpd_downlink_impl.cpp:76] SctpdDownlinkImpl::SendDl starting
Mar 10 14:39:49 localhost sctpd[912035]: I0310 14:39:49.251565 912503 sctp_connection.cpp:167] HandleClientSock sd = 24
Mar 10 14:39:49 localhost sctpd[912035]: I0310 14:39:49.251626 912503 sctp_connection.cpp:193] Unhandled notification type 32777
Mar 10 14:39:49 localhost sctpd[912035]: I0310 14:39:49.368779 912503 sctp_connection.cpp:167] HandleClientSock sd = 24
Mar 10 14:39:49 localhost sctpd[912035]: I0310 14:39:49.368877 912503 sctp_connection.cpp:220] [sd:24] msg of len 88 on 3519:1
Mar 10 14:39:49 localhost sctpd[912035]: I0310 14:39:49.385632 912040 sctpd_downlink_impl.cpp:76] SctpdDownlinkImpl::SendDl starting
Mar 10 14:39:49 localhost sctpd[912035]: I0310 14:39:49.486585 912503 sctp_connection.cpp:167] HandleClientSock sd = 24
Mar 10 14:39:49 localhost sctpd[912035]: I0310 14:39:49.486670 912503 sctp_connection.cpp:193] Unhandled notification type 32777
Mar 10 14:39:49 localhost sctpd[912035]: I0310 14:39:49.486687 912503 sctp_connection.cpp:167] HandleClientSock sd = 24
Mar 10 14:39:49 localhost sctpd[912035]: I0310 14:39:49.486707 912503 sctp_connection.cpp:220] [sd:24] msg of len 67 on 3519:1
Mar 10 14:39:49 localhost sctpd[912035]: I0310 14:39:49.491318 912040 sctpd_downlink_impl.cpp:76] SctpdDownlinkImpl::SendDl starting
Mar 10 14:39:49 localhost mobilityd[911769]: INFO:root:Using GW info: {'default': {2: ('172.16.4.1', 'eth0')}, 2: [('172.16.4.1', 'eth0', True)]}
Mar 10 14:39:49 localhost mobilityd[911769]: INFO:root:GW-v6 probe: timer started
Mar 10 14:39:49 localhost sctpd[912035]: I0310 14:39:49.605953 912503 sctp_connection.cpp:167] HandleClientSock sd = 24
Mar 10 14:39:49 localhost sctpd[912035]: I0310 14:39:49.606058 912503 sctp_connection.cpp:193] Unhandled notification type 32777
Mar 10 14:39:49 localhost sctpd[912035]: I0310 14:39:49.606083 912503 sctp_connection.cpp:167] HandleClientSock sd = 24
Mar 10 14:39:49 localhost sctpd[912035]: I0310 14:39:49.606112 912503 sctp_connection.cpp:220] [sd:24] msg of len 56 on 3519:1
Mar 10 14:39:49 localhost mme[912447]: [DEBUG] Sending S6A-UPDATE_LOCATION_REQUEST with IMSI: 222700000000001
Mar 10 14:39:49 localhost sctpd[912035]: I0310 14:39:49.612378 912040 sctpd_downlink_impl.cpp:76] SctpdDownlinkImpl::SendDl starting
Mar 10 14:39:49 localhost mme[912447]: [INFO] Received S6A-LOCATION-UPDATE_ANSWER for IMSI: 222700000000001; Status: ; StatusCode: 2001
Mar 10 14:39:49 localhost mme[912447]: [INFO] sent itti S6A-LOCATION-UPDATE_ANSWER for IMSI: 222700000000001
Mar 10 14:39:49 localhost smsd[911858]: INFO:root:mme non_eps_service_config is not SMS_ORC8R, sleeping.
Mar 10 14:39:49 localhost sctpd[912035]: I0310 14:39:49.729784 912503 sctp_connection.cpp:167] HandleClientSock sd = 24
Mar 10 14:39:49 localhost sctpd[912035]: I0310 14:39:49.729880 912503 sctp_connection.cpp:193] Unhandled notification type 32777
Mar 10 14:39:49 localhost sctpd[912035]: I0310 14:39:49.729899 912503 sctp_connection.cpp:167] HandleClientSock sd = 24
Mar 10 14:39:49 localhost sctpd[912035]: I0310 14:39:49.729919 912503 sctp_connection.cpp:220] [sd:24] msg of len 22 on 3519:1
Mar 10 14:39:49 localhost sctpd[912035]: I0310 14:39:49.930881 912503 sctp_connection.cpp:167] HandleClientSock sd = 24
Mar 10 14:39:49 localhost sctpd[912035]: I0310 14:39:49.930974 912503 sctp_connection.cpp:220] [sd:24] msg of len 56 on 3519:1
Mar 10 14:39:49 localhost sctpd[912035]: I0310 14:39:49.931893 912503 sctp_connection.cpp:167] HandleClientSock sd = 24
Mar 10 14:39:49 localhost sctpd[912035]: I0310 14:39:49.931952 912503 sctp_connection.cpp:220] [sd:24] msg of len 70 on 3519:1
Mar 10 14:39:49 localhost sctpd[912035]: I0310 14:39:49.938356 912040 sctpd_downlink_impl.cpp:76] SctpdDownlinkImpl::SendDl starting
Mar 10 14:39:49 localhost sctpd[912035]: I0310 14:39:49.939342 912500 sctpd_downlink_impl.cpp:76] SctpdDownlinkImpl::SendDl starting
Mar 10 14:39:50 localhost sctpd[912035]: I0310 14:39:50.193516 912503 sctp_connection.cpp:167] HandleClientSock sd = 24
Mar 10 14:39:50 localhost sctpd[912035]: I0310 14:39:50.193614 912503 sctp_connection.cpp:193] Unhandled notification type 32777
Mar 10 14:39:50 localhost sctpd[912035]: I0310 14:39:50.193632 912503 sctp_connection.cpp:167] HandleClientSock sd = 24
Mar 10 14:39:50 localhost sctpd[912035]: I0310 14:39:50.193652 912503 sctp_connection.cpp:220] [sd:24] msg of len 22 on 3519:1
Mar 10 14:39:50 localhost magmad[911690]: INFO:root:[SyncRPC] Got heartBeat from cloud
Mar 10 14:39:52 localhost dhclient[601]: DHCPREQUEST for 172.16.5.121 on eth1 to 172.16.5.2 port 67 (xid=0x4b4058b5)
Mar 10 14:39:53 localhost control_proxy[911918]: 2022-03-10T14:39:52.760Z [127.0.0.1 -> streamer-controller.magmasi.wavelabs.in,8443] "POST /magma.orc8r.Streamer/GetUpdates HTTP/2" 200 91bytes 0.273s
Mar 10 14:39:53 localhost policydb[911836]: INFO:root:Processing 2 policy updates (resync=True)
Mar 10 14:39:53 localhost control_proxy[911918]: 2022-03-10T14:39:53.037Z [127.0.0.1 -> streamer-controller.magmasi.wavelabs.in,8443] "POST /magma.orc8r.Streamer/GetUpdates HTTP/2" 200 7bytes 0.269s
Mar 10 14:39:53 localhost policydb[911836]: INFO:root:Processing 0 basename -> policy updates
Mar 10 14:39:53 localhost control_proxy[911918]: 2022-03-10T14:39:53.037Z [127.0.0.1 -> streamer-controller.magmasi.wavelabs.in,8443] "POST /magma.orc8r.Streamer/GetUpdates HTTP/2" 200 5113bytes 0.278s
Mar 10 14:39:53 localhost policydb[911836]: INFO:root:Processing 222 SID -> apn -> policy updates
Mar 10 14:39:53 localhost control_proxy[911918]: 2022-03-10T14:39:53.037Z [127.0.0.1 -> streamer-controller.magmasi.wavelabs.in,8443] "POST /magma.orc8r.Streamer/GetUpdates HTTP/2" 200 7bytes 0.267s
Mar 10 14:39:53 localhost policydb[911836]: INFO:root:Processing 0 rating group updates
Mar 10 14:39:54 localhost smsd[911858]: INFO:root:mme non_eps_service_config is not SMS_ORC8R, sleeping.
Mar 10 14:39:54 localhost dnsmasq-dhcp[911941]: DHCPDISCOVER(eth1) fa:16:3e:2a:89:3f 
Mar 10 14:39:54 localhost dnsmasq-dhcp[911941]: DHCPOFFER(eth1) 172.16.7.251 fa:16:3e:2a:89:3f 
Mar 10 14:39:57 localhost sctpd[912035]: I0310 14:39:57.476634 912503 sctp_connection.cpp:167] HandleClientSock sd = 24
Mar 10 14:39:57 localhost sctpd[912035]: I0310 14:39:57.476724 912503 sctp_connection.cpp:185] SCTP_SHUTDOWN_EVENT received
Mar 10 14:39:57 localhost sctpd[912035]: I0310 14:39:57.476735 912503 sctp_connection.cpp:280] Sending close connection for assoc_id 3519
Mar 10 14:39:59 localhost smsd[911858]: INFO:root:mme non_eps_service_config is not SMS_ORC8R, sleeping.
Mar 10 14:40:04 localhost smsd[911858]: INFO:root:mme non_eps_service_config is not SMS_ORC8R, sleeping.
Mar 10 14:40:06 localhost dhclient[601]: DHCPREQUEST for 172.16.5.121 on eth1 to 172.16.5.2 port 67 (xid=0x4b4058b5)
Mar 10 14:40:06 localhost sctpd[912035]: I0310 14:40:06.596086 912503 sctp_connection.cpp:167] HandleClientSock sd = 25
Mar 10 14:40:06 localhost sctpd[912035]: I0310 14:40:06.596179 912503 sctp_connection.cpp:189] SCTP association change event received
Mar 10 14:40:06 localhost sctpd[912035]: I0310 14:40:06.597021 912503 sctp_connection.cpp:167] HandleClientSock sd = 25
Mar 10 14:40:06 localhost sctpd[912035]: I0310 14:40:06.597055 912503 sctp_connection.cpp:193] Unhandled notification type 32776
Mar 10 14:40:06 localhost sctpd[912035]: I0310 14:40:06.716239 912503 sctp_connection.cpp:167] HandleClientSock sd = 26
Mar 10 14:40:06 localhost sctpd[912035]: I0310 14:40:06.716326 912503 sctp_connection.cpp:189] SCTP association change event received
Mar 10 14:40:06 localhost sctpd[912035]: I0310 14:40:06.717101 912503 sctp_connection.cpp:167] HandleClientSock sd = 26
Mar 10 14:40:06 localhost sctpd[912035]: I0310 14:40:06.717149 912503 sctp_connection.cpp:193] Unhandled notification type 32776
Mar 10 14:40:07 localhost sctpd[912035]: I0310 14:40:07.775777 912503 sctp_connection.cpp:167] HandleClientSock sd = 25
Mar 10 14:40:07 localhost sctpd[912035]: I0310 14:40:07.775884 912503 sctp_connection.cpp:220] [sd:25] msg of len 42 on 3520:0
Mar 10 14:40:07 localhost sctpd[912035]: I0310 14:40:07.778107 912040 sctpd_downlink_impl.cpp:76] SctpdDownlinkImpl::SendDl starting
Mar 10 14:40:07 localhost sctpd[912035]: I0310 14:40:07.778795 912503 sctp_connection.cpp:167] HandleClientSock sd = 25
Mar 10 14:40:07 localhost sctpd[912035]: I0310 14:40:07.778861 912503 sctp_connection.cpp:193] Unhandled notification type 32777
Mar 10 14:40:07 localhost sctpd[912035]: I0310 14:40:07.890878 912503 sctp_connection.cpp:167] HandleClientSock sd = 26
Mar 10 14:40:07 localhost sctpd[912035]: I0310 14:40:07.890969 912503 sctp_connection.cpp:220] [sd:26] msg of len 42 on 3521:0
Mar 10 14:40:07 localhost sctpd[912035]: I0310 14:40:07.892992 912040 sctpd_downlink_impl.cpp:76] SctpdDownlinkImpl::SendDl starting
Mar 10 14:40:07 localhost sctpd[912035]: I0310 14:40:07.893744 912503 sctp_connection.cpp:167] HandleClientSock sd = 26
Mar 10 14:40:07 localhost sctpd[912035]: I0310 14:40:07.893824 912503 sctp_connection.cpp:193] Unhandled notification type 32777
Mar 10 14:40:08 localhost dnsmasq-dhcp[911941]: DHCPDISCOVER(eth1) fa:16:3e:2a:89:3f 
Mar 10 14:40:08 localhost dnsmasq-dhcp[911941]: DHCPOFFER(eth1) 172.16.7.251 fa:16:3e:2a:89:3f 
Mar 10 14:40:09 localhost mobilityd[911769]: INFO:root:Using GW info: {'default': {2: ('172.16.4.1', 'eth0')}, 2: [('172.16.4.1', 'eth0', True)]}
Mar 10 14:40:09 localhost mobilityd[911769]: INFO:root:GW-v6 probe: timer started
Mar 10 14:40:09 localhost smsd[911858]: INFO:root:mme non_eps_service_config is not SMS_ORC8R, sleeping.
Mar 10 14:40:14 localhost smsd[911858]: INFO:root:mme non_eps_service_config is not SMS_ORC8R, sleeping.
Mar 10 14:40:15 localhost sctpd[912035]: I0310 14:40:15.195658 912503 sctp_connection.cpp:167] HandleClientSock sd = 25
Mar 10 14:40:15 localhost sctpd[912035]: I0310 14:40:15.195753 912503 sctp_connection.cpp:185] SCTP_SHUTDOWN_EVENT received
Mar 10 14:40:15 localhost sctpd[912035]: I0310 14:40:15.195765 912503 sctp_connection.cpp:280] Sending close connection for assoc_id 3520
Mar 10 14:40:15 localhost sctpd[912035]: I0310 14:40:15.243757 912503 sctp_connection.cpp:167] HandleClientSock sd = 26
Mar 10 14:40:15 localhost sctpd[912035]: I0310 14:40:15.243839 912503 sctp_connection.cpp:185] SCTP_SHUTDOWN_EVENT received
Mar 10 14:40:15 localhost sctpd[912035]: I0310 14:40:15.243850 912503 sctp_connection.cpp:280] Sending close connection for assoc_id 3521
Mar 10 14:40:15 localhost dnsmasq-dhcp[911941]: DHCPDISCOVER(eth1) fa:16:3e:2a:89:3f 
Mar 10 14:40:15 localhost dnsmasq-dhcp[911941]: DHCPOFFER(eth1) 172.16.7.251 fa:16:3e:2a:89:3f 
Mar 10 14:40:16 localhost magmad[911690]: ERROR:root:Metrics upload error for service subscriberdb (chunk 0)! [StatusCode.DEADLINE_EXCEEDED] Deadline Exceeded
Mar 10 14:40:16 localhost magmad[911690]: ERROR:root:Metrics upload error for service mobilityd (chunk 0)! [StatusCode.DEADLINE_EXCEEDED] Deadline Exceeded
Mar 10 14:40:16 localhost magmad[911690]: ERROR:root:Metrics upload error for service mme (chunk 0)! [StatusCode.DEADLINE_EXCEEDED] Deadline Exceeded
Mar 10 14:40:16 localhost magmad[911690]: ERROR:root:Metrics upload error for service magmad (chunk 0)! [StatusCode.DEADLINE_EXCEEDED] Deadline Exceeded
Mar 10 14:40:16 localhost magmad[911690]: ERROR:root:Metrics upload error for service enodebd (chunk 0)! [StatusCode.DEADLINE_EXCEEDED] Deadline Exceeded
Mar 10 14:40:16 localhost magmad[911690]: ERROR:root:Metrics upload error for service pipelined (chunk 0)! [StatusCode.DEADLINE_EXCEEDED] Deadline Exceeded
Mar 10 14:40:16 localhost magmad[911690]: ERROR:root:Metrics upload error for service state (chunk 0)! [StatusCode.DEADLINE_EXCEEDED] Deadline Exceeded
Mar 10 14:40:16 localhost magmad[911690]: ERROR:root:Metrics upload error for service sessiond (chunk 0)! [StatusCode.DEADLINE_EXCEEDED] Deadline Exceeded
Mar 10 14:40:19 localhost dhclient[601]: DHCPREQUEST for 172.16.5.121 on eth1 to 172.16.5.2 port 67 (xid=0x4b4058b5)
Mar 10 14:40:19 localhost smsd[911858]: INFO:root:mme non_eps_service_config is not SMS_ORC8R, sleeping.
Mar 10 14:40:24 localhost sctpd[912035]: I0310 14:40:24.198860 912503 sctp_connection.cpp:167] HandleClientSock sd = 27
Mar 10 14:40:24 localhost sctpd[912035]: I0310 14:40:24.198957 912503 sctp_connection.cpp:189] SCTP association change event received
Mar 10 14:40:24 localhost sctpd[912035]: I0310 14:40:24.199862 912503 sctp_connection.cpp:167] HandleClientSock sd = 27
Mar 10 14:40:24 localhost sctpd[912035]: I0310 14:40:24.199896 912503 sctp_connection.cpp:193] Unhandled notification type 32776
Mar 10 14:40:24 localhost smsd[911858]: INFO:root:mme non_eps_service_config is not SMS_ORC8R, sleeping.
Mar 10 14:40:25 localhost sctpd[912035]: I0310 14:40:25.260592 912503 sctp_connection.cpp:167] HandleClientSock sd = 27
Mar 10 14:40:25 localhost sctpd[912035]: I0310 14:40:25.260727 912503 sctp_connection.cpp:220] [sd:27] msg of len 42 on 3522:0
Mar 10 14:40:25 localhost sctpd[912035]: I0310 14:40:25.263000 912040 sctpd_downlink_impl.cpp:76] SctpdDownlinkImpl::SendDl starting
Mar 10 14:40:25 localhost sctpd[912035]: I0310 14:40:25.263701 912503 sctp_connection.cpp:167] HandleClientSock sd = 27
Mar 10 14:40:25 localhost sctpd[912035]: I0310 14:40:25.263787 912503 sctp_connection.cpp:193] Unhandled notification type 32777
Mar 10 14:40:25 localhost sctpd[912035]: I0310 14:40:25.372931 912503 sctp_connection.cpp:167] HandleClientSock sd = 27
Mar 10 14:40:25 localhost sctpd[912035]: I0310 14:40:25.373025 912503 sctp_connection.cpp:220] [sd:27] msg of len 88 on 3522:1
Mar 10 14:40:25 localhost sctpd[912035]: I0310 14:40:25.390825 912040 sctpd_downlink_impl.cpp:76] SctpdDownlinkImpl::SendDl starting
Mar 10 14:40:25 localhost sctpd[912035]: I0310 14:40:25.488431 912503 sctp_connection.cpp:167] HandleClientSock sd = 27
Mar 10 14:40:25 localhost sctpd[912035]: I0310 14:40:25.488524 912503 sctp_connection.cpp:193] Unhandled notification type 32777
Mar 10 14:40:25 localhost sctpd[912035]: I0310 14:40:25.488544 912503 sctp_connection.cpp:167] HandleClientSock sd = 27
Mar 10 14:40:25 localhost sctpd[912035]: I0310 14:40:25.488564 912503 sctp_connection.cpp:220] [sd:27] msg of len 67 on 3522:1
Mar 10 14:40:25 localhost sctpd[912035]: I0310 14:40:25.493249 912040 sctpd_downlink_impl.cpp:76] SctpdDownlinkImpl::SendDl starting
Mar 10 14:40:25 localhost sctpd[912035]: I0310 14:40:25.595089 912503 sctp_connection.cpp:167] HandleClientSock sd = 27
Mar 10 14:40:25 localhost sctpd[912035]: I0310 14:40:25.595183 912503 sctp_connection.cpp:193] Unhandled notification type 32777
Mar 10 14:40:25 localhost sctpd[912035]: I0310 14:40:25.595201 912503 sctp_connection.cpp:167] HandleClientSock sd = 27
Mar 10 14:40:25 localhost sctpd[912035]: I0310 14:40:25.595221 912503 sctp_connection.cpp:220] [sd:27] msg of len 56 on 3522:1
Mar 10 14:40:25 localhost mme[912447]: [DEBUG] Sending S6A-UPDATE_LOCATION_REQUEST with IMSI: 222700000000001
Mar 10 14:40:25 localhost sctpd[912035]: I0310 14:40:25.601224 912040 sctpd_downlink_impl.cpp:76] SctpdDownlinkImpl::SendDl starting
Mar 10 14:40:25 localhost mme[912447]: [INFO] Received S6A-LOCATION-UPDATE_ANSWER for IMSI: 222700000000001; Status: ; StatusCode: 2001
Mar 10 14:40:25 localhost mme[912447]: [INFO] sent itti S6A-LOCATION-UPDATE_ANSWER for IMSI: 222700000000001
Mar 10 14:40:25 localhost sctpd[912035]: I0310 14:40:25.710219 912503 sctp_connection.cpp:167] HandleClientSock sd = 27
Mar 10 14:40:25 localhost sctpd[912035]: I0310 14:40:25.710325 912503 sctp_connection.cpp:193] Unhandled notification type 32777
Mar 10 14:40:25 localhost sctpd[912035]: I0310 14:40:25.710341 912503 sctp_connection.cpp:167] HandleClientSock sd = 27
Mar 10 14:40:25 localhost sctpd[912035]: I0310 14:40:25.710361 912503 sctp_connection.cpp:220] [sd:27] msg of len 22 on 3522:1
Mar 10 14:40:25 localhost sctpd[912035]: I0310 14:40:25.910822 912503 sctp_connection.cpp:167] HandleClientSock sd = 27
Mar 10 14:40:25 localhost sctpd[912035]: I0310 14:40:25.910915 912503 sctp_connection.cpp:220] [sd:27] msg of len 56 on 3522:1
Mar 10 14:40:26 localhost dnsmasq-dhcp[911941]: DHCPDISCOVER(eth1) fa:16:3e:2a:89:3f 
Mar 10 14:40:26 localhost dnsmasq-dhcp[911941]: DHCPOFFER(eth1) 172.16.7.251 fa:16:3e:2a:89:3f 
Mar 10 14:40:27 localhost magmad[911690]: INFO:root:Setting logging level to INFO
Mar 10 14:40:27 localhost sctpd[912035]: I0310 14:40:27.883533 912503 sctp_connection.cpp:167] HandleClientSock sd = 27
Mar 10 14:40:27 localhost sctpd[912035]: I0310 14:40:27.883647 912503 sctp_connection.cpp:220] [sd:27] msg of len 70 on 3522:1
Mar 10 14:40:27 localhost sctpd[912035]: I0310 14:40:27.889609 912500 sctpd_downlink_impl.cpp:76] SctpdDownlinkImpl::SendDl starting
Mar 10 14:40:27 localhost sctpd[912035]: I0310 14:40:27.890581 912040 sctpd_downlink_impl.cpp:76] SctpdDownlinkImpl::SendDl starting
Mar 10 14:40:27 localhost sctpd[912035]: I0310 14:40:27.993754 912503 sctp_connection.cpp:167] HandleClientSock sd = 27
Mar 10 14:40:27 localhost sctpd[912035]: I0310 14:40:27.993857 912503 sctp_connection.cpp:220] [sd:27] msg of len 28 on 3522:1
Mar 10 14:40:28 localhost sctpd[912035]: I0310 14:40:28.101946 912503 sctp_connection.cpp:167] HandleClientSock sd = 27
Mar 10 14:40:28 localhost sctpd[912035]: I0310 14:40:28.102046 912503 sctp_connection.cpp:193] Unhandled notification type 32777
Mar 10 14:40:28 localhost sctpd[912035]: I0310 14:40:28.102072 912503 sctp_connection.cpp:167] HandleClientSock sd = 27
Mar 10 14:40:28 localhost sctpd[912035]: I0310 14:40:28.102102 912503 sctp_connection.cpp:220] [sd:27] msg of len 22 on 3522:1
Mar 10 14:40:29 localhost mobilityd[911769]: INFO:root:Using GW info: {'default': {2: ('172.16.4.1', 'eth0')}, 2: [('172.16.4.1', 'eth0', True)]}
Mar 10 14:40:29 localhost mobilityd[911769]: INFO:root:GW-v6 probe: timer started
Mar 10 14:40:29 localhost smsd[911858]: INFO:root:mme non_eps_service_config is not SMS_ORC8R, sleeping.
Mar 10 14:40:30 localhost sctpd[912035]: I0310 14:40:30.215123 912503 sctp_connection.cpp:167] HandleClientSock sd = 27
Mar 10 14:40:30 localhost sctpd[912035]: I0310 14:40:30.215227 912503 sctp_connection.cpp:220] [sd:27] msg of len 86 on 3522:1
Mar 10 14:40:30 localhost sctpd[912035]: I0310 14:40:30.218802 912500 sctpd_downlink_impl.cpp:76] SctpdDownlinkImpl::SendDl starting
Mar 10 14:40:30 localhost sctpd[912035]: I0310 14:40:30.336061 912503 sctp_connection.cpp:167] HandleClientSock sd = 27
Mar 10 14:40:30 localhost sctpd[912035]: I0310 14:40:30.336160 912503 sctp_connection.cpp:193] Unhandled notification type 32777
Mar 10 14:40:30 localhost sctpd[912035]: I0310 14:40:30.336181 912503 sctp_connection.cpp:167] HandleClientSock sd = 27
Mar 10 14:40:30 localhost sctpd[912035]: I0310 14:40:30.336200 912503 sctp_connection.cpp:220] [sd:27] msg of len 64 on 3522:1
Mar 10 14:40:30 localhost sctpd[912035]: I0310 14:40:30.351415 912500 sctpd_downlink_impl.cpp:76] SctpdDownlinkImpl::SendDl starting
Mar 10 14:40:30 localhost sctpd[912035]: I0310 14:40:30.452811 912503 sctp_connection.cpp:167] HandleClientSock sd = 27
Mar 10 14:40:30 localhost sctpd[912035]: I0310 14:40:30.452898 912503 sctp_connection.cpp:193] Unhandled notification type 32777
Mar 10 14:40:30 localhost sctpd[912035]: I0310 14:40:30.452916 912503 sctp_connection.cpp:167] HandleClientSock sd = 27
Mar 10 14:40:30 localhost sctpd[912035]: I0310 14:40:30.452935 912503 sctp_connection.cpp:220] [sd:27] msg of len 67 on 3522:1
Mar 10 14:40:30 localhost sctpd[912035]: I0310 14:40:30.457291 912500 sctpd_downlink_impl.cpp:76] SctpdDownlinkImpl::SendDl starting
Mar 10 14:40:30 localhost sctpd[912035]: I0310 14:40:30.565783 912503 sctp_connection.cpp:167] HandleClientSock sd = 27
Mar 10 14:40:30 localhost sctpd[912035]: I0310 14:40:30.565866 912503 sctp_connection.cpp:193] Unhandled notification type 32777
Mar 10 14:40:30 localhost sctpd[912035]: I0310 14:40:30.565884 912503 sctp_connection.cpp:167] HandleClientSock sd = 27
Mar 10 14:40:30 localhost sctpd[912035]: I0310 14:40:30.565903 912503 sctp_connection.cpp:220] [sd:27] msg of len 56 on 3522:1
Mar 10 14:40:30 localhost mme[912447]: [DEBUG] Sending S6A-UPDATE_LOCATION_REQUEST with IMSI: 222700000000001
Mar 10 14:40:30 localhost sctpd[912035]: I0310 14:40:30.571166 912500 sctpd_downlink_impl.cpp:76] SctpdDownlinkImpl::SendDl starting
Mar 10 14:40:30 localhost mme[912447]: [INFO] Received S6A-LOCATION-UPDATE_ANSWER for IMSI: 222700000000001; Status: ; StatusCode: 2001
Mar 10 14:40:30 localhost mme[912447]: [INFO] sent itti S6A-LOCATION-UPDATE_ANSWER for IMSI: 222700000000001
Mar 10 14:40:30 localhost sctpd[912035]: I0310 14:40:30.673291 912503 sctp_connection.cpp:167] HandleClientSock sd = 27
Mar 10 14:40:30 localhost sctpd[912035]: I0310 14:40:30.673374 912503 sctp_connection.cpp:193] Unhandled notification type 32777
Mar 10 14:40:30 localhost sctpd[912035]: I0310 14:40:30.673393 912503 sctp_connection.cpp:167] HandleClientSock sd = 27
Mar 10 14:40:30 localhost sctpd[912035]: I0310 14:40:30.673410 912503 sctp_connection.cpp:220] [sd:27] msg of len 22 on 3522:1
Mar 10 14:40:30 localhost sctpd[912035]: I0310 14:40:30.874995 912503 sctp_connection.cpp:167] HandleClientSock sd = 27
Mar 10 14:40:30 localhost sctpd[912035]: I0310 14:40:30.875121 912503 sctp_connection.cpp:220] [sd:27] msg of len 56 on 3522:1
Mar 10 14:40:32 localhost dhclient[601]: DHCPREQUEST for 172.16.5.121 on eth1 to 172.16.5.2 port 67 (xid=0x4b4058b5)
Mar 10 14:40:32 localhost sctpd[912035]: I0310 14:40:32.842872 912503 sctp_connection.cpp:167] HandleClientSock sd = 27
Mar 10 14:40:32 localhost sctpd[912035]: I0310 14:40:32.842976 912503 sctp_connection.cpp:220] [sd:27] msg of len 70 on 3522:1
Mar 10 14:40:32 localhost sctpd[912035]: I0310 14:40:32.848706 912500 sctpd_downlink_impl.cpp:76] SctpdDownlinkImpl::SendDl starting
Mar 10 14:40:32 localhost sctpd[912035]: I0310 14:40:32.849401 912500 sctpd_downlink_impl.cpp:76] SctpdDownlinkImpl::SendDl starting
Mar 10 14:40:32 localhost sctpd[912035]: I0310 14:40:32.954176 912503 sctp_connection.cpp:167] HandleClientSock sd = 27
Mar 10 14:40:32 localhost sctpd[912035]: I0310 14:40:32.954294 912503 sctp_connection.cpp:220] [sd:27] msg of len 28 on 3522:1
Mar 10 14:40:33 localhost sctpd[912035]: I0310 14:40:33.065961 912503 sctp_connection.cpp:167] HandleClientSock sd = 27
Mar 10 14:40:33 localhost sctpd[912035]: I0310 14:40:33.066051 912503 sctp_connection.cpp:193] Unhandled notification type 32777
Mar 10 14:40:33 localhost sctpd[912035]: I0310 14:40:33.066069 912503 sctp_connection.cpp:167] HandleClientSock sd = 27
Mar 10 14:40:33 localhost sctpd[912035]: I0310 14:40:33.066090 912503 sctp_connection.cpp:220] [sd:27] msg of len 22 on 3522:1
Mar 10 14:40:34 localhost smsd[911858]: INFO:root:mme non_eps_service_config is not SMS_ORC8R, sleeping.
Mar 10 14:40:39 localhost smsd[911858]: INFO:root:mme non_eps_service_config is not SMS_ORC8R, sleeping.
Mar 10 14:40:41 localhost dnsmasq-dhcp[911941]: DHCPDISCOVER(eth1) fa:16:3e:2a:89:3f 
Mar 10 14:40:41 localhost dnsmasq-dhcp[911941]: DHCPOFFER(eth1) 172.16.7.251 fa:16:3e:2a:89:3f 
Mar 10 14:40:42 localhost sctpd[912035]: I0310 14:40:42.419049 912503 sctp_connection.cpp:167] HandleClientSock sd = 27
Mar 10 14:40:42 localhost sctpd[912035]: I0310 14:40:42.419150 912503 sctp_connection.cpp:185] SCTP_SHUTDOWN_EVENT received
Mar 10 14:40:42 localhost sctpd[912035]: I0310 14:40:42.419162 912503 sctp_connection.cpp:280] Sending close connection for assoc_id 3522
Mar 10 14:40:44 localhost smsd[911858]: INFO:root:mme non_eps_service_config is not SMS_ORC8R, sleeping.
Mar 10 14:40:46 localhost control_proxy[911918]: 2022-03-10T14:40:45.494Z [127.0.0.1 -> state-controller.magmasi.wavelabs.in,8443] "POST /magma.orc8r.StateService/ReportStates HTTP/2" 200 5bytes 0.525s
Mar 10 14:40:46 localhost magmad[911690]: INFO:root:Checkin Successful! Successfully sent states to the cloud!
Mar 10 14:40:47 localhost dhclient[601]: DHCPREQUEST for 172.16.5.121 on eth1 to 172.16.5.2 port 67 (xid=0x4b4058b5)
Mar 10 14:40:48 localhost dnsmasq-dhcp[911941]: DHCPDISCOVER(eth1) fa:16:3e:2a:89:3f 
Mar 10 14:40:48 localhost dnsmasq-dhcp[911941]: DHCPOFFER(eth1) 172.16.7.251 fa:16:3e:2a:89:3f 
Mar 10 14:40:49 localhost mobilityd[911769]: INFO:root:Using GW info: {'default': {2: ('172.16.4.1', 'eth0')}, 2: [('172.16.4.1', 'eth0', True)]}
Mar 10 14:40:49 localhost mobilityd[911769]: INFO:root:GW-v6 probe: timer started
Mar 10 14:40:49 localhost smsd[911858]: INFO:root:mme non_eps_service_config is not SMS_ORC8R, sleeping.
Mar 10 14:40:50 localhost magmad[911690]: INFO:root:[SyncRPC] Got heartBeat from cloud
Mar 10 14:40:51 localhost sctpd[912035]: I0310 14:40:51.139271 912503 sctp_connection.cpp:167] HandleClientSock sd = 28
Mar 10 14:40:51 localhost sctpd[912035]: I0310 14:40:51.139349 912503 sctp_connection.cpp:189] SCTP association change event received
Mar 10 14:40:51 localhost sctpd[912035]: I0310 14:40:51.140157 912503 sctp_connection.cpp:167] HandleClientSock sd = 28
Mar 10 14:40:51 localhost sctpd[912035]: I0310 14:40:51.140180 912503 sctp_connection.cpp:193] Unhandled notification type 32776
Mar 10 14:40:52 localhost sctpd[912035]: I0310 14:40:52.199281 912503 sctp_connection.cpp:167] HandleClientSock sd = 28
Mar 10 14:40:52 localhost sctpd[912035]: I0310 14:40:52.199386 912503 sctp_connection.cpp:220] [sd:28] msg of len 42 on 3523:0
Mar 10 14:40:52 localhost sctpd[912035]: I0310 14:40:52.201776 912500 sctpd_downlink_impl.cpp:76] SctpdDownlinkImpl::SendDl starting
Mar 10 14:40:52 localhost sctpd[912035]: I0310 14:40:52.202356 912503 sctp_connection.cpp:167] HandleClientSock sd = 28
Mar 10 14:40:52 localhost sctpd[912035]: I0310 14:40:52.202419 912503 sctp_connection.cpp:193] Unhandled notification type 32777
Mar 10 14:40:52 localhost sctpd[912035]: I0310 14:40:52.320219 912503 sctp_connection.cpp:167] HandleClientSock sd = 28
Mar 10 14:40:52 localhost sctpd[912035]: I0310 14:40:52.320307 912503 sctp_connection.cpp:220] [sd:28] msg of len 88 on 3523:1
Mar 10 14:40:52 localhost sctpd[912035]: I0310 14:40:52.336495 912500 sctpd_downlink_impl.cpp:76] SctpdDownlinkImpl::SendDl starting
Mar 10 14:40:52 localhost sctpd[912035]: I0310 14:40:52.438983 912503 sctp_connection.cpp:167] HandleClientSock sd = 28
Mar 10 14:40:52 localhost sctpd[912035]: I0310 14:40:52.439064 912503 sctp_connection.cpp:193] Unhandled notification type 32777
Mar 10 14:40:52 localhost sctpd[912035]: I0310 14:40:52.439083 912503 sctp_connection.cpp:167] HandleClientSock sd = 28
Mar 10 14:40:52 localhost sctpd[912035]: I0310 14:40:52.439101 912503 sctp_connection.cpp:220] [sd:28] msg of len 67 on 3523:1
Mar 10 14:40:52 localhost sctpd[912035]: I0310 14:40:52.443476 912500 sctpd_downlink_impl.cpp:76] SctpdDownlinkImpl::SendDl starting
Mar 10 14:40:52 localhost sctpd[912035]: I0310 14:40:52.557204 912503 sctp_connection.cpp:167] HandleClientSock sd = 28
Mar 10 14:40:52 localhost sctpd[912035]: I0310 14:40:52.557293 912503 sctp_connection.cpp:193] Unhandled notification type 32777
Mar 10 14:40:52 localhost sctpd[912035]: I0310 14:40:52.557312 912503 sctp_connection.cpp:167] HandleClientSock sd = 28
Mar 10 14:40:52 localhost sctpd[912035]: I0310 14:40:52.557332 912503 sctp_connection.cpp:220] [sd:28] msg of len 56 on 3523:1
Mar 10 14:40:52 localhost mme[912447]: [DEBUG] Sending S6A-UPDATE_LOCATION_REQUEST with IMSI: 222700000000001
Mar 10 14:40:52 localhost sctpd[912035]: I0310 14:40:52.562932 912500 sctpd_downlink_impl.cpp:76] SctpdDownlinkImpl::SendDl starting
Mar 10 14:40:52 localhost mme[912447]: [INFO] Received S6A-LOCATION-UPDATE_ANSWER for IMSI: 222700000000001; Status: ; StatusCode: 2001
Mar 10 14:40:52 localhost mme[912447]: [INFO] sent itti S6A-LOCATION-UPDATE_ANSWER for IMSI: 222700000000001
Mar 10 14:40:52 localhost sctpd[912035]: I0310 14:40:52.673410 912503 sctp_connection.cpp:167] HandleClientSock sd = 28
Mar 10 14:40:52 localhost sctpd[912035]: I0310 14:40:52.673492 912503 sctp_connection.cpp:193] Unhandled notification type 32777
Mar 10 14:40:52 localhost sctpd[912035]: I0310 14:40:52.673509 912503 sctp_connection.cpp:167] HandleClientSock sd = 28
Mar 10 14:40:52 localhost sctpd[912035]: I0310 14:40:52.673528 912503 sctp_connection.cpp:220] [sd:28] msg of len 22 on 3523:1
Mar 10 14:40:52 localhost sctpd[912035]: I0310 14:40:52.874891 912503 sctp_connection.cpp:167] HandleClientSock sd = 28
Mar 10 14:40:52 localhost sctpd[912035]: I0310 14:40:52.874987 912503 sctp_connection.cpp:220] [sd:28] msg of len 56 on 3523:1
Mar 10 14:40:52 localhost sctpd[912035]: I0310 14:40:52.875814 912503 sctp_connection.cpp:167] HandleClientSock sd = 28
Mar 10 14:40:52 localhost sctpd[912035]: I0310 14:40:52.875852 912503 sctp_connection.cpp:220] [sd:28] msg of len 82 on 3523:1
Mar 10 14:40:52 localhost mobilityd[911769]: INFO:root:Allocated IP 192.168.128.174 for sid IMSI222700000000001 for apn default
Mar 10 14:40:52 localhost policydb[911836]: INFO:root:Creating a session for subscriber ID: IMSI222700000000001
Mar 10 14:40:52 localhost sessiond[911771]: I0310 14:40:52.911811 911771 SetMessageManagerHandler.cpp:342] Processing a CreateSessionResponse for IMSI222700000000001-616512
Mar 10 14:40:52 localhost sessiond[911771]: I0310 14:40:52.912070 911771 SessionState.cpp:2774] RuleID allowlist_sid-IMSI222700000000001-default doesn't have a version registered for IMSI222700000000001-616512, this is unexpected
Mar 10 14:40:54 localhost control_proxy[911918]: 2022-03-10T14:40:53.924Z [127.0.0.1 -> streamer-controller.magmasi.wavelabs.in,8443] "POST /magma.orc8r.Streamer/GetUpdates HTTP/2" 200 91bytes 0.280s
Mar 10 14:40:54 localhost policydb[911836]: INFO:root:Processing 2 policy updates (resync=True)
Mar 10 14:40:54 localhost control_proxy[911918]: 2022-03-10T14:40:54.208Z [127.0.0.1 -> streamer-controller.magmasi.wavelabs.in,8443] "POST /magma.orc8r.Streamer/GetUpdates HTTP/2" 200 7bytes 0.270s
Mar 10 14:40:54 localhost policydb[911836]: INFO:root:Processing 0 basename -> policy updates
Mar 10 14:40:54 localhost control_proxy[911918]: 2022-03-10T14:40:54.208Z [127.0.0.1 -> streamer-controller.magmasi.wavelabs.in,8443] "POST /magma.orc8r.Streamer/GetUpdates HTTP/2" 200 5113bytes 0.280s
Mar 10 14:40:54 localhost policydb[911836]: INFO:root:Processing 222 SID -> apn -> policy updates
Mar 10 14:40:55 localhost smsd[911858]: INFO:root:mme non_eps_service_config is not SMS_ORC8R, sleeping.
Mar 10 14:40:55 localhost control_proxy[911918]: 2022-03-10T14:40:54.208Z [127.0.0.1 -> streamer-controller.magmasi.wavelabs.in,8443] "POST /magma.orc8r.Streamer/GetUpdates HTTP/2" 200 7bytes 0.267s
Mar 10 14:40:55 localhost policydb[911836]: INFO:root:Processing 0 rating group updates
Mar 10 14:40:56 localhost mme[912447]: PDUSessionResourceSetupRequestTransfer ::= {
Mar 10 14:40:56 localhost mme[912447]:     protocolIEs: ProtocolIE-Container ::= {
Mar 10 14:40:56 localhost mme[912447]:         PDUSessionResourceSetupRequestTransferIEs ::= {
Mar 10 14:40:56 localhost mme[912447]:             id: 130
Mar 10 14:40:56 localhost mme[912447]:             criticality: 0 (reject)
Mar 10 14:40:56 localhost mme[912447]:             value: PDUSessionAggregateMaximumBitRate ::= {
Mar 10 14:40:56 localhost mme[912447]:                 pDUSessionAggregateMaximumBitRateDL: 100000000
Mar 10 14:40:56 localhost mme[912447]:                 pDUSessionAggregateMaximumBitRateUL: 100000000
Mar 10 14:40:56 localhost mme[912447]:             }
Mar 10 14:40:56 localhost mme[912447]:         }
Mar 10 14:40:56 localhost mme[912447]:         PDUSessionResourceSetupRequestTransferIEs ::= {
Mar 10 14:40:56 localhost mme[912447]:             id: 139
Mar 10 14:40:56 localhost mme[912447]:             criticality: 0 (reject)
Mar 10 14:40:56 localhost mme[912447]:             value: GTPTunnel ::= {
Mar 10 14:40:56 localhost mme[912447]:                 transportLayerAddress: AC 10 05 79
Mar 10 14:40:56 localhost mme[912447]:                 gTP-TEID: 7F FF FF FF
Mar 10 14:40:56 localhost mme[912447]:             }
Mar 10 14:40:56 localhost mme[912447]:         }
Mar 10 14:40:56 localhost mme[912447]:         PDUSessionResourceSetupRequestTransferIEs ::= {
Mar 10 14:40:56 localhost mme[912447]:             id: 134
Mar 10 14:40:56 localhost mme[912447]:             criticality: 0 (reject)
Mar 10 14:40:56 localhost mme[912447]:             value: 0 (ipv4)
Mar 10 14:40:56 localhost mme[912447]:         }
Mar 10 14:40:56 localhost mme[912447]:         PDUSessionResourceSetupRequestTransferIEs ::= {
Mar 10 14:40:56 localhost mme[912447]:             id: 136
Mar 10 14:40:56 localhost mme[912447]:             criticality: 0 (reject)
Mar 10 14:40:56 localhost mme[912447]:             value: QosFlowSetupRequestList ::= {
Mar 10 14:40:56 localhost mme[912447]:                 QosFlowSetupRequestItem ::= {
Mar 10 14:40:56 localhost mme[912447]:                     qosFlowIdentifier: 9
Mar 10 14:40:56 localhost mme[912447]:                     qosFlowLevelQosParameters: QosFlowLevelQosParameters ::= {
Mar 10 14:40:56 localhost mme[912447]:                         qosCharacteristics: NonDynamic5QIDescriptor ::= {
Mar 10 14:40:56 localhost mme[912447]:                             fiveQI: 9
Mar 10 14:40:56 localhost mme[912447]:                         }
Mar 10 14:40:56 localhost mme[912447]:                         allocationAndRetentionPriority: AllocationAndRetentionPriority ::= {
Mar 10 14:40:56 localhost mme[912447]:                             priorityLevelARP: 15
Mar 10 14:40:56 localhost mme[912447]:                             pre-emptionCapability: 0 (shall-not-trigger-pre-emption)
Mar 10 14:40:56 localhost mme[912447]:                             pre-emptionVulnerability: 0 (not-pre-emptable)
Mar 10 14:40:56 localhost mme[912447]:                         }
Mar 10 14:40:56 localhost mme[912447]:                     }
Mar 10 14:40:56 localhost mme[912447]:                 }
Mar 10 14:40:56 localhost mme[912447]:             }
Mar 10 14:40:56 localhost mme[912447]:         }
Mar 10 14:40:56 localhost mme[912447]:     }
Mar 10 14:40:56 localhost mme[912447]: }
Mar 10 14:40:56 localhost sctpd[912035]: I0310 14:40:56.849675 912500 sctpd_downlink_impl.cpp:76] SctpdDownlinkImpl::SendDl starting
Mar 10 14:40:57 localhost sctpd[912035]: I0310 14:40:57.057054 912503 sctp_connection.cpp:167] HandleClientSock sd = 28
Mar 10 14:40:57 localhost sctpd[912035]: I0310 14:40:57.057166 912503 sctp_connection.cpp:193] Unhandled notification type 32777
Mar 10 14:40:58 localhost sctpd[912035]: I0310 14:40:58.033092 912503 sctp_connection.cpp:167] HandleClientSock sd = 28
Mar 10 14:40:58 localhost sctpd[912035]: I0310 14:40:58.033196 912503 sctp_connection.cpp:220] [sd:28] msg of len 70 on 3523:1
Mar 10 14:40:58 localhost sessiond[911771]: I0310 14:40:58.039997 911771 SetMessageManagerHandler.cpp:142] Release request for session from IMSI: IMSI222700000000001 pdu_id 1
Mar 10 14:40:58 localhost sctpd[912035]: I0310 14:40:58.043515 912500 sctpd_downlink_impl.cpp:76] SctpdDownlinkImpl::SendDl starting
Mar 10 14:40:58 localhost sctpd[912035]: I0310 14:40:58.044193 912500 sctpd_downlink_impl.cpp:76] SctpdDownlinkImpl::SendDl starting
Mar 10 14:40:58 localhost mobilityd[911769]: INFO:root:Released IP 192.168.128.174 for sid IMSI222700000000001
Mar 10 14:40:58 localhost sctpd[912035]: I0310 14:40:58.298959 912503 sctp_connection.cpp:167] HandleClientSock sd = 28
Mar 10 14:40:58 localhost sctpd[912035]: I0310 14:40:58.299054 912503 sctp_connection.cpp:193] Unhandled notification type 32777
Mar 10 14:40:58 localhost sctpd[912035]: I0310 14:40:58.299073 912503 sctp_connection.cpp:167] HandleClientSock sd = 28
Mar 10 14:40:58 localhost sctpd[912035]: I0310 14:40:58.299093 912503 sctp_connection.cpp:220] [sd:28] msg of len 22 on 3523:1
Mar 10 14:40:59 localhost dnsmasq-dhcp[911941]: DHCPDISCOVER(eth1) fa:16:3e:2a:89:3f 
Mar 10 14:40:59 localhost dnsmasq-dhcp[911941]: DHCPOFFER(eth1) 172.16.7.251 fa:16:3e:2a:89:3f 
Mar 10 14:41:00 localhost smsd[911858]: INFO:root:mme non_eps_service_config is not SMS_ORC8R, sleeping.
Mar 10 14:41:03 localhost policydb[911836]: INFO:root:Terminating session: IMSI222700000000001-616512
Mar 10 14:41:03 localhost eventd[911848]: DEBUG:root:Logging event: stream_name: "sessiond"
Mar 10 14:41:03 localhost eventd[911848]: event_type: "session_terminated"
Mar 10 14:41:03 localhost eventd[911848]: tag: "IMSI222700000000001"
Mar 10 14:41:03 localhost eventd[911848]: value: "{\"mac_addr\":\"\",\"user_location\":\"\",\"spgw_ip\":\"\",\"imei\":\"\",\"record_sequence_number\":1,\"pdp_end_time\":33,\"charging_rx\":0,\"duration\":33,\"ip_addr\":\"192.168.128.174\",\"monitoring_tx\":0,\"ipv6_addr\":\"\",\"msisdn\":\"\",\"apn\":\"default\",\"session_id\":\"IMSI222700000000001-616512\",\"list_of_service_data\":[],\"charging_characteristics\":\"\",\"total_tx\":0,\"cause_for_rec_closing\":0,\"imsi\":\"IMSI222700000000001\",\"total_rx\":0,\"monitoring_rx\":0,\"charging_tx\":0,\"pdp_start_time\":0}"
Mar 10 14:41:03 localhost eventd[911848]: ERROR:root:Connection to FluentBit failed: [Errno 111] Connection refused
Mar 10 14:41:03 localhost eventd[911848]: INFO:root:FluentBit (td-agent-bit) may not be enabled or configured correctly
Mar 10 14:41:03 localhost sessiond[911771]: I0310 14:41:03.052763 911796 SessionEvents.cpp:291] Could not log session_terminated event {"mac_addr":"","user_location":"","spgw_ip":"","imei":"","record_sequence_number":1,"pdp_end_time":33,"charging_rx":0,"duration":33,"ip_addr":"192.168.128.174","monitoring_tx":0,"ipv6_addr":"","msisdn":"","apn":"default","session_id":"IMSI222700000000001-616512","list_of_service_data":[],"charging_characteristics":"","total_tx":0,"cause_for_rec_closing":0,"imsi":"IMSI222700000000001","total_rx":0,"monitoring_rx":0,"charging_tx":0,"pdp_start_time":0}, Error Message: Could not connect to FluentBit locally, Details: [Errno 111] Connection refused
Mar 10 14:41:04 localhost dhclient[601]: DHCPREQUEST for 172.16.5.121 on eth1 to 172.16.5.2 port 67 (xid=0x4b4058b5)
Mar 10 14:41:05 localhost smsd[911858]: INFO:root:mme non_eps_service_config is not SMS_ORC8R, sleeping.
Mar 10 14:41:05 localhost sctpd[912035]: I0310 14:41:05.594089 912503 sctp_connection.cpp:167] HandleClientSock sd = 28
