Apr  4 21:48:04 localhost eventd[2825559]: value: "{\"mac_addr\":\"\",\"user_location\":\"\",\"spgw_ip\":\"\",\"imei\":\"\",\"record_sequence_number\":1,\"pdp_end_time\":19,\"charging_rx\":0,\"duration\":-94219547397405,\"ip_addr\":\"192.168.128.103\",\"monitoring_tx\":0,\"ipv6_addr\":\"\",\"msisdn\":\"\",\"apn\":\"internet\",\"session_id\":\"IMSI222700000000001-62731\",\"list_of_service_data\":[],\"charging_characteristics\":\"\",\"total_tx\":0,\"cause_for_rec_closing\":0,\"imsi\":\"IMSI222700000000001\",\"total_rx\":0,\"monitoring_rx\":0,\"charging_tx\":0,\"pdp_start_time\":94219547397424}"
Apr  4 21:48:04 localhost eventd[2825559]: ERROR:root:Connection to FluentBit failed: [Errno 111] Connection refused
Apr  4 21:48:04 localhost eventd[2825559]: INFO:root:FluentBit (td-agent-bit) may not be enabled or configured correctly
Apr  4 21:48:04 localhost sessiond[2825478]: I0404 21:48:04.295531 2825495 SessionEvents.cpp:291] Could not log session_terminated event {"mac_addr":"","user_location":"","spgw_ip":"","imei":"","record_sequence_number":1,"pdp_end_time":19,"charging_rx":0,"duration":-94219547397405,"ip_addr":"192.168.128.103","monitoring_tx":0,"ipv6_addr":"","msisdn":"","apn":"internet","session_id":"IMSI222700000000001-62731","list_of_service_data":[],"charging_characteristics":"","total_tx":0,"cause_for_rec_closing":0,"imsi":"IMSI222700000000001","total_rx":0,"monitoring_rx":0,"charging_tx":0,"pdp_start_time":94219547397424}, Error Message: Could not connect to FluentBit locally, Details: [Errno 111] Connection refused
Apr  4 21:48:04 localhost smsd[2825569]: INFO:root:mme non_eps_service_config is not SMS_ORC8R, sleeping.
Apr  4 21:48:09 localhost smsd[2825569]: INFO:root:mme non_eps_service_config is not SMS_ORC8R, sleeping.
Apr  4 21:48:10 localhost mobilityd[2825469]: INFO:root:Using GW info: {'default': {2: ('172.16.4.1', 'eth0')}, 2: [('172.16.4.1', 'eth0', True)]}
Apr  4 21:48:10 localhost mobilityd[2825469]: INFO:root:GW-v6 probe: timer started
Apr  4 21:48:11 localhost magmad[2825401]: INFO:root:[SyncRPC] Got heartBeat from cloud
Apr  4 21:48:12 localhost control_proxy[2825621]: 2022-04-04T21:48:12.480Z [127.0.0.1 -> state-controller.magmasi.wavelabs.in,8443] "POST /magma.orc8r.StateService/ReportStates HTTP/2" 200 5bytes 0.278s
Apr  4 21:48:14 localhost smsd[2825569]: INFO:root:mme non_eps_service_config is not SMS_ORC8R, sleeping.
Apr  4 21:48:15 localhost sctpd[2825747]: I0404 21:48:15.989951 2826189 sctp_connection.cpp:195] Unhandled notification type 32776
Apr  4 21:48:17 localhost sctpd[2825747]: I0404 21:48:17.048924 2826189 sctp_connection.cpp:195] Unhandled notification type 32777
Apr  4 21:48:17 localhost sctpd[2825747]: I0404 21:48:17.274075 2826189 sctp_connection.cpp:195] Unhandled notification type 32777
Apr  4 21:48:17 localhost sctpd[2825747]: I0404 21:48:17.392711 2826189 sctp_connection.cpp:195] Unhandled notification type 32777
Apr  4 21:48:17 localhost mme[2826144]: [DEBUG] Sending S6A-UPDATE_LOCATION_REQUEST with IMSI: 222700000000001
Apr  4 21:48:17 localhost mme[2826144]: [INFO] Received S6A-LOCATION-UPDATE_ANSWER for IMSI: 222700000000001; Status: ; StatusCode: 2001
Apr  4 21:48:17 localhost mme[2826144]: [INFO] sent itti S6A-LOCATION-UPDATE_ANSWER for IMSI: 222700000000001
Apr  4 21:48:17 localhost sctpd[2825747]: I0404 21:48:17.513322 2826189 sctp_connection.cpp:195] Unhandled notification type 32777
Apr  4 21:48:17 localhost mobilityd[2825469]: INFO:root:Allocated IP 192.168.128.102 for sid IMSI222700000000001 for apn internet
Apr  4 21:48:17 localhost policydb[2825545]: INFO:root:Creating a session for subscriber ID: IMSI222700000000001
Apr  4 21:48:17 localhost sessiond[2825478]: I0404 21:48:17.746381 2825478 SetMessageManagerHandler.cpp:342] Processing a CreateSessionResponse for IMSI222700000000001-544465
Apr  4 21:48:17 localhost sessiond[2825478]: I0404 21:48:17.746599 2825478 SessionState.cpp:2774] RuleID allowlist_sid-IMSI222700000000001-internet doesn't have a version registered for IMSI222700000000001-544465, this is unexpected
Apr  4 21:48:17 localhost mme[2826144]: PDUSessionResourceSetupRequestTransfer ::= {
Apr  4 21:48:17 localhost mme[2826144]:     protocolIEs: ProtocolIE-Container ::= {
Apr  4 21:48:17 localhost mme[2826144]:         PDUSessionResourceSetupRequestTransferIEs ::= {
Apr  4 21:48:17 localhost mme[2826144]:             id: 130
Apr  4 21:48:17 localhost mme[2826144]:             criticality: 0 (reject)
Apr  4 21:48:17 localhost mme[2826144]:             value: PDUSessionAggregateMaximumBitRate ::= {
Apr  4 21:48:17 localhost mme[2826144]:                 pDUSessionAggregateMaximumBitRateDL: 1000000
Apr  4 21:48:17 localhost mme[2826144]:                 pDUSessionAggregateMaximumBitRateUL: 1000000
Apr  4 21:48:17 localhost mme[2826144]:             }
Apr  4 21:48:17 localhost mme[2826144]:         }
Apr  4 21:48:17 localhost mme[2826144]:         PDUSessionResourceSetupRequestTransferIEs ::= {
Apr  4 21:48:17 localhost mme[2826144]:             id: 139
Apr  4 21:48:17 localhost mme[2826144]:             criticality: 0 (reject)
Apr  4 21:48:17 localhost mme[2826144]:             value: GTPTunnel ::= {
Apr  4 21:48:17 localhost mme[2826144]:                 transportLayerAddress: AC 10 05 79
Apr  4 21:48:17 localhost mme[2826144]:                 gTP-TEID: 80 00 00 0C
Apr  4 21:48:17 localhost mme[2826144]:             }
Apr  4 21:48:17 localhost mme[2826144]:         }
Apr  4 21:48:17 localhost mme[2826144]:         PDUSessionResourceSetupRequestTransferIEs ::= {
Apr  4 21:48:17 localhost mme[2826144]:             id: 134
Apr  4 21:48:17 localhost mme[2826144]:             criticality: 0 (reject)
Apr  4 21:48:17 localhost mme[2826144]:             value: 0 (ipv4)
Apr  4 21:48:17 localhost mme[2826144]:         }
Apr  4 21:48:17 localhost mme[2826144]:         PDUSessionResourceSetupRequestTransferIEs ::= {
Apr  4 21:48:17 localhost mme[2826144]:             id: 136
Apr  4 21:48:17 localhost mme[2826144]:             criticality: 0 (reject)
Apr  4 21:48:17 localhost mme[2826144]:             value: QosFlowSetupRequestList ::= {
Apr  4 21:48:17 localhost mme[2826144]:                 QosFlowSetupRequestItem ::= {
Apr  4 21:48:17 localhost mme[2826144]:                     qosFlowIdentifier: 9
Apr  4 21:48:17 localhost mme[2826144]:                     qosFlowLevelQosParameters: QosFlowLevelQosParameters ::= {
Apr  4 21:48:17 localhost mme[2826144]:                         qosCharacteristics: NonDynamic5QIDescriptor ::= {
Apr  4 21:48:17 localhost mme[2826144]:                             fiveQI: 9
Apr  4 21:48:17 localhost mme[2826144]:                         }
Apr  4 21:48:17 localhost mme[2826144]:                         allocationAndRetentionPriority: AllocationAndRetentionPriority ::= {
Apr  4 21:48:17 localhost mme[2826144]:                             priorityLevelARP: 15
Apr  4 21:48:17 localhost mme[2826144]:                             pre-emptionCapability: 1 (may-trigger-pre-emption)
Apr  4 21:48:17 localhost mme[2826144]:                             pre-emptionVulnerability: 1 (pre-emptable)
Apr  4 21:48:17 localhost mme[2826144]:                         }
Apr  4 21:48:17 localhost mme[2826144]:                     }
Apr  4 21:48:17 localhost mme[2826144]:                 }
Apr  4 21:48:17 localhost mme[2826144]:             }
Apr  4 21:48:17 localhost mme[2826144]:         }
Apr  4 21:48:17 localhost mme[2826144]:     }
Apr  4 21:48:17 localhost mme[2826144]: }
Apr  4 21:48:17 localhost sctpd[2825747]: I0404 21:48:17.824524 2826189 sctp_connection.cpp:195] Unhandled notification type 32777
Apr  4 21:48:18 localhost sctpd[2825747]: I0404 21:48:18.032495 2826189 sctp_connection.cpp:195] Unhandled notification type 32777
Apr  4 21:48:19 localhost dhclient[601]: DHCPREQUEST for 172.16.5.121 on eth1 to 172.16.5.2 port 67 (xid=0x25c866c5)
Apr  4 21:48:19 localhost smsd[2825569]: INFO:root:mme non_eps_service_config is not SMS_ORC8R, sleeping.
Apr  4 21:48:19 localhost subscriberdb[2825467]: INFO:root:get digest stored in gateway:
Apr  4 21:48:20 localhost control_proxy[2825621]: 2022-04-04T21:48:19.660Z [127.0.0.1 -> subscriberdb-controller.magmasi.wavelabs.in,8443] "POST /magma.lte.SubscriberDBCloud/CheckInSync HTTP/2" 200 0bytes 0.502s
Apr  4 21:48:20 localhost subscriberdb[2825467]: ERROR:root:Internal Error in subscriberdb-Orc8r communication. If AGW and Orc8r are deployed at a commit hash, upgrade AGW and Orc8r to latest commit hash.
Apr  4 21:48:20 localhost control_proxy[2825621]: 2022-04-04T21:48:20.166Z [127.0.0.1 -> subscriberdb-controller.magmasi.wavelabs.in,8443] "POST /magma.lte.SubscriberDBCloud/Sync HTTP/2" 200 0bytes 0.250s
Apr  4 21:48:20 localhost subscriberdb[2825467]: ERROR:root:Internal Error in subscriberdb-Orc8r communication. If AGW and Orc8r are deployed at a commit hash, upgrade AGW and Orc8r to latest commit hash.
Apr  4 21:48:20 localhost control_proxy[2825621]: 2022-04-04T21:48:20.166Z [127.0.0.1 -> subscriberdb-controller.magmasi.wavelabs.in,8443] "POST /magma.lte.SubscriberDBCloud/ListSubscribers HTTP/2" 200 44088bytes 0.316s
Apr  4 21:48:20 localhost subscriberdb[2825467]: INFO:root:Successfully fetched all subscriber pages from the cloud!
Apr  4 21:48:21 localhost subscriberdb[2825467]: INFO:root:update root digest stored in gateway:
Apr  4 21:48:22 localhost magmad[2825401]: INFO:root:Setting logging level to INFO
Apr  4 21:48:22 localhost sessiond[2825478]: I0404 21:48:22.940554 2825478 SetMessageManagerHandler.cpp:142] Release request for session from IMSI: IMSI222700000000001 pdu_id 1
Apr  4 21:48:22 localhost mobilityd[2825469]: INFO:root:Released IP 192.168.128.102 for sid IMSI222700000000001
Apr  4 21:48:23 localhost sctpd[2825747]: I0404 21:48:23.348647 2826189 sctp_connection.cpp:195] Unhandled notification type 32777
Apr  4 21:48:24 localhost smsd[2825569]: INFO:root:mme non_eps_service_config is not SMS_ORC8R, sleeping.
Apr  4 21:48:27 localhost policydb[2825545]: INFO:root:Terminating session: IMSI222700000000001-544465
Apr  4 21:48:27 localhost eventd[2825559]: DEBUG:root:Logging event: stream_name: "sessiond"
Apr  4 21:48:27 localhost eventd[2825559]: event_type: "session_terminated"
Apr  4 21:48:27 localhost eventd[2825559]: tag: "IMSI222700000000001"
Apr  4 21:48:27 localhost eventd[2825559]: value: "{\"mac_addr\":\"\",\"user_location\":\"\",\"spgw_ip\":\"\",\"imei\":\"\",\"record_sequence_number\":1,\"pdp_end_time\":19,\"charging_rx\":0,\"duration\":-94219547397405,\"ip_addr\":\"192.168.128.102\",\"monitoring_tx\":0,\"ipv6_addr\":\"\",\"msisdn\":\"\",\"apn\":\"internet\",\"session_id\":\"IMSI222700000000001-544465\",\"list_of_service_data\":[],\"charging_characteristics\":\"\",\"total_tx\":0,\"cause_for_rec_closing\":0,\"imsi\":\"IMSI222700000000001\",\"total_rx\":0,\"monitoring_rx\":0,\"charging_tx\":0,\"pdp_start_time\":94219547397424}"
Apr  4 21:48:27 localhost eventd[2825559]: ERROR:root:Connection to FluentBit failed: [Errno 111] Connection refused
Apr  4 21:48:27 localhost eventd[2825559]: INFO:root:FluentBit (td-agent-bit) may not be enabled or configured correctly
Apr  4 21:48:27 localhost sessiond[2825478]: I0404 21:48:27.948802 2825495 SessionEvents.cpp:291] Could not log session_terminated event {"mac_addr":"","user_location":"","spgw_ip":"","imei":"","record_sequence_number":1,"pdp_end_time":19,"charging_rx":0,"duration":-94219547397405,"ip_addr":"192.168.128.102","monitoring_tx":0,"ipv6_addr":"","msisdn":"","apn":"internet","session_id":"IMSI222700000000001-544465","list_of_service_data":[],"charging_characteristics":"","total_tx":0,"cause_for_rec_closing":0,"imsi":"IMSI222700000000001","total_rx":0,"monitoring_rx":0,"charging_tx":0,"pdp_start_time":94219547397424}, Error Message: Could not connect to FluentBit locally, Details: [Errno 111] Connection refused
Apr  4 21:48:29 localhost smsd[2825569]: INFO:root:mme non_eps_service_config is not SMS_ORC8R, sleeping.
Apr  4 21:48:29 localhost dhclient[601]: DHCPREQUEST for 172.16.5.121 on eth1 to 172.16.5.2 port 67 (xid=0x25c866c5)
Apr  4 21:48:30 localhost mobilityd[2825469]: INFO:root:Using GW info: {'default': {2: ('172.16.4.1', 'eth0')}, 2: [('172.16.4.1', 'eth0', True)]}
Apr  4 21:48:30 localhost mobilityd[2825469]: INFO:root:GW-v6 probe: timer started
Apr  4 21:48:34 localhost smsd[2825569]: INFO:root:mme non_eps_service_config is not SMS_ORC8R, sleeping.
Apr  4 21:48:38 localhost dhclient[601]: DHCPREQUEST for 172.16.5.121 on eth1 to 172.16.5.2 port 67 (xid=0x25c866c5)
Apr  4 21:48:39 localhost sctpd[2825747]: I0404 21:48:39.533514 2826189 sctp_connection.cpp:195] Unhandled notification type 32776
Apr  4 21:48:39 localhost smsd[2825569]: INFO:root:mme non_eps_service_config is not SMS_ORC8R, sleeping.
Apr  4 21:48:40 localhost sctpd[2825747]: I0404 21:48:40.598001 2826189 sctp_connection.cpp:195] Unhandled notification type 32777
Apr  4 21:48:40 localhost sctpd[2825747]: I0404 21:48:40.936481 2826189 sctp_connection.cpp:195] Unhandled notification type 32777
Apr  4 21:48:41 localhost control_proxy[2825621]: 2022-04-04T21:48:40.477Z [127.0.0.1 -> state-controller.magmasi.wavelabs.in,8443] "POST /magma.orc8r.StateService/ReportStates HTTP/2" 200 5bytes 0.638s
Apr  4 21:48:41 localhost magmad[2825401]: INFO:root:Checkin Successful! Successfully sent states to the cloud!
Apr  4 21:48:44 localhost smsd[2825569]: INFO:root:mme non_eps_service_config is not SMS_ORC8R, sleeping.
Apr  4 21:48:46 localhost control_proxy[2825621]: 2022-04-04T21:48:46.247Z [127.0.0.1 -> streamer-controller.magmasi.wavelabs.in,8443] "POST /magma.orc8r.Streamer/GetUpdates HTTP/2" 200 173bytes 0.277s
Apr  4 21:48:46 localhost policydb[2825545]: INFO:root:Processing 4 policy updates (resync=True)
Apr  4 21:48:46 localhost control_proxy[2825621]: 2022-04-04T21:48:46.247Z [127.0.0.1 -> streamer-controller.magmasi.wavelabs.in,8443] "POST /magma.orc8r.Streamer/GetUpdates HTTP/2" 200 7bytes 0.273s
Apr  4 21:48:46 localhost policydb[2825545]: INFO:root:Processing 0 basename -> policy updates
Apr  4 21:48:46 localhost sctpd[2825747]: I0404 21:48:46.944427 2826189 sctp_connection.cpp:195] Unhandled notification type 32777
Apr  4 21:48:47 localhost control_proxy[2825621]: 2022-04-04T21:48:46.247Z [127.0.0.1 -> streamer-controller.magmasi.wavelabs.in,8443] "POST /magma.orc8r.Streamer/GetUpdates HTTP/2" 200 13513bytes 0.303s
Apr  4 21:48:47 localhost policydb[2825545]: INFO:root:Processing 222 SID -> apn -> policy updates
Apr  4 21:48:47 localhost control_proxy[2825621]: 2022-04-04T21:48:47.116Z [127.0.0.1 -> streamer-controller.magmasi.wavelabs.in,8443] "POST /magma.orc8r.Streamer/GetUpdates HTTP/2" 200 7bytes 0.267s
Apr  4 21:48:47 localhost policydb[2825545]: INFO:root:Processing 0 rating group updates
Apr  4 21:48:49 localhost smsd[2825569]: INFO:root:mme non_eps_service_config is not SMS_ORC8R, sleeping.
Apr  4 21:48:50 localhost mobilityd[2825469]: INFO:root:Using GW info: {'default': {2: ('172.16.4.1', 'eth0')}, 2: [('172.16.4.1', 'eth0', True)]}
Apr  4 21:48:50 localhost mobilityd[2825469]: INFO:root:GW-v6 probe: timer started
Apr  4 21:48:53 localhost dhclient[601]: DHCPREQUEST for 172.16.5.121 on eth1 to 172.16.5.2 port 67 (xid=0x25c866c5)
Apr  4 21:48:54 localhost smsd[2825569]: INFO:root:mme non_eps_service_config is not SMS_ORC8R, sleeping.
Apr  4 21:48:57 localhost sctpd[2825747]: I0404 21:48:57.369014 2826189 sctp_connection.cpp:195] Unhandled notification type 32776
Apr  4 21:48:58 localhost sctpd[2825747]: I0404 21:48:58.427902 2826189 sctp_connection.cpp:195] Unhandled notification type 32777
Apr  4 21:48:59 localhost smsd[2825569]: INFO:root:mme non_eps_service_config is not SMS_ORC8R, sleeping.
Apr  4 21:49:04 localhost smsd[2825569]: INFO:root:mme non_eps_service_config is not SMS_ORC8R, sleeping.
Apr  4 21:49:05 localhost dhclient[601]: DHCPREQUEST for 172.16.5.121 on eth1 to 172.16.5.2 port 67 (xid=0x25c866c5)
Apr  4 21:49:09 localhost smsd[2825569]: INFO:root:mme non_eps_service_config is not SMS_ORC8R, sleeping.
Apr  4 21:49:10 localhost magmad[2825401]: ERROR:root:Metrics upload error for service subscriberdb (chunk 0)! [StatusCode.DEADLINE_EXCEEDED] Deadline Exceeded
Apr  4 21:49:10 localhost magmad[2825401]: ERROR:root:Metrics upload error for service mobilityd (chunk 0)! [StatusCode.DEADLINE_EXCEEDED] Deadline Exceeded
Apr  4 21:49:10 localhost magmad[2825401]: ERROR:root:Metrics upload error for service mme (chunk 0)! [StatusCode.DEADLINE_EXCEEDED] Deadline Exceeded
Apr  4 21:49:10 localhost magmad[2825401]: ERROR:root:Metrics upload error for service magmad (chunk 0)! [StatusCode.DEADLINE_EXCEEDED] Deadline Exceeded
Apr  4 21:49:10 localhost magmad[2825401]: ERROR:root:Metrics upload error for service enodebd (chunk 0)! [StatusCode.DEADLINE_EXCEEDED] Deadline Exceeded
Apr  4 21:49:10 localhost magmad[2825401]: ERROR:root:Metrics upload error for service pipelined (chunk 0)! [StatusCode.DEADLINE_EXCEEDED] Deadline Exceeded
Apr  4 21:49:10 localhost magmad[2825401]: ERROR:root:Metrics upload error for service state (chunk 0)! [StatusCode.DEADLINE_EXCEEDED] Deadline Exceeded
Apr  4 21:49:10 localhost magmad[2825401]: ERROR:root:Metrics upload error for service sessiond (chunk 0)! [StatusCode.DEADLINE_EXCEEDED] Deadline Exceeded
Apr  4 21:49:10 localhost mobilityd[2825469]: INFO:root:Using GW info: {'default': {2: ('172.16.4.1', 'eth0')}, 2: [('172.16.4.1', 'eth0', True)]}
Apr  4 21:49:10 localhost mobilityd[2825469]: INFO:root:GW-v6 probe: timer started
Apr  4 21:49:11 localhost magmad[2825401]: INFO:root:[SyncRPC] Got heartBeat from cloud
Apr  4 21:49:13 localhost control_proxy[2825621]: 2022-04-04T21:48:13.177Z [127.0.0.1 -> streamer-controller.magmasi.wavelabs.in,8443] "POST /magma.orc8r.Streamer/GetUpdates HTTP/2" 200 0bytes 60.267s
Apr  4 21:49:13 localhost magmad[2825401]: ERROR:root:Error! Streaming from the cloud failed! [StatusCode.ABORTED] error while streaming updates: rpc error: code = DeadlineExceeded desc = context deadline exceeded
Apr  4 21:49:14 localhost smsd[2825569]: INFO:root:mme non_eps_service_config is not SMS_ORC8R, sleeping.
Apr  4 21:49:19 localhost smsd[2825569]: INFO:root:mme non_eps_service_config is not SMS_ORC8R, sleeping.
Apr  4 21:49:20 localhost sctpd[2825747]: I0404 21:49:20.384171 2826189 sctp_connection.cpp:195] Unhandled notification type 32776
Apr  4 21:49:21 localhost sctpd[2825747]: I0404 21:49:21.449689 2826189 sctp_connection.cpp:195] Unhandled notification type 32777
Apr  4 21:49:24 localhost smsd[2825569]: INFO:root:mme non_eps_service_config is not SMS_ORC8R, sleeping.
Apr  4 21:49:25 localhost dhclient[601]: DHCPREQUEST for 172.16.5.121 on eth1 to 172.16.5.2 port 67 (xid=0x25c866c5)
Apr  4 21:49:30 localhost smsd[2825569]: INFO:root:mme non_eps_service_config is not SMS_ORC8R, sleeping.
Apr  4 21:49:30 localhost mobilityd[2825469]: INFO:root:Using GW info: {'default': {2: ('172.16.4.1', 'eth0')}, 2: [('172.16.4.1', 'eth0', True)]}
Apr  4 21:49:30 localhost mobilityd[2825469]: INFO:root:GW-v6 probe: timer started
Apr  4 21:49:34 localhost dhclient[601]: DHCPREQUEST for 172.16.5.121 on eth1 to 172.16.5.2 port 67 (xid=0x25c866c5)
Apr  4 21:49:35 localhost smsd[2825569]: INFO:root:mme non_eps_service_config is not SMS_ORC8R, sleeping.
Apr  4 21:49:38 localhost sctpd[2825747]: I0404 21:49:38.211489 2826189 sctp_connection.cpp:195] Unhandled notification type 32776
Apr  4 21:49:39 localhost sctpd[2825747]: I0404 21:49:39.276962 2826189 sctp_connection.cpp:195] Unhandled notification type 32777
Apr  4 21:49:39 localhost sctpd[2825747]: I0404 21:49:39.518059 2826189 sctp_connection.cpp:195] Unhandled notification type 32777
Apr  4 21:49:39 localhost sctpd[2825747]: I0404 21:49:39.724633 2826189 sctp_connection.cpp:195] Unhandled notification type 32777
Apr  4 21:49:40 localhost smsd[2825569]: INFO:root:mme non_eps_service_config is not SMS_ORC8R, sleeping.
Apr  4 21:49:41 localhost magmad[2825401]: INFO:root:Setting logging level to INFO
Apr  4 21:49:44 localhost dhclient[601]: DHCPREQUEST for 172.16.5.121 on eth1 to 172.16.5.2 port 67 (xid=0x25c866c5)
Apr  4 21:49:45 localhost smsd[2825569]: INFO:root:mme non_eps_service_config is not SMS_ORC8R, sleeping.
Apr  4 21:49:47 localhost control_proxy[2825621]: 2022-04-04T21:49:47.399Z [127.0.0.1 -> streamer-controller.magmasi.wavelabs.in,8443] "POST /magma.orc8r.Streamer/GetUpdates HTTP/2" 200 173bytes 0.524s
Apr  4 21:49:47 localhost policydb[2825545]: INFO:root:Processing 4 policy updates (resync=True)
Apr  4 21:49:48 localhost control_proxy[2825621]: 2022-04-04T21:49:47.399Z [127.0.0.1 -> streamer-controller.magmasi.wavelabs.in,8443] "POST /magma.orc8r.Streamer/GetUpdates HTTP/2" 200 7bytes 0.272s
Apr  4 21:49:48 localhost policydb[2825545]: INFO:root:Processing 0 basename -> policy updates
Apr  4 21:49:48 localhost control_proxy[2825621]: 2022-04-04T21:49:48.200Z [127.0.0.1 -> streamer-controller.magmasi.wavelabs.in,8443] "POST /magma.orc8r.Streamer/GetUpdates HTTP/2" 200 13513bytes 0.321s
Apr  4 21:49:48 localhost policydb[2825545]: INFO:root:Processing 222 SID -> apn -> policy updates
Apr  4 21:49:48 localhost control_proxy[2825621]: 2022-04-04T21:49:48.200Z [127.0.0.1 -> streamer-controller.magmasi.wavelabs.in,8443] "POST /magma.orc8r.Streamer/GetUpdates HTTP/2" 200 7bytes 0.279s
Apr  4 21:49:48 localhost policydb[2825545]: INFO:root:Processing 0 rating group updates
Apr  4 21:49:50 localhost smsd[2825569]: INFO:root:mme non_eps_service_config is not SMS_ORC8R, sleeping.
Apr  4 21:49:50 localhost mobilityd[2825469]: INFO:root:Using GW info: {'default': {2: ('172.16.4.1', 'eth0')}, 2: [('172.16.4.1', 'eth0', True)]}
Apr  4 21:49:50 localhost mobilityd[2825469]: INFO:root:GW-v6 probe: timer started
Apr  4 21:49:54 localhost dhclient[601]: DHCPREQUEST for 172.16.5.121 on eth1 to 172.16.5.2 port 67 (xid=0x25c866c5)
Apr  4 21:49:55 localhost smsd[2825569]: INFO:root:mme non_eps_service_config is not SMS_ORC8R, sleeping.
Apr  4 21:49:56 localhost sctpd[2825747]: I0404 21:49:56.272322 2826189 sctp_connection.cpp:195] Unhandled notification type 32776
Apr  4 21:49:57 localhost sctpd[2825747]: I0404 21:49:57.339764 2826189 sctp_connection.cpp:195] Unhandled notification type 32777
Apr  4 21:49:57 localhost sctpd[2825747]: I0404 21:49:57.586488 2826189 sctp_connection.cpp:195] Unhandled notification type 32777
Apr  4 21:49:57 localhost sctpd[2825747]: I0404 21:49:57.792758 2826189 sctp_connection.cpp:195] Unhandled notification type 32777
Apr  4 21:50:00 localhost smsd[2825569]: INFO:root:mme non_eps_service_config is not SMS_ORC8R, sleeping.
Apr  4 21:50:00 localhost control_proxy[2825621]: 2022-04-04T21:50:00.104Z [127.0.0.1 -> state-controller.magmasi.wavelabs.in,8443] "POST /magma.orc8r.StateService/ReportStates HTTP/2" 200 5bytes 0.513s
Apr  4 21:50:00 localhost magmad[2825401]: INFO:root:Checkin Successful! Successfully sent states to the cloud!
Apr  4 21:50:03 localhost sctpd[2825747]: I0404 21:50:03.796602 2826189 sctp_connection.cpp:195] Unhandled notification type 32777
Apr  4 21:50:05 localhost smsd[2825569]: INFO:root:mme non_eps_service_config is not SMS_ORC8R, sleeping.
Apr  4 21:50:05 localhost dhclient[601]: DHCPREQUEST for 172.16.5.121 on eth1 to 172.16.5.2 port 67 (xid=0x25c866c5)
Apr  4 21:50:10 localhost smsd[2825569]: INFO:root:mme non_eps_service_config is not SMS_ORC8R, sleeping.
Apr  4 21:50:10 localhost magmad[2825401]: ERROR:root:Metrics upload error for service subscriberdb (chunk 0)! [StatusCode.DEADLINE_EXCEEDED] Deadline Exceeded
Apr  4 21:50:10 localhost magmad[2825401]: ERROR:root:Metrics upload error for service mobilityd (chunk 0)! [StatusCode.DEADLINE_EXCEEDED] Deadline Exceeded
Apr  4 21:50:10 localhost magmad[2825401]: ERROR:root:Metrics upload error for service mme (chunk 0)! [StatusCode.DEADLINE_EXCEEDED] Deadline Exceeded
Apr  4 21:50:10 localhost magmad[2825401]: ERROR:root:Metrics upload error for service magmad (chunk 0)! [StatusCode.DEADLINE_EXCEEDED] Deadline Exceeded
Apr  4 21:50:10 localhost magmad[2825401]: ERROR:root:Metrics upload error for service enodebd (chunk 0)! [StatusCode.DEADLINE_EXCEEDED] Deadline Exceeded
Apr  4 21:50:10 localhost magmad[2825401]: ERROR:root:Metrics upload error for service pipelined (chunk 0)! [StatusCode.DEADLINE_EXCEEDED] Deadline Exceeded
Apr  4 21:50:10 localhost magmad[2825401]: ERROR:root:Metrics upload error for service state (chunk 0)! [StatusCode.DEADLINE_EXCEEDED] Deadline Exceeded
Apr  4 21:50:10 localhost magmad[2825401]: ERROR:root:Metrics upload error for service sessiond (chunk 0)! [StatusCode.DEADLINE_EXCEEDED] Deadline Exceeded
Apr  4 21:50:10 localhost mobilityd[2825469]: INFO:root:Using GW info: {'default': {2: ('172.16.4.1', 'eth0')}, 2: [('172.16.4.1', 'eth0', True)]}
Apr  4 21:50:10 localhost mobilityd[2825469]: INFO:root:GW-v6 probe: timer started
Apr  4 21:50:11 localhost magmad[2825401]: INFO:root:[SyncRPC] Got heartBeat from cloud
Apr  4 21:50:14 localhost sctpd[2825747]: I0404 21:50:14.378895 2826189 sctp_connection.cpp:195] Unhandled notification type 32776
Apr  4 21:50:15 localhost smsd[2825569]: INFO:root:mme non_eps_service_config is not SMS_ORC8R, sleeping.
Apr  4 21:50:15 localhost sctpd[2825747]: I0404 21:50:15.440960 2826189 sctp_connection.cpp:195] Unhandled notification type 32777
Apr  4 21:50:15 localhost sctpd[2825747]: I0404 21:50:15.672269 2826189 sctp_connection.cpp:195] Unhandled notification type 32777
Apr  4 21:50:19 localhost dhclient[601]: DHCPREQUEST for 172.16.5.121 on eth1 to 172.16.5.2 port 67 (xid=0x25c866c5)
Apr  4 21:50:20 localhost smsd[2825569]: INFO:root:mme non_eps_service_config is not SMS_ORC8R, sleeping.
Apr  4 21:50:30 localhost smsd[2825569]: message repeated 2 times: [ INFO:root:mme non_eps_service_config is not SMS_ORC8R, sleeping.]
Apr  4 21:50:30 localhost mobilityd[2825469]: INFO:root:Using GW info: {'default': {2: ('172.16.4.1', 'eth0')}, 2: [('172.16.4.1', 'eth0', True)]}
Apr  4 21:50:30 localhost mobilityd[2825469]: INFO:root:GW-v6 probe: timer started
Apr  4 21:50:31 localhost dhclient[601]: DHCPREQUEST for 172.16.5.121 on eth1 to 172.16.5.2 port 67 (xid=0x25c866c5)
Apr  4 21:50:35 localhost smsd[2825569]: INFO:root:mme non_eps_service_config is not SMS_ORC8R, sleeping.
Apr  4 21:50:37 localhost sctpd[2825747]: I0404 21:50:37.465730 2826189 sctp_connection.cpp:195] Unhandled notification type 32776
Apr  4 21:50:40 localhost smsd[2825569]: INFO:root:mme non_eps_service_config is not SMS_ORC8R, sleeping.
Apr  4 21:50:45 localhost smsd[2825569]: INFO:root:mme non_eps_service_config is not SMS_ORC8R, sleeping.
Apr  4 21:50:46 localhost dhclient[601]: DHCPREQUEST for 172.16.5.121 on eth1 to 172.16.5.2 port 67 (xid=0x25c866c5)
Apr  4 21:50:47 localhost sctpd[2825747]: I0404 21:50:47.174706 2826189 sctp_connection.cpp:195] Unhandled notification type 32777
Apr  4 21:50:47 localhost sctpd[2825747]: I0404 21:50:47.399717 2826189 sctp_connection.cpp:195] Unhandled notification type 32777
Apr  4 21:50:47 localhost sctpd[2825747]: I0404 21:50:47.518309 2826189 sctp_connection.cpp:195] Unhandled notification type 32777
Apr  4 21:50:47 localhost sctpd[2825747]: I0404 21:50:47.634284 2826189 sctp_connection.cpp:195] Unhandled notification type 32777
Apr  4 21:50:47 localhost mme[2826144]: [DEBUG] Sending S6A-UPDATE_LOCATION_REQUEST with IMSI: 222700000000001
Apr  4 21:50:47 localhost mme[2826144]: [INFO] Received S6A-LOCATION-UPDATE_ANSWER for IMSI: 222700000000001; Status: ; StatusCode: 2001
Apr  4 21:50:47 localhost mme[2826144]: [INFO] sent itti S6A-LOCATION-UPDATE_ANSWER for IMSI: 222700000000001
Apr  4 21:50:47 localhost sctpd[2825747]: I0404 21:50:47.744668 2826189 sctp_connection.cpp:195] Unhandled notification type 32777
Apr  4 21:50:47 localhost mobilityd[2825469]: INFO:root:Allocated IP 192.168.128.106 for sid IMSI222700000000001 for apn default
Apr  4 21:50:47 localhost policydb[2825545]: INFO:root:Creating a session for subscriber ID: IMSI222700000000001
Apr  4 21:50:47 localhost sessiond[2825478]: I0404 21:50:47.979092 2825478 SetMessageManagerHandler.cpp:342] Processing a CreateSessionResponse for IMSI222700000000001-126979
Apr  4 21:50:47 localhost sessiond[2825478]: I0404 21:50:47.979333 2825478 SessionState.cpp:2774] RuleID allowlist_sid-IMSI222700000000001-default doesn't have a version registered for IMSI222700000000001-126979, this is unexpected
Apr  4 21:50:47 localhost mme[2826144]: PDUSessionResourceSetupRequestTransfer ::= {
Apr  4 21:50:47 localhost mme[2826144]:     protocolIEs: ProtocolIE-Container ::= {
Apr  4 21:50:47 localhost mme[2826144]:         PDUSessionResourceSetupRequestTransferIEs ::= {
Apr  4 21:50:47 localhost mme[2826144]:             id: 130
Apr  4 21:50:47 localhost mme[2826144]:             criticality: 0 (reject)
Apr  4 21:50:47 localhost mme[2826144]:             value: PDUSessionAggregateMaximumBitRate ::= {
Apr  4 21:50:47 localhost mme[2826144]:                 pDUSessionAggregateMaximumBitRateDL: 100000000
Apr  4 21:50:47 localhost mme[2826144]:                 pDUSessionAggregateMaximumBitRateUL: 100000000
Apr  4 21:50:47 localhost mme[2826144]:             }
Apr  4 21:50:47 localhost mme[2826144]:         }
Apr  4 21:50:47 localhost mme[2826144]:         PDUSessionResourceSetupRequestTransferIEs ::= {
Apr  4 21:50:47 localhost mme[2826144]:             id: 139
Apr  4 21:50:47 localhost mme[2826144]:             criticality: 0 (reject)
Apr  4 21:50:47 localhost mme[2826144]:             value: GTPTunnel ::= {
Apr  4 21:50:47 localhost mme[2826144]:                 transportLayerAddress: AC 10 05 79
Apr  4 21:50:47 localhost mme[2826144]:                 gTP-TEID: 80 00 00 0D
Apr  4 21:50:47 localhost mme[2826144]:             }
Apr  4 21:50:47 localhost mme[2826144]:         }
Apr  4 21:50:47 localhost mme[2826144]:         PDUSessionResourceSetupRequestTransferIEs ::= {
Apr  4 21:50:47 localhost mme[2826144]:             id: 134
Apr  4 21:50:47 localhost mme[2826144]:             criticality: 0 (reject)
Apr  4 21:50:47 localhost mme[2826144]:             value: 0 (ipv4)
Apr  4 21:50:47 localhost mme[2826144]:         }
Apr  4 21:50:47 localhost mme[2826144]:         PDUSessionResourceSetupRequestTransferIEs ::= {
Apr  4 21:50:47 localhost mme[2826144]:             id: 136
Apr  4 21:50:47 localhost mme[2826144]:             criticality: 0 (reject)
Apr  4 21:50:47 localhost mme[2826144]:             value: QosFlowSetupRequestList ::= {
Apr  4 21:50:47 localhost mme[2826144]:                 QosFlowSetupRequestItem ::= {
Apr  4 21:50:47 localhost mme[2826144]:                     qosFlowIdentifier: 9
Apr  4 21:50:47 localhost mme[2826144]:                     qosFlowLevelQosParameters: QosFlowLevelQosParameters ::= {
Apr  4 21:50:47 localhost mme[2826144]:                         qosCharacteristics: NonDynamic5QIDescriptor ::= {
Apr  4 21:50:47 localhost mme[2826144]:                             fiveQI: 9
Apr  4 21:50:47 localhost mme[2826144]:                         }
Apr  4 21:50:47 localhost mme[2826144]:                         allocationAndRetentionPriority: AllocationAndRetentionPriority ::= {
Apr  4 21:50:47 localhost mme[2826144]:                             priorityLevelARP: 15
Apr  4 21:50:47 localhost mme[2826144]:                             pre-emptionCapability: 0 (shall-not-trigger-pre-emption)
Apr  4 21:50:47 localhost mme[2826144]:                             pre-emptionVulnerability: 0 (not-pre-emptable)
Apr  4 21:50:47 localhost mme[2826144]:                         }
Apr  4 21:50:47 localhost mme[2826144]:                     }
Apr  4 21:50:47 localhost mme[2826144]:                 }
Apr  4 21:50:47 localhost mme[2826144]:             }
Apr  4 21:50:47 localhost mme[2826144]:         }
Apr  4 21:50:47 localhost mme[2826144]:     }
Apr  4 21:50:47 localhost mme[2826144]: }
Apr  4 21:50:48 localhost sctpd[2825747]: I0404 21:50:48.048066 2826189 sctp_connection.cpp:195] Unhandled notification type 32777
Apr  4 21:50:48 localhost mobilityd[2825469]: WARNING:root:Re-allocate IP 192.168.128.106 for sid IMSI222700000000001.default,ipv4 without MME releasing it first ip-state-map
Apr  4 21:50:48 localhost mobilityd[2825469]: INFO:root:Allocating the same IP 192.168.128.106 for sid IMSI222700000000001.default,ipv4
Apr  4 21:50:48 localhost mobilityd[2825469]: INFO:root:Allocated IP 192.168.128.106 for sid IMSI222700000000001 for apn default
Apr  4 21:50:48 localhost policydb[2825545]: INFO:root:Creating a session for subscriber ID: IMSI222700000000001
Apr  4 21:50:48 localhost sessiond[2825478]: I0404 21:50:48.060586 2825478 SetMessageManagerHandler.cpp:342] Processing a CreateSessionResponse for IMSI222700000000001-140229
Apr  4 21:50:48 localhost sessiond[2825478]: I0404 21:50:48.060725 2825478 SessionState.cpp:2774] RuleID allowlist_sid-IMSI222700000000001-default doesn't have a version registered for IMSI222700000000001-140229, this is unexpected
Apr  4 21:50:48 localhost mme[2826144]: PDUSessionResourceSetupRequestTransfer ::= {
Apr  4 21:50:48 localhost mme[2826144]:     protocolIEs: ProtocolIE-Container ::= {
Apr  4 21:50:48 localhost mme[2826144]:         PDUSessionResourceSetupRequestTransferIEs ::= {
Apr  4 21:50:48 localhost mme[2826144]:             id: 130
Apr  4 21:50:48 localhost mme[2826144]:             criticality: 0 (reject)
Apr  4 21:50:48 localhost mme[2826144]:             value: PDUSessionAggregateMaximumBitRate ::= {
Apr  4 21:50:48 localhost mme[2826144]:                 pDUSessionAggregateMaximumBitRateDL: 100000000
Apr  4 21:50:48 localhost mme[2826144]:                 pDUSessionAggregateMaximumBitRateUL: 100000000
Apr  4 21:50:48 localhost mme[2826144]:             }
Apr  4 21:50:48 localhost mme[2826144]:         }
Apr  4 21:50:48 localhost mme[2826144]:         PDUSessionResourceSetupRequestTransferIEs ::= {
Apr  4 21:50:48 localhost mme[2826144]:             id: 139
Apr  4 21:50:48 localhost mme[2826144]:             criticality: 0 (reject)
Apr  4 21:50:48 localhost mme[2826144]:             value: GTPTunnel ::= {
Apr  4 21:50:48 localhost mme[2826144]:                 transportLayerAddress: AC 10 05 79
Apr  4 21:50:48 localhost mme[2826144]:                 gTP-TEID: 80 00 00 0E
Apr  4 21:50:48 localhost mme[2826144]:             }
Apr  4 21:50:48 localhost mme[2826144]:         }
Apr  4 21:50:48 localhost mme[2826144]:         PDUSessionResourceSetupRequestTransferIEs ::= {
Apr  4 21:50:48 localhost mme[2826144]:             id: 134
Apr  4 21:50:48 localhost mme[2826144]:             criticality: 0 (reject)
Apr  4 21:50:48 localhost mme[2826144]:             value: 0 (ipv4)
Apr  4 21:50:48 localhost mme[2826144]:         }
Apr  4 21:50:48 localhost mme[2826144]:         PDUSessionResourceSetupRequestTransferIEs ::= {
Apr  4 21:50:48 localhost mme[2826144]:             id: 136
Apr  4 21:50:48 localhost mme[2826144]:             criticality: 0 (reject)
Apr  4 21:50:48 localhost mme[2826144]:             value: QosFlowSetupRequestList ::= {
Apr  4 21:50:48 localhost mme[2826144]:                 QosFlowSetupRequestItem ::= {
Apr  4 21:50:48 localhost mme[2826144]:                     qosFlowIdentifier: 9
Apr  4 21:50:48 localhost mme[2826144]:                     qosFlowLevelQosParameters: QosFlowLevelQosParameters ::= {
Apr  4 21:50:48 localhost mme[2826144]:                         qosCharacteristics: NonDynamic5QIDescriptor ::= {
Apr  4 21:50:48 localhost mme[2826144]:                             fiveQI: 9
Apr  4 21:50:48 localhost mme[2826144]:                         }
Apr  4 21:50:48 localhost mme[2826144]:                         allocationAndRetentionPriority: AllocationAndRetentionPriority ::= {
Apr  4 21:50:48 localhost mme[2826144]:                             priorityLevelARP: 15
Apr  4 21:50:48 localhost mme[2826144]:                             pre-emptionCapability: 0 (shall-not-trigger-pre-emption)
Apr  4 21:50:48 localhost mme[2826144]:                             pre-emptionVulnerability: 0 (not-pre-emptable)
Apr  4 21:50:48 localhost mme[2826144]:                         }
Apr  4 21:50:48 localhost mme[2826144]:                     }
Apr  4 21:50:48 localhost mme[2826144]:                 }
Apr  4 21:50:48 localhost mme[2826144]:             }
Apr  4 21:50:48 localhost mme[2826144]:         }
Apr  4 21:50:48 localhost mme[2826144]:     }
Apr  4 21:50:48 localhost mme[2826144]: }
Apr  4 21:50:48 localhost sctpd[2825747]: I0404 21:50:48.268744 2826189 sctp_connection.cpp:195] Unhandled notification type 32777
Apr  4 21:50:49 localhost sessiond[2825478]: I0404 21:50:49.288524 2825478 SetMessageManagerHandler.cpp:142] Release request for session from IMSI: IMSI222700000000001 pdu_id 2
Apr  4 21:50:49 localhost sessiond[2825478]: I0404 21:50:49.290838 2825478 SetMessageManagerHandler.cpp:142] Release request for session from IMSI: IMSI222700000000001 pdu_id 1
Apr  4 21:50:49 localhost mobilityd[2825469]: INFO:root:Released IP 192.168.128.106 for sid IMSI222700000000001
Apr  4 21:50:49 localhost mobilityd[2825469]: WARNING:root:IP not found in used list, check if IP is already released: <IMSI222700000000001.default,ipv4, 192.168.128.106>
Apr  4 21:50:49 localhost mme[2826144]: ReleaseIPv4Address fails with code 5, msg: IP 192.168.128.106 not in use
Apr  4 21:50:49 localhost control_proxy[2825621]: 2022-04-04T21:50:48.867Z [127.0.0.1 -> streamer-controller.magmasi.wavelabs.in,8443] "POST /magma.orc8r.Streamer/GetUpdates HTTP/2" 200 173bytes 0.524s
Apr  4 21:50:49 localhost policydb[2825545]: INFO:root:Processing 4 policy updates (resync=True)
Apr  4 21:50:49 localhost sctpd[2825747]: I0404 21:50:49.545758 2826189 sctp_connection.cpp:195] Unhandled notification type 32777
Apr  4 21:50:49 localhost control_proxy[2825621]: 2022-04-04T21:50:49.395Z [127.0.0.1 -> streamer-controller.magmasi.wavelabs.in,8443] "POST /magma.orc8r.Streamer/GetUpdates HTTP/2" 200 7bytes 0.279s
Apr  4 21:50:49 localhost policydb[2825545]: INFO:root:Processing 0 basename -> policy updates
Apr  4 21:50:49 localhost control_proxy[2825621]: 2022-04-04T21:50:49.395Z [127.0.0.1 -> streamer-controller.magmasi.wavelabs.in,8443] "POST /magma.orc8r.Streamer/GetUpdates HTTP/2" 200 13513bytes 0.303s
Apr  4 21:50:49 localhost policydb[2825545]: INFO:root:Processing 222 SID -> apn -> policy updates
Apr  4 21:50:50 localhost control_proxy[2825621]: 2022-04-04T21:50:49.395Z [127.0.0.1 -> streamer-controller.magmasi.wavelabs.in,8443] "POST /magma.orc8r.Streamer/GetUpdates HTTP/2" 200 7bytes 0.267s
Apr  4 21:50:50 localhost policydb[2825545]: INFO:root:Processing 0 rating group updates
Apr  4 21:50:50 localhost smsd[2825569]: INFO:root:mme non_eps_service_config is not SMS_ORC8R, sleeping.
Apr  4 21:50:50 localhost mobilityd[2825469]: INFO:root:Using GW info: {'default': {2: ('172.16.4.1', 'eth0')}, 2: [('172.16.4.1', 'eth0', True)]}
Apr  4 21:50:50 localhost mobilityd[2825469]: INFO:root:GW-v6 probe: timer started
Apr  4 21:50:54 localhost policydb[2825545]: INFO:root:Terminating session: IMSI222700000000001-126979
Apr  4 21:50:54 localhost eventd[2825559]: DEBUG:root:Logging event: stream_name: "sessiond"
Apr  4 21:50:54 localhost eventd[2825559]: event_type: "session_terminated"
Apr  4 21:50:54 localhost eventd[2825559]: tag: "IMSI222700000000001"
Apr  4 21:50:54 localhost eventd[2825559]: value: "{\"mac_addr\":\"\",\"user_location\":\"\",\"spgw_ip\":\"\",\"imei\":\"\",\"record_sequence_number\":1,\"pdp_end_time\":0,\"charging_rx\":0,\"duration\":-1,\"ip_addr\":\"192.168.128.106\",\"monitoring_tx\":0,\"ipv6_addr\":\"\",\"msisdn\":\"\",\"apn\":\"default\",\"session_id\":\"IMSI222700000000001-140229\",\"list_of_service_data\":[],\"charging_characteristics\":\"\",\"total_tx\":0,\"cause_for_rec_closing\":0,\"imsi\":\"IMSI222700000000001\",\"total_rx\":0,\"monitoring_rx\":0,\"charging_tx\":0,\"pdp_start_time\":1}"
Apr  4 21:50:54 localhost policydb[2825545]: INFO:root:Terminating session: IMSI222700000000001-140229
Apr  4 21:50:54 localhost eventd[2825559]: DEBUG:root:Logging event: stream_name: "sessiond"
Apr  4 21:50:54 localhost eventd[2825559]: event_type: "session_terminated"
Apr  4 21:50:54 localhost eventd[2825559]: tag: "IMSI222700000000001"
Apr  4 21:50:54 localhost eventd[2825559]: value: "{\"mac_addr\":\"\",\"user_location\":\"\",\"spgw_ip\":\"\",\"imei\":\"\",\"record_sequence_number\":1,\"pdp_end_time\":0,\"charging_rx\":0,\"duration\":-1,\"ip_addr\":\"192.168.128.106\",\"monitoring_tx\":0,\"ipv6_addr\":\"\",\"msisdn\":\"\",\"apn\":\"default\",\"session_id\":\"IMSI222700000000001-126979\",\"list_of_service_data\":[],\"charging_characteristics\":\"\",\"total_tx\":0,\"cause_for_rec_closing\":0,\"imsi\":\"IMSI222700000000001\",\"total_rx\":0,\"monitoring_rx\":0,\"charging_tx\":0,\"pdp_start_time\":1}"
Apr  4 21:50:54 localhost eventd[2825559]: ERROR:root:Connection to FluentBit failed: [Errno 111] Connection refused
Apr  4 21:50:54 localhost eventd[2825559]: INFO:root:FluentBit (td-agent-bit) may not be enabled or configured correctly
Apr  4 21:50:54 localhost sessiond[2825478]: I0404 21:50:54.303633 2825495 SessionEvents.cpp:291] Could not log session_terminated event {"mac_addr":"","user_location":"","spgw_ip":"","imei":"","record_sequence_number":1,"pdp_end_time":0,"charging_rx":0,"duration":-1,"ip_addr":"192.168.128.106","monitoring_tx":0,"ipv6_addr":"","msisdn":"","apn":"default","session_id":"IMSI222700000000001-140229","list_of_service_data":[],"charging_characteristics":"","total_tx":0,"cause_for_rec_closing":0,"imsi":"IMSI222700000000001","total_rx":0,"monitoring_rx":0,"charging_tx":0,"pdp_start_time":1}, Error Message: Could not connect to FluentBit locally, Details: [Errno 111] Connection refused
Apr  4 21:50:54 localhost eventd[2825559]: ERROR:root:Connection to FluentBit failed: [Errno 111] Connection refused
Apr  4 21:50:54 localhost eventd[2825559]: INFO:root:FluentBit (td-agent-bit) may not be enabled or configured correctly
Apr  4 21:50:54 localhost sessiond[2825478]: I0404 21:50:54.304513 2825495 SessionEvents.cpp:291] Could not log session_terminated event {"mac_addr":"","user_location":"","spgw_ip":"","imei":"","record_sequence_number":1,"pdp_end_time":0,"charging_rx":0,"duration":-1,"ip_addr":"192.168.128.106","monitoring_tx":0,"ipv6_addr":"","msisdn":"","apn":"default","session_id":"IMSI222700000000001-126979","list_of_service_data":[],"charging_characteristics":"","total_tx":0,"cause_for_rec_closing":0,"imsi":"IMSI222700000000001","total_rx":0,"monitoring_rx":0,"charging_tx":0,"pdp_start_time":1}, Error Message: Could not connect to FluentBit locally, Details: [Errno 111] Connection refused
Apr  4 21:50:55 localhost smsd[2825569]: INFO:root:mme non_eps_service_config is not SMS_ORC8R, sleeping.
Apr  4 21:51:00 localhost dhclient[601]: DHCPREQUEST for 172.16.5.121 on eth1 to 172.16.5.2 port 67 (xid=0x25c866c5)
Apr  4 21:51:00 localhost smsd[2825569]: INFO:root:mme non_eps_service_config is not SMS_ORC8R, sleeping.
Apr  4 21:51:01 localhost magmad[2825401]: INFO:root:Setting logging level to INFO
Apr  4 21:51:05 localhost smsd[2825569]: INFO:root:mme non_eps_service_config is not SMS_ORC8R, sleeping.
Apr  4 21:51:06 localhost sctpd[2825747]: I0404 21:51:06.302456 2826189 sctp_connection.cpp:195] Unhandled notification type 32776
Apr  4 21:51:07 localhost sctpd[2825747]: I0404 21:51:07.365078 2826189 sctp_connection.cpp:195] Unhandled notification type 32777
Apr  4 21:51:07 localhost sctpd[2825747]: I0404 21:51:07.599835 2826189 sctp_connection.cpp:195] Unhandled notification type 32777
Apr  4 21:51:07 localhost sctpd[2825747]: I0404 21:51:07.706364 2826189 sctp_connection.cpp:195] Unhandled notification type 32777
Apr  4 21:51:07 localhost sctpd[2825747]: I0404 21:51:07.819543 2826189 sctp_connection.cpp:195] Unhandled notification type 32777
Apr  4 21:51:07 localhost mme[2826144]: [DEBUG] Sending S6A-UPDATE_LOCATION_REQUEST with IMSI: 222700000000001
Apr  4 21:51:07 localhost mme[2826144]: [INFO] Received S6A-LOCATION-UPDATE_ANSWER for IMSI: 222700000000001; Status: ; StatusCode: 2001
Apr  4 21:51:07 localhost mme[2826144]: [INFO] sent itti S6A-LOCATION-UPDATE_ANSWER for IMSI: 222700000000001
Apr  4 21:51:07 localhost sctpd[2825747]: I0404 21:51:07.933073 2826189 sctp_connection.cpp:195] Unhandled notification type 32777
Apr  4 21:51:08 localhost dhclient[601]: DHCPREQUEST for 172.16.5.121 on eth1 to 172.16.5.2 port 67 (xid=0x25c866c5)
Apr  4 21:51:09 localhost sctpd[2825747]: I0404 21:51:09.321200 2826189 sctp_connection.cpp:195] Unhandled notification type 32777
Apr  4 21:51:10 localhost smsd[2825569]: INFO:root:mme non_eps_service_config is not SMS_ORC8R, sleeping.
Apr  4 21:51:11 localhost mobilityd[2825469]: INFO:root:Using GW info: {'default': {2: ('172.16.4.1', 'eth0')}, 2: [('172.16.4.1', 'eth0', True)]}
Apr  4 21:51:11 localhost mobilityd[2825469]: INFO:root:GW-v6 probe: timer started
Apr  4 21:51:11 localhost magmad[2825401]: INFO:root:[SyncRPC] Got heartBeat from cloud
Apr  4 21:51:13 localhost control_proxy[2825621]: 2022-04-04T21:50:13.507Z [127.0.0.1 -> streamer-controller.magmasi.wavelabs.in,8443] "POST /magma.orc8r.Streamer/GetUpdates HTTP/2" 200 0bytes 60.256s
Apr  4 21:51:13 localhost magmad[2825401]: ERROR:root:Error! Streaming from the cloud failed! [StatusCode.ABORTED] error while streaming updates: rpc error: code = DeadlineExceeded desc = context deadline exceeded
Apr  4 21:51:15 localhost smsd[2825569]: INFO:root:mme non_eps_service_config is not SMS_ORC8R, sleeping.
Apr  4 21:51:18 localhost dhclient[601]: DHCPREQUEST for 172.16.5.121 on eth1 to 172.16.5.2 port 67 (xid=0x25c866c5)
Apr  4 21:51:19 localhost magmad[2825401]: ERROR:root:Metrics upload error for service subscriberdb (chunk 0)! [StatusCode.DEADLINE_EXCEEDED] Deadline Exceeded
Apr  4 21:51:19 localhost magmad[2825401]: ERROR:root:Metrics upload error for service mobilityd (chunk 0)! [StatusCode.DEADLINE_EXCEEDED] Deadline Exceeded
Apr  4 21:51:19 localhost magmad[2825401]: ERROR:root:Metrics upload error for service mme (chunk 0)! [StatusCode.DEADLINE_EXCEEDED] Deadline Exceeded
Apr  4 21:51:19 localhost magmad[2825401]: ERROR:root:Metrics upload error for service magmad (chunk 0)! [StatusCode.DEADLINE_EXCEEDED] Deadline Exceeded
Apr  4 21:51:19 localhost magmad[2825401]: ERROR:root:Metrics upload error for service enodebd (chunk 0)! [StatusCode.DEADLINE_EXCEEDED] Deadline Exceeded
Apr  4 21:51:19 localhost magmad[2825401]: ERROR:root:Metrics upload error for service pipelined (chunk 0)! [StatusCode.DEADLINE_EXCEEDED] Deadline Exceeded
Apr  4 21:51:19 localhost magmad[2825401]: ERROR:root:Metrics upload error for service state (chunk 0)! [StatusCode.DEADLINE_EXCEEDED] Deadline Exceeded
Apr  4 21:51:19 localhost magmad[2825401]: ERROR:root:Metrics upload error for service sessiond (chunk 0)! [StatusCode.DEADLINE_EXCEEDED] Deadline Exceeded
Apr  4 21:51:19 localhost magmad[2825401]: INFO:root:Checking for upgrade...
Apr  4 21:51:19 localhost magmad[2825401]: WARNING:root:magmad package_version config missing or set to default 0.0.0-0, skipping upgrade
Apr  4 21:51:20 localhost control_proxy[2825621]: 2022-04-04T21:51:19.700Z [127.0.0.1 -> state-controller.magmasi.wavelabs.in,8443] "POST /magma.orc8r.StateService/ReportStates HTTP/2" 200 5bytes 0.518s
Apr  4 21:51:20 localhost magmad[2825401]: INFO:root:Checkin Successful! Successfully sent states to the cloud!
Apr  4 21:51:20 localhost smsd[2825569]: INFO:root:mme non_eps_service_config is not SMS_ORC8R, sleeping.
Apr  4 21:51:25 localhost smsd[2825569]: INFO:root:mme non_eps_service_config is not SMS_ORC8R, sleeping.
Apr  4 21:51:26 localhost sctpd[2825747]: I0404 21:51:26.000766 2826189 sctp_connection.cpp:195] Unhandled notification type 32776
Apr  4 21:51:27 localhost sctpd[2825747]: I0404 21:51:27.058357 2826189 sctp_connection.cpp:195] Unhandled notification type 32777
Apr  4 21:51:27 localhost sctpd[2825747]: I0404 21:51:27.287461 2826189 sctp_connection.cpp:195] Unhandled notification type 32777
Apr  4 21:51:27 localhost sctpd[2825747]: I0404 21:51:27.401228 2826189 sctp_connection.cpp:195] Unhandled notification type 32777
Apr  4 21:51:27 localhost mme[2826144]: [DEBUG] Sending S6A-UPDATE_LOCATION_REQUEST with IMSI: 222700000000001
Apr  4 21:51:27 localhost mme[2826144]: [INFO] Received S6A-LOCATION-UPDATE_ANSWER for IMSI: 222700000000001; Status: ; StatusCode: 2001
Apr  4 21:51:27 localhost mme[2826144]: [INFO] sent itti S6A-LOCATION-UPDATE_ANSWER for IMSI: 222700000000001
Apr  4 21:51:27 localhost sctpd[2825747]: I0404 21:51:27.608908 2826189 sctp_connection.cpp:195] Unhandled notification type 32777
Apr  4 21:51:29 localhost dhclient[601]: DHCPREQUEST for 172.16.5.121 on eth1 to 172.16.5.2 port 67 (xid=0x25c866c5)
Apr  4 21:51:30 localhost smsd[2825569]: INFO:root:mme non_eps_service_config is not SMS_ORC8R, sleeping.
Apr  4 21:51:31 localhost mobilityd[2825469]: INFO:root:Using GW info: {'default': {2: ('172.16.4.1', 'eth0')}, 2: [('172.16.4.1', 'eth0', True)]}
Apr  4 21:51:31 localhost mobilityd[2825469]: INFO:root:GW-v6 probe: timer started
Apr  4 21:51:33 localhost mme[2826144]: [DEBUG] Sending S6A-UPDATE_LOCATION_REQUEST with IMSI: 222700000000001
Apr  4 21:51:33 localhost mme[2826144]: [INFO] Received S6A-LOCATION-UPDATE_ANSWER for IMSI: 222700000000001; Status: ; StatusCode: 2001
Apr  4 21:51:33 localhost mme[2826144]: [INFO] sent itti S6A-LOCATION-UPDATE_ANSWER for IMSI: 222700000000001
Apr  4 21:51:33 localhost sctpd[2825747]: I0404 21:51:33.616786 2826189 sctp_connection.cpp:195] Unhandled notification type 32777
Apr  4 21:51:35 localhost smsd[2825569]: INFO:root:mme non_eps_service_config is not SMS_ORC8R, sleeping.
Apr  4 21:51:39 localhost mme[2826144]: [DEBUG] Sending S6A-UPDATE_LOCATION_REQUEST with IMSI: 222700000000001
Apr  4 21:51:39 localhost mme[2826144]: [INFO] Received S6A-LOCATION-UPDATE_ANSWER for IMSI: 222700000000001; Status: ; StatusCode: 2001
Apr  4 21:51:39 localhost mme[2826144]: [INFO] sent itti S6A-LOCATION-UPDATE_ANSWER for IMSI: 222700000000001
Apr  4 21:51:40 localhost smsd[2825569]: INFO:root:mme non_eps_service_config is not SMS_ORC8R, sleeping.
