Apr 26 19:53:19 localhost control_proxy[3462516]: 2022-04-26T19:53:18.563Z [127.0.0.1 -> state-controller.magmasi.wavelabs.in,8443] "POST /magma.orc8r.StateService/ReportStates HTTP/2" 200 5bytes 0.522s
Apr 26 19:53:19 localhost magmad[3462298]: INFO:root:Checkin Successful! Successfully sent states to the cloud!
Apr 26 19:53:21 localhost smsd[3462461]: INFO:root:mme non_eps_service_config is not SMS_ORC8R, sleeping.
Apr 26 19:53:23 localhost sctpd[3462640]: I0426 19:53:23.058938 3463078 sctp_connection.cpp:195] Unhandled notification type 32776
Apr 26 19:53:24 localhost sctpd[3462640]: I0426 19:53:24.115932 3463078 sctp_connection.cpp:195] Unhandled notification type 32777
Apr 26 19:53:24 localhost sctpd[3462640]: I0426 19:53:24.326424 3463078 sctp_connection.cpp:195] Unhandled notification type 32777
Apr 26 19:53:24 localhost sctpd[3462640]: I0426 19:53:24.444990 3463078 sctp_connection.cpp:195] Unhandled notification type 32777
Apr 26 19:53:24 localhost mme[3463033]: [DEBUG] Sending S6A-UPDATE_LOCATION_REQUEST with IMSI: 222700000000001
Apr 26 19:53:24 localhost mme[3463033]: [INFO] Received S6A-LOCATION-UPDATE_ANSWER for IMSI: 222700000000001; Status: ; StatusCode: 2001
Apr 26 19:53:24 localhost mme[3463033]: [INFO] sent itti S6A-LOCATION-UPDATE_ANSWER for IMSI: 222700000000001
Apr 26 19:53:24 localhost sctpd[3462640]: I0426 19:53:24.565217 3463078 sctp_connection.cpp:195] Unhandled notification type 32777
Apr 26 19:53:25 localhost sctpd[3462640]: I0426 19:53:25.977355 3463078 sctp_connection.cpp:195] Unhandled notification type 32777
Apr 26 19:53:26 localhost mobilityd[3462370]: INFO:root:Using GW info: {'default': {2: ('172.16.4.1', 'eth0')}, 2: [('172.16.4.1', 'eth0', True)]}
Apr 26 19:53:26 localhost mobilityd[3462370]: INFO:root:GW-v6 probe: timer started
Apr 26 19:53:27 localhost smsd[3462461]: INFO:root:mme non_eps_service_config is not SMS_ORC8R, sleeping.
Apr 26 19:53:28 localhost sctpd[3462640]: I0426 19:53:28.215405 3463078 sctp_connection.cpp:195] Unhandled notification type 32777
Apr 26 19:53:28 localhost sctpd[3462640]: I0426 19:53:28.317799 3463078 sctp_connection.cpp:195] Unhandled notification type 32777
Apr 26 19:53:28 localhost sctpd[3462640]: I0426 19:53:28.435731 3463078 sctp_connection.cpp:195] Unhandled notification type 32777
Apr 26 19:53:28 localhost mme[3463033]: [DEBUG] Sending S6A-UPDATE_LOCATION_REQUEST with IMSI: 222700000000001
Apr 26 19:53:28 localhost mme[3463033]: [INFO] Received S6A-LOCATION-UPDATE_ANSWER for IMSI: 222700000000001; Status: ; StatusCode: 2001
Apr 26 19:53:28 localhost mme[3463033]: [INFO] sent itti S6A-LOCATION-UPDATE_ANSWER for IMSI: 222700000000001
Apr 26 19:53:28 localhost sctpd[3462640]: I0426 19:53:28.554131 3463078 sctp_connection.cpp:195] Unhandled notification type 32777
Apr 26 19:53:28 localhost magmad[3462298]: ERROR:root:Metrics upload error for service subscriberdb (chunk 0)! [StatusCode.DEADLINE_EXCEEDED] Deadline Exceeded
Apr 26 19:53:28 localhost magmad[3462298]: ERROR:root:Metrics upload error for service mobilityd (chunk 0)! [StatusCode.DEADLINE_EXCEEDED] Deadline Exceeded
Apr 26 19:53:28 localhost magmad[3462298]: ERROR:root:Metrics upload error for service mme (chunk 0)! [StatusCode.DEADLINE_EXCEEDED] Deadline Exceeded
Apr 26 19:53:28 localhost sctpd[3462640]: I0426 19:53:28.813760 3463078 sctp_connection.cpp:195] Unhandled notification type 32777
Apr 26 19:53:28 localhost magmad[3462298]: ERROR:root:Metrics upload error for service magmad (chunk 0)! [StatusCode.DEADLINE_EXCEEDED] Deadline Exceeded
Apr 26 19:53:28 localhost magmad[3462298]: ERROR:root:Metrics upload error for service enodebd (chunk 0)! [StatusCode.DEADLINE_EXCEEDED] Deadline Exceeded
Apr 26 19:53:28 localhost magmad[3462298]: ERROR:root:Metrics upload error for service pipelined (chunk 0)! [StatusCode.DEADLINE_EXCEEDED] Deadline Exceeded
Apr 26 19:53:28 localhost magmad[3462298]: ERROR:root:Metrics upload error for service state (chunk 0)! [StatusCode.DEADLINE_EXCEEDED] Deadline Exceeded
Apr 26 19:53:28 localhost magmad[3462298]: ERROR:root:Metrics upload error for service sessiond (chunk 0)! [StatusCode.DEADLINE_EXCEEDED] Deadline Exceeded
Apr 26 19:53:29 localhost dhclient[601]: DHCPREQUEST for 172.16.5.121 on eth1 to 172.16.5.2 port 67 (xid=0x1ea11b90)
Apr 26 19:53:30 localhost control_proxy[3462516]: 2022-04-26T19:53:29.596Z [127.0.0.1 -> streamer-controller.magmasi.wavelabs.in,8443] "POST /magma.orc8r.Streamer/GetUpdates HTTP/2" 200 173bytes 0.538s
Apr 26 19:53:30 localhost policydb[3462443]: INFO:root:Processing 4 policy updates (resync=True)
Apr 26 19:53:30 localhost control_proxy[3462516]: 2022-04-26T19:53:30.138Z [127.0.0.1 -> streamer-controller.magmasi.wavelabs.in,8443] "POST /magma.orc8r.Streamer/GetUpdates HTTP/2" 200 7bytes 0.305s
Apr 26 19:53:30 localhost policydb[3462443]: INFO:root:Processing 0 basename -> policy updates
Apr 26 19:53:30 localhost control_proxy[3462516]: 2022-04-26T19:53:30.138Z [127.0.0.1 -> streamer-controller.magmasi.wavelabs.in,8443] "POST /magma.orc8r.Streamer/GetUpdates HTTP/2" 200 13536bytes 0.304s
Apr 26 19:53:30 localhost policydb[3462443]: INFO:root:Processing 223 SID -> apn -> policy updates
Apr 26 19:53:31 localhost control_proxy[3462516]: 2022-04-26T19:53:30.138Z [127.0.0.1 -> streamer-controller.magmasi.wavelabs.in,8443] "POST /magma.orc8r.Streamer/GetUpdates HTTP/2" 200 7bytes 0.281s
Apr 26 19:53:31 localhost policydb[3462443]: INFO:root:Processing 0 rating group updates
Apr 26 19:53:32 localhost smsd[3462461]: INFO:root:mme non_eps_service_config is not SMS_ORC8R, sleeping.
Apr 26 19:53:37 localhost smsd[3462461]: INFO:root:mme non_eps_service_config is not SMS_ORC8R, sleeping.
Apr 26 19:53:38 localhost dhclient[601]: DHCPREQUEST for 172.16.5.121 on eth1 to 172.16.5.2 port 67 (xid=0x1ea11b90)
Apr 26 19:53:42 localhost smsd[3462461]: INFO:root:mme non_eps_service_config is not SMS_ORC8R, sleeping.
Apr 26 19:53:46 localhost mobilityd[3462370]: INFO:root:Using GW info: {'default': {2: ('172.16.4.1', 'eth0')}, 2: [('172.16.4.1', 'eth0', True)]}
Apr 26 19:53:46 localhost mobilityd[3462370]: INFO:root:GW-v6 probe: timer started
Apr 26 19:53:47 localhost smsd[3462461]: INFO:root:mme non_eps_service_config is not SMS_ORC8R, sleeping.
Apr 26 19:53:50 localhost sctpd[3462640]: I0426 19:53:50.700467 3463078 sctp_connection.cpp:195] Unhandled notification type 32776
Apr 26 19:53:50 localhost sctpd[3462640]: I0426 19:53:50.851189 3463078 sctp_connection.cpp:195] Unhandled notification type 32776
Apr 26 19:53:51 localhost sctpd[3462640]: I0426 19:53:51.910367 3463078 sctp_connection.cpp:195] Unhandled notification type 32777
Apr 26 19:53:52 localhost sctpd[3462640]: I0426 19:53:52.020453 3463078 sctp_connection.cpp:195] Unhandled notification type 32777
Apr 26 19:53:52 localhost smsd[3462461]: INFO:root:mme non_eps_service_config is not SMS_ORC8R, sleeping.
Apr 26 19:53:52 localhost sctpd[3462640]: I0426 19:53:52.333113 3463078 sctp_connection.cpp:195] Unhandled notification type 32777
Apr 26 19:53:52 localhost sctpd[3462640]: I0426 19:53:52.351706 3463078 sctp_connection.cpp:195] Unhandled notification type 32777
Apr 26 19:53:52 localhost sctpd[3462640]: I0426 19:53:52.457938 3463078 sctp_connection.cpp:195] Unhandled notification type 32777
Apr 26 19:53:52 localhost sctpd[3462640]: I0426 19:53:52.573647 3463078 sctp_connection.cpp:195] Unhandled notification type 32777
Apr 26 19:53:52 localhost mme[3463033]: [DEBUG] Sending S6A-UPDATE_LOCATION_REQUEST with IMSI: 222700000000001
Apr 26 19:53:52 localhost mme[3463033]: [INFO] Received S6A-LOCATION-UPDATE_ANSWER for IMSI: 222700000000001; Status: ; StatusCode: 2001
Apr 26 19:53:52 localhost mme[3463033]: [INFO] sent itti S6A-LOCATION-UPDATE_ANSWER for IMSI: 222700000000001
Apr 26 19:53:52 localhost sctpd[3462640]: I0426 19:53:52.689491 3463078 sctp_connection.cpp:195] Unhandled notification type 32777
Apr 26 19:53:54 localhost sctpd[3462640]: I0426 19:53:54.120622 3463078 sctp_connection.cpp:195] Unhandled notification type 32777
Apr 26 19:53:55 localhost dhclient[601]: DHCPREQUEST for 172.16.5.121 on eth1 to 172.16.5.2 port 67 (xid=0x1ea11b90)
Apr 26 19:53:56 localhost sctpd[3462640]: I0426 19:53:56.394631 3463078 sctp_connection.cpp:195] Unhandled notification type 32777
Apr 26 19:53:56 localhost sctpd[3462640]: I0426 19:53:56.509903 3463078 sctp_connection.cpp:195] Unhandled notification type 32777
Apr 26 19:53:56 localhost mme[3463033]: [DEBUG] Sending S6A-UPDATE_LOCATION_REQUEST with IMSI: 222700000000001
Apr 26 19:53:56 localhost mme[3463033]: [INFO] Received S6A-LOCATION-UPDATE_ANSWER for IMSI: 222700000000001; Status: ; StatusCode: 2001
Apr 26 19:53:56 localhost mme[3463033]: [INFO] sent itti S6A-LOCATION-UPDATE_ANSWER for IMSI: 222700000000001
Apr 26 19:53:56 localhost sctpd[3462640]: I0426 19:53:56.628849 3463078 sctp_connection.cpp:195] Unhandled notification type 32777
Apr 26 19:53:57 localhost smsd[3462461]: INFO:root:mme non_eps_service_config is not SMS_ORC8R, sleeping.
Apr 26 19:53:58 localhost sctpd[3462640]: I0426 19:53:58.057446 3463078 sctp_connection.cpp:195] Unhandled notification type 32777
Apr 26 19:54:02 localhost smsd[3462461]: INFO:root:mme non_eps_service_config is not SMS_ORC8R, sleeping.
Apr 26 19:54:02 localhost dhclient[601]: DHCPREQUEST for 172.16.5.121 on eth1 to 172.16.5.2 port 67 (xid=0x1ea11b90)
Apr 26 19:54:06 localhost mobilityd[3462370]: INFO:root:Using GW info: {'default': {2: ('172.16.4.1', 'eth0')}, 2: [('172.16.4.1', 'eth0', True)]}
Apr 26 19:54:06 localhost mobilityd[3462370]: INFO:root:GW-v6 probe: timer started
Apr 26 19:54:07 localhost smsd[3462461]: INFO:root:mme non_eps_service_config is not SMS_ORC8R, sleeping.
Apr 26 19:54:07 localhost magmad[3462298]: INFO:root:[SyncRPC] Got heartBeat from cloud
Apr 26 19:54:12 localhost smsd[3462461]: INFO:root:mme non_eps_service_config is not SMS_ORC8R, sleeping.
Apr 26 19:54:17 localhost smsd[3462461]: INFO:root:mme non_eps_service_config is not SMS_ORC8R, sleeping.
Apr 26 19:54:17 localhost sctpd[3462640]: I0426 19:54:17.773239 3463078 sctp_connection.cpp:195] Unhandled notification type 32776
Apr 26 19:54:17 localhost dhclient[601]: DHCPREQUEST for 172.16.5.121 on eth1 to 172.16.5.2 port 67 (xid=0x1ea11b90)
Apr 26 19:54:18 localhost sctpd[3462640]: I0426 19:54:18.833489 3463078 sctp_connection.cpp:195] Unhandled notification type 32777
Apr 26 19:54:19 localhost magmad[3462298]: INFO:root:Setting logging level to INFO
Apr 26 19:54:22 localhost sctpd[3462640]: I0426 19:54:22.121210 3463078 sctp_connection.cpp:195] Unhandled notification type 32777
Apr 26 19:54:22 localhost sctpd[3462640]: I0426 19:54:22.229897 3463078 sctp_connection.cpp:195] Unhandled notification type 32777
Apr 26 19:54:22 localhost mme[3463033]: [DEBUG] Sending S6A-UPDATE_LOCATION_REQUEST with IMSI: 222700000000001
Apr 26 19:54:22 localhost mme[3463033]: [INFO] Received S6A-LOCATION-UPDATE_ANSWER for IMSI: 222700000000001; Status: ; StatusCode: 2001
Apr 26 19:54:22 localhost mme[3463033]: [INFO] sent itti S6A-LOCATION-UPDATE_ANSWER for IMSI: 222700000000001
Apr 26 19:54:22 localhost smsd[3462461]: INFO:root:mme non_eps_service_config is not SMS_ORC8R, sleeping.
Apr 26 19:54:22 localhost sctpd[3462640]: I0426 19:54:22.347661 3463078 sctp_connection.cpp:195] Unhandled notification type 32777
Apr 26 19:54:23 localhost sctpd[3462640]: I0426 19:54:23.921079 3463078 sctp_connection.cpp:195] Unhandled notification type 32777
Apr 26 19:54:26 localhost mobilityd[3462370]: INFO:root:Using GW info: {'default': {2: ('172.16.4.1', 'eth0')}, 2: [('172.16.4.1', 'eth0', True)]}
Apr 26 19:54:26 localhost mobilityd[3462370]: INFO:root:GW-v6 probe: timer started
Apr 26 19:54:27 localhost smsd[3462461]: INFO:root:mme non_eps_service_config is not SMS_ORC8R, sleeping.
Apr 26 19:54:31 localhost control_proxy[3462516]: 2022-04-26T19:54:31.088Z [127.0.0.1 -> streamer-controller.magmasi.wavelabs.in,8443] "POST /magma.orc8r.Streamer/GetUpdates HTTP/2" 200 173bytes 0.532s
Apr 26 19:54:31 localhost policydb[3462443]: INFO:root:Processing 4 policy updates (resync=True)
Apr 26 19:54:31 localhost control_proxy[3462516]: 2022-04-26T19:54:31.088Z [127.0.0.1 -> streamer-controller.magmasi.wavelabs.in,8443] "POST /magma.orc8r.Streamer/GetUpdates HTTP/2" 200 7bytes 0.295s
Apr 26 19:54:31 localhost policydb[3462443]: INFO:root:Processing 0 basename -> policy updates
Apr 26 19:54:32 localhost dhclient[601]: DHCPREQUEST for 172.16.5.121 on eth1 to 172.16.5.2 port 67 (xid=0x1ea11b90)
Apr 26 19:54:32 localhost control_proxy[3462516]: 2022-04-26T19:54:31.088Z [127.0.0.1 -> streamer-controller.magmasi.wavelabs.in,8443] "POST /magma.orc8r.Streamer/GetUpdates HTTP/2" 200 13536bytes 0.333s
Apr 26 19:54:32 localhost policydb[3462443]: INFO:root:Processing 223 SID -> apn -> policy updates
Apr 26 19:54:32 localhost smsd[3462461]: INFO:root:mme non_eps_service_config is not SMS_ORC8R, sleeping.
Apr 26 19:54:32 localhost control_proxy[3462516]: 2022-04-26T19:54:32.266Z [127.0.0.1 -> streamer-controller.magmasi.wavelabs.in,8443] "POST /magma.orc8r.Streamer/GetUpdates HTTP/2" 200 7bytes 0.275s
Apr 26 19:54:32 localhost policydb[3462443]: INFO:root:Processing 0 rating group updates
Apr 26 19:54:37 localhost smsd[3462461]: INFO:root:mme non_eps_service_config is not SMS_ORC8R, sleeping.
Apr 26 19:54:38 localhost magmad[3462298]: ERROR:root:Metrics upload error for service subscriberdb (chunk 0)! [StatusCode.DEADLINE_EXCEEDED] Deadline Exceeded
Apr 26 19:54:38 localhost magmad[3462298]: ERROR:root:Metrics upload error for service mobilityd (chunk 0)! [StatusCode.DEADLINE_EXCEEDED] Deadline Exceeded
Apr 26 19:54:38 localhost magmad[3462298]: ERROR:root:Metrics upload error for service mme (chunk 0)! [StatusCode.DEADLINE_EXCEEDED] Deadline Exceeded
Apr 26 19:54:38 localhost magmad[3462298]: ERROR:root:Metrics upload error for service magmad (chunk 0)! [StatusCode.DEADLINE_EXCEEDED] Deadline Exceeded
Apr 26 19:54:38 localhost magmad[3462298]: ERROR:root:Metrics upload error for service enodebd (chunk 0)! [StatusCode.DEADLINE_EXCEEDED] Deadline Exceeded
Apr 26 19:54:38 localhost magmad[3462298]: ERROR:root:Metrics upload error for service pipelined (chunk 0)! [StatusCode.DEADLINE_EXCEEDED] Deadline Exceeded
Apr 26 19:54:38 localhost magmad[3462298]: ERROR:root:Metrics upload error for service state (chunk 0)! [StatusCode.DEADLINE_EXCEEDED] Deadline Exceeded
Apr 26 19:54:38 localhost magmad[3462298]: ERROR:root:Metrics upload error for service sessiond (chunk 0)! [StatusCode.DEADLINE_EXCEEDED] Deadline Exceeded
Apr 26 19:54:38 localhost magmad[3462298]: INFO:root:Checking for upgrade...
Apr 26 19:54:38 localhost magmad[3462298]: WARNING:root:magmad package_version config missing or set to default 0.0.0-0, skipping upgrade
Apr 26 19:54:38 localhost control_proxy[3462516]: 2022-04-26T19:54:38.120Z [127.0.0.1 -> state-controller.magmasi.wavelabs.in,8443] "POST /magma.orc8r.StateService/ReportStates HTTP/2" 200 5bytes 0.266s
Apr 26 19:54:38 localhost magmad[3462298]: INFO:root:Checkin Successful! Successfully sent states to the cloud!
Apr 26 19:54:42 localhost smsd[3462461]: INFO:root:mme non_eps_service_config is not SMS_ORC8R, sleeping.
Apr 26 19:54:43 localhost sctpd[3462640]: I0426 19:54:43.357228 3463078 sctp_connection.cpp:195] Unhandled notification type 32776
Apr 26 19:54:44 localhost sctpd[3462640]: I0426 19:54:44.418624 3463078 sctp_connection.cpp:195] Unhandled notification type 32777
Apr 26 19:54:44 localhost sctpd[3462640]: I0426 19:54:44.650674 3463078 sctp_connection.cpp:195] Unhandled notification type 32777
Apr 26 19:54:44 localhost sctpd[3462640]: I0426 19:54:44.761866 3463078 sctp_connection.cpp:195] Unhandled notification type 32777
Apr 26 19:54:44 localhost mme[3463033]: [DEBUG] Sending S6A-UPDATE_LOCATION_REQUEST with IMSI: 222700000000001
Apr 26 19:54:44 localhost mme[3463033]: [INFO] Received S6A-LOCATION-UPDATE_ANSWER for IMSI: 222700000000001; Status: ; StatusCode: 2001
Apr 26 19:54:44 localhost mme[3463033]: [INFO] sent itti S6A-LOCATION-UPDATE_ANSWER for IMSI: 222700000000001
Apr 26 19:54:44 localhost sctpd[3462640]: I0426 19:54:44.880134 3463078 sctp_connection.cpp:195] Unhandled notification type 32777
Apr 26 19:54:46 localhost sctpd[3462640]: I0426 19:54:46.177379 3463078 sctp_connection.cpp:195] Unhandled notification type 32777
Apr 26 19:54:46 localhost mobilityd[3462370]: INFO:root:Using GW info: {'default': {2: ('172.16.4.1', 'eth0')}, 2: [('172.16.4.1', 'eth0', True)]}
Apr 26 19:54:46 localhost mobilityd[3462370]: INFO:root:GW-v6 probe: timer started
Apr 26 19:54:47 localhost smsd[3462461]: INFO:root:mme non_eps_service_config is not SMS_ORC8R, sleeping.
Apr 26 19:54:47 localhost dhclient[601]: DHCPREQUEST for 172.16.5.121 on eth1 to 172.16.5.2 port 67 (xid=0x1ea11b90)
Apr 26 19:54:52 localhost smsd[3462461]: INFO:root:mme non_eps_service_config is not SMS_ORC8R, sleeping.
Apr 26 19:55:02 localhost smsd[3462461]: message repeated 2 times: [ INFO:root:mme non_eps_service_config is not SMS_ORC8R, sleeping.]
Apr 26 19:55:03 localhost dhclient[601]: DHCPREQUEST for 172.16.5.121 on eth1 to 172.16.5.2 port 67 (xid=0x1ea11b90)
Apr 26 19:55:06 localhost mobilityd[3462370]: INFO:root:Using GW info: {'default': {2: ('172.16.4.1', 'eth0')}, 2: [('172.16.4.1', 'eth0', True)]}
Apr 26 19:55:06 localhost mobilityd[3462370]: INFO:root:GW-v6 probe: timer started
Apr 26 19:55:07 localhost magmad[3462298]: INFO:root:[SyncRPC] Got heartBeat from cloud
Apr 26 19:55:07 localhost control_proxy[3462516]: 2022-04-26T19:54:07.289Z [127.0.0.1 -> streamer-controller.magmasi.wavelabs.in,8443] "POST /magma.orc8r.Streamer/GetUpdates HTTP/2" 200 0bytes 60.262s
Apr 26 19:55:07 localhost magmad[3462298]: ERROR:root:Error! Streaming from the cloud failed! [StatusCode.ABORTED] error while streaming updates: rpc error: code = DeadlineExceeded desc = context deadline exceeded
Apr 26 19:55:07 localhost smsd[3462461]: INFO:root:mme non_eps_service_config is not SMS_ORC8R, sleeping.
Apr 26 19:55:22 localhost smsd[3462461]: message repeated 3 times: [ INFO:root:mme non_eps_service_config is not SMS_ORC8R, sleeping.]
Apr 26 19:55:24 localhost dhclient[601]: DHCPREQUEST for 172.16.5.121 on eth1 to 172.16.5.2 port 67 (xid=0x1ea11b90)
Apr 26 19:55:26 localhost mobilityd[3462370]: INFO:root:Using GW info: {'default': {2: ('172.16.4.1', 'eth0')}, 2: [('172.16.4.1', 'eth0', True)]}
Apr 26 19:55:26 localhost mobilityd[3462370]: INFO:root:GW-v6 probe: timer started
Apr 26 19:55:27 localhost smsd[3462461]: INFO:root:mme non_eps_service_config is not SMS_ORC8R, sleeping.
Apr 26 19:55:28 localhost magmad[3462298]: ERROR:root:Metrics upload error for service subscriberdb (chunk 0)! [StatusCode.DEADLINE_EXCEEDED] Deadline Exceeded
Apr 26 19:55:28 localhost magmad[3462298]: ERROR:root:Metrics upload error for service mobilityd (chunk 0)! [StatusCode.DEADLINE_EXCEEDED] Deadline Exceeded
Apr 26 19:55:28 localhost magmad[3462298]: ERROR:root:Metrics upload error for service mme (chunk 0)! [StatusCode.DEADLINE_EXCEEDED] Deadline Exceeded
Apr 26 19:55:28 localhost magmad[3462298]: ERROR:root:Metrics upload error for service magmad (chunk 0)! [StatusCode.DEADLINE_EXCEEDED] Deadline Exceeded
Apr 26 19:55:28 localhost magmad[3462298]: ERROR:root:Metrics upload error for service enodebd (chunk 0)! [StatusCode.DEADLINE_EXCEEDED] Deadline Exceeded
Apr 26 19:55:28 localhost magmad[3462298]: ERROR:root:Metrics upload error for service pipelined (chunk 0)! [StatusCode.DEADLINE_EXCEEDED] Deadline Exceeded
Apr 26 19:55:28 localhost magmad[3462298]: ERROR:root:Metrics upload error for service state (chunk 0)! [StatusCode.DEADLINE_EXCEEDED] Deadline Exceeded
Apr 26 19:55:28 localhost magmad[3462298]: ERROR:root:Metrics upload error for service sessiond (chunk 0)! [StatusCode.DEADLINE_EXCEEDED] Deadline Exceeded
Apr 26 19:55:31 localhost sctpd[3462640]: I0426 19:55:31.366746 3463078 sctp_connection.cpp:195] Unhandled notification type 32776
Apr 26 19:55:32 localhost sctpd[3462640]: I0426 19:55:32.430076 3463078 sctp_connection.cpp:195] Unhandled notification type 32777
Apr 26 19:55:32 localhost smsd[3462461]: INFO:root:mme non_eps_service_config is not SMS_ORC8R, sleeping.
Apr 26 19:55:33 localhost control_proxy[3462516]: 2022-04-26T19:55:32.600Z [127.0.0.1 -> streamer-controller.magmasi.wavelabs.in,8443] "POST /magma.orc8r.Streamer/GetUpdates HTTP/2" 200 173bytes 0.527s
Apr 26 19:55:33 localhost policydb[3462443]: INFO:root:Processing 4 policy updates (resync=True)
Apr 26 19:55:33 localhost control_proxy[3462516]: 2022-04-26T19:55:33.130Z [127.0.0.1 -> streamer-controller.magmasi.wavelabs.in,8443] "POST /magma.orc8r.Streamer/GetUpdates HTTP/2" 200 7bytes 0.271s
Apr 26 19:55:33 localhost policydb[3462443]: INFO:root:Processing 0 basename -> policy updates
Apr 26 19:55:33 localhost control_proxy[3462516]: 2022-04-26T19:55:33.130Z [127.0.0.1 -> streamer-controller.magmasi.wavelabs.in,8443] "POST /magma.orc8r.Streamer/GetUpdates HTTP/2" 200 13536bytes 0.301s
Apr 26 19:55:33 localhost policydb[3462443]: INFO:root:Processing 223 SID -> apn -> policy updates
Apr 26 19:55:33 localhost control_proxy[3462516]: 2022-04-26T19:55:33.130Z [127.0.0.1 -> streamer-controller.magmasi.wavelabs.in,8443] "POST /magma.orc8r.Streamer/GetUpdates HTTP/2" 200 7bytes 0.267s
Apr 26 19:55:33 localhost policydb[3462443]: INFO:root:Processing 0 rating group updates
Apr 26 19:55:35 localhost sctpd[3462640]: I0426 19:55:35.712308 3463078 sctp_connection.cpp:195] Unhandled notification type 32777
Apr 26 19:55:37 localhost smsd[3462461]: INFO:root:mme non_eps_service_config is not SMS_ORC8R, sleeping.
Apr 26 19:55:39 localhost magmad[3462298]: INFO:root:Setting logging level to INFO
Apr 26 19:55:42 localhost smsd[3462461]: INFO:root:mme non_eps_service_config is not SMS_ORC8R, sleeping.
Apr 26 19:55:43 localhost dhclient[601]: DHCPREQUEST for 172.16.5.121 on eth1 to 172.16.5.2 port 67 (xid=0x1ea11b90)
Apr 26 19:55:46 localhost mobilityd[3462370]: INFO:root:Using GW info: {'default': {2: ('172.16.4.1', 'eth0')}, 2: [('172.16.4.1', 'eth0', True)]}
Apr 26 19:55:46 localhost mobilityd[3462370]: INFO:root:GW-v6 probe: timer started
Apr 26 19:55:47 localhost smsd[3462461]: INFO:root:mme non_eps_service_config is not SMS_ORC8R, sleeping.
Apr 26 19:55:52 localhost smsd[3462461]: INFO:root:mme non_eps_service_config is not SMS_ORC8R, sleeping.
Apr 26 19:55:55 localhost dhclient[601]: DHCPREQUEST for 172.16.5.121 on eth1 to 172.16.5.2 port 67 (xid=0x1ea11b90)
Apr 26 19:55:57 localhost sctpd[3462640]: I0426 19:55:57.223747 3463078 sctp_connection.cpp:195] Unhandled notification type 32776
Apr 26 19:55:57 localhost smsd[3462461]: INFO:root:mme non_eps_service_config is not SMS_ORC8R, sleeping.
Apr 26 19:55:58 localhost control_proxy[3462516]: 2022-04-26T19:55:57.713Z [127.0.0.1 -> state-controller.magmasi.wavelabs.in,8443] "POST /magma.orc8r.StateService/ReportStates HTTP/2" 200 5bytes 0.528s
Apr 26 19:55:58 localhost magmad[3462298]: INFO:root:Checkin Successful! Successfully sent states to the cloud!
Apr 26 19:55:58 localhost sctpd[3462640]: I0426 19:55:58.281862 3463078 sctp_connection.cpp:195] Unhandled notification type 32777
Apr 26 19:56:02 localhost smsd[3462461]: INFO:root:mme non_eps_service_config is not SMS_ORC8R, sleeping.
Apr 26 19:56:06 localhost mobilityd[3462370]: INFO:root:Using GW info: {'default': {2: ('172.16.4.1', 'eth0')}, 2: [('172.16.4.1', 'eth0', True)]}
Apr 26 19:56:06 localhost mobilityd[3462370]: INFO:root:GW-v6 probe: timer started
Apr 26 19:56:07 localhost magmad[3462298]: INFO:root:[SyncRPC] Got heartBeat from cloud
Apr 26 19:56:07 localhost smsd[3462461]: INFO:root:mme non_eps_service_config is not SMS_ORC8R, sleeping.
Apr 26 19:56:12 localhost smsd[3462461]: INFO:root:mme non_eps_service_config is not SMS_ORC8R, sleeping.
Apr 26 19:56:13 localhost dhclient[601]: DHCPREQUEST for 172.16.5.121 on eth1 to 172.16.5.2 port 67 (xid=0x1ea11b90)
Apr 26 19:56:17 localhost smsd[3462461]: INFO:root:mme non_eps_service_config is not SMS_ORC8R, sleeping.
Apr 26 19:56:20 localhost sctpd[3462640]: I0426 19:56:20.158871 3463078 sctp_connection.cpp:195] Unhandled notification type 32776
Apr 26 19:56:21 localhost sctpd[3462640]: I0426 19:56:21.218751 3463078 sctp_connection.cpp:195] Unhandled notification type 32777
Apr 26 19:56:22 localhost smsd[3462461]: INFO:root:mme non_eps_service_config is not SMS_ORC8R, sleeping.
Apr 26 19:56:26 localhost mobilityd[3462370]: INFO:root:Using GW info: {'default': {2: ('172.16.4.1', 'eth0')}, 2: [('172.16.4.1', 'eth0', True)]}
Apr 26 19:56:26 localhost mobilityd[3462370]: INFO:root:GW-v6 probe: timer started
Apr 26 19:56:28 localhost smsd[3462461]: INFO:root:mme non_eps_service_config is not SMS_ORC8R, sleeping.
Apr 26 19:56:28 localhost magmad[3462298]: ERROR:root:Metrics upload error for service subscriberdb (chunk 0)! [StatusCode.DEADLINE_EXCEEDED] Deadline Exceeded
Apr 26 19:56:28 localhost magmad[3462298]: ERROR:root:Metrics upload error for service mobilityd (chunk 0)! [StatusCode.DEADLINE_EXCEEDED] Deadline Exceeded
Apr 26 19:56:28 localhost magmad[3462298]: ERROR:root:Metrics upload error for service mme (chunk 0)! [StatusCode.DEADLINE_EXCEEDED] Deadline Exceeded
Apr 26 19:56:28 localhost magmad[3462298]: ERROR:root:Metrics upload error for service magmad (chunk 0)! [StatusCode.DEADLINE_EXCEEDED] Deadline Exceeded
Apr 26 19:56:28 localhost magmad[3462298]: ERROR:root:Metrics upload error for service enodebd (chunk 0)! [StatusCode.DEADLINE_EXCEEDED] Deadline Exceeded
Apr 26 19:56:28 localhost magmad[3462298]: ERROR:root:Metrics upload error for service pipelined (chunk 0)! [StatusCode.DEADLINE_EXCEEDED] Deadline Exceeded
Apr 26 19:56:28 localhost magmad[3462298]: ERROR:root:Metrics upload error for service state (chunk 0)! [StatusCode.DEADLINE_EXCEEDED] Deadline Exceeded
Apr 26 19:56:28 localhost magmad[3462298]: ERROR:root:Metrics upload error for service sessiond (chunk 0)! [StatusCode.DEADLINE_EXCEEDED] Deadline Exceeded
Apr 26 19:56:31 localhost dhclient[601]: DHCPREQUEST for 172.16.5.121 on eth1 to 172.16.5.2 port 67 (xid=0x1ea11b90)
Apr 26 19:56:33 localhost smsd[3462461]: INFO:root:mme non_eps_service_config is not SMS_ORC8R, sleeping.
Apr 26 19:56:34 localhost control_proxy[3462516]: 2022-04-26T19:56:34.040Z [127.0.0.1 -> streamer-controller.magmasi.wavelabs.in,8443] "POST /magma.orc8r.Streamer/GetUpdates HTTP/2" 200 173bytes 0.528s
Apr 26 19:56:34 localhost policydb[3462443]: INFO:root:Processing 4 policy updates (resync=True)
Apr 26 19:56:34 localhost control_proxy[3462516]: 2022-04-26T19:56:34.040Z [127.0.0.1 -> streamer-controller.magmasi.wavelabs.in,8443] "POST /magma.orc8r.Streamer/GetUpdates HTTP/2" 200 7bytes 0.276s
Apr 26 19:56:34 localhost policydb[3462443]: INFO:root:Processing 0 basename -> policy updates
Apr 26 19:56:35 localhost control_proxy[3462516]: 2022-04-26T19:56:34.040Z [127.0.0.1 -> streamer-controller.magmasi.wavelabs.in,8443] "POST /magma.orc8r.Streamer/GetUpdates HTTP/2" 200 13536bytes 0.340s
Apr 26 19:56:35 localhost policydb[3462443]: INFO:root:Processing 223 SID -> apn -> policy updates
Apr 26 19:56:35 localhost control_proxy[3462516]: 2022-04-26T19:56:35.199Z [127.0.0.1 -> streamer-controller.magmasi.wavelabs.in,8443] "POST /magma.orc8r.Streamer/GetUpdates HTTP/2" 200 7bytes 0.292s
Apr 26 19:56:35 localhost policydb[3462443]: INFO:root:Processing 0 rating group updates
Apr 26 19:56:38 localhost smsd[3462461]: INFO:root:mme non_eps_service_config is not SMS_ORC8R, sleeping.
Apr 26 19:56:42 localhost dhclient[601]: DHCPREQUEST for 172.16.5.121 on eth1 to 172.16.5.2 port 67 (xid=0x1ea11b90)
Apr 26 19:56:43 localhost sctpd[3462640]: I0426 19:56:43.002188 3463078 sctp_connection.cpp:195] Unhandled notification type 32776
Apr 26 19:56:43 localhost smsd[3462461]: INFO:root:mme non_eps_service_config is not SMS_ORC8R, sleeping.
Apr 26 19:56:44 localhost sctpd[3462640]: I0426 19:56:44.060076 3463078 sctp_connection.cpp:195] Unhandled notification type 32777
Apr 26 19:56:46 localhost mobilityd[3462370]: INFO:root:Using GW info: {'default': {2: ('172.16.4.1', 'eth0')}, 2: [('172.16.4.1', 'eth0', True)]}
Apr 26 19:56:46 localhost mobilityd[3462370]: INFO:root:GW-v6 probe: timer started
Apr 26 19:56:48 localhost smsd[3462461]: INFO:root:mme non_eps_service_config is not SMS_ORC8R, sleeping.
Apr 26 19:56:53 localhost smsd[3462461]: INFO:root:mme non_eps_service_config is not SMS_ORC8R, sleeping.
Apr 26 19:56:56 localhost dhclient[601]: DHCPREQUEST for 172.16.5.121 on eth1 to 172.16.5.2 port 67 (xid=0x1ea11b90)
Apr 26 19:56:58 localhost smsd[3462461]: INFO:root:mme non_eps_service_config is not SMS_ORC8R, sleeping.
Apr 26 19:56:58 localhost magmad[3462298]: INFO:root:Setting logging level to INFO
Apr 26 19:57:03 localhost smsd[3462461]: INFO:root:mme non_eps_service_config is not SMS_ORC8R, sleeping.
Apr 26 19:57:03 localhost sctpd[3462640]: I0426 19:57:03.795884 3463078 sctp_connection.cpp:195] Unhandled notification type 32776
Apr 26 19:57:06 localhost mobilityd[3462370]: INFO:root:Using GW info: {'default': {2: ('172.16.4.1', 'eth0')}, 2: [('172.16.4.1', 'eth0', True)]}
Apr 26 19:57:06 localhost mobilityd[3462370]: INFO:root:GW-v6 probe: timer started
Apr 26 19:57:07 localhost magmad[3462298]: INFO:root:[SyncRPC] Got heartBeat from cloud
Apr 26 19:57:07 localhost control_proxy[3462516]: 2022-04-26T19:56:07.607Z [127.0.0.1 -> streamer-controller.magmasi.wavelabs.in,8443] "POST /magma.orc8r.Streamer/GetUpdates HTTP/2" 200 0bytes 60.262s
Apr 26 19:57:07 localhost magmad[3462298]: ERROR:root:Error! Streaming from the cloud failed! [StatusCode.ABORTED] error while streaming updates: rpc error: code = DeadlineExceeded desc = context deadline exceeded
Apr 26 19:57:08 localhost smsd[3462461]: INFO:root:mme non_eps_service_config is not SMS_ORC8R, sleeping.
Apr 26 19:57:11 localhost dhclient[601]: DHCPREQUEST for 172.16.5.121 on eth1 to 172.16.5.2 port 67 (xid=0x1ea11b90)
Apr 26 19:57:13 localhost subscriberdb[3462368]: INFO:root:get digest stored in gateway:
Apr 26 19:57:13 localhost smsd[3462461]: INFO:root:mme non_eps_service_config is not SMS_ORC8R, sleeping.
Apr 26 19:57:13 localhost control_proxy[3462516]: 2022-04-26T19:57:13.114Z [127.0.0.1 -> subscriberdb-controller.magmasi.wavelabs.in,8443] "POST /magma.lte.SubscriberDBCloud/CheckInSync HTTP/2" 200 0bytes 0.506s
Apr 26 19:57:13 localhost subscriberdb[3462368]: ERROR:root:Internal Error in subscriberdb-Orc8r communication. If AGW and Orc8r are deployed at a commit hash, upgrade AGW and Orc8r to latest commit hash.
Apr 26 19:57:13 localhost sctpd[3462640]: I0426 19:57:13.669831 3463078 sctp_connection.cpp:195] Unhandled notification type 32777
Apr 26 19:57:13 localhost control_proxy[3462516]: 2022-04-26T19:57:13.114Z [127.0.0.1 -> subscriberdb-controller.magmasi.wavelabs.in,8443] "POST /magma.lte.SubscriberDBCloud/Sync HTTP/2" 200 0bytes 0.255s
Apr 26 19:57:13 localhost subscriberdb[3462368]: ERROR:root:Internal Error in subscriberdb-Orc8r communication. If AGW and Orc8r are deployed at a commit hash, upgrade AGW and Orc8r to latest commit hash.
Apr 26 19:57:14 localhost control_proxy[3462516]: 2022-04-26T19:57:13.114Z [127.0.0.1 -> subscriberdb-controller.magmasi.wavelabs.in,8443] "POST /magma.lte.SubscriberDBCloud/ListSubscribers HTTP/2" 200 44180bytes 0.334s
Apr 26 19:57:14 localhost subscriberdb[3462368]: INFO:root:Successfully fetched all subscriber pages from the cloud!
Apr 26 19:57:14 localhost subscriberdb[3462368]: INFO:root:update root digest stored in gateway:
Apr 26 19:57:16 localhost sctpd[3462640]: I0426 19:57:16.948623 3463078 sctp_connection.cpp:195] Unhandled notification type 32777
Apr 26 19:57:17 localhost control_proxy[3462516]: 2022-04-26T19:57:17.232Z [127.0.0.1 -> state-controller.magmasi.wavelabs.in,8443] "POST /magma.orc8r.StateService/ReportStates HTTP/2" 200 5bytes 0.381s
Apr 26 19:57:17 localhost magmad[3462298]: INFO:root:Checkin Successful! Successfully sent states to the cloud!
Apr 26 19:57:18 localhost smsd[3462461]: INFO:root:mme non_eps_service_config is not SMS_ORC8R, sleeping.
Apr 26 19:57:23 localhost smsd[3462461]: INFO:root:mme non_eps_service_config is not SMS_ORC8R, sleeping.
Apr 26 19:57:24 localhost dhclient[601]: DHCPREQUEST for 172.16.5.121 on eth1 to 172.16.5.2 port 67 (xid=0x1ea11b90)
Apr 26 19:57:26 localhost mobilityd[3462370]: INFO:root:Using GW info: {'default': {2: ('172.16.4.1', 'eth0')}, 2: [('172.16.4.1', 'eth0', True)]}
Apr 26 19:57:26 localhost mobilityd[3462370]: INFO:root:GW-v6 probe: timer started
Apr 26 19:57:28 localhost smsd[3462461]: INFO:root:mme non_eps_service_config is not SMS_ORC8R, sleeping.
Apr 26 19:57:32 localhost dhclient[601]: DHCPREQUEST for 172.16.5.121 on eth1 to 172.16.5.2 port 67 (xid=0x1ea11b90)
Apr 26 19:57:33 localhost smsd[3462461]: INFO:root:mme non_eps_service_config is not SMS_ORC8R, sleeping.
Apr 26 19:57:36 localhost control_proxy[3462516]: 2022-04-26T19:57:35.546Z [127.0.0.1 -> streamer-controller.magmasi.wavelabs.in,8443] "POST /magma.orc8r.Streamer/GetUpdates HTTP/2" 200 173bytes 0.526s
Apr 26 19:57:36 localhost policydb[3462443]: INFO:root:Processing 4 policy updates (resync=True)
Apr 26 19:57:36 localhost control_proxy[3462516]: 2022-04-26T19:57:36.077Z [127.0.0.1 -> streamer-controller.magmasi.wavelabs.in,8443] "POST /magma.orc8r.Streamer/GetUpdates HTTP/2" 200 7bytes 0.268s
Apr 26 19:57:36 localhost policydb[3462443]: INFO:root:Processing 0 basename -> policy updates
Apr 26 19:57:36 localhost control_proxy[3462516]: 2022-04-26T19:57:36.077Z [127.0.0.1 -> streamer-controller.magmasi.wavelabs.in,8443] "POST /magma.orc8r.Streamer/GetUpdates HTTP/2" 200 13536bytes 0.293s
Apr 26 19:57:36 localhost policydb[3462443]: INFO:root:Processing 223 SID -> apn -> policy updates
Apr 26 19:57:36 localhost control_proxy[3462516]: 2022-04-26T19:57:36.077Z [127.0.0.1 -> streamer-controller.magmasi.wavelabs.in,8443] "POST /magma.orc8r.Streamer/GetUpdates HTTP/2" 200 7bytes 0.267s
Apr 26 19:57:36 localhost policydb[3462443]: INFO:root:Processing 0 rating group updates
Apr 26 19:57:38 localhost smsd[3462461]: INFO:root:mme non_eps_service_config is not SMS_ORC8R, sleeping.
Apr 26 19:57:38 localhost sctpd[3462640]: I0426 19:57:38.818534 3463078 sctp_connection.cpp:195] Unhandled notification type 32776
Apr 26 19:57:39 localhost sctpd[3462640]: I0426 19:57:39.877640 3463078 sctp_connection.cpp:195] Unhandled notification type 32777
Apr 26 19:57:43 localhost smsd[3462461]: INFO:root:mme non_eps_service_config is not SMS_ORC8R, sleeping.
Apr 26 19:57:46 localhost mobilityd[3462370]: INFO:root:Using GW info: {'default': {2: ('172.16.4.1', 'eth0')}, 2: [('172.16.4.1', 'eth0', True)]}
Apr 26 19:57:46 localhost mobilityd[3462370]: INFO:root:GW-v6 probe: timer started
Apr 26 19:57:47 localhost magmad[3462298]: ERROR:root:Metrics upload error for service subscriberdb (chunk 0)! [StatusCode.DEADLINE_EXCEEDED] Deadline Exceeded
Apr 26 19:57:47 localhost magmad[3462298]: ERROR:root:Metrics upload error for service mobilityd (chunk 0)! [StatusCode.DEADLINE_EXCEEDED] Deadline Exceeded
Apr 26 19:57:47 localhost magmad[3462298]: ERROR:root:Metrics upload error for service mme (chunk 0)! [StatusCode.DEADLINE_EXCEEDED] Deadline Exceeded
Apr 26 19:57:47 localhost magmad[3462298]: ERROR:root:Metrics upload error for service magmad (chunk 0)! [StatusCode.DEADLINE_EXCEEDED] Deadline Exceeded
Apr 26 19:57:47 localhost magmad[3462298]: ERROR:root:Metrics upload error for service enodebd (chunk 0)! [StatusCode.DEADLINE_EXCEEDED] Deadline Exceeded
Apr 26 19:57:47 localhost magmad[3462298]: ERROR:root:Metrics upload error for service pipelined (chunk 0)! [StatusCode.DEADLINE_EXCEEDED] Deadline Exceeded
Apr 26 19:57:47 localhost magmad[3462298]: ERROR:root:Metrics upload error for service state (chunk 0)! [StatusCode.DEADLINE_EXCEEDED] Deadline Exceeded
Apr 26 19:57:47 localhost magmad[3462298]: ERROR:root:Metrics upload error for service sessiond (chunk 0)! [StatusCode.DEADLINE_EXCEEDED] Deadline Exceeded
Apr 26 19:57:48 localhost smsd[3462461]: INFO:root:mme non_eps_service_config is not SMS_ORC8R, sleeping.
Apr 26 19:57:53 localhost dhclient[601]: DHCPREQUEST for 172.16.5.121 on eth1 to 172.16.5.2 port 67 (xid=0x1ea11b90)
Apr 26 19:57:53 localhost smsd[3462461]: INFO:root:mme non_eps_service_config is not SMS_ORC8R, sleeping.
Apr 26 19:57:58 localhost smsd[3462461]: INFO:root:mme non_eps_service_config is not SMS_ORC8R, sleeping.
Apr 26 19:58:01 localhost sctpd[3462640]: I0426 19:58:01.887848 3463078 sctp_connection.cpp:195] Unhandled notification type 32776
Apr 26 19:58:02 localhost sctpd[3462640]: I0426 19:58:02.945958 3463078 sctp_connection.cpp:195] Unhandled notification type 32777
Apr 26 19:58:03 localhost smsd[3462461]: INFO:root:mme non_eps_service_config is not SMS_ORC8R, sleeping.
Apr 26 19:58:06 localhost mobilityd[3462370]: INFO:root:Using GW info: {'default': {2: ('172.16.4.1', 'eth0')}, 2: [('172.16.4.1', 'eth0', True)]}
Apr 26 19:58:06 localhost mobilityd[3462370]: INFO:root:GW-v6 probe: timer started
Apr 26 19:58:07 localhost magmad[3462298]: INFO:root:[SyncRPC] Got heartBeat from cloud
Apr 26 19:58:08 localhost smsd[3462461]: INFO:root:mme non_eps_service_config is not SMS_ORC8R, sleeping.
Apr 26 19:58:13 localhost dhclient[601]: DHCPREQUEST for 172.16.5.121 on eth1 to 172.16.5.2 port 67 (xid=0x1ea11b90)
Apr 26 19:58:13 localhost smsd[3462461]: INFO:root:mme non_eps_service_config is not SMS_ORC8R, sleeping.
Apr 26 19:58:18 localhost magmad[3462298]: INFO:root:Setting logging level to INFO
Apr 26 19:58:18 localhost smsd[3462461]: INFO:root:mme non_eps_service_config is not SMS_ORC8R, sleeping.
Apr 26 19:58:23 localhost smsd[3462461]: INFO:root:mme non_eps_service_config is not SMS_ORC8R, sleeping.
Apr 26 19:58:25 localhost sctpd[3462640]: I0426 19:58:25.044611 3463078 sctp_connection.cpp:195] Unhandled notification type 32776
Apr 26 19:58:26 localhost sctpd[3462640]: I0426 19:58:26.106205 3463078 sctp_connection.cpp:195] Unhandled notification type 32777
Apr 26 19:58:26 localhost mobilityd[3462370]: INFO:root:Using GW info: {'default': {2: ('172.16.4.1', 'eth0')}, 2: [('172.16.4.1', 'eth0', True)]}
Apr 26 19:58:26 localhost mobilityd[3462370]: INFO:root:GW-v6 probe: timer started
Apr 26 19:58:28 localhost smsd[3462461]: INFO:root:mme non_eps_service_config is not SMS_ORC8R, sleeping.
Apr 26 19:58:33 localhost smsd[3462461]: INFO:root:mme non_eps_service_config is not SMS_ORC8R, sleeping.
Apr 26 19:58:34 localhost dhclient[601]: DHCPREQUEST for 172.16.5.121 on eth1 to 172.16.5.2 port 67 (xid=0x1ea11b90)
Apr 26 19:58:37 localhost control_proxy[3462516]: 2022-04-26T19:58:36.805Z [127.0.0.1 -> state-controller.magmasi.wavelabs.in,8443] "POST /magma.orc8r.StateService/ReportStates HTTP/2" 200 5bytes 0.382s
Apr 26 19:58:37 localhost magmad[3462298]: INFO:root:Checkin Successful! Successfully sent states to the cloud!
Apr 26 19:58:37 localhost control_proxy[3462516]: 2022-04-26T19:58:36.805Z [127.0.0.1 -> streamer-controller.magmasi.wavelabs.in,8443] "POST /magma.orc8r.Streamer/GetUpdates HTTP/2" 200 173bytes 0.366s
Apr 26 19:58:37 localhost policydb[3462443]: INFO:root:Processing 4 policy updates (resync=True)
Apr 26 19:58:37 localhost control_proxy[3462516]: 2022-04-26T19:58:37.346Z [127.0.0.1 -> streamer-controller.magmasi.wavelabs.in,8443] "POST /magma.orc8r.Streamer/GetUpdates HTTP/2" 200 7bytes 0.268s
Apr 26 19:58:37 localhost policydb[3462443]: INFO:root:Processing 0 basename -> policy updates
Apr 26 19:58:37 localhost control_proxy[3462516]: 2022-04-26T19:58:37.346Z [127.0.0.1 -> streamer-controller.magmasi.wavelabs.in,8443] "POST /magma.orc8r.Streamer/GetUpdates HTTP/2" 200 13536bytes 0.322s
Apr 26 19:58:37 localhost policydb[3462443]: INFO:root:Processing 223 SID -> apn -> policy updates
Apr 26 19:58:38 localhost control_proxy[3462516]: 2022-04-26T19:58:37.346Z [127.0.0.1 -> streamer-controller.magmasi.wavelabs.in,8443] "POST /magma.orc8r.Streamer/GetUpdates HTTP/2" 200 7bytes 0.284s
Apr 26 19:58:38 localhost policydb[3462443]: INFO:root:Processing 0 rating group updates
Apr 26 19:58:38 localhost smsd[3462461]: INFO:root:mme non_eps_service_config is not SMS_ORC8R, sleeping.
Apr 26 19:58:43 localhost smsd[3462461]: INFO:root:mme non_eps_service_config is not SMS_ORC8R, sleeping.
Apr 26 19:58:46 localhost mobilityd[3462370]: INFO:root:Using GW info: {'default': {2: ('172.16.4.1', 'eth0')}, 2: [('172.16.4.1', 'eth0', True)]}
Apr 26 19:58:46 localhost mobilityd[3462370]: INFO:root:GW-v6 probe: timer started
Apr 26 19:58:47 localhost magmad[3462298]: ERROR:root:Metrics upload error for service subscriberdb (chunk 0)! [StatusCode.DEADLINE_EXCEEDED] Deadline Exceeded
Apr 26 19:58:47 localhost magmad[3462298]: ERROR:root:Metrics upload error for service mobilityd (chunk 0)! [StatusCode.DEADLINE_EXCEEDED] Deadline Exceeded
Apr 26 19:58:47 localhost magmad[3462298]: ERROR:root:Metrics upload error for service mme (chunk 0)! [StatusCode.DEADLINE_EXCEEDED] Deadline Exceeded
Apr 26 19:58:48 localhost sctpd[3462640]: I0426 19:58:48.184399 3463078 sctp_connection.cpp:195] Unhandled notification type 32776
Apr 26 19:58:48 localhost smsd[3462461]: INFO:root:mme non_eps_service_config is not SMS_ORC8R, sleeping.
Apr 26 19:58:49 localhost sctpd[3462640]: I0426 19:58:49.260238 3463078 sctp_connection.cpp:195] Unhandled notification type 32777
Apr 26 19:58:49 localhost dhclient[601]: DHCPREQUEST for 172.16.5.121 on eth1 to 172.16.5.2 port 67 (xid=0x1ea11b90)
Apr 26 19:58:52 localhost sctpd[3462640]: I0426 19:58:52.549957 3463078 sctp_connection.cpp:195] Unhandled notification type 32777
Apr 26 19:58:53 localhost smsd[3462461]: INFO:root:mme non_eps_service_config is not SMS_ORC8R, sleeping.
Apr 26 19:58:58 localhost smsd[3462461]: INFO:root:mme non_eps_service_config is not SMS_ORC8R, sleeping.
Apr 26 19:59:00 localhost dhclient[601]: DHCPREQUEST for 172.16.5.121 on eth1 to 172.16.5.2 port 67 (xid=0x1ea11b90)
Apr 26 19:59:03 localhost smsd[3462461]: INFO:root:mme non_eps_service_config is not SMS_ORC8R, sleeping.
Apr 26 19:59:06 localhost mobilityd[3462370]: INFO:root:Using GW info: {'default': {2: ('172.16.4.1', 'eth0')}, 2: [('172.16.4.1', 'eth0', True)]}
Apr 26 19:59:06 localhost mobilityd[3462370]: INFO:root:GW-v6 probe: timer started
Apr 26 19:59:06 localhost magmad[3462298]: ERROR:root:Metrics upload error for service magmad (chunk 0)! [StatusCode.DEADLINE_EXCEEDED] Deadline Exceeded
Apr 26 19:59:06 localhost magmad[3462298]: ERROR:root:Metrics upload error for service enodebd (chunk 0)! [StatusCode.DEADLINE_EXCEEDED] Deadline Exceeded
Apr 26 19:59:06 localhost magmad[3462298]: ERROR:root:Metrics upload error for service pipelined (chunk 0)! [StatusCode.DEADLINE_EXCEEDED] Deadline Exceeded
Apr 26 19:59:06 localhost magmad[3462298]: ERROR:root:Metrics upload error for service state (chunk 0)! [StatusCode.DEADLINE_EXCEEDED] Deadline Exceeded
Apr 26 19:59:06 localhost magmad[3462298]: ERROR:root:Metrics upload error for service sessiond (chunk 0)! [StatusCode.DEADLINE_EXCEEDED] Deadline Exceeded
Apr 26 19:59:07 localhost magmad[3462298]: INFO:root:[SyncRPC] Got heartBeat from cloud
Apr 26 19:59:08 localhost control_proxy[3462516]: 2022-04-26T19:58:07.899Z [127.0.0.1 -> streamer-controller.magmasi.wavelabs.in,8443] "POST /magma.orc8r.Streamer/GetUpdates HTTP/2" 200 0bytes 60.261s
Apr 26 19:59:08 localhost magmad[3462298]: ERROR:root:Error! Streaming from the cloud failed! [StatusCode.ABORTED] error while streaming updates: rpc error: code = DeadlineExceeded desc = context deadline exceeded
Apr 26 19:59:08 localhost smsd[3462461]: INFO:root:mme non_eps_service_config is not SMS_ORC8R, sleeping.
Apr 26 19:59:13 localhost smsd[3462461]: INFO:root:mme non_eps_service_config is not SMS_ORC8R, sleeping.
Apr 26 19:59:14 localhost sctpd[3462640]: I0426 19:59:14.386494 3463078 sctp_connection.cpp:195] Unhandled notification type 32776
Apr 26 19:59:15 localhost sctpd[3462640]: I0426 19:59:15.450685 3463078 sctp_connection.cpp:195] Unhandled notification type 32777
Apr 26 19:59:15 localhost dhclient[601]: DHCPREQUEST for 172.16.5.121 on eth1 to 172.16.5.2 port 67 (xid=0x1ea11b90)
Apr 26 19:59:18 localhost sctpd[3462640]: I0426 19:59:18.740325 3463078 sctp_connection.cpp:195] Unhandled notification type 32777
Apr 26 19:59:19 localhost smsd[3462461]: INFO:root:mme non_eps_service_config is not SMS_ORC8R, sleeping.
Apr 26 19:59:24 localhost smsd[3462461]: INFO:root:mme non_eps_service_config is not SMS_ORC8R, sleeping.
Apr 26 19:59:26 localhost mobilityd[3462370]: INFO:root:Using GW info: {'default': {2: ('172.16.4.1', 'eth0')}, 2: [('172.16.4.1', 'eth0', True)]}
Apr 26 19:59:26 localhost mobilityd[3462370]: INFO:root:GW-v6 probe: timer started
Apr 26 19:59:29 localhost smsd[3462461]: INFO:root:mme non_eps_service_config is not SMS_ORC8R, sleeping.
Apr 26 19:59:33 localhost dhclient[601]: DHCPREQUEST for 172.16.5.121 on eth1 to 172.16.5.2 port 67 (xid=0x1ea11b90)
Apr 26 19:59:34 localhost smsd[3462461]: INFO:root:mme non_eps_service_config is not SMS_ORC8R, sleeping.
Apr 26 19:59:37 localhost magmad[3462298]: INFO:root:Setting logging level to INFO
Apr 26 19:59:38 localhost control_proxy[3462516]: 2022-04-26T19:59:38.282Z [127.0.0.1 -> streamer-controller.magmasi.wavelabs.in,8443] "POST /magma.orc8r.Streamer/GetUpdates HTTP/2" 200 173bytes 0.275s
Apr 26 19:59:38 localhost policydb[3462443]: INFO:root:Processing 4 policy updates (resync=True)
Apr 26 19:59:38 localhost control_proxy[3462516]: 2022-04-26T19:59:38.282Z [127.0.0.1 -> streamer-controller.magmasi.wavelabs.in,8443] "POST /magma.orc8r.Streamer/GetUpdates HTTP/2" 200 7bytes 0.269s
Apr 26 19:59:38 localhost policydb[3462443]: INFO:root:Processing 0 basename -> policy updates
Apr 26 19:59:39 localhost smsd[3462461]: INFO:root:mme non_eps_service_config is not SMS_ORC8R, sleeping.
Apr 26 19:59:39 localhost control_proxy[3462516]: 2022-04-26T19:59:38.282Z [127.0.0.1 -> streamer-controller.magmasi.wavelabs.in,8443] "POST /magma.orc8r.Streamer/GetUpdates HTTP/2" 200 13536bytes 0.306s
Apr 26 19:59:39 localhost policydb[3462443]: INFO:root:Processing 223 SID -> apn -> policy updates
Apr 26 19:59:39 localhost control_proxy[3462516]: 2022-04-26T19:59:39.143Z [127.0.0.1 -> streamer-controller.magmasi.wavelabs.in,8443] "POST /magma.orc8r.Streamer/GetUpdates HTTP/2" 200 7bytes 0.265s
Apr 26 19:59:39 localhost policydb[3462443]: INFO:root:Processing 0 rating group updates
Apr 26 19:59:40 localhost sctpd[3462640]: I0426 19:59:40.503587 3463078 sctp_connection.cpp:195] Unhandled notification type 32776
Apr 26 19:59:40 localhost sctpd[3462640]: I0426 19:59:40.684085 3463078 sctp_connection.cpp:195] Unhandled notification type 32776
Apr 26 19:59:41 localhost sctpd[3462640]: I0426 19:59:41.747397 3463078 sctp_connection.cpp:195] Unhandled notification type 32777
Apr 26 19:59:41 localhost sctpd[3462640]: I0426 19:59:41.857928 3463078 sctp_connection.cpp:195] Unhandled notification type 32777
Apr 26 19:59:42 localhost sctpd[3462640]: I0426 19:59:42.083580 3463078 sctp_connection.cpp:195] Unhandled notification type 32777
Apr 26 19:59:42 localhost sctpd[3462640]: I0426 19:59:42.191135 3463078 sctp_connection.cpp:195] Unhandled notification type 32777
Apr 26 19:59:42 localhost mme[3463033]: [DEBUG] Sending S6A-UPDATE_LOCATION_REQUEST with IMSI: 222700000000001
Apr 26 19:59:42 localhost mme[3463033]: [INFO] Received S6A-LOCATION-UPDATE_ANSWER for IMSI: 222700000000001; Status: ; StatusCode: 2001
Apr 26 19:59:42 localhost mme[3463033]: [INFO] sent itti S6A-LOCATION-UPDATE_ANSWER for IMSI: 222700000000001
Apr 26 19:59:42 localhost sctpd[3462640]: I0426 19:59:42.305972 3463078 sctp_connection.cpp:195] Unhandled notification type 32777
Apr 26 19:59:43 localhost mobilityd[3462370]: DEBUG:root:Received AllocateIPAddress
Apr 26 19:59:43 localhost mobilityd[3462370]: INFO:root:GRPC message:
Apr 26 19:59:43 localhost mobilityd[3462370]:   magma.lte.AllocateIPRequest {
Apr 26 19:59:43 localhost mobilityd[3462370]:     "sid": {
Apr 26 19:59:43 localhost mobilityd[3462370]:       "id": "222700000000001"
Apr 26 19:59:43 localhost mobilityd[3462370]:     },
Apr 26 19:59:43 localhost mobilityd[3462370]:     "apn": "default"
Apr 26 19:59:43 localhost mobilityd[3462370]:   }
Apr 26 19:59:43 localhost mobilityd[3462370]: DEBUG:root:Find APN config for: IMSI222700000000001.default,ipv4
Apr 26 19:59:43 localhost mobilityd[3462370]: DEBUG:root:APN config: service_selection: "default"
Apr 26 19:59:43 localhost mobilityd[3462370]: qos_profile {
Apr 26 19:59:43 localhost mobilityd[3462370]:   class_id: 9
Apr 26 19:59:43 localhost mobilityd[3462370]:   priority_level: 15
Apr 26 19:59:43 localhost mobilityd[3462370]: }
Apr 26 19:59:43 localhost mobilityd[3462370]: ambr {
Apr 26 19:59:43 localhost mobilityd[3462370]:   max_bandwidth_ul: 100000000
Apr 26 19:59:43 localhost mobilityd[3462370]:   max_bandwidth_dl: 100000000
Apr 26 19:59:43 localhost mobilityd[3462370]: }
Apr 26 19:59:43 localhost mobilityd[3462370]: DEBUG:root:vlan: Got APN: service_selection: "default"
Apr 26 19:59:43 localhost mobilityd[3462370]: qos_profile {
Apr 26 19:59:43 localhost mobilityd[3462370]:   class_id: 9
Apr 26 19:59:43 localhost mobilityd[3462370]:   priority_level: 15
Apr 26 19:59:43 localhost mobilityd[3462370]: }
Apr 26 19:59:43 localhost mobilityd[3462370]: ambr {
Apr 26 19:59:43 localhost mobilityd[3462370]:   max_bandwidth_ul: 100000000
Apr 26 19:59:43 localhost mobilityd[3462370]:   max_bandwidth_dl: 100000000
Apr 26 19:59:43 localhost mobilityd[3462370]: }
Apr 26 19:59:43 localhost mobilityd[3462370]: DEBUG:root:invalid internet gw ip: None
Apr 26 19:59:43 localhost mobilityd[3462370]: DEBUG:root:could not parse GW IP: None
Apr 26 19:59:43 localhost mobilityd[3462370]: DEBUG:root:Find APN config for: IMSI222700000000001.default,ipv4
Apr 26 19:59:43 localhost mobilityd[3462370]: DEBUG:root:APN config: service_selection: "default"
Apr 26 19:59:43 localhost mobilityd[3462370]: qos_profile {
Apr 26 19:59:43 localhost mobilityd[3462370]:   class_id: 9
Apr 26 19:59:43 localhost mobilityd[3462370]:   priority_level: 15
