Apr 20 20:13:22 localhost magmad[1924128]: ERROR:root:Error! Streaming from the cloud failed! [StatusCode.ABORTED] error while streaming updates: rpc error: code = DeadlineExceeded desc = context deadline exceeded
Apr 20 20:13:23 localhost smsd[1924287]: INFO:root:mme non_eps_service_config is not SMS_ORC8R, sleeping.
Apr 20 20:13:28 localhost smsd[1924287]: INFO:root:mme non_eps_service_config is not SMS_ORC8R, sleeping.
Apr 20 20:13:29 localhost sctpd[1924474]: I0420 20:13:29.917340 1924928 sctp_connection.cpp:195] Unhandled notification type 32776
Apr 20 20:13:30 localhost control_proxy[1924371]: 2022-04-20T20:13:30.282Z [127.0.0.1 -> state-controller.magmasi.wavelabs.in,8443] "POST /magma.orc8r.StateService/ReportStates HTTP/2" 200 5bytes 0.517s
Apr 20 20:13:30 localhost magmad[1924128]: INFO:root:Checkin Successful! Successfully sent states to the cloud!
Apr 20 20:13:30 localhost sctpd[1924474]: I0420 20:13:30.976318 1924928 sctp_connection.cpp:195] Unhandled notification type 32777
Apr 20 20:13:33 localhost smsd[1924287]: INFO:root:mme non_eps_service_config is not SMS_ORC8R, sleeping.
Apr 20 20:13:38 localhost smsd[1924287]: INFO:root:mme non_eps_service_config is not SMS_ORC8R, sleeping.
Apr 20 20:13:40 localhost mobilityd[1924199]: INFO:root:Using GW info: {'default': {2: ('172.16.4.1', 'eth0')}, 2: [('172.16.4.1', 'eth0', True)]}
Apr 20 20:13:40 localhost mobilityd[1924199]: INFO:root:GW-v6 probe: timer started
Apr 20 20:13:43 localhost smsd[1924287]: INFO:root:mme non_eps_service_config is not SMS_ORC8R, sleeping.
Apr 20 20:13:48 localhost smsd[1924287]: INFO:root:mme non_eps_service_config is not SMS_ORC8R, sleeping.
Apr 20 20:13:53 localhost sctpd[1924474]: I0420 20:13:53.110147 1924928 sctp_connection.cpp:195] Unhandled notification type 32776
Apr 20 20:13:53 localhost smsd[1924287]: INFO:root:mme non_eps_service_config is not SMS_ORC8R, sleeping.
Apr 20 20:13:54 localhost control_proxy[1924371]: 2022-04-20T20:13:53.779Z [127.0.0.1 -> streamer-controller.magmasi.wavelabs.in,8443] "POST /magma.orc8r.Streamer/GetUpdates HTTP/2" 200 173bytes 0.294s
Apr 20 20:13:54 localhost policydb[1924262]: INFO:root:Processing 4 policy updates (resync=True)
Apr 20 20:13:54 localhost sctpd[1924474]: I0420 20:13:54.173342 1924928 sctp_connection.cpp:195] Unhandled notification type 32777
Apr 20 20:13:54 localhost control_proxy[1924371]: 2022-04-20T20:13:54.076Z [127.0.0.1 -> streamer-controller.magmasi.wavelabs.in,8443] "POST /magma.orc8r.Streamer/GetUpdates HTTP/2" 200 7bytes 0.285s
Apr 20 20:13:54 localhost policydb[1924262]: INFO:root:Processing 0 basename -> policy updates
Apr 20 20:13:54 localhost control_proxy[1924371]: 2022-04-20T20:13:54.076Z [127.0.0.1 -> streamer-controller.magmasi.wavelabs.in,8443] "POST /magma.orc8r.Streamer/GetUpdates HTTP/2" 200 13536bytes 0.326s
Apr 20 20:13:54 localhost policydb[1924262]: INFO:root:Processing 223 SID -> apn -> policy updates
Apr 20 20:13:54 localhost control_proxy[1924371]: 2022-04-20T20:13:54.076Z [127.0.0.1 -> streamer-controller.magmasi.wavelabs.in,8443] "POST /magma.orc8r.Streamer/GetUpdates HTTP/2" 200 7bytes 0.285s
Apr 20 20:13:54 localhost policydb[1924262]: INFO:root:Processing 0 rating group updates
Apr 20 20:13:58 localhost smsd[1924287]: INFO:root:mme non_eps_service_config is not SMS_ORC8R, sleeping.
Apr 20 20:14:00 localhost mobilityd[1924199]: INFO:root:Using GW info: {'default': {2: ('172.16.4.1', 'eth0')}, 2: [('172.16.4.1', 'eth0', True)]}
Apr 20 20:14:00 localhost mobilityd[1924199]: INFO:root:GW-v6 probe: timer started
Apr 20 20:14:01 localhost magmad[1924128]: ERROR:root:Metrics upload error for service subscriberdb (chunk 0)! [StatusCode.DEADLINE_EXCEEDED] Deadline Exceeded
Apr 20 20:14:01 localhost magmad[1924128]: ERROR:root:Metrics upload error for service mobilityd (chunk 0)! [StatusCode.DEADLINE_EXCEEDED] Deadline Exceeded
Apr 20 20:14:01 localhost magmad[1924128]: ERROR:root:Metrics upload error for service mme (chunk 0)! [StatusCode.DEADLINE_EXCEEDED] Deadline Exceeded
Apr 20 20:14:01 localhost magmad[1924128]: ERROR:root:Metrics upload error for service magmad (chunk 0)! [StatusCode.DEADLINE_EXCEEDED] Deadline Exceeded
Apr 20 20:14:01 localhost magmad[1924128]: ERROR:root:Metrics upload error for service enodebd (chunk 0)! [StatusCode.DEADLINE_EXCEEDED] Deadline Exceeded
Apr 20 20:14:01 localhost magmad[1924128]: ERROR:root:Metrics upload error for service pipelined (chunk 0)! [StatusCode.DEADLINE_EXCEEDED] Deadline Exceeded
Apr 20 20:14:01 localhost magmad[1924128]: ERROR:root:Metrics upload error for service state (chunk 0)! [StatusCode.DEADLINE_EXCEEDED] Deadline Exceeded
Apr 20 20:14:01 localhost magmad[1924128]: ERROR:root:Metrics upload error for service sessiond (chunk 0)! [StatusCode.DEADLINE_EXCEEDED] Deadline Exceeded
Apr 20 20:14:03 localhost smsd[1924287]: INFO:root:mme non_eps_service_config is not SMS_ORC8R, sleeping.
Apr 20 20:14:13 localhost smsd[1924287]: message repeated 2 times: [ INFO:root:mme non_eps_service_config is not SMS_ORC8R, sleeping.]
Apr 20 20:14:16 localhost sctpd[1924474]: I0420 20:14:16.609468 1924928 sctp_connection.cpp:195] Unhandled notification type 32776
Apr 20 20:14:17 localhost sctpd[1924474]: I0420 20:14:17.673676 1924928 sctp_connection.cpp:195] Unhandled notification type 32777
Apr 20 20:14:18 localhost smsd[1924287]: INFO:root:mme non_eps_service_config is not SMS_ORC8R, sleeping.
Apr 20 20:14:20 localhost mobilityd[1924199]: INFO:root:Using GW info: {'default': {2: ('172.16.4.1', 'eth0')}, 2: [('172.16.4.1', 'eth0', True)]}
Apr 20 20:14:20 localhost mobilityd[1924199]: INFO:root:GW-v6 probe: timer started
Apr 20 20:14:21 localhost magmad[1924128]: INFO:root:[SyncRPC] Got heartBeat from cloud
Apr 20 20:14:23 localhost smsd[1924287]: INFO:root:mme non_eps_service_config is not SMS_ORC8R, sleeping.
Apr 20 20:14:28 localhost subscriberdb[1924198]: INFO:root:get digest stored in gateway:
Apr 20 20:14:28 localhost smsd[1924287]: INFO:root:mme non_eps_service_config is not SMS_ORC8R, sleeping.
Apr 20 20:14:29 localhost control_proxy[1924371]: 2022-04-20T20:14:28.724Z [127.0.0.1 -> subscriberdb-controller.magmasi.wavelabs.in,8443] "POST /magma.lte.SubscriberDBCloud/CheckInSync HTTP/2" 200 0bytes 0.495s
Apr 20 20:14:29 localhost subscriberdb[1924198]: ERROR:root:Internal Error in subscriberdb-Orc8r communication. If AGW and Orc8r are deployed at a commit hash, upgrade AGW and Orc8r to latest commit hash.
Apr 20 20:14:29 localhost control_proxy[1924371]: 2022-04-20T20:14:29.223Z [127.0.0.1 -> subscriberdb-controller.magmasi.wavelabs.in,8443] "POST /magma.lte.SubscriberDBCloud/Sync HTTP/2" 200 0bytes 0.248s
Apr 20 20:14:29 localhost subscriberdb[1924198]: ERROR:root:Internal Error in subscriberdb-Orc8r communication. If AGW and Orc8r are deployed at a commit hash, upgrade AGW and Orc8r to latest commit hash.
Apr 20 20:14:29 localhost control_proxy[1924371]: 2022-04-20T20:14:29.223Z [127.0.0.1 -> subscriberdb-controller.magmasi.wavelabs.in,8443] "POST /magma.lte.SubscriberDBCloud/ListSubscribers HTTP/2" 200 44180bytes 0.312s
Apr 20 20:14:29 localhost subscriberdb[1924198]: INFO:root:Successfully fetched all subscriber pages from the cloud!
Apr 20 20:14:30 localhost subscriberdb[1924198]: INFO:root:update root digest stored in gateway:
Apr 20 20:14:31 localhost magmad[1924128]: INFO:root:Setting logging level to INFO
Apr 20 20:14:33 localhost smsd[1924287]: INFO:root:mme non_eps_service_config is not SMS_ORC8R, sleeping.
Apr 20 20:14:34 localhost sctpd[1924474]: I0420 20:14:34.816887 1924928 sctp_connection.cpp:195] Unhandled notification type 32776
Apr 20 20:14:35 localhost sctpd[1924474]: I0420 20:14:35.877568 1924928 sctp_connection.cpp:195] Unhandled notification type 32777
Apr 20 20:14:39 localhost smsd[1924287]: INFO:root:mme non_eps_service_config is not SMS_ORC8R, sleeping.
Apr 20 20:14:40 localhost mobilityd[1924199]: INFO:root:Using GW info: {'default': {2: ('172.16.4.1', 'eth0')}, 2: [('172.16.4.1', 'eth0', True)]}
Apr 20 20:14:40 localhost mobilityd[1924199]: INFO:root:GW-v6 probe: timer started
Apr 20 20:14:44 localhost smsd[1924287]: INFO:root:mme non_eps_service_config is not SMS_ORC8R, sleeping.
Apr 20 20:14:49 localhost smsd[1924287]: INFO:root:mme non_eps_service_config is not SMS_ORC8R, sleeping.
Apr 20 20:14:50 localhost control_proxy[1924371]: 2022-04-20T20:14:49.805Z [127.0.0.1 -> state-controller.magmasi.wavelabs.in,8443] "POST /magma.orc8r.StateService/ReportStates HTTP/2" 200 5bytes 0.633s
Apr 20 20:14:50 localhost magmad[1924128]: INFO:root:Checkin Successful! Successfully sent states to the cloud!
Apr 20 20:14:54 localhost smsd[1924287]: INFO:root:mme non_eps_service_config is not SMS_ORC8R, sleeping.
Apr 20 20:14:55 localhost control_proxy[1924371]: 2022-04-20T20:14:55.046Z [127.0.0.1 -> streamer-controller.magmasi.wavelabs.in,8443] "POST /magma.orc8r.Streamer/GetUpdates HTTP/2" 200 173bytes 0.277s
Apr 20 20:14:55 localhost policydb[1924262]: INFO:root:Processing 4 policy updates (resync=True)
Apr 20 20:14:55 localhost control_proxy[1924371]: 2022-04-20T20:14:55.046Z [127.0.0.1 -> streamer-controller.magmasi.wavelabs.in,8443] "POST /magma.orc8r.Streamer/GetUpdates HTTP/2" 200 7bytes 0.268s
Apr 20 20:14:55 localhost policydb[1924262]: INFO:root:Processing 0 basename -> policy updates
Apr 20 20:14:55 localhost control_proxy[1924371]: 2022-04-20T20:14:55.046Z [127.0.0.1 -> streamer-controller.magmasi.wavelabs.in,8443] "POST /magma.orc8r.Streamer/GetUpdates HTTP/2" 200 13536bytes 0.338s
Apr 20 20:14:55 localhost policydb[1924262]: INFO:root:Processing 223 SID -> apn -> policy updates
Apr 20 20:14:56 localhost control_proxy[1924371]: 2022-04-20T20:14:55.046Z [127.0.0.1 -> streamer-controller.magmasi.wavelabs.in,8443] "POST /magma.orc8r.Streamer/GetUpdates HTTP/2" 200 7bytes 0.264s
Apr 20 20:14:56 localhost policydb[1924262]: INFO:root:Processing 0 rating group updates
Apr 20 20:14:57 localhost sctpd[1924474]: I0420 20:14:57.860342 1924928 sctp_connection.cpp:195] Unhandled notification type 32776
Apr 20 20:14:58 localhost sctpd[1924474]: I0420 20:14:58.918329 1924928 sctp_connection.cpp:195] Unhandled notification type 32777
Apr 20 20:14:59 localhost smsd[1924287]: INFO:root:mme non_eps_service_config is not SMS_ORC8R, sleeping.
Apr 20 20:15:00 localhost mobilityd[1924199]: INFO:root:Using GW info: {'default': {2: ('172.16.4.1', 'eth0')}, 2: [('172.16.4.1', 'eth0', True)]}
Apr 20 20:15:00 localhost mobilityd[1924199]: INFO:root:GW-v6 probe: timer started
Apr 20 20:15:04 localhost smsd[1924287]: INFO:root:mme non_eps_service_config is not SMS_ORC8R, sleeping.
Apr 20 20:15:14 localhost smsd[1924287]: message repeated 2 times: [ INFO:root:mme non_eps_service_config is not SMS_ORC8R, sleeping.]
Apr 20 20:15:16 localhost sctpd[1924474]: I0420 20:15:16.653034 1924928 sctp_connection.cpp:195] Unhandled notification type 32776
Apr 20 20:15:17 localhost sctpd[1924474]: I0420 20:15:17.718641 1924928 sctp_connection.cpp:195] Unhandled notification type 32777
Apr 20 20:15:19 localhost smsd[1924287]: INFO:root:mme non_eps_service_config is not SMS_ORC8R, sleeping.
Apr 20 20:15:19 localhost magmad[1924128]: ERROR:root:Metrics upload error for service subscriberdb (chunk 0)! [StatusCode.DEADLINE_EXCEEDED] Deadline Exceeded
Apr 20 20:15:19 localhost magmad[1924128]: ERROR:root:Metrics upload error for service mobilityd (chunk 0)! [StatusCode.DEADLINE_EXCEEDED] Deadline Exceeded
Apr 20 20:15:19 localhost magmad[1924128]: ERROR:root:Metrics upload error for service mme (chunk 0)! [StatusCode.DEADLINE_EXCEEDED] Deadline Exceeded
Apr 20 20:15:19 localhost magmad[1924128]: ERROR:root:Metrics upload error for service magmad (chunk 0)! [StatusCode.DEADLINE_EXCEEDED] Deadline Exceeded
Apr 20 20:15:19 localhost magmad[1924128]: ERROR:root:Metrics upload error for service enodebd (chunk 0)! [StatusCode.DEADLINE_EXCEEDED] Deadline Exceeded
Apr 20 20:15:19 localhost magmad[1924128]: ERROR:root:Metrics upload error for service pipelined (chunk 0)! [StatusCode.DEADLINE_EXCEEDED] Deadline Exceeded
Apr 20 20:15:19 localhost magmad[1924128]: ERROR:root:Metrics upload error for service state (chunk 0)! [StatusCode.DEADLINE_EXCEEDED] Deadline Exceeded
Apr 20 20:15:19 localhost magmad[1924128]: ERROR:root:Metrics upload error for service sessiond (chunk 0)! [StatusCode.DEADLINE_EXCEEDED] Deadline Exceeded
Apr 20 20:15:20 localhost mobilityd[1924199]: INFO:root:Using GW info: {'default': {2: ('172.16.4.1', 'eth0')}, 2: [('172.16.4.1', 'eth0', True)]}
Apr 20 20:15:20 localhost mobilityd[1924199]: INFO:root:GW-v6 probe: timer started
Apr 20 20:15:21 localhost magmad[1924128]: INFO:root:[SyncRPC] Got heartBeat from cloud
Apr 20 20:15:22 localhost control_proxy[1924371]: 2022-04-20T20:14:22.517Z [127.0.0.1 -> streamer-controller.magmasi.wavelabs.in,8443] "POST /magma.orc8r.Streamer/GetUpdates HTTP/2" 200 0bytes 60.256s
Apr 20 20:15:22 localhost magmad[1924128]: ERROR:root:Error! Streaming from the cloud failed! [StatusCode.ABORTED] error while streaming updates: rpc error: code = DeadlineExceeded desc = context deadline exceeded
Apr 20 20:15:24 localhost smsd[1924287]: INFO:root:mme non_eps_service_config is not SMS_ORC8R, sleeping.
Apr 20 20:15:39 localhost smsd[1924287]: message repeated 3 times: [ INFO:root:mme non_eps_service_config is not SMS_ORC8R, sleeping.]
Apr 20 20:15:39 localhost sctpd[1924474]: I0420 20:15:39.844744 1924928 sctp_connection.cpp:195] Unhandled notification type 32776
Apr 20 20:15:40 localhost mobilityd[1924199]: INFO:root:Using GW info: {'default': {2: ('172.16.4.1', 'eth0')}, 2: [('172.16.4.1', 'eth0', True)]}
Apr 20 20:15:40 localhost mobilityd[1924199]: INFO:root:GW-v6 probe: timer started
Apr 20 20:15:40 localhost sctpd[1924474]: I0420 20:15:40.906109 1924928 sctp_connection.cpp:195] Unhandled notification type 32777
Apr 20 20:15:44 localhost smsd[1924287]: INFO:root:mme non_eps_service_config is not SMS_ORC8R, sleeping.
Apr 20 20:15:49 localhost smsd[1924287]: INFO:root:mme non_eps_service_config is not SMS_ORC8R, sleeping.
Apr 20 20:15:51 localhost magmad[1924128]: INFO:root:Setting logging level to INFO
Apr 20 20:15:54 localhost smsd[1924287]: INFO:root:mme non_eps_service_config is not SMS_ORC8R, sleeping.
Apr 20 20:15:56 localhost control_proxy[1924371]: 2022-04-20T20:15:56.274Z [127.0.0.1 -> streamer-controller.magmasi.wavelabs.in,8443] "POST /magma.orc8r.Streamer/GetUpdates HTTP/2" 200 173bytes 0.545s
Apr 20 20:15:56 localhost policydb[1924262]: INFO:root:Processing 4 policy updates (resync=True)
Apr 20 20:15:57 localhost control_proxy[1924371]: 2022-04-20T20:15:56.274Z [127.0.0.1 -> streamer-controller.magmasi.wavelabs.in,8443] "POST /magma.orc8r.Streamer/GetUpdates HTTP/2" 200 7bytes 0.282s
Apr 20 20:15:57 localhost policydb[1924262]: INFO:root:Processing 0 basename -> policy updates
Apr 20 20:15:57 localhost control_proxy[1924371]: 2022-04-20T20:15:57.107Z [127.0.0.1 -> streamer-controller.magmasi.wavelabs.in,8443] "POST /magma.orc8r.Streamer/GetUpdates HTTP/2" 200 13536bytes 0.326s
Apr 20 20:15:57 localhost policydb[1924262]: INFO:root:Processing 223 SID -> apn -> policy updates
Apr 20 20:15:57 localhost control_proxy[1924371]: 2022-04-20T20:15:57.107Z [127.0.0.1 -> streamer-controller.magmasi.wavelabs.in,8443] "POST /magma.orc8r.Streamer/GetUpdates HTTP/2" 200 7bytes 0.272s
Apr 20 20:15:57 localhost policydb[1924262]: INFO:root:Processing 0 rating group updates
Apr 20 20:15:59 localhost smsd[1924287]: INFO:root:mme non_eps_service_config is not SMS_ORC8R, sleeping.
Apr 20 20:16:00 localhost mobilityd[1924199]: INFO:root:Using GW info: {'default': {2: ('172.16.4.1', 'eth0')}, 2: [('172.16.4.1', 'eth0', True)]}
Apr 20 20:16:00 localhost mobilityd[1924199]: INFO:root:GW-v6 probe: timer started
Apr 20 20:16:03 localhost sctpd[1924474]: I0420 20:16:03.194098 1924928 sctp_connection.cpp:195] Unhandled notification type 32776
Apr 20 20:16:04 localhost sctpd[1924474]: I0420 20:16:04.257833 1924928 sctp_connection.cpp:195] Unhandled notification type 32777
Apr 20 20:16:04 localhost sctpd[1924474]: I0420 20:16:04.495404 1924928 sctp_connection.cpp:195] Unhandled notification type 32777
Apr 20 20:16:04 localhost smsd[1924287]: INFO:root:mme non_eps_service_config is not SMS_ORC8R, sleeping.
Apr 20 20:16:09 localhost smsd[1924287]: INFO:root:mme non_eps_service_config is not SMS_ORC8R, sleeping.
Apr 20 20:16:10 localhost control_proxy[1924371]: 2022-04-20T20:16:09.567Z [127.0.0.1 -> state-controller.magmasi.wavelabs.in,8443] "POST /magma.orc8r.StateService/ReportStates HTTP/2" 200 5bytes 0.514s
Apr 20 20:16:10 localhost magmad[1924128]: INFO:root:Checkin Successful! Successfully sent states to the cloud!
Apr 20 20:16:14 localhost smsd[1924287]: INFO:root:mme non_eps_service_config is not SMS_ORC8R, sleeping.
Apr 20 20:16:19 localhost smsd[1924287]: INFO:root:mme non_eps_service_config is not SMS_ORC8R, sleeping.
Apr 20 20:16:19 localhost magmad[1924128]: ERROR:root:Metrics upload error for service subscriberdb (chunk 0)! [StatusCode.DEADLINE_EXCEEDED] Deadline Exceeded
Apr 20 20:16:19 localhost magmad[1924128]: ERROR:root:Metrics upload error for service mobilityd (chunk 0)! [StatusCode.DEADLINE_EXCEEDED] Deadline Exceeded
Apr 20 20:16:19 localhost magmad[1924128]: ERROR:root:Metrics upload error for service mme (chunk 0)! [StatusCode.DEADLINE_EXCEEDED] Deadline Exceeded
Apr 20 20:16:19 localhost magmad[1924128]: ERROR:root:Metrics upload error for service magmad (chunk 0)! [StatusCode.DEADLINE_EXCEEDED] Deadline Exceeded
Apr 20 20:16:19 localhost magmad[1924128]: ERROR:root:Metrics upload error for service enodebd (chunk 0)! [StatusCode.DEADLINE_EXCEEDED] Deadline Exceeded
Apr 20 20:16:19 localhost magmad[1924128]: ERROR:root:Metrics upload error for service pipelined (chunk 0)! [StatusCode.DEADLINE_EXCEEDED] Deadline Exceeded
Apr 20 20:16:19 localhost magmad[1924128]: ERROR:root:Metrics upload error for service state (chunk 0)! [StatusCode.DEADLINE_EXCEEDED] Deadline Exceeded
Apr 20 20:16:19 localhost magmad[1924128]: ERROR:root:Metrics upload error for service sessiond (chunk 0)! [StatusCode.DEADLINE_EXCEEDED] Deadline Exceeded
Apr 20 20:16:20 localhost mobilityd[1924199]: INFO:root:Using GW info: {'default': {2: ('172.16.4.1', 'eth0')}, 2: [('172.16.4.1', 'eth0', True)]}
Apr 20 20:16:20 localhost mobilityd[1924199]: INFO:root:GW-v6 probe: timer started
Apr 20 20:16:21 localhost magmad[1924128]: INFO:root:[SyncRPC] Got heartBeat from cloud
Apr 20 20:16:24 localhost smsd[1924287]: INFO:root:mme non_eps_service_config is not SMS_ORC8R, sleeping.
Apr 20 20:16:26 localhost sctpd[1924474]: I0420 20:16:26.490837 1924928 sctp_connection.cpp:195] Unhandled notification type 32776
Apr 20 20:16:29 localhost smsd[1924287]: INFO:root:mme non_eps_service_config is not SMS_ORC8R, sleeping.
Apr 20 20:16:34 localhost smsd[1924287]: INFO:root:mme non_eps_service_config is not SMS_ORC8R, sleeping.
Apr 20 20:16:36 localhost sctpd[1924474]: I0420 20:16:36.472383 1924928 sctp_connection.cpp:195] Unhandled notification type 32777
Apr 20 20:16:36 localhost sctpd[1924474]: I0420 20:16:36.702620 1924928 sctp_connection.cpp:195] Unhandled notification type 32777
Apr 20 20:16:39 localhost smsd[1924287]: INFO:root:mme non_eps_service_config is not SMS_ORC8R, sleeping.
Apr 20 20:16:40 localhost mobilityd[1924199]: INFO:root:Using GW info: {'default': {2: ('172.16.4.1', 'eth0')}, 2: [('172.16.4.1', 'eth0', True)]}
Apr 20 20:16:40 localhost mobilityd[1924199]: INFO:root:GW-v6 probe: timer started
Apr 20 20:16:44 localhost smsd[1924287]: INFO:root:mme non_eps_service_config is not SMS_ORC8R, sleeping.
Apr 20 20:16:54 localhost smsd[1924287]: message repeated 2 times: [ INFO:root:mme non_eps_service_config is not SMS_ORC8R, sleeping.]
Apr 20 20:16:58 localhost control_proxy[1924371]: 2022-04-20T20:16:57.726Z [127.0.0.1 -> streamer-controller.magmasi.wavelabs.in,8443] "POST /magma.orc8r.Streamer/GetUpdates HTTP/2" 200 173bytes 0.573s
Apr 20 20:16:58 localhost policydb[1924262]: INFO:root:Processing 4 policy updates (resync=True)
Apr 20 20:16:58 localhost control_proxy[1924371]: 2022-04-20T20:16:58.304Z [127.0.0.1 -> streamer-controller.magmasi.wavelabs.in,8443] "POST /magma.orc8r.Streamer/GetUpdates HTTP/2" 200 7bytes 0.295s
Apr 20 20:16:58 localhost policydb[1924262]: INFO:root:Processing 0 basename -> policy updates
Apr 20 20:16:58 localhost sctpd[1924474]: I0420 20:16:58.761693 1924928 sctp_connection.cpp:195] Unhandled notification type 32776
Apr 20 20:16:58 localhost control_proxy[1924371]: 2022-04-20T20:16:58.304Z [127.0.0.1 -> streamer-controller.magmasi.wavelabs.in,8443] "POST /magma.orc8r.Streamer/GetUpdates HTTP/2" 200 13536bytes 0.304s
Apr 20 20:16:58 localhost policydb[1924262]: INFO:root:Processing 223 SID -> apn -> policy updates
Apr 20 20:16:59 localhost control_proxy[1924371]: 2022-04-20T20:16:58.304Z [127.0.0.1 -> streamer-controller.magmasi.wavelabs.in,8443] "POST /magma.orc8r.Streamer/GetUpdates HTTP/2" 200 7bytes 0.271s
Apr 20 20:16:59 localhost policydb[1924262]: INFO:root:Processing 0 rating group updates
Apr 20 20:16:59 localhost sctpd[1924474]: I0420 20:16:59.819944 1924928 sctp_connection.cpp:195] Unhandled notification type 32777
Apr 20 20:16:59 localhost smsd[1924287]: INFO:root:mme non_eps_service_config is not SMS_ORC8R, sleeping.
Apr 20 20:17:00 localhost sctpd[1924474]: I0420 20:17:00.060387 1924928 sctp_connection.cpp:195] Unhandled notification type 32777
Apr 20 20:17:00 localhost mobilityd[1924199]: INFO:root:Using GW info: {'default': {2: ('172.16.4.1', 'eth0')}, 2: [('172.16.4.1', 'eth0', True)]}
Apr 20 20:17:00 localhost mobilityd[1924199]: INFO:root:GW-v6 probe: timer started
Apr 20 20:17:01 localhost CRON[1927996]: (root) CMD (   cd / && run-parts --report /etc/cron.hourly)
Apr 20 20:17:04 localhost smsd[1924287]: INFO:root:mme non_eps_service_config is not SMS_ORC8R, sleeping.
Apr 20 20:17:09 localhost smsd[1924287]: INFO:root:mme non_eps_service_config is not SMS_ORC8R, sleeping.
Apr 20 20:17:10 localhost magmad[1924128]: INFO:root:Setting logging level to INFO
Apr 20 20:17:14 localhost smsd[1924287]: INFO:root:mme non_eps_service_config is not SMS_ORC8R, sleeping.
Apr 20 20:17:19 localhost smsd[1924287]: INFO:root:mme non_eps_service_config is not SMS_ORC8R, sleeping.
Apr 20 20:17:20 localhost mobilityd[1924199]: INFO:root:Using GW info: {'default': {2: ('172.16.4.1', 'eth0')}, 2: [('172.16.4.1', 'eth0', True)]}
Apr 20 20:17:20 localhost mobilityd[1924199]: INFO:root:GW-v6 probe: timer started
Apr 20 20:17:21 localhost magmad[1924128]: INFO:root:[SyncRPC] Got heartBeat from cloud
Apr 20 20:17:22 localhost sctpd[1924474]: I0420 20:17:22.306713 1924928 sctp_connection.cpp:195] Unhandled notification type 32776
Apr 20 20:17:23 localhost control_proxy[1924371]: 2022-04-20T20:16:22.832Z [127.0.0.1 -> streamer-controller.magmasi.wavelabs.in,8443] "POST /magma.orc8r.Streamer/GetUpdates HTTP/2" 200 0bytes 60.258s
Apr 20 20:17:23 localhost magmad[1924128]: ERROR:root:Error! Streaming from the cloud failed! [StatusCode.ABORTED] error while streaming updates: rpc error: code = DeadlineExceeded desc = context deadline exceeded
Apr 20 20:17:23 localhost sctpd[1924474]: I0420 20:17:23.373361 1924928 sctp_connection.cpp:195] Unhandled notification type 32777
Apr 20 20:17:24 localhost smsd[1924287]: INFO:root:mme non_eps_service_config is not SMS_ORC8R, sleeping.
Apr 20 20:17:29 localhost magmad[1924128]: ERROR:root:Metrics upload error for service subscriberdb (chunk 0)! [StatusCode.DEADLINE_EXCEEDED] Deadline Exceeded
Apr 20 20:17:29 localhost magmad[1924128]: ERROR:root:Metrics upload error for service mme (chunk 0)! [StatusCode.DEADLINE_EXCEEDED] Deadline Exceeded
Apr 20 20:17:29 localhost magmad[1924128]: ERROR:root:Metrics upload error for service mobilityd (chunk 0)! [StatusCode.DEADLINE_EXCEEDED] Deadline Exceeded
Apr 20 20:17:29 localhost magmad[1924128]: ERROR:root:Metrics upload error for service magmad (chunk 0)! [StatusCode.DEADLINE_EXCEEDED] Deadline Exceeded
Apr 20 20:17:29 localhost magmad[1924128]: ERROR:root:Metrics upload error for service enodebd (chunk 0)! [StatusCode.DEADLINE_EXCEEDED] Deadline Exceeded
Apr 20 20:17:29 localhost magmad[1924128]: ERROR:root:Metrics upload error for service pipelined (chunk 0)! [StatusCode.DEADLINE_EXCEEDED] Deadline Exceeded
Apr 20 20:17:29 localhost magmad[1924128]: ERROR:root:Metrics upload error for service state (chunk 0)! [StatusCode.DEADLINE_EXCEEDED] Deadline Exceeded
Apr 20 20:17:29 localhost magmad[1924128]: ERROR:root:Metrics upload error for service sessiond (chunk 0)! [StatusCode.DEADLINE_EXCEEDED] Deadline Exceeded
Apr 20 20:17:29 localhost magmad[1924128]: INFO:root:Checking for upgrade...
Apr 20 20:17:29 localhost magmad[1924128]: WARNING:root:magmad package_version config missing or set to default 0.0.0-0, skipping upgrade
Apr 20 20:17:29 localhost control_proxy[1924371]: 2022-04-20T20:17:29.146Z [127.0.0.1 -> state-controller.magmasi.wavelabs.in,8443] "POST /magma.orc8r.StateService/ReportStates HTTP/2" 200 5bytes 0.515s
Apr 20 20:17:29 localhost magmad[1924128]: INFO:root:Checkin Successful! Successfully sent states to the cloud!
Apr 20 20:17:30 localhost smsd[1924287]: INFO:root:mme non_eps_service_config is not SMS_ORC8R, sleeping.
Apr 20 20:17:40 localhost smsd[1924287]: message repeated 2 times: [ INFO:root:mme non_eps_service_config is not SMS_ORC8R, sleeping.]
Apr 20 20:17:40 localhost mobilityd[1924199]: INFO:root:Using GW info: {'default': {2: ('172.16.4.1', 'eth0')}, 2: [('172.16.4.1', 'eth0', True)]}
Apr 20 20:17:40 localhost mobilityd[1924199]: INFO:root:GW-v6 probe: timer started
Apr 20 20:17:45 localhost smsd[1924287]: INFO:root:mme non_eps_service_config is not SMS_ORC8R, sleeping.
Apr 20 20:17:45 localhost sctpd[1924474]: I0420 20:17:45.578702 1924928 sctp_connection.cpp:195] Unhandled notification type 32776
Apr 20 20:17:46 localhost sctpd[1924474]: I0420 20:17:46.638154 1924928 sctp_connection.cpp:195] Unhandled notification type 32777
Apr 20 20:17:50 localhost smsd[1924287]: INFO:root:mme non_eps_service_config is not SMS_ORC8R, sleeping.
Apr 20 20:17:55 localhost smsd[1924287]: INFO:root:mme non_eps_service_config is not SMS_ORC8R, sleeping.
Apr 20 20:17:59 localhost systemd[1]: Started Session 4634 of user ubuntu.
Apr 20 20:17:59 localhost control_proxy[1924371]: 2022-04-20T20:17:59.247Z [127.0.0.1 -> streamer-controller.magmasi.wavelabs.in,8443] "POST /magma.orc8r.Streamer/GetUpdates HTTP/2" 200 173bytes 0.537s
Apr 20 20:17:59 localhost policydb[1924262]: INFO:root:Processing 4 policy updates (resync=True)
Apr 20 20:18:00 localhost control_proxy[1924371]: 2022-04-20T20:17:59.247Z [127.0.0.1 -> streamer-controller.magmasi.wavelabs.in,8443] "POST /magma.orc8r.Streamer/GetUpdates HTTP/2" 200 7bytes 0.279s
Apr 20 20:18:00 localhost policydb[1924262]: INFO:root:Processing 0 basename -> policy updates
Apr 20 20:18:00 localhost smsd[1924287]: INFO:root:mme non_eps_service_config is not SMS_ORC8R, sleeping.
Apr 20 20:18:00 localhost control_proxy[1924371]: 2022-04-20T20:18:00.070Z [127.0.0.1 -> streamer-controller.magmasi.wavelabs.in,8443] "POST /magma.orc8r.Streamer/GetUpdates HTTP/2" 200 13536bytes 0.335s
Apr 20 20:18:00 localhost policydb[1924262]: INFO:root:Processing 223 SID -> apn -> policy updates
Apr 20 20:18:00 localhost mobilityd[1924199]: INFO:root:Using GW info: {'default': {2: ('172.16.4.1', 'eth0')}, 2: [('172.16.4.1', 'eth0', True)]}
Apr 20 20:18:00 localhost mobilityd[1924199]: INFO:root:GW-v6 probe: timer started
Apr 20 20:18:00 localhost control_proxy[1924371]: 2022-04-20T20:18:00.070Z [127.0.0.1 -> streamer-controller.magmasi.wavelabs.in,8443] "POST /magma.orc8r.Streamer/GetUpdates HTTP/2" 200 7bytes 0.264s
Apr 20 20:18:00 localhost policydb[1924262]: INFO:root:Processing 0 rating group updates
