Apr 26 19:59:43 localhost mobilityd[3462370]: }
Apr 26 19:59:43 localhost mobilityd[3462370]: ambr {
Apr 26 19:59:43 localhost mobilityd[3462370]:   max_bandwidth_ul: 100000000
Apr 26 19:59:43 localhost mobilityd[3462370]:   max_bandwidth_dl: 100000000
Apr 26 19:59:43 localhost mobilityd[3462370]: }
Apr 26 19:59:43 localhost mobilityd[3462370]: DEBUG:root:ip: Got APN: service_selection: "default"
Apr 26 19:59:43 localhost mobilityd[3462370]: qos_profile {
Apr 26 19:59:43 localhost mobilityd[3462370]:   class_id: 9
Apr 26 19:59:43 localhost mobilityd[3462370]:   priority_level: 15
Apr 26 19:59:43 localhost mobilityd[3462370]: }
Apr 26 19:59:43 localhost mobilityd[3462370]: ambr {
Apr 26 19:59:43 localhost mobilityd[3462370]:   max_bandwidth_ul: 100000000
Apr 26 19:59:43 localhost mobilityd[3462370]:   max_bandwidth_dl: 100000000
Apr 26 19:59:43 localhost mobilityd[3462370]: }
Apr 26 19:59:43 localhost mobilityd[3462370]: DEBUG:root:Allocating New IP: <mobilityd.IPDesc {ip: 192.168.128.210, ip_block: 192.168.128.0/24, state: IPState.ALLOCATED, sid: IMSI222700000000001.default,ipv4, type: IPType.IP_POOL }}>
Apr 26 19:59:43 localhost mobilityd[3462370]: INFO:root:Allocated IP 192.168.128.210 for sid IMSI222700000000001 for apn default
Apr 26 19:59:43 localhost mobilityd[3462370]: INFO:root:GRPC message:
Apr 26 19:59:43 localhost mobilityd[3462370]:   magma.lte.AllocateIPAddressResponse {
Apr 26 19:59:43 localhost mobilityd[3462370]:     "ipList": [
Apr 26 19:59:43 localhost mobilityd[3462370]:       {
Apr 26 19:59:43 localhost mobilityd[3462370]:         "address": "wKiA0g=="
Apr 26 19:59:43 localhost mobilityd[3462370]:       }
Apr 26 19:59:43 localhost mobilityd[3462370]:     ],
Apr 26 19:59:43 localhost mobilityd[3462370]:     "vlan": "0"
Apr 26 19:59:43 localhost mobilityd[3462370]:   }
Apr 26 19:59:43 localhost policydb[3462443]: INFO:root:Creating a session for subscriber ID: IMSI222700000000001
Apr 26 19:59:43 localhost sessiond[3462377]: I0426 19:59:43.549026 3462377 SetMessageManagerHandler.cpp:344] Processing a CreateSessionResponse for IMSI222700000000001-423898
Apr 26 19:59:43 localhost sessiond[3462377]: I0426 19:59:43.550310 3462377 SessionState.cpp:2775] RuleID allowlist_sid-IMSI222700000000001-default doesn't have a version registered for IMSI222700000000001-423898, this is unexpected
Apr 26 19:59:43 localhost mme[3463033]: PDUSessionResourceSetupRequestTransfer ::= {
Apr 26 19:59:43 localhost mme[3463033]:     protocolIEs: ProtocolIE-Container ::= {
Apr 26 19:59:43 localhost mme[3463033]:         PDUSessionResourceSetupRequestTransferIEs ::= {
Apr 26 19:59:43 localhost mme[3463033]:             id: 130
Apr 26 19:59:43 localhost mme[3463033]:             criticality: 0 (reject)
Apr 26 19:59:43 localhost mme[3463033]:             value: PDUSessionAggregateMaximumBitRate ::= {
Apr 26 19:59:43 localhost mme[3463033]:                 pDUSessionAggregateMaximumBitRateDL: 100000000
Apr 26 19:59:43 localhost mme[3463033]:                 pDUSessionAggregateMaximumBitRateUL: 100000000
Apr 26 19:59:43 localhost mme[3463033]:             }
Apr 26 19:59:43 localhost mme[3463033]:         }
Apr 26 19:59:43 localhost mme[3463033]:         PDUSessionResourceSetupRequestTransferIEs ::= {
Apr 26 19:59:43 localhost mme[3463033]:             id: 139
Apr 26 19:59:43 localhost mme[3463033]:             criticality: 0 (reject)
Apr 26 19:59:43 localhost mme[3463033]:             value: GTPTunnel ::= {
Apr 26 19:59:43 localhost mme[3463033]:                 transportLayerAddress: AC 10 05 79
Apr 26 19:59:43 localhost mme[3463033]:                 gTP-TEID: 80 00 00 08
Apr 26 19:59:43 localhost mme[3463033]:             }
Apr 26 19:59:43 localhost mme[3463033]:         }
Apr 26 19:59:43 localhost mme[3463033]:         PDUSessionResourceSetupRequestTransferIEs ::= {
Apr 26 19:59:43 localhost mme[3463033]:             id: 134
Apr 26 19:59:43 localhost mme[3463033]:             criticality: 0 (reject)
Apr 26 19:59:43 localhost mme[3463033]:             value: 0 (ipv4)
Apr 26 19:59:43 localhost mme[3463033]:         }
Apr 26 19:59:43 localhost mme[3463033]:         PDUSessionResourceSetupRequestTransferIEs ::= {
Apr 26 19:59:43 localhost mme[3463033]:             id: 136
Apr 26 19:59:43 localhost mme[3463033]:             criticality: 0 (reject)
Apr 26 19:59:43 localhost mme[3463033]:             value: QosFlowSetupRequestList ::= {
Apr 26 19:59:43 localhost mme[3463033]:                 QosFlowSetupRequestItem ::= {
Apr 26 19:59:43 localhost mme[3463033]:                     qosFlowIdentifier: 9
Apr 26 19:59:43 localhost mme[3463033]:                     qosFlowLevelQosParameters: QosFlowLevelQosParameters ::= {
Apr 26 19:59:43 localhost mme[3463033]:                         qosCharacteristics: NonDynamic5QIDescriptor ::= {
Apr 26 19:59:43 localhost mme[3463033]:                             fiveQI: 9
Apr 26 19:59:43 localhost mme[3463033]:                         }
Apr 26 19:59:43 localhost mme[3463033]:                         allocationAndRetentionPriority: AllocationAndRetentionPriority ::= {
Apr 26 19:59:43 localhost mme[3463033]:                             priorityLevelARP: 15
Apr 26 19:59:43 localhost mme[3463033]:                             pre-emptionCapability: 0 (shall-not-trigger-pre-emption)
Apr 26 19:59:43 localhost mme[3463033]:                             pre-emptionVulnerability: 0 (not-pre-emptable)
Apr 26 19:59:43 localhost mme[3463033]:                         }
Apr 26 19:59:43 localhost mme[3463033]:                     }
Apr 26 19:59:43 localhost mme[3463033]:                 }
Apr 26 19:59:43 localhost mme[3463033]:             }
Apr 26 19:59:43 localhost mme[3463033]:         }
Apr 26 19:59:43 localhost mme[3463033]:     }
Apr 26 19:59:43 localhost mme[3463033]: }
Apr 26 19:59:43 localhost sctpd[3462640]: I0426 19:59:43.634433 3463078 sctp_connection.cpp:195] Unhandled notification type 32777
Apr 26 19:59:43 localhost sessiond[3462377]: I0426 19:59:43.637238 3462377 SessionStateEnforcer.cpp:873]  AMF teid: 40000000 ip address 10.10.10.11 of imsi: IMSI222700000000001 fteid: 2147483656 pdu id: 1 UE ip address 192.168.128.210
Apr 26 19:59:43 localhost eventd[3462455]: DEBUG:root:Logging event: stream_name: "sessiond"
Apr 26 19:59:43 localhost eventd[3462455]: event_type: "session_created"
Apr 26 19:59:43 localhost eventd[3462455]: tag: "IMSI222700000000001"
Apr 26 19:59:43 localhost eventd[3462455]: value: "{\"mac_addr\":\"\",\"user_location\":\"\",\"spgw_ip\":\"\",\"imei\":\"\",\"pdp_start_time\":93966885727248,\"session_id\":\"IMSI222700000000001-423898\",\"apn\":\"default\",\"msisdn\":\"\",\"charging_characteristics\":\"\",\"ipv6_addr\":\"\",\"ip_addr\":\"192.168.128.210\",\"imsi\":\"IMSI222700000000001\"}"
Apr 26 19:59:43 localhost eventd[3462455]: ERROR:root:Connection to FluentBit failed: [Errno 111] Connection refused
Apr 26 19:59:43 localhost eventd[3462455]: INFO:root:FluentBit (td-agent-bit) may not be enabled or configured correctly
Apr 26 19:59:43 localhost sessiond[3462377]: I0426 19:59:43.646896 3462392 SessionEvents.cpp:132] Could not log session_created event {"mac_addr":"","user_location":"","spgw_ip":"","imei":"","pdp_start_time":93966885727248,"session_id":"IMSI222700000000001-423898","apn":"default","msisdn":"","charging_characteristics":"","ipv6_addr":"","ip_addr":"192.168.128.210","imsi":"IMSI222700000000001"}, Error Message: Could not connect to FluentBit locally, Details: [Errno 111] Connection refused
Apr 26 19:59:44 localhost smsd[3462461]: INFO:root:mme non_eps_service_config is not SMS_ORC8R, sleeping.
Apr 26 19:59:45 localhost mme[3463033]: InitiatingMessage ::= {
Apr 26 19:59:45 localhost mme[3463033]:     procedureCode: 28
Apr 26 19:59:45 localhost mme[3463033]:     criticality: 1 (ignore)
Apr 26 19:59:45 localhost mme[3463033]:     value: PDUSessionResourceReleaseCommand ::= {
Apr 26 19:59:45 localhost mme[3463033]:         protocolIEs: ProtocolIE-Container ::= {
Apr 26 19:59:45 localhost mme[3463033]:             PDUSessionResourceReleaseCommandIEs ::= {
Apr 26 19:59:45 localhost mme[3463033]:                 id: 10
Apr 26 19:59:45 localhost mme[3463033]:                 criticality: 0 (reject)
Apr 26 19:59:45 localhost mme[3463033]:                 value: 55
Apr 26 19:59:45 localhost mme[3463033]:             }
Apr 26 19:59:45 localhost mme[3463033]:             PDUSessionResourceReleaseCommandIEs ::= {
Apr 26 19:59:45 localhost mme[3463033]:                 id: 85
Apr 26 19:59:45 localhost mme[3463033]:                 criticality: 0 (reject)
Apr 26 19:59:45 localhost mme[3463033]:                 value: 4294967295
Apr 26 19:59:45 localhost mme[3463033]:             }
Apr 26 19:59:45 localhost mme[3463033]:             PDUSessionResourceReleaseCommandIEs ::= {
Apr 26 19:59:45 localhost mme[3463033]:                 id: 38
Apr 26 19:59:45 localhost mme[3463033]:                 criticality: 0 (reject)
Apr 26 19:59:45 localhost mme[3463033]:                 value:
Apr 26 19:59:45 localhost mme[3463033]:                     7E 01 5D DD C2 75 03 7E 00 68 01 00 05 2E 01 01
Apr 26 19:59:45 localhost mme[3463033]:                     D3 24 12 01
Apr 26 19:59:45 localhost mme[3463033]:             }
Apr 26 19:59:45 localhost mme[3463033]:             PDUSessionResourceReleaseCommandIEs ::= {
Apr 26 19:59:45 localhost mme[3463033]:                 id: 79
Apr 26 19:59:45 localhost mme[3463033]:                 criticality: 0 (reject)
Apr 26 19:59:45 localhost mme[3463033]:                 value: PDUSessionResourceToReleaseListRelCmd ::= {
Apr 26 19:59:45 localhost mme[3463033]:                 }
Apr 26 19:59:45 localhost mme[3463033]:             }
Apr 26 19:59:45 localhost mme[3463033]:         }
Apr 26 19:59:45 localhost mme[3463033]:     }
Apr 26 19:59:45 localhost mme[3463033]: }
Apr 26 19:59:45 localhost sctpd[3462640]: I0426 19:59:45.977001 3463078 sctp_connection.cpp:195] Unhandled notification type 32777
Apr 26 19:59:46 localhost mobilityd[3462370]: INFO:root:Using GW info: {'default': {2: ('172.16.4.1', 'eth0')}, 2: [('172.16.4.1', 'eth0', True)]}
Apr 26 19:59:46 localhost mobilityd[3462370]: INFO:root:GW-v6 probe: timer started
Apr 26 19:59:47 localhost sessiond[3462377]: I0426 19:59:47.151688 3462377 SetMessageManagerHandler.cpp:144] Release request for session from IMSI: IMSI222700000000001 pdu_id 1
Apr 26 19:59:47 localhost mobilityd[3462370]: DEBUG:root:Received ReleaseIPAddress
Apr 26 19:59:47 localhost mobilityd[3462370]: INFO:root:GRPC message:
Apr 26 19:59:47 localhost mobilityd[3462370]:   magma.lte.ReleaseIPRequest {
Apr 26 19:59:47 localhost mobilityd[3462370]:     "sid": {
Apr 26 19:59:47 localhost mobilityd[3462370]:       "id": "222700000000001"
Apr 26 19:59:47 localhost mobilityd[3462370]:     },
Apr 26 19:59:47 localhost mobilityd[3462370]:     "ip": {
Apr 26 19:59:47 localhost mobilityd[3462370]:       "address": "wKiA0g=="
Apr 26 19:59:47 localhost mobilityd[3462370]:     },
Apr 26 19:59:47 localhost mobilityd[3462370]:     "apn": "default"
Apr 26 19:59:47 localhost mobilityd[3462370]:   }
Apr 26 19:59:47 localhost mobilityd[3462370]: INFO:root:Released IP 192.168.128.210 for sid IMSI222700000000001
Apr 26 19:59:47 localhost policydb[3462443]: INFO:root:Terminating session: IMSI222700000000001-423898
Apr 26 19:59:47 localhost eventd[3462455]: DEBUG:root:Logging event: stream_name: "sessiond"
Apr 26 19:59:47 localhost eventd[3462455]: event_type: "session_terminated"
Apr 26 19:59:47 localhost eventd[3462455]: tag: "IMSI222700000000001"
Apr 26 19:59:47 localhost eventd[3462455]: value: "{\"mac_addr\":\"\",\"user_location\":\"\",\"spgw_ip\":\"\",\"imei\":\"\",\"record_sequence_number\":1,\"pdp_end_time\":19,\"charging_rx\":0,\"duration\":-93966885727229,\"ip_addr\":\"192.168.128.210\",\"monitoring_tx\":0,\"ipv6_addr\":\"\",\"msisdn\":\"\",\"apn\":\"default\",\"session_id\":\"IMSI222700000000001-423898\",\"list_of_service_data\":[],\"charging_characteristics\":\"\",\"total_tx\":0,\"cause_for_rec_closing\":0,\"imsi\":\"IMSI222700000000001\",\"total_rx\":0,\"monitoring_rx\":0,\"charging_tx\":0,\"pdp_start_time\":93966885727248}"
Apr 26 19:59:47 localhost eventd[3462455]: ERROR:root:Connection to FluentBit failed: [Errno 111] Connection refused
Apr 26 19:59:47 localhost eventd[3462455]: INFO:root:FluentBit (td-agent-bit) may not be enabled or configured correctly
Apr 26 19:59:47 localhost sessiond[3462377]: I0426 19:59:47.174520 3462392 SessionEvents.cpp:292] Could not log session_terminated event {"mac_addr":"","user_location":"","spgw_ip":"","imei":"","record_sequence_number":1,"pdp_end_time":19,"charging_rx":0,"duration":-93966885727229,"ip_addr":"192.168.128.210","monitoring_tx":0,"ipv6_addr":"","msisdn":"","apn":"default","session_id":"IMSI222700000000001-423898","list_of_service_data":[],"charging_characteristics":"","total_tx":0,"cause_for_rec_closing":0,"imsi":"IMSI222700000000001","total_rx":0,"monitoring_rx":0,"charging_tx":0,"pdp_start_time":93966885727248}, Error Message: Could not connect to FluentBit locally, Details: [Errno 111] Connection refused
Apr 26 19:59:47 localhost sctpd[3462640]: I0426 19:59:47.557070 3463078 sctp_connection.cpp:195] Unhandled notification type 32777
Apr 26 19:59:49 localhost smsd[3462461]: INFO:root:mme non_eps_service_config is not SMS_ORC8R, sleeping.
Apr 26 19:59:49 localhost dhclient[601]: DHCPREQUEST for 172.16.5.121 on eth1 to 172.16.5.2 port 67 (xid=0x1ea11b90)
Apr 26 19:59:52 localhost sessiond[3462377]: I0426 19:59:52.158697 3462377 SessionStateEnforcer.cpp:381] Nothing to remove as no respective entry found for session id IMSI222700000000001-423898 of IMSI IMSI222700000000001
Apr 26 19:59:54 localhost smsd[3462461]: INFO:root:mme non_eps_service_config is not SMS_ORC8R, sleeping.
Apr 26 19:59:56 localhost magmad[3462298]: ERROR:root:Metrics upload error for service subscriberdb (chunk 0)! [StatusCode.DEADLINE_EXCEEDED] Deadline Exceeded
Apr 26 19:59:56 localhost magmad[3462298]: ERROR:root:Metrics upload error for service mobilityd (chunk 0)! [StatusCode.DEADLINE_EXCEEDED] Deadline Exceeded
Apr 26 19:59:56 localhost magmad[3462298]: ERROR:root:Metrics upload error for service mme (chunk 0)! [StatusCode.DEADLINE_EXCEEDED] Deadline Exceeded
Apr 26 19:59:56 localhost magmad[3462298]: INFO:root:Checking for upgrade...
Apr 26 19:59:56 localhost magmad[3462298]: WARNING:root:magmad package_version config missing or set to default 0.0.0-0, skipping upgrade
Apr 26 19:59:56 localhost dhclient[601]: DHCPREQUEST for 172.16.5.121 on eth1 to 172.16.5.2 port 67 (xid=0x1ea11b90)
Apr 26 19:59:57 localhost control_proxy[3462516]: 2022-04-26T19:59:56.481Z [127.0.0.1 -> state-controller.magmasi.wavelabs.in,8443] "POST /magma.orc8r.StateService/ReportStates HTTP/2" 200 5bytes 0.522s
Apr 26 19:59:57 localhost magmad[3462298]: INFO:root:Checkin Successful! Successfully sent states to the cloud!
Apr 26 19:59:59 localhost smsd[3462461]: INFO:root:mme non_eps_service_config is not SMS_ORC8R, sleeping.
Apr 26 20:00:02 localhost mobilityd[3462370]: DEBUG:root:Release Reaped IP: <mobilityd.IPDesc {ip: 192.168.128.210, ip_block: 192.168.128.0/24, state: IPState.FREE, sid: IMSI222700000000001.default,ipv4, type: IPType.IP_POOL }}>
Apr 26 20:00:04 localhost smsd[3462461]: INFO:root:mme non_eps_service_config is not SMS_ORC8R, sleeping.
Apr 26 20:00:04 localhost dhclient[601]: DHCPREQUEST for 172.16.5.121 on eth1 to 172.16.5.2 port 67 (xid=0x1ea11b90)
Apr 26 20:00:06 localhost mobilityd[3462370]: INFO:root:Using GW info: {'default': {2: ('172.16.4.1', 'eth0')}, 2: [('172.16.4.1', 'eth0', True)]}
Apr 26 20:00:06 localhost mobilityd[3462370]: INFO:root:GW-v6 probe: timer started
Apr 26 20:00:06 localhost magmad[3462298]: ERROR:root:Metrics upload error for service magmad (chunk 0)! [StatusCode.DEADLINE_EXCEEDED] Deadline Exceeded
Apr 26 20:00:06 localhost magmad[3462298]: ERROR:root:Metrics upload error for service enodebd (chunk 0)! [StatusCode.DEADLINE_EXCEEDED] Deadline Exceeded
Apr 26 20:00:06 localhost magmad[3462298]: ERROR:root:Metrics upload error for service pipelined (chunk 0)! [StatusCode.DEADLINE_EXCEEDED] Deadline Exceeded
Apr 26 20:00:06 localhost magmad[3462298]: ERROR:root:Metrics upload error for service state (chunk 0)! [StatusCode.DEADLINE_EXCEEDED] Deadline Exceeded
Apr 26 20:00:06 localhost magmad[3462298]: ERROR:root:Metrics upload error for service sessiond (chunk 0)! [StatusCode.DEADLINE_EXCEEDED] Deadline Exceeded
Apr 26 20:00:07 localhost magmad[3462298]: INFO:root:[SyncRPC] Got heartBeat from cloud
Apr 26 20:00:09 localhost smsd[3462461]: INFO:root:mme non_eps_service_config is not SMS_ORC8R, sleeping.
Apr 26 20:00:10 localhost sctpd[3462640]: I0426 20:00:10.513721 3463078 sctp_connection.cpp:195] Unhandled notification type 32776
Apr 26 20:00:11 localhost sctpd[3462640]: I0426 20:00:11.574205 3463078 sctp_connection.cpp:195] Unhandled notification type 32777
Apr 26 20:00:13 localhost dhclient[601]: DHCPREQUEST for 172.16.5.121 on eth1 to 172.16.5.2 port 67 (xid=0x1ea11b90)
Apr 26 20:00:14 localhost smsd[3462461]: INFO:root:mme non_eps_service_config is not SMS_ORC8R, sleeping.
Apr 26 20:00:14 localhost sctpd[3462640]: I0426 20:00:14.856323 3463078 sctp_connection.cpp:195] Unhandled notification type 32777
Apr 26 20:00:19 localhost smsd[3462461]: INFO:root:mme non_eps_service_config is not SMS_ORC8R, sleeping.
Apr 26 20:00:24 localhost smsd[3462461]: INFO:root:mme non_eps_service_config is not SMS_ORC8R, sleeping.
Apr 26 20:00:26 localhost mobilityd[3462370]: INFO:root:Using GW info: {'default': {2: ('172.16.4.1', 'eth0')}, 2: [('172.16.4.1', 'eth0', True)]}
Apr 26 20:00:26 localhost mobilityd[3462370]: INFO:root:GW-v6 probe: timer started
Apr 26 20:00:29 localhost smsd[3462461]: INFO:root:mme non_eps_service_config is not SMS_ORC8R, sleeping.
Apr 26 20:00:33 localhost dhclient[601]: DHCPREQUEST for 172.16.5.121 on eth1 to 172.16.5.2 port 67 (xid=0x1ea11b90)
Apr 26 20:00:34 localhost smsd[3462461]: INFO:root:mme non_eps_service_config is not SMS_ORC8R, sleeping.
Apr 26 20:00:36 localhost sctpd[3462640]: I0426 20:00:36.745319 3463078 sctp_connection.cpp:195] Unhandled notification type 32776
Apr 26 20:00:39 localhost smsd[3462461]: INFO:root:mme non_eps_service_config is not SMS_ORC8R, sleeping.
Apr 26 20:00:39 localhost control_proxy[3462516]: 2022-04-26T20:00:39.470Z [127.0.0.1 -> streamer-controller.magmasi.wavelabs.in,8443] "POST /magma.orc8r.Streamer/GetUpdates HTTP/2" 200 173bytes 0.304s
Apr 26 20:00:39 localhost policydb[3462443]: INFO:root:Processing 4 policy updates (resync=True)
Apr 26 20:00:40 localhost control_proxy[3462516]: 2022-04-26T20:00:39.470Z [127.0.0.1 -> streamer-controller.magmasi.wavelabs.in,8443] "POST /magma.orc8r.Streamer/GetUpdates HTTP/2" 200 7bytes 0.269s
Apr 26 20:00:40 localhost policydb[3462443]: INFO:root:Processing 0 basename -> policy updates
Apr 26 20:00:40 localhost control_proxy[3462516]: 2022-04-26T20:00:40.051Z [127.0.0.1 -> streamer-controller.magmasi.wavelabs.in,8443] "POST /magma.orc8r.Streamer/GetUpdates HTTP/2" 200 13536bytes 0.304s
Apr 26 20:00:40 localhost policydb[3462443]: INFO:root:Processing 223 SID -> apn -> policy updates
Apr 26 20:00:40 localhost control_proxy[3462516]: 2022-04-26T20:00:40.051Z [127.0.0.1 -> streamer-controller.magmasi.wavelabs.in,8443] "POST /magma.orc8r.Streamer/GetUpdates HTTP/2" 200 7bytes 0.274s
Apr 26 20:00:40 localhost policydb[3462443]: INFO:root:Processing 0 rating group updates
Apr 26 20:00:44 localhost smsd[3462461]: INFO:root:mme non_eps_service_config is not SMS_ORC8R, sleeping.
Apr 26 20:00:46 localhost mobilityd[3462370]: INFO:root:Using GW info: {'default': {2: ('172.16.4.1', 'eth0')}, 2: [('172.16.4.1', 'eth0', True)]}
Apr 26 20:00:46 localhost mobilityd[3462370]: INFO:root:GW-v6 probe: timer started
Apr 26 20:00:46 localhost sctpd[3462640]: I0426 20:00:46.955806 3463078 sctp_connection.cpp:195] Unhandled notification type 32777
Apr 26 20:00:47 localhost magmad[3462298]: ERROR:root:Metrics upload error for service subscriberdb (chunk 0)! [StatusCode.DEADLINE_EXCEEDED] Deadline Exceeded
Apr 26 20:00:47 localhost magmad[3462298]: ERROR:root:Metrics upload error for service mobilityd (chunk 0)! [StatusCode.DEADLINE_EXCEEDED] Deadline Exceeded
Apr 26 20:00:47 localhost magmad[3462298]: ERROR:root:Metrics upload error for service mme (chunk 0)! [StatusCode.DEADLINE_EXCEEDED] Deadline Exceeded
Apr 26 20:00:49 localhost smsd[3462461]: INFO:root:mme non_eps_service_config is not SMS_ORC8R, sleeping.
Apr 26 20:00:50 localhost sctpd[3462640]: I0426 20:00:50.255529 3463078 sctp_connection.cpp:195] Unhandled notification type 32777
Apr 26 20:00:50 localhost dhclient[601]: DHCPREQUEST for 172.16.5.121 on eth1 to 172.16.5.2 port 67 (xid=0x1ea11b90)
Apr 26 20:00:54 localhost smsd[3462461]: INFO:root:mme non_eps_service_config is not SMS_ORC8R, sleeping.
Apr 26 20:00:57 localhost magmad[3462298]: INFO:root:Setting logging level to INFO
Apr 26 20:00:59 localhost smsd[3462461]: INFO:root:mme non_eps_service_config is not SMS_ORC8R, sleeping.
Apr 26 20:01:04 localhost smsd[3462461]: INFO:root:mme non_eps_service_config is not SMS_ORC8R, sleeping.
Apr 26 20:01:04 localhost dhclient[601]: DHCPREQUEST for 172.16.5.121 on eth1 to 172.16.5.2 port 67 (xid=0x1ea11b90)
Apr 26 20:01:06 localhost mobilityd[3462370]: INFO:root:Using GW info: {'default': {2: ('172.16.4.1', 'eth0')}, 2: [('172.16.4.1', 'eth0', True)]}
Apr 26 20:01:06 localhost mobilityd[3462370]: INFO:root:GW-v6 probe: timer started
Apr 26 20:01:07 localhost magmad[3462298]: INFO:root:[SyncRPC] Got heartBeat from cloud
Apr 26 20:01:08 localhost control_proxy[3462516]: 2022-04-26T20:00:08.225Z [127.0.0.1 -> streamer-controller.magmasi.wavelabs.in,8443] "POST /magma.orc8r.Streamer/GetUpdates HTTP/2" 200 0bytes 60.279s
Apr 26 20:01:08 localhost magmad[3462298]: ERROR:root:Error! Streaming from the cloud failed! [StatusCode.ABORTED] error while streaming updates: rpc error: code = DeadlineExceeded desc = context deadline exceeded
Apr 26 20:01:09 localhost smsd[3462461]: INFO:root:mme non_eps_service_config is not SMS_ORC8R, sleeping.
Apr 26 20:01:12 localhost dhclient[601]: DHCPREQUEST for 172.16.5.121 on eth1 to 172.16.5.2 port 67 (xid=0x1ea11b90)
Apr 26 20:01:12 localhost sctpd[3462640]: I0426 20:01:12.335616 3463078 sctp_connection.cpp:195] Unhandled notification type 32776
Apr 26 20:01:13 localhost sctpd[3462640]: I0426 20:01:13.392307 3463078 sctp_connection.cpp:195] Unhandled notification type 32777
Apr 26 20:01:14 localhost smsd[3462461]: INFO:root:mme non_eps_service_config is not SMS_ORC8R, sleeping.
Apr 26 20:01:15 localhost magmad[3462298]: ERROR:root:Metrics upload error for service magmad (chunk 0)! [StatusCode.DEADLINE_EXCEEDED] Deadline Exceeded
Apr 26 20:01:15 localhost magmad[3462298]: ERROR:root:Metrics upload error for service enodebd (chunk 0)! [StatusCode.DEADLINE_EXCEEDED] Deadline Exceeded
Apr 26 20:01:15 localhost magmad[3462298]: ERROR:root:Metrics upload error for service pipelined (chunk 0)! [StatusCode.DEADLINE_EXCEEDED] Deadline Exceeded
Apr 26 20:01:15 localhost magmad[3462298]: ERROR:root:Metrics upload error for service state (chunk 0)! [StatusCode.DEADLINE_EXCEEDED] Deadline Exceeded
Apr 26 20:01:15 localhost magmad[3462298]: ERROR:root:Metrics upload error for service sessiond (chunk 0)! [StatusCode.DEADLINE_EXCEEDED] Deadline Exceeded
Apr 26 20:01:16 localhost control_proxy[3462516]: 2022-04-26T20:01:16.011Z [127.0.0.1 -> state-controller.magmasi.wavelabs.in,8443] "POST /magma.orc8r.StateService/ReportStates HTTP/2" 200 5bytes 0.527s
Apr 26 20:01:16 localhost magmad[3462298]: INFO:root:Checkin Successful! Successfully sent states to the cloud!
Apr 26 20:01:19 localhost smsd[3462461]: INFO:root:mme non_eps_service_config is not SMS_ORC8R, sleeping.
Apr 26 20:01:22 localhost dhclient[601]: DHCPREQUEST for 172.16.5.121 on eth1 to 172.16.5.2 port 67 (xid=0x1ea11b90)
Apr 26 20:01:24 localhost smsd[3462461]: INFO:root:mme non_eps_service_config is not SMS_ORC8R, sleeping.
Apr 26 20:01:26 localhost mobilityd[3462370]: INFO:root:Using GW info: {'default': {2: ('172.16.4.1', 'eth0')}, 2: [('172.16.4.1', 'eth0', True)]}
Apr 26 20:01:26 localhost mobilityd[3462370]: INFO:root:GW-v6 probe: timer started
Apr 26 20:01:29 localhost smsd[3462461]: INFO:root:mme non_eps_service_config is not SMS_ORC8R, sleeping.
Apr 26 20:01:34 localhost smsd[3462461]: INFO:root:mme non_eps_service_config is not SMS_ORC8R, sleeping.
Apr 26 20:01:35 localhost sctpd[3462640]: I0426 20:01:35.249778 3463078 sctp_connection.cpp:195] Unhandled notification type 32776
Apr 26 20:01:36 localhost sctpd[3462640]: I0426 20:01:36.314222 3463078 sctp_connection.cpp:195] Unhandled notification type 32777
Apr 26 20:01:39 localhost dhclient[601]: DHCPREQUEST for 172.16.5.121 on eth1 to 172.16.5.2 port 67 (xid=0x1ea11b90)
Apr 26 20:01:39 localhost smsd[3462461]: INFO:root:mme non_eps_service_config is not SMS_ORC8R, sleeping.
Apr 26 20:01:40 localhost control_proxy[3462516]: 2022-04-26T20:01:40.688Z [127.0.0.1 -> streamer-controller.magmasi.wavelabs.in,8443] "POST /magma.orc8r.Streamer/GetUpdates HTTP/2" 200 173bytes 0.275s
Apr 26 20:01:40 localhost policydb[3462443]: INFO:root:Processing 4 policy updates (resync=True)
Apr 26 20:01:41 localhost control_proxy[3462516]: 2022-04-26T20:01:40.688Z [127.0.0.1 -> streamer-controller.magmasi.wavelabs.in,8443] "POST /magma.orc8r.Streamer/GetUpdates HTTP/2" 200 7bytes 0.272s
Apr 26 20:01:41 localhost policydb[3462443]: INFO:root:Processing 0 basename -> policy updates
Apr 26 20:01:41 localhost control_proxy[3462516]: 2022-04-26T20:01:41.239Z [127.0.0.1 -> streamer-controller.magmasi.wavelabs.in,8443] "POST /magma.orc8r.Streamer/GetUpdates HTTP/2" 200 13536bytes 0.304s
Apr 26 20:01:41 localhost policydb[3462443]: INFO:root:Processing 223 SID -> apn -> policy updates
Apr 26 20:01:41 localhost control_proxy[3462516]: 2022-04-26T20:01:41.239Z [127.0.0.1 -> streamer-controller.magmasi.wavelabs.in,8443] "POST /magma.orc8r.Streamer/GetUpdates HTTP/2" 200 7bytes 0.275s
Apr 26 20:01:41 localhost policydb[3462443]: INFO:root:Processing 0 rating group updates
Apr 26 20:01:44 localhost smsd[3462461]: INFO:root:mme non_eps_service_config is not SMS_ORC8R, sleeping.
Apr 26 20:01:46 localhost mobilityd[3462370]: INFO:root:Using GW info: {'default': {2: ('172.16.4.1', 'eth0')}, 2: [('172.16.4.1', 'eth0', True)]}
Apr 26 20:01:46 localhost mobilityd[3462370]: INFO:root:GW-v6 probe: timer started
Apr 26 20:01:47 localhost magmad[3462298]: ERROR:root:Metrics upload error for service subscriberdb (chunk 0)! [StatusCode.DEADLINE_EXCEEDED] Deadline Exceeded
Apr 26 20:01:47 localhost magmad[3462298]: ERROR:root:Metrics upload error for service mobilityd (chunk 0)! [StatusCode.DEADLINE_EXCEEDED] Deadline Exceeded
Apr 26 20:01:47 localhost magmad[3462298]: ERROR:root:Metrics upload error for service mme (chunk 0)! [StatusCode.DEADLINE_EXCEEDED] Deadline Exceeded
Apr 26 20:01:49 localhost smsd[3462461]: INFO:root:mme non_eps_service_config is not SMS_ORC8R, sleeping.
Apr 26 20:01:52 localhost dhclient[601]: DHCPREQUEST for 172.16.5.121 on eth1 to 172.16.5.2 port 67 (xid=0x1ea11b90)
Apr 26 20:01:54 localhost smsd[3462461]: INFO:root:mme non_eps_service_config is not SMS_ORC8R, sleeping.
Apr 26 20:01:58 localhost sctpd[3462640]: I0426 20:01:58.275701 3463078 sctp_connection.cpp:195] Unhandled notification type 32776
Apr 26 20:01:59 localhost sctpd[3462640]: I0426 20:01:59.334091 3463078 sctp_connection.cpp:195] Unhandled notification type 32777
Apr 26 20:01:59 localhost smsd[3462461]: INFO:root:mme non_eps_service_config is not SMS_ORC8R, sleeping.
Apr 26 20:02:00 localhost dhclient[601]: DHCPREQUEST for 172.16.5.121 on eth1 to 172.16.5.2 port 67 (xid=0x1ea11b90)
Apr 26 20:02:04 localhost smsd[3462461]: INFO:root:mme non_eps_service_config is not SMS_ORC8R, sleeping.
Apr 26 20:02:06 localhost mobilityd[3462370]: INFO:root:Using GW info: {'default': {2: ('172.16.4.1', 'eth0')}, 2: [('172.16.4.1', 'eth0', True)]}
Apr 26 20:02:06 localhost mobilityd[3462370]: INFO:root:GW-v6 probe: timer started
Apr 26 20:02:06 localhost magmad[3462298]: ERROR:root:Metrics upload error for service magmad (chunk 0)! [StatusCode.DEADLINE_EXCEEDED] Deadline Exceeded
Apr 26 20:02:06 localhost magmad[3462298]: ERROR:root:Metrics upload error for service enodebd (chunk 0)! [StatusCode.DEADLINE_EXCEEDED] Deadline Exceeded
Apr 26 20:02:06 localhost magmad[3462298]: ERROR:root:Metrics upload error for service pipelined (chunk 0)! [StatusCode.DEADLINE_EXCEEDED] Deadline Exceeded
Apr 26 20:02:06 localhost magmad[3462298]: ERROR:root:Metrics upload error for service state (chunk 0)! [StatusCode.DEADLINE_EXCEEDED] Deadline Exceeded
Apr 26 20:02:06 localhost magmad[3462298]: ERROR:root:Metrics upload error for service sessiond (chunk 0)! [StatusCode.DEADLINE_EXCEEDED] Deadline Exceeded
Apr 26 20:02:07 localhost magmad[3462298]: INFO:root:[SyncRPC] Got heartBeat from cloud
Apr 26 20:02:09 localhost smsd[3462461]: INFO:root:mme non_eps_service_config is not SMS_ORC8R, sleeping.
Apr 26 20:02:14 localhost dhclient[601]: DHCPREQUEST for 172.16.5.121 on eth1 to 172.16.5.2 port 67 (xid=0x1ea11b90)
Apr 26 20:02:14 localhost subscriberdb[3462368]: INFO:root:get digest stored in gateway:
Apr 26 20:02:15 localhost smsd[3462461]: INFO:root:mme non_eps_service_config is not SMS_ORC8R, sleeping.
Apr 26 20:02:15 localhost control_proxy[3462516]: 2022-04-26T20:02:14.723Z [127.0.0.1 -> subscriberdb-controller.magmasi.wavelabs.in,8443] "POST /magma.lte.SubscriberDBCloud/CheckInSync HTTP/2" 200 0bytes 0.508s
Apr 26 20:02:15 localhost subscriberdb[3462368]: ERROR:root:Internal Error in subscriberdb-Orc8r communication. If AGW and Orc8r are deployed at a commit hash, upgrade AGW and Orc8r to latest commit hash.
Apr 26 20:02:15 localhost control_proxy[3462516]: 2022-04-26T20:02:15.234Z [127.0.0.1 -> subscriberdb-controller.magmasi.wavelabs.in,8443] "POST /magma.lte.SubscriberDBCloud/Sync HTTP/2" 200 0bytes 0.254s
Apr 26 20:02:15 localhost subscriberdb[3462368]: ERROR:root:Internal Error in subscriberdb-Orc8r communication. If AGW and Orc8r are deployed at a commit hash, upgrade AGW and Orc8r to latest commit hash.
Apr 26 20:02:15 localhost control_proxy[3462516]: 2022-04-26T20:02:15.234Z [127.0.0.1 -> subscriberdb-controller.magmasi.wavelabs.in,8443] "POST /magma.lte.SubscriberDBCloud/ListSubscribers HTTP/2" 200 44180bytes 0.332s
Apr 26 20:02:15 localhost subscriberdb[3462368]: INFO:root:Successfully fetched all subscriber pages from the cloud!
Apr 26 20:02:16 localhost subscriberdb[3462368]: INFO:root:update root digest stored in gateway:
Apr 26 20:02:17 localhost magmad[3462298]: INFO:root:Setting logging level to INFO
Apr 26 20:02:20 localhost smsd[3462461]: INFO:root:mme non_eps_service_config is not SMS_ORC8R, sleeping.
Apr 26 20:02:21 localhost sctpd[3462640]: I0426 20:02:21.666769 3463078 sctp_connection.cpp:195] Unhandled notification type 32776
Apr 26 20:02:22 localhost sctpd[3462640]: I0426 20:02:22.726136 3463078 sctp_connection.cpp:195] Unhandled notification type 32777
Apr 26 20:02:25 localhost smsd[3462461]: INFO:root:mme non_eps_service_config is not SMS_ORC8R, sleeping.
Apr 26 20:02:26 localhost mobilityd[3462370]: INFO:root:Using GW info: {'default': {2: ('172.16.4.1', 'eth0')}, 2: [('172.16.4.1', 'eth0', True)]}
Apr 26 20:02:26 localhost mobilityd[3462370]: INFO:root:GW-v6 probe: timer started
Apr 26 20:02:30 localhost smsd[3462461]: INFO:root:mme non_eps_service_config is not SMS_ORC8R, sleeping.
Apr 26 20:02:33 localhost dhclient[601]: DHCPREQUEST for 172.16.5.121 on eth1 to 172.16.5.2 port 67 (xid=0x1ea11b90)
Apr 26 20:02:35 localhost smsd[3462461]: INFO:root:mme non_eps_service_config is not SMS_ORC8R, sleeping.
Apr 26 20:02:36 localhost control_proxy[3462516]: 2022-04-26T20:02:35.556Z [127.0.0.1 -> state-controller.magmasi.wavelabs.in,8443] "POST /magma.orc8r.StateService/ReportStates HTTP/2" 200 5bytes 0.462s
Apr 26 20:02:36 localhost magmad[3462298]: INFO:root:Checkin Successful! Successfully sent states to the cloud!
Apr 26 20:02:40 localhost smsd[3462461]: INFO:root:mme non_eps_service_config is not SMS_ORC8R, sleeping.
Apr 26 20:02:40 localhost dhclient[601]: DHCPREQUEST for 172.16.5.121 on eth1 to 172.16.5.2 port 67 (xid=0x1ea11b90)
Apr 26 20:02:42 localhost control_proxy[3462516]: 2022-04-26T20:02:41.876Z [127.0.0.1 -> streamer-controller.magmasi.wavelabs.in,8443] "POST /magma.orc8r.Streamer/GetUpdates HTTP/2" 200 173bytes 0.284s
Apr 26 20:02:42 localhost policydb[3462443]: INFO:root:Processing 4 policy updates (resync=True)
Apr 26 20:02:42 localhost control_proxy[3462516]: 2022-04-26T20:02:42.164Z [127.0.0.1 -> streamer-controller.magmasi.wavelabs.in,8443] "POST /magma.orc8r.Streamer/GetUpdates HTTP/2" 200 7bytes 0.269s
Apr 26 20:02:42 localhost policydb[3462443]: INFO:root:Processing 0 basename -> policy updates
Apr 26 20:02:42 localhost control_proxy[3462516]: 2022-04-26T20:02:42.164Z [127.0.0.1 -> streamer-controller.magmasi.wavelabs.in,8443] "POST /magma.orc8r.Streamer/GetUpdates HTTP/2" 200 13536bytes 0.305s
Apr 26 20:02:42 localhost policydb[3462443]: INFO:root:Processing 223 SID -> apn -> policy updates
Apr 26 20:02:43 localhost control_proxy[3462516]: 2022-04-26T20:02:42.164Z [127.0.0.1 -> streamer-controller.magmasi.wavelabs.in,8443] "POST /magma.orc8r.Streamer/GetUpdates HTTP/2" 200 7bytes 0.287s
Apr 26 20:02:43 localhost policydb[3462443]: INFO:root:Processing 0 rating group updates
Apr 26 20:02:44 localhost sctpd[3462640]: I0426 20:02:44.676689 3463078 sctp_connection.cpp:195] Unhandled notification type 32776
Apr 26 20:02:45 localhost smsd[3462461]: INFO:root:mme non_eps_service_config is not SMS_ORC8R, sleeping.
Apr 26 20:02:45 localhost sctpd[3462640]: I0426 20:02:45.737799 3463078 sctp_connection.cpp:195] Unhandled notification type 32777
Apr 26 20:02:46 localhost mobilityd[3462370]: INFO:root:Using GW info: {'default': {2: ('172.16.4.1', 'eth0')}, 2: [('172.16.4.1', 'eth0', True)]}
Apr 26 20:02:46 localhost mobilityd[3462370]: INFO:root:GW-v6 probe: timer started
Apr 26 20:02:50 localhost smsd[3462461]: INFO:root:mme non_eps_service_config is not SMS_ORC8R, sleeping.
Apr 26 20:02:53 localhost dhclient[601]: DHCPREQUEST for 172.16.5.121 on eth1 to 172.16.5.2 port 67 (xid=0x1ea11b90)
Apr 26 20:02:55 localhost smsd[3462461]: INFO:root:mme non_eps_service_config is not SMS_ORC8R, sleeping.
Apr 26 20:03:00 localhost smsd[3462461]: INFO:root:mme non_eps_service_config is not SMS_ORC8R, sleeping.
Apr 26 20:03:01 localhost dhclient[601]: DHCPREQUEST for 172.16.5.121 on eth1 to 172.16.5.2 port 67 (xid=0x1ea11b90)
Apr 26 20:03:05 localhost smsd[3462461]: INFO:root:mme non_eps_service_config is not SMS_ORC8R, sleeping.
Apr 26 20:03:05 localhost magmad[3462298]: ERROR:root:Metrics upload error for service subscriberdb (chunk 0)! [StatusCode.DEADLINE_EXCEEDED] Deadline Exceeded
Apr 26 20:03:05 localhost magmad[3462298]: ERROR:root:Metrics upload error for service mobilityd (chunk 0)! [StatusCode.DEADLINE_EXCEEDED] Deadline Exceeded
Apr 26 20:03:05 localhost magmad[3462298]: ERROR:root:Metrics upload error for service mme (chunk 0)! [StatusCode.DEADLINE_EXCEEDED] Deadline Exceeded
Apr 26 20:03:06 localhost sctpd[3462640]: I0426 20:03:06.266836 3463078 sctp_connection.cpp:195] Unhandled notification type 32776
Apr 26 20:03:06 localhost mobilityd[3462370]: INFO:root:Using GW info: {'default': {2: ('172.16.4.1', 'eth0')}, 2: [('172.16.4.1', 'eth0', True)]}
Apr 26 20:03:06 localhost mobilityd[3462370]: INFO:root:GW-v6 probe: timer started
Apr 26 20:03:06 localhost magmad[3462298]: ERROR:root:Metrics upload error for service magmad (chunk 0)! [StatusCode.DEADLINE_EXCEEDED] Deadline Exceeded
Apr 26 20:03:06 localhost magmad[3462298]: ERROR:root:Metrics upload error for service enodebd (chunk 0)! [StatusCode.DEADLINE_EXCEEDED] Deadline Exceeded
Apr 26 20:03:06 localhost magmad[3462298]: ERROR:root:Metrics upload error for service pipelined (chunk 0)! [StatusCode.DEADLINE_EXCEEDED] Deadline Exceeded
Apr 26 20:03:06 localhost magmad[3462298]: ERROR:root:Metrics upload error for service state (chunk 0)! [StatusCode.DEADLINE_EXCEEDED] Deadline Exceeded
Apr 26 20:03:06 localhost magmad[3462298]: ERROR:root:Metrics upload error for service sessiond (chunk 0)! [StatusCode.DEADLINE_EXCEEDED] Deadline Exceeded
Apr 26 20:03:07 localhost magmad[3462298]: INFO:root:[SyncRPC] Got heartBeat from cloud
Apr 26 20:03:08 localhost control_proxy[3462516]: 2022-04-26T20:02:08.569Z [127.0.0.1 -> streamer-controller.magmasi.wavelabs.in,8443] "POST /magma.orc8r.Streamer/GetUpdates HTTP/2" 200 0bytes 60.268s
Apr 26 20:03:08 localhost magmad[3462298]: ERROR:root:Error! Streaming from the cloud failed! [StatusCode.ABORTED] error while streaming updates: rpc error: code = DeadlineExceeded desc = context deadline exceeded
Apr 26 20:03:09 localhost dhclient[601]: DHCPREQUEST for 172.16.5.121 on eth1 to 172.16.5.2 port 67 (xid=0x1ea11b90)
Apr 26 20:03:10 localhost smsd[3462461]: INFO:root:mme non_eps_service_config is not SMS_ORC8R, sleeping.
Apr 26 20:03:15 localhost smsd[3462461]: INFO:root:mme non_eps_service_config is not SMS_ORC8R, sleeping.
Apr 26 20:03:16 localhost sctpd[3462640]: I0426 20:03:16.254482 3463078 sctp_connection.cpp:195] Unhandled notification type 32777
Apr 26 20:03:18 localhost dhclient[601]: DHCPREQUEST for 172.16.5.121 on eth1 to 172.16.5.2 port 67 (xid=0x1ea11b90)
Apr 26 20:03:19 localhost sctpd[3462640]: I0426 20:03:19.525635 3463078 sctp_connection.cpp:195] Unhandled notification type 32777
Apr 26 20:03:20 localhost smsd[3462461]: INFO:root:mme non_eps_service_config is not SMS_ORC8R, sleeping.
Apr 26 20:03:25 localhost smsd[3462461]: INFO:root:mme non_eps_service_config is not SMS_ORC8R, sleeping.
Apr 26 20:03:26 localhost mobilityd[3462370]: INFO:root:Using GW info: {'default': {2: ('172.16.4.1', 'eth0')}, 2: [('172.16.4.1', 'eth0', True)]}
Apr 26 20:03:26 localhost mobilityd[3462370]: INFO:root:GW-v6 probe: timer started
Apr 26 20:03:30 localhost smsd[3462461]: INFO:root:mme non_eps_service_config is not SMS_ORC8R, sleeping.
Apr 26 20:03:33 localhost dhclient[601]: DHCPREQUEST for 172.16.5.121 on eth1 to 172.16.5.2 port 67 (xid=0x1ea11b90)
Apr 26 20:03:35 localhost smsd[3462461]: INFO:root:mme non_eps_service_config is not SMS_ORC8R, sleeping.
Apr 26 20:03:36 localhost magmad[3462298]: INFO:root:Setting logging level to INFO
Apr 26 20:03:40 localhost smsd[3462461]: INFO:root:mme non_eps_service_config is not SMS_ORC8R, sleeping.
Apr 26 20:03:41 localhost sctpd[3462640]: I0426 20:03:41.574654 3463078 sctp_connection.cpp:195] Unhandled notification type 32776
Apr 26 20:03:41 localhost sctpd[3462640]: I0426 20:03:41.704250 3463078 sctp_connection.cpp:195] Unhandled notification type 32776
Apr 26 20:03:42 localhost sctpd[3462640]: I0426 20:03:42.776521 3463078 sctp_connection.cpp:195] Unhandled notification type 32777
Apr 26 20:03:42 localhost sctpd[3462640]: I0426 20:03:42.887497 3463078 sctp_connection.cpp:195] Unhandled notification type 32777
Apr 26 20:03:43 localhost sctpd[3462640]: I0426 20:03:43.119055 3463078 sctp_connection.cpp:195] Unhandled notification type 32777
Apr 26 20:03:43 localhost sctpd[3462640]: I0426 20:03:43.234761 3463078 sctp_connection.cpp:195] Unhandled notification type 32777
Apr 26 20:03:43 localhost mme[3463033]: [DEBUG] Sending S6A-UPDATE_LOCATION_REQUEST with IMSI: 222700000000001
Apr 26 20:03:43 localhost mme[3463033]: [INFO] Received S6A-LOCATION-UPDATE_ANSWER for IMSI: 222700000000001; Status: ; StatusCode: 2001
Apr 26 20:03:43 localhost mme[3463033]: [INFO] sent itti S6A-LOCATION-UPDATE_ANSWER for IMSI: 222700000000001
Apr 26 20:03:43 localhost sctpd[3462640]: I0426 20:03:43.285282 3463078 sctp_connection.cpp:195] Unhandled notification type 32777
Apr 26 20:03:43 localhost control_proxy[3462516]: 2022-04-26T20:03:43.099Z [127.0.0.1 -> streamer-controller.magmasi.wavelabs.in,8443] "POST /magma.orc8r.Streamer/GetUpdates HTTP/2" 200 173bytes 0.542s
Apr 26 20:03:43 localhost policydb[3462443]: INFO:root:Processing 4 policy updates (resync=True)
Apr 26 20:03:43 localhost control_proxy[3462516]: 2022-04-26T20:03:43.099Z [127.0.0.1 -> streamer-controller.magmasi.wavelabs.in,8443] "POST /magma.orc8r.Streamer/GetUpdates HTTP/2" 200 7bytes 0.274s
Apr 26 20:03:43 localhost policydb[3462443]: INFO:root:Processing 0 basename -> policy updates
Apr 26 20:03:44 localhost control_proxy[3462516]: 2022-04-26T20:03:43.099Z [127.0.0.1 -> streamer-controller.magmasi.wavelabs.in,8443] "POST /magma.orc8r.Streamer/GetUpdates HTTP/2" 200 13536bytes 0.351s
Apr 26 20:03:44 localhost policydb[3462443]: INFO:root:Processing 223 SID -> apn -> policy updates
Apr 26 20:03:44 localhost mobilityd[3462370]: DEBUG:root:Received AllocateIPAddress
Apr 26 20:03:44 localhost mobilityd[3462370]: INFO:root:GRPC message:
Apr 26 20:03:44 localhost mobilityd[3462370]:   magma.lte.AllocateIPRequest {
Apr 26 20:03:44 localhost mobilityd[3462370]:     "sid": {
Apr 26 20:03:44 localhost mobilityd[3462370]:       "id": "222700000000001"
Apr 26 20:03:44 localhost mobilityd[3462370]:     },
Apr 26 20:03:44 localhost mobilityd[3462370]:     "apn": "default"
Apr 26 20:03:44 localhost mobilityd[3462370]:   }
Apr 26 20:03:44 localhost mobilityd[3462370]: DEBUG:root:Find APN config for: IMSI222700000000001.default,ipv4
Apr 26 20:03:44 localhost mobilityd[3462370]: DEBUG:root:APN config: service_selection: "default"
Apr 26 20:03:44 localhost mobilityd[3462370]: qos_profile {
Apr 26 20:03:44 localhost mobilityd[3462370]:   class_id: 9
Apr 26 20:03:44 localhost mobilityd[3462370]:   priority_level: 15
Apr 26 20:03:44 localhost mobilityd[3462370]: }
Apr 26 20:03:44 localhost mobilityd[3462370]: ambr {
Apr 26 20:03:44 localhost mobilityd[3462370]:   max_bandwidth_ul: 100000000
Apr 26 20:03:44 localhost mobilityd[3462370]:   max_bandwidth_dl: 100000000
Apr 26 20:03:44 localhost mobilityd[3462370]: }
Apr 26 20:03:44 localhost mobilityd[3462370]: DEBUG:root:vlan: Got APN: service_selection: "default"
Apr 26 20:03:44 localhost mobilityd[3462370]: qos_profile {
Apr 26 20:03:44 localhost mobilityd[3462370]:   class_id: 9
Apr 26 20:03:44 localhost mobilityd[3462370]:   priority_level: 15
Apr 26 20:03:44 localhost mobilityd[3462370]: }
Apr 26 20:03:44 localhost mobilityd[3462370]: ambr {
Apr 26 20:03:44 localhost mobilityd[3462370]:   max_bandwidth_ul: 100000000
Apr 26 20:03:44 localhost mobilityd[3462370]:   max_bandwidth_dl: 100000000
Apr 26 20:03:44 localhost mobilityd[3462370]: }
Apr 26 20:03:44 localhost mobilityd[3462370]: DEBUG:root:invalid internet gw ip: None
Apr 26 20:03:44 localhost mobilityd[3462370]: DEBUG:root:could not parse GW IP: None
Apr 26 20:03:44 localhost mobilityd[3462370]: DEBUG:root:Find APN config for: IMSI222700000000001.default,ipv4
Apr 26 20:03:44 localhost mobilityd[3462370]: DEBUG:root:APN config: service_selection: "default"
Apr 26 20:03:44 localhost mobilityd[3462370]: qos_profile {
Apr 26 20:03:44 localhost mobilityd[3462370]:   class_id: 9
Apr 26 20:03:44 localhost mobilityd[3462370]:   priority_level: 15
Apr 26 20:03:44 localhost mobilityd[3462370]: }
Apr 26 20:03:44 localhost mobilityd[3462370]: ambr {
Apr 26 20:03:44 localhost mobilityd[3462370]:   max_bandwidth_ul: 100000000
Apr 26 20:03:44 localhost mobilityd[3462370]:   max_bandwidth_dl: 100000000
Apr 26 20:03:44 localhost mobilityd[3462370]: }
Apr 26 20:03:44 localhost mobilityd[3462370]: DEBUG:root:ip: Got APN: service_selection: "default"
Apr 26 20:03:44 localhost mobilityd[3462370]: qos_profile {
Apr 26 20:03:44 localhost mobilityd[3462370]:   class_id: 9
Apr 26 20:03:44 localhost mobilityd[3462370]:   priority_level: 15
Apr 26 20:03:44 localhost mobilityd[3462370]: }
Apr 26 20:03:44 localhost mobilityd[3462370]: ambr {
Apr 26 20:03:44 localhost mobilityd[3462370]:   max_bandwidth_ul: 100000000
Apr 26 20:03:44 localhost mobilityd[3462370]:   max_bandwidth_dl: 100000000
Apr 26 20:03:44 localhost mobilityd[3462370]: }
Apr 26 20:03:44 localhost mobilityd[3462370]: DEBUG:root:Allocating New IP: <mobilityd.IPDesc {ip: 192.168.128.208, ip_block: 192.168.128.0/24, state: IPState.ALLOCATED, sid: IMSI222700000000001.default,ipv4, type: IPType.IP_POOL }}>
Apr 26 20:03:44 localhost mobilityd[3462370]: INFO:root:Allocated IP 192.168.128.208 for sid IMSI222700000000001 for apn default
Apr 26 20:03:44 localhost mobilityd[3462370]: INFO:root:GRPC message:
Apr 26 20:03:44 localhost mobilityd[3462370]:   magma.lte.AllocateIPAddressResponse {
Apr 26 20:03:44 localhost mobilityd[3462370]:     "ipList": [
Apr 26 20:03:44 localhost mobilityd[3462370]:       {
Apr 26 20:03:44 localhost mobilityd[3462370]:         "address": "wKiA0A=="
Apr 26 20:03:44 localhost mobilityd[3462370]:       }
Apr 26 20:03:44 localhost mobilityd[3462370]:     ],
Apr 26 20:03:44 localhost mobilityd[3462370]:     "vlan": "0"
Apr 26 20:03:44 localhost mobilityd[3462370]:   }
Apr 26 20:03:44 localhost policydb[3462443]: INFO:root:Creating a session for subscriber ID: IMSI222700000000001
Apr 26 20:03:44 localhost sessiond[3462377]: I0426 20:03:44.481788 3462377 SetMessageManagerHandler.cpp:344] Processing a CreateSessionResponse for IMSI222700000000001-592313
Apr 26 20:03:44 localhost sessiond[3462377]: I0426 20:03:44.481909 3462377 SessionState.cpp:2775] RuleID allowlist_sid-IMSI222700000000001-default doesn't have a version registered for IMSI222700000000001-592313, this is unexpected
Apr 26 20:03:44 localhost mme[3463033]: PDUSessionResourceSetupRequestTransfer ::= {
Apr 26 20:03:44 localhost mme[3463033]:     protocolIEs: ProtocolIE-Container ::= {
Apr 26 20:03:44 localhost mme[3463033]:         PDUSessionResourceSetupRequestTransferIEs ::= {
Apr 26 20:03:44 localhost mme[3463033]:             id: 130
Apr 26 20:03:44 localhost mme[3463033]:             criticality: 0 (reject)
Apr 26 20:03:44 localhost mme[3463033]:             value: PDUSessionAggregateMaximumBitRate ::= {
Apr 26 20:03:44 localhost mme[3463033]:                 pDUSessionAggregateMaximumBitRateDL: 100000000
Apr 26 20:03:44 localhost mme[3463033]:                 pDUSessionAggregateMaximumBitRateUL: 100000000
Apr 26 20:03:44 localhost mme[3463033]:             }
Apr 26 20:03:44 localhost mme[3463033]:         }
Apr 26 20:03:44 localhost mme[3463033]:         PDUSessionResourceSetupRequestTransferIEs ::= {
Apr 26 20:03:44 localhost mme[3463033]:             id: 139
Apr 26 20:03:44 localhost mme[3463033]:             criticality: 0 (reject)
Apr 26 20:03:44 localhost mme[3463033]:             value: GTPTunnel ::= {
Apr 26 20:03:44 localhost mme[3463033]:                 transportLayerAddress: AC 10 05 79
Apr 26 20:03:44 localhost mme[3463033]:                 gTP-TEID: 80 00 00 09
Apr 26 20:03:44 localhost mme[3463033]:             }
Apr 26 20:03:44 localhost mme[3463033]:         }
Apr 26 20:03:44 localhost mme[3463033]:         PDUSessionResourceSetupRequestTransferIEs ::= {
Apr 26 20:03:44 localhost mme[3463033]:             id: 134
Apr 26 20:03:44 localhost mme[3463033]:             criticality: 0 (reject)
Apr 26 20:03:44 localhost mme[3463033]:             value: 0 (ipv4)
Apr 26 20:03:44 localhost mme[3463033]:         }
Apr 26 20:03:44 localhost mme[3463033]:         PDUSessionResourceSetupRequestTransferIEs ::= {
Apr 26 20:03:44 localhost mme[3463033]:             id: 136
Apr 26 20:03:44 localhost mme[3463033]:             criticality: 0 (reject)
Apr 26 20:03:44 localhost mme[3463033]:             value: QosFlowSetupRequestList ::= {
Apr 26 20:03:44 localhost mme[3463033]:                 QosFlowSetupRequestItem ::= {
Apr 26 20:03:44 localhost mme[3463033]:                     qosFlowIdentifier: 9
Apr 26 20:03:44 localhost mme[3463033]:                     qosFlowLevelQosParameters: QosFlowLevelQosParameters ::= {
Apr 26 20:03:44 localhost mme[3463033]:                         qosCharacteristics: NonDynamic5QIDescriptor ::= {
Apr 26 20:03:44 localhost mme[3463033]:                             fiveQI: 9
Apr 26 20:03:44 localhost mme[3463033]:                         }
Apr 26 20:03:44 localhost mme[3463033]:                         allocationAndRetentionPriority: AllocationAndRetentionPriority ::= {
Apr 26 20:03:44 localhost mme[3463033]:                             priorityLevelARP: 15
Apr 26 20:03:44 localhost mme[3463033]:                             pre-emptionCapability: 0 (shall-not-trigger-pre-emption)
Apr 26 20:03:44 localhost mme[3463033]:                             pre-emptionVulnerability: 0 (not-pre-emptable)
Apr 26 20:03:44 localhost mme[3463033]:                         }
Apr 26 20:03:44 localhost mme[3463033]:                     }
Apr 26 20:03:44 localhost mme[3463033]:                 }
Apr 26 20:03:44 localhost mme[3463033]:             }
Apr 26 20:03:44 localhost mme[3463033]:         }
Apr 26 20:03:44 localhost mme[3463033]:     }
Apr 26 20:03:44 localhost mme[3463033]: }
Apr 26 20:03:44 localhost control_proxy[3462516]: 2022-04-26T20:03:44.283Z [127.0.0.1 -> streamer-controller.magmasi.wavelabs.in,8443] "POST /magma.orc8r.Streamer/GetUpdates HTTP/2" 200 7bytes 0.268s
Apr 26 20:03:44 localhost policydb[3462443]: INFO:root:Processing 0 rating group updates
Apr 26 20:03:44 localhost sctpd[3462640]: I0426 20:03:44.689224 3463078 sctp_connection.cpp:195] Unhandled notification type 32777
Apr 26 20:03:45 localhost smsd[3462461]: INFO:root:mme non_eps_service_config is not SMS_ORC8R, sleeping.
Apr 26 20:03:46 localhost mobilityd[3462370]: INFO:root:Using GW info: {'default': {2: ('172.16.4.1', 'eth0')}, 2: [('172.16.4.1', 'eth0', True)]}
Apr 26 20:03:46 localhost mobilityd[3462370]: INFO:root:GW-v6 probe: timer started
Apr 26 20:03:46 localhost mme[3463033]: InitiatingMessage ::= {
Apr 26 20:03:46 localhost mme[3463033]:     procedureCode: 28
Apr 26 20:03:46 localhost mme[3463033]:     criticality: 1 (ignore)
Apr 26 20:03:46 localhost mme[3463033]:     value: PDUSessionResourceReleaseCommand ::= {
Apr 26 20:03:46 localhost mme[3463033]:         protocolIEs: ProtocolIE-Container ::= {
