Apr  4 22:21:07 localhost sessiond[2836966]: I0404 22:21:07.137172 2836977 SessionEvents.cpp:291] Could not log session_terminated event {"mac_addr":"","user_location":"","spgw_ip":"","imei":"","record_sequence_number":1,"pdp_end_time":33,"charging_rx":0,"duration":33,"ip_addr":"192.168.128.110","monitoring_tx":0,"ipv6_addr":"","msisdn":"","apn":"default","session_id":"IMSI222700000000001-629276","list_of_service_data":[],"charging_characteristics":"","total_tx":0,"cause_for_rec_closing":0,"imsi":"IMSI222700000000001","total_rx":0,"monitoring_rx":0,"charging_tx":0,"pdp_start_time":0}, Error Message: Could not connect to FluentBit locally, Details: [Errno 111] Connection refused
Apr  4 22:21:07 localhost smsd[2837042]: INFO:root:mme non_eps_service_config is not SMS_ORC8R, sleeping.
Apr  4 22:21:08 localhost mme[2837640]: [DEBUG] Sending S6A-UPDATE_LOCATION_REQUEST with IMSI: 222700000000001
Apr  4 22:21:08 localhost mme[2837640]: [INFO] Received S6A-LOCATION-UPDATE_ANSWER for IMSI: 222700000000001; Status: ; StatusCode: 2001
Apr  4 22:21:08 localhost mme[2837640]: [INFO] sent itti S6A-LOCATION-UPDATE_ANSWER for IMSI: 222700000000001
Apr  4 22:21:08 localhost sctpd[2837236]: I0404 22:21:08.581490 2837680 sctp_connection.cpp:195] Unhandled notification type 32777
Apr  4 22:21:09 localhost magmad[2836887]: ERROR:root:Metrics upload error for service subscriberdb (chunk 0)! [StatusCode.DEADLINE_EXCEEDED] Deadline Exceeded
Apr  4 22:21:09 localhost magmad[2836887]: ERROR:root:Metrics upload error for service mobilityd (chunk 0)! [StatusCode.DEADLINE_EXCEEDED] Deadline Exceeded
Apr  4 22:21:09 localhost magmad[2836887]: ERROR:root:Metrics upload error for service mme (chunk 0)! [StatusCode.DEADLINE_EXCEEDED] Deadline Exceeded
Apr  4 22:21:09 localhost magmad[2836887]: ERROR:root:Metrics upload error for service magmad (chunk 0)! [StatusCode.DEADLINE_EXCEEDED] Deadline Exceeded
Apr  4 22:21:09 localhost magmad[2836887]: ERROR:root:Metrics upload error for service enodebd (chunk 0)! [StatusCode.DEADLINE_EXCEEDED] Deadline Exceeded
Apr  4 22:21:09 localhost magmad[2836887]: ERROR:root:Metrics upload error for service pipelined (chunk 0)! [StatusCode.DEADLINE_EXCEEDED] Deadline Exceeded
Apr  4 22:21:09 localhost magmad[2836887]: ERROR:root:Metrics upload error for service state (chunk 0)! [StatusCode.DEADLINE_EXCEEDED] Deadline Exceeded
Apr  4 22:21:09 localhost magmad[2836887]: ERROR:root:Metrics upload error for service sessiond (chunk 0)! [StatusCode.DEADLINE_EXCEEDED] Deadline Exceeded
Apr  4 22:21:09 localhost magmad[2836887]: INFO:root:Checking for upgrade...
Apr  4 22:21:09 localhost magmad[2836887]: WARNING:root:magmad package_version config missing or set to default 0.0.0-0, skipping upgrade
Apr  4 22:21:09 localhost control_proxy[2837121]: 2022-04-04T22:21:09.067Z [127.0.0.1 -> state-controller.magmasi.wavelabs.in,8443] "POST /magma.orc8r.StateService/ReportStates HTTP/2" 200 5bytes 0.281s
Apr  4 22:21:09 localhost magmad[2836887]: INFO:root:Checkin Successful! Successfully sent states to the cloud!
Apr  4 22:21:12 localhost smsd[2837042]: INFO:root:mme non_eps_service_config is not SMS_ORC8R, sleeping.
Apr  4 22:21:13 localhost dhclient[601]: DHCPREQUEST for 172.16.5.121 on eth1 to 172.16.5.2 port 67 (xid=0x25c866c5)
Apr  4 22:21:17 localhost mobilityd[2836957]: INFO:root:Using GW info: {'default': {2: ('172.16.4.1', 'eth0')}, 2: [('172.16.4.1', 'eth0', True)]}
Apr  4 22:21:17 localhost mobilityd[2836957]: INFO:root:GW-v6 probe: timer started
Apr  4 22:21:17 localhost smsd[2837042]: INFO:root:mme non_eps_service_config is not SMS_ORC8R, sleeping.
Apr  4 22:21:27 localhost smsd[2837042]: message repeated 2 times: [ INFO:root:mme non_eps_service_config is not SMS_ORC8R, sleeping.]
Apr  4 22:21:28 localhost sctpd[2837236]: I0404 22:21:28.867254 2837680 sctp_connection.cpp:195] Unhandled notification type 32776
Apr  4 22:21:29 localhost sctpd[2837236]: I0404 22:21:29.925662 2837680 sctp_connection.cpp:195] Unhandled notification type 32777
Apr  4 22:21:32 localhost smsd[2837042]: INFO:root:mme non_eps_service_config is not SMS_ORC8R, sleeping.
Apr  4 22:21:34 localhost dhclient[601]: DHCPREQUEST for 172.16.5.121 on eth1 to 172.16.5.2 port 67 (xid=0x25c866c5)
Apr  4 22:21:37 localhost mobilityd[2836957]: INFO:root:Using GW info: {'default': {2: ('172.16.4.1', 'eth0')}, 2: [('172.16.4.1', 'eth0', True)]}
Apr  4 22:21:37 localhost mobilityd[2836957]: INFO:root:GW-v6 probe: timer started
Apr  4 22:21:37 localhost control_proxy[2837121]: 2022-04-04T22:20:37.573Z [127.0.0.1 -> streamer-controller.magmasi.wavelabs.in,8443] "POST /magma.orc8r.Streamer/GetUpdates HTTP/2" 200 0bytes 60.264s
Apr  4 22:21:37 localhost magmad[2836887]: ERROR:root:Error! Streaming from the cloud failed! [StatusCode.ABORTED] error while streaming updates: rpc error: code = DeadlineExceeded desc = context deadline exceeded
Apr  4 22:21:37 localhost magmad[2836887]: INFO:root:[SyncRPC] Got heartBeat from cloud
Apr  4 22:21:37 localhost smsd[2837042]: INFO:root:mme non_eps_service_config is not SMS_ORC8R, sleeping.
Apr  4 22:21:48 localhost smsd[2837042]: message repeated 2 times: [ INFO:root:mme non_eps_service_config is not SMS_ORC8R, sleeping.]
Apr  4 22:21:48 localhost dhclient[601]: DHCPREQUEST for 172.16.5.121 on eth1 to 172.16.5.2 port 67 (xid=0x25c866c5)
Apr  4 22:21:51 localhost sctpd[2837236]: I0404 22:21:51.549468 2837680 sctp_connection.cpp:195] Unhandled notification type 32776
Apr  4 22:21:53 localhost smsd[2837042]: INFO:root:mme non_eps_service_config is not SMS_ORC8R, sleeping.
Apr  4 22:21:57 localhost mobilityd[2836957]: INFO:root:Using GW info: {'default': {2: ('172.16.4.1', 'eth0')}, 2: [('172.16.4.1', 'eth0', True)]}
Apr  4 22:21:57 localhost mobilityd[2836957]: INFO:root:GW-v6 probe: timer started
Apr  4 22:21:58 localhost smsd[2837042]: INFO:root:mme non_eps_service_config is not SMS_ORC8R, sleeping.
Apr  4 22:21:59 localhost magmad[2836887]: ERROR:root:Metrics upload error for service subscriberdb (chunk 0)! [StatusCode.DEADLINE_EXCEEDED] Deadline Exceeded
Apr  4 22:21:59 localhost magmad[2836887]: ERROR:root:Metrics upload error for service mobilityd (chunk 0)! [StatusCode.DEADLINE_EXCEEDED] Deadline Exceeded
Apr  4 22:21:59 localhost magmad[2836887]: ERROR:root:Metrics upload error for service mme (chunk 0)! [StatusCode.DEADLINE_EXCEEDED] Deadline Exceeded
Apr  4 22:21:59 localhost magmad[2836887]: ERROR:root:Metrics upload error for service magmad (chunk 0)! [StatusCode.DEADLINE_EXCEEDED] Deadline Exceeded
Apr  4 22:21:59 localhost magmad[2836887]: ERROR:root:Metrics upload error for service enodebd (chunk 0)! [StatusCode.DEADLINE_EXCEEDED] Deadline Exceeded
Apr  4 22:21:59 localhost magmad[2836887]: ERROR:root:Metrics upload error for service pipelined (chunk 0)! [StatusCode.DEADLINE_EXCEEDED] Deadline Exceeded
Apr  4 22:21:59 localhost magmad[2836887]: ERROR:root:Metrics upload error for service state (chunk 0)! [StatusCode.DEADLINE_EXCEEDED] Deadline Exceeded
Apr  4 22:21:59 localhost magmad[2836887]: ERROR:root:Metrics upload error for service sessiond (chunk 0)! [StatusCode.DEADLINE_EXCEEDED] Deadline Exceeded
Apr  4 22:22:01 localhost sctpd[2837236]: I0404 22:22:01.285383 2837680 sctp_connection.cpp:195] Unhandled notification type 32777
Apr  4 22:22:01 localhost sctpd[2837236]: I0404 22:22:01.516669 2837680 sctp_connection.cpp:195] Unhandled notification type 32777
Apr  4 22:22:02 localhost dhclient[601]: DHCPREQUEST for 172.16.5.121 on eth1 to 172.16.5.2 port 67 (xid=0x25c866c5)
Apr  4 22:22:03 localhost smsd[2837042]: INFO:root:mme non_eps_service_config is not SMS_ORC8R, sleeping.
Apr  4 22:22:03 localhost control_proxy[2837121]: 2022-04-04T22:22:03.287Z [127.0.0.1 -> streamer-controller.magmasi.wavelabs.in,8443] "POST /magma.orc8r.Streamer/GetUpdates HTTP/2" 200 173bytes 0.531s
Apr  4 22:22:03 localhost policydb[2837015]: INFO:root:Processing 4 policy updates (resync=True)
Apr  4 22:22:04 localhost control_proxy[2837121]: 2022-04-04T22:22:03.287Z [127.0.0.1 -> streamer-controller.magmasi.wavelabs.in,8443] "POST /magma.orc8r.Streamer/GetUpdates HTTP/2" 200 7bytes 0.271s
Apr  4 22:22:04 localhost policydb[2837015]: INFO:root:Processing 0 basename -> policy updates
Apr  4 22:22:04 localhost control_proxy[2837121]: 2022-04-04T22:22:04.096Z [127.0.0.1 -> streamer-controller.magmasi.wavelabs.in,8443] "POST /magma.orc8r.Streamer/GetUpdates HTTP/2" 200 13513bytes 0.302s
Apr  4 22:22:04 localhost policydb[2837015]: INFO:root:Processing 222 SID -> apn -> policy updates
Apr  4 22:22:04 localhost control_proxy[2837121]: 2022-04-04T22:22:04.096Z [127.0.0.1 -> streamer-controller.magmasi.wavelabs.in,8443] "POST /magma.orc8r.Streamer/GetUpdates HTTP/2" 200 7bytes 0.350s
Apr  4 22:22:04 localhost policydb[2837015]: INFO:root:Processing 0 rating group updates
Apr  4 22:22:08 localhost smsd[2837042]: INFO:root:mme non_eps_service_config is not SMS_ORC8R, sleeping.
Apr  4 22:22:10 localhost magmad[2836887]: INFO:root:Setting logging level to INFO
Apr  4 22:22:13 localhost smsd[2837042]: INFO:root:mme non_eps_service_config is not SMS_ORC8R, sleeping.
Apr  4 22:22:17 localhost mobilityd[2836957]: INFO:root:Using GW info: {'default': {2: ('172.16.4.1', 'eth0')}, 2: [('172.16.4.1', 'eth0', True)]}
Apr  4 22:22:17 localhost mobilityd[2836957]: INFO:root:GW-v6 probe: timer started
Apr  4 22:22:18 localhost smsd[2837042]: INFO:root:mme non_eps_service_config is not SMS_ORC8R, sleeping.
Apr  4 22:22:20 localhost dhclient[601]: DHCPREQUEST for 172.16.5.121 on eth1 to 172.16.5.2 port 67 (xid=0x25c866c5)
Apr  4 22:22:23 localhost sctpd[2837236]: I0404 22:22:23.204599 2837680 sctp_connection.cpp:195] Unhandled notification type 32776
Apr  4 22:22:23 localhost smsd[2837042]: INFO:root:mme non_eps_service_config is not SMS_ORC8R, sleeping.
Apr  4 22:22:23 localhost sctpd[2837236]: I0404 22:22:23.330637 2837680 sctp_connection.cpp:195] Unhandled notification type 32776
Apr  4 22:22:24 localhost sctpd[2837236]: I0404 22:22:24.389622 2837680 sctp_connection.cpp:195] Unhandled notification type 32777
Apr  4 22:22:24 localhost sctpd[2837236]: I0404 22:22:24.501029 2837680 sctp_connection.cpp:195] Unhandled notification type 32777
Apr  4 22:22:24 localhost sctpd[2837236]: I0404 22:22:24.727259 2837680 sctp_connection.cpp:195] Unhandled notification type 32777
Apr  4 22:22:24 localhost sctpd[2837236]: I0404 22:22:24.841518 2837680 sctp_connection.cpp:195] Unhandled notification type 32777
Apr  4 22:22:24 localhost mme[2837640]: [DEBUG] Sending S6A-UPDATE_LOCATION_REQUEST with IMSI: 222700000000001
Apr  4 22:22:24 localhost mme[2837640]: [INFO] Received S6A-LOCATION-UPDATE_ANSWER for IMSI: 222700000000001; Status: ; StatusCode: 2001
Apr  4 22:22:24 localhost mme[2837640]: [INFO] sent itti S6A-LOCATION-UPDATE_ANSWER for IMSI: 222700000000001
Apr  4 22:22:24 localhost sctpd[2837236]: I0404 22:22:24.957917 2837680 sctp_connection.cpp:195] Unhandled notification type 32777
Apr  4 22:22:27 localhost mobilityd[2836957]: INFO:root:Allocated IP 192.168.128.111 for sid IMSI222700000000001 for apn default
Apr  4 22:22:27 localhost policydb[2837015]: INFO:root:Creating a session for subscriber ID: IMSI222700000000001
Apr  4 22:22:27 localhost sessiond[2836966]: I0404 22:22:27.205281 2836966 SetMessageManagerHandler.cpp:342] Processing a CreateSessionResponse for IMSI222700000000001-867115
Apr  4 22:22:27 localhost sessiond[2836966]: I0404 22:22:27.205444 2836966 SessionState.cpp:2774] RuleID allowlist_sid-IMSI222700000000001-default doesn't have a version registered for IMSI222700000000001-867115, this is unexpected
Apr  4 22:22:27 localhost mme[2837640]: PDUSessionResourceSetupRequestTransfer ::= {
Apr  4 22:22:27 localhost mme[2837640]:     protocolIEs: ProtocolIE-Container ::= {
Apr  4 22:22:27 localhost mme[2837640]:         PDUSessionResourceSetupRequestTransferIEs ::= {
Apr  4 22:22:27 localhost mme[2837640]:             id: 130
Apr  4 22:22:27 localhost mme[2837640]:             criticality: 0 (reject)
Apr  4 22:22:27 localhost mme[2837640]:             value: PDUSessionAggregateMaximumBitRate ::= {
Apr  4 22:22:27 localhost mme[2837640]:                 pDUSessionAggregateMaximumBitRateDL: 100000000
Apr  4 22:22:27 localhost mme[2837640]:                 pDUSessionAggregateMaximumBitRateUL: 100000000
Apr  4 22:22:27 localhost mme[2837640]:             }
Apr  4 22:22:27 localhost mme[2837640]:         }
Apr  4 22:22:27 localhost mme[2837640]:         PDUSessionResourceSetupRequestTransferIEs ::= {
Apr  4 22:22:27 localhost mme[2837640]:             id: 139
Apr  4 22:22:27 localhost mme[2837640]:             criticality: 0 (reject)
Apr  4 22:22:27 localhost mme[2837640]:             value: GTPTunnel ::= {
Apr  4 22:22:27 localhost mme[2837640]:                 transportLayerAddress: AC 10 05 79
Apr  4 22:22:27 localhost mme[2837640]:                 gTP-TEID: 80 00 00 06
Apr  4 22:22:27 localhost mme[2837640]:             }
Apr  4 22:22:27 localhost mme[2837640]:         }
Apr  4 22:22:27 localhost mme[2837640]:         PDUSessionResourceSetupRequestTransferIEs ::= {
Apr  4 22:22:27 localhost mme[2837640]:             id: 134
Apr  4 22:22:27 localhost mme[2837640]:             criticality: 0 (reject)
Apr  4 22:22:27 localhost mme[2837640]:             value: 0 (ipv4)
Apr  4 22:22:27 localhost mme[2837640]:         }
Apr  4 22:22:27 localhost mme[2837640]:         PDUSessionResourceSetupRequestTransferIEs ::= {
Apr  4 22:22:27 localhost mme[2837640]:             id: 136
Apr  4 22:22:27 localhost mme[2837640]:             criticality: 0 (reject)
Apr  4 22:22:27 localhost mme[2837640]:             value: QosFlowSetupRequestList ::= {
Apr  4 22:22:27 localhost mme[2837640]:                 QosFlowSetupRequestItem ::= {
Apr  4 22:22:27 localhost mme[2837640]:                     qosFlowIdentifier: 9
Apr  4 22:22:27 localhost mme[2837640]:                     qosFlowLevelQosParameters: QosFlowLevelQosParameters ::= {
Apr  4 22:22:27 localhost mme[2837640]:                         qosCharacteristics: NonDynamic5QIDescriptor ::= {
Apr  4 22:22:27 localhost mme[2837640]:                             fiveQI: 9
Apr  4 22:22:27 localhost mme[2837640]:                         }
Apr  4 22:22:27 localhost mme[2837640]:                         allocationAndRetentionPriority: AllocationAndRetentionPriority ::= {
Apr  4 22:22:27 localhost mme[2837640]:                             priorityLevelARP: 15
Apr  4 22:22:27 localhost mme[2837640]:                             pre-emptionCapability: 0 (shall-not-trigger-pre-emption)
Apr  4 22:22:27 localhost mme[2837640]:                             pre-emptionVulnerability: 0 (not-pre-emptable)
Apr  4 22:22:27 localhost mme[2837640]:                         }
Apr  4 22:22:27 localhost mme[2837640]:                     }
Apr  4 22:22:27 localhost mme[2837640]:                 }
Apr  4 22:22:27 localhost mme[2837640]:             }
Apr  4 22:22:27 localhost mme[2837640]:         }
Apr  4 22:22:27 localhost mme[2837640]:     }
Apr  4 22:22:27 localhost mme[2837640]: }
Apr  4 22:22:27 localhost sctpd[2837236]: I0404 22:22:27.291038 2837680 sctp_connection.cpp:195] Unhandled notification type 32777
Apr  4 22:22:27 localhost sessiond[2836966]: I0404 22:22:27.293746 2836966 SessionStateEnforcer.cpp:869]  AMF teid: 40000000 ip address 10.10.10.11 of imsi: IMSI222700000000001 fteid: 2147483654 pdu id: 1 UE ip address 192.168.128.111
Apr  4 22:22:27 localhost eventd[2837039]: DEBUG:root:Logging event: stream_name: "sessiond"
Apr  4 22:22:27 localhost eventd[2837039]: event_type: "session_created"
Apr  4 22:22:27 localhost eventd[2837039]: tag: "IMSI222700000000001"
Apr  4 22:22:27 localhost eventd[2837039]: value: "{\"mac_addr\":\"\",\"user_location\":\"\",\"spgw_ip\":\"\",\"imei\":\"\",\"pdp_start_time\":0,\"session_id\":\"IMSI222700000000001-867115\",\"apn\":\"default\",\"msisdn\":\"\",\"charging_characteristics\":\"\",\"ipv6_addr\":\"\",\"ip_addr\":\"192.168.128.111\",\"imsi\":\"IMSI222700000000001\"}"
Apr  4 22:22:27 localhost eventd[2837039]: ERROR:root:Connection to FluentBit failed: [Errno 111] Connection refused
Apr  4 22:22:27 localhost eventd[2837039]: INFO:root:FluentBit (td-agent-bit) may not be enabled or configured correctly
Apr  4 22:22:27 localhost sessiond[2836966]: I0404 22:22:27.298141 2836977 SessionEvents.cpp:131] Could not log session_created event {"mac_addr":"","user_location":"","spgw_ip":"","imei":"","pdp_start_time":0,"session_id":"IMSI222700000000001-867115","apn":"default","msisdn":"","charging_characteristics":"","ipv6_addr":"","ip_addr":"192.168.128.111","imsi":"IMSI222700000000001"}, Error Message: Could not connect to FluentBit locally, Details: [Errno 111] Connection refused
Apr  4 22:22:28 localhost smsd[2837042]: INFO:root:mme non_eps_service_config is not SMS_ORC8R, sleeping.
Apr  4 22:22:29 localhost control_proxy[2837121]: 2022-04-04T22:22:28.641Z [127.0.0.1 -> state-controller.magmasi.wavelabs.in,8443] "POST /magma.orc8r.StateService/ReportStates HTTP/2" 200 5bytes 0.520s
Apr  4 22:22:29 localhost magmad[2836887]: INFO:root:Checkin Successful! Successfully sent states to the cloud!
Apr  4 22:22:29 localhost mme[2837640]: InitiatingMessage ::= {
Apr  4 22:22:29 localhost mme[2837640]:     procedureCode: 28
Apr  4 22:22:29 localhost mme[2837640]:     criticality: 1 (ignore)
Apr  4 22:22:29 localhost mme[2837640]:     value: PDUSessionResourceReleaseCommand ::= {
Apr  4 22:22:29 localhost mme[2837640]:         protocolIEs: ProtocolIE-Container ::= {
Apr  4 22:22:29 localhost mme[2837640]:             PDUSessionResourceReleaseCommandIEs ::= {
Apr  4 22:22:29 localhost mme[2837640]:                 id: 10
Apr  4 22:22:29 localhost mme[2837640]:                 criticality: 0 (reject)
Apr  4 22:22:29 localhost mme[2837640]:                 value: 53
Apr  4 22:22:29 localhost mme[2837640]:             }
Apr  4 22:22:29 localhost mme[2837640]:             PDUSessionResourceReleaseCommandIEs ::= {
Apr  4 22:22:29 localhost mme[2837640]:                 id: 85
Apr  4 22:22:29 localhost mme[2837640]:                 criticality: 0 (reject)
Apr  4 22:22:29 localhost mme[2837640]:                 value: 4294967295
Apr  4 22:22:29 localhost mme[2837640]:             }
Apr  4 22:22:29 localhost mme[2837640]:             PDUSessionResourceReleaseCommandIEs ::= {
Apr  4 22:22:29 localhost mme[2837640]:                 id: 38
Apr  4 22:22:29 localhost mme[2837640]:                 criticality: 0 (reject)
Apr  4 22:22:29 localhost mme[2837640]:                 value:
Apr  4 22:22:29 localhost mme[2837640]:                     7E 01 B9 96 75 06 03 7E 00 68 01 00 05 2E 01 01
Apr  4 22:22:29 localhost mme[2837640]:                     D3 24 12 01
Apr  4 22:22:29 localhost mme[2837640]:             }
Apr  4 22:22:29 localhost mme[2837640]:             PDUSessionResourceReleaseCommandIEs ::= {
Apr  4 22:22:29 localhost mme[2837640]:                 id: 79
Apr  4 22:22:29 localhost mme[2837640]:                 criticality: 0 (reject)
Apr  4 22:22:29 localhost mme[2837640]:                 value: PDUSessionResourceToReleaseListRelCmd ::= {
Apr  4 22:22:29 localhost mme[2837640]:                 }
Apr  4 22:22:29 localhost mme[2837640]:             }
Apr  4 22:22:29 localhost mme[2837640]:         }
Apr  4 22:22:29 localhost mme[2837640]:     }
Apr  4 22:22:29 localhost mme[2837640]: }
Apr  4 22:22:29 localhost sctpd[2837236]: I0404 22:22:29.558166 2837680 sctp_connection.cpp:195] Unhandled notification type 32777
Apr  4 22:22:33 localhost smsd[2837042]: INFO:root:mme non_eps_service_config is not SMS_ORC8R, sleeping.
Apr  4 22:22:34 localhost dhclient[601]: DHCPREQUEST for 172.16.5.121 on eth1 to 172.16.5.2 port 67 (xid=0x25c866c5)
Apr  4 22:22:37 localhost mobilityd[2836957]: INFO:root:Using GW info: {'default': {2: ('172.16.4.1', 'eth0')}, 2: [('172.16.4.1', 'eth0', True)]}
Apr  4 22:22:37 localhost mobilityd[2836957]: INFO:root:GW-v6 probe: timer started
Apr  4 22:22:37 localhost magmad[2836887]: INFO:root:[SyncRPC] Got heartBeat from cloud
Apr  4 22:22:38 localhost control_proxy[2837121]: 2022-04-04T22:22:37.892Z [127.0.0.1 -> state-controller.magmasi.wavelabs.in,8443] "POST /magma.orc8r.StateService/ReportStates HTTP/2" 200 5bytes 0.270s
Apr  4 22:22:38 localhost smsd[2837042]: INFO:root:mme non_eps_service_config is not SMS_ORC8R, sleeping.
Apr  4 22:22:41 localhost dhclient[601]: DHCPREQUEST for 172.16.5.121 on eth1 to 172.16.5.2 port 67 (xid=0x25c866c5)
Apr  4 22:22:43 localhost smsd[2837042]: INFO:root:mme non_eps_service_config is not SMS_ORC8R, sleeping.
Apr  4 22:22:45 localhost sctpd[2837236]: I0404 22:22:45.717470 2837680 sctp_connection.cpp:195] Unhandled notification type 32777
Apr  4 22:22:48 localhost smsd[2837042]: INFO:root:mme non_eps_service_config is not SMS_ORC8R, sleeping.
Apr  4 22:22:53 localhost smsd[2837042]: INFO:root:mme non_eps_service_config is not SMS_ORC8R, sleeping.
Apr  4 22:22:57 localhost mobilityd[2836957]: INFO:root:Using GW info: {'default': {2: ('172.16.4.1', 'eth0')}, 2: [('172.16.4.1', 'eth0', True)]}
Apr  4 22:22:57 localhost mobilityd[2836957]: INFO:root:GW-v6 probe: timer started
Apr  4 22:22:58 localhost smsd[2837042]: INFO:root:mme non_eps_service_config is not SMS_ORC8R, sleeping.
Apr  4 22:22:59 localhost dhclient[601]: DHCPREQUEST for 172.16.5.121 on eth1 to 172.16.5.2 port 67 (xid=0x25c866c5)
Apr  4 22:22:59 localhost magmad[2836887]: ERROR:root:Metrics upload error for service subscriberdb (chunk 0)! [StatusCode.DEADLINE_EXCEEDED] Deadline Exceeded
Apr  4 22:22:59 localhost magmad[2836887]: ERROR:root:Metrics upload error for service mobilityd (chunk 0)! [StatusCode.DEADLINE_EXCEEDED] Deadline Exceeded
Apr  4 22:22:59 localhost magmad[2836887]: ERROR:root:Metrics upload error for service mme (chunk 0)! [StatusCode.DEADLINE_EXCEEDED] Deadline Exceeded
Apr  4 22:22:59 localhost magmad[2836887]: ERROR:root:Metrics upload error for service magmad (chunk 0)! [StatusCode.DEADLINE_EXCEEDED] Deadline Exceeded
Apr  4 22:22:59 localhost magmad[2836887]: ERROR:root:Metrics upload error for service enodebd (chunk 0)! [StatusCode.DEADLINE_EXCEEDED] Deadline Exceeded
Apr  4 22:22:59 localhost magmad[2836887]: ERROR:root:Metrics upload error for service pipelined (chunk 0)! [StatusCode.DEADLINE_EXCEEDED] Deadline Exceeded
Apr  4 22:22:59 localhost magmad[2836887]: ERROR:root:Metrics upload error for service state (chunk 0)! [StatusCode.DEADLINE_EXCEEDED] Deadline Exceeded
Apr  4 22:22:59 localhost magmad[2836887]: ERROR:root:Metrics upload error for service sessiond (chunk 0)! [StatusCode.DEADLINE_EXCEEDED] Deadline Exceeded
Apr  4 22:23:01 localhost sctpd[2837236]: I0404 22:23:01.733625 2837680 sctp_connection.cpp:195] Unhandled notification type 32777
Apr  4 22:23:03 localhost smsd[2837042]: INFO:root:mme non_eps_service_config is not SMS_ORC8R, sleeping.
Apr  4 22:23:05 localhost control_proxy[2837121]: 2022-04-04T22:23:04.793Z [127.0.0.1 -> streamer-controller.magmasi.wavelabs.in,8443] "POST /magma.orc8r.Streamer/GetUpdates HTTP/2" 200 173bytes 0.530s
Apr  4 22:23:05 localhost policydb[2837015]: INFO:root:Processing 4 policy updates (resync=True)
Apr  4 22:23:05 localhost control_proxy[2837121]: 2022-04-04T22:23:05.327Z [127.0.0.1 -> streamer-controller.magmasi.wavelabs.in,8443] "POST /magma.orc8r.Streamer/GetUpdates HTTP/2" 200 7bytes 0.272s
Apr  4 22:23:05 localhost policydb[2837015]: INFO:root:Processing 0 basename -> policy updates
Apr  4 22:23:05 localhost control_proxy[2837121]: 2022-04-04T22:23:05.327Z [127.0.0.1 -> streamer-controller.magmasi.wavelabs.in,8443] "POST /magma.orc8r.Streamer/GetUpdates HTTP/2" 200 13513bytes 0.298s
Apr  4 22:23:05 localhost policydb[2837015]: INFO:root:Processing 222 SID -> apn -> policy updates
Apr  4 22:23:06 localhost control_proxy[2837121]: 2022-04-04T22:23:05.327Z [127.0.0.1 -> streamer-controller.magmasi.wavelabs.in,8443] "POST /magma.orc8r.Streamer/GetUpdates HTTP/2" 200 7bytes 0.270s
Apr  4 22:23:06 localhost policydb[2837015]: INFO:root:Processing 0 rating group updates
Apr  4 22:23:08 localhost smsd[2837042]: INFO:root:mme non_eps_service_config is not SMS_ORC8R, sleeping.
Apr  4 22:23:13 localhost smsd[2837042]: INFO:root:mme non_eps_service_config is not SMS_ORC8R, sleeping.
Apr  4 22:23:14 localhost dhclient[601]: DHCPREQUEST for 172.16.5.121 on eth1 to 172.16.5.2 port 67 (xid=0x25c866c5)
Apr  4 22:23:17 localhost mobilityd[2836957]: INFO:root:Using GW info: {'default': {2: ('172.16.4.1', 'eth0')}, 2: [('172.16.4.1', 'eth0', True)]}
Apr  4 22:23:17 localhost mobilityd[2836957]: INFO:root:GW-v6 probe: timer started
Apr  4 22:23:17 localhost sctpd[2837236]: I0404 22:23:17.737751 2837680 sctp_connection.cpp:195] Unhandled notification type 32777
Apr  4 22:23:18 localhost smsd[2837042]: INFO:root:mme non_eps_service_config is not SMS_ORC8R, sleeping.
Apr  4 22:23:21 localhost dhclient[601]: DHCPREQUEST for 172.16.5.121 on eth1 to 172.16.5.2 port 67 (xid=0x25c866c5)
Apr  4 22:23:23 localhost smsd[2837042]: INFO:root:mme non_eps_service_config is not SMS_ORC8R, sleeping.
Apr  4 22:23:28 localhost smsd[2837042]: INFO:root:mme non_eps_service_config is not SMS_ORC8R, sleeping.
Apr  4 22:23:29 localhost magmad[2836887]: INFO:root:Setting logging level to INFO
Apr  4 22:23:32 localhost dhclient[601]: DHCPREQUEST for 172.16.5.121 on eth1 to 172.16.5.2 port 67 (xid=0x25c866c5)
Apr  4 22:23:33 localhost smsd[2837042]: INFO:root:mme non_eps_service_config is not SMS_ORC8R, sleeping.
Apr  4 22:23:33 localhost sctpd[2837236]: I0404 22:23:33.745527 2837680 sctp_connection.cpp:195] Unhandled notification type 32777
Apr  4 22:23:37 localhost mobilityd[2836957]: INFO:root:Using GW info: {'default': {2: ('172.16.4.1', 'eth0')}, 2: [('172.16.4.1', 'eth0', True)]}
Apr  4 22:23:37 localhost mobilityd[2836957]: INFO:root:GW-v6 probe: timer started
Apr  4 22:23:37 localhost magmad[2836887]: INFO:root:[SyncRPC] Got heartBeat from cloud
Apr  4 22:23:38 localhost control_proxy[2837121]: 2022-04-04T22:22:37.892Z [127.0.0.1 -> streamer-controller.magmasi.wavelabs.in,8443] "POST /magma.orc8r.Streamer/GetUpdates HTTP/2" 200 0bytes 60.263s
Apr  4 22:23:38 localhost magmad[2836887]: ERROR:root:Error! Streaming from the cloud failed! [StatusCode.ABORTED] error while streaming updates: rpc error: code = DeadlineExceeded desc = context deadline exceeded
Apr  4 22:23:38 localhost smsd[2837042]: INFO:root:mme non_eps_service_config is not SMS_ORC8R, sleeping.
Apr  4 22:23:40 localhost sessiond[2836966]: I0404 22:23:40.042649 2836966 SetMessageManagerHandler.cpp:142] Release request for session from IMSI: IMSI222700000000001 pdu_id 1
Apr  4 22:23:40 localhost mobilityd[2836957]: INFO:root:Released IP 192.168.128.111 for sid IMSI222700000000001
Apr  4 22:23:40 localhost eventd[2837039]: DEBUG:root:Logging event: stream_name: "sessiond"
Apr  4 22:23:40 localhost eventd[2837039]: event_type: "session_terminated"
Apr  4 22:23:40 localhost eventd[2837039]: tag: "IMSI222700000000001"
Apr  4 22:23:40 localhost eventd[2837039]: value: "{\"mac_addr\":\"\",\"user_location\":\"\",\"spgw_ip\":\"\",\"imei\":\"\",\"record_sequence_number\":1,\"pdp_end_time\":33,\"charging_rx\":0,\"duration\":33,\"ip_addr\":\"192.168.128.111\",\"monitoring_tx\":0,\"ipv6_addr\":\"\",\"msisdn\":\"\",\"apn\":\"default\",\"session_id\":\"IMSI222700000000001-867115\",\"list_of_service_data\":[],\"charging_characteristics\":\"\",\"total_tx\":0,\"cause_for_rec_closing\":0,\"imsi\":\"IMSI222700000000001\",\"total_rx\":0,\"monitoring_rx\":0,\"charging_tx\":0,\"pdp_start_time\":0}"
Apr  4 22:23:40 localhost eventd[2837039]: ERROR:root:Connection to FluentBit failed: [Errno 111] Connection refused
Apr  4 22:23:40 localhost eventd[2837039]: INFO:root:FluentBit (td-agent-bit) may not be enabled or configured correctly
Apr  4 22:23:40 localhost sessiond[2836966]: I0404 22:23:40.073158 2836977 SessionEvents.cpp:291] Could not log session_terminated event {"mac_addr":"","user_location":"","spgw_ip":"","imei":"","record_sequence_number":1,"pdp_end_time":33,"charging_rx":0,"duration":33,"ip_addr":"192.168.128.111","monitoring_tx":0,"ipv6_addr":"","msisdn":"","apn":"default","session_id":"IMSI222700000000001-867115","list_of_service_data":[],"charging_characteristics":"","total_tx":0,"cause_for_rec_closing":0,"imsi":"IMSI222700000000001","total_rx":0,"monitoring_rx":0,"charging_tx":0,"pdp_start_time":0}, Error Message: Could not connect to FluentBit locally, Details: [Errno 111] Connection refused
Apr  4 22:23:40 localhost policydb[2837015]: INFO:root:Terminating session: IMSI222700000000001-867115
Apr  4 22:23:40 localhost sctpd[2837236]: I0404 22:23:40.449628 2837680 sctp_connection.cpp:195] Unhandled notification type 32777
Apr  4 22:23:43 localhost smsd[2837042]: INFO:root:mme non_eps_service_config is not SMS_ORC8R, sleeping.
Apr  4 22:23:45 localhost subscriberdb[2836955]: INFO:root:get digest stored in gateway:
Apr  4 22:23:45 localhost sessiond[2836966]: I0404 22:23:45.051285 2836966 SessionStateEnforcer.cpp:377] Nothing to remove as no respective entry found for session id IMSI222700000000001-867115 of IMSI IMSI222700000000001
Apr  4 22:23:45 localhost control_proxy[2837121]: 2022-04-04T22:23:45.018Z [127.0.0.1 -> subscriberdb-controller.magmasi.wavelabs.in,8443] "POST /magma.lte.SubscriberDBCloud/CheckInSync HTTP/2" 200 0bytes 0.509s
Apr  4 22:23:45 localhost subscriberdb[2836955]: ERROR:root:Internal Error in subscriberdb-Orc8r communication. If AGW and Orc8r are deployed at a commit hash, upgrade AGW and Orc8r to latest commit hash.
Apr  4 22:23:45 localhost control_proxy[2837121]: 2022-04-04T22:23:45.018Z [127.0.0.1 -> subscriberdb-controller.magmasi.wavelabs.in,8443] "POST /magma.lte.SubscriberDBCloud/Sync HTTP/2" 200 0bytes 0.257s
Apr  4 22:23:45 localhost subscriberdb[2836955]: ERROR:root:Internal Error in subscriberdb-Orc8r communication. If AGW and Orc8r are deployed at a commit hash, upgrade AGW and Orc8r to latest commit hash.
Apr  4 22:23:46 localhost control_proxy[2837121]: 2022-04-04T22:23:45.018Z [127.0.0.1 -> subscriberdb-controller.magmasi.wavelabs.in,8443] "POST /magma.lte.SubscriberDBCloud/ListSubscribers HTTP/2" 200 44088bytes 0.335s
Apr  4 22:23:46 localhost subscriberdb[2836955]: INFO:root:Successfully fetched all subscriber pages from the cloud!
Apr  4 22:23:46 localhost subscriberdb[2836955]: INFO:root:update root digest stored in gateway:
Apr  4 22:23:48 localhost smsd[2837042]: INFO:root:mme non_eps_service_config is not SMS_ORC8R, sleeping.
Apr  4 22:23:48 localhost control_proxy[2837121]: 2022-04-04T22:23:48.203Z [127.0.0.1 -> state-controller.magmasi.wavelabs.in,8443] "POST /magma.orc8r.StateService/ReportStates HTTP/2" 200 5bytes 0.386s
Apr  4 22:23:48 localhost magmad[2836887]: INFO:root:Checkin Successful! Successfully sent states to the cloud!
Apr  4 22:23:50 localhost dhclient[601]: DHCPREQUEST for 172.16.5.121 on eth1 to 172.16.5.2 port 67 (xid=0x25c866c5)
Apr  4 22:23:53 localhost smsd[2837042]: INFO:root:mme non_eps_service_config is not SMS_ORC8R, sleeping.
Apr  4 22:23:57 localhost mobilityd[2836957]: INFO:root:Using GW info: {'default': {2: ('172.16.4.1', 'eth0')}, 2: [('172.16.4.1', 'eth0', True)]}
Apr  4 22:23:57 localhost mobilityd[2836957]: INFO:root:GW-v6 probe: timer started
Apr  4 22:23:58 localhost smsd[2837042]: INFO:root:mme non_eps_service_config is not SMS_ORC8R, sleeping.
Apr  4 22:23:59 localhost sctpd[2837236]: I0404 22:23:59.078785 2837680 sctp_connection.cpp:195] Unhandled notification type 32776
Apr  4 22:24:00 localhost sctpd[2837236]: I0404 22:24:00.138701 2837680 sctp_connection.cpp:195] Unhandled notification type 32777
Apr  4 22:24:00 localhost sctpd[2837236]: I0404 22:24:00.363178 2837680 sctp_connection.cpp:195] Unhandled notification type 32777
Apr  4 22:24:00 localhost sctpd[2837236]: I0404 22:24:00.478216 2837680 sctp_connection.cpp:195] Unhandled notification type 32777
Apr  4 22:24:00 localhost mme[2837640]: [DEBUG] Sending S6A-UPDATE_LOCATION_REQUEST with IMSI: 222700000000001
Apr  4 22:24:00 localhost mme[2837640]: [INFO] Received S6A-LOCATION-UPDATE_ANSWER for IMSI: 222700000000001; Status: ; StatusCode: 2001
Apr  4 22:24:00 localhost mme[2837640]: [INFO] sent itti S6A-LOCATION-UPDATE_ANSWER for IMSI: 222700000000001
Apr  4 22:24:00 localhost sctpd[2837236]: I0404 22:24:00.597249 2837680 sctp_connection.cpp:195] Unhandled notification type 32777
Apr  4 22:24:00 localhost mobilityd[2836957]: INFO:root:Allocated IP 192.168.128.112 for sid IMSI222700000000001 for apn default
Apr  4 22:24:00 localhost policydb[2837015]: INFO:root:Creating a session for subscriber ID: IMSI222700000000001
Apr  4 22:24:00 localhost sessiond[2836966]: I0404 22:24:00.831265 2836966 SetMessageManagerHandler.cpp:342] Processing a CreateSessionResponse for IMSI222700000000001-465922
Apr  4 22:24:00 localhost sessiond[2836966]: I0404 22:24:00.831364 2836966 SessionState.cpp:2774] RuleID allowlist_sid-IMSI222700000000001-default doesn't have a version registered for IMSI222700000000001-465922, this is unexpected
Apr  4 22:24:00 localhost mme[2837640]: PDUSessionResourceSetupRequestTransfer ::= {
Apr  4 22:24:00 localhost mme[2837640]:     protocolIEs: ProtocolIE-Container ::= {
Apr  4 22:24:00 localhost mme[2837640]:         PDUSessionResourceSetupRequestTransferIEs ::= {
Apr  4 22:24:00 localhost mme[2837640]:             id: 130
Apr  4 22:24:00 localhost mme[2837640]:             criticality: 0 (reject)
Apr  4 22:24:00 localhost mme[2837640]:             value: PDUSessionAggregateMaximumBitRate ::= {
Apr  4 22:24:00 localhost mme[2837640]:                 pDUSessionAggregateMaximumBitRateDL: 100000000
Apr  4 22:24:00 localhost mme[2837640]:                 pDUSessionAggregateMaximumBitRateUL: 100000000
Apr  4 22:24:00 localhost mme[2837640]:             }
Apr  4 22:24:00 localhost mme[2837640]:         }
Apr  4 22:24:00 localhost mme[2837640]:         PDUSessionResourceSetupRequestTransferIEs ::= {
Apr  4 22:24:00 localhost mme[2837640]:             id: 139
Apr  4 22:24:00 localhost mme[2837640]:             criticality: 0 (reject)
Apr  4 22:24:00 localhost mme[2837640]:             value: GTPTunnel ::= {
Apr  4 22:24:00 localhost mme[2837640]:                 transportLayerAddress: AC 10 05 79
Apr  4 22:24:00 localhost mme[2837640]:                 gTP-TEID: 80 00 00 07
Apr  4 22:24:00 localhost mme[2837640]:             }
Apr  4 22:24:00 localhost mme[2837640]:         }
Apr  4 22:24:00 localhost mme[2837640]:         PDUSessionResourceSetupRequestTransferIEs ::= {
Apr  4 22:24:00 localhost mme[2837640]:             id: 134
Apr  4 22:24:00 localhost mme[2837640]:             criticality: 0 (reject)
Apr  4 22:24:00 localhost mme[2837640]:             value: 0 (ipv4)
Apr  4 22:24:00 localhost mme[2837640]:         }
Apr  4 22:24:00 localhost mme[2837640]:         PDUSessionResourceSetupRequestTransferIEs ::= {
Apr  4 22:24:00 localhost mme[2837640]:             id: 136
Apr  4 22:24:00 localhost mme[2837640]:             criticality: 0 (reject)
Apr  4 22:24:00 localhost mme[2837640]:             value: QosFlowSetupRequestList ::= {
Apr  4 22:24:00 localhost mme[2837640]:                 QosFlowSetupRequestItem ::= {
Apr  4 22:24:00 localhost mme[2837640]:                     qosFlowIdentifier: 9
Apr  4 22:24:00 localhost mme[2837640]:                     qosFlowLevelQosParameters: QosFlowLevelQosParameters ::= {
Apr  4 22:24:00 localhost mme[2837640]:                         qosCharacteristics: NonDynamic5QIDescriptor ::= {
Apr  4 22:24:00 localhost mme[2837640]:                             fiveQI: 9
Apr  4 22:24:00 localhost mme[2837640]:                         }
Apr  4 22:24:00 localhost mme[2837640]:                         allocationAndRetentionPriority: AllocationAndRetentionPriority ::= {
Apr  4 22:24:00 localhost mme[2837640]:                             priorityLevelARP: 15
Apr  4 22:24:00 localhost mme[2837640]:                             pre-emptionCapability: 0 (shall-not-trigger-pre-emption)
Apr  4 22:24:00 localhost mme[2837640]:                             pre-emptionVulnerability: 0 (not-pre-emptable)
Apr  4 22:24:00 localhost mme[2837640]:                         }
Apr  4 22:24:00 localhost mme[2837640]:                     }
Apr  4 22:24:00 localhost mme[2837640]:                 }
Apr  4 22:24:00 localhost mme[2837640]:             }
Apr  4 22:24:00 localhost mme[2837640]:         }
Apr  4 22:24:00 localhost mme[2837640]:     }
Apr  4 22:24:00 localhost mme[2837640]: }
Apr  4 22:24:01 localhost sctpd[2837236]: I0404 22:24:01.037461 2837680 sctp_connection.cpp:195] Unhandled notification type 32777
Apr  4 22:24:03 localhost smsd[2837042]: INFO:root:mme non_eps_service_config is not SMS_ORC8R, sleeping.
Apr  4 22:24:05 localhost dhclient[601]: DHCPREQUEST for 172.16.5.121 on eth1 to 172.16.5.2 port 67 (xid=0x25c866c5)
Apr  4 22:24:06 localhost control_proxy[2837121]: 2022-04-04T22:24:06.231Z [127.0.0.1 -> streamer-controller.magmasi.wavelabs.in,8443] "POST /magma.orc8r.Streamer/GetUpdates HTTP/2" 200 173bytes 0.551s
Apr  4 22:24:06 localhost policydb[2837015]: INFO:root:Processing 4 policy updates (resync=True)
Apr  4 22:24:07 localhost control_proxy[2837121]: 2022-04-04T22:24:06.231Z [127.0.0.1 -> streamer-controller.magmasi.wavelabs.in,8443] "POST /magma.orc8r.Streamer/GetUpdates HTTP/2" 200 7bytes 0.274s
Apr  4 22:24:07 localhost policydb[2837015]: INFO:root:Processing 0 basename -> policy updates
Apr  4 22:24:07 localhost control_proxy[2837121]: 2022-04-04T22:24:07.063Z [127.0.0.1 -> streamer-controller.magmasi.wavelabs.in,8443] "POST /magma.orc8r.Streamer/GetUpdates HTTP/2" 200 13513bytes 0.329s
Apr  4 22:24:07 localhost policydb[2837015]: INFO:root:Processing 222 SID -> apn -> policy updates
Apr  4 22:24:07 localhost control_proxy[2837121]: 2022-04-04T22:24:07.063Z [127.0.0.1 -> streamer-controller.magmasi.wavelabs.in,8443] "POST /magma.orc8r.Streamer/GetUpdates HTTP/2" 200 7bytes 0.286s
Apr  4 22:24:07 localhost policydb[2837015]: INFO:root:Processing 0 rating group updates
Apr  4 22:24:08 localhost smsd[2837042]: INFO:root:mme non_eps_service_config is not SMS_ORC8R, sleeping.
Apr  4 22:24:12 localhost dhclient[601]: DHCPREQUEST for 172.16.5.121 on eth1 to 172.16.5.2 port 67 (xid=0x25c866c5)
Apr  4 22:24:13 localhost smsd[2837042]: INFO:root:mme non_eps_service_config is not SMS_ORC8R, sleeping.
Apr  4 22:24:17 localhost mobilityd[2836957]: INFO:root:Using GW info: {'default': {2: ('172.16.4.1', 'eth0')}, 2: [('172.16.4.1', 'eth0', True)]}
Apr  4 22:24:17 localhost mobilityd[2836957]: INFO:root:GW-v6 probe: timer started
Apr  4 22:24:17 localhost sctpd[2837236]: I0404 22:24:17.436475 2837680 sctp_connection.cpp:195] Unhandled notification type 32776
Apr  4 22:24:18 localhost magmad[2836887]: ERROR:root:Metrics upload error for service subscriberdb (chunk 0)! [StatusCode.DEADLINE_EXCEEDED] Deadline Exceeded
Apr  4 22:24:18 localhost magmad[2836887]: ERROR:root:Metrics upload error for service mobilityd (chunk 0)! [StatusCode.DEADLINE_EXCEEDED] Deadline Exceeded
Apr  4 22:24:18 localhost magmad[2836887]: ERROR:root:Metrics upload error for service mme (chunk 0)! [StatusCode.DEADLINE_EXCEEDED] Deadline Exceeded
Apr  4 22:24:18 localhost magmad[2836887]: ERROR:root:Metrics upload error for service magmad (chunk 0)! [StatusCode.DEADLINE_EXCEEDED] Deadline Exceeded
Apr  4 22:24:18 localhost magmad[2836887]: ERROR:root:Metrics upload error for service enodebd (chunk 0)! [StatusCode.DEADLINE_EXCEEDED] Deadline Exceeded
Apr  4 22:24:18 localhost magmad[2836887]: ERROR:root:Metrics upload error for service pipelined (chunk 0)! [StatusCode.DEADLINE_EXCEEDED] Deadline Exceeded
Apr  4 22:24:18 localhost magmad[2836887]: ERROR:root:Metrics upload error for service state (chunk 0)! [StatusCode.DEADLINE_EXCEEDED] Deadline Exceeded
Apr  4 22:24:18 localhost magmad[2836887]: ERROR:root:Metrics upload error for service sessiond (chunk 0)! [StatusCode.DEADLINE_EXCEEDED] Deadline Exceeded
Apr  4 22:24:18 localhost sctpd[2837236]: I0404 22:24:18.498085 2837680 sctp_connection.cpp:195] Unhandled notification type 32777
Apr  4 22:24:18 localhost smsd[2837042]: INFO:root:mme non_eps_service_config is not SMS_ORC8R, sleeping.
Apr  4 22:24:22 localhost dhclient[601]: DHCPREQUEST for 172.16.5.121 on eth1 to 172.16.5.2 port 67 (xid=0x25c866c5)
Apr  4 22:24:23 localhost smsd[2837042]: INFO:root:mme non_eps_service_config is not SMS_ORC8R, sleeping.
Apr  4 22:24:33 localhost smsd[2837042]: message repeated 2 times: [ INFO:root:mme non_eps_service_config is not SMS_ORC8R, sleeping.]
Apr  4 22:24:37 localhost mobilityd[2836957]: INFO:root:Using GW info: {'default': {2: ('172.16.4.1', 'eth0')}, 2: [('172.16.4.1', 'eth0', True)]}
Apr  4 22:24:37 localhost mobilityd[2836957]: INFO:root:GW-v6 probe: timer started
Apr  4 22:24:37 localhost dhclient[601]: DHCPREQUEST for 172.16.5.121 on eth1 to 172.16.5.2 port 67 (xid=0x25c866c5)
Apr  4 22:24:37 localhost magmad[2836887]: INFO:root:[SyncRPC] Got heartBeat from cloud
Apr  4 22:24:39 localhost smsd[2837042]: INFO:root:mme non_eps_service_config is not SMS_ORC8R, sleeping.
Apr  4 22:24:40 localhost sctpd[2837236]: I0404 22:24:40.313338 2837680 sctp_connection.cpp:195] Unhandled notification type 32776
Apr  4 22:24:41 localhost sctpd[2837236]: I0404 22:24:41.373373 2837680 sctp_connection.cpp:195] Unhandled notification type 32777
Apr  4 22:24:44 localhost smsd[2837042]: INFO:root:mme non_eps_service_config is not SMS_ORC8R, sleeping.
Apr  4 22:24:44 localhost dhclient[601]: DHCPREQUEST for 172.16.5.121 on eth1 to 172.16.5.2 port 67 (xid=0x25c866c5)
Apr  4 22:24:49 localhost smsd[2837042]: INFO:root:mme non_eps_service_config is not SMS_ORC8R, sleeping.
Apr  4 22:24:49 localhost magmad[2836887]: INFO:root:Setting logging level to INFO
Apr  4 22:24:51 localhost dhclient[601]: DHCPREQUEST for 172.16.5.121 on eth1 to 172.16.5.2 port 67 (xid=0x25c866c5)
Apr  4 22:24:54 localhost smsd[2837042]: INFO:root:mme non_eps_service_config is not SMS_ORC8R, sleeping.
Apr  4 22:24:57 localhost mobilityd[2836957]: INFO:root:Using GW info: {'default': {2: ('172.16.4.1', 'eth0')}, 2: [('172.16.4.1', 'eth0', True)]}
Apr  4 22:24:57 localhost mobilityd[2836957]: INFO:root:GW-v6 probe: timer started
Apr  4 22:24:59 localhost smsd[2837042]: INFO:root:mme non_eps_service_config is not SMS_ORC8R, sleeping.
Apr  4 22:25:00 localhost dhclient[601]: DHCPREQUEST for 172.16.5.121 on eth1 to 172.16.5.2 port 67 (xid=0x25c866c5)
Apr  4 22:25:03 localhost sctpd[2837236]: I0404 22:25:03.592905 2837680 sctp_connection.cpp:195] Unhandled notification type 32776
Apr  4 22:25:04 localhost smsd[2837042]: INFO:root:mme non_eps_service_config is not SMS_ORC8R, sleeping.
Apr  4 22:25:04 localhost sctpd[2837236]: I0404 22:25:04.654649 2837680 sctp_connection.cpp:195] Unhandled notification type 32777
Apr  4 22:25:07 localhost dhclient[601]: DHCPREQUEST for 172.16.5.121 on eth1 to 172.16.5.2 port 67 (xid=0x25c866c5)
Apr  4 22:25:08 localhost control_proxy[2837121]: 2022-04-04T22:25:07.749Z [127.0.0.1 -> streamer-controller.magmasi.wavelabs.in,8443] "POST /magma.orc8r.Streamer/GetUpdates HTTP/2" 200 173bytes 0.277s
Apr  4 22:25:08 localhost policydb[2837015]: INFO:root:Processing 4 policy updates (resync=True)
Apr  4 22:25:08 localhost control_proxy[2837121]: 2022-04-04T22:25:07.749Z [127.0.0.1 -> state-controller.magmasi.wavelabs.in,8443] "POST /magma.orc8r.StateService/ReportStates HTTP/2" 200 5bytes 0.446s
Apr  4 22:25:08 localhost control_proxy[2837121]: 2022-04-04T22:25:08.030Z [127.0.0.1 -> streamer-controller.magmasi.wavelabs.in,8443] "POST /magma.orc8r.Streamer/GetUpdates HTTP/2" 200 7bytes 0.338s
Apr  4 22:25:08 localhost magmad[2836887]: INFO:root:Checkin Successful! Successfully sent states to the cloud!
Apr  4 22:25:08 localhost policydb[2837015]: INFO:root:Processing 0 basename -> policy updates
Apr  4 22:25:08 localhost control_proxy[2837121]: 2022-04-04T22:25:08.030Z [127.0.0.1 -> streamer-controller.magmasi.wavelabs.in,8443] "POST /magma.orc8r.Streamer/GetUpdates HTTP/2" 200 13513bytes 0.310s
Apr  4 22:25:08 localhost policydb[2837015]: INFO:root:Processing 222 SID -> apn -> policy updates
Apr  4 22:25:08 localhost control_proxy[2837121]: 2022-04-04T22:25:08.030Z [127.0.0.1 -> streamer-controller.magmasi.wavelabs.in,8443] "POST /magma.orc8r.Streamer/GetUpdates HTTP/2" 200 7bytes 0.270s
Apr  4 22:25:08 localhost policydb[2837015]: INFO:root:Processing 0 rating group updates
Apr  4 22:25:09 localhost smsd[2837042]: INFO:root:mme non_eps_service_config is not SMS_ORC8R, sleeping.
Apr  4 22:25:14 localhost smsd[2837042]: INFO:root:mme non_eps_service_config is not SMS_ORC8R, sleeping.
Apr  4 22:25:17 localhost mobilityd[2836957]: INFO:root:Using GW info: {'default': {2: ('172.16.4.1', 'eth0')}, 2: [('172.16.4.1', 'eth0', True)]}
Apr  4 22:25:17 localhost mobilityd[2836957]: INFO:root:GW-v6 probe: timer started
Apr  4 22:25:17 localhost dhclient[601]: DHCPREQUEST for 172.16.5.121 on eth1 to 172.16.5.2 port 67 (xid=0x25c866c5)
Apr  4 22:25:18 localhost magmad[2836887]: ERROR:root:Metrics upload error for service subscriberdb (chunk 0)! [StatusCode.DEADLINE_EXCEEDED] Deadline Exceeded
Apr  4 22:25:18 localhost magmad[2836887]: ERROR:root:Metrics upload error for service mobilityd (chunk 0)! [StatusCode.DEADLINE_EXCEEDED] Deadline Exceeded
Apr  4 22:25:18 localhost magmad[2836887]: ERROR:root:Metrics upload error for service mme (chunk 0)! [StatusCode.DEADLINE_EXCEEDED] Deadline Exceeded
Apr  4 22:25:19 localhost smsd[2837042]: INFO:root:mme non_eps_service_config is not SMS_ORC8R, sleeping.
Apr  4 22:25:29 localhost smsd[2837042]: message repeated 2 times: [ INFO:root:mme non_eps_service_config is not SMS_ORC8R, sleeping.]
Apr  4 22:25:32 localhost dhclient[601]: DHCPREQUEST for 172.16.5.121 on eth1 to 172.16.5.2 port 67 (xid=0x25c866c5)
Apr  4 22:25:34 localhost smsd[2837042]: INFO:root:mme non_eps_service_config is not SMS_ORC8R, sleeping.
Apr  4 22:25:37 localhost mobilityd[2836957]: INFO:root:Using GW info: {'default': {2: ('172.16.4.1', 'eth0')}, 2: [('172.16.4.1', 'eth0', True)]}
Apr  4 22:25:37 localhost mobilityd[2836957]: INFO:root:GW-v6 probe: timer started
Apr  4 22:25:37 localhost magmad[2836887]: ERROR:root:Metrics upload error for service magmad (chunk 0)! [StatusCode.DEADLINE_EXCEEDED] Deadline Exceeded
Apr  4 22:25:37 localhost magmad[2836887]: ERROR:root:Metrics upload error for service enodebd (chunk 0)! [StatusCode.DEADLINE_EXCEEDED] Deadline Exceeded
Apr  4 22:25:37 localhost magmad[2836887]: ERROR:root:Metrics upload error for service pipelined (chunk 0)! [StatusCode.DEADLINE_EXCEEDED] Deadline Exceeded
Apr  4 22:25:37 localhost magmad[2836887]: ERROR:root:Metrics upload error for service state (chunk 0)! [StatusCode.DEADLINE_EXCEEDED] Deadline Exceeded
Apr  4 22:25:37 localhost magmad[2836887]: ERROR:root:Metrics upload error for service sessiond (chunk 0)! [StatusCode.DEADLINE_EXCEEDED] Deadline Exceeded
Apr  4 22:25:37 localhost magmad[2836887]: INFO:root:[SyncRPC] Got heartBeat from cloud
Apr  4 22:25:38 localhost control_proxy[2837121]: 2022-04-04T22:24:38.196Z [127.0.0.1 -> streamer-controller.magmasi.wavelabs.in,8443] "POST /magma.orc8r.Streamer/GetUpdates HTTP/2" 200 0bytes 60.276s
Apr  4 22:25:38 localhost magmad[2836887]: ERROR:root:Error! Streaming from the cloud failed! [StatusCode.ABORTED] error while streaming updates: rpc error: code = DeadlineExceeded desc = context deadline exceeded
Apr  4 22:25:39 localhost smsd[2837042]: INFO:root:mme non_eps_service_config is not SMS_ORC8R, sleeping.
Apr  4 22:25:44 localhost smsd[2837042]: INFO:root:mme non_eps_service_config is not SMS_ORC8R, sleeping.
Apr  4 22:25:47 localhost dhclient[601]: DHCPREQUEST for 172.16.5.121 on eth1 to 172.16.5.2 port 67 (xid=0x25c866c5)
Apr  4 22:25:49 localhost smsd[2837042]: INFO:root:mme non_eps_service_config is not SMS_ORC8R, sleeping.
Apr  4 22:25:51 localhost sctpd[2837236]: I0404 22:25:51.521495 2837680 sctp_connection.cpp:195] Unhandled notification type 32776
Apr  4 22:25:51 localhost sctpd[2837236]: I0404 22:25:51.662724 2837680 sctp_connection.cpp:195] Unhandled notification type 32776
Apr  4 22:25:52 localhost sctpd[2837236]: I0404 22:25:52.722371 2837680 sctp_connection.cpp:195] Unhandled notification type 32777
Apr  4 22:25:52 localhost sctpd[2837236]: I0404 22:25:52.829506 2837680 sctp_connection.cpp:195] Unhandled notification type 32777
Apr  4 22:25:52 localhost sessiond[2836966]: I0404 22:25:52.940855 2836966 SetMessageManagerHandler.cpp:142] Release request for session from IMSI: IMSI222700000000001 pdu_id 1
Apr  4 22:25:52 localhost mobilityd[2836957]: INFO:root:Released IP 192.168.128.112 for sid IMSI222700000000001
Apr  4 22:25:53 localhost sctpd[2837236]: I0404 22:25:53.045754 2837680 sctp_connection.cpp:195] Unhandled notification type 32777
Apr  4 22:25:53 localhost sctpd[2837236]: I0404 22:25:53.153512 2837680 sctp_connection.cpp:195] Unhandled notification type 32777
Apr  4 22:25:53 localhost mme[2837640]: [DEBUG] Sending S6A-UPDATE_LOCATION_REQUEST with IMSI: 222700000000001
Apr  4 22:25:53 localhost mme[2837640]: [INFO] Received S6A-LOCATION-UPDATE_ANSWER for IMSI: 222700000000001; Status: ; StatusCode: 2001
Apr  4 22:25:53 localhost mme[2837640]: [INFO] sent itti S6A-LOCATION-UPDATE_ANSWER for IMSI: 222700000000001
Apr  4 22:25:53 localhost sctpd[2837236]: I0404 22:25:53.262113 2837680 sctp_connection.cpp:195] Unhandled notification type 32777
Apr  4 22:25:54 localhost smsd[2837042]: INFO:root:mme non_eps_service_config is not SMS_ORC8R, sleeping.
Apr  4 22:25:55 localhost sctpd[2837236]: I0404 22:25:55.889657 2837680 sctp_connection.cpp:195] Unhandled notification type 32777
Apr  4 22:25:57 localhost mobilityd[2836957]: INFO:root:Using GW info: {'default': {2: ('172.16.4.1', 'eth0')}, 2: [('172.16.4.1', 'eth0', True)]}
Apr  4 22:25:57 localhost mobilityd[2836957]: INFO:root:GW-v6 probe: timer started
Apr  4 22:25:57 localhost policydb[2837015]: INFO:root:Terminating session: IMSI222700000000001-465922
