Apr  4 22:16:56 localhost control_proxy[2837121]: 2022-04-04T22:16:56.495Z [127.0.0.1 -> streamer-controller.magmasi.wavelabs.in,8443] "POST /magma.orc8r.Streamer/GetUpdates HTTP/2" 200 7bytes 0.291s
Apr  4 22:16:56 localhost policydb[2837015]: INFO:root:Processing 0 basename -> policy updates
Apr  4 22:16:57 localhost mobilityd[2836957]: INFO:root:Using GW info: {'default': {2: ('172.16.4.1', 'eth0')}, 2: [('172.16.4.1', 'eth0', True)]}
Apr  4 22:16:57 localhost control_proxy[2837121]: 2022-04-04T22:16:56.495Z [127.0.0.1 -> streamer-controller.magmasi.wavelabs.in,8443] "POST /magma.orc8r.Streamer/GetUpdates HTTP/2" 200 13513bytes 0.314s
Apr  4 22:16:57 localhost mobilityd[2836957]: INFO:root:GW-v6 probe: timer started
Apr  4 22:16:57 localhost policydb[2837015]: INFO:root:Processing 222 SID -> apn -> policy updates
Apr  4 22:16:57 localhost control_proxy[2837121]: 2022-04-04T22:16:57.111Z [127.0.0.1 -> streamer-controller.magmasi.wavelabs.in,8443] "POST /magma.orc8r.Streamer/GetUpdates HTTP/2" 200 7bytes 0.264s
Apr  4 22:16:57 localhost policydb[2837015]: INFO:root:Processing 0 rating group updates
Apr  4 22:17:01 localhost smsd[2837042]: INFO:root:mme non_eps_service_config is not SMS_ORC8R, sleeping.
Apr  4 22:17:01 localhost CRON[2839255]: (root) CMD (   cd / && run-parts --report /etc/cron.hourly)
Apr  4 22:17:04 localhost dhclient[601]: DHCPREQUEST for 172.16.5.121 on eth1 to 172.16.5.2 port 67 (xid=0x25c866c5)
Apr  4 22:17:06 localhost smsd[2837042]: INFO:root:mme non_eps_service_config is not SMS_ORC8R, sleeping.
Apr  4 22:17:07 localhost sctpd[2837236]: I0404 22:17:07.813326 2837680 sctp_connection.cpp:195] Unhandled notification type 32776
Apr  4 22:17:07 localhost sctpd[2837236]: I0404 22:17:07.960583 2837680 sctp_connection.cpp:195] Unhandled notification type 32776
Apr  4 22:17:09 localhost sctpd[2837236]: I0404 22:17:09.017982 2837680 sctp_connection.cpp:195] Unhandled notification type 32777
Apr  4 22:17:09 localhost sctpd[2837236]: I0404 22:17:09.129927 2837680 sctp_connection.cpp:195] Unhandled notification type 32777
Apr  4 22:17:09 localhost sctpd[2837236]: I0404 22:17:09.366369 2837680 sctp_connection.cpp:195] Unhandled notification type 32777
Apr  4 22:17:09 localhost sctpd[2837236]: I0404 22:17:09.481030 2837680 sctp_connection.cpp:195] Unhandled notification type 32777
Apr  4 22:17:09 localhost mme[2837640]: [DEBUG] Sending S6A-UPDATE_LOCATION_REQUEST with IMSI: 222700000000001
Apr  4 22:17:09 localhost mme[2837640]: [INFO] Received S6A-LOCATION-UPDATE_ANSWER for IMSI: 222700000000001; Status: ; StatusCode: 2001
Apr  4 22:17:09 localhost mme[2837640]: [INFO] sent itti S6A-LOCATION-UPDATE_ANSWER for IMSI: 222700000000001
Apr  4 22:17:09 localhost sctpd[2837236]: I0404 22:17:09.601347 2837680 sctp_connection.cpp:195] Unhandled notification type 32777
Apr  4 22:17:10 localhost control_proxy[2837121]: 2022-04-04T22:17:10.155Z [127.0.0.1 -> state-controller.magmasi.wavelabs.in,8443] "POST /magma.orc8r.StateService/ReportStates HTTP/2" 200 5bytes 0.263s
Apr  4 22:17:10 localhost magmad[2836887]: INFO:root:Checkin Successful! Successfully sent states to the cloud!
Apr  4 22:17:11 localhost smsd[2837042]: INFO:root:mme non_eps_service_config is not SMS_ORC8R, sleeping.
Apr  4 22:17:11 localhost mobilityd[2836957]: INFO:root:Allocated IP 192.168.128.113 for sid IMSI222700000000001 for apn default
Apr  4 22:17:11 localhost policydb[2837015]: INFO:root:Creating a session for subscriber ID: IMSI222700000000001
Apr  4 22:17:11 localhost sessiond[2836966]: I0404 22:17:11.846578 2836966 SetMessageManagerHandler.cpp:342] Processing a CreateSessionResponse for IMSI222700000000001-803678
Apr  4 22:17:11 localhost sessiond[2836966]: I0404 22:17:11.846802 2836966 SessionState.cpp:2774] RuleID allowlist_sid-IMSI222700000000001-default doesn't have a version registered for IMSI222700000000001-803678, this is unexpected
Apr  4 22:17:11 localhost mme[2837640]: PDUSessionResourceSetupRequestTransfer ::= {
Apr  4 22:17:11 localhost mme[2837640]:     protocolIEs: ProtocolIE-Container ::= {
Apr  4 22:17:11 localhost mme[2837640]:         PDUSessionResourceSetupRequestTransferIEs ::= {
Apr  4 22:17:11 localhost mme[2837640]:             id: 130
Apr  4 22:17:11 localhost mme[2837640]:             criticality: 0 (reject)
Apr  4 22:17:11 localhost mme[2837640]:             value: PDUSessionAggregateMaximumBitRate ::= {
Apr  4 22:17:11 localhost mme[2837640]:                 pDUSessionAggregateMaximumBitRateDL: 100000000
Apr  4 22:17:11 localhost mme[2837640]:                 pDUSessionAggregateMaximumBitRateUL: 100000000
Apr  4 22:17:11 localhost mme[2837640]:             }
Apr  4 22:17:11 localhost mme[2837640]:         }
Apr  4 22:17:11 localhost mme[2837640]:         PDUSessionResourceSetupRequestTransferIEs ::= {
Apr  4 22:17:11 localhost mme[2837640]:             id: 139
Apr  4 22:17:11 localhost mme[2837640]:             criticality: 0 (reject)
Apr  4 22:17:11 localhost mme[2837640]:             value: GTPTunnel ::= {
Apr  4 22:17:11 localhost mme[2837640]:                 transportLayerAddress: AC 10 05 79
Apr  4 22:17:11 localhost mme[2837640]:                 gTP-TEID: 80 00 00 04
Apr  4 22:17:11 localhost mme[2837640]:             }
Apr  4 22:17:11 localhost mme[2837640]:         }
Apr  4 22:17:11 localhost mme[2837640]:         PDUSessionResourceSetupRequestTransferIEs ::= {
Apr  4 22:17:11 localhost mme[2837640]:             id: 134
Apr  4 22:17:11 localhost mme[2837640]:             criticality: 0 (reject)
Apr  4 22:17:11 localhost mme[2837640]:             value: 0 (ipv4)
Apr  4 22:17:11 localhost mme[2837640]:         }
Apr  4 22:17:11 localhost mme[2837640]:         PDUSessionResourceSetupRequestTransferIEs ::= {
Apr  4 22:17:11 localhost mme[2837640]:             id: 136
Apr  4 22:17:11 localhost mme[2837640]:             criticality: 0 (reject)
Apr  4 22:17:11 localhost mme[2837640]:             value: QosFlowSetupRequestList ::= {
Apr  4 22:17:11 localhost mme[2837640]:                 QosFlowSetupRequestItem ::= {
Apr  4 22:17:11 localhost mme[2837640]:                     qosFlowIdentifier: 9
Apr  4 22:17:11 localhost mme[2837640]:                     qosFlowLevelQosParameters: QosFlowLevelQosParameters ::= {
Apr  4 22:17:11 localhost mme[2837640]:                         qosCharacteristics: NonDynamic5QIDescriptor ::= {
Apr  4 22:17:11 localhost mme[2837640]:                             fiveQI: 9
Apr  4 22:17:11 localhost mme[2837640]:                         }
Apr  4 22:17:11 localhost mme[2837640]:                         allocationAndRetentionPriority: AllocationAndRetentionPriority ::= {
Apr  4 22:17:11 localhost mme[2837640]:                             priorityLevelARP: 15
Apr  4 22:17:11 localhost mme[2837640]:                             pre-emptionCapability: 0 (shall-not-trigger-pre-emption)
Apr  4 22:17:11 localhost mme[2837640]:                             pre-emptionVulnerability: 0 (not-pre-emptable)
Apr  4 22:17:11 localhost mme[2837640]:                         }
Apr  4 22:17:11 localhost mme[2837640]:                     }
Apr  4 22:17:11 localhost mme[2837640]:                 }
Apr  4 22:17:11 localhost mme[2837640]:             }
Apr  4 22:17:11 localhost mme[2837640]:         }
Apr  4 22:17:11 localhost mme[2837640]:     }
Apr  4 22:17:11 localhost mme[2837640]: }
Apr  4 22:17:11 localhost sctpd[2837236]: I0404 22:17:11.939298 2837680 sctp_connection.cpp:195] Unhandled notification type 32777
Apr  4 22:17:11 localhost sessiond[2836966]: I0404 22:17:11.942468 2836966 SessionStateEnforcer.cpp:869]  AMF teid: 40000000 ip address 10.10.10.11 of imsi: IMSI222700000000001 fteid: 2147483652 pdu id: 1 UE ip address 192.168.128.113
Apr  4 22:17:11 localhost eventd[2837039]: DEBUG:root:Logging event: stream_name: "sessiond"
Apr  4 22:17:11 localhost eventd[2837039]: event_type: "session_created"
Apr  4 22:17:11 localhost eventd[2837039]: tag: "IMSI222700000000001"
Apr  4 22:17:11 localhost eventd[2837039]: value: "{\"mac_addr\":\"\",\"user_location\":\"\",\"spgw_ip\":\"\",\"imei\":\"\",\"pdp_start_time\":0,\"session_id\":\"IMSI222700000000001-803678\",\"apn\":\"default\",\"msisdn\":\"\",\"charging_characteristics\":\"\",\"ipv6_addr\":\"\",\"ip_addr\":\"192.168.128.113\",\"imsi\":\"IMSI222700000000001\"}"
Apr  4 22:17:11 localhost eventd[2837039]: ERROR:root:Connection to FluentBit failed: [Errno 111] Connection refused
Apr  4 22:17:11 localhost eventd[2837039]: INFO:root:FluentBit (td-agent-bit) may not be enabled or configured correctly
Apr  4 22:17:11 localhost sessiond[2836966]: I0404 22:17:11.950424 2836977 SessionEvents.cpp:131] Could not log session_created event {"mac_addr":"","user_location":"","spgw_ip":"","imei":"","pdp_start_time":0,"session_id":"IMSI222700000000001-803678","apn":"default","msisdn":"","charging_characteristics":"","ipv6_addr":"","ip_addr":"192.168.128.113","imsi":"IMSI222700000000001"}, Error Message: Could not connect to FluentBit locally, Details: [Errno 111] Connection refused
Apr  4 22:17:14 localhost mme[2837640]: InitiatingMessage ::= {
Apr  4 22:17:14 localhost mme[2837640]:     procedureCode: 28
Apr  4 22:17:14 localhost mme[2837640]:     criticality: 1 (ignore)
Apr  4 22:17:14 localhost mme[2837640]:     value: PDUSessionResourceReleaseCommand ::= {
Apr  4 22:17:14 localhost mme[2837640]:         protocolIEs: ProtocolIE-Container ::= {
Apr  4 22:17:14 localhost mme[2837640]:             PDUSessionResourceReleaseCommandIEs ::= {
Apr  4 22:17:14 localhost mme[2837640]:                 id: 10
Apr  4 22:17:14 localhost mme[2837640]:                 criticality: 0 (reject)
Apr  4 22:17:14 localhost mme[2837640]:                 value: 42
Apr  4 22:17:14 localhost mme[2837640]:             }
Apr  4 22:17:14 localhost mme[2837640]:             PDUSessionResourceReleaseCommandIEs ::= {
Apr  4 22:17:14 localhost mme[2837640]:                 id: 85
Apr  4 22:17:14 localhost mme[2837640]:                 criticality: 0 (reject)
Apr  4 22:17:14 localhost mme[2837640]:                 value: 4294967295
Apr  4 22:17:14 localhost mme[2837640]:             }
Apr  4 22:17:14 localhost mme[2837640]:             PDUSessionResourceReleaseCommandIEs ::= {
Apr  4 22:17:14 localhost mme[2837640]:                 id: 38
Apr  4 22:17:14 localhost mme[2837640]:                 criticality: 0 (reject)
Apr  4 22:17:14 localhost mme[2837640]:                 value:
Apr  4 22:17:14 localhost mme[2837640]:                     7E 01 7C D6 8F 66 03 7E 00 68 01 00 05 2E 01 01
Apr  4 22:17:14 localhost mme[2837640]:                     D3 24 12 01
Apr  4 22:17:14 localhost mme[2837640]:             }
Apr  4 22:17:14 localhost mme[2837640]:             PDUSessionResourceReleaseCommandIEs ::= {
Apr  4 22:17:14 localhost mme[2837640]:                 id: 79
Apr  4 22:17:14 localhost mme[2837640]:                 criticality: 0 (reject)
Apr  4 22:17:14 localhost mme[2837640]:                 value: PDUSessionResourceToReleaseListRelCmd ::= {
Apr  4 22:17:14 localhost mme[2837640]:                 }
Apr  4 22:17:14 localhost mme[2837640]:             }
Apr  4 22:17:14 localhost mme[2837640]:         }
Apr  4 22:17:14 localhost mme[2837640]:     }
Apr  4 22:17:14 localhost mme[2837640]: }
Apr  4 22:17:14 localhost sctpd[2837236]: I0404 22:17:14.212623 2837680 sctp_connection.cpp:195] Unhandled notification type 32777
Apr  4 22:17:14 localhost sessiond[2836966]: I0404 22:17:14.420930 2836966 SetMessageManagerHandler.cpp:142] Release request for session from IMSI: IMSI222700000000001 pdu_id 1
Apr  4 22:17:14 localhost mobilityd[2836957]: INFO:root:Released IP 192.168.128.113 for sid IMSI222700000000001
Apr  4 22:17:14 localhost policydb[2837015]: INFO:root:Terminating session: IMSI222700000000001-803678
Apr  4 22:17:14 localhost eventd[2837039]: DEBUG:root:Logging event: stream_name: "sessiond"
Apr  4 22:17:14 localhost eventd[2837039]: event_type: "session_terminated"
Apr  4 22:17:14 localhost eventd[2837039]: tag: "IMSI222700000000001"
Apr  4 22:17:14 localhost eventd[2837039]: value: "{\"mac_addr\":\"\",\"user_location\":\"\",\"spgw_ip\":\"\",\"imei\":\"\",\"record_sequence_number\":1,\"pdp_end_time\":33,\"charging_rx\":0,\"duration\":33,\"ip_addr\":\"192.168.128.113\",\"monitoring_tx\":0,\"ipv6_addr\":\"\",\"msisdn\":\"\",\"apn\":\"default\",\"session_id\":\"IMSI222700000000001-803678\",\"list_of_service_data\":[],\"charging_characteristics\":\"\",\"total_tx\":0,\"cause_for_rec_closing\":0,\"imsi\":\"IMSI222700000000001\",\"total_rx\":0,\"monitoring_rx\":0,\"charging_tx\":0,\"pdp_start_time\":0}"
Apr  4 22:17:14 localhost eventd[2837039]: ERROR:root:Connection to FluentBit failed: [Errno 111] Connection refused
Apr  4 22:17:14 localhost eventd[2837039]: INFO:root:FluentBit (td-agent-bit) may not be enabled or configured correctly
Apr  4 22:17:14 localhost sessiond[2836966]: I0404 22:17:14.445379 2836977 SessionEvents.cpp:291] Could not log session_terminated event {"mac_addr":"","user_location":"","spgw_ip":"","imei":"","record_sequence_number":1,"pdp_end_time":33,"charging_rx":0,"duration":33,"ip_addr":"192.168.128.113","monitoring_tx":0,"ipv6_addr":"","msisdn":"","apn":"default","session_id":"IMSI222700000000001-803678","list_of_service_data":[],"charging_characteristics":"","total_tx":0,"cause_for_rec_closing":0,"imsi":"IMSI222700000000001","total_rx":0,"monitoring_rx":0,"charging_tx":0,"pdp_start_time":0}, Error Message: Could not connect to FluentBit locally, Details: [Errno 111] Connection refused
Apr  4 22:17:14 localhost sctpd[2837236]: I0404 22:17:14.613864 2837680 sctp_connection.cpp:195] Unhandled notification type 32777
Apr  4 22:17:16 localhost smsd[2837042]: INFO:root:mme non_eps_service_config is not SMS_ORC8R, sleeping.
Apr  4 22:17:16 localhost dhclient[601]: DHCPREQUEST for 172.16.5.121 on eth1 to 172.16.5.2 port 67 (xid=0x25c866c5)
Apr  4 22:17:17 localhost mobilityd[2836957]: INFO:root:Using GW info: {'default': {2: ('172.16.4.1', 'eth0')}, 2: [('172.16.4.1', 'eth0', True)]}
Apr  4 22:17:17 localhost mobilityd[2836957]: INFO:root:GW-v6 probe: timer started
Apr  4 22:17:19 localhost sessiond[2836966]: I0404 22:17:19.426352 2836966 SessionStateEnforcer.cpp:377] Nothing to remove as no respective entry found for session id IMSI222700000000001-803678 of IMSI IMSI222700000000001
Apr  4 22:17:21 localhost smsd[2837042]: INFO:root:mme non_eps_service_config is not SMS_ORC8R, sleeping.
Apr  4 22:17:26 localhost smsd[2837042]: INFO:root:mme non_eps_service_config is not SMS_ORC8R, sleeping.
Apr  4 22:17:30 localhost dhclient[601]: DHCPREQUEST for 172.16.5.121 on eth1 to 172.16.5.2 port 67 (xid=0x25c866c5)
Apr  4 22:17:31 localhost smsd[2837042]: INFO:root:mme non_eps_service_config is not SMS_ORC8R, sleeping.
Apr  4 22:17:33 localhost sctpd[2837236]: I0404 22:17:33.252255 2837680 sctp_connection.cpp:195] Unhandled notification type 32776
Apr  4 22:17:36 localhost smsd[2837042]: INFO:root:mme non_eps_service_config is not SMS_ORC8R, sleeping.
Apr  4 22:17:37 localhost mobilityd[2836957]: INFO:root:Using GW info: {'default': {2: ('172.16.4.1', 'eth0')}, 2: [('172.16.4.1', 'eth0', True)]}
Apr  4 22:17:37 localhost mobilityd[2836957]: INFO:root:GW-v6 probe: timer started
Apr  4 22:17:37 localhost control_proxy[2837121]: 2022-04-04T22:16:36.719Z [127.0.0.1 -> streamer-controller.magmasi.wavelabs.in,8443] "POST /magma.orc8r.Streamer/GetUpdates HTTP/2" 200 0bytes 60.519s
Apr  4 22:17:37 localhost magmad[2836887]: ERROR:root:Error! Streaming from the cloud failed! [StatusCode.ABORTED] error while streaming updates: rpc error: code = DeadlineExceeded desc = context deadline exceeded
Apr  4 22:17:37 localhost magmad[2836887]: INFO:root:[SyncRPC] Got heartBeat from cloud
Apr  4 22:17:41 localhost magmad[2836887]: ERROR:root:Metrics upload error for service subscriberdb (chunk 0)! [StatusCode.DEADLINE_EXCEEDED] Deadline Exceeded
Apr  4 22:17:41 localhost magmad[2836887]: ERROR:root:Metrics upload error for service mobilityd (chunk 0)! [StatusCode.DEADLINE_EXCEEDED] Deadline Exceeded
Apr  4 22:17:41 localhost magmad[2836887]: ERROR:root:Metrics upload error for service mme (chunk 0)! [StatusCode.DEADLINE_EXCEEDED] Deadline Exceeded
Apr  4 22:17:41 localhost magmad[2836887]: ERROR:root:Metrics upload error for service magmad (chunk 0)! [StatusCode.DEADLINE_EXCEEDED] Deadline Exceeded
Apr  4 22:17:41 localhost magmad[2836887]: ERROR:root:Metrics upload error for service enodebd (chunk 0)! [StatusCode.DEADLINE_EXCEEDED] Deadline Exceeded
Apr  4 22:17:41 localhost magmad[2836887]: ERROR:root:Metrics upload error for service pipelined (chunk 0)! [StatusCode.DEADLINE_EXCEEDED] Deadline Exceeded
Apr  4 22:17:41 localhost magmad[2836887]: ERROR:root:Metrics upload error for service state (chunk 0)! [StatusCode.DEADLINE_EXCEEDED] Deadline Exceeded
Apr  4 22:17:41 localhost magmad[2836887]: ERROR:root:Metrics upload error for service sessiond (chunk 0)! [StatusCode.DEADLINE_EXCEEDED] Deadline Exceeded
Apr  4 22:17:41 localhost smsd[2837042]: INFO:root:mme non_eps_service_config is not SMS_ORC8R, sleeping.
Apr  4 22:17:42 localhost sctpd[2837236]: I0404 22:17:42.889240 2837680 sctp_connection.cpp:195] Unhandled notification type 32777
Apr  4 22:17:42 localhost dhclient[601]: DHCPREQUEST for 172.16.5.121 on eth1 to 172.16.5.2 port 67 (xid=0x25c866c5)
Apr  4 22:17:43 localhost sctpd[2837236]: I0404 22:17:43.120524 2837680 sctp_connection.cpp:195] Unhandled notification type 32777
Apr  4 22:17:43 localhost sctpd[2837236]: I0404 22:17:43.235960 2837680 sctp_connection.cpp:195] Unhandled notification type 32777
Apr  4 22:17:43 localhost sctpd[2837236]: I0404 22:17:43.355265 2837680 sctp_connection.cpp:195] Unhandled notification type 32777
Apr  4 22:17:43 localhost mme[2837640]: [DEBUG] Sending S6A-UPDATE_LOCATION_REQUEST with IMSI: 222700000000001
Apr  4 22:17:43 localhost mme[2837640]: [INFO] Received S6A-LOCATION-UPDATE_ANSWER for IMSI: 222700000000001; Status: ; StatusCode: 2001
Apr  4 22:17:43 localhost mme[2837640]: [INFO] sent itti S6A-LOCATION-UPDATE_ANSWER for IMSI: 222700000000001
Apr  4 22:17:43 localhost sctpd[2837236]: I0404 22:17:43.481806 2837680 sctp_connection.cpp:195] Unhandled notification type 32777
Apr  4 22:17:44 localhost sctpd[2837236]: I0404 22:17:44.905660 2837680 sctp_connection.cpp:195] Unhandled notification type 32777
Apr  4 22:17:46 localhost smsd[2837042]: INFO:root:mme non_eps_service_config is not SMS_ORC8R, sleeping.
Apr  4 22:17:56 localhost smsd[2837042]: message repeated 2 times: [ INFO:root:mme non_eps_service_config is not SMS_ORC8R, sleeping.]
Apr  4 22:17:57 localhost mobilityd[2836957]: INFO:root:Using GW info: {'default': {2: ('172.16.4.1', 'eth0')}, 2: [('172.16.4.1', 'eth0', True)]}
Apr  4 22:17:57 localhost mobilityd[2836957]: INFO:root:GW-v6 probe: timer started
Apr  4 22:17:57 localhost control_proxy[2837121]: 2022-04-04T22:17:57.438Z [127.0.0.1 -> streamer-controller.magmasi.wavelabs.in,8443] "POST /magma.orc8r.Streamer/GetUpdates HTTP/2" 200 173bytes 0.531s
Apr  4 22:17:57 localhost policydb[2837015]: INFO:root:Processing 4 policy updates (resync=True)
Apr  4 22:17:58 localhost control_proxy[2837121]: 2022-04-04T22:17:57.438Z [127.0.0.1 -> streamer-controller.magmasi.wavelabs.in,8443] "POST /magma.orc8r.Streamer/GetUpdates HTTP/2" 200 7bytes 0.276s
Apr  4 22:17:58 localhost policydb[2837015]: INFO:root:Processing 0 basename -> policy updates
Apr  4 22:17:58 localhost control_proxy[2837121]: 2022-04-04T22:17:58.253Z [127.0.0.1 -> streamer-controller.magmasi.wavelabs.in,8443] "POST /magma.orc8r.Streamer/GetUpdates HTTP/2" 200 13513bytes 0.321s
Apr  4 22:17:58 localhost policydb[2837015]: INFO:root:Processing 222 SID -> apn -> policy updates
Apr  4 22:17:58 localhost control_proxy[2837121]: 2022-04-04T22:17:58.253Z [127.0.0.1 -> streamer-controller.magmasi.wavelabs.in,8443] "POST /magma.orc8r.Streamer/GetUpdates HTTP/2" 200 7bytes 0.270s
Apr  4 22:17:58 localhost policydb[2837015]: INFO:root:Processing 0 rating group updates
Apr  4 22:18:00 localhost dhclient[601]: DHCPREQUEST for 172.16.5.121 on eth1 to 172.16.5.2 port 67 (xid=0x25c866c5)
Apr  4 22:18:01 localhost sctpd[2837236]: I0404 22:18:01.335566 2837680 sctp_connection.cpp:195] Unhandled notification type 32776
Apr  4 22:18:01 localhost smsd[2837042]: INFO:root:mme non_eps_service_config is not SMS_ORC8R, sleeping.
Apr  4 22:18:02 localhost sctpd[2837236]: I0404 22:18:02.394698 2837680 sctp_connection.cpp:195] Unhandled notification type 32777
Apr  4 22:18:02 localhost sctpd[2837236]: I0404 22:18:02.627079 2837680 sctp_connection.cpp:195] Unhandled notification type 32777
Apr  4 22:18:02 localhost sctpd[2837236]: I0404 22:18:02.833242 2837680 sctp_connection.cpp:195] Unhandled notification type 32777
Apr  4 22:18:06 localhost smsd[2837042]: INFO:root:mme non_eps_service_config is not SMS_ORC8R, sleeping.
Apr  4 22:18:08 localhost sctpd[2837236]: I0404 22:18:08.841405 2837680 sctp_connection.cpp:195] Unhandled notification type 32777
Apr  4 22:18:11 localhost magmad[2836887]: INFO:root:Setting logging level to INFO
Apr  4 22:18:11 localhost smsd[2837042]: INFO:root:mme non_eps_service_config is not SMS_ORC8R, sleeping.
Apr  4 22:18:12 localhost mme[2837640]: [DEBUG] Sending S6A-UPDATE_LOCATION_REQUEST with IMSI: 222700000000001
Apr  4 22:18:12 localhost mme[2837640]: [INFO] Received S6A-LOCATION-UPDATE_ANSWER for IMSI: 222700000000001; Status: ; StatusCode: 2001
Apr  4 22:18:12 localhost mme[2837640]: [INFO] sent itti S6A-LOCATION-UPDATE_ANSWER for IMSI: 222700000000001
Apr  4 22:18:12 localhost sctpd[2837236]: I0404 22:18:12.912636 2837680 sctp_connection.cpp:195] Unhandled notification type 32777
Apr  4 22:18:16 localhost smsd[2837042]: INFO:root:mme non_eps_service_config is not SMS_ORC8R, sleeping.
Apr  4 22:18:17 localhost mobilityd[2836957]: INFO:root:Using GW info: {'default': {2: ('172.16.4.1', 'eth0')}, 2: [('172.16.4.1', 'eth0', True)]}
Apr  4 22:18:17 localhost mobilityd[2836957]: INFO:root:GW-v6 probe: timer started
Apr  4 22:18:21 localhost dhclient[601]: DHCPREQUEST for 172.16.5.121 on eth1 to 172.16.5.2 port 67 (xid=0x25c866c5)
Apr  4 22:18:21 localhost smsd[2837042]: INFO:root:mme non_eps_service_config is not SMS_ORC8R, sleeping.
Apr  4 22:18:26 localhost smsd[2837042]: INFO:root:mme non_eps_service_config is not SMS_ORC8R, sleeping.
Apr  4 22:18:29 localhost sctpd[2837236]: I0404 22:18:29.548470 2837680 sctp_connection.cpp:195] Unhandled notification type 32776
Apr  4 22:18:30 localhost control_proxy[2837121]: 2022-04-04T22:18:29.687Z [127.0.0.1 -> state-controller.magmasi.wavelabs.in,8443] "POST /magma.orc8r.StateService/ReportStates HTTP/2" 200 5bytes 0.665s
Apr  4 22:18:30 localhost magmad[2836887]: INFO:root:Checkin Successful! Successfully sent states to the cloud!
Apr  4 22:18:30 localhost sctpd[2837236]: I0404 22:18:30.610193 2837680 sctp_connection.cpp:195] Unhandled notification type 32777
Apr  4 22:18:31 localhost dhclient[601]: DHCPREQUEST for 172.16.5.121 on eth1 to 172.16.5.2 port 67 (xid=0x25c866c5)
Apr  4 22:18:31 localhost smsd[2837042]: INFO:root:mme non_eps_service_config is not SMS_ORC8R, sleeping.
Apr  4 22:18:36 localhost smsd[2837042]: INFO:root:mme non_eps_service_config is not SMS_ORC8R, sleeping.
Apr  4 22:18:37 localhost mobilityd[2836957]: INFO:root:Using GW info: {'default': {2: ('172.16.4.1', 'eth0')}, 2: [('172.16.4.1', 'eth0', True)]}
Apr  4 22:18:37 localhost mobilityd[2836957]: INFO:root:GW-v6 probe: timer started
Apr  4 22:18:37 localhost magmad[2836887]: INFO:root:[SyncRPC] Got heartBeat from cloud
Apr  4 22:18:42 localhost smsd[2837042]: INFO:root:mme non_eps_service_config is not SMS_ORC8R, sleeping.
Apr  4 22:18:43 localhost subscriberdb[2836955]: INFO:root:get digest stored in gateway:
Apr  4 22:18:43 localhost control_proxy[2837121]: 2022-04-04T22:18:43.158Z [127.0.0.1 -> subscriberdb-controller.magmasi.wavelabs.in,8443] "POST /magma.lte.SubscriberDBCloud/CheckInSync HTTP/2" 200 0bytes 0.509s
Apr  4 22:18:43 localhost subscriberdb[2836955]: ERROR:root:Internal Error in subscriberdb-Orc8r communication. If AGW and Orc8r are deployed at a commit hash, upgrade AGW and Orc8r to latest commit hash.
Apr  4 22:18:43 localhost dhclient[601]: DHCPREQUEST for 172.16.5.121 on eth1 to 172.16.5.2 port 67 (xid=0x25c866c5)
Apr  4 22:18:43 localhost control_proxy[2837121]: 2022-04-04T22:18:43.158Z [127.0.0.1 -> subscriberdb-controller.magmasi.wavelabs.in,8443] "POST /magma.lte.SubscriberDBCloud/Sync HTTP/2" 200 0bytes 0.261s
Apr  4 22:18:43 localhost subscriberdb[2836955]: ERROR:root:Internal Error in subscriberdb-Orc8r communication. If AGW and Orc8r are deployed at a commit hash, upgrade AGW and Orc8r to latest commit hash.
Apr  4 22:18:44 localhost control_proxy[2837121]: 2022-04-04T22:18:43.158Z [127.0.0.1 -> subscriberdb-controller.magmasi.wavelabs.in,8443] "POST /magma.lte.SubscriberDBCloud/ListSubscribers HTTP/2" 200 44088bytes 0.597s
Apr  4 22:18:44 localhost subscriberdb[2836955]: INFO:root:Successfully fetched all subscriber pages from the cloud!
Apr  4 22:18:44 localhost subscriberdb[2836955]: INFO:root:update root digest stored in gateway:
Apr  4 22:18:47 localhost smsd[2837042]: INFO:root:mme non_eps_service_config is not SMS_ORC8R, sleeping.
Apr  4 22:18:52 localhost smsd[2837042]: INFO:root:mme non_eps_service_config is not SMS_ORC8R, sleeping.
Apr  4 22:18:52 localhost sctpd[2837236]: I0404 22:18:52.249583 2837680 sctp_connection.cpp:195] Unhandled notification type 32776
Apr  4 22:18:53 localhost sctpd[2837236]: I0404 22:18:53.306288 2837680 sctp_connection.cpp:195] Unhandled notification type 32777
Apr  4 22:18:57 localhost smsd[2837042]: INFO:root:mme non_eps_service_config is not SMS_ORC8R, sleeping.
Apr  4 22:18:57 localhost mobilityd[2836957]: INFO:root:Using GW info: {'default': {2: ('172.16.4.1', 'eth0')}, 2: [('172.16.4.1', 'eth0', True)]}
Apr  4 22:18:57 localhost mobilityd[2836957]: INFO:root:GW-v6 probe: timer started
Apr  4 22:18:59 localhost dhclient[601]: DHCPREQUEST for 172.16.5.121 on eth1 to 172.16.5.2 port 67 (xid=0x25c866c5)
Apr  4 22:18:59 localhost control_proxy[2837121]: 2022-04-04T22:18:58.902Z [127.0.0.1 -> streamer-controller.magmasi.wavelabs.in,8443] "POST /magma.orc8r.Streamer/GetUpdates HTTP/2" 200 173bytes 0.530s
Apr  4 22:18:59 localhost policydb[2837015]: INFO:root:Processing 4 policy updates (resync=True)
Apr  4 22:18:59 localhost magmad[2836887]: ERROR:root:Metrics upload error for service subscriberdb (chunk 0)! [StatusCode.DEADLINE_EXCEEDED] Deadline Exceeded
Apr  4 22:18:59 localhost magmad[2836887]: ERROR:root:Metrics upload error for service mobilityd (chunk 0)! [StatusCode.DEADLINE_EXCEEDED] Deadline Exceeded
Apr  4 22:18:59 localhost magmad[2836887]: ERROR:root:Metrics upload error for service mme (chunk 0)! [StatusCode.DEADLINE_EXCEEDED] Deadline Exceeded
Apr  4 22:18:59 localhost magmad[2836887]: ERROR:root:Metrics upload error for service magmad (chunk 0)! [StatusCode.DEADLINE_EXCEEDED] Deadline Exceeded
Apr  4 22:18:59 localhost control_proxy[2837121]: 2022-04-04T22:18:59.438Z [127.0.0.1 -> streamer-controller.magmasi.wavelabs.in,8443] "POST /magma.orc8r.Streamer/GetUpdates HTTP/2" 200 7bytes 0.273s
Apr  4 22:18:59 localhost magmad[2836887]: ERROR:root:Metrics upload error for service enodebd (chunk 0)! [StatusCode.DEADLINE_EXCEEDED] Deadline Exceeded
Apr  4 22:18:59 localhost policydb[2837015]: INFO:root:Processing 0 basename -> policy updates
Apr  4 22:18:59 localhost magmad[2836887]: ERROR:root:Metrics upload error for service pipelined (chunk 0)! [StatusCode.DEADLINE_EXCEEDED] Deadline Exceeded
Apr  4 22:18:59 localhost magmad[2836887]: ERROR:root:Metrics upload error for service state (chunk 0)! [StatusCode.DEADLINE_EXCEEDED] Deadline Exceeded
Apr  4 22:18:59 localhost magmad[2836887]: ERROR:root:Metrics upload error for service sessiond (chunk 0)! [StatusCode.DEADLINE_EXCEEDED] Deadline Exceeded
Apr  4 22:19:00 localhost control_proxy[2837121]: 2022-04-04T22:18:59.438Z [127.0.0.1 -> streamer-controller.magmasi.wavelabs.in,8443] "POST /magma.orc8r.Streamer/GetUpdates HTTP/2" 200 13513bytes 0.294s
Apr  4 22:19:00 localhost policydb[2837015]: INFO:root:Processing 222 SID -> apn -> policy updates
Apr  4 22:19:00 localhost control_proxy[2837121]: 2022-04-04T22:19:00.017Z [127.0.0.1 -> streamer-controller.magmasi.wavelabs.in,8443] "POST /magma.orc8r.Streamer/GetUpdates HTTP/2" 200 7bytes 0.283s
Apr  4 22:19:00 localhost policydb[2837015]: INFO:root:Processing 0 rating group updates
Apr  4 22:19:02 localhost smsd[2837042]: INFO:root:mme non_eps_service_config is not SMS_ORC8R, sleeping.
Apr  4 22:19:12 localhost smsd[2837042]: message repeated 2 times: [ INFO:root:mme non_eps_service_config is not SMS_ORC8R, sleeping.]
Apr  4 22:19:15 localhost sctpd[2837236]: I0404 22:19:15.125988 2837680 sctp_connection.cpp:195] Unhandled notification type 32776
Apr  4 22:19:15 localhost dhclient[601]: DHCPREQUEST for 172.16.5.121 on eth1 to 172.16.5.2 port 67 (xid=0x25c866c5)
Apr  4 22:19:16 localhost sctpd[2837236]: I0404 22:19:16.189627 2837680 sctp_connection.cpp:195] Unhandled notification type 32777
Apr  4 22:19:17 localhost mobilityd[2836957]: INFO:root:Using GW info: {'default': {2: ('172.16.4.1', 'eth0')}, 2: [('172.16.4.1', 'eth0', True)]}
Apr  4 22:19:17 localhost mobilityd[2836957]: INFO:root:GW-v6 probe: timer started
Apr  4 22:19:17 localhost smsd[2837042]: INFO:root:mme non_eps_service_config is not SMS_ORC8R, sleeping.
Apr  4 22:19:27 localhost smsd[2837042]: message repeated 2 times: [ INFO:root:mme non_eps_service_config is not SMS_ORC8R, sleeping.]
Apr  4 22:19:30 localhost magmad[2836887]: INFO:root:Setting logging level to INFO
Apr  4 22:19:32 localhost smsd[2837042]: INFO:root:mme non_eps_service_config is not SMS_ORC8R, sleeping.
Apr  4 22:19:34 localhost dhclient[601]: DHCPREQUEST for 172.16.5.121 on eth1 to 172.16.5.2 port 67 (xid=0x25c866c5)
Apr  4 22:19:37 localhost mobilityd[2836957]: INFO:root:Using GW info: {'default': {2: ('172.16.4.1', 'eth0')}, 2: [('172.16.4.1', 'eth0', True)]}
Apr  4 22:19:37 localhost mobilityd[2836957]: INFO:root:GW-v6 probe: timer started
Apr  4 22:19:37 localhost smsd[2837042]: INFO:root:mme non_eps_service_config is not SMS_ORC8R, sleeping.
Apr  4 22:19:37 localhost control_proxy[2837121]: 2022-04-04T22:18:37.250Z [127.0.0.1 -> streamer-controller.magmasi.wavelabs.in,8443] "POST /magma.orc8r.Streamer/GetUpdates HTTP/2" 200 0bytes 60.263s
Apr  4 22:19:37 localhost magmad[2836887]: ERROR:root:Error! Streaming from the cloud failed! [StatusCode.ABORTED] error while streaming updates: rpc error: code = DeadlineExceeded desc = context deadline exceeded
Apr  4 22:19:37 localhost sctpd[2837236]: I0404 22:19:37.764415 2837680 sctp_connection.cpp:195] Unhandled notification type 32776
Apr  4 22:19:37 localhost magmad[2836887]: INFO:root:[SyncRPC] Got heartBeat from cloud
Apr  4 22:19:38 localhost sctpd[2837236]: I0404 22:19:38.826354 2837680 sctp_connection.cpp:195] Unhandled notification type 32777
Apr  4 22:19:42 localhost smsd[2837042]: INFO:root:mme non_eps_service_config is not SMS_ORC8R, sleeping.
Apr  4 22:19:47 localhost smsd[2837042]: INFO:root:mme non_eps_service_config is not SMS_ORC8R, sleeping.
Apr  4 22:19:49 localhost control_proxy[2837121]: 2022-04-04T22:19:49.441Z [127.0.0.1 -> state-controller.magmasi.wavelabs.in,8443] "POST /magma.orc8r.StateService/ReportStates HTTP/2" 200 5bytes 0.517s
Apr  4 22:19:49 localhost magmad[2836887]: INFO:root:Checkin Successful! Successfully sent states to the cloud!
Apr  4 22:19:51 localhost dhclient[601]: DHCPREQUEST for 172.16.5.121 on eth1 to 172.16.5.2 port 67 (xid=0x25c866c5)
Apr  4 22:19:52 localhost smsd[2837042]: INFO:root:mme non_eps_service_config is not SMS_ORC8R, sleeping.
Apr  4 22:19:55 localhost sctpd[2837236]: I0404 22:19:55.354772 2837680 sctp_connection.cpp:195] Unhandled notification type 32776
Apr  4 22:19:57 localhost mobilityd[2836957]: INFO:root:Using GW info: {'default': {2: ('172.16.4.1', 'eth0')}, 2: [('172.16.4.1', 'eth0', True)]}
Apr  4 22:19:57 localhost mobilityd[2836957]: INFO:root:GW-v6 probe: timer started
Apr  4 22:19:57 localhost smsd[2837042]: INFO:root:mme non_eps_service_config is not SMS_ORC8R, sleeping.
Apr  4 22:19:59 localhost magmad[2836887]: ERROR:root:Metrics upload error for service subscriberdb (chunk 0)! [StatusCode.DEADLINE_EXCEEDED] Deadline Exceeded
Apr  4 22:19:59 localhost magmad[2836887]: ERROR:root:Metrics upload error for service mobilityd (chunk 0)! [StatusCode.DEADLINE_EXCEEDED] Deadline Exceeded
Apr  4 22:19:59 localhost magmad[2836887]: ERROR:root:Metrics upload error for service mme (chunk 0)! [StatusCode.DEADLINE_EXCEEDED] Deadline Exceeded
Apr  4 22:19:59 localhost magmad[2836887]: ERROR:root:Metrics upload error for service magmad (chunk 0)! [StatusCode.DEADLINE_EXCEEDED] Deadline Exceeded
Apr  4 22:19:59 localhost magmad[2836887]: ERROR:root:Metrics upload error for service enodebd (chunk 0)! [StatusCode.DEADLINE_EXCEEDED] Deadline Exceeded
Apr  4 22:19:59 localhost magmad[2836887]: ERROR:root:Metrics upload error for service pipelined (chunk 0)! [StatusCode.DEADLINE_EXCEEDED] Deadline Exceeded
Apr  4 22:19:59 localhost magmad[2836887]: ERROR:root:Metrics upload error for service state (chunk 0)! [StatusCode.DEADLINE_EXCEEDED] Deadline Exceeded
Apr  4 22:19:59 localhost magmad[2836887]: ERROR:root:Metrics upload error for service sessiond (chunk 0)! [StatusCode.DEADLINE_EXCEEDED] Deadline Exceeded
Apr  4 22:20:00 localhost control_proxy[2837121]: 2022-04-04T22:20:00.324Z [127.0.0.1 -> streamer-controller.magmasi.wavelabs.in,8443] "POST /magma.orc8r.Streamer/GetUpdates HTTP/2" 200 173bytes 0.545s
Apr  4 22:20:00 localhost policydb[2837015]: INFO:root:Processing 4 policy updates (resync=True)
Apr  4 22:20:01 localhost control_proxy[2837121]: 2022-04-04T22:20:00.324Z [127.0.0.1 -> streamer-controller.magmasi.wavelabs.in,8443] "POST /magma.orc8r.Streamer/GetUpdates HTTP/2" 200 7bytes 0.272s
Apr  4 22:20:01 localhost policydb[2837015]: INFO:root:Processing 0 basename -> policy updates
Apr  4 22:20:01 localhost control_proxy[2837121]: 2022-04-04T22:20:01.148Z [127.0.0.1 -> streamer-controller.magmasi.wavelabs.in,8443] "POST /magma.orc8r.Streamer/GetUpdates HTTP/2" 200 13513bytes 0.322s
Apr  4 22:20:01 localhost policydb[2837015]: INFO:root:Processing 222 SID -> apn -> policy updates
Apr  4 22:20:01 localhost control_proxy[2837121]: 2022-04-04T22:20:01.148Z [127.0.0.1 -> streamer-controller.magmasi.wavelabs.in,8443] "POST /magma.orc8r.Streamer/GetUpdates HTTP/2" 200 7bytes 0.310s
Apr  4 22:20:01 localhost policydb[2837015]: INFO:root:Processing 0 rating group updates
Apr  4 22:20:02 localhost smsd[2837042]: INFO:root:mme non_eps_service_config is not SMS_ORC8R, sleeping.
Apr  4 22:20:05 localhost sctpd[2837236]: I0404 22:20:05.111529 2837680 sctp_connection.cpp:195] Unhandled notification type 32777
Apr  4 22:20:05 localhost sctpd[2837236]: I0404 22:20:05.336692 2837680 sctp_connection.cpp:195] Unhandled notification type 32777
Apr  4 22:20:07 localhost smsd[2837042]: INFO:root:mme non_eps_service_config is not SMS_ORC8R, sleeping.
Apr  4 22:20:12 localhost smsd[2837042]: INFO:root:mme non_eps_service_config is not SMS_ORC8R, sleeping.
Apr  4 22:20:12 localhost dhclient[601]: DHCPREQUEST for 172.16.5.121 on eth1 to 172.16.5.2 port 67 (xid=0x25c866c5)
Apr  4 22:20:17 localhost mobilityd[2836957]: INFO:root:Using GW info: {'default': {2: ('172.16.4.1', 'eth0')}, 2: [('172.16.4.1', 'eth0', True)]}
Apr  4 22:20:17 localhost mobilityd[2836957]: INFO:root:GW-v6 probe: timer started
Apr  4 22:20:17 localhost smsd[2837042]: INFO:root:mme non_eps_service_config is not SMS_ORC8R, sleeping.
Apr  4 22:20:22 localhost smsd[2837042]: INFO:root:mme non_eps_service_config is not SMS_ORC8R, sleeping.
Apr  4 22:20:27 localhost sctpd[2837236]: I0404 22:20:27.140666 2837680 sctp_connection.cpp:195] Unhandled notification type 32776
Apr  4 22:20:27 localhost sctpd[2837236]: I0404 22:20:27.263795 2837680 sctp_connection.cpp:195] Unhandled notification type 32776
Apr  4 22:20:27 localhost smsd[2837042]: INFO:root:mme non_eps_service_config is not SMS_ORC8R, sleeping.
Apr  4 22:20:28 localhost sctpd[2837236]: I0404 22:20:28.320545 2837680 sctp_connection.cpp:195] Unhandled notification type 32777
Apr  4 22:20:28 localhost sctpd[2837236]: I0404 22:20:28.414912 2837680 sctp_connection.cpp:195] Unhandled notification type 32777
Apr  4 22:20:28 localhost sctpd[2837236]: I0404 22:20:28.627138 2837680 sctp_connection.cpp:195] Unhandled notification type 32777
Apr  4 22:20:28 localhost sctpd[2837236]: I0404 22:20:28.745359 2837680 sctp_connection.cpp:195] Unhandled notification type 32777
Apr  4 22:20:28 localhost mme[2837640]: [DEBUG] Sending S6A-UPDATE_LOCATION_REQUEST with IMSI: 222700000000001
Apr  4 22:20:28 localhost mme[2837640]: [INFO] Received S6A-LOCATION-UPDATE_ANSWER for IMSI: 222700000000001; Status: ; StatusCode: 2001
Apr  4 22:20:28 localhost mme[2837640]: [INFO] sent itti S6A-LOCATION-UPDATE_ANSWER for IMSI: 222700000000001
Apr  4 22:20:28 localhost sctpd[2837236]: I0404 22:20:28.800920 2837680 sctp_connection.cpp:195] Unhandled notification type 32777
Apr  4 22:20:30 localhost dhclient[601]: DHCPREQUEST for 172.16.5.121 on eth1 to 172.16.5.2 port 67 (xid=0x25c866c5)
Apr  4 22:20:30 localhost mobilityd[2836957]: INFO:root:Allocated IP 192.168.128.110 for sid IMSI222700000000001 for apn default
Apr  4 22:20:30 localhost policydb[2837015]: INFO:root:Creating a session for subscriber ID: IMSI222700000000001
Apr  4 22:20:30 localhost sessiond[2836966]: I0404 22:20:30.994506 2836966 SetMessageManagerHandler.cpp:342] Processing a CreateSessionResponse for IMSI222700000000001-629276
Apr  4 22:20:30 localhost sessiond[2836966]: I0404 22:20:30.994756 2836966 SessionState.cpp:2774] RuleID allowlist_sid-IMSI222700000000001-default doesn't have a version registered for IMSI222700000000001-629276, this is unexpected
Apr  4 22:20:30 localhost mme[2837640]: PDUSessionResourceSetupRequestTransfer ::= {
Apr  4 22:20:30 localhost mme[2837640]:     protocolIEs: ProtocolIE-Container ::= {
Apr  4 22:20:30 localhost mme[2837640]:         PDUSessionResourceSetupRequestTransferIEs ::= {
Apr  4 22:20:30 localhost mme[2837640]:             id: 130
Apr  4 22:20:30 localhost mme[2837640]:             criticality: 0 (reject)
Apr  4 22:20:30 localhost mme[2837640]:             value: PDUSessionAggregateMaximumBitRate ::= {
Apr  4 22:20:30 localhost mme[2837640]:                 pDUSessionAggregateMaximumBitRateDL: 100000000
Apr  4 22:20:30 localhost mme[2837640]:                 pDUSessionAggregateMaximumBitRateUL: 100000000
Apr  4 22:20:30 localhost mme[2837640]:             }
Apr  4 22:20:30 localhost mme[2837640]:         }
Apr  4 22:20:30 localhost mme[2837640]:         PDUSessionResourceSetupRequestTransferIEs ::= {
Apr  4 22:20:30 localhost mme[2837640]:             id: 139
Apr  4 22:20:30 localhost mme[2837640]:             criticality: 0 (reject)
Apr  4 22:20:30 localhost mme[2837640]:             value: GTPTunnel ::= {
Apr  4 22:20:30 localhost mme[2837640]:                 transportLayerAddress: AC 10 05 79
Apr  4 22:20:30 localhost mme[2837640]:                 gTP-TEID: 80 00 00 05
Apr  4 22:20:30 localhost mme[2837640]:             }
Apr  4 22:20:30 localhost mme[2837640]:         }
Apr  4 22:20:30 localhost mme[2837640]:         PDUSessionResourceSetupRequestTransferIEs ::= {
Apr  4 22:20:30 localhost mme[2837640]:             id: 134
Apr  4 22:20:30 localhost mme[2837640]:             criticality: 0 (reject)
Apr  4 22:20:31 localhost mme[2837640]:             value: 0 (ipv4)
Apr  4 22:20:31 localhost mme[2837640]:         }
Apr  4 22:20:31 localhost mme[2837640]:         PDUSessionResourceSetupRequestTransferIEs ::= {
Apr  4 22:20:31 localhost mme[2837640]:             id: 136
Apr  4 22:20:31 localhost mme[2837640]:             criticality: 0 (reject)
Apr  4 22:20:31 localhost mme[2837640]:             value: QosFlowSetupRequestList ::= {
Apr  4 22:20:31 localhost mme[2837640]:                 QosFlowSetupRequestItem ::= {
Apr  4 22:20:31 localhost mme[2837640]:                     qosFlowIdentifier: 9
Apr  4 22:20:31 localhost mme[2837640]:                     qosFlowLevelQosParameters: QosFlowLevelQosParameters ::= {
Apr  4 22:20:31 localhost mme[2837640]:                         qosCharacteristics: NonDynamic5QIDescriptor ::= {
Apr  4 22:20:31 localhost mme[2837640]:                             fiveQI: 9
Apr  4 22:20:31 localhost mme[2837640]:                         }
Apr  4 22:20:31 localhost mme[2837640]:                         allocationAndRetentionPriority: AllocationAndRetentionPriority ::= {
Apr  4 22:20:31 localhost mme[2837640]:                             priorityLevelARP: 15
Apr  4 22:20:31 localhost mme[2837640]:                             pre-emptionCapability: 0 (shall-not-trigger-pre-emption)
Apr  4 22:20:31 localhost mme[2837640]:                             pre-emptionVulnerability: 0 (not-pre-emptable)
Apr  4 22:20:31 localhost mme[2837640]:                         }
Apr  4 22:20:31 localhost mme[2837640]:                     }
Apr  4 22:20:31 localhost mme[2837640]:                 }
Apr  4 22:20:31 localhost mme[2837640]:             }
Apr  4 22:20:31 localhost mme[2837640]:         }
Apr  4 22:20:31 localhost mme[2837640]:     }
Apr  4 22:20:31 localhost mme[2837640]: }
Apr  4 22:20:31 localhost sctpd[2837236]: I0404 22:20:31.201756 2837680 sctp_connection.cpp:195] Unhandled notification type 32777
Apr  4 22:20:32 localhost smsd[2837042]: INFO:root:mme non_eps_service_config is not SMS_ORC8R, sleeping.
Apr  4 22:20:33 localhost mme[2837640]: InitiatingMessage ::= {
Apr  4 22:20:33 localhost mme[2837640]:     procedureCode: 28
Apr  4 22:20:33 localhost mme[2837640]:     criticality: 1 (ignore)
Apr  4 22:20:33 localhost mme[2837640]:     value: PDUSessionResourceReleaseCommand ::= {
Apr  4 22:20:33 localhost mme[2837640]:         protocolIEs: ProtocolIE-Container ::= {
Apr  4 22:20:33 localhost mme[2837640]:             PDUSessionResourceReleaseCommandIEs ::= {
Apr  4 22:20:33 localhost mme[2837640]:                 id: 10
Apr  4 22:20:33 localhost mme[2837640]:                 criticality: 0 (reject)
Apr  4 22:20:33 localhost mme[2837640]:                 value: 49
Apr  4 22:20:33 localhost mme[2837640]:             }
Apr  4 22:20:33 localhost mme[2837640]:             PDUSessionResourceReleaseCommandIEs ::= {
Apr  4 22:20:33 localhost mme[2837640]:                 id: 85
Apr  4 22:20:33 localhost mme[2837640]:                 criticality: 0 (reject)
Apr  4 22:20:33 localhost mme[2837640]:                 value: 4294967295
Apr  4 22:20:33 localhost mme[2837640]:             }
Apr  4 22:20:33 localhost mme[2837640]:             PDUSessionResourceReleaseCommandIEs ::= {
Apr  4 22:20:33 localhost mme[2837640]:                 id: 38
Apr  4 22:20:33 localhost mme[2837640]:                 criticality: 0 (reject)
Apr  4 22:20:33 localhost mme[2837640]:                 value:
Apr  4 22:20:33 localhost mme[2837640]:                     7E 01 13 F0 44 15 03 7E 00 68 01 00 05 2E 01 01
Apr  4 22:20:33 localhost mme[2837640]:                     D3 24 12 01
Apr  4 22:20:33 localhost mme[2837640]:             }
Apr  4 22:20:33 localhost mme[2837640]:             PDUSessionResourceReleaseCommandIEs ::= {
Apr  4 22:20:33 localhost mme[2837640]:                 id: 79
Apr  4 22:20:33 localhost mme[2837640]:                 criticality: 0 (reject)
Apr  4 22:20:33 localhost mme[2837640]:                 value: PDUSessionResourceToReleaseListRelCmd ::= {
Apr  4 22:20:33 localhost mme[2837640]:                 }
Apr  4 22:20:33 localhost mme[2837640]:             }
Apr  4 22:20:33 localhost mme[2837640]:         }
Apr  4 22:20:33 localhost mme[2837640]:     }
Apr  4 22:20:33 localhost mme[2837640]: }
Apr  4 22:20:33 localhost sctpd[2837236]: I0404 22:20:33.219835 2837680 sctp_connection.cpp:195] Unhandled notification type 32777
Apr  4 22:20:37 localhost mobilityd[2836957]: INFO:root:Using GW info: {'default': {2: ('172.16.4.1', 'eth0')}, 2: [('172.16.4.1', 'eth0', True)]}
Apr  4 22:20:37 localhost mobilityd[2836957]: INFO:root:GW-v6 probe: timer started
Apr  4 22:20:37 localhost smsd[2837042]: INFO:root:mme non_eps_service_config is not SMS_ORC8R, sleeping.
Apr  4 22:20:37 localhost control_proxy[2837121]: 2022-04-04T22:20:37.573Z [127.0.0.1 -> state-controller.magmasi.wavelabs.in,8443] "POST /magma.orc8r.StateService/ReportStates HTTP/2" 200 5bytes 0.265s
Apr  4 22:20:37 localhost magmad[2836887]: INFO:root:[SyncRPC] Got heartBeat from cloud
Apr  4 22:20:38 localhost dhclient[601]: DHCPREQUEST for 172.16.5.121 on eth1 to 172.16.5.2 port 67 (xid=0x25c866c5)
Apr  4 22:20:42 localhost smsd[2837042]: INFO:root:mme non_eps_service_config is not SMS_ORC8R, sleeping.
Apr  4 22:20:47 localhost smsd[2837042]: INFO:root:mme non_eps_service_config is not SMS_ORC8R, sleeping.
Apr  4 22:20:49 localhost dhclient[601]: DHCPREQUEST for 172.16.5.121 on eth1 to 172.16.5.2 port 67 (xid=0x25c866c5)
Apr  4 22:20:50 localhost magmad[2836887]: INFO:root:Setting logging level to INFO
Apr  4 22:20:52 localhost sctpd[2837236]: I0404 22:20:52.169265 2837680 sctp_connection.cpp:195] Unhandled notification type 32776
Apr  4 22:20:52 localhost smsd[2837042]: INFO:root:mme non_eps_service_config is not SMS_ORC8R, sleeping.
Apr  4 22:20:57 localhost mobilityd[2836957]: INFO:root:Using GW info: {'default': {2: ('172.16.4.1', 'eth0')}, 2: [('172.16.4.1', 'eth0', True)]}
Apr  4 22:20:57 localhost mobilityd[2836957]: INFO:root:GW-v6 probe: timer started
Apr  4 22:20:57 localhost smsd[2837042]: INFO:root:mme non_eps_service_config is not SMS_ORC8R, sleeping.
Apr  4 22:21:01 localhost sctpd[2837236]: I0404 22:21:01.890946 2837680 sctp_connection.cpp:195] Unhandled notification type 32777
Apr  4 22:21:02 localhost sctpd[2837236]: I0404 22:21:02.120668 2837680 sctp_connection.cpp:195] Unhandled notification type 32777
Apr  4 22:21:02 localhost sessiond[2836966]: I0404 22:21:02.125072 2836966 SetMessageManagerHandler.cpp:142] Release request for session from IMSI: IMSI222700000000001 pdu_id 1
Apr  4 22:21:02 localhost mobilityd[2836957]: INFO:root:Released IP 192.168.128.110 for sid IMSI222700000000001
Apr  4 22:21:02 localhost sctpd[2837236]: I0404 22:21:02.235306 2837680 sctp_connection.cpp:195] Unhandled notification type 32777
Apr  4 22:21:02 localhost sctpd[2837236]: I0404 22:21:02.365363 2837680 sctp_connection.cpp:195] Unhandled notification type 32777
Apr  4 22:21:02 localhost mme[2837640]: [DEBUG] Sending S6A-UPDATE_LOCATION_REQUEST with IMSI: 222700000000001
Apr  4 22:21:02 localhost mme[2837640]: [INFO] Received S6A-LOCATION-UPDATE_ANSWER for IMSI: 222700000000001; Status: ; StatusCode: 2001
Apr  4 22:21:02 localhost mme[2837640]: [INFO] sent itti S6A-LOCATION-UPDATE_ANSWER for IMSI: 222700000000001
Apr  4 22:21:02 localhost control_proxy[2837121]: 2022-04-04T22:21:01.853Z [127.0.0.1 -> streamer-controller.magmasi.wavelabs.in,8443] "POST /magma.orc8r.Streamer/GetUpdates HTTP/2" 200 173bytes 0.534s
Apr  4 22:21:02 localhost policydb[2837015]: INFO:root:Processing 4 policy updates (resync=True)
Apr  4 22:21:02 localhost sctpd[2837236]: I0404 22:21:02.573514 2837680 sctp_connection.cpp:195] Unhandled notification type 32777
Apr  4 22:21:02 localhost control_proxy[2837121]: 2022-04-04T22:21:02.389Z [127.0.0.1 -> streamer-controller.magmasi.wavelabs.in,8443] "POST /magma.orc8r.Streamer/GetUpdates HTTP/2" 200 7bytes 0.273s
Apr  4 22:21:02 localhost policydb[2837015]: INFO:root:Processing 0 basename -> policy updates
Apr  4 22:21:02 localhost smsd[2837042]: INFO:root:mme non_eps_service_config is not SMS_ORC8R, sleeping.
Apr  4 22:21:02 localhost control_proxy[2837121]: 2022-04-04T22:21:02.389Z [127.0.0.1 -> streamer-controller.magmasi.wavelabs.in,8443] "POST /magma.orc8r.Streamer/GetUpdates HTTP/2" 200 13513bytes 0.296s
Apr  4 22:21:02 localhost policydb[2837015]: INFO:root:Processing 222 SID -> apn -> policy updates
Apr  4 22:21:03 localhost control_proxy[2837121]: 2022-04-04T22:21:02.389Z [127.0.0.1 -> streamer-controller.magmasi.wavelabs.in,8443] "POST /magma.orc8r.Streamer/GetUpdates HTTP/2" 200 7bytes 0.269s
Apr  4 22:21:03 localhost policydb[2837015]: INFO:root:Processing 0 rating group updates
Apr  4 22:21:04 localhost dhclient[601]: DHCPREQUEST for 172.16.5.121 on eth1 to 172.16.5.2 port 67 (xid=0x25c866c5)
Apr  4 22:21:07 localhost policydb[2837015]: INFO:root:Terminating session: IMSI222700000000001-629276
Apr  4 22:21:07 localhost eventd[2837039]: DEBUG:root:Logging event: stream_name: "sessiond"
Apr  4 22:21:07 localhost eventd[2837039]: event_type: "session_terminated"
Apr  4 22:21:07 localhost eventd[2837039]: tag: "IMSI222700000000001"
Apr  4 22:21:07 localhost eventd[2837039]: value: "{\"mac_addr\":\"\",\"user_location\":\"\",\"spgw_ip\":\"\",\"imei\":\"\",\"record_sequence_number\":1,\"pdp_end_time\":33,\"charging_rx\":0,\"duration\":33,\"ip_addr\":\"192.168.128.110\",\"monitoring_tx\":0,\"ipv6_addr\":\"\",\"msisdn\":\"\",\"apn\":\"default\",\"session_id\":\"IMSI222700000000001-629276\",\"list_of_service_data\":[],\"charging_characteristics\":\"\",\"total_tx\":0,\"cause_for_rec_closing\":0,\"imsi\":\"IMSI222700000000001\",\"total_rx\":0,\"monitoring_rx\":0,\"charging_tx\":0,\"pdp_start_time\":0}"
Apr  4 22:21:07 localhost eventd[2837039]: ERROR:root:Connection to FluentBit failed: [Errno 111] Connection refused
Apr  4 22:21:07 localhost eventd[2837039]: INFO:root:FluentBit (td-agent-bit) may not be enabled or configured correctly
