Mar 10 16:29:31 localhost sctpd[944152]: I0310 16:29:31.704093 944650 sctpd_downlink_impl.cpp:76] SctpdDownlinkImpl::SendDl starting
Mar 10 16:29:31 localhost mme[944598]: [INFO] Received S6A-LOCATION-UPDATE_ANSWER for IMSI: 222700000000001; Status: ; StatusCode: 2001
Mar 10 16:29:31 localhost mme[944598]: [INFO] sent itti S6A-LOCATION-UPDATE_ANSWER for IMSI: 222700000000001
Mar 10 16:29:31 localhost sctpd[944152]: I0310 16:29:31.814085 944655 sctp_connection.cpp:167] HandleClientSock sd = 46
Mar 10 16:29:31 localhost sctpd[944152]: I0310 16:29:31.814193 944655 sctp_connection.cpp:193] Unhandled notification type 32777
Mar 10 16:29:31 localhost sctpd[944152]: I0310 16:29:31.814214 944655 sctp_connection.cpp:167] HandleClientSock sd = 46
Mar 10 16:29:31 localhost sctpd[944152]: I0310 16:29:31.814281 944655 sctp_connection.cpp:220] [sd:46] msg of len 22 on 3745:1
Mar 10 16:29:31 localhost dnsmasq-dhcp[944055]: DHCPDISCOVER(eth1) fa:16:3e:2a:89:3f 
Mar 10 16:29:31 localhost dnsmasq-dhcp[944055]: DHCPOFFER(eth1) 172.16.7.251 fa:16:3e:2a:89:3f 
Mar 10 16:29:32 localhost sctpd[944152]: I0310 16:29:32.015029 944655 sctp_connection.cpp:167] HandleClientSock sd = 46
Mar 10 16:29:32 localhost sctpd[944152]: I0310 16:29:32.015125 944655 sctp_connection.cpp:220] [sd:46] msg of len 56 on 3745:1
Mar 10 16:29:32 localhost sctpd[944152]: I0310 16:29:32.977600 944655 sctp_connection.cpp:167] HandleClientSock sd = 46
Mar 10 16:29:32 localhost sctpd[944152]: I0310 16:29:32.977705 944655 sctp_connection.cpp:220] [sd:46] msg of len 70 on 3745:1
Mar 10 16:29:32 localhost sctpd[944152]: I0310 16:29:32.983543 944650 sctpd_downlink_impl.cpp:76] SctpdDownlinkImpl::SendDl starting
Mar 10 16:29:32 localhost sctpd[944152]: I0310 16:29:32.984251 944650 sctpd_downlink_impl.cpp:76] SctpdDownlinkImpl::SendDl starting
Mar 10 16:29:33 localhost sctpd[944152]: I0310 16:29:33.240928 944655 sctp_connection.cpp:167] HandleClientSock sd = 46
Mar 10 16:29:33 localhost sctpd[944152]: I0310 16:29:33.241034 944655 sctp_connection.cpp:193] Unhandled notification type 32777
Mar 10 16:29:33 localhost sctpd[944152]: I0310 16:29:33.241055 944655 sctp_connection.cpp:167] HandleClientSock sd = 46
Mar 10 16:29:33 localhost sctpd[944152]: I0310 16:29:33.241076 944655 sctp_connection.cpp:220] [sd:46] msg of len 22 on 3745:1
Mar 10 16:29:33 localhost sctpd[944152]: I0310 16:29:33.446933 944655 sctp_connection.cpp:167] HandleClientSock sd = 46
Mar 10 16:29:33 localhost sctpd[944152]: I0310 16:29:33.447036 944655 sctp_connection.cpp:220] [sd:46] msg of len 42 on 3745:0
Mar 10 16:29:33 localhost sctpd[944152]: I0310 16:29:33.448793 944650 sctpd_downlink_impl.cpp:76] SctpdDownlinkImpl::SendDl starting
Mar 10 16:29:33 localhost sctpd[944152]: I0310 16:29:33.507885 944655 sctp_connection.cpp:167] HandleClientSock sd = 46
Mar 10 16:29:33 localhost sctpd[944152]: I0310 16:29:33.507949 944655 sctp_connection.cpp:193] Unhandled notification type 32777
Mar 10 16:29:33 localhost sctpd[944152]: I0310 16:29:33.507959 944655 sctp_connection.cpp:167] HandleClientSock sd = 46
Mar 10 16:29:33 localhost sctpd[944152]: I0310 16:29:33.507972 944655 sctp_connection.cpp:220] [sd:46] msg of len 71 on 3745:1
Mar 10 16:29:33 localhost sctpd[944152]: I0310 16:29:33.510617 944650 sctpd_downlink_impl.cpp:76] SctpdDownlinkImpl::SendDl starting
Mar 10 16:29:33 localhost sctpd[944152]: I0310 16:29:33.511066 944157 sctpd_downlink_impl.cpp:76] SctpdDownlinkImpl::SendDl starting
Mar 10 16:29:33 localhost sctpd[944152]: I0310 16:29:33.768427 944655 sctp_connection.cpp:167] HandleClientSock sd = 46
Mar 10 16:29:33 localhost sctpd[944152]: I0310 16:29:33.768543 944655 sctp_connection.cpp:193] Unhandled notification type 32777
Mar 10 16:29:33 localhost sctpd[944152]: I0310 16:29:33.768570 944655 sctp_connection.cpp:167] HandleClientSock sd = 46
Mar 10 16:29:33 localhost sctpd[944152]: I0310 16:29:33.768599 944655 sctp_connection.cpp:220] [sd:46] msg of len 22 on 3745:1
Mar 10 16:29:34 localhost smsd[943978]: INFO:root:mme non_eps_service_config is not SMS_ORC8R, sleeping.
Mar 10 16:29:34 localhost dhclient[601]: DHCPREQUEST for 172.16.5.121 on eth1 to 172.16.5.2 port 67 (xid=0x4b4058b5)
Mar 10 16:29:39 localhost smsd[943978]: INFO:root:mme non_eps_service_config is not SMS_ORC8R, sleeping.
Mar 10 16:29:41 localhost sctpd[944152]: I0310 16:29:41.103873 944655 sctp_connection.cpp:167] HandleClientSock sd = 46
Mar 10 16:29:41 localhost sctpd[944152]: I0310 16:29:41.104033 944655 sctp_connection.cpp:185] SCTP_SHUTDOWN_EVENT received
Mar 10 16:29:41 localhost sctpd[944152]: I0310 16:29:41.104048 944655 sctp_connection.cpp:280] Sending close connection for assoc_id 3745
Mar 10 16:29:41 localhost magmad[943817]: ERROR:root:Metrics upload error for service subscriberdb (chunk 0)! [StatusCode.DEADLINE_EXCEEDED] Deadline Exceeded
Mar 10 16:29:41 localhost magmad[943817]: ERROR:root:Metrics upload error for service mobilityd (chunk 0)! [StatusCode.DEADLINE_EXCEEDED] Deadline Exceeded
Mar 10 16:29:41 localhost magmad[943817]: ERROR:root:Metrics upload error for service mme (chunk 0)! [StatusCode.DEADLINE_EXCEEDED] Deadline Exceeded
Mar 10 16:29:41 localhost magmad[943817]: ERROR:root:Metrics upload error for service magmad (chunk 0)! [StatusCode.DEADLINE_EXCEEDED] Deadline Exceeded
Mar 10 16:29:41 localhost magmad[943817]: ERROR:root:Metrics upload error for service enodebd (chunk 0)! [StatusCode.DEADLINE_EXCEEDED] Deadline Exceeded
Mar 10 16:29:41 localhost magmad[943817]: ERROR:root:Metrics upload error for service pipelined (chunk 0)! [StatusCode.DEADLINE_EXCEEDED] Deadline Exceeded
Mar 10 16:29:41 localhost magmad[943817]: ERROR:root:Metrics upload error for service state (chunk 0)! [StatusCode.DEADLINE_EXCEEDED] Deadline Exceeded
Mar 10 16:29:41 localhost magmad[943817]: ERROR:root:Metrics upload error for service sessiond (chunk 0)! [StatusCode.DEADLINE_EXCEEDED] Deadline Exceeded
Mar 10 16:29:42 localhost control_proxy[944547]: 2022-03-10T16:29:41.955Z [127.0.0.1 -> state-controller.magmasi.wavelabs.in,8443] "POST /magma.orc8r.StateService/ReportStates HTTP/2" 200 5bytes 0.517s
Mar 10 16:29:42 localhost magmad[943817]: INFO:root:Checkin Successful! Successfully sent states to the cloud!
Mar 10 16:29:42 localhost dnsmasq-dhcp[944055]: DHCPDISCOVER(eth1) fa:16:3e:2a:89:3f 
Mar 10 16:29:42 localhost dnsmasq-dhcp[944055]: DHCPOFFER(eth1) 172.16.7.251 fa:16:3e:2a:89:3f 
Mar 10 16:29:44 localhost smsd[943978]: INFO:root:mme non_eps_service_config is not SMS_ORC8R, sleeping.
Mar 10 16:29:44 localhost magmad[943817]: INFO:root:Checking for upgrade...
Mar 10 16:29:44 localhost magmad[943817]: WARNING:root:magmad package_version config missing or set to default 0.0.0-0, skipping upgrade
Mar 10 16:29:44 localhost dhclient[601]: DHCPREQUEST for 172.16.5.121 on eth1 to 172.16.5.2 port 67 (xid=0x4b4058b5)
Mar 10 16:29:47 localhost mobilityd[943896]: INFO:root:Using GW info: {'default': {2: ('172.16.4.1', 'eth0')}, 2: [('172.16.4.1', 'eth0', True)]}
Mar 10 16:29:47 localhost mobilityd[943896]: INFO:root:GW-v6 probe: timer started
Mar 10 16:29:49 localhost smsd[943978]: INFO:root:mme non_eps_service_config is not SMS_ORC8R, sleeping.
Mar 10 16:29:50 localhost sctpd[944152]: I0310 16:29:50.029211 944655 sctp_connection.cpp:167] HandleClientSock sd = 47
Mar 10 16:29:50 localhost sctpd[944152]: I0310 16:29:50.029326 944655 sctp_connection.cpp:189] SCTP association change event received
Mar 10 16:29:50 localhost sctpd[944152]: I0310 16:29:50.030114 944655 sctp_connection.cpp:167] HandleClientSock sd = 47
Mar 10 16:29:50 localhost sctpd[944152]: I0310 16:29:50.030149 944655 sctp_connection.cpp:193] Unhandled notification type 32776
Mar 10 16:29:50 localhost sctpd[944152]: I0310 16:29:50.149298 944655 sctp_connection.cpp:167] HandleClientSock sd = 48
Mar 10 16:29:50 localhost sctpd[944152]: I0310 16:29:50.149411 944655 sctp_connection.cpp:189] SCTP association change event received
Mar 10 16:29:50 localhost sctpd[944152]: I0310 16:29:50.150156 944655 sctp_connection.cpp:167] HandleClientSock sd = 48
Mar 10 16:29:50 localhost sctpd[944152]: I0310 16:29:50.150202 944655 sctp_connection.cpp:193] Unhandled notification type 32776
Mar 10 16:29:51 localhost sctpd[944152]: I0310 16:29:51.205871 944655 sctp_connection.cpp:167] HandleClientSock sd = 47
Mar 10 16:29:51 localhost sctpd[944152]: I0310 16:29:51.205997 944655 sctp_connection.cpp:220] [sd:47] msg of len 42 on 3746:0
Mar 10 16:29:51 localhost sctpd[944152]: I0310 16:29:51.208088 944650 sctpd_downlink_impl.cpp:76] SctpdDownlinkImpl::SendDl starting
Mar 10 16:29:51 localhost sctpd[944152]: I0310 16:29:51.208621 944655 sctp_connection.cpp:167] HandleClientSock sd = 47
Mar 10 16:29:51 localhost sctpd[944152]: I0310 16:29:51.208699 944655 sctp_connection.cpp:193] Unhandled notification type 32777
Mar 10 16:29:51 localhost sctpd[944152]: I0310 16:29:51.318709 944655 sctp_connection.cpp:167] HandleClientSock sd = 48
Mar 10 16:29:51 localhost sctpd[944152]: I0310 16:29:51.318850 944655 sctp_connection.cpp:220] [sd:48] msg of len 42 on 3747:0
Mar 10 16:29:51 localhost sctpd[944152]: I0310 16:29:51.320515 944650 sctpd_downlink_impl.cpp:76] SctpdDownlinkImpl::SendDl starting
Mar 10 16:29:51 localhost sctpd[944152]: I0310 16:29:51.321054 944655 sctp_connection.cpp:167] HandleClientSock sd = 48
Mar 10 16:29:51 localhost sctpd[944152]: I0310 16:29:51.321135 944655 sctp_connection.cpp:193] Unhandled notification type 32777
Mar 10 16:29:51 localhost sctpd[944152]: I0310 16:29:51.432274 944655 sctp_connection.cpp:167] HandleClientSock sd = 48
Mar 10 16:29:51 localhost sctpd[944152]: I0310 16:29:51.432385 944655 sctp_connection.cpp:220] [sd:48] msg of len 88 on 3747:1
Mar 10 16:29:51 localhost sctpd[944152]: I0310 16:29:51.448021 944650 sctpd_downlink_impl.cpp:76] SctpdDownlinkImpl::SendDl starting
Mar 10 16:29:51 localhost sctpd[944152]: I0310 16:29:51.551026 944655 sctp_connection.cpp:167] HandleClientSock sd = 48
Mar 10 16:29:51 localhost sctpd[944152]: I0310 16:29:51.551131 944655 sctp_connection.cpp:193] Unhandled notification type 32777
Mar 10 16:29:51 localhost sctpd[944152]: I0310 16:29:51.551151 944655 sctp_connection.cpp:167] HandleClientSock sd = 48
Mar 10 16:29:51 localhost sctpd[944152]: I0310 16:29:51.551175 944655 sctp_connection.cpp:220] [sd:48] msg of len 67 on 3747:1
Mar 10 16:29:51 localhost sctpd[944152]: I0310 16:29:51.556124 944650 sctpd_downlink_impl.cpp:76] SctpdDownlinkImpl::SendDl starting
Mar 10 16:29:51 localhost sctpd[944152]: I0310 16:29:51.668809 944655 sctp_connection.cpp:167] HandleClientSock sd = 48
Mar 10 16:29:51 localhost sctpd[944152]: I0310 16:29:51.668912 944655 sctp_connection.cpp:193] Unhandled notification type 32777
Mar 10 16:29:51 localhost sctpd[944152]: I0310 16:29:51.668933 944655 sctp_connection.cpp:167] HandleClientSock sd = 48
Mar 10 16:29:51 localhost sctpd[944152]: I0310 16:29:51.668956 944655 sctp_connection.cpp:220] [sd:48] msg of len 56 on 3747:1
Mar 10 16:29:51 localhost mme[944598]: [DEBUG] Sending S6A-UPDATE_LOCATION_REQUEST with IMSI: 222700000000001
Mar 10 16:29:51 localhost sctpd[944152]: I0310 16:29:51.674582 944650 sctpd_downlink_impl.cpp:76] SctpdDownlinkImpl::SendDl starting
Mar 10 16:29:51 localhost mme[944598]: [INFO] Received S6A-LOCATION-UPDATE_ANSWER for IMSI: 222700000000001; Status: ; StatusCode: 2001
Mar 10 16:29:51 localhost mme[944598]: [INFO] sent itti S6A-LOCATION-UPDATE_ANSWER for IMSI: 222700000000001
Mar 10 16:29:51 localhost sctpd[944152]: I0310 16:29:51.789296 944655 sctp_connection.cpp:167] HandleClientSock sd = 48
Mar 10 16:29:51 localhost sctpd[944152]: I0310 16:29:51.789398 944655 sctp_connection.cpp:193] Unhandled notification type 32777
Mar 10 16:29:51 localhost sctpd[944152]: I0310 16:29:51.789417 944655 sctp_connection.cpp:167] HandleClientSock sd = 48
Mar 10 16:29:51 localhost sctpd[944152]: I0310 16:29:51.789439 944655 sctp_connection.cpp:220] [sd:48] msg of len 22 on 3747:1
Mar 10 16:29:51 localhost sctpd[944152]: I0310 16:29:51.990830 944655 sctp_connection.cpp:167] HandleClientSock sd = 48
Mar 10 16:29:51 localhost sctpd[944152]: I0310 16:29:51.990895 944655 sctp_connection.cpp:220] [sd:48] msg of len 56 on 3747:1
Mar 10 16:29:54 localhost sctpd[944152]: I0310 16:29:54.011484 944655 sctp_connection.cpp:167] HandleClientSock sd = 48
Mar 10 16:29:54 localhost sctpd[944152]: I0310 16:29:54.011596 944655 sctp_connection.cpp:220] [sd:48] msg of len 82 on 3747:1
Mar 10 16:29:54 localhost mobilityd[943896]: INFO:root:Allocated IP 192.168.128.212 for sid IMSI222700000000001 for apn default
Mar 10 16:29:54 localhost policydb[943956]: INFO:root:Creating a session for subscriber ID: IMSI222700000000001
Mar 10 16:29:54 localhost sessiond[943894]: I0310 16:29:54.049206 943894 SetMessageManagerHandler.cpp:342] Processing a CreateSessionResponse for IMSI222700000000001-422428
Mar 10 16:29:54 localhost sessiond[943894]: I0310 16:29:54.049338 943894 SessionState.cpp:2774] RuleID allowlist_sid-IMSI222700000000001-default doesn't have a version registered for IMSI222700000000001-422428, this is unexpected
Mar 10 16:29:54 localhost mme[944598]: PDUSessionResourceSetupRequestTransfer ::= {
Mar 10 16:29:54 localhost mme[944598]:     protocolIEs: ProtocolIE-Container ::= {
Mar 10 16:29:54 localhost mme[944598]:         PDUSessionResourceSetupRequestTransferIEs ::= {
Mar 10 16:29:54 localhost mme[944598]:             id: 130
Mar 10 16:29:54 localhost mme[944598]:             criticality: 0 (reject)
Mar 10 16:29:54 localhost mme[944598]:             value: PDUSessionAggregateMaximumBitRate ::= {
Mar 10 16:29:54 localhost mme[944598]:                 pDUSessionAggregateMaximumBitRateDL: 100000000
Mar 10 16:29:54 localhost mme[944598]:                 pDUSessionAggregateMaximumBitRateUL: 100000000
Mar 10 16:29:54 localhost mme[944598]:             }
Mar 10 16:29:54 localhost mme[944598]:         }
Mar 10 16:29:54 localhost mme[944598]:         PDUSessionResourceSetupRequestTransferIEs ::= {
Mar 10 16:29:54 localhost mme[944598]:             id: 139
Mar 10 16:29:54 localhost mme[944598]:             criticality: 0 (reject)
Mar 10 16:29:54 localhost mme[944598]:             value: GTPTunnel ::= {
Mar 10 16:29:54 localhost mme[944598]:                 transportLayerAddress: AC 10 05 79
Mar 10 16:29:54 localhost mme[944598]:                 gTP-TEID: 80 00 00 00
Mar 10 16:29:54 localhost mme[944598]:             }
Mar 10 16:29:54 localhost mme[944598]:         }
Mar 10 16:29:54 localhost mme[944598]:         PDUSessionResourceSetupRequestTransferIEs ::= {
Mar 10 16:29:54 localhost mme[944598]:             id: 134
Mar 10 16:29:54 localhost mme[944598]:             criticality: 0 (reject)
Mar 10 16:29:54 localhost mme[944598]:             value: 0 (ipv4)
Mar 10 16:29:54 localhost mme[944598]:         }
Mar 10 16:29:54 localhost mme[944598]:         PDUSessionResourceSetupRequestTransferIEs ::= {
Mar 10 16:29:54 localhost mme[944598]:             id: 136
Mar 10 16:29:54 localhost mme[944598]:             criticality: 0 (reject)
Mar 10 16:29:54 localhost mme[944598]:             value: QosFlowSetupRequestList ::= {
Mar 10 16:29:54 localhost mme[944598]:                 QosFlowSetupRequestItem ::= {
Mar 10 16:29:54 localhost mme[944598]:                     qosFlowIdentifier: 9
Mar 10 16:29:54 localhost mme[944598]:                     qosFlowLevelQosParameters: QosFlowLevelQosParameters ::= {
Mar 10 16:29:54 localhost mme[944598]:                         qosCharacteristics: NonDynamic5QIDescriptor ::= {
Mar 10 16:29:54 localhost mme[944598]:                             fiveQI: 9
Mar 10 16:29:54 localhost mme[944598]:                         }
Mar 10 16:29:54 localhost mme[944598]:                         allocationAndRetentionPriority: AllocationAndRetentionPriority ::= {
Mar 10 16:29:54 localhost mme[944598]:                             priorityLevelARP: 15
Mar 10 16:29:54 localhost mme[944598]:                             pre-emptionCapability: 0 (shall-not-trigger-pre-emption)
Mar 10 16:29:54 localhost mme[944598]:                             pre-emptionVulnerability: 0 (not-pre-emptable)
Mar 10 16:29:54 localhost mme[944598]:                         }
Mar 10 16:29:54 localhost mme[944598]:                     }
Mar 10 16:29:54 localhost mme[944598]:                 }
Mar 10 16:29:54 localhost mme[944598]:             }
Mar 10 16:29:54 localhost mme[944598]:         }
Mar 10 16:29:54 localhost mme[944598]:     }
Mar 10 16:29:54 localhost mme[944598]: }
Mar 10 16:29:54 localhost sctpd[944152]: I0310 16:29:54.055089 944650 sctpd_downlink_impl.cpp:76] SctpdDownlinkImpl::SendDl starting
Mar 10 16:29:54 localhost sctpd[944152]: I0310 16:29:54.121876 944655 sctp_connection.cpp:167] HandleClientSock sd = 48
Mar 10 16:29:54 localhost sctpd[944152]: I0310 16:29:54.121985 944655 sctp_connection.cpp:193] Unhandled notification type 32777
Mar 10 16:29:54 localhost sctpd[944152]: I0310 16:29:54.122009 944655 sctp_connection.cpp:167] HandleClientSock sd = 48
Mar 10 16:29:54 localhost sctpd[944152]: I0310 16:29:54.122032 944655 sctp_connection.cpp:220] [sd:48] msg of len 43 on 3747:1
Mar 10 16:29:54 localhost sessiond[943894]: I0310 16:29:54.124742 943894 SessionStateEnforcer.cpp:869]  AMF teid: 40000000 ip address 10.10.10.11 of imsi: IMSI222700000000001 fteid: 2147483648 pdu id: 1 UE ip address 192.168.128.212
Mar 10 16:29:54 localhost eventd[943969]: DEBUG:root:Logging event: stream_name: "sessiond"
Mar 10 16:29:54 localhost eventd[943969]: event_type: "session_created"
Mar 10 16:29:54 localhost eventd[943969]: tag: "IMSI222700000000001"
Mar 10 16:29:54 localhost eventd[943969]: value: "{\"mac_addr\":\"\",\"user_location\":\"\",\"spgw_ip\":\"\",\"imei\":\"\",\"pdp_start_time\":0,\"session_id\":\"IMSI222700000000001-422428\",\"apn\":\"default\",\"msisdn\":\"\",\"charging_characteristics\":\"\",\"ipv6_addr\":\"\",\"ip_addr\":\"192.168.128.212\",\"imsi\":\"IMSI222700000000001\"}"
Mar 10 16:29:54 localhost eventd[943969]: ERROR:root:Connection to FluentBit failed: [Errno 111] Connection refused
Mar 10 16:29:54 localhost eventd[943969]: INFO:root:FluentBit (td-agent-bit) may not be enabled or configured correctly
Mar 10 16:29:54 localhost sessiond[943894]: I0310 16:29:54.131994 943909 SessionEvents.cpp:131] Could not log session_created event {"mac_addr":"","user_location":"","spgw_ip":"","imei":"","pdp_start_time":0,"session_id":"IMSI222700000000001-422428","apn":"default","msisdn":"","charging_characteristics":"","ipv6_addr":"","ip_addr":"192.168.128.212","imsi":"IMSI222700000000001"}, Error Message: Could not connect to FluentBit locally, Details: [Errno 111] Connection refused
Mar 10 16:29:54 localhost smsd[943978]: INFO:root:mme non_eps_service_config is not SMS_ORC8R, sleeping.
Mar 10 16:29:54 localhost dhclient[601]: DHCPREQUEST for 172.16.5.121 on eth1 to 172.16.5.2 port 67 (xid=0x4b4058b5)
Mar 10 16:29:56 localhost dnsmasq-dhcp[944055]: DHCPDISCOVER(eth1) fa:16:3e:2a:89:3f 
Mar 10 16:29:56 localhost dnsmasq-dhcp[944055]: DHCPOFFER(eth1) 172.16.7.251 fa:16:3e:2a:89:3f 
Mar 10 16:29:56 localhost sctpd[944152]: I0310 16:29:56.331305 944655 sctp_connection.cpp:167] HandleClientSock sd = 48
Mar 10 16:29:56 localhost sctpd[944152]: I0310 16:29:56.331418 944655 sctp_connection.cpp:220] [sd:48] msg of len 74 on 3747:1
Mar 10 16:29:56 localhost mme[944598]: InitiatingMessage ::= {
Mar 10 16:29:56 localhost mme[944598]:     procedureCode: 28
Mar 10 16:29:56 localhost mme[944598]:     criticality: 1 (ignore)
Mar 10 16:29:56 localhost mme[944598]:     value: PDUSessionResourceReleaseCommand ::= {
Mar 10 16:29:56 localhost mme[944598]:         protocolIEs: ProtocolIE-Container ::= {
Mar 10 16:29:56 localhost mme[944598]:             PDUSessionResourceReleaseCommandIEs ::= {
Mar 10 16:29:56 localhost mme[944598]:                 id: 10
Mar 10 16:29:56 localhost mme[944598]:                 criticality: 0 (reject)
Mar 10 16:29:56 localhost mme[944598]:                 value: 36
Mar 10 16:29:56 localhost mme[944598]:             }
Mar 10 16:29:56 localhost mme[944598]:             PDUSessionResourceReleaseCommandIEs ::= {
Mar 10 16:29:56 localhost mme[944598]:                 id: 85
Mar 10 16:29:56 localhost mme[944598]:                 criticality: 0 (reject)
Mar 10 16:29:56 localhost mme[944598]:                 value: 4294967295
Mar 10 16:29:56 localhost mme[944598]:             }
Mar 10 16:29:56 localhost mme[944598]:             PDUSessionResourceReleaseCommandIEs ::= {
Mar 10 16:29:56 localhost mme[944598]:                 id: 38
Mar 10 16:29:56 localhost mme[944598]:                 criticality: 0 (reject)
Mar 10 16:29:56 localhost mme[944598]:                 value:
Mar 10 16:29:56 localhost mme[944598]:                     7E 01 CB 8B A4 D4 03 7E 00 68 01 00 05 2E 01 01
Mar 10 16:29:56 localhost mme[944598]:                     D3 24 12 01
Mar 10 16:29:56 localhost mme[944598]:             }
Mar 10 16:29:56 localhost mme[944598]:             PDUSessionResourceReleaseCommandIEs ::= {
Mar 10 16:29:56 localhost mme[944598]:                 id: 79
Mar 10 16:29:56 localhost mme[944598]:                 criticality: 0 (reject)
Mar 10 16:29:56 localhost mme[944598]:                 value: PDUSessionResourceToReleaseListRelCmd ::= {
Mar 10 16:29:56 localhost mme[944598]:                 }
Mar 10 16:29:56 localhost mme[944598]:             }
Mar 10 16:29:56 localhost mme[944598]:         }
Mar 10 16:29:56 localhost mme[944598]:     }
Mar 10 16:29:56 localhost mme[944598]: }
Mar 10 16:29:56 localhost sctpd[944152]: I0310 16:29:56.337402 944650 sctpd_downlink_impl.cpp:76] SctpdDownlinkImpl::SendDl starting
Mar 10 16:29:56 localhost sctpd[944152]: I0310 16:29:56.387189 944655 sctp_connection.cpp:167] HandleClientSock sd = 48
Mar 10 16:29:56 localhost sctpd[944152]: I0310 16:29:56.387279 944655 sctp_connection.cpp:193] Unhandled notification type 32777
Mar 10 16:29:56 localhost sctpd[944152]: I0310 16:29:56.387297 944655 sctp_connection.cpp:167] HandleClientSock sd = 48
Mar 10 16:29:56 localhost sctpd[944152]: I0310 16:29:56.387320 944655 sctp_connection.cpp:220] [sd:48] msg of len 70 on 3747:1
Mar 10 16:29:57 localhost control_proxy[944547]: 2022-03-10T16:29:57.183Z [127.0.0.1 -> streamer-controller.magmasi.wavelabs.in,8443] "POST /magma.orc8r.Streamer/GetUpdates HTTP/2" 200 91bytes 0.520s
Mar 10 16:29:57 localhost policydb[943956]: INFO:root:Processing 2 policy updates (resync=True)
Mar 10 16:29:57 localhost control_proxy[944547]: 2022-03-10T16:29:57.183Z [127.0.0.1 -> streamer-controller.magmasi.wavelabs.in,8443] "POST /magma.orc8r.Streamer/GetUpdates HTTP/2" 200 7bytes 0.266s
Mar 10 16:29:57 localhost policydb[943956]: INFO:root:Processing 0 basename -> policy updates
Mar 10 16:29:58 localhost control_proxy[944547]: 2022-03-10T16:29:57.183Z [127.0.0.1 -> streamer-controller.magmasi.wavelabs.in,8443] "POST /magma.orc8r.Streamer/GetUpdates HTTP/2" 200 5113bytes 0.285s
Mar 10 16:29:58 localhost policydb[943956]: INFO:root:Processing 222 SID -> apn -> policy updates
Mar 10 16:29:58 localhost control_proxy[944547]: 2022-03-10T16:29:58.269Z [127.0.0.1 -> streamer-controller.magmasi.wavelabs.in,8443] "POST /magma.orc8r.Streamer/GetUpdates HTTP/2" 200 7bytes 0.283s
Mar 10 16:29:58 localhost policydb[943956]: INFO:root:Processing 0 rating group updates
Mar 10 16:29:59 localhost smsd[943978]: INFO:root:mme non_eps_service_config is not SMS_ORC8R, sleeping.
Mar 10 16:30:03 localhost dnsmasq-dhcp[944055]: DHCPDISCOVER(eth1) fa:16:3e:2a:89:3f 
Mar 10 16:30:03 localhost dnsmasq-dhcp[944055]: DHCPOFFER(eth1) 172.16.7.251 fa:16:3e:2a:89:3f 
Mar 10 16:30:04 localhost smsd[943978]: INFO:root:mme non_eps_service_config is not SMS_ORC8R, sleeping.
Mar 10 16:30:06 localhost magmad[943817]: INFO:root:[SyncRPC] Got heartBeat from cloud
Mar 10 16:30:07 localhost mobilityd[943896]: INFO:root:Using GW info: {'default': {2: ('172.16.4.1', 'eth0')}, 2: [('172.16.4.1', 'eth0', True)]}
Mar 10 16:30:07 localhost mobilityd[943896]: INFO:root:GW-v6 probe: timer started
Mar 10 16:30:09 localhost smsd[943978]: INFO:root:mme non_eps_service_config is not SMS_ORC8R, sleeping.
Mar 10 16:30:10 localhost dhclient[601]: DHCPREQUEST for 172.16.5.121 on eth1 to 172.16.5.2 port 67 (xid=0x4b4058b5)
Mar 10 16:30:12 localhost sctpd[944152]: I0310 16:30:12.343219 944157 sctpd_downlink_impl.cpp:76] SctpdDownlinkImpl::SendDl starting
Mar 10 16:30:12 localhost sctpd[944152]: I0310 16:30:12.544767 944655 sctp_connection.cpp:167] HandleClientSock sd = 48
Mar 10 16:30:12 localhost sctpd[944152]: I0310 16:30:12.544905 944655 sctp_connection.cpp:193] Unhandled notification type 32777
Mar 10 16:30:14 localhost smsd[943978]: INFO:root:mme non_eps_service_config is not SMS_ORC8R, sleeping.
Mar 10 16:30:15 localhost dnsmasq-dhcp[944055]: DHCPDISCOVER(eth1) fa:16:3e:2a:89:3f 
Mar 10 16:30:15 localhost dnsmasq-dhcp[944055]: DHCPOFFER(eth1) 172.16.7.251 fa:16:3e:2a:89:3f 
Mar 10 16:30:19 localhost smsd[943978]: INFO:root:mme non_eps_service_config is not SMS_ORC8R, sleeping.
Mar 10 16:30:24 localhost smsd[943978]: INFO:root:mme non_eps_service_config is not SMS_ORC8R, sleeping.
Mar 10 16:30:27 localhost dhclient[601]: DHCPREQUEST for 172.16.5.121 on eth1 to 172.16.5.2 port 67 (xid=0x4b4058b5)
Mar 10 16:30:27 localhost mobilityd[943896]: INFO:root:Using GW info: {'default': {2: ('172.16.4.1', 'eth0')}, 2: [('172.16.4.1', 'eth0', True)]}
Mar 10 16:30:27 localhost mobilityd[943896]: INFO:root:GW-v6 probe: timer started
Mar 10 16:30:28 localhost sctpd[944152]: I0310 16:30:28.361236 944157 sctpd_downlink_impl.cpp:76] SctpdDownlinkImpl::SendDl starting
Mar 10 16:30:28 localhost sctpd[944152]: I0310 16:30:28.564539 944655 sctp_connection.cpp:167] HandleClientSock sd = 48
Mar 10 16:30:28 localhost sctpd[944152]: I0310 16:30:28.564682 944655 sctp_connection.cpp:193] Unhandled notification type 32777
Mar 10 16:30:28 localhost dnsmasq-dhcp[944055]: DHCPDISCOVER(eth1) fa:16:3e:2a:89:3f 
Mar 10 16:30:28 localhost dnsmasq-dhcp[944055]: DHCPOFFER(eth1) 172.16.7.251 fa:16:3e:2a:89:3f 
Mar 10 16:30:29 localhost smsd[943978]: INFO:root:mme non_eps_service_config is not SMS_ORC8R, sleeping.
Mar 10 16:30:32 localhost magmad[943817]: ERROR:root:Metrics upload error for service subscriberdb (chunk 0)! [StatusCode.DEADLINE_EXCEEDED] Deadline Exceeded
Mar 10 16:30:32 localhost magmad[943817]: ERROR:root:Metrics upload error for service mobilityd (chunk 0)! [StatusCode.DEADLINE_EXCEEDED] Deadline Exceeded
Mar 10 16:30:32 localhost magmad[943817]: ERROR:root:Metrics upload error for service mme (chunk 0)! [StatusCode.DEADLINE_EXCEEDED] Deadline Exceeded
Mar 10 16:30:32 localhost magmad[943817]: ERROR:root:Metrics upload error for service magmad (chunk 0)! [StatusCode.DEADLINE_EXCEEDED] Deadline Exceeded
Mar 10 16:30:32 localhost magmad[943817]: ERROR:root:Metrics upload error for service enodebd (chunk 0)! [StatusCode.DEADLINE_EXCEEDED] Deadline Exceeded
Mar 10 16:30:32 localhost magmad[943817]: ERROR:root:Metrics upload error for service pipelined (chunk 0)! [StatusCode.DEADLINE_EXCEEDED] Deadline Exceeded
Mar 10 16:30:32 localhost magmad[943817]: ERROR:root:Metrics upload error for service state (chunk 0)! [StatusCode.DEADLINE_EXCEEDED] Deadline Exceeded
Mar 10 16:30:32 localhost magmad[943817]: ERROR:root:Metrics upload error for service sessiond (chunk 0)! [StatusCode.DEADLINE_EXCEEDED] Deadline Exceeded
Mar 10 16:30:34 localhost smsd[943978]: INFO:root:mme non_eps_service_config is not SMS_ORC8R, sleeping.
Mar 10 16:30:36 localhost dnsmasq-dhcp[944055]: DHCPDISCOVER(eth1) fa:16:3e:2a:89:3f 
Mar 10 16:30:36 localhost dnsmasq-dhcp[944055]: DHCPOFFER(eth1) 172.16.7.251 fa:16:3e:2a:89:3f 
Mar 10 16:30:39 localhost smsd[943978]: INFO:root:mme non_eps_service_config is not SMS_ORC8R, sleeping.
Mar 10 16:30:43 localhost magmad[943817]: INFO:root:Setting logging level to INFO
Mar 10 16:30:43 localhost dhclient[601]: DHCPREQUEST for 172.16.5.121 on eth1 to 172.16.5.2 port 67 (xid=0x4b4058b5)
Mar 10 16:30:44 localhost sctpd[944152]: I0310 16:30:44.374039 944650 sctpd_downlink_impl.cpp:76] SctpdDownlinkImpl::SendDl starting
Mar 10 16:30:44 localhost sctpd[944152]: I0310 16:30:44.576526 944655 sctp_connection.cpp:167] HandleClientSock sd = 48
Mar 10 16:30:44 localhost sctpd[944152]: I0310 16:30:44.576627 944655 sctp_connection.cpp:193] Unhandled notification type 32777
Mar 10 16:30:44 localhost smsd[943978]: INFO:root:mme non_eps_service_config is not SMS_ORC8R, sleeping.
Mar 10 16:30:47 localhost mobilityd[943896]: INFO:root:Using GW info: {'default': {2: ('172.16.4.1', 'eth0')}, 2: [('172.16.4.1', 'eth0', True)]}
Mar 10 16:30:47 localhost mobilityd[943896]: INFO:root:GW-v6 probe: timer started
Mar 10 16:30:47 localhost dnsmasq-dhcp[944055]: DHCPDISCOVER(eth1) fa:16:3e:2a:89:3f 
Mar 10 16:30:47 localhost dnsmasq-dhcp[944055]: DHCPOFFER(eth1) 172.16.7.251 fa:16:3e:2a:89:3f 
Mar 10 16:30:47 localhost control_proxy[944547]: 2022-03-10T16:30:47.123Z [127.0.0.1 -> state-controller.magmasi.wavelabs.in,8443] "POST /magma.orc8r.StateService/SyncStates HTTP/2" 200 5bytes 0.513s
Mar 10 16:30:47 localhost state[943962]: INFO:root:Successfully resynced state with Orchestrator!
Mar 10 16:30:49 localhost smsd[943978]: INFO:root:mme non_eps_service_config is not SMS_ORC8R, sleeping.
Mar 10 16:30:54 localhost smsd[943978]: INFO:root:mme non_eps_service_config is not SMS_ORC8R, sleeping.
Mar 10 16:30:59 localhost control_proxy[944547]: 2022-03-10T16:30:58.610Z [127.0.0.1 -> streamer-controller.magmasi.wavelabs.in,8443] "POST /magma.orc8r.Streamer/GetUpdates HTTP/2" 200 91bytes 0.521s
Mar 10 16:30:59 localhost policydb[943956]: INFO:root:Processing 2 policy updates (resync=True)
Mar 10 16:30:59 localhost control_proxy[944547]: 2022-03-10T16:30:59.135Z [127.0.0.1 -> streamer-controller.magmasi.wavelabs.in,8443] "POST /magma.orc8r.Streamer/GetUpdates HTTP/2" 200 7bytes 0.265s
Mar 10 16:30:59 localhost policydb[943956]: INFO:root:Processing 0 basename -> policy updates
Mar 10 16:30:59 localhost control_proxy[944547]: 2022-03-10T16:30:59.135Z [127.0.0.1 -> streamer-controller.magmasi.wavelabs.in,8443] "POST /magma.orc8r.Streamer/GetUpdates HTTP/2" 200 5113bytes 0.294s
Mar 10 16:30:59 localhost policydb[943956]: INFO:root:Processing 222 SID -> apn -> policy updates
Mar 10 16:30:59 localhost smsd[943978]: INFO:root:mme non_eps_service_config is not SMS_ORC8R, sleeping.
Mar 10 16:30:59 localhost control_proxy[944547]: 2022-03-10T16:30:59.135Z [127.0.0.1 -> streamer-controller.magmasi.wavelabs.in,8443] "POST /magma.orc8r.Streamer/GetUpdates HTTP/2" 200 7bytes 0.269s
Mar 10 16:30:59 localhost policydb[943956]: INFO:root:Processing 0 rating group updates
Mar 10 16:31:00 localhost sctpd[944152]: I0310 16:31:00.392763 944650 sctpd_downlink_impl.cpp:76] SctpdDownlinkImpl::SendDl starting
Mar 10 16:31:00 localhost sctpd[944152]: I0310 16:31:00.596603 944655 sctp_connection.cpp:167] HandleClientSock sd = 48
Mar 10 16:31:00 localhost sctpd[944152]: I0310 16:31:00.596753 944655 sctp_connection.cpp:193] Unhandled notification type 32777
Mar 10 16:31:01 localhost dnsmasq-dhcp[944055]: DHCPDISCOVER(eth1) fa:16:3e:2a:89:3f 
Mar 10 16:31:01 localhost dnsmasq-dhcp[944055]: DHCPOFFER(eth1) 172.16.7.251 fa:16:3e:2a:89:3f 
Mar 10 16:31:01 localhost control_proxy[944547]: 2022-03-10T16:31:01.584Z [127.0.0.1 -> state-controller.magmasi.wavelabs.in,8443] "POST /magma.orc8r.StateService/ReportStates HTTP/2" 200 5bytes 0.271s
Mar 10 16:31:01 localhost magmad[943817]: INFO:root:Checkin Successful! Successfully sent states to the cloud!
Mar 10 16:31:02 localhost dhclient[601]: DHCPREQUEST for 172.16.5.121 on eth1 to 172.16.5.2 port 67 (xid=0x4b4058b5)
Mar 10 16:31:04 localhost smsd[943978]: INFO:root:mme non_eps_service_config is not SMS_ORC8R, sleeping.
Mar 10 16:31:06 localhost sctpd[944152]: I0310 16:31:06.665279 944655 sctp_connection.cpp:167] HandleClientSock sd = 48
Mar 10 16:31:06 localhost sctpd[944152]: I0310 16:31:06.665349 944655 sctp_connection.cpp:220] [sd:48] msg of len 72 on 3747:1
Mar 10 16:31:06 localhost control_proxy[944547]: 2022-03-10T16:30:06.449Z [127.0.0.1 -> streamer-controller.magmasi.wavelabs.in,8443] "POST /magma.orc8r.Streamer/GetUpdates HTTP/2" 200 0bytes 60.259s
Mar 10 16:31:06 localhost magmad[943817]: ERROR:root:Error! Streaming from the cloud failed! [StatusCode.ABORTED] error while streaming updates: rpc error: code = DeadlineExceeded desc = context deadline exceeded
Mar 10 16:31:06 localhost magmad[943817]: INFO:root:[SyncRPC] Got heartBeat from cloud
Mar 10 16:31:07 localhost mobilityd[943896]: INFO:root:Using GW info: {'default': {2: ('172.16.4.1', 'eth0')}, 2: [('172.16.4.1', 'eth0', True)]}
Mar 10 16:31:07 localhost mobilityd[943896]: INFO:root:GW-v6 probe: timer started
Mar 10 16:31:09 localhost dnsmasq-dhcp[944055]: DHCPDISCOVER(eth1) fa:16:3e:2a:89:3f 
Mar 10 16:31:09 localhost dnsmasq-dhcp[944055]: DHCPOFFER(eth1) 172.16.7.251 fa:16:3e:2a:89:3f 
Mar 10 16:31:09 localhost smsd[943978]: INFO:root:mme non_eps_service_config is not SMS_ORC8R, sleeping.
Mar 10 16:31:10 localhost dhclient[601]: DHCPREQUEST for 172.16.5.121 on eth1 to 172.16.5.2 port 67 (xid=0x4b4058b5)
Mar 10 16:31:14 localhost smsd[943978]: INFO:root:mme non_eps_service_config is not SMS_ORC8R, sleeping.
Mar 10 16:31:16 localhost sctpd[944152]: I0310 16:31:16.087038 944655 sctp_connection.cpp:167] HandleClientSock sd = 47
Mar 10 16:31:16 localhost sctpd[944152]: I0310 16:31:16.087164 944655 sctp_connection.cpp:185] SCTP_SHUTDOWN_EVENT received
Mar 10 16:31:16 localhost sctpd[944152]: I0310 16:31:16.087175 944655 sctp_connection.cpp:280] Sending close connection for assoc_id 3746
Mar 10 16:31:16 localhost sctpd[944152]: I0310 16:31:16.134939 944655 sctp_connection.cpp:167] HandleClientSock sd = 48
Mar 10 16:31:16 localhost sctpd[944152]: I0310 16:31:16.135048 944655 sctp_connection.cpp:185] SCTP_SHUTDOWN_EVENT received
Mar 10 16:31:16 localhost sctpd[944152]: I0310 16:31:16.135061 944655 sctp_connection.cpp:280] Sending close connection for assoc_id 3747
Mar 10 16:31:16 localhost sessiond[943894]: I0310 16:31:16.402511 943894 SetMessageManagerHandler.cpp:142] Release request for session from IMSI: IMSI222700000000001 pdu_id 1
Mar 10 16:31:16 localhost mobilityd[943896]: INFO:root:Released IP 192.168.128.212 for sid IMSI222700000000001
Mar 10 16:31:16 localhost policydb[943956]: INFO:root:Terminating session: IMSI222700000000001-422428
Mar 10 16:31:16 localhost eventd[943969]: DEBUG:root:Logging event: stream_name: "sessiond"
Mar 10 16:31:16 localhost eventd[943969]: event_type: "session_terminated"
Mar 10 16:31:16 localhost eventd[943969]: tag: "IMSI222700000000001"
Mar 10 16:31:16 localhost eventd[943969]: value: "{\"mac_addr\":\"\",\"user_location\":\"\",\"spgw_ip\":\"\",\"imei\":\"\",\"record_sequence_number\":1,\"pdp_end_time\":33,\"charging_rx\":0,\"duration\":33,\"ip_addr\":\"192.168.128.212\",\"monitoring_tx\":0,\"ipv6_addr\":\"\",\"msisdn\":\"\",\"apn\":\"default\",\"session_id\":\"IMSI222700000000001-422428\",\"list_of_service_data\":[],\"charging_characteristics\":\"\",\"total_tx\":0,\"cause_for_rec_closing\":0,\"imsi\":\"IMSI222700000000001\",\"total_rx\":0,\"monitoring_rx\":0,\"charging_tx\":0,\"pdp_start_time\":0}"
Mar 10 16:31:16 localhost eventd[943969]: ERROR:root:Connection to FluentBit failed: [Errno 111] Connection refused
Mar 10 16:31:16 localhost eventd[943969]: INFO:root:FluentBit (td-agent-bit) may not be enabled or configured correctly
Mar 10 16:31:16 localhost sessiond[943894]: I0310 16:31:16.442760 943909 SessionEvents.cpp:291] Could not log session_terminated event {"mac_addr":"","user_location":"","spgw_ip":"","imei":"","record_sequence_number":1,"pdp_end_time":33,"charging_rx":0,"duration":33,"ip_addr":"192.168.128.212","monitoring_tx":0,"ipv6_addr":"","msisdn":"","apn":"default","session_id":"IMSI222700000000001-422428","list_of_service_data":[],"charging_characteristics":"","total_tx":0,"cause_for_rec_closing":0,"imsi":"IMSI222700000000001","total_rx":0,"monitoring_rx":0,"charging_tx":0,"pdp_start_time":0}, Error Message: Could not connect to FluentBit locally, Details: [Errno 111] Connection refused
Mar 10 16:31:19 localhost smsd[943978]: INFO:root:mme non_eps_service_config is not SMS_ORC8R, sleeping.
Mar 10 16:31:19 localhost dnsmasq-dhcp[944055]: DHCPDISCOVER(eth1) fa:16:3e:2a:89:3f 
Mar 10 16:31:19 localhost dnsmasq-dhcp[944055]: DHCPOFFER(eth1) 172.16.7.251 fa:16:3e:2a:89:3f 
Mar 10 16:31:21 localhost sessiond[943894]: I0310 16:31:21.407397 943894 SessionStateEnforcer.cpp:377] Nothing to remove as no respective entry found for session id IMSI222700000000001-422428 of IMSI IMSI222700000000001
Mar 10 16:31:24 localhost dhclient[601]: DHCPREQUEST for 172.16.5.121 on eth1 to 172.16.5.2 port 67 (xid=0x4b4058b5)
Mar 10 16:31:24 localhost smsd[943978]: INFO:root:mme non_eps_service_config is not SMS_ORC8R, sleeping.
Mar 10 16:31:25 localhost sctpd[944152]: I0310 16:31:25.121595 944655 sctp_connection.cpp:167] HandleClientSock sd = 49
Mar 10 16:31:25 localhost sctpd[944152]: I0310 16:31:25.121708 944655 sctp_connection.cpp:189] SCTP association change event received
Mar 10 16:31:25 localhost sctpd[944152]: I0310 16:31:25.122891 944655 sctp_connection.cpp:167] HandleClientSock sd = 49
Mar 10 16:31:25 localhost sctpd[944152]: I0310 16:31:25.122925 944655 sctp_connection.cpp:193] Unhandled notification type 32776
Mar 10 16:31:26 localhost sctpd[944152]: I0310 16:31:26.178890 944655 sctp_connection.cpp:167] HandleClientSock sd = 49
Mar 10 16:31:26 localhost sctpd[944152]: I0310 16:31:26.178987 944655 sctp_connection.cpp:220] [sd:49] msg of len 42 on 3748:0
Mar 10 16:31:26 localhost sctpd[944152]: I0310 16:31:26.180742 944157 sctpd_downlink_impl.cpp:76] SctpdDownlinkImpl::SendDl starting
Mar 10 16:31:26 localhost sctpd[944152]: I0310 16:31:26.181157 944655 sctp_connection.cpp:167] HandleClientSock sd = 49
Mar 10 16:31:26 localhost sctpd[944152]: I0310 16:31:26.181207 944655 sctp_connection.cpp:193] Unhandled notification type 32777
Mar 10 16:31:26 localhost sctpd[944152]: I0310 16:31:26.295683 944655 sctp_connection.cpp:167] HandleClientSock sd = 49
Mar 10 16:31:26 localhost sctpd[944152]: I0310 16:31:26.295799 944655 sctp_connection.cpp:220] [sd:49] msg of len 88 on 3748:1
Mar 10 16:31:26 localhost sctpd[944152]: I0310 16:31:26.312225 944650 sctpd_downlink_impl.cpp:76] SctpdDownlinkImpl::SendDl starting
Mar 10 16:31:26 localhost sctpd[944152]: I0310 16:31:26.405474 944655 sctp_connection.cpp:167] HandleClientSock sd = 49
Mar 10 16:31:26 localhost sctpd[944152]: I0310 16:31:26.405576 944655 sctp_connection.cpp:193] Unhandled notification type 32777
Mar 10 16:31:26 localhost sctpd[944152]: I0310 16:31:26.405596 944655 sctp_connection.cpp:167] HandleClientSock sd = 49
Mar 10 16:31:26 localhost sctpd[944152]: I0310 16:31:26.405619 944655 sctp_connection.cpp:220] [sd:49] msg of len 67 on 3748:1
Mar 10 16:31:26 localhost sctpd[944152]: I0310 16:31:26.410390 944650 sctpd_downlink_impl.cpp:76] SctpdDownlinkImpl::SendDl starting
Mar 10 16:31:26 localhost sctpd[944152]: I0310 16:31:26.516846 944655 sctp_connection.cpp:167] HandleClientSock sd = 49
Mar 10 16:31:26 localhost sctpd[944152]: I0310 16:31:26.516934 944655 sctp_connection.cpp:193] Unhandled notification type 32777
Mar 10 16:31:26 localhost sctpd[944152]: I0310 16:31:26.516952 944655 sctp_connection.cpp:167] HandleClientSock sd = 49
Mar 10 16:31:26 localhost sctpd[944152]: I0310 16:31:26.516974 944655 sctp_connection.cpp:220] [sd:49] msg of len 56 on 3748:1
Mar 10 16:31:26 localhost mme[944598]: [DEBUG] Sending S6A-UPDATE_LOCATION_REQUEST with IMSI: 222700000000001
Mar 10 16:31:26 localhost sctpd[944152]: I0310 16:31:26.523180 944650 sctpd_downlink_impl.cpp:76] SctpdDownlinkImpl::SendDl starting
Mar 10 16:31:26 localhost mme[944598]: [INFO] Received S6A-LOCATION-UPDATE_ANSWER for IMSI: 222700000000001; Status: ; StatusCode: 2001
Mar 10 16:31:26 localhost mme[944598]: [INFO] sent itti S6A-LOCATION-UPDATE_ANSWER for IMSI: 222700000000001
Mar 10 16:31:26 localhost sctpd[944152]: I0310 16:31:26.633250 944655 sctp_connection.cpp:167] HandleClientSock sd = 49
Mar 10 16:31:26 localhost sctpd[944152]: I0310 16:31:26.633376 944655 sctp_connection.cpp:193] Unhandled notification type 32777
Mar 10 16:31:26 localhost sctpd[944152]: I0310 16:31:26.633400 944655 sctp_connection.cpp:167] HandleClientSock sd = 49
Mar 10 16:31:26 localhost sctpd[944152]: I0310 16:31:26.633430 944655 sctp_connection.cpp:220] [sd:49] msg of len 22 on 3748:1
Mar 10 16:31:26 localhost sctpd[944152]: I0310 16:31:26.834990 944655 sctp_connection.cpp:167] HandleClientSock sd = 49
Mar 10 16:31:26 localhost sctpd[944152]: I0310 16:31:26.835093 944655 sctp_connection.cpp:220] [sd:49] msg of len 56 on 3748:1
Mar 10 16:31:27 localhost mobilityd[943896]: INFO:root:Using GW info: {'default': {2: ('172.16.4.1', 'eth0')}, 2: [('172.16.4.1', 'eth0', True)]}
Mar 10 16:31:27 localhost mobilityd[943896]: INFO:root:GW-v6 probe: timer started
Mar 10 16:31:28 localhost sctpd[944152]: I0310 16:31:28.803045 944655 sctp_connection.cpp:167] HandleClientSock sd = 49
Mar 10 16:31:28 localhost sctpd[944152]: I0310 16:31:28.803153 944655 sctp_connection.cpp:220] [sd:49] msg of len 70 on 3748:1
Mar 10 16:31:28 localhost sctpd[944152]: I0310 16:31:28.809901 944650 sctpd_downlink_impl.cpp:76] SctpdDownlinkImpl::SendDl starting
Mar 10 16:31:28 localhost sctpd[944152]: I0310 16:31:28.810672 944650 sctpd_downlink_impl.cpp:76] SctpdDownlinkImpl::SendDl starting
Mar 10 16:31:28 localhost sctpd[944152]: I0310 16:31:28.917707 944655 sctp_connection.cpp:167] HandleClientSock sd = 49
Mar 10 16:31:28 localhost sctpd[944152]: I0310 16:31:28.917824 944655 sctp_connection.cpp:220] [sd:49] msg of len 28 on 3748:1
Mar 10 16:31:29 localhost sctpd[944152]: I0310 16:31:29.024673 944655 sctp_connection.cpp:167] HandleClientSock sd = 49
Mar 10 16:31:29 localhost sctpd[944152]: I0310 16:31:29.024722 944655 sctp_connection.cpp:193] Unhandled notification type 32777
Mar 10 16:31:29 localhost sctpd[944152]: I0310 16:31:29.024729 944655 sctp_connection.cpp:167] HandleClientSock sd = 49
Mar 10 16:31:29 localhost sctpd[944152]: I0310 16:31:29.024736 944655 sctp_connection.cpp:220] [sd:49] msg of len 22 on 3748:1
Mar 10 16:31:29 localhost smsd[943978]: INFO:root:mme non_eps_service_config is not SMS_ORC8R, sleeping.
Mar 10 16:31:31 localhost sctpd[944152]: I0310 16:31:31.141985 944655 sctp_connection.cpp:167] HandleClientSock sd = 49
Mar 10 16:31:31 localhost sctpd[944152]: I0310 16:31:31.142117 944655 sctp_connection.cpp:220] [sd:49] msg of len 86 on 3748:1
Mar 10 16:31:31 localhost sctpd[944152]: I0310 16:31:31.146454 944650 sctpd_downlink_impl.cpp:76] SctpdDownlinkImpl::SendDl starting
Mar 10 16:31:31 localhost sctpd[944152]: I0310 16:31:31.254058 944655 sctp_connection.cpp:167] HandleClientSock sd = 49
Mar 10 16:31:31 localhost sctpd[944152]: I0310 16:31:31.254186 944655 sctp_connection.cpp:193] Unhandled notification type 32777
Mar 10 16:31:31 localhost sctpd[944152]: I0310 16:31:31.254215 944655 sctp_connection.cpp:167] HandleClientSock sd = 49
Mar 10 16:31:31 localhost sctpd[944152]: I0310 16:31:31.254293 944655 sctp_connection.cpp:220] [sd:49] msg of len 64 on 3748:1
Mar 10 16:31:31 localhost sctpd[944152]: I0310 16:31:31.269402 944157 sctpd_downlink_impl.cpp:76] SctpdDownlinkImpl::SendDl starting
Mar 10 16:31:31 localhost sctpd[944152]: I0310 16:31:31.365746 944655 sctp_connection.cpp:167] HandleClientSock sd = 49
Mar 10 16:31:31 localhost sctpd[944152]: I0310 16:31:31.365849 944655 sctp_connection.cpp:193] Unhandled notification type 32777
Mar 10 16:31:31 localhost sctpd[944152]: I0310 16:31:31.365868 944655 sctp_connection.cpp:167] HandleClientSock sd = 49
Mar 10 16:31:31 localhost sctpd[944152]: I0310 16:31:31.365890 944655 sctp_connection.cpp:220] [sd:49] msg of len 67 on 3748:1
Mar 10 16:31:31 localhost sctpd[944152]: I0310 16:31:31.370318 944157 sctpd_downlink_impl.cpp:76] SctpdDownlinkImpl::SendDl starting
Mar 10 16:31:31 localhost sctpd[944152]: I0310 16:31:31.480448 944655 sctp_connection.cpp:167] HandleClientSock sd = 49
Mar 10 16:31:31 localhost sctpd[944152]: I0310 16:31:31.480545 944655 sctp_connection.cpp:193] Unhandled notification type 32777
Mar 10 16:31:31 localhost sctpd[944152]: I0310 16:31:31.480563 944655 sctp_connection.cpp:167] HandleClientSock sd = 49
Mar 10 16:31:31 localhost sctpd[944152]: I0310 16:31:31.480583 944655 sctp_connection.cpp:220] [sd:49] msg of len 56 on 3748:1
Mar 10 16:31:31 localhost mme[944598]: [DEBUG] Sending S6A-UPDATE_LOCATION_REQUEST with IMSI: 222700000000001
Mar 10 16:31:31 localhost sctpd[944152]: I0310 16:31:31.486059 944157 sctpd_downlink_impl.cpp:76] SctpdDownlinkImpl::SendDl starting
Mar 10 16:31:31 localhost mme[944598]: [INFO] Received S6A-LOCATION-UPDATE_ANSWER for IMSI: 222700000000001; Status: ; StatusCode: 2001
Mar 10 16:31:31 localhost mme[944598]: [INFO] sent itti S6A-LOCATION-UPDATE_ANSWER for IMSI: 222700000000001
Mar 10 16:31:31 localhost sctpd[944152]: I0310 16:31:31.596815 944655 sctp_connection.cpp:167] HandleClientSock sd = 49
Mar 10 16:31:31 localhost sctpd[944152]: I0310 16:31:31.596916 944655 sctp_connection.cpp:193] Unhandled notification type 32777
Mar 10 16:31:31 localhost sctpd[944152]: I0310 16:31:31.596937 944655 sctp_connection.cpp:167] HandleClientSock sd = 49
Mar 10 16:31:31 localhost sctpd[944152]: I0310 16:31:31.596959 944655 sctp_connection.cpp:220] [sd:49] msg of len 22 on 3748:1
Mar 10 16:31:31 localhost dhclient[601]: DHCPREQUEST for 172.16.5.121 on eth1 to 172.16.5.2 port 67 (xid=0x4b4058b5)
Mar 10 16:31:31 localhost sctpd[944152]: I0310 16:31:31.798983 944655 sctp_connection.cpp:167] HandleClientSock sd = 49
Mar 10 16:31:31 localhost sctpd[944152]: I0310 16:31:31.799085 944655 sctp_connection.cpp:220] [sd:49] msg of len 56 on 3748:1
Mar 10 16:31:32 localhost magmad[943817]: ERROR:root:Metrics upload error for service subscriberdb (chunk 0)! [StatusCode.DEADLINE_EXCEEDED] Deadline Exceeded
Mar 10 16:31:32 localhost magmad[943817]: ERROR:root:Metrics upload error for service mobilityd (chunk 0)! [StatusCode.DEADLINE_EXCEEDED] Deadline Exceeded
Mar 10 16:31:32 localhost magmad[943817]: ERROR:root:Metrics upload error for service mme (chunk 0)! [StatusCode.DEADLINE_EXCEEDED] Deadline Exceeded
Mar 10 16:31:32 localhost magmad[943817]: ERROR:root:Metrics upload error for service magmad (chunk 0)! [StatusCode.DEADLINE_EXCEEDED] Deadline Exceeded
Mar 10 16:31:32 localhost magmad[943817]: ERROR:root:Metrics upload error for service enodebd (chunk 0)! [StatusCode.DEADLINE_EXCEEDED] Deadline Exceeded
Mar 10 16:31:32 localhost magmad[943817]: ERROR:root:Metrics upload error for service pipelined (chunk 0)! [StatusCode.DEADLINE_EXCEEDED] Deadline Exceeded
Mar 10 16:31:32 localhost magmad[943817]: ERROR:root:Metrics upload error for service state (chunk 0)! [StatusCode.DEADLINE_EXCEEDED] Deadline Exceeded
Mar 10 16:31:32 localhost magmad[943817]: ERROR:root:Metrics upload error for service sessiond (chunk 0)! [StatusCode.DEADLINE_EXCEEDED] Deadline Exceeded
Mar 10 16:31:33 localhost dnsmasq-dhcp[944055]: DHCPDISCOVER(eth1) fa:16:3e:2a:89:3f 
Mar 10 16:31:33 localhost dnsmasq-dhcp[944055]: DHCPOFFER(eth1) 172.16.7.251 fa:16:3e:2a:89:3f 
Mar 10 16:31:33 localhost sctpd[944152]: I0310 16:31:33.766418 944655 sctp_connection.cpp:167] HandleClientSock sd = 49
Mar 10 16:31:33 localhost sctpd[944152]: I0310 16:31:33.766590 944655 sctp_connection.cpp:220] [sd:49] msg of len 70 on 3748:1
Mar 10 16:31:33 localhost sctpd[944152]: I0310 16:31:33.771842 944157 sctpd_downlink_impl.cpp:76] SctpdDownlinkImpl::SendDl starting
Mar 10 16:31:33 localhost sctpd[944152]: I0310 16:31:33.772410 944157 sctpd_downlink_impl.cpp:76] SctpdDownlinkImpl::SendDl starting
Mar 10 16:31:33 localhost sctpd[944152]: I0310 16:31:33.877235 944655 sctp_connection.cpp:167] HandleClientSock sd = 49
Mar 10 16:31:33 localhost sctpd[944152]: I0310 16:31:33.877367 944655 sctp_connection.cpp:220] [sd:49] msg of len 28 on 3748:1
Mar 10 16:31:33 localhost sctpd[944152]: I0310 16:31:33.985374 944655 sctp_connection.cpp:167] HandleClientSock sd = 49
Mar 10 16:31:33 localhost sctpd[944152]: I0310 16:31:33.985479 944655 sctp_connection.cpp:193] Unhandled notification type 32777
Mar 10 16:31:33 localhost sctpd[944152]: I0310 16:31:33.985499 944655 sctp_connection.cpp:167] HandleClientSock sd = 49
Mar 10 16:31:33 localhost sctpd[944152]: I0310 16:31:33.985523 944655 sctp_connection.cpp:220] [sd:49] msg of len 22 on 3748:1
Mar 10 16:31:34 localhost smsd[943978]: INFO:root:mme non_eps_service_config is not SMS_ORC8R, sleeping.
Mar 10 16:31:39 localhost dhclient[601]: DHCPREQUEST for 172.16.5.121 on eth1 to 172.16.5.2 port 67 (xid=0x4b4058b5)
Mar 10 16:31:39 localhost smsd[943978]: INFO:root:mme non_eps_service_config is not SMS_ORC8R, sleeping.
Mar 10 16:31:41 localhost dnsmasq-dhcp[944055]: DHCPDISCOVER(eth1) fa:16:3e:2a:89:3f 
Mar 10 16:31:41 localhost dnsmasq-dhcp[944055]: DHCPOFFER(eth1) 172.16.7.251 fa:16:3e:2a:89:3f 
Mar 10 16:31:43 localhost sctpd[944152]: I0310 16:31:43.351104 944655 sctp_connection.cpp:167] HandleClientSock sd = 49
Mar 10 16:31:43 localhost sctpd[944152]: I0310 16:31:43.351219 944655 sctp_connection.cpp:185] SCTP_SHUTDOWN_EVENT received
Mar 10 16:31:43 localhost sctpd[944152]: I0310 16:31:43.351231 944655 sctp_connection.cpp:280] Sending close connection for assoc_id 3748
Mar 10 16:31:44 localhost smsd[943978]: INFO:root:mme non_eps_service_config is not SMS_ORC8R, sleeping.
Mar 10 16:31:47 localhost dhclient[601]: DHCPREQUEST for 172.16.5.121 on eth1 to 172.16.5.2 port 67 (xid=0x4b4058b5)
Mar 10 16:31:47 localhost mobilityd[943896]: INFO:root:Using GW info: {'default': {2: ('172.16.4.1', 'eth0')}, 2: [('172.16.4.1', 'eth0', True)]}
Mar 10 16:31:47 localhost mobilityd[943896]: INFO:root:GW-v6 probe: timer started
Mar 10 16:31:50 localhost smsd[943978]: INFO:root:mme non_eps_service_config is not SMS_ORC8R, sleeping.
Mar 10 16:31:51 localhost dnsmasq-dhcp[944055]: DHCPDISCOVER(eth1) fa:16:3e:2a:89:3f 
