May 13 12:35:29 localhost smsd[335923]: message repeated 3 times: [ INFO:root:mme non_eps_service_config is not SMS_ORC8R, sleeping.]
May 13 12:35:30 localhost magmad[335750]: ERROR:root:Metrics upload error for service subscriberdb (chunk 0)! [StatusCode.DEADLINE_EXCEEDED] Deadline Exceeded
May 13 12:35:30 localhost magmad[335750]: ERROR:root:Metrics upload error for service mobilityd (chunk 0)! [StatusCode.DEADLINE_EXCEEDED] Deadline Exceeded
May 13 12:35:30 localhost magmad[335750]: ERROR:root:Metrics upload error for service mme (chunk 0)! [StatusCode.DEADLINE_EXCEEDED] Deadline Exceeded
May 13 12:35:30 localhost magmad[335750]: ERROR:root:Metrics upload error for service magmad (chunk 0)! [StatusCode.DEADLINE_EXCEEDED] Deadline Exceeded
May 13 12:35:30 localhost magmad[335750]: ERROR:root:Metrics upload error for service enodebd (chunk 0)! [StatusCode.DEADLINE_EXCEEDED] Deadline Exceeded
May 13 12:35:30 localhost magmad[335750]: ERROR:root:Metrics upload error for service sessiond (chunk 0)! [StatusCode.DEADLINE_EXCEEDED] Deadline Exceeded
May 13 12:35:30 localhost magmad[335750]: ERROR:root:Metrics upload error for service pipelined (chunk 0)! [StatusCode.DEADLINE_EXCEEDED] Deadline Exceeded
May 13 12:35:30 localhost magmad[335750]: ERROR:root:Metrics upload error for service state (chunk 0)! [StatusCode.DEADLINE_EXCEEDED] Deadline Exceeded
May 13 12:35:30 localhost control_proxy[335982]: 2022-05-13T12:35:30.375Z [127.0.0.1 -> state-controller.magmasi.wavelabs.in,8443] "POST /magma.orc8r.StateService/ReportStates HTTP/2" 200 5bytes 0.513s
May 13 12:35:30 localhost magmad[335750]: INFO:root:Checkin Successful! Successfully sent states to the cloud!
May 13 12:35:34 localhost mobilityd[335824]: INFO:root:Using GW info: {'default': {2: ('172.16.4.1', 'eth0')}, 2: [('172.16.4.1', 'eth0', True)]}
May 13 12:35:34 localhost mobilityd[335824]: INFO:root:GW-v6 probe: timer started
May 13 12:35:34 localhost smsd[335923]: INFO:root:mme non_eps_service_config is not SMS_ORC8R, sleeping.
May 13 12:35:39 localhost smsd[335923]: INFO:root:mme non_eps_service_config is not SMS_ORC8R, sleeping.
May 13 12:35:42 localhost sctpd[336087]: I0513 12:35:42.911273 336585 sctp_connection.cpp:195] Unhandled notification type 32776
May 13 12:35:44 localhost smsd[335923]: INFO:root:mme non_eps_service_config is not SMS_ORC8R, sleeping.
May 13 12:35:49 localhost smsd[335923]: INFO:root:mme non_eps_service_config is not SMS_ORC8R, sleeping.
May 13 12:35:51 localhost magmad[335750]: INFO:root:Checking for upgrade...
May 13 12:35:51 localhost magmad[335750]: WARNING:root:magmad package_version config missing or set to default 0.0.0-0, skipping upgrade
May 13 12:35:51 localhost control_proxy[335982]: 2022-05-13T12:34:51.386Z [127.0.0.1 -> streamer-controller.magmasi.wavelabs.in,8443] "POST /magma.orc8r.Streamer/GetUpdates HTTP/2" 200 0bytes 60.377s
May 13 12:35:51 localhost magmad[335750]: ERROR:root:Error! Streaming from the cloud failed! [StatusCode.ABORTED] error while streaming updates: rpc error: code = DeadlineExceeded desc = context deadline exceeded
May 13 12:35:54 localhost mobilityd[335824]: INFO:root:Using GW info: {'default': {2: ('172.16.4.1', 'eth0')}, 2: [('172.16.4.1', 'eth0', True)]}
May 13 12:35:54 localhost mobilityd[335824]: INFO:root:GW-v6 probe: timer started
May 13 12:35:54 localhost smsd[335923]: INFO:root:mme non_eps_service_config is not SMS_ORC8R, sleeping.
May 13 12:35:54 localhost magmad[335750]: INFO:root:[SyncRPC] Got heartBeat from cloud
May 13 12:35:57 localhost control_proxy[335982]: 2022-05-13T12:35:56.930Z [127.0.0.1 -> streamer-controller.magmasi.wavelabs.in,8443] "POST /magma.orc8r.Streamer/GetUpdates HTTP/2" 200 173bytes 0.275s
May 13 12:35:57 localhost policydb[335901]: INFO:root:Processing 4 policy updates (resync=True)
May 13 12:35:57 localhost control_proxy[335982]: 2022-05-13T12:35:57.209Z [127.0.0.1 -> streamer-controller.magmasi.wavelabs.in,8443] "POST /magma.orc8r.Streamer/GetUpdates HTTP/2" 200 7bytes 0.274s
May 13 12:35:57 localhost policydb[335901]: INFO:root:Processing 0 basename -> policy updates
May 13 12:35:57 localhost control_proxy[335982]: 2022-05-13T12:35:57.209Z [127.0.0.1 -> streamer-controller.magmasi.wavelabs.in,8443] "POST /magma.orc8r.Streamer/GetUpdates HTTP/2" 200 13536bytes 0.298s
May 13 12:35:57 localhost policydb[335901]: INFO:root:Processing 223 SID -> apn -> policy updates
May 13 12:35:58 localhost control_proxy[335982]: 2022-05-13T12:35:57.209Z [127.0.0.1 -> streamer-controller.magmasi.wavelabs.in,8443] "POST /magma.orc8r.Streamer/GetUpdates HTTP/2" 200 7bytes 0.261s
May 13 12:35:58 localhost policydb[335901]: INFO:root:Processing 0 rating group updates
May 13 12:35:59 localhost smsd[335923]: INFO:root:mme non_eps_service_config is not SMS_ORC8R, sleeping.
May 13 12:36:09 localhost smsd[335923]: message repeated 2 times: [ INFO:root:mme non_eps_service_config is not SMS_ORC8R, sleeping.]
May 13 12:36:10 localhost sctpd[336087]: I0513 12:36:10.737744 336585 sctp_connection.cpp:195] Unhandled notification type 32776
May 13 12:36:14 localhost mobilityd[335824]: INFO:root:Using GW info: {'default': {2: ('172.16.4.1', 'eth0')}, 2: [('172.16.4.1', 'eth0', True)]}
May 13 12:36:14 localhost mobilityd[335824]: INFO:root:GW-v6 probe: timer started
May 13 12:36:14 localhost smsd[335923]: INFO:root:mme non_eps_service_config is not SMS_ORC8R, sleeping.
May 13 12:36:19 localhost smsd[335923]: INFO:root:mme non_eps_service_config is not SMS_ORC8R, sleeping.
May 13 12:36:21 localhost magmad[335750]: ERROR:root:Metrics upload error for service subscriberdb (chunk 0)! [StatusCode.DEADLINE_EXCEEDED] Deadline Exceeded
May 13 12:36:21 localhost magmad[335750]: ERROR:root:Metrics upload error for service mobilityd (chunk 0)! [StatusCode.DEADLINE_EXCEEDED] Deadline Exceeded
May 13 12:36:21 localhost magmad[335750]: ERROR:root:Metrics upload error for service mme (chunk 0)! [StatusCode.DEADLINE_EXCEEDED] Deadline Exceeded
May 13 12:36:21 localhost magmad[335750]: ERROR:root:Metrics upload error for service magmad (chunk 0)! [StatusCode.DEADLINE_EXCEEDED] Deadline Exceeded
May 13 12:36:21 localhost magmad[335750]: ERROR:root:Metrics upload error for service enodebd (chunk 0)! [StatusCode.DEADLINE_EXCEEDED] Deadline Exceeded
May 13 12:36:21 localhost magmad[335750]: ERROR:root:Metrics upload error for service pipelined (chunk 0)! [StatusCode.DEADLINE_EXCEEDED] Deadline Exceeded
May 13 12:36:21 localhost magmad[335750]: ERROR:root:Metrics upload error for service state (chunk 0)! [StatusCode.DEADLINE_EXCEEDED] Deadline Exceeded
May 13 12:36:21 localhost magmad[335750]: ERROR:root:Metrics upload error for service sessiond (chunk 0)! [StatusCode.DEADLINE_EXCEEDED] Deadline Exceeded
May 13 12:36:24 localhost smsd[335923]: INFO:root:mme non_eps_service_config is not SMS_ORC8R, sleeping.
May 13 12:36:29 localhost smsd[335923]: INFO:root:mme non_eps_service_config is not SMS_ORC8R, sleeping.
May 13 12:36:31 localhost magmad[335750]: INFO:root:Setting logging level to INFO
May 13 12:36:34 localhost mobilityd[335824]: INFO:root:Using GW info: {'default': {2: ('172.16.4.1', 'eth0')}, 2: [('172.16.4.1', 'eth0', True)]}
May 13 12:36:34 localhost mobilityd[335824]: INFO:root:GW-v6 probe: timer started
May 13 12:36:34 localhost smsd[335923]: INFO:root:mme non_eps_service_config is not SMS_ORC8R, sleeping.
May 13 12:36:38 localhost sctpd[336087]: I0513 12:36:38.541591 336585 sctp_connection.cpp:195] Unhandled notification type 32776
May 13 12:36:39 localhost smsd[335923]: INFO:root:mme non_eps_service_config is not SMS_ORC8R, sleeping.
May 13 12:36:49 localhost smsd[335923]: message repeated 2 times: [ INFO:root:mme non_eps_service_config is not SMS_ORC8R, sleeping.]
May 13 12:36:50 localhost control_proxy[335982]: 2022-05-13T12:36:49.880Z [127.0.0.1 -> state-controller.magmasi.wavelabs.in,8443] "POST /magma.orc8r.StateService/ReportStates HTTP/2" 200 5bytes 0.514s
May 13 12:36:50 localhost magmad[335750]: INFO:root:Checkin Successful! Successfully sent states to the cloud!
May 13 12:36:54 localhost mobilityd[335824]: INFO:root:Using GW info: {'default': {2: ('172.16.4.1', 'eth0')}, 2: [('172.16.4.1', 'eth0', True)]}
May 13 12:36:54 localhost mobilityd[335824]: INFO:root:GW-v6 probe: timer started
May 13 12:36:54 localhost magmad[335750]: INFO:root:[SyncRPC] Got heartBeat from cloud
May 13 12:36:54 localhost smsd[335923]: INFO:root:mme non_eps_service_config is not SMS_ORC8R, sleeping.
May 13 12:36:58 localhost control_proxy[335982]: 2022-05-13T12:36:58.115Z [127.0.0.1 -> streamer-controller.magmasi.wavelabs.in,8443] "POST /magma.orc8r.Streamer/GetUpdates HTTP/2" 200 173bytes 0.280s
May 13 12:36:58 localhost policydb[335901]: INFO:root:Processing 4 policy updates (resync=True)
May 13 12:36:58 localhost control_proxy[335982]: 2022-05-13T12:36:58.115Z [127.0.0.1 -> streamer-controller.magmasi.wavelabs.in,8443] "POST /magma.orc8r.Streamer/GetUpdates HTTP/2" 200 7bytes 0.295s
May 13 12:36:58 localhost policydb[335901]: INFO:root:Processing 0 basename -> policy updates
May 13 12:36:59 localhost control_proxy[335982]: 2022-05-13T12:36:58.115Z [127.0.0.1 -> streamer-controller.magmasi.wavelabs.in,8443] "POST /magma.orc8r.Streamer/GetUpdates HTTP/2" 200 13536bytes 0.346s
May 13 12:36:59 localhost policydb[335901]: INFO:root:Processing 223 SID -> apn -> policy updates
May 13 12:36:59 localhost control_proxy[335982]: 2022-05-13T12:36:59.052Z [127.0.0.1 -> streamer-controller.magmasi.wavelabs.in,8443] "POST /magma.orc8r.Streamer/GetUpdates HTTP/2" 200 7bytes 0.269s
May 13 12:36:59 localhost policydb[335901]: INFO:root:Processing 0 rating group updates
May 13 12:36:59 localhost smsd[335923]: INFO:root:mme non_eps_service_config is not SMS_ORC8R, sleeping.
May 13 12:37:00 localhost sctpd[336087]: I0513 12:37:00.931941 336585 sctp_connection.cpp:195] Unhandled notification type 32776
May 13 12:37:04 localhost smsd[335923]: INFO:root:mme non_eps_service_config is not SMS_ORC8R, sleeping.
May 13 12:37:09 localhost smsd[335923]: INFO:root:mme non_eps_service_config is not SMS_ORC8R, sleeping.
May 13 12:37:14 localhost mobilityd[335824]: INFO:root:Using GW info: {'default': {2: ('172.16.4.1', 'eth0')}, 2: [('172.16.4.1', 'eth0', True)]}
May 13 12:37:14 localhost mobilityd[335824]: INFO:root:GW-v6 probe: timer started
May 13 12:37:14 localhost smsd[335923]: INFO:root:mme non_eps_service_config is not SMS_ORC8R, sleeping.
May 13 12:37:19 localhost smsd[335923]: INFO:root:mme non_eps_service_config is not SMS_ORC8R, sleeping.
May 13 12:37:21 localhost magmad[335750]: ERROR:root:Metrics upload error for service subscriberdb (chunk 0)! [StatusCode.DEADLINE_EXCEEDED] Deadline Exceeded
May 13 12:37:21 localhost magmad[335750]: ERROR:root:Metrics upload error for service mobilityd (chunk 0)! [StatusCode.DEADLINE_EXCEEDED] Deadline Exceeded
May 13 12:37:21 localhost magmad[335750]: ERROR:root:Metrics upload error for service mme (chunk 0)! [StatusCode.DEADLINE_EXCEEDED] Deadline Exceeded
May 13 12:37:21 localhost magmad[335750]: ERROR:root:Metrics upload error for service magmad (chunk 0)! [StatusCode.DEADLINE_EXCEEDED] Deadline Exceeded
May 13 12:37:21 localhost magmad[335750]: ERROR:root:Metrics upload error for service enodebd (chunk 0)! [StatusCode.DEADLINE_EXCEEDED] Deadline Exceeded
May 13 12:37:21 localhost magmad[335750]: ERROR:root:Metrics upload error for service pipelined (chunk 0)! [StatusCode.DEADLINE_EXCEEDED] Deadline Exceeded
May 13 12:37:21 localhost magmad[335750]: ERROR:root:Metrics upload error for service state (chunk 0)! [StatusCode.DEADLINE_EXCEEDED] Deadline Exceeded
May 13 12:37:21 localhost magmad[335750]: ERROR:root:Metrics upload error for service sessiond (chunk 0)! [StatusCode.DEADLINE_EXCEEDED] Deadline Exceeded
May 13 12:37:25 localhost smsd[335923]: INFO:root:mme non_eps_service_config is not SMS_ORC8R, sleeping.
May 13 12:37:30 localhost smsd[335923]: INFO:root:mme non_eps_service_config is not SMS_ORC8R, sleeping.
May 13 12:37:34 localhost mobilityd[335824]: INFO:root:Using GW info: {'default': {2: ('172.16.4.1', 'eth0')}, 2: [('172.16.4.1', 'eth0', True)]}
May 13 12:37:34 localhost mobilityd[335824]: INFO:root:GW-v6 probe: timer started
May 13 12:37:34 localhost sctpd[336087]: I0513 12:37:34.510866 336585 sctp_connection.cpp:195] Unhandled notification type 32776
May 13 12:37:35 localhost smsd[335923]: INFO:root:mme non_eps_service_config is not SMS_ORC8R, sleeping.
May 13 12:37:50 localhost smsd[335923]: message repeated 3 times: [ INFO:root:mme non_eps_service_config is not SMS_ORC8R, sleeping.]
May 13 12:37:50 localhost magmad[335750]: INFO:root:Setting logging level to INFO
May 13 12:37:52 localhost control_proxy[335982]: 2022-05-13T12:36:51.411Z [127.0.0.1 -> streamer-controller.magmasi.wavelabs.in,8443] "POST /magma.orc8r.Streamer/GetUpdates HTTP/2" 200 0bytes 60.257s
May 13 12:37:52 localhost magmad[335750]: ERROR:root:Error! Streaming from the cloud failed! [StatusCode.ABORTED] error while streaming updates: rpc error: code = DeadlineExceeded desc = context deadline exceeded
May 13 12:37:54 localhost mobilityd[335824]: INFO:root:Using GW info: {'default': {2: ('172.16.4.1', 'eth0')}, 2: [('172.16.4.1', 'eth0', True)]}
May 13 12:37:54 localhost mobilityd[335824]: INFO:root:GW-v6 probe: timer started
May 13 12:37:54 localhost magmad[335750]: INFO:root:[SyncRPC] Got heartBeat from cloud
May 13 12:37:55 localhost smsd[335923]: INFO:root:mme non_eps_service_config is not SMS_ORC8R, sleeping.
May 13 12:37:56 localhost sctpd[336087]: I0513 12:37:56.091850 336585 sctp_connection.cpp:195] Unhandled notification type 32776
May 13 12:37:59 localhost control_proxy[335982]: 2022-05-13T12:37:59.329Z [127.0.0.1 -> streamer-controller.magmasi.wavelabs.in,8443] "POST /magma.orc8r.Streamer/GetUpdates HTTP/2" 200 173bytes 0.278s
May 13 12:37:59 localhost policydb[335901]: INFO:root:Processing 4 policy updates (resync=True)
May 13 12:37:59 localhost control_proxy[335982]: 2022-05-13T12:37:59.329Z [127.0.0.1 -> streamer-controller.magmasi.wavelabs.in,8443] "POST /magma.orc8r.Streamer/GetUpdates HTTP/2" 200 7bytes 0.270s
May 13 12:37:59 localhost policydb[335901]: INFO:root:Processing 0 basename -> policy updates
May 13 12:38:00 localhost smsd[335923]: INFO:root:mme non_eps_service_config is not SMS_ORC8R, sleeping.
May 13 12:38:00 localhost control_proxy[335982]: 2022-05-13T12:37:59.329Z [127.0.0.1 -> streamer-controller.magmasi.wavelabs.in,8443] "POST /magma.orc8r.Streamer/GetUpdates HTTP/2" 200 13536bytes 0.372s
May 13 12:38:00 localhost policydb[335901]: INFO:root:Processing 223 SID -> apn -> policy updates
May 13 12:38:00 localhost control_proxy[335982]: 2022-05-13T12:38:00.264Z [127.0.0.1 -> streamer-controller.magmasi.wavelabs.in,8443] "POST /magma.orc8r.Streamer/GetUpdates HTTP/2" 200 7bytes 0.265s
May 13 12:38:00 localhost policydb[335901]: INFO:root:Processing 0 rating group updates
May 13 12:38:05 localhost smsd[335923]: INFO:root:mme non_eps_service_config is not SMS_ORC8R, sleeping.
May 13 12:38:10 localhost smsd[335923]: INFO:root:mme non_eps_service_config is not SMS_ORC8R, sleeping.
May 13 12:38:10 localhost control_proxy[335982]: 2022-05-13T12:38:09.357Z [127.0.0.1 -> state-controller.magmasi.wavelabs.in,8443] "POST /magma.orc8r.StateService/ReportStates HTTP/2" 200 5bytes 0.852s
May 13 12:38:10 localhost magmad[335750]: INFO:root:Checkin Successful! Successfully sent states to the cloud!
May 13 12:38:14 localhost mobilityd[335824]: INFO:root:Using GW info: {'default': {2: ('172.16.4.1', 'eth0')}, 2: [('172.16.4.1', 'eth0', True)]}
May 13 12:38:14 localhost mobilityd[335824]: INFO:root:GW-v6 probe: timer started
May 13 12:38:15 localhost smsd[335923]: INFO:root:mme non_eps_service_config is not SMS_ORC8R, sleeping.
May 13 12:38:25 localhost smsd[335923]: message repeated 2 times: [ INFO:root:mme non_eps_service_config is not SMS_ORC8R, sleeping.]
May 13 12:38:30 localhost sctpd[336087]: I0513 12:38:30.002074 336585 sctp_connection.cpp:195] Unhandled notification type 32776
May 13 12:38:30 localhost smsd[335923]: INFO:root:mme non_eps_service_config is not SMS_ORC8R, sleeping.
May 13 12:38:34 localhost mobilityd[335824]: INFO:root:Using GW info: {'default': {2: ('172.16.4.1', 'eth0')}, 2: [('172.16.4.1', 'eth0', True)]}
May 13 12:38:34 localhost mobilityd[335824]: INFO:root:GW-v6 probe: timer started
May 13 12:38:35 localhost smsd[335923]: INFO:root:mme non_eps_service_config is not SMS_ORC8R, sleeping.
May 13 12:38:39 localhost magmad[335750]: ERROR:root:Metrics upload error for service subscriberdb (chunk 0)! [StatusCode.DEADLINE_EXCEEDED] Deadline Exceeded
May 13 12:38:39 localhost magmad[335750]: ERROR:root:Metrics upload error for service mobilityd (chunk 0)! [StatusCode.DEADLINE_EXCEEDED] Deadline Exceeded
May 13 12:38:39 localhost magmad[335750]: ERROR:root:Metrics upload error for service mme (chunk 0)! [StatusCode.DEADLINE_EXCEEDED] Deadline Exceeded
May 13 12:38:39 localhost magmad[335750]: ERROR:root:Metrics upload error for service magmad (chunk 0)! [StatusCode.DEADLINE_EXCEEDED] Deadline Exceeded
May 13 12:38:39 localhost magmad[335750]: ERROR:root:Metrics upload error for service enodebd (chunk 0)! [StatusCode.DEADLINE_EXCEEDED] Deadline Exceeded
May 13 12:38:39 localhost magmad[335750]: ERROR:root:Metrics upload error for service pipelined (chunk 0)! [StatusCode.DEADLINE_EXCEEDED] Deadline Exceeded
May 13 12:38:39 localhost magmad[335750]: ERROR:root:Metrics upload error for service state (chunk 0)! [StatusCode.DEADLINE_EXCEEDED] Deadline Exceeded
May 13 12:38:39 localhost magmad[335750]: ERROR:root:Metrics upload error for service sessiond (chunk 0)! [StatusCode.DEADLINE_EXCEEDED] Deadline Exceeded
May 13 12:38:40 localhost smsd[335923]: INFO:root:mme non_eps_service_config is not SMS_ORC8R, sleeping.
May 13 12:38:50 localhost smsd[335923]: message repeated 2 times: [ INFO:root:mme non_eps_service_config is not SMS_ORC8R, sleeping.]
May 13 12:38:54 localhost mobilityd[335824]: INFO:root:Using GW info: {'default': {2: ('172.16.4.1', 'eth0')}, 2: [('172.16.4.1', 'eth0', True)]}
May 13 12:38:54 localhost mobilityd[335824]: INFO:root:GW-v6 probe: timer started
May 13 12:38:54 localhost magmad[335750]: INFO:root:[SyncRPC] Got heartBeat from cloud
May 13 12:38:55 localhost smsd[335923]: INFO:root:mme non_eps_service_config is not SMS_ORC8R, sleeping.
May 13 12:38:55 localhost subscriberdb[335823]: INFO:root:get digest stored in gateway:
May 13 12:38:56 localhost control_proxy[335982]: 2022-05-13T12:38:55.873Z [127.0.0.1 -> subscriberdb-controller.magmasi.wavelabs.in,8443] "POST /magma.lte.SubscriberDBCloud/CheckInSync HTTP/2" 200 0bytes 0.253s
May 13 12:38:56 localhost subscriberdb[335823]: ERROR:root:Internal Error in subscriberdb-Orc8r communication. If AGW and Orc8r are deployed at a commit hash, upgrade AGW and Orc8r to latest commit hash.
May 13 12:38:56 localhost control_proxy[335982]: 2022-05-13T12:38:56.132Z [127.0.0.1 -> subscriberdb-controller.magmasi.wavelabs.in,8443] "POST /magma.lte.SubscriberDBCloud/Sync HTTP/2" 200 0bytes 0.251s
May 13 12:38:56 localhost subscriberdb[335823]: ERROR:root:Internal Error in subscriberdb-Orc8r communication. If AGW and Orc8r are deployed at a commit hash, upgrade AGW and Orc8r to latest commit hash.
May 13 12:38:56 localhost control_proxy[335982]: 2022-05-13T12:38:56.132Z [127.0.0.1 -> subscriberdb-controller.magmasi.wavelabs.in,8443] "POST /magma.lte.SubscriberDBCloud/ListSubscribers HTTP/2" 200 44653bytes 0.563s
May 13 12:38:57 localhost subscriberdb[335823]: INFO:root:Successfully fetched all subscriber pages from the cloud!
May 13 12:38:57 localhost subscriberdb[335823]: INFO:root:update root digest stored in gateway:
May 13 12:38:58 localhost sctpd[336087]: I0513 12:38:58.032536 336585 sctp_connection.cpp:195] Unhandled notification type 32776
May 13 12:39:00 localhost smsd[335923]: INFO:root:mme non_eps_service_config is not SMS_ORC8R, sleeping.
May 13 12:39:00 localhost control_proxy[335982]: 2022-05-13T12:39:00.591Z [127.0.0.1 -> streamer-controller.magmasi.wavelabs.in,8443] "POST /magma.orc8r.Streamer/GetUpdates HTTP/2" 200 173bytes 0.277s
May 13 12:39:00 localhost policydb[335901]: INFO:root:Processing 4 policy updates (resync=True)
May 13 12:39:01 localhost control_proxy[335982]: 2022-05-13T12:39:00.591Z [127.0.0.1 -> streamer-controller.magmasi.wavelabs.in,8443] "POST /magma.orc8r.Streamer/GetUpdates HTTP/2" 200 7bytes 0.270s
May 13 12:39:01 localhost policydb[335901]: INFO:root:Processing 0 basename -> policy updates
May 13 12:39:01 localhost control_proxy[335982]: 2022-05-13T12:39:01.145Z [127.0.0.1 -> streamer-controller.magmasi.wavelabs.in,8443] "POST /magma.orc8r.Streamer/GetUpdates HTTP/2" 200 13536bytes 0.301s
May 13 12:39:01 localhost policydb[335901]: INFO:root:Processing 223 SID -> apn -> policy updates
May 13 12:39:01 localhost control_proxy[335982]: 2022-05-13T12:39:01.145Z [127.0.0.1 -> streamer-controller.magmasi.wavelabs.in,8443] "POST /magma.orc8r.Streamer/GetUpdates HTTP/2" 200 7bytes 0.265s
May 13 12:39:01 localhost policydb[335901]: INFO:root:Processing 0 rating group updates
May 13 12:39:05 localhost smsd[335923]: INFO:root:mme non_eps_service_config is not SMS_ORC8R, sleeping.
May 13 12:39:10 localhost smsd[335923]: INFO:root:mme non_eps_service_config is not SMS_ORC8R, sleeping.
May 13 12:39:10 localhost magmad[335750]: INFO:root:Setting logging level to INFO
May 13 12:39:14 localhost mobilityd[335824]: INFO:root:Using GW info: {'default': {2: ('172.16.4.1', 'eth0')}, 2: [('172.16.4.1', 'eth0', True)]}
May 13 12:39:14 localhost mobilityd[335824]: INFO:root:GW-v6 probe: timer started
May 13 12:39:15 localhost smsd[335923]: INFO:root:mme non_eps_service_config is not SMS_ORC8R, sleeping.
May 13 12:39:25 localhost smsd[335923]: message repeated 2 times: [ INFO:root:mme non_eps_service_config is not SMS_ORC8R, sleeping.]
May 13 12:39:25 localhost sctpd[336087]: I0513 12:39:25.788321 336585 sctp_connection.cpp:195] Unhandled notification type 32776
May 13 12:39:29 localhost control_proxy[335982]: 2022-05-13T12:39:29.028Z [127.0.0.1 -> state-controller.magmasi.wavelabs.in,8443] "POST /magma.orc8r.StateService/ReportStates HTTP/2" 200 5bytes 0.298s
May 13 12:39:29 localhost magmad[335750]: INFO:root:Checkin Successful! Successfully sent states to the cloud!
May 13 12:39:30 localhost smsd[335923]: INFO:root:mme non_eps_service_config is not SMS_ORC8R, sleeping.
May 13 12:39:34 localhost mobilityd[335824]: INFO:root:Using GW info: {'default': {2: ('172.16.4.1', 'eth0')}, 2: [('172.16.4.1', 'eth0', True)]}
May 13 12:39:34 localhost mobilityd[335824]: INFO:root:GW-v6 probe: timer started
May 13 12:39:35 localhost smsd[335923]: INFO:root:mme non_eps_service_config is not SMS_ORC8R, sleeping.
May 13 12:39:39 localhost magmad[335750]: ERROR:root:Metrics upload error for service subscriberdb (chunk 0)! [StatusCode.DEADLINE_EXCEEDED] Deadline Exceeded
May 13 12:39:39 localhost magmad[335750]: ERROR:root:Metrics upload error for service mobilityd (chunk 0)! [StatusCode.DEADLINE_EXCEEDED] Deadline Exceeded
May 13 12:39:39 localhost magmad[335750]: ERROR:root:Metrics upload error for service mme (chunk 0)! [StatusCode.DEADLINE_EXCEEDED] Deadline Exceeded
May 13 12:39:39 localhost magmad[335750]: ERROR:root:Metrics upload error for service magmad (chunk 0)! [StatusCode.DEADLINE_EXCEEDED] Deadline Exceeded
May 13 12:39:39 localhost magmad[335750]: ERROR:root:Metrics upload error for service enodebd (chunk 0)! [StatusCode.DEADLINE_EXCEEDED] Deadline Exceeded
May 13 12:39:39 localhost magmad[335750]: ERROR:root:Metrics upload error for service pipelined (chunk 0)! [StatusCode.DEADLINE_EXCEEDED] Deadline Exceeded
May 13 12:39:39 localhost magmad[335750]: ERROR:root:Metrics upload error for service state (chunk 0)! [StatusCode.DEADLINE_EXCEEDED] Deadline Exceeded
May 13 12:39:39 localhost magmad[335750]: ERROR:root:Metrics upload error for service sessiond (chunk 0)! [StatusCode.DEADLINE_EXCEEDED] Deadline Exceeded
May 13 12:39:40 localhost smsd[335923]: INFO:root:mme non_eps_service_config is not SMS_ORC8R, sleeping.
May 13 12:39:50 localhost smsd[335923]: message repeated 2 times: [ INFO:root:mme non_eps_service_config is not SMS_ORC8R, sleeping.]
May 13 12:39:52 localhost control_proxy[335982]: 2022-05-13T12:38:52.256Z [127.0.0.1 -> streamer-controller.magmasi.wavelabs.in,8443] "POST /magma.orc8r.Streamer/GetUpdates HTTP/2" 200 0bytes 60.504s
May 13 12:39:52 localhost magmad[335750]: ERROR:root:Error! Streaming from the cloud failed! [StatusCode.ABORTED] error while streaming updates: rpc error: code = DeadlineExceeded desc = context deadline exceeded
May 13 12:39:53 localhost sctpd[336087]: I0513 12:39:53.708530 336585 sctp_connection.cpp:195] Unhandled notification type 32776
May 13 12:39:54 localhost mobilityd[335824]: INFO:root:Using GW info: {'default': {2: ('172.16.4.1', 'eth0')}, 2: [('172.16.4.1', 'eth0', True)]}
May 13 12:39:54 localhost mobilityd[335824]: INFO:root:GW-v6 probe: timer started
May 13 12:39:54 localhost magmad[335750]: INFO:root:[SyncRPC] Got heartBeat from cloud
May 13 12:39:55 localhost smsd[335923]: INFO:root:mme non_eps_service_config is not SMS_ORC8R, sleeping.
May 13 12:40:00 localhost smsd[335923]: INFO:root:mme non_eps_service_config is not SMS_ORC8R, sleeping.
May 13 12:40:02 localhost control_proxy[335982]: 2022-05-13T12:40:01.757Z [127.0.0.1 -> streamer-controller.magmasi.wavelabs.in,8443] "POST /magma.orc8r.Streamer/GetUpdates HTTP/2" 200 173bytes 0.541s
May 13 12:40:02 localhost policydb[335901]: INFO:root:Processing 4 policy updates (resync=True)
May 13 12:40:02 localhost control_proxy[335982]: 2022-05-13T12:40:02.302Z [127.0.0.1 -> streamer-controller.magmasi.wavelabs.in,8443] "POST /magma.orc8r.Streamer/GetUpdates HTTP/2" 200 7bytes 0.276s
May 13 12:40:02 localhost policydb[335901]: INFO:root:Processing 0 basename -> policy updates
May 13 12:40:02 localhost control_proxy[335982]: 2022-05-13T12:40:02.302Z [127.0.0.1 -> streamer-controller.magmasi.wavelabs.in,8443] "POST /magma.orc8r.Streamer/GetUpdates HTTP/2" 200 13536bytes 0.318s
May 13 12:40:02 localhost policydb[335901]: INFO:root:Processing 223 SID -> apn -> policy updates
May 13 12:40:03 localhost control_proxy[335982]: 2022-05-13T12:40:02.302Z [127.0.0.1 -> streamer-controller.magmasi.wavelabs.in,8443] "POST /magma.orc8r.Streamer/GetUpdates HTTP/2" 200 7bytes 0.270s
May 13 12:40:03 localhost policydb[335901]: INFO:root:Processing 0 rating group updates
May 13 12:40:05 localhost smsd[335923]: INFO:root:mme non_eps_service_config is not SMS_ORC8R, sleeping.
May 13 12:40:10 localhost smsd[335923]: INFO:root:mme non_eps_service_config is not SMS_ORC8R, sleeping.
May 13 12:40:14 localhost mobilityd[335824]: INFO:root:Using GW info: {'default': {2: ('172.16.4.1', 'eth0')}, 2: [('172.16.4.1', 'eth0', True)]}
May 13 12:40:14 localhost mobilityd[335824]: INFO:root:GW-v6 probe: timer started
May 13 12:40:15 localhost smsd[335923]: INFO:root:mme non_eps_service_config is not SMS_ORC8R, sleeping.
May 13 12:40:18 localhost sctpd[336087]: I0513 12:40:18.127300 336585 sctp_connection.cpp:195] Unhandled notification type 32776
May 13 12:40:20 localhost smsd[335923]: INFO:root:mme non_eps_service_config is not SMS_ORC8R, sleeping.
May 13 12:40:26 localhost smsd[335923]: INFO:root:mme non_eps_service_config is not SMS_ORC8R, sleeping.
May 13 12:40:30 localhost magmad[335750]: INFO:root:Setting logging level to INFO
May 13 12:40:31 localhost smsd[335923]: INFO:root:mme non_eps_service_config is not SMS_ORC8R, sleeping.
May 13 12:40:34 localhost mobilityd[335824]: INFO:root:Using GW info: {'default': {2: ('172.16.4.1', 'eth0')}, 2: [('172.16.4.1', 'eth0', True)]}
May 13 12:40:34 localhost mobilityd[335824]: INFO:root:GW-v6 probe: timer started
May 13 12:40:36 localhost smsd[335923]: INFO:root:mme non_eps_service_config is not SMS_ORC8R, sleeping.
May 13 12:40:46 localhost smsd[335923]: message repeated 2 times: [ INFO:root:mme non_eps_service_config is not SMS_ORC8R, sleeping.]
May 13 12:40:48 localhost magmad[335750]: ERROR:root:Metrics upload error for service subscriberdb (chunk 0)! [StatusCode.DEADLINE_EXCEEDED] Deadline Exceeded
May 13 12:40:48 localhost magmad[335750]: ERROR:root:Metrics upload error for service mobilityd (chunk 0)! [StatusCode.DEADLINE_EXCEEDED] Deadline Exceeded
May 13 12:40:48 localhost magmad[335750]: ERROR:root:Metrics upload error for service mme (chunk 0)! [StatusCode.DEADLINE_EXCEEDED] Deadline Exceeded
May 13 12:40:48 localhost magmad[335750]: ERROR:root:Metrics upload error for service magmad (chunk 0)! [StatusCode.DEADLINE_EXCEEDED] Deadline Exceeded
May 13 12:40:48 localhost magmad[335750]: ERROR:root:Metrics upload error for service enodebd (chunk 0)! [StatusCode.DEADLINE_EXCEEDED] Deadline Exceeded
May 13 12:40:48 localhost magmad[335750]: ERROR:root:Metrics upload error for service pipelined (chunk 0)! [StatusCode.DEADLINE_EXCEEDED] Deadline Exceeded
May 13 12:40:48 localhost magmad[335750]: ERROR:root:Metrics upload error for service state (chunk 0)! [StatusCode.DEADLINE_EXCEEDED] Deadline Exceeded
May 13 12:40:48 localhost magmad[335750]: ERROR:root:Metrics upload error for service sessiond (chunk 0)! [StatusCode.DEADLINE_EXCEEDED] Deadline Exceeded
May 13 12:40:49 localhost control_proxy[335982]: 2022-05-13T12:40:48.536Z [127.0.0.1 -> state-controller.magmasi.wavelabs.in,8443] "POST /magma.orc8r.StateService/ReportStates HTTP/2" 200 5bytes 0.514s
May 13 12:40:49 localhost magmad[335750]: INFO:root:Checkin Successful! Successfully sent states to the cloud!
May 13 12:40:49 localhost sctpd[336087]: I0513 12:40:49.367859 336585 sctp_connection.cpp:195] Unhandled notification type 32776
May 13 12:40:51 localhost smsd[335923]: INFO:root:mme non_eps_service_config is not SMS_ORC8R, sleeping.
May 13 12:40:51 localhost magmad[335750]: INFO:root:Checking for upgrade...
May 13 12:40:51 localhost magmad[335750]: WARNING:root:magmad package_version config missing or set to default 0.0.0-0, skipping upgrade
May 13 12:40:54 localhost mobilityd[335824]: INFO:root:Using GW info: {'default': {2: ('172.16.4.1', 'eth0')}, 2: [('172.16.4.1', 'eth0', True)]}
May 13 12:40:54 localhost mobilityd[335824]: INFO:root:GW-v6 probe: timer started
May 13 12:40:54 localhost magmad[335750]: INFO:root:[SyncRPC] Got heartBeat from cloud
May 13 12:40:56 localhost smsd[335923]: INFO:root:mme non_eps_service_config is not SMS_ORC8R, sleeping.
May 13 12:41:01 localhost smsd[335923]: INFO:root:mme non_eps_service_config is not SMS_ORC8R, sleeping.
May 13 12:41:03 localhost control_proxy[335982]: 2022-05-13T12:41:03.181Z [127.0.0.1 -> streamer-controller.magmasi.wavelabs.in,8443] "POST /magma.orc8r.Streamer/GetUpdates HTTP/2" 200 173bytes 0.516s
May 13 12:41:03 localhost policydb[335901]: INFO:root:Processing 4 policy updates (resync=True)
May 13 12:41:03 localhost control_proxy[335982]: 2022-05-13T12:41:03.181Z [127.0.0.1 -> streamer-controller.magmasi.wavelabs.in,8443] "POST /magma.orc8r.Streamer/GetUpdates HTTP/2" 200 7bytes 0.268s
May 13 12:41:03 localhost policydb[335901]: INFO:root:Processing 0 basename -> policy updates
May 13 12:41:04 localhost control_proxy[335982]: 2022-05-13T12:41:03.181Z [127.0.0.1 -> streamer-controller.magmasi.wavelabs.in,8443] "POST /magma.orc8r.Streamer/GetUpdates HTTP/2" 200 13536bytes 0.304s
May 13 12:41:04 localhost policydb[335901]: INFO:root:Processing 223 SID -> apn -> policy updates
May 13 12:41:04 localhost control_proxy[335982]: 2022-05-13T12:41:04.280Z [127.0.0.1 -> streamer-controller.magmasi.wavelabs.in,8443] "POST /magma.orc8r.Streamer/GetUpdates HTTP/2" 200 7bytes 0.261s
May 13 12:41:04 localhost policydb[335901]: INFO:root:Processing 0 rating group updates
May 13 12:41:06 localhost smsd[335923]: INFO:root:mme non_eps_service_config is not SMS_ORC8R, sleeping.
May 13 12:41:11 localhost sctpd[336087]: I0513 12:41:11.073300 336585 sctp_connection.cpp:195] Unhandled notification type 32776
May 13 12:41:11 localhost smsd[335923]: INFO:root:mme non_eps_service_config is not SMS_ORC8R, sleeping.
May 13 12:41:14 localhost mobilityd[335824]: INFO:root:Using GW info: {'default': {2: ('172.16.4.1', 'eth0')}, 2: [('172.16.4.1', 'eth0', True)]}
May 13 12:41:14 localhost mobilityd[335824]: INFO:root:GW-v6 probe: timer started
May 13 12:41:16 localhost smsd[335923]: INFO:root:mme non_eps_service_config is not SMS_ORC8R, sleeping.
May 13 12:41:31 localhost smsd[335923]: message repeated 3 times: [ INFO:root:mme non_eps_service_config is not SMS_ORC8R, sleeping.]
May 13 12:41:34 localhost mobilityd[335824]: INFO:root:Using GW info: {'default': {2: ('172.16.4.1', 'eth0')}, 2: [('172.16.4.1', 'eth0', True)]}
May 13 12:41:34 localhost mobilityd[335824]: INFO:root:GW-v6 probe: timer started
May 13 12:41:34 localhost dnsmasq-dhcp[335998]: DHCPDISCOVER(eth1) 48:bf:74:03:3d:72 
May 13 12:41:34 localhost dnsmasq-dhcp[335998]: DHCPOFFER(eth1) 172.16.7.250 48:bf:74:03:3d:72 
May 13 12:41:36 localhost smsd[335923]: INFO:root:mme non_eps_service_config is not SMS_ORC8R, sleeping.
May 13 12:41:39 localhost magmad[335750]: ERROR:root:Metrics upload error for service subscriberdb (chunk 0)! [StatusCode.DEADLINE_EXCEEDED] Deadline Exceeded
May 13 12:41:39 localhost magmad[335750]: ERROR:root:Metrics upload error for service mobilityd (chunk 0)! [StatusCode.DEADLINE_EXCEEDED] Deadline Exceeded
May 13 12:41:39 localhost magmad[335750]: ERROR:root:Metrics upload error for service mme (chunk 0)! [StatusCode.DEADLINE_EXCEEDED] Deadline Exceeded
May 13 12:41:39 localhost magmad[335750]: ERROR:root:Metrics upload error for service magmad (chunk 0)! [StatusCode.DEADLINE_EXCEEDED] Deadline Exceeded
May 13 12:41:39 localhost magmad[335750]: ERROR:root:Metrics upload error for service enodebd (chunk 0)! [StatusCode.DEADLINE_EXCEEDED] Deadline Exceeded
May 13 12:41:39 localhost magmad[335750]: ERROR:root:Metrics upload error for service pipelined (chunk 0)! [StatusCode.DEADLINE_EXCEEDED] Deadline Exceeded
May 13 12:41:39 localhost magmad[335750]: ERROR:root:Metrics upload error for service state (chunk 0)! [StatusCode.DEADLINE_EXCEEDED] Deadline Exceeded
May 13 12:41:39 localhost magmad[335750]: ERROR:root:Metrics upload error for service sessiond (chunk 0)! [StatusCode.DEADLINE_EXCEEDED] Deadline Exceeded
May 13 12:41:41 localhost smsd[335923]: INFO:root:mme non_eps_service_config is not SMS_ORC8R, sleeping.
May 13 12:41:45 localhost sctpd[336087]: I0513 12:41:45.120754 336585 sctp_connection.cpp:195] Unhandled notification type 32776
May 13 12:41:46 localhost smsd[335923]: INFO:root:mme non_eps_service_config is not SMS_ORC8R, sleeping.
May 13 12:41:49 localhost magmad[335750]: INFO:root:Setting logging level to INFO
May 13 12:41:51 localhost smsd[335923]: INFO:root:mme non_eps_service_config is not SMS_ORC8R, sleeping.
May 13 12:41:53 localhost control_proxy[335982]: 2022-05-13T12:40:52.818Z [127.0.0.1 -> streamer-controller.magmasi.wavelabs.in,8443] "POST /magma.orc8r.Streamer/GetUpdates HTTP/2" 200 0bytes 60.286s
May 13 12:41:53 localhost magmad[335750]: ERROR:root:Error! Streaming from the cloud failed! [StatusCode.ABORTED] error while streaming updates: rpc error: code = DeadlineExceeded desc = context deadline exceeded
May 13 12:41:54 localhost mobilityd[335824]: INFO:root:Using GW info: {'default': {2: ('172.16.4.1', 'eth0')}, 2: [('172.16.4.1', 'eth0', True)]}
May 13 12:41:54 localhost mobilityd[335824]: INFO:root:GW-v6 probe: timer started
May 13 12:41:54 localhost magmad[335750]: INFO:root:[SyncRPC] Got heartBeat from cloud
May 13 12:41:56 localhost smsd[335923]: INFO:root:mme non_eps_service_config is not SMS_ORC8R, sleeping.
May 13 12:41:57 localhost dnsmasq-dhcp[335998]: DHCPDISCOVER(eth1) 48:bf:74:03:3d:72 
May 13 12:41:57 localhost dnsmasq-dhcp[335998]: DHCPOFFER(eth1) 172.16.7.250 48:bf:74:03:3d:72 
May 13 12:42:01 localhost smsd[335923]: INFO:root:mme non_eps_service_config is not SMS_ORC8R, sleeping.
May 13 12:42:05 localhost control_proxy[335982]: 2022-05-13T12:42:04.599Z [127.0.0.1 -> streamer-controller.magmasi.wavelabs.in,8443] "POST /magma.orc8r.Streamer/GetUpdates HTTP/2" 200 173bytes 0.521s
May 13 12:42:05 localhost policydb[335901]: INFO:root:Processing 4 policy updates (resync=True)
May 13 12:42:05 localhost control_proxy[335982]: 2022-05-13T12:42:05.125Z [127.0.0.1 -> streamer-controller.magmasi.wavelabs.in,8443] "POST /magma.orc8r.Streamer/GetUpdates HTTP/2" 200 7bytes 0.277s
May 13 12:42:05 localhost policydb[335901]: INFO:root:Processing 0 basename -> policy updates
May 13 12:42:05 localhost control_proxy[335982]: 2022-05-13T12:42:05.125Z [127.0.0.1 -> streamer-controller.magmasi.wavelabs.in,8443] "POST /magma.orc8r.Streamer/GetUpdates HTTP/2" 200 13536bytes 0.295s
May 13 12:42:05 localhost policydb[335901]: INFO:root:Processing 223 SID -> apn -> policy updates
May 13 12:42:05 localhost control_proxy[335982]: 2022-05-13T12:42:05.125Z [127.0.0.1 -> streamer-controller.magmasi.wavelabs.in,8443] "POST /magma.orc8r.Streamer/GetUpdates HTTP/2" 200 7bytes 0.259s
May 13 12:42:05 localhost policydb[335901]: INFO:root:Processing 0 rating group updates
May 13 12:42:06 localhost smsd[335923]: INFO:root:mme non_eps_service_config is not SMS_ORC8R, sleeping.
May 13 12:42:08 localhost control_proxy[335982]: 2022-05-13T12:42:08.063Z [127.0.0.1 -> state-controller.magmasi.wavelabs.in,8443] "POST /magma.orc8r.StateService/ReportStates HTTP/2" 200 5bytes 0.263s
May 13 12:42:08 localhost magmad[335750]: INFO:root:Checkin Successful! Successfully sent states to the cloud!
May 13 12:42:11 localhost smsd[335923]: INFO:root:mme non_eps_service_config is not SMS_ORC8R, sleeping.
May 13 12:42:12 localhost sctpd[336087]: I0513 12:42:12.959363 336585 sctp_connection.cpp:195] Unhandled notification type 32776
May 13 12:42:14 localhost mobilityd[335824]: INFO:root:Using GW info: {'default': {2: ('172.16.4.1', 'eth0')}, 2: [('172.16.4.1', 'eth0', True)]}
May 13 12:42:14 localhost mobilityd[335824]: INFO:root:GW-v6 probe: timer started
May 13 12:42:16 localhost smsd[335923]: INFO:root:mme non_eps_service_config is not SMS_ORC8R, sleeping.
May 13 12:42:31 localhost smsd[335923]: message repeated 3 times: [ INFO:root:mme non_eps_service_config is not SMS_ORC8R, sleeping.]
May 13 12:42:34 localhost mobilityd[335824]: INFO:root:Using GW info: {'default': {2: ('172.16.4.1', 'eth0')}, 2: [('172.16.4.1', 'eth0', True)]}
May 13 12:42:34 localhost mobilityd[335824]: INFO:root:GW-v6 probe: timer started
May 13 12:42:36 localhost smsd[335923]: INFO:root:mme non_eps_service_config is not SMS_ORC8R, sleeping.
May 13 12:42:39 localhost magmad[335750]: ERROR:root:Metrics upload error for service subscriberdb (chunk 0)! [StatusCode.DEADLINE_EXCEEDED] Deadline Exceeded
May 13 12:42:39 localhost magmad[335750]: ERROR:root:Metrics upload error for service mobilityd (chunk 0)! [StatusCode.DEADLINE_EXCEEDED] Deadline Exceeded
May 13 12:42:39 localhost magmad[335750]: ERROR:root:Metrics upload error for service mme (chunk 0)! [StatusCode.DEADLINE_EXCEEDED] Deadline Exceeded
May 13 12:42:39 localhost magmad[335750]: ERROR:root:Metrics upload error for service magmad (chunk 0)! [StatusCode.DEADLINE_EXCEEDED] Deadline Exceeded
May 13 12:42:39 localhost magmad[335750]: ERROR:root:Metrics upload error for service enodebd (chunk 0)! [StatusCode.DEADLINE_EXCEEDED] Deadline Exceeded
May 13 12:42:39 localhost magmad[335750]: ERROR:root:Metrics upload error for service pipelined (chunk 0)! [StatusCode.DEADLINE_EXCEEDED] Deadline Exceeded
May 13 12:42:39 localhost magmad[335750]: ERROR:root:Metrics upload error for service state (chunk 0)! [StatusCode.DEADLINE_EXCEEDED] Deadline Exceeded
May 13 12:42:39 localhost magmad[335750]: ERROR:root:Metrics upload error for service sessiond (chunk 0)! [StatusCode.DEADLINE_EXCEEDED] Deadline Exceeded
May 13 12:42:41 localhost sctpd[336087]: I0513 12:42:41.222211 336585 sctp_connection.cpp:195] Unhandled notification type 32776
May 13 12:42:41 localhost smsd[335923]: INFO:root:mme non_eps_service_config is not SMS_ORC8R, sleeping.
May 13 12:42:51 localhost smsd[335923]: message repeated 2 times: [ INFO:root:mme non_eps_service_config is not SMS_ORC8R, sleeping.]
May 13 12:42:54 localhost mobilityd[335824]: INFO:root:Using GW info: {'default': {2: ('172.16.4.1', 'eth0')}, 2: [('172.16.4.1', 'eth0', True)]}
May 13 12:42:54 localhost mobilityd[335824]: INFO:root:GW-v6 probe: timer started
May 13 12:42:54 localhost magmad[335750]: INFO:root:[SyncRPC] Got heartBeat from cloud
May 13 12:42:56 localhost smsd[335923]: INFO:root:mme non_eps_service_config is not SMS_ORC8R, sleeping.
May 13 12:43:01 localhost smsd[335923]: INFO:root:mme non_eps_service_config is not SMS_ORC8R, sleeping.
May 13 12:43:06 localhost control_proxy[335982]: 2022-05-13T12:43:06.028Z [127.0.0.1 -> streamer-controller.magmasi.wavelabs.in,8443] "POST /magma.orc8r.Streamer/GetUpdates HTTP/2" 200 173bytes 0.512s
May 13 12:43:06 localhost policydb[335901]: INFO:root:Processing 4 policy updates (resync=True)
May 13 12:43:06 localhost control_proxy[335982]: 2022-05-13T12:43:06.028Z [127.0.0.1 -> streamer-controller.magmasi.wavelabs.in,8443] "POST /magma.orc8r.Streamer/GetUpdates HTTP/2" 200 7bytes 0.263s
May 13 12:43:06 localhost policydb[335901]: INFO:root:Processing 0 basename -> policy updates
May 13 12:43:07 localhost smsd[335923]: INFO:root:mme non_eps_service_config is not SMS_ORC8R, sleeping.
May 13 12:43:07 localhost control_proxy[335982]: 2022-05-13T12:43:06.028Z [127.0.0.1 -> streamer-controller.magmasi.wavelabs.in,8443] "POST /magma.orc8r.Streamer/GetUpdates HTTP/2" 200 13536bytes 0.286s
May 13 12:43:07 localhost policydb[335901]: INFO:root:Processing 223 SID -> apn -> policy updates
May 13 12:43:07 localhost control_proxy[335982]: 2022-05-13T12:43:07.105Z [127.0.0.1 -> streamer-controller.magmasi.wavelabs.in,8443] "POST /magma.orc8r.Streamer/GetUpdates HTTP/2" 200 7bytes 0.258s
May 13 12:43:07 localhost policydb[335901]: INFO:root:Processing 0 rating group updates
May 13 12:43:09 localhost sctpd[336087]: I0513 12:43:09.085999 336585 sctp_connection.cpp:195] Unhandled notification type 32776
May 13 12:43:09 localhost magmad[335750]: INFO:root:Setting logging level to INFO
May 13 12:43:12 localhost smsd[335923]: INFO:root:mme non_eps_service_config is not SMS_ORC8R, sleeping.
May 13 12:43:14 localhost mobilityd[335824]: INFO:root:Using GW info: {'default': {2: ('172.16.4.1', 'eth0')}, 2: [('172.16.4.1', 'eth0', True)]}
May 13 12:43:14 localhost mobilityd[335824]: INFO:root:GW-v6 probe: timer started
May 13 12:43:17 localhost smsd[335923]: INFO:root:mme non_eps_service_config is not SMS_ORC8R, sleeping.
May 13 12:43:27 localhost smsd[335923]: message repeated 2 times: [ INFO:root:mme non_eps_service_config is not SMS_ORC8R, sleeping.]
May 13 12:43:28 localhost control_proxy[335982]: 2022-05-13T12:43:27.578Z [127.0.0.1 -> state-controller.magmasi.wavelabs.in,8443] "POST /magma.orc8r.StateService/ReportStates HTTP/2" 200 5bytes 0.438s
May 13 12:43:28 localhost magmad[335750]: INFO:root:Checkin Successful! Successfully sent states to the cloud!
May 13 12:43:32 localhost smsd[335923]: INFO:root:mme non_eps_service_config is not SMS_ORC8R, sleeping.
May 13 12:43:33 localhost sctpd[336087]: I0513 12:43:33.038245 336585 sctp_connection.cpp:195] Unhandled notification type 32776
May 13 12:43:34 localhost mobilityd[335824]: INFO:root:Using GW info: {'default': {2: ('172.16.4.1', 'eth0')}, 2: [('172.16.4.1', 'eth0', True)]}
May 13 12:43:34 localhost mobilityd[335824]: INFO:root:GW-v6 probe: timer started
May 13 12:43:37 localhost smsd[335923]: INFO:root:mme non_eps_service_config is not SMS_ORC8R, sleeping.
May 13 12:43:47 localhost smsd[335923]: message repeated 2 times: [ INFO:root:mme non_eps_service_config is not SMS_ORC8R, sleeping.]
May 13 12:43:49 localhost dnsmasq-dhcp[335998]: DHCPDISCOVER(eth1) fa:16:3e:38:72:0b 
May 13 12:43:49 localhost dnsmasq-dhcp[335998]: DHCPOFFER(eth1) 172.16.7.250 fa:16:3e:38:72:0b 
May 13 12:43:52 localhost smsd[335923]: INFO:root:mme non_eps_service_config is not SMS_ORC8R, sleeping.
May 13 12:43:53 localhost control_proxy[335982]: 2022-05-13T12:42:53.126Z [127.0.0.1 -> streamer-controller.magmasi.wavelabs.in,8443] "POST /magma.orc8r.Streamer/GetUpdates HTTP/2" 200 0bytes 60.513s
May 13 12:43:53 localhost magmad[335750]: ERROR:root:Error! Streaming from the cloud failed! [StatusCode.ABORTED] error while streaming updates: rpc error: code = DeadlineExceeded desc = context deadline exceeded
May 13 12:43:54 localhost mobilityd[335824]: INFO:root:Using GW info: {'default': {2: ('172.16.4.1', 'eth0')}, 2: [('172.16.4.1', 'eth0', True)]}
May 13 12:43:54 localhost mobilityd[335824]: INFO:root:GW-v6 probe: timer started
May 13 12:43:54 localhost magmad[335750]: INFO:root:[SyncRPC] Got heartBeat from cloud
May 13 12:43:57 localhost smsd[335923]: INFO:root:mme non_eps_service_config is not SMS_ORC8R, sleeping.
May 13 12:43:57 localhost subscriberdb[335823]: INFO:root:get digest stored in gateway:
May 13 12:43:57 localhost magmad[335750]: ERROR:root:Metrics upload error for service subscriberdb (chunk 0)! [StatusCode.DEADLINE_EXCEEDED] Deadline Exceeded
May 13 12:43:57 localhost magmad[335750]: ERROR:root:Metrics upload error for service mobilityd (chunk 0)! [StatusCode.DEADLINE_EXCEEDED] Deadline Exceeded
May 13 12:43:57 localhost magmad[335750]: ERROR:root:Metrics upload error for service mme (chunk 0)! [StatusCode.DEADLINE_EXCEEDED] Deadline Exceeded
May 13 12:43:57 localhost magmad[335750]: ERROR:root:Metrics upload error for service magmad (chunk 0)! [StatusCode.DEADLINE_EXCEEDED] Deadline Exceeded
May 13 12:43:57 localhost magmad[335750]: ERROR:root:Metrics upload error for service enodebd (chunk 0)! [StatusCode.DEADLINE_EXCEEDED] Deadline Exceeded
May 13 12:43:57 localhost magmad[335750]: ERROR:root:Metrics upload error for service pipelined (chunk 0)! [StatusCode.DEADLINE_EXCEEDED] Deadline Exceeded
May 13 12:43:57 localhost magmad[335750]: ERROR:root:Metrics upload error for service state (chunk 0)! [StatusCode.DEADLINE_EXCEEDED] Deadline Exceeded
May 13 12:43:57 localhost magmad[335750]: ERROR:root:Metrics upload error for service sessiond (chunk 0)! [StatusCode.DEADLINE_EXCEEDED] Deadline Exceeded
May 13 12:43:57 localhost control_proxy[335982]: 2022-05-13T12:43:57.455Z [127.0.0.1 -> subscriberdb-controller.magmasi.wavelabs.in,8443] "POST /magma.lte.SubscriberDBCloud/CheckInSync HTTP/2" 200 0bytes 0.249s
May 13 12:43:57 localhost subscriberdb[335823]: ERROR:root:Internal Error in subscriberdb-Orc8r communication. If AGW and Orc8r are deployed at a commit hash, upgrade AGW and Orc8r to latest commit hash.
May 13 12:43:57 localhost control_proxy[335982]: 2022-05-13T12:43:57.455Z [127.0.0.1 -> subscriberdb-controller.magmasi.wavelabs.in,8443] "POST /magma.lte.SubscriberDBCloud/Sync HTTP/2" 200 0bytes 0.250s
May 13 12:43:57 localhost subscriberdb[335823]: ERROR:root:Internal Error in subscriberdb-Orc8r communication. If AGW and Orc8r are deployed at a commit hash, upgrade AGW and Orc8r to latest commit hash.
May 13 12:43:58 localhost control_proxy[335982]: 2022-05-13T12:43:57.455Z [127.0.0.1 -> subscriberdb-controller.magmasi.wavelabs.in,8443] "POST /magma.lte.SubscriberDBCloud/ListSubscribers HTTP/2" 200 44653bytes 0.575s
May 13 12:43:58 localhost subscriberdb[335823]: INFO:root:Successfully fetched all subscriber pages from the cloud!
May 13 12:43:59 localhost subscriberdb[335823]: INFO:root:update root digest stored in gateway:
May 13 12:44:02 localhost smsd[335923]: INFO:root:mme non_eps_service_config is not SMS_ORC8R, sleeping.
May 13 12:44:04 localhost sctpd[336087]: I0513 12:44:04.997541 336585 sctp_connection.cpp:195] Unhandled notification type 32776
May 13 12:44:07 localhost smsd[335923]: INFO:root:mme non_eps_service_config is not SMS_ORC8R, sleeping.
May 13 12:44:07 localhost control_proxy[335982]: 2022-05-13T12:44:07.427Z [127.0.0.1 -> streamer-controller.magmasi.wavelabs.in,8443] "POST /magma.orc8r.Streamer/GetUpdates HTTP/2" 200 173bytes 0.516s
May 13 12:44:07 localhost policydb[335901]: INFO:root:Processing 4 policy updates (resync=True)
May 13 12:44:08 localhost control_proxy[335982]: 2022-05-13T12:44:07.427Z [127.0.0.1 -> streamer-controller.magmasi.wavelabs.in,8443] "POST /magma.orc8r.Streamer/GetUpdates HTTP/2" 200 7bytes 0.263s
May 13 12:44:08 localhost policydb[335901]: INFO:root:Processing 0 basename -> policy updates
May 13 12:44:08 localhost control_proxy[335982]: 2022-05-13T12:44:08.212Z [127.0.0.1 -> streamer-controller.magmasi.wavelabs.in,8443] "POST /magma.orc8r.Streamer/GetUpdates HTTP/2" 200 13536bytes 0.323s
May 13 12:44:08 localhost policydb[335901]: INFO:root:Processing 223 SID -> apn -> policy updates
May 13 12:44:08 localhost control_proxy[335982]: 2022-05-13T12:44:08.212Z [127.0.0.1 -> streamer-controller.magmasi.wavelabs.in,8443] "POST /magma.orc8r.Streamer/GetUpdates HTTP/2" 200 7bytes 0.293s
May 13 12:44:08 localhost policydb[335901]: INFO:root:Processing 0 rating group updates
May 13 12:44:12 localhost smsd[335923]: INFO:root:mme non_eps_service_config is not SMS_ORC8R, sleeping.
May 13 12:44:14 localhost mobilityd[335824]: INFO:root:Using GW info: {'default': {2: ('172.16.4.1', 'eth0')}, 2: [('172.16.4.1', 'eth0', True)]}
May 13 12:44:14 localhost mobilityd[335824]: INFO:root:GW-v6 probe: timer started
May 13 12:44:17 localhost smsd[335923]: INFO:root:mme non_eps_service_config is not SMS_ORC8R, sleeping.
May 13 12:44:22 localhost smsd[335923]: INFO:root:mme non_eps_service_config is not SMS_ORC8R, sleeping.
May 13 12:44:26 localhost sctpd[336087]: I0513 12:44:26.952790 336585 sctp_connection.cpp:195] Unhandled notification type 32776
May 13 12:44:27 localhost smsd[335923]: INFO:root:mme non_eps_service_config is not SMS_ORC8R, sleeping.
May 13 12:44:28 localhost magmad[335750]: INFO:root:Setting logging level to INFO
May 13 12:44:32 localhost smsd[335923]: INFO:root:mme non_eps_service_config is not SMS_ORC8R, sleeping.
