Apr 15 16:00:48 localhost dhclient[601]: DHCPREQUEST for 172.16.5.121 on eth1 to 172.16.5.2 port 67 (xid=0x1858e024)
Apr 15 16:00:49 localhost smsd[1068528]: INFO:root:mme non_eps_service_config is not SMS_ORC8R, sleeping.
Apr 15 16:00:54 localhost smsd[1068528]: INFO:root:mme non_eps_service_config is not SMS_ORC8R, sleeping.
Apr 15 16:00:55 localhost sctpd[1068704]: I0415 16:00:55.226842 1069220 sctp_connection.cpp:195] Unhandled notification type 32776
Apr 15 16:00:56 localhost sctpd[1068704]: I0415 16:00:56.295222 1069220 sctp_connection.cpp:195] Unhandled notification type 32777
Apr 15 16:00:57 localhost magmad[1068362]: INFO:root:Setting logging level to INFO
Apr 15 16:00:59 localhost mobilityd[1068431]: INFO:root:Using GW info: {'default': {2: ('172.16.4.1', 'eth0')}, 2: [('172.16.4.1', 'eth0', True)]}
Apr 15 16:00:59 localhost mobilityd[1068431]: INFO:root:GW-v6 probe: timer started
Apr 15 16:00:59 localhost smsd[1068528]: INFO:root:mme non_eps_service_config is not SMS_ORC8R, sleeping.
Apr 15 16:01:00 localhost dhclient[601]: DHCPREQUEST for 172.16.5.121 on eth1 to 172.16.5.2 port 67 (xid=0x1858e024)
Apr 15 16:01:04 localhost smsd[1068528]: INFO:root:mme non_eps_service_config is not SMS_ORC8R, sleeping.
Apr 15 16:01:09 localhost smsd[1068528]: INFO:root:mme non_eps_service_config is not SMS_ORC8R, sleeping.
Apr 15 16:01:12 localhost sctpd[1068704]: I0415 16:01:12.934739 1069220 sctp_connection.cpp:195] Unhandled notification type 32776
Apr 15 16:01:14 localhost smsd[1068528]: INFO:root:mme non_eps_service_config is not SMS_ORC8R, sleeping.
Apr 15 16:01:15 localhost magmad[1068362]: ERROR:root:Metrics upload error for service subscriberdb (chunk 0)! [StatusCode.DEADLINE_EXCEEDED] Deadline Exceeded
Apr 15 16:01:15 localhost magmad[1068362]: ERROR:root:Metrics upload error for service mobilityd (chunk 0)! [StatusCode.DEADLINE_EXCEEDED] Deadline Exceeded
Apr 15 16:01:15 localhost magmad[1068362]: ERROR:root:Metrics upload error for service mme (chunk 0)! [StatusCode.DEADLINE_EXCEEDED] Deadline Exceeded
Apr 15 16:01:15 localhost magmad[1068362]: ERROR:root:Metrics upload error for service magmad (chunk 0)! [StatusCode.DEADLINE_EXCEEDED] Deadline Exceeded
Apr 15 16:01:15 localhost magmad[1068362]: ERROR:root:Metrics upload error for service enodebd (chunk 0)! [StatusCode.DEADLINE_EXCEEDED] Deadline Exceeded
Apr 15 16:01:15 localhost magmad[1068362]: ERROR:root:Metrics upload error for service pipelined (chunk 0)! [StatusCode.DEADLINE_EXCEEDED] Deadline Exceeded
Apr 15 16:01:15 localhost magmad[1068362]: ERROR:root:Metrics upload error for service state (chunk 0)! [StatusCode.DEADLINE_EXCEEDED] Deadline Exceeded
Apr 15 16:01:15 localhost magmad[1068362]: ERROR:root:Metrics upload error for service sessiond (chunk 0)! [StatusCode.DEADLINE_EXCEEDED] Deadline Exceeded
Apr 15 16:01:16 localhost control_proxy[1068590]: 2022-04-15T16:01:15.596Z [127.0.0.1 -> state-controller.magmasi.wavelabs.in,8443] "POST /magma.orc8r.StateService/ReportStates HTTP/2" 200 5bytes 0.522s
Apr 15 16:01:16 localhost magmad[1068362]: INFO:root:Checkin Successful! Successfully sent states to the cloud!
Apr 15 16:01:19 localhost mobilityd[1068431]: INFO:root:Using GW info: {'default': {2: ('172.16.4.1', 'eth0')}, 2: [('172.16.4.1', 'eth0', True)]}
Apr 15 16:01:19 localhost mobilityd[1068431]: INFO:root:GW-v6 probe: timer started
Apr 15 16:01:19 localhost smsd[1068528]: INFO:root:mme non_eps_service_config is not SMS_ORC8R, sleeping.
Apr 15 16:01:21 localhost dhclient[601]: DHCPREQUEST for 172.16.5.121 on eth1 to 172.16.5.2 port 67 (xid=0x1858e024)
Apr 15 16:01:22 localhost sctpd[1068704]: I0415 16:01:22.820454 1069220 sctp_connection.cpp:195] Unhandled notification type 32777
Apr 15 16:01:23 localhost sctpd[1068704]: I0415 16:01:23.041369 1069220 sctp_connection.cpp:195] Unhandled notification type 32777
Apr 15 16:01:23 localhost sctpd[1068704]: I0415 16:01:23.159404 1069220 sctp_connection.cpp:195] Unhandled notification type 32777
Apr 15 16:01:23 localhost sctpd[1068704]: I0415 16:01:23.281196 1069220 sctp_connection.cpp:195] Unhandled notification type 32777
Apr 15 16:01:23 localhost mme[1069107]: [SIG][D]MME_UNIT_TEST Flag is Disabled
Apr 15 16:01:23 localhost mme[1069107]: filename /var/run/mme.pid failed to be written
Apr 15 16:01:23 localhost mme[1069107]: [DEBUG] Sending S6A-UPDATE_LOCATION_REQUEST with IMSI: 222700000000001
Apr 15 16:01:23 localhost mme[1069107]: [INFO] Received S6A-LOCATION-UPDATE_ANSWER for IMSI: 222700000000001; Status: ; StatusCode: 2001
Apr 15 16:01:23 localhost mme[1069107]: [INFO] sent itti S6A-LOCATION-UPDATE_ANSWER for IMSI: 222700000000001
Apr 15 16:01:23 localhost sctpd[1068704]: I0415 16:01:23.402015 1069220 sctp_connection.cpp:195] Unhandled notification type 32777
Apr 15 16:01:24 localhost smsd[1068528]: INFO:root:mme non_eps_service_config is not SMS_ORC8R, sleeping.
Apr 15 16:01:24 localhost sctpd[1068704]: I0415 16:01:24.834033 1069220 sctp_connection.cpp:195] Unhandled notification type 32777
Apr 15 16:01:29 localhost smsd[1068528]: INFO:root:mme non_eps_service_config is not SMS_ORC8R, sleeping.
Apr 15 16:01:34 localhost smsd[1068528]: INFO:root:mme non_eps_service_config is not SMS_ORC8R, sleeping.
Apr 15 16:01:36 localhost magmad[1068362]: INFO:root:Checking for upgrade...
Apr 15 16:01:36 localhost magmad[1068362]: WARNING:root:magmad package_version config missing or set to default 0.0.0-0, skipping upgrade
Apr 15 16:01:36 localhost control_proxy[1068590]: 2022-04-15T16:00:36.031Z [127.0.0.1 -> streamer-controller.magmasi.wavelabs.in,8443] "POST /magma.orc8r.Streamer/GetUpdates HTTP/2" 200 0bytes 60.354s
Apr 15 16:01:36 localhost magmad[1068362]: ERROR:root:Error! Streaming from the cloud failed! [StatusCode.ABORTED] error while streaming updates: rpc error: code = DeadlineExceeded desc = context deadline exceeded
Apr 15 16:01:39 localhost mobilityd[1068431]: INFO:root:Using GW info: {'default': {2: ('172.16.4.1', 'eth0')}, 2: [('172.16.4.1', 'eth0', True)]}
Apr 15 16:01:39 localhost mobilityd[1068431]: INFO:root:GW-v6 probe: timer started
Apr 15 16:01:39 localhost magmad[1068362]: INFO:root:[SyncRPC] Got heartBeat from cloud
Apr 15 16:01:39 localhost smsd[1068528]: INFO:root:mme non_eps_service_config is not SMS_ORC8R, sleeping.
Apr 15 16:01:40 localhost dhclient[601]: DHCPREQUEST for 172.16.5.121 on eth1 to 172.16.5.2 port 67 (xid=0x1858e024)
Apr 15 16:01:41 localhost sctpd[1068704]: I0415 16:01:41.241684 1069220 sctp_connection.cpp:195] Unhandled notification type 32776
Apr 15 16:01:42 localhost sctpd[1068704]: I0415 16:01:42.298269 1069220 sctp_connection.cpp:195] Unhandled notification type 32777
Apr 15 16:01:42 localhost sctpd[1068704]: I0415 16:01:42.531517 1069220 sctp_connection.cpp:195] Unhandled notification type 32777
Apr 15 16:01:42 localhost sctpd[1068704]: I0415 16:01:42.651945 1069220 sctp_connection.cpp:195] Unhandled notification type 32777
Apr 15 16:01:42 localhost mme[1069107]: [DEBUG] Sending S6A-UPDATE_LOCATION_REQUEST with IMSI: 222700000000001
Apr 15 16:01:42 localhost mme[1069107]: [INFO] Received S6A-LOCATION-UPDATE_ANSWER for IMSI: 222700000000001; Status: ; StatusCode: 2001
Apr 15 16:01:42 localhost mme[1069107]: [INFO] sent itti S6A-LOCATION-UPDATE_ANSWER for IMSI: 222700000000001
Apr 15 16:01:42 localhost sctpd[1068704]: I0415 16:01:42.777916 1069220 sctp_connection.cpp:195] Unhandled notification type 32777
Apr 15 16:01:42 localhost control_proxy[1068590]: 2022-04-15T16:01:42.560Z [127.0.0.1 -> streamer-controller.magmasi.wavelabs.in,8443] "POST /magma.orc8r.Streamer/GetUpdates HTTP/2" 200 173bytes 0.283s
Apr 15 16:01:42 localhost policydb[1068506]: INFO:root:Processing 4 policy updates (resync=True)
Apr 15 16:01:43 localhost control_proxy[1068590]: 2022-04-15T16:01:42.560Z [127.0.0.1 -> streamer-controller.magmasi.wavelabs.in,8443] "POST /magma.orc8r.Streamer/GetUpdates HTTP/2" 200 7bytes 0.272s
Apr 15 16:01:43 localhost policydb[1068506]: INFO:root:Processing 0 basename -> policy updates
Apr 15 16:01:43 localhost sctpd[1068704]: I0415 16:01:43.239995 1069220 sctp_connection.cpp:195] Unhandled notification type 32777
Apr 15 16:01:43 localhost control_proxy[1068590]: 2022-04-15T16:01:43.122Z [127.0.0.1 -> streamer-controller.magmasi.wavelabs.in,8443] "POST /magma.orc8r.Streamer/GetUpdates HTTP/2" 200 13513bytes 0.343s
Apr 15 16:01:43 localhost policydb[1068506]: INFO:root:Processing 222 SID -> apn -> policy updates
Apr 15 16:01:43 localhost control_proxy[1068590]: 2022-04-15T16:01:43.122Z [127.0.0.1 -> streamer-controller.magmasi.wavelabs.in,8443] "POST /magma.orc8r.Streamer/GetUpdates HTTP/2" 200 7bytes 0.318s
Apr 15 16:01:43 localhost policydb[1068506]: INFO:root:Processing 0 rating group updates
Apr 15 16:01:44 localhost smsd[1068528]: INFO:root:mme non_eps_service_config is not SMS_ORC8R, sleeping.
Apr 15 16:01:54 localhost smsd[1068528]: message repeated 2 times: [ INFO:root:mme non_eps_service_config is not SMS_ORC8R, sleeping.]
Apr 15 16:01:57 localhost dhclient[601]: DHCPREQUEST for 172.16.5.121 on eth1 to 172.16.5.2 port 67 (xid=0x1858e024)
Apr 15 16:01:59 localhost mobilityd[1068431]: INFO:root:Using GW info: {'default': {2: ('172.16.4.1', 'eth0')}, 2: [('172.16.4.1', 'eth0', True)]}
Apr 15 16:01:59 localhost mobilityd[1068431]: INFO:root:GW-v6 probe: timer started
Apr 15 16:01:59 localhost smsd[1068528]: INFO:root:mme non_eps_service_config is not SMS_ORC8R, sleeping.
Apr 15 16:02:00 localhost sctpd[1068704]: I0415 16:02:00.106148 1069220 sctp_connection.cpp:195] Unhandled notification type 32776
Apr 15 16:02:00 localhost sctpd[1068704]: I0415 16:02:00.248440 1069220 sctp_connection.cpp:195] Unhandled notification type 32776
Apr 15 16:02:01 localhost sctpd[1068704]: I0415 16:02:01.309731 1069220 sctp_connection.cpp:195] Unhandled notification type 32777
Apr 15 16:02:01 localhost sctpd[1068704]: I0415 16:02:01.429523 1069220 sctp_connection.cpp:195] Unhandled notification type 32777
Apr 15 16:02:04 localhost smsd[1068528]: INFO:root:mme non_eps_service_config is not SMS_ORC8R, sleeping.
Apr 15 16:02:06 localhost magmad[1068362]: ERROR:root:Metrics upload error for service subscriberdb (chunk 0)! [StatusCode.DEADLINE_EXCEEDED] Deadline Exceeded
Apr 15 16:02:06 localhost magmad[1068362]: ERROR:root:Metrics upload error for service mobilityd (chunk 0)! [StatusCode.DEADLINE_EXCEEDED] Deadline Exceeded
Apr 15 16:02:06 localhost magmad[1068362]: ERROR:root:Metrics upload error for service mme (chunk 0)! [StatusCode.DEADLINE_EXCEEDED] Deadline Exceeded
Apr 15 16:02:06 localhost magmad[1068362]: ERROR:root:Metrics upload error for service magmad (chunk 0)! [StatusCode.DEADLINE_EXCEEDED] Deadline Exceeded
Apr 15 16:02:06 localhost magmad[1068362]: ERROR:root:Metrics upload error for service enodebd (chunk 0)! [StatusCode.DEADLINE_EXCEEDED] Deadline Exceeded
Apr 15 16:02:06 localhost magmad[1068362]: ERROR:root:Metrics upload error for service pipelined (chunk 0)! [StatusCode.DEADLINE_EXCEEDED] Deadline Exceeded
Apr 15 16:02:06 localhost magmad[1068362]: ERROR:root:Metrics upload error for service state (chunk 0)! [StatusCode.DEADLINE_EXCEEDED] Deadline Exceeded
Apr 15 16:02:06 localhost magmad[1068362]: ERROR:root:Metrics upload error for service sessiond (chunk 0)! [StatusCode.DEADLINE_EXCEEDED] Deadline Exceeded
Apr 15 16:02:09 localhost smsd[1068528]: INFO:root:mme non_eps_service_config is not SMS_ORC8R, sleeping.
Apr 15 16:02:14 localhost smsd[1068528]: INFO:root:mme non_eps_service_config is not SMS_ORC8R, sleeping.
Apr 15 16:02:16 localhost magmad[1068362]: INFO:root:Setting logging level to INFO
Apr 15 16:02:17 localhost dhclient[601]: DHCPREQUEST for 172.16.5.121 on eth1 to 172.16.5.2 port 67 (xid=0x1858e024)
Apr 15 16:02:17 localhost sctpd[1068704]: I0415 16:02:17.900640 1069220 sctp_connection.cpp:195] Unhandled notification type 32776
Apr 15 16:02:18 localhost sctpd[1068704]: I0415 16:02:18.961486 1069220 sctp_connection.cpp:195] Unhandled notification type 32777
Apr 15 16:02:19 localhost mobilityd[1068431]: INFO:root:Using GW info: {'default': {2: ('172.16.4.1', 'eth0')}, 2: [('172.16.4.1', 'eth0', True)]}
Apr 15 16:02:19 localhost mobilityd[1068431]: INFO:root:GW-v6 probe: timer started
Apr 15 16:02:19 localhost sctpd[1068704]: I0415 16:02:19.187422 1069220 sctp_connection.cpp:195] Unhandled notification type 32777
Apr 15 16:02:19 localhost sctpd[1068704]: I0415 16:02:19.302368 1069220 sctp_connection.cpp:195] Unhandled notification type 32777
Apr 15 16:02:19 localhost mme[1069107]: [DEBUG] Sending S6A-UPDATE_LOCATION_REQUEST with IMSI: 222700000000001
Apr 15 16:02:19 localhost mme[1069107]: [INFO] Received S6A-LOCATION-UPDATE_ANSWER for IMSI: 222700000000001; Status: ; StatusCode: 2001
Apr 15 16:02:19 localhost mme[1069107]: [INFO] sent itti S6A-LOCATION-UPDATE_ANSWER for IMSI: 222700000000001
Apr 15 16:02:19 localhost sctpd[1068704]: I0415 16:02:19.418586 1069220 sctp_connection.cpp:195] Unhandled notification type 32777
Apr 15 16:02:19 localhost smsd[1068528]: INFO:root:mme non_eps_service_config is not SMS_ORC8R, sleeping.
Apr 15 16:02:21 localhost sctpd[1068704]: I0415 16:02:21.806270 1069220 sctp_connection.cpp:195] Unhandled notification type 32777
Apr 15 16:02:24 localhost sctpd[1068704]: I0415 16:02:24.036206 1069220 sctp_connection.cpp:195] Unhandled notification type 32777
Apr 15 16:02:24 localhost sctpd[1068704]: I0415 16:02:24.156117 1069220 sctp_connection.cpp:195] Unhandled notification type 32777
Apr 15 16:02:24 localhost sctpd[1068704]: I0415 16:02:24.273684 1069220 sctp_connection.cpp:195] Unhandled notification type 32777
Apr 15 16:02:24 localhost mme[1069107]: [DEBUG] Sending S6A-UPDATE_LOCATION_REQUEST with IMSI: 222700000000001
Apr 15 16:02:24 localhost mme[1069107]: [INFO] Received S6A-LOCATION-UPDATE_ANSWER for IMSI: 222700000000001; Status: ; StatusCode: 2001
Apr 15 16:02:24 localhost mme[1069107]: [INFO] sent itti S6A-LOCATION-UPDATE_ANSWER for IMSI: 222700000000001
Apr 15 16:02:24 localhost sctpd[1068704]: I0415 16:02:24.389297 1069220 sctp_connection.cpp:195] Unhandled notification type 32777
Apr 15 16:02:24 localhost smsd[1068528]: INFO:root:mme non_eps_service_config is not SMS_ORC8R, sleeping.
Apr 15 16:02:26 localhost sctpd[1068704]: I0415 16:02:26.786157 1069220 sctp_connection.cpp:195] Unhandled notification type 32777
Apr 15 16:02:29 localhost smsd[1068528]: INFO:root:mme non_eps_service_config is not SMS_ORC8R, sleeping.
Apr 15 16:02:33 localhost dhclient[601]: DHCPREQUEST for 172.16.5.121 on eth1 to 172.16.5.2 port 67 (xid=0x1858e024)
Apr 15 16:02:34 localhost smsd[1068528]: INFO:root:mme non_eps_service_config is not SMS_ORC8R, sleeping.
Apr 15 16:02:35 localhost control_proxy[1068590]: 2022-04-15T16:02:35.178Z [127.0.0.1 -> state-controller.magmasi.wavelabs.in,8443] "POST /magma.orc8r.StateService/ReportStates HTTP/2" 200 5bytes 0.522s
Apr 15 16:02:35 localhost magmad[1068362]: INFO:root:Checkin Successful! Successfully sent states to the cloud!
Apr 15 16:02:39 localhost mobilityd[1068431]: INFO:root:Using GW info: {'default': {2: ('172.16.4.1', 'eth0')}, 2: [('172.16.4.1', 'eth0', True)]}
Apr 15 16:02:39 localhost mobilityd[1068431]: INFO:root:GW-v6 probe: timer started
Apr 15 16:02:39 localhost magmad[1068362]: INFO:root:[SyncRPC] Got heartBeat from cloud
Apr 15 16:02:39 localhost smsd[1068528]: INFO:root:mme non_eps_service_config is not SMS_ORC8R, sleeping.
Apr 15 16:02:44 localhost control_proxy[1068590]: 2022-04-15T16:02:43.811Z [127.0.0.1 -> streamer-controller.magmasi.wavelabs.in,8443] "POST /magma.orc8r.Streamer/GetUpdates HTTP/2" 200 173bytes 0.283s
Apr 15 16:02:44 localhost policydb[1068506]: INFO:root:Processing 4 policy updates (resync=True)
Apr 15 16:02:44 localhost control_proxy[1068590]: 2022-04-15T16:02:44.099Z [127.0.0.1 -> streamer-controller.magmasi.wavelabs.in,8443] "POST /magma.orc8r.Streamer/GetUpdates HTTP/2" 200 7bytes 0.274s
Apr 15 16:02:44 localhost policydb[1068506]: INFO:root:Processing 0 basename -> policy updates
Apr 15 16:02:44 localhost control_proxy[1068590]: 2022-04-15T16:02:44.099Z [127.0.0.1 -> streamer-controller.magmasi.wavelabs.in,8443] "POST /magma.orc8r.Streamer/GetUpdates HTTP/2" 200 13513bytes 0.322s
Apr 15 16:02:44 localhost policydb[1068506]: INFO:root:Processing 222 SID -> apn -> policy updates
Apr 15 16:02:44 localhost smsd[1068528]: INFO:root:mme non_eps_service_config is not SMS_ORC8R, sleeping.
Apr 15 16:02:44 localhost control_proxy[1068590]: 2022-04-15T16:02:44.099Z [127.0.0.1 -> streamer-controller.magmasi.wavelabs.in,8443] "POST /magma.orc8r.Streamer/GetUpdates HTTP/2" 200 7bytes 0.273s
Apr 15 16:02:44 localhost policydb[1068506]: INFO:root:Processing 0 rating group updates
Apr 15 16:02:45 localhost sctpd[1068704]: I0415 16:02:45.362483 1069220 sctp_connection.cpp:195] Unhandled notification type 32776
Apr 15 16:02:46 localhost sctpd[1068704]: I0415 16:02:46.422382 1069220 sctp_connection.cpp:195] Unhandled notification type 32777
Apr 15 16:02:46 localhost sctpd[1068704]: I0415 16:02:46.663408 1069220 sctp_connection.cpp:195] Unhandled notification type 32777
Apr 15 16:02:46 localhost sctpd[1068704]: I0415 16:02:46.784224 1069220 sctp_connection.cpp:195] Unhandled notification type 32777
Apr 15 16:02:46 localhost mme[1069107]: [DEBUG] Sending S6A-UPDATE_LOCATION_REQUEST with IMSI: 222700000000001
Apr 15 16:02:46 localhost mme[1069107]: [INFO] Received S6A-LOCATION-UPDATE_ANSWER for IMSI: 222700000000001; Status: ; StatusCode: 2001
Apr 15 16:02:46 localhost mme[1069107]: [INFO] sent itti S6A-LOCATION-UPDATE_ANSWER for IMSI: 222700000000001
Apr 15 16:02:46 localhost sctpd[1068704]: I0415 16:02:46.909512 1069220 sctp_connection.cpp:195] Unhandled notification type 32777
Apr 15 16:02:47 localhost mobilityd[1068431]: INFO:root:Allocated IP 192.168.128.142 for sid IMSI222700000000001 for apn default
Apr 15 16:02:47 localhost policydb[1068506]: INFO:root:Creating a session for subscriber ID: IMSI222700000000001
Apr 15 16:02:47 localhost sessiond[1068440]: I0415 16:02:47.155673 1068440 SetMessageManagerHandler.cpp:342] Processing a CreateSessionResponse for IMSI222700000000001-687108
Apr 15 16:02:47 localhost sessiond[1068440]: I0415 16:02:47.155972 1068440 SessionState.cpp:2774] RuleID allowlist_sid-IMSI222700000000001-default doesn't have a version registered for IMSI222700000000001-687108, this is unexpected
Apr 15 16:02:47 localhost dhclient[601]: DHCPREQUEST for 172.16.5.121 on eth1 to 172.16.5.2 port 67 (xid=0x1858e024)
Apr 15 16:02:49 localhost smsd[1068528]: INFO:root:mme non_eps_service_config is not SMS_ORC8R, sleeping.
Apr 15 16:02:51 localhost mme[1069107]: PDUSessionResourceSetupRequestTransfer ::= {
Apr 15 16:02:51 localhost mme[1069107]:     protocolIEs: ProtocolIE-Container ::= {
Apr 15 16:02:51 localhost mme[1069107]:         PDUSessionResourceSetupRequestTransferIEs ::= {
Apr 15 16:02:51 localhost mme[1069107]:             id: 130
Apr 15 16:02:51 localhost mme[1069107]:             criticality: 0 (reject)
Apr 15 16:02:51 localhost mme[1069107]:             value: PDUSessionAggregateMaximumBitRate ::= {
Apr 15 16:02:51 localhost mme[1069107]:                 pDUSessionAggregateMaximumBitRateDL: 100000000
Apr 15 16:02:51 localhost mme[1069107]:                 pDUSessionAggregateMaximumBitRateUL: 100000000
Apr 15 16:02:51 localhost mme[1069107]:             }
Apr 15 16:02:51 localhost mme[1069107]:         }
Apr 15 16:02:51 localhost mme[1069107]:         PDUSessionResourceSetupRequestTransferIEs ::= {
Apr 15 16:02:51 localhost mme[1069107]:             id: 139
Apr 15 16:02:51 localhost mme[1069107]:             criticality: 0 (reject)
Apr 15 16:02:51 localhost mme[1069107]:             value: GTPTunnel ::= {
Apr 15 16:02:51 localhost mme[1069107]:                 transportLayerAddress: AC 10 05 79
Apr 15 16:02:51 localhost mme[1069107]:                 gTP-TEID: 7F FF FF FF
Apr 15 16:02:51 localhost mme[1069107]:             }
Apr 15 16:02:51 localhost mme[1069107]:         }
Apr 15 16:02:51 localhost mme[1069107]:         PDUSessionResourceSetupRequestTransferIEs ::= {
Apr 15 16:02:51 localhost mme[1069107]:             id: 134
Apr 15 16:02:51 localhost mme[1069107]:             criticality: 0 (reject)
Apr 15 16:02:51 localhost mme[1069107]:             value: 0 (ipv4)
Apr 15 16:02:51 localhost mme[1069107]:         }
Apr 15 16:02:51 localhost mme[1069107]:         PDUSessionResourceSetupRequestTransferIEs ::= {
Apr 15 16:02:51 localhost mme[1069107]:             id: 136
Apr 15 16:02:51 localhost mme[1069107]:             criticality: 0 (reject)
Apr 15 16:02:51 localhost mme[1069107]:             value: QosFlowSetupRequestList ::= {
Apr 15 16:02:51 localhost mme[1069107]:                 QosFlowSetupRequestItem ::= {
Apr 15 16:02:51 localhost mme[1069107]:                     qosFlowIdentifier: 9
Apr 15 16:02:51 localhost mme[1069107]:                     qosFlowLevelQosParameters: QosFlowLevelQosParameters ::= {
Apr 15 16:02:51 localhost mme[1069107]:                         qosCharacteristics: NonDynamic5QIDescriptor ::= {
Apr 15 16:02:51 localhost mme[1069107]:                             fiveQI: 9
Apr 15 16:02:51 localhost mme[1069107]:                         }
Apr 15 16:02:51 localhost mme[1069107]:                         allocationAndRetentionPriority: AllocationAndRetentionPriority ::= {
Apr 15 16:02:51 localhost mme[1069107]:                             priorityLevelARP: 15
Apr 15 16:02:51 localhost mme[1069107]:                             pre-emptionCapability: 0 (shall-not-trigger-pre-emption)
Apr 15 16:02:51 localhost mme[1069107]:                             pre-emptionVulnerability: 0 (not-pre-emptable)
Apr 15 16:02:51 localhost mme[1069107]:                         }
Apr 15 16:02:51 localhost mme[1069107]:                     }
Apr 15 16:02:51 localhost mme[1069107]:                 }
Apr 15 16:02:51 localhost mme[1069107]:             }
Apr 15 16:02:51 localhost mme[1069107]:         }
Apr 15 16:02:51 localhost mme[1069107]:     }
Apr 15 16:02:51 localhost mme[1069107]: }
Apr 15 16:02:51 localhost sctpd[1068704]: I0415 16:02:51.481190 1069220 sctp_connection.cpp:195] Unhandled notification type 32777
Apr 15 16:02:52 localhost sessiond[1068440]: I0415 16:02:52.456194 1068440 SetMessageManagerHandler.cpp:142] Release request for session from IMSI: IMSI222700000000001 pdu_id 1
Apr 15 16:02:52 localhost mobilityd[1068431]: INFO:root:Released IP 192.168.128.142 for sid IMSI222700000000001
Apr 15 16:02:52 localhost sctpd[1068704]: I0415 16:02:52.710147 1069220 sctp_connection.cpp:195] Unhandled notification type 32777
Apr 15 16:02:54 localhost smsd[1068528]: INFO:root:mme non_eps_service_config is not SMS_ORC8R, sleeping.
Apr 15 16:02:57 localhost policydb[1068506]: INFO:root:Terminating session: IMSI222700000000001-687108
Apr 15 16:02:57 localhost eventd[1068520]: DEBUG:root:Logging event: stream_name: "sessiond"
Apr 15 16:02:57 localhost eventd[1068520]: event_type: "session_terminated"
Apr 15 16:02:57 localhost eventd[1068520]: tag: "IMSI222700000000001"
Apr 15 16:02:57 localhost eventd[1068520]: value: "{\"mac_addr\":\"\",\"user_location\":\"\",\"spgw_ip\":\"\",\"imei\":\"\",\"record_sequence_number\":1,\"pdp_end_time\":19,\"charging_rx\":0,\"duration\":-94222059512653,\"ip_addr\":\"192.168.128.142\",\"monitoring_tx\":0,\"ipv6_addr\":\"\",\"msisdn\":\"\",\"apn\":\"default\",\"session_id\":\"IMSI222700000000001-687108\",\"list_of_service_data\":[],\"charging_characteristics\":\"\",\"total_tx\":0,\"cause_for_rec_closing\":0,\"imsi\":\"IMSI222700000000001\",\"total_rx\":0,\"monitoring_rx\":0,\"charging_tx\":0,\"pdp_start_time\":94222059512672}"
Apr 15 16:02:57 localhost eventd[1068520]: ERROR:root:Connection to FluentBit failed: [Errno 111] Connection refused
Apr 15 16:02:57 localhost eventd[1068520]: INFO:root:FluentBit (td-agent-bit) may not be enabled or configured correctly
Apr 15 16:02:57 localhost sessiond[1068440]: I0415 16:02:57.469260 1068450 SessionEvents.cpp:291] Could not log session_terminated event {"mac_addr":"","user_location":"","spgw_ip":"","imei":"","record_sequence_number":1,"pdp_end_time":19,"charging_rx":0,"duration":-94222059512653,"ip_addr":"192.168.128.142","monitoring_tx":0,"ipv6_addr":"","msisdn":"","apn":"default","session_id":"IMSI222700000000001-687108","list_of_service_data":[],"charging_characteristics":"","total_tx":0,"cause_for_rec_closing":0,"imsi":"IMSI222700000000001","total_rx":0,"monitoring_rx":0,"charging_tx":0,"pdp_start_time":94222059512672}, Error Message: Could not connect to FluentBit locally, Details: [Errno 111] Connection refused
Apr 15 16:02:59 localhost mobilityd[1068431]: INFO:root:Using GW info: {'default': {2: ('172.16.4.1', 'eth0')}, 2: [('172.16.4.1', 'eth0', True)]}
Apr 15 16:02:59 localhost mobilityd[1068431]: INFO:root:GW-v6 probe: timer started
Apr 15 16:02:59 localhost smsd[1068528]: INFO:root:mme non_eps_service_config is not SMS_ORC8R, sleeping.
Apr 15 16:03:01 localhost dhclient[601]: DHCPREQUEST for 172.16.5.121 on eth1 to 172.16.5.2 port 67 (xid=0x1858e024)
Apr 15 16:03:05 localhost smsd[1068528]: INFO:root:mme non_eps_service_config is not SMS_ORC8R, sleeping.
Apr 15 16:03:06 localhost magmad[1068362]: ERROR:root:Metrics upload error for service subscriberdb (chunk 0)! [StatusCode.DEADLINE_EXCEEDED] Deadline Exceeded
Apr 15 16:03:06 localhost magmad[1068362]: ERROR:root:Metrics upload error for service mobilityd (chunk 0)! [StatusCode.DEADLINE_EXCEEDED] Deadline Exceeded
Apr 15 16:03:06 localhost magmad[1068362]: ERROR:root:Metrics upload error for service mme (chunk 0)! [StatusCode.DEADLINE_EXCEEDED] Deadline Exceeded
Apr 15 16:03:06 localhost magmad[1068362]: ERROR:root:Metrics upload error for service magmad (chunk 0)! [StatusCode.DEADLINE_EXCEEDED] Deadline Exceeded
Apr 15 16:03:06 localhost magmad[1068362]: ERROR:root:Metrics upload error for service enodebd (chunk 0)! [StatusCode.DEADLINE_EXCEEDED] Deadline Exceeded
Apr 15 16:03:06 localhost magmad[1068362]: ERROR:root:Metrics upload error for service pipelined (chunk 0)! [StatusCode.DEADLINE_EXCEEDED] Deadline Exceeded
Apr 15 16:03:06 localhost magmad[1068362]: ERROR:root:Metrics upload error for service state (chunk 0)! [StatusCode.DEADLINE_EXCEEDED] Deadline Exceeded
Apr 15 16:03:06 localhost magmad[1068362]: ERROR:root:Metrics upload error for service sessiond (chunk 0)! [StatusCode.DEADLINE_EXCEEDED] Deadline Exceeded
Apr 15 16:03:09 localhost sctpd[1068704]: I0415 16:03:09.172900 1069220 sctp_connection.cpp:195] Unhandled notification type 32776
Apr 15 16:03:10 localhost smsd[1068528]: INFO:root:mme non_eps_service_config is not SMS_ORC8R, sleeping.
Apr 15 16:03:10 localhost sctpd[1068704]: I0415 16:03:10.234588 1069220 sctp_connection.cpp:195] Unhandled notification type 32777
Apr 15 16:03:10 localhost sctpd[1068704]: I0415 16:03:10.466305 1069220 sctp_connection.cpp:195] Unhandled notification type 32777
Apr 15 16:03:10 localhost dhclient[601]: DHCPREQUEST for 172.16.5.121 on eth1 to 172.16.5.2 port 67 (xid=0x1858e024)
Apr 15 16:03:10 localhost sctpd[1068704]: I0415 16:03:10.581281 1069220 sctp_connection.cpp:195] Unhandled notification type 32777
Apr 15 16:03:10 localhost mme[1069107]: [DEBUG] Sending S6A-UPDATE_LOCATION_REQUEST with IMSI: 222700000000001
Apr 15 16:03:10 localhost mme[1069107]: [INFO] Received S6A-LOCATION-UPDATE_ANSWER for IMSI: 222700000000001; Status: ; StatusCode: 2001
Apr 15 16:03:10 localhost mme[1069107]: [INFO] sent itti S6A-LOCATION-UPDATE_ANSWER for IMSI: 222700000000001
Apr 15 16:03:10 localhost sctpd[1068704]: I0415 16:03:10.698037 1069220 sctp_connection.cpp:195] Unhandled notification type 32777
Apr 15 16:03:15 localhost smsd[1068528]: INFO:root:mme non_eps_service_config is not SMS_ORC8R, sleeping.
Apr 15 16:03:19 localhost mobilityd[1068431]: INFO:root:Using GW info: {'default': {2: ('172.16.4.1', 'eth0')}, 2: [('172.16.4.1', 'eth0', True)]}
Apr 15 16:03:19 localhost mobilityd[1068431]: INFO:root:GW-v6 probe: timer started
Apr 15 16:03:20 localhost smsd[1068528]: INFO:root:mme non_eps_service_config is not SMS_ORC8R, sleeping.
Apr 15 16:03:21 localhost sctpd[1068704]: I0415 16:03:21.098031 1069220 sctp_connection.cpp:195] Unhandled notification type 32777
Apr 15 16:03:23 localhost sctpd[1068704]: I0415 16:03:23.324241 1069220 sctp_connection.cpp:195] Unhandled notification type 32777
Apr 15 16:03:23 localhost sctpd[1068704]: I0415 16:03:23.433111 1069220 sctp_connection.cpp:195] Unhandled notification type 32777
Apr 15 16:03:23 localhost sctpd[1068704]: I0415 16:03:23.553367 1069220 sctp_connection.cpp:195] Unhandled notification type 32777
Apr 15 16:03:23 localhost mme[1069107]: [DEBUG] Sending S6A-UPDATE_LOCATION_REQUEST with IMSI: 222700000000001
Apr 15 16:03:23 localhost mme[1069107]: [INFO] Received S6A-LOCATION-UPDATE_ANSWER for IMSI: 222700000000001; Status: ; StatusCode: 2001
Apr 15 16:03:23 localhost mme[1069107]: [INFO] sent itti S6A-LOCATION-UPDATE_ANSWER for IMSI: 222700000000001
Apr 15 16:03:23 localhost sctpd[1068704]: I0415 16:03:23.671129 1069220 sctp_connection.cpp:195] Unhandled notification type 32777
Apr 15 16:03:25 localhost smsd[1068528]: INFO:root:mme non_eps_service_config is not SMS_ORC8R, sleeping.
Apr 15 16:03:26 localhost sctpd[1068704]: I0415 16:03:26.057847 1069220 sctp_connection.cpp:195] Unhandled notification type 32777
Apr 15 16:03:26 localhost dhclient[601]: DHCPREQUEST for 172.16.5.121 on eth1 to 172.16.5.2 port 67 (xid=0x1858e024)
Apr 15 16:03:28 localhost sctpd[1068704]: I0415 16:03:28.284471 1069220 sctp_connection.cpp:195] Unhandled notification type 32777
Apr 15 16:03:28 localhost sctpd[1068704]: I0415 16:03:28.391444 1069220 sctp_connection.cpp:195] Unhandled notification type 32777
Apr 15 16:03:28 localhost sctpd[1068704]: I0415 16:03:28.501626 1069220 sctp_connection.cpp:195] Unhandled notification type 32777
Apr 15 16:03:28 localhost mme[1069107]: [DEBUG] Sending S6A-UPDATE_LOCATION_REQUEST with IMSI: 222700000000001
Apr 15 16:03:28 localhost mme[1069107]: [INFO] Received S6A-LOCATION-UPDATE_ANSWER for IMSI: 222700000000001; Status: ; StatusCode: 2001
Apr 15 16:03:28 localhost mme[1069107]: [INFO] sent itti S6A-LOCATION-UPDATE_ANSWER for IMSI: 222700000000001
Apr 15 16:03:28 localhost sctpd[1068704]: I0415 16:03:28.621733 1069220 sctp_connection.cpp:195] Unhandled notification type 32777
Apr 15 16:03:30 localhost smsd[1068528]: INFO:root:mme non_eps_service_config is not SMS_ORC8R, sleeping.
Apr 15 16:03:31 localhost sctpd[1068704]: I0415 16:03:31.014163 1069220 sctp_connection.cpp:195] Unhandled notification type 32777
Apr 15 16:03:31 localhost sctpd[1068704]: I0415 16:03:31.275552 1069220 sctp_connection.cpp:195] Unhandled notification type 32777
Apr 15 16:03:31 localhost sctpd[1068704]: I0415 16:03:31.383036 1069220 sctp_connection.cpp:195] Unhandled notification type 32777
Apr 15 16:03:31 localhost sctpd[1068704]: I0415 16:03:31.513543 1069220 sctp_connection.cpp:195] Unhandled notification type 32777
Apr 15 16:03:31 localhost mme[1069107]: [DEBUG] Sending S6A-UPDATE_LOCATION_REQUEST with IMSI: 222700000000001
Apr 15 16:03:31 localhost mme[1069107]: [INFO] Received S6A-LOCATION-UPDATE_ANSWER for IMSI: 222700000000001; Status: ; StatusCode: 2001
Apr 15 16:03:31 localhost mme[1069107]: [INFO] sent itti S6A-LOCATION-UPDATE_ANSWER for IMSI: 222700000000001
Apr 15 16:03:31 localhost sctpd[1068704]: I0415 16:03:31.630687 1069220 sctp_connection.cpp:195] Unhandled notification type 32777
Apr 15 16:03:34 localhost sctpd[1068704]: I0415 16:03:34.034021 1069220 sctp_connection.cpp:195] Unhandled notification type 32777
Apr 15 16:03:34 localhost sctpd[1068704]: I0415 16:03:34.300177 1069220 sctp_connection.cpp:195] Unhandled notification type 32777
Apr 15 16:03:34 localhost sctpd[1068704]: I0415 16:03:34.418581 1069220 sctp_connection.cpp:195] Unhandled notification type 32777
Apr 15 16:03:34 localhost sctpd[1068704]: I0415 16:03:34.538623 1069220 sctp_connection.cpp:195] Unhandled notification type 32777
Apr 15 16:03:34 localhost mme[1069107]: [DEBUG] Sending S6A-UPDATE_LOCATION_REQUEST with IMSI: 222700000000001
Apr 15 16:03:34 localhost mme[1069107]: [INFO] Received S6A-LOCATION-UPDATE_ANSWER for IMSI: 222700000000001; Status: ; StatusCode: 2001
Apr 15 16:03:34 localhost mme[1069107]: [INFO] sent itti S6A-LOCATION-UPDATE_ANSWER for IMSI: 222700000000001
Apr 15 16:03:34 localhost sctpd[1068704]: I0415 16:03:34.658408 1069220 sctp_connection.cpp:195] Unhandled notification type 32777
Apr 15 16:03:35 localhost smsd[1068528]: INFO:root:mme non_eps_service_config is not SMS_ORC8R, sleeping.
Apr 15 16:03:36 localhost magmad[1068362]: INFO:root:Setting logging level to INFO
Apr 15 16:03:36 localhost control_proxy[1068590]: 2022-04-15T16:02:36.053Z [127.0.0.1 -> streamer-controller.magmasi.wavelabs.in,8443] "POST /magma.orc8r.Streamer/GetUpdates HTTP/2" 200 0bytes 60.266s
Apr 15 16:03:36 localhost magmad[1068362]: ERROR:root:Error! Streaming from the cloud failed! [StatusCode.ABORTED] error while streaming updates: rpc error: code = DeadlineExceeded desc = context deadline exceeded
Apr 15 16:03:37 localhost sctpd[1068704]: I0415 16:03:37.048702 1069220 sctp_connection.cpp:195] Unhandled notification type 32777
Apr 15 16:03:37 localhost sctpd[1068704]: I0415 16:03:37.331302 1069220 sctp_connection.cpp:195] Unhandled notification type 32777
Apr 15 16:03:37 localhost sctpd[1068704]: I0415 16:03:37.439471 1069220 sctp_connection.cpp:195] Unhandled notification type 32777
Apr 15 16:03:37 localhost sctpd[1068704]: I0415 16:03:37.555155 1069220 sctp_connection.cpp:195] Unhandled notification type 32777
Apr 15 16:03:37 localhost mme[1069107]: [DEBUG] Sending S6A-UPDATE_LOCATION_REQUEST with IMSI: 222700000000001
Apr 15 16:03:37 localhost mme[1069107]: [INFO] Received S6A-LOCATION-UPDATE_ANSWER for IMSI: 222700000000001; Status: ; StatusCode: 2001
Apr 15 16:03:37 localhost mme[1069107]: [INFO] sent itti S6A-LOCATION-UPDATE_ANSWER for IMSI: 222700000000001
Apr 15 16:03:37 localhost sctpd[1068704]: I0415 16:03:37.674180 1069220 sctp_connection.cpp:195] Unhandled notification type 32777
Apr 15 16:03:39 localhost mobilityd[1068431]: INFO:root:Using GW info: {'default': {2: ('172.16.4.1', 'eth0')}, 2: [('172.16.4.1', 'eth0', True)]}
Apr 15 16:03:39 localhost mobilityd[1068431]: INFO:root:GW-v6 probe: timer started
Apr 15 16:03:39 localhost magmad[1068362]: INFO:root:[SyncRPC] Got heartBeat from cloud
Apr 15 16:03:40 localhost sctpd[1068704]: I0415 16:03:40.086798 1069220 sctp_connection.cpp:195] Unhandled notification type 32777
Apr 15 16:03:40 localhost smsd[1068528]: INFO:root:mme non_eps_service_config is not SMS_ORC8R, sleeping.
Apr 15 16:03:40 localhost sctpd[1068704]: I0415 16:03:40.355841 1069220 sctp_connection.cpp:195] Unhandled notification type 32777
Apr 15 16:03:40 localhost sctpd[1068704]: I0415 16:03:40.480274 1069220 sctp_connection.cpp:195] Unhandled notification type 32777
Apr 15 16:03:40 localhost sctpd[1068704]: I0415 16:03:40.597743 1069220 sctp_connection.cpp:195] Unhandled notification type 32777
Apr 15 16:03:40 localhost mme[1069107]: [DEBUG] Sending S6A-UPDATE_LOCATION_REQUEST with IMSI: 222700000000001
Apr 15 16:03:40 localhost mme[1069107]: [INFO] Received S6A-LOCATION-UPDATE_ANSWER for IMSI: 222700000000001; Status: ; StatusCode: 2001
Apr 15 16:03:40 localhost mme[1069107]: [INFO] sent itti S6A-LOCATION-UPDATE_ANSWER for IMSI: 222700000000001
Apr 15 16:03:40 localhost sctpd[1068704]: I0415 16:03:40.713920 1069220 sctp_connection.cpp:195] Unhandled notification type 32777
Apr 15 16:03:42 localhost dhclient[601]: DHCPREQUEST for 172.16.5.121 on eth1 to 172.16.5.2 port 67 (xid=0x1858e024)
Apr 15 16:03:43 localhost sctpd[1068704]: I0415 16:03:43.110011 1069220 sctp_connection.cpp:195] Unhandled notification type 32777
Apr 15 16:03:43 localhost sctpd[1068704]: I0415 16:03:43.373680 1069220 sctp_connection.cpp:195] Unhandled notification type 32777
Apr 15 16:03:43 localhost sctpd[1068704]: I0415 16:03:43.487877 1069220 sctp_connection.cpp:195] Unhandled notification type 32777
Apr 15 16:03:43 localhost sctpd[1068704]: I0415 16:03:43.597537 1069220 sctp_connection.cpp:195] Unhandled notification type 32777
Apr 15 16:03:43 localhost mme[1069107]: [DEBUG] Sending S6A-UPDATE_LOCATION_REQUEST with IMSI: 222700000000001
Apr 15 16:03:43 localhost mme[1069107]: [INFO] Received S6A-LOCATION-UPDATE_ANSWER for IMSI: 222700000000001; Status: ; StatusCode: 2001
Apr 15 16:03:43 localhost mme[1069107]: [INFO] sent itti S6A-LOCATION-UPDATE_ANSWER for IMSI: 222700000000001
Apr 15 16:03:43 localhost sctpd[1068704]: I0415 16:03:43.709631 1069220 sctp_connection.cpp:195] Unhandled notification type 32777
Apr 15 16:03:45 localhost smsd[1068528]: INFO:root:mme non_eps_service_config is not SMS_ORC8R, sleeping.
Apr 15 16:03:45 localhost control_proxy[1068590]: 2022-04-15T16:03:45.013Z [127.0.0.1 -> streamer-controller.magmasi.wavelabs.in,8443] "POST /magma.orc8r.Streamer/GetUpdates HTTP/2" 200 173bytes 0.533s
Apr 15 16:03:45 localhost policydb[1068506]: INFO:root:Processing 4 policy updates (resync=True)
Apr 15 16:03:45 localhost control_proxy[1068590]: 2022-04-15T16:03:45.013Z [127.0.0.1 -> streamer-controller.magmasi.wavelabs.in,8443] "POST /magma.orc8r.Streamer/GetUpdates HTTP/2" 200 7bytes 0.271s
Apr 15 16:03:45 localhost policydb[1068506]: INFO:root:Processing 0 basename -> policy updates
Apr 15 16:03:46 localhost sctpd[1068704]: I0415 16:03:46.094987 1069220 sctp_connection.cpp:195] Unhandled notification type 32777
Apr 15 16:03:46 localhost control_proxy[1068590]: 2022-04-15T16:03:45.013Z [127.0.0.1 -> streamer-controller.magmasi.wavelabs.in,8443] "POST /magma.orc8r.Streamer/GetUpdates HTTP/2" 200 13513bytes 0.323s
Apr 15 16:03:46 localhost policydb[1068506]: INFO:root:Processing 222 SID -> apn -> policy updates
Apr 15 16:03:46 localhost sctpd[1068704]: I0415 16:03:46.360214 1069220 sctp_connection.cpp:195] Unhandled notification type 32777
Apr 15 16:03:46 localhost control_proxy[1068590]: 2022-04-15T16:03:46.157Z [127.0.0.1 -> streamer-controller.magmasi.wavelabs.in,8443] "POST /magma.orc8r.Streamer/GetUpdates HTTP/2" 200 7bytes 0.271s
Apr 15 16:03:46 localhost policydb[1068506]: INFO:root:Processing 0 rating group updates
Apr 15 16:03:46 localhost sctpd[1068704]: I0415 16:03:46.470891 1069220 sctp_connection.cpp:195] Unhandled notification type 32777
Apr 15 16:03:46 localhost sctpd[1068704]: I0415 16:03:46.590845 1069220 sctp_connection.cpp:195] Unhandled notification type 32777
Apr 15 16:03:46 localhost mme[1069107]: [DEBUG] Sending S6A-UPDATE_LOCATION_REQUEST with IMSI: 222700000000001
Apr 15 16:03:46 localhost mme[1069107]: [INFO] Received S6A-LOCATION-UPDATE_ANSWER for IMSI: 222700000000001; Status: ; StatusCode: 2001
Apr 15 16:03:46 localhost mme[1069107]: [INFO] sent itti S6A-LOCATION-UPDATE_ANSWER for IMSI: 222700000000001
Apr 15 16:03:46 localhost sctpd[1068704]: I0415 16:03:46.701699 1069220 sctp_connection.cpp:195] Unhandled notification type 32777
Apr 15 16:03:49 localhost sctpd[1068704]: I0415 16:03:49.098300 1069220 sctp_connection.cpp:195] Unhandled notification type 32777
Apr 15 16:03:49 localhost sctpd[1068704]: I0415 16:03:49.359432 1069220 sctp_connection.cpp:195] Unhandled notification type 32777
Apr 15 16:03:49 localhost sctpd[1068704]: I0415 16:03:49.475109 1069220 sctp_connection.cpp:195] Unhandled notification type 32777
Apr 15 16:03:49 localhost sctpd[1068704]: I0415 16:03:49.589710 1069220 sctp_connection.cpp:195] Unhandled notification type 32777
Apr 15 16:03:49 localhost mme[1069107]: [DEBUG] Sending S6A-UPDATE_LOCATION_REQUEST with IMSI: 222700000000001
Apr 15 16:03:49 localhost mme[1069107]: [INFO] Received S6A-LOCATION-UPDATE_ANSWER for IMSI: 222700000000001; Status: ; StatusCode: 2001
Apr 15 16:03:49 localhost mme[1069107]: [INFO] sent itti S6A-LOCATION-UPDATE_ANSWER for IMSI: 222700000000001
Apr 15 16:03:49 localhost sctpd[1068704]: I0415 16:03:49.702102 1069220 sctp_connection.cpp:195] Unhandled notification type 32777
Apr 15 16:03:50 localhost dhclient[601]: DHCPREQUEST for 172.16.5.121 on eth1 to 172.16.5.2 port 67 (xid=0x1858e024)
Apr 15 16:03:50 localhost smsd[1068528]: INFO:root:mme non_eps_service_config is not SMS_ORC8R, sleeping.
Apr 15 16:03:52 localhost sctpd[1068704]: I0415 16:03:52.110523 1069220 sctp_connection.cpp:195] Unhandled notification type 32777
Apr 15 16:03:52 localhost sctpd[1068704]: I0415 16:03:52.375780 1069220 sctp_connection.cpp:195] Unhandled notification type 32777
Apr 15 16:03:52 localhost sctpd[1068704]: I0415 16:03:52.491087 1069220 sctp_connection.cpp:195] Unhandled notification type 32777
Apr 15 16:03:52 localhost sctpd[1068704]: I0415 16:03:52.605681 1069220 sctp_connection.cpp:195] Unhandled notification type 32777
Apr 15 16:03:52 localhost mme[1069107]: [DEBUG] Sending S6A-UPDATE_LOCATION_REQUEST with IMSI: 222700000000001
Apr 15 16:03:52 localhost mme[1069107]: [INFO] Received S6A-LOCATION-UPDATE_ANSWER for IMSI: 222700000000001; Status: ; StatusCode: 2001
Apr 15 16:03:52 localhost mme[1069107]: [INFO] sent itti S6A-LOCATION-UPDATE_ANSWER for IMSI: 222700000000001
Apr 15 16:03:52 localhost sctpd[1068704]: I0415 16:03:52.721534 1069220 sctp_connection.cpp:195] Unhandled notification type 32777
Apr 15 16:03:55 localhost sctpd[1068704]: I0415 16:03:55.114285 1069220 sctp_connection.cpp:195] Unhandled notification type 32777
Apr 15 16:03:55 localhost smsd[1068528]: INFO:root:mme non_eps_service_config is not SMS_ORC8R, sleeping.
Apr 15 16:03:55 localhost control_proxy[1068590]: 2022-04-15T16:03:54.750Z [127.0.0.1 -> state-controller.magmasi.wavelabs.in,8443] "POST /magma.orc8r.StateService/ReportStates HTTP/2" 200 5bytes 0.860s
Apr 15 16:03:55 localhost magmad[1068362]: INFO:root:Checkin Successful! Successfully sent states to the cloud!
Apr 15 16:03:58 localhost dhclient[601]: DHCPREQUEST for 172.16.5.121 on eth1 to 172.16.5.2 port 67 (xid=0x1858e024)
Apr 15 16:03:59 localhost mobilityd[1068431]: INFO:root:Using GW info: {'default': {2: ('172.16.4.1', 'eth0')}, 2: [('172.16.4.1', 'eth0', True)]}
Apr 15 16:03:59 localhost mobilityd[1068431]: INFO:root:GW-v6 probe: timer started
Apr 15 16:04:00 localhost smsd[1068528]: INFO:root:mme non_eps_service_config is not SMS_ORC8R, sleeping.
Apr 15 16:04:05 localhost smsd[1068528]: INFO:root:mme non_eps_service_config is not SMS_ORC8R, sleeping.
Apr 15 16:04:08 localhost dhclient[601]: DHCPREQUEST for 172.16.5.121 on eth1 to 172.16.5.2 port 67 (xid=0x1858e024)
Apr 15 16:04:10 localhost smsd[1068528]: INFO:root:mme non_eps_service_config is not SMS_ORC8R, sleeping.
Apr 15 16:04:11 localhost sctpd[1068704]: I0415 16:04:11.782387 1069220 sctp_connection.cpp:195] Unhandled notification type 32776
Apr 15 16:04:12 localhost sctpd[1068704]: I0415 16:04:12.842551 1069220 sctp_connection.cpp:195] Unhandled notification type 32777
Apr 15 16:04:13 localhost sctpd[1068704]: I0415 16:04:13.161339 1069220 sctp_connection.cpp:195] Unhandled notification type 32777
Apr 15 16:04:15 localhost smsd[1068528]: INFO:root:mme non_eps_service_config is not SMS_ORC8R, sleeping.
Apr 15 16:04:17 localhost dhclient[601]: DHCPREQUEST for 172.16.5.121 on eth1 to 172.16.5.2 port 67 (xid=0x1858e024)
Apr 15 16:04:19 localhost mobilityd[1068431]: INFO:root:Using GW info: {'default': {2: ('172.16.4.1', 'eth0')}, 2: [('172.16.4.1', 'eth0', True)]}
Apr 15 16:04:19 localhost mobilityd[1068431]: INFO:root:GW-v6 probe: timer started
Apr 15 16:04:20 localhost smsd[1068528]: INFO:root:mme non_eps_service_config is not SMS_ORC8R, sleeping.
Apr 15 16:04:24 localhost magmad[1068362]: ERROR:root:Metrics upload error for service subscriberdb (chunk 0)! [StatusCode.DEADLINE_EXCEEDED] Deadline Exceeded
Apr 15 16:04:24 localhost magmad[1068362]: ERROR:root:Metrics upload error for service mobilityd (chunk 0)! [StatusCode.DEADLINE_EXCEEDED] Deadline Exceeded
Apr 15 16:04:24 localhost magmad[1068362]: ERROR:root:Metrics upload error for service mme (chunk 0)! [StatusCode.DEADLINE_EXCEEDED] Deadline Exceeded
Apr 15 16:04:24 localhost magmad[1068362]: ERROR:root:Metrics upload error for service magmad (chunk 0)! [StatusCode.DEADLINE_EXCEEDED] Deadline Exceeded
Apr 15 16:04:24 localhost magmad[1068362]: ERROR:root:Metrics upload error for service enodebd (chunk 0)! [StatusCode.DEADLINE_EXCEEDED] Deadline Exceeded
Apr 15 16:04:24 localhost magmad[1068362]: ERROR:root:Metrics upload error for service pipelined (chunk 0)! [StatusCode.DEADLINE_EXCEEDED] Deadline Exceeded
Apr 15 16:04:24 localhost magmad[1068362]: ERROR:root:Metrics upload error for service state (chunk 0)! [StatusCode.DEADLINE_EXCEEDED] Deadline Exceeded
Apr 15 16:04:24 localhost magmad[1068362]: ERROR:root:Metrics upload error for service sessiond (chunk 0)! [StatusCode.DEADLINE_EXCEEDED] Deadline Exceeded
Apr 15 16:04:25 localhost smsd[1068528]: INFO:root:mme non_eps_service_config is not SMS_ORC8R, sleeping.
Apr 15 16:04:29 localhost sctpd[1068704]: I0415 16:04:29.549296 1069220 sctp_connection.cpp:195] Unhandled notification type 32776
Apr 15 16:04:30 localhost smsd[1068528]: INFO:root:mme non_eps_service_config is not SMS_ORC8R, sleeping.
Apr 15 16:04:30 localhost dhclient[601]: DHCPREQUEST for 172.16.5.121 on eth1 to 172.16.5.2 port 67 (xid=0x1858e024)
Apr 15 16:04:30 localhost sctpd[1068704]: I0415 16:04:30.609874 1069220 sctp_connection.cpp:195] Unhandled notification type 32777
Apr 15 16:04:30 localhost subscriberdb[1068427]: WARNING:root:Subscriber not found: IMSI222700000000222
Apr 15 16:04:30 localhost sctpd[1068704]: I0415 16:04:30.933302 1069220 sctp_connection.cpp:195] Unhandled notification type 32777
Apr 15 16:04:35 localhost smsd[1068528]: INFO:root:mme non_eps_service_config is not SMS_ORC8R, sleeping.
Apr 15 16:04:39 localhost mobilityd[1068431]: INFO:root:Using GW info: {'default': {2: ('172.16.4.1', 'eth0')}, 2: [('172.16.4.1', 'eth0', True)]}
Apr 15 16:04:39 localhost mobilityd[1068431]: INFO:root:GW-v6 probe: timer started
Apr 15 16:04:39 localhost magmad[1068362]: INFO:root:[SyncRPC] Got heartBeat from cloud
Apr 15 16:04:40 localhost smsd[1068528]: INFO:root:mme non_eps_service_config is not SMS_ORC8R, sleeping.
Apr 15 16:04:41 localhost subscriberdb[1068427]: INFO:root:get digest stored in gateway:
Apr 15 16:04:41 localhost control_proxy[1068590]: 2022-04-15T16:04:41.138Z [127.0.0.1 -> subscriberdb-controller.magmasi.wavelabs.in,8443] "POST /magma.lte.SubscriberDBCloud/CheckInSync HTTP/2" 200 0bytes 0.255s
Apr 15 16:04:41 localhost subscriberdb[1068427]: ERROR:root:Internal Error in subscriberdb-Orc8r communication. If AGW and Orc8r are deployed at a commit hash, upgrade AGW and Orc8r to latest commit hash.
Apr 15 16:04:41 localhost control_proxy[1068590]: 2022-04-15T16:04:41.138Z [127.0.0.1 -> subscriberdb-controller.magmasi.wavelabs.in,8443] "POST /magma.lte.SubscriberDBCloud/Sync HTTP/2" 200 0bytes 0.253s
Apr 15 16:04:41 localhost subscriberdb[1068427]: ERROR:root:Internal Error in subscriberdb-Orc8r communication. If AGW and Orc8r are deployed at a commit hash, upgrade AGW and Orc8r to latest commit hash.
Apr 15 16:04:42 localhost control_proxy[1068590]: 2022-04-15T16:04:41.138Z [127.0.0.1 -> subscriberdb-controller.magmasi.wavelabs.in,8443] "POST /magma.lte.SubscriberDBCloud/ListSubscribers HTTP/2" 200 44088bytes 0.863s
Apr 15 16:04:42 localhost subscriberdb[1068427]: INFO:root:Successfully fetched all subscriber pages from the cloud!
Apr 15 16:04:43 localhost subscriberdb[1068427]: INFO:root:update root digest stored in gateway:
Apr 15 16:04:45 localhost smsd[1068528]: INFO:root:mme non_eps_service_config is not SMS_ORC8R, sleeping.
Apr 15 16:04:46 localhost dhclient[601]: DHCPREQUEST for 172.16.5.121 on eth1 to 172.16.5.2 port 67 (xid=0x1858e024)
Apr 15 16:04:46 localhost control_proxy[1068590]: 2022-04-15T16:04:46.492Z [127.0.0.1 -> streamer-controller.magmasi.wavelabs.in,8443] "POST /magma.orc8r.Streamer/GetUpdates HTTP/2" 200 173bytes 0.289s
Apr 15 16:04:46 localhost policydb[1068506]: INFO:root:Processing 4 policy updates (resync=True)
Apr 15 16:04:47 localhost control_proxy[1068590]: 2022-04-15T16:04:46.492Z [127.0.0.1 -> streamer-controller.magmasi.wavelabs.in,8443] "POST /magma.orc8r.Streamer/GetUpdates HTTP/2" 200 7bytes 0.275s
Apr 15 16:04:47 localhost policydb[1068506]: INFO:root:Processing 0 basename -> policy updates
Apr 15 16:04:47 localhost control_proxy[1068590]: 2022-04-15T16:04:47.066Z [127.0.0.1 -> streamer-controller.magmasi.wavelabs.in,8443] "POST /magma.orc8r.Streamer/GetUpdates HTTP/2" 200 13513bytes 0.300s
Apr 15 16:04:47 localhost policydb[1068506]: INFO:root:Processing 222 SID -> apn -> policy updates
Apr 15 16:04:47 localhost control_proxy[1068590]: 2022-04-15T16:04:47.066Z [127.0.0.1 -> streamer-controller.magmasi.wavelabs.in,8443] "POST /magma.orc8r.Streamer/GetUpdates HTTP/2" 200 7bytes 0.287s
Apr 15 16:04:47 localhost policydb[1068506]: INFO:root:Processing 0 rating group updates
Apr 15 16:04:47 localhost sctpd[1068704]: I0415 16:04:47.745898 1069220 sctp_connection.cpp:195] Unhandled notification type 32776
Apr 15 16:04:48 localhost sctpd[1068704]: I0415 16:04:48.801590 1069220 sctp_connection.cpp:195] Unhandled notification type 32777
Apr 15 16:04:49 localhost sctpd[1068704]: I0415 16:04:49.133361 1069220 sctp_connection.cpp:195] Unhandled notification type 32777
Apr 15 16:04:50 localhost smsd[1068528]: INFO:root:mme non_eps_service_config is not SMS_ORC8R, sleeping.
Apr 15 16:04:55 localhost sctpd[1068704]: I0415 16:04:55.137341 1069220 sctp_connection.cpp:195] Unhandled notification type 32777
Apr 15 16:04:55 localhost smsd[1068528]: INFO:root:mme non_eps_service_config is not SMS_ORC8R, sleeping.
Apr 15 16:04:55 localhost magmad[1068362]: INFO:root:Setting logging level to INFO
Apr 15 16:04:57 localhost dhclient[601]: DHCPREQUEST for 172.16.5.121 on eth1 to 172.16.5.2 port 67 (xid=0x1858e024)
Apr 15 16:04:59 localhost mobilityd[1068431]: INFO:root:Using GW info: {'default': {2: ('172.16.4.1', 'eth0')}, 2: [('172.16.4.1', 'eth0', True)]}
Apr 15 16:04:59 localhost mobilityd[1068431]: INFO:root:GW-v6 probe: timer started
