Apr  4 21:00:31 localhost mobilityd[2814061]: INFO:root:Released IP 192.168.128.79 for sid IMSI222700000000001
Apr  4 21:00:31 localhost sctpd[2814340]: I0404 21:00:31.656754 2814785 sctp_connection.cpp:195] Unhandled notification type 32777
Apr  4 21:00:31 localhost sctpd[2814340]: I0404 21:00:31.774798 2814785 sctp_connection.cpp:195] Unhandled notification type 32777
Apr  4 21:00:31 localhost mme[2814743]: [DEBUG] Sending S6A-UPDATE_LOCATION_REQUEST with IMSI: 222700000000001
Apr  4 21:00:31 localhost mme[2814743]: [INFO] Received S6A-LOCATION-UPDATE_ANSWER for IMSI: 222700000000001; Status: ; StatusCode: 2001
Apr  4 21:00:31 localhost mme[2814743]: [INFO] sent itti S6A-LOCATION-UPDATE_ANSWER for IMSI: 222700000000001
Apr  4 21:00:31 localhost sctpd[2814340]: I0404 21:00:31.982920 2814785 sctp_connection.cpp:195] Unhandled notification type 32777
Apr  4 21:00:34 localhost smsd[2814155]: INFO:root:mme non_eps_service_config is not SMS_ORC8R, sleeping.
Apr  4 21:00:36 localhost dhclient[601]: DHCPREQUEST for 172.16.5.121 on eth1 to 172.16.5.2 port 67 (xid=0x25c866c5)
Apr  4 21:00:36 localhost policydb[2814134]: INFO:root:Terminating session: IMSI222700000000001-489170
Apr  4 21:00:36 localhost eventd[2814147]: DEBUG:root:Logging event: stream_name: "sessiond"
Apr  4 21:00:36 localhost eventd[2814147]: event_type: "session_terminated"
Apr  4 21:00:36 localhost eventd[2814147]: tag: "IMSI222700000000001"
Apr  4 21:00:36 localhost eventd[2814147]: value: "{\"mac_addr\":\"\",\"user_location\":\"\",\"spgw_ip\":\"\",\"imei\":\"\",\"record_sequence_number\":1,\"pdp_end_time\":140020106065488,\"charging_rx\":0,\"duration\":548320568,\"ip_addr\":\"192.168.128.79\",\"monitoring_tx\":0,\"ipv6_addr\":\"\",\"msisdn\":\"\",\"apn\":\"default\",\"session_id\":\"IMSI222700000000001-489170\",\"list_of_service_data\":[],\"charging_characteristics\":\"\",\"total_tx\":0,\"cause_for_rec_closing\":0,\"imsi\":\"IMSI222700000000001\",\"total_rx\":0,\"monitoring_rx\":0,\"charging_tx\":0,\"pdp_start_time\":140019557744920}"
Apr  4 21:00:36 localhost eventd[2814147]: ERROR:root:Connection to FluentBit failed: [Errno 111] Connection refused
Apr  4 21:00:36 localhost eventd[2814147]: INFO:root:FluentBit (td-agent-bit) may not be enabled or configured correctly
Apr  4 21:00:36 localhost sessiond[2814068]: I0404 21:00:36.561859 2814083 SessionEvents.cpp:291] Could not log session_terminated event {"mac_addr":"","user_location":"","spgw_ip":"","imei":"","record_sequence_number":1,"pdp_end_time":140020106065488,"charging_rx":0,"duration":548320568,"ip_addr":"192.168.128.79","monitoring_tx":0,"ipv6_addr":"","msisdn":"","apn":"default","session_id":"IMSI222700000000001-489170","list_of_service_data":[],"charging_characteristics":"","total_tx":0,"cause_for_rec_closing":0,"imsi":"IMSI222700000000001","total_rx":0,"monitoring_rx":0,"charging_tx":0,"pdp_start_time":140019557744920}, Error Message: Could not connect to FluentBit locally, Details: [Errno 111] Connection refused
Apr  4 21:00:37 localhost mme[2814743]: [DEBUG] Sending S6A-UPDATE_LOCATION_REQUEST with IMSI: 222700000000001
Apr  4 21:00:37 localhost mme[2814743]: [INFO] Received S6A-LOCATION-UPDATE_ANSWER for IMSI: 222700000000001; Status: ; StatusCode: 2001
Apr  4 21:00:37 localhost mme[2814743]: [INFO] sent itti S6A-LOCATION-UPDATE_ANSWER for IMSI: 222700000000001
Apr  4 21:00:37 localhost sctpd[2814340]: I0404 21:00:37.986955 2814785 sctp_connection.cpp:195] Unhandled notification type 32777
Apr  4 21:00:39 localhost mobilityd[2814061]: INFO:root:Using GW info: {'default': {2: ('172.16.4.1', 'eth0')}, 2: [('172.16.4.1', 'eth0', True)]}
Apr  4 21:00:39 localhost mobilityd[2814061]: INFO:root:GW-v6 probe: timer started
Apr  4 21:00:39 localhost smsd[2814155]: INFO:root:mme non_eps_service_config is not SMS_ORC8R, sleeping.
Apr  4 21:00:44 localhost smsd[2814155]: INFO:root:mme non_eps_service_config is not SMS_ORC8R, sleeping.
Apr  4 21:00:45 localhost dhclient[601]: DHCPREQUEST for 172.16.5.121 on eth1 to 172.16.5.2 port 67 (xid=0x25c866c5)
Apr  4 21:00:49 localhost smsd[2814155]: INFO:root:mme non_eps_service_config is not SMS_ORC8R, sleeping.
Apr  4 21:00:54 localhost smsd[2814155]: INFO:root:mme non_eps_service_config is not SMS_ORC8R, sleeping.
Apr  4 21:00:56 localhost dhclient[601]: DHCPREQUEST for 172.16.5.121 on eth1 to 172.16.5.2 port 67 (xid=0x25c866c5)
Apr  4 21:00:58 localhost sctpd[2814340]: I0404 21:00:58.297459 2814785 sctp_connection.cpp:195] Unhandled notification type 32776
Apr  4 21:00:59 localhost mobilityd[2814061]: INFO:root:Using GW info: {'default': {2: ('172.16.4.1', 'eth0')}, 2: [('172.16.4.1', 'eth0', True)]}
Apr  4 21:00:59 localhost mobilityd[2814061]: INFO:root:GW-v6 probe: timer started
Apr  4 21:00:59 localhost sctpd[2814340]: I0404 21:00:59.354336 2814785 sctp_connection.cpp:195] Unhandled notification type 32777
Apr  4 21:00:59 localhost magmad[2813991]: INFO:root:[SyncRPC] Got heartBeat from cloud
Apr  4 21:00:59 localhost smsd[2814155]: INFO:root:mme non_eps_service_config is not SMS_ORC8R, sleeping.
Apr  4 21:01:00 localhost control_proxy[2814227]: 2022-04-04T20:59:59.969Z [127.0.0.1 -> streamer-controller.magmasi.wavelabs.in,8443] "POST /magma.orc8r.Streamer/GetUpdates HTTP/2" 200 0bytes 60.266s
Apr  4 21:01:00 localhost magmad[2813991]: ERROR:root:Error! Streaming from the cloud failed! [StatusCode.ABORTED] error while streaming updates: rpc error: code = DeadlineExceeded desc = context deadline exceeded
Apr  4 21:01:05 localhost smsd[2814155]: INFO:root:mme non_eps_service_config is not SMS_ORC8R, sleeping.
Apr  4 21:01:10 localhost smsd[2814155]: INFO:root:mme non_eps_service_config is not SMS_ORC8R, sleeping.
Apr  4 21:01:10 localhost dhclient[601]: DHCPREQUEST for 172.16.5.121 on eth1 to 172.16.5.2 port 67 (xid=0x25c866c5)
Apr  4 21:01:15 localhost smsd[2814155]: INFO:root:mme non_eps_service_config is not SMS_ORC8R, sleeping.
Apr  4 21:01:19 localhost mobilityd[2814061]: INFO:root:Using GW info: {'default': {2: ('172.16.4.1', 'eth0')}, 2: [('172.16.4.1', 'eth0', True)]}
Apr  4 21:01:19 localhost mobilityd[2814061]: INFO:root:GW-v6 probe: timer started
Apr  4 21:01:20 localhost smsd[2814155]: INFO:root:mme non_eps_service_config is not SMS_ORC8R, sleeping.
Apr  4 21:01:21 localhost sctpd[2814340]: I0404 21:01:21.252279 2814785 sctp_connection.cpp:195] Unhandled notification type 32776
Apr  4 21:01:21 localhost magmad[2813991]: ERROR:root:Metrics upload error for service subscriberdb (chunk 0)! [StatusCode.DEADLINE_EXCEEDED] Deadline Exceeded
Apr  4 21:01:21 localhost magmad[2813991]: ERROR:root:Metrics upload error for service mobilityd (chunk 0)! [StatusCode.DEADLINE_EXCEEDED] Deadline Exceeded
Apr  4 21:01:21 localhost magmad[2813991]: ERROR:root:Metrics upload error for service mme (chunk 0)! [StatusCode.DEADLINE_EXCEEDED] Deadline Exceeded
Apr  4 21:01:21 localhost magmad[2813991]: ERROR:root:Metrics upload error for service magmad (chunk 0)! [StatusCode.DEADLINE_EXCEEDED] Deadline Exceeded
Apr  4 21:01:21 localhost magmad[2813991]: ERROR:root:Metrics upload error for service enodebd (chunk 0)! [StatusCode.DEADLINE_EXCEEDED] Deadline Exceeded
Apr  4 21:01:21 localhost magmad[2813991]: ERROR:root:Metrics upload error for service pipelined (chunk 0)! [StatusCode.DEADLINE_EXCEEDED] Deadline Exceeded
Apr  4 21:01:21 localhost magmad[2813991]: ERROR:root:Metrics upload error for service state (chunk 0)! [StatusCode.DEADLINE_EXCEEDED] Deadline Exceeded
Apr  4 21:01:21 localhost magmad[2813991]: ERROR:root:Metrics upload error for service sessiond (chunk 0)! [StatusCode.DEADLINE_EXCEEDED] Deadline Exceeded
Apr  4 21:01:25 localhost smsd[2814155]: INFO:root:mme non_eps_service_config is not SMS_ORC8R, sleeping.
Apr  4 21:01:25 localhost control_proxy[2814227]: 2022-04-04T21:01:25.088Z [127.0.0.1 -> streamer-controller.magmasi.wavelabs.in,8443] "POST /magma.orc8r.Streamer/GetUpdates HTTP/2" 200 173bytes 0.528s
Apr  4 21:01:25 localhost policydb[2814134]: INFO:root:Processing 4 policy updates (resync=True)
Apr  4 21:01:25 localhost control_proxy[2814227]: 2022-04-04T21:01:25.088Z [127.0.0.1 -> streamer-controller.magmasi.wavelabs.in,8443] "POST /magma.orc8r.Streamer/GetUpdates HTTP/2" 200 7bytes 0.270s
Apr  4 21:01:25 localhost policydb[2814134]: INFO:root:Processing 0 basename -> policy updates
Apr  4 21:01:26 localhost control_proxy[2814227]: 2022-04-04T21:01:25.088Z [127.0.0.1 -> streamer-controller.magmasi.wavelabs.in,8443] "POST /magma.orc8r.Streamer/GetUpdates HTTP/2" 200 13513bytes 0.306s
Apr  4 21:01:26 localhost policydb[2814134]: INFO:root:Processing 222 SID -> apn -> policy updates
Apr  4 21:01:26 localhost control_proxy[2814227]: 2022-04-04T21:01:26.209Z [127.0.0.1 -> streamer-controller.magmasi.wavelabs.in,8443] "POST /magma.orc8r.Streamer/GetUpdates HTTP/2" 200 7bytes 0.282s
Apr  4 21:01:26 localhost policydb[2814134]: INFO:root:Processing 0 rating group updates
Apr  4 21:01:26 localhost dhclient[601]: DHCPREQUEST for 172.16.5.121 on eth1 to 172.16.5.2 port 67 (xid=0x25c866c5)
Apr  4 21:01:30 localhost smsd[2814155]: INFO:root:mme non_eps_service_config is not SMS_ORC8R, sleeping.
Apr  4 21:01:30 localhost sctpd[2814340]: I0404 21:01:30.967106 2814785 sctp_connection.cpp:195] Unhandled notification type 32777
Apr  4 21:01:31 localhost sctpd[2814340]: I0404 21:01:31.202566 2814785 sctp_connection.cpp:195] Unhandled notification type 32777
Apr  4 21:01:31 localhost magmad[2813991]: INFO:root:Setting logging level to INFO
Apr  4 21:01:35 localhost smsd[2814155]: INFO:root:mme non_eps_service_config is not SMS_ORC8R, sleeping.
Apr  4 21:01:37 localhost dhclient[601]: DHCPREQUEST for 172.16.5.121 on eth1 to 172.16.5.2 port 67 (xid=0x25c866c5)
Apr  4 21:01:39 localhost mobilityd[2814061]: INFO:root:Using GW info: {'default': {2: ('172.16.4.1', 'eth0')}, 2: [('172.16.4.1', 'eth0', True)]}
Apr  4 21:01:39 localhost mobilityd[2814061]: INFO:root:GW-v6 probe: timer started
Apr  4 21:01:40 localhost smsd[2814155]: INFO:root:mme non_eps_service_config is not SMS_ORC8R, sleeping.
Apr  4 21:01:45 localhost smsd[2814155]: INFO:root:mme non_eps_service_config is not SMS_ORC8R, sleeping.
Apr  4 21:01:49 localhost dhclient[601]: DHCPREQUEST for 172.16.5.121 on eth1 to 172.16.5.2 port 67 (xid=0x25c866c5)
Apr  4 21:01:50 localhost smsd[2814155]: INFO:root:mme non_eps_service_config is not SMS_ORC8R, sleeping.
Apr  4 21:01:50 localhost control_proxy[2814227]: 2022-04-04T21:01:50.436Z [127.0.0.1 -> state-controller.magmasi.wavelabs.in,8443] "POST /magma.orc8r.StateService/ReportStates HTTP/2" 200 5bytes 0.510s
Apr  4 21:01:50 localhost magmad[2813991]: INFO:root:Checkin Successful! Successfully sent states to the cloud!
Apr  4 21:01:53 localhost sctpd[2814340]: I0404 21:01:53.069049 2814785 sctp_connection.cpp:195] Unhandled notification type 32776
Apr  4 21:01:53 localhost sctpd[2814340]: I0404 21:01:53.210875 2814785 sctp_connection.cpp:195] Unhandled notification type 32776
Apr  4 21:01:54 localhost sctpd[2814340]: I0404 21:01:54.267849 2814785 sctp_connection.cpp:195] Unhandled notification type 32777
Apr  4 21:01:54 localhost sctpd[2814340]: I0404 21:01:54.372112 2814785 sctp_connection.cpp:195] Unhandled notification type 32777
Apr  4 21:01:54 localhost sctpd[2814340]: I0404 21:01:54.605690 2814785 sctp_connection.cpp:195] Unhandled notification type 32777
Apr  4 21:01:54 localhost sctpd[2814340]: I0404 21:01:54.719267 2814785 sctp_connection.cpp:195] Unhandled notification type 32777
Apr  4 21:01:54 localhost mme[2814743]: [DEBUG] Sending S6A-UPDATE_LOCATION_REQUEST with IMSI: 222700000000001
Apr  4 21:01:54 localhost mme[2814743]: [INFO] Received S6A-LOCATION-UPDATE_ANSWER for IMSI: 222700000000001; Status: ; StatusCode: 2001
Apr  4 21:01:54 localhost mme[2814743]: [INFO] sent itti S6A-LOCATION-UPDATE_ANSWER for IMSI: 222700000000001
Apr  4 21:01:54 localhost sctpd[2814340]: I0404 21:01:54.835955 2814785 sctp_connection.cpp:195] Unhandled notification type 32777
Apr  4 21:01:55 localhost smsd[2814155]: INFO:root:mme non_eps_service_config is not SMS_ORC8R, sleeping.
Apr  4 21:01:57 localhost mobilityd[2814061]: INFO:root:Allocated IP 192.168.128.81 for sid IMSI222700000000001 for apn default
Apr  4 21:01:57 localhost policydb[2814134]: INFO:root:Creating a session for subscriber ID: IMSI222700000000001
Apr  4 21:01:57 localhost sessiond[2814068]: I0404 21:01:57.085654 2814068 SetMessageManagerHandler.cpp:342] Processing a CreateSessionResponse for IMSI222700000000001-804743
Apr  4 21:01:57 localhost sessiond[2814068]: I0404 21:01:57.086988 2814068 SessionState.cpp:2774] RuleID allowlist_sid-IMSI222700000000001-default doesn't have a version registered for IMSI222700000000001-804743, this is unexpected
Apr  4 21:01:57 localhost mme[2814743]: PDUSessionResourceSetupRequestTransfer ::= {
Apr  4 21:01:57 localhost mme[2814743]:     protocolIEs: ProtocolIE-Container ::= {
Apr  4 21:01:57 localhost mme[2814743]:         PDUSessionResourceSetupRequestTransferIEs ::= {
Apr  4 21:01:57 localhost mme[2814743]:             id: 130
Apr  4 21:01:57 localhost mme[2814743]:             criticality: 0 (reject)
Apr  4 21:01:57 localhost mme[2814743]:             value: PDUSessionAggregateMaximumBitRate ::= {
Apr  4 21:01:57 localhost mme[2814743]:                 pDUSessionAggregateMaximumBitRateDL: 100000000
Apr  4 21:01:57 localhost mme[2814743]:                 pDUSessionAggregateMaximumBitRateUL: 100000000
Apr  4 21:01:57 localhost mme[2814743]:             }
Apr  4 21:01:57 localhost mme[2814743]:         }
Apr  4 21:01:57 localhost mme[2814743]:         PDUSessionResourceSetupRequestTransferIEs ::= {
Apr  4 21:01:57 localhost mme[2814743]:             id: 139
Apr  4 21:01:57 localhost mme[2814743]:             criticality: 0 (reject)
Apr  4 21:01:57 localhost mme[2814743]:             value: GTPTunnel ::= {
Apr  4 21:01:57 localhost mme[2814743]:                 transportLayerAddress: AC 10 05 79
Apr  4 21:01:57 localhost mme[2814743]:                 gTP-TEID: 80 00 00 06
Apr  4 21:01:57 localhost mme[2814743]:             }
Apr  4 21:01:57 localhost mme[2814743]:         }
Apr  4 21:01:57 localhost mme[2814743]:         PDUSessionResourceSetupRequestTransferIEs ::= {
Apr  4 21:01:57 localhost mme[2814743]:             id: 134
Apr  4 21:01:57 localhost mme[2814743]:             criticality: 0 (reject)
Apr  4 21:01:57 localhost mme[2814743]:             value: 0 (ipv4)
Apr  4 21:01:57 localhost mme[2814743]:         }
Apr  4 21:01:57 localhost mme[2814743]:         PDUSessionResourceSetupRequestTransferIEs ::= {
Apr  4 21:01:57 localhost mme[2814743]:             id: 136
Apr  4 21:01:57 localhost mme[2814743]:             criticality: 0 (reject)
Apr  4 21:01:57 localhost mme[2814743]:             value: QosFlowSetupRequestList ::= {
Apr  4 21:01:57 localhost mme[2814743]:                 QosFlowSetupRequestItem ::= {
Apr  4 21:01:57 localhost mme[2814743]:                     qosFlowIdentifier: 9
Apr  4 21:01:57 localhost mme[2814743]:                     qosFlowLevelQosParameters: QosFlowLevelQosParameters ::= {
Apr  4 21:01:57 localhost mme[2814743]:                         qosCharacteristics: NonDynamic5QIDescriptor ::= {
Apr  4 21:01:57 localhost mme[2814743]:                             fiveQI: 9
Apr  4 21:01:57 localhost mme[2814743]:                         }
Apr  4 21:01:57 localhost mme[2814743]:                         allocationAndRetentionPriority: AllocationAndRetentionPriority ::= {
Apr  4 21:01:57 localhost mme[2814743]:                             priorityLevelARP: 15
Apr  4 21:01:57 localhost mme[2814743]:                             pre-emptionCapability: 0 (shall-not-trigger-pre-emption)
Apr  4 21:01:57 localhost mme[2814743]:                             pre-emptionVulnerability: 0 (not-pre-emptable)
Apr  4 21:01:57 localhost mme[2814743]:                         }
Apr  4 21:01:57 localhost mme[2814743]:                     }
Apr  4 21:01:57 localhost mme[2814743]:                 }
Apr  4 21:01:57 localhost mme[2814743]:             }
Apr  4 21:01:57 localhost mme[2814743]:         }
Apr  4 21:01:57 localhost mme[2814743]:     }
Apr  4 21:01:57 localhost mme[2814743]: }
Apr  4 21:01:57 localhost sctpd[2814340]: I0404 21:01:57.172574 2814785 sctp_connection.cpp:195] Unhandled notification type 32777
Apr  4 21:01:57 localhost sessiond[2814068]: I0404 21:01:57.175351 2814068 SessionStateEnforcer.cpp:869]  AMF teid: 40000000 ip address 10.10.10.11 of imsi: IMSI222700000000001 fteid: 2147483654 pdu id: 1 UE ip address 192.168.128.81
Apr  4 21:01:57 localhost eventd[2814147]: DEBUG:root:Logging event: stream_name: "sessiond"
Apr  4 21:01:57 localhost eventd[2814147]: event_type: "session_created"
Apr  4 21:01:57 localhost eventd[2814147]: tag: "IMSI222700000000001"
Apr  4 21:01:57 localhost eventd[2814147]: value: "{\"mac_addr\":\"\",\"user_location\":\"\",\"spgw_ip\":\"\",\"imei\":\"\",\"pdp_start_time\":140019557744920,\"session_id\":\"IMSI222700000000001-804743\",\"apn\":\"default\",\"msisdn\":\"\",\"charging_characteristics\":\"\",\"ipv6_addr\":\"\",\"ip_addr\":\"192.168.128.81\",\"imsi\":\"IMSI222700000000001\"}"
Apr  4 21:01:57 localhost eventd[2814147]: ERROR:root:Connection to FluentBit failed: [Errno 111] Connection refused
Apr  4 21:01:57 localhost eventd[2814147]: INFO:root:FluentBit (td-agent-bit) may not be enabled or configured correctly
Apr  4 21:01:57 localhost sessiond[2814068]: I0404 21:01:57.183307 2814083 SessionEvents.cpp:131] Could not log session_created event {"mac_addr":"","user_location":"","spgw_ip":"","imei":"","pdp_start_time":140019557744920,"session_id":"IMSI222700000000001-804743","apn":"default","msisdn":"","charging_characteristics":"","ipv6_addr":"","ip_addr":"192.168.128.81","imsi":"IMSI222700000000001"}, Error Message: Could not connect to FluentBit locally, Details: [Errno 111] Connection refused
Apr  4 21:01:59 localhost mobilityd[2814061]: INFO:root:Using GW info: {'default': {2: ('172.16.4.1', 'eth0')}, 2: [('172.16.4.1', 'eth0', True)]}
Apr  4 21:01:59 localhost mobilityd[2814061]: INFO:root:GW-v6 probe: timer started
Apr  4 21:01:59 localhost mme[2814743]: InitiatingMessage ::= {
Apr  4 21:01:59 localhost mme[2814743]:     procedureCode: 28
Apr  4 21:01:59 localhost mme[2814743]:     criticality: 1 (ignore)
Apr  4 21:01:59 localhost mme[2814743]:     value: PDUSessionResourceReleaseCommand ::= {
Apr  4 21:01:59 localhost mme[2814743]:         protocolIEs: ProtocolIE-Container ::= {
Apr  4 21:01:59 localhost mme[2814743]:             PDUSessionResourceReleaseCommandIEs ::= {
Apr  4 21:01:59 localhost mme[2814743]:                 id: 10
Apr  4 21:01:59 localhost mme[2814743]:                 criticality: 0 (reject)
Apr  4 21:01:59 localhost mme[2814743]:                 value: 53
Apr  4 21:01:59 localhost mme[2814743]:             }
Apr  4 21:01:59 localhost mme[2814743]:             PDUSessionResourceReleaseCommandIEs ::= {
Apr  4 21:01:59 localhost mme[2814743]:                 id: 85
Apr  4 21:01:59 localhost mme[2814743]:                 criticality: 0 (reject)
Apr  4 21:01:59 localhost mme[2814743]:                 value: 4294967295
Apr  4 21:01:59 localhost mme[2814743]:             }
Apr  4 21:01:59 localhost mme[2814743]:             PDUSessionResourceReleaseCommandIEs ::= {
Apr  4 21:01:59 localhost mme[2814743]:                 id: 38
Apr  4 21:01:59 localhost mme[2814743]:                 criticality: 0 (reject)
Apr  4 21:01:59 localhost mme[2814743]:                 value:
Apr  4 21:01:59 localhost mme[2814743]:                     7E 01 52 F3 B0 C8 03 7E 00 68 01 00 05 2E 01 01
Apr  4 21:01:59 localhost mme[2814743]:                     D3 24 12 01
Apr  4 21:01:59 localhost mme[2814743]:             }
Apr  4 21:01:59 localhost mme[2814743]:             PDUSessionResourceReleaseCommandIEs ::= {
Apr  4 21:01:59 localhost mme[2814743]:                 id: 79
Apr  4 21:01:59 localhost mme[2814743]:                 criticality: 0 (reject)
Apr  4 21:01:59 localhost mme[2814743]:                 value: PDUSessionResourceToReleaseListRelCmd ::= {
Apr  4 21:01:59 localhost mme[2814743]:                 }
Apr  4 21:01:59 localhost mme[2814743]:             }
Apr  4 21:01:59 localhost mme[2814743]:         }
Apr  4 21:01:59 localhost mme[2814743]:     }
Apr  4 21:01:59 localhost mme[2814743]: }
Apr  4 21:01:59 localhost sctpd[2814340]: I0404 21:01:59.437217 2814785 sctp_connection.cpp:195] Unhandled notification type 32777
Apr  4 21:01:59 localhost magmad[2813991]: INFO:root:[SyncRPC] Got heartBeat from cloud
Apr  4 21:01:59 localhost control_proxy[2814227]: 2022-04-04T21:01:59.400Z [127.0.0.1 -> state-controller.magmasi.wavelabs.in,8443] "POST /magma.orc8r.StateService/ReportStates HTTP/2" 200 5bytes 0.510s
Apr  4 21:02:00 localhost smsd[2814155]: INFO:root:mme non_eps_service_config is not SMS_ORC8R, sleeping.
Apr  4 21:02:03 localhost dhclient[601]: DHCPREQUEST for 172.16.5.121 on eth1 to 172.16.5.2 port 67 (xid=0x25c866c5)
Apr  4 21:02:05 localhost smsd[2814155]: INFO:root:mme non_eps_service_config is not SMS_ORC8R, sleeping.
Apr  4 21:02:15 localhost smsd[2814155]: message repeated 2 times: [ INFO:root:mme non_eps_service_config is not SMS_ORC8R, sleeping.]
Apr  4 21:02:15 localhost sctpd[2814340]: I0404 21:02:15.607170 2814785 sctp_connection.cpp:195] Unhandled notification type 32777
Apr  4 21:02:15 localhost dhclient[601]: DHCPREQUEST for 172.16.5.121 on eth1 to 172.16.5.2 port 67 (xid=0x25c866c5)
Apr  4 21:02:19 localhost mobilityd[2814061]: INFO:root:Using GW info: {'default': {2: ('172.16.4.1', 'eth0')}, 2: [('172.16.4.1', 'eth0', True)]}
Apr  4 21:02:19 localhost mobilityd[2814061]: INFO:root:GW-v6 probe: timer started
Apr  4 21:02:20 localhost smsd[2814155]: INFO:root:mme non_eps_service_config is not SMS_ORC8R, sleeping.
Apr  4 21:02:21 localhost magmad[2813991]: ERROR:root:Metrics upload error for service subscriberdb (chunk 0)! [StatusCode.DEADLINE_EXCEEDED] Deadline Exceeded
Apr  4 21:02:21 localhost magmad[2813991]: ERROR:root:Metrics upload error for service mobilityd (chunk 0)! [StatusCode.DEADLINE_EXCEEDED] Deadline Exceeded
Apr  4 21:02:21 localhost magmad[2813991]: ERROR:root:Metrics upload error for service mme (chunk 0)! [StatusCode.DEADLINE_EXCEEDED] Deadline Exceeded
Apr  4 21:02:21 localhost magmad[2813991]: ERROR:root:Metrics upload error for service magmad (chunk 0)! [StatusCode.DEADLINE_EXCEEDED] Deadline Exceeded
Apr  4 21:02:21 localhost magmad[2813991]: ERROR:root:Metrics upload error for service enodebd (chunk 0)! [StatusCode.DEADLINE_EXCEEDED] Deadline Exceeded
Apr  4 21:02:21 localhost magmad[2813991]: ERROR:root:Metrics upload error for service pipelined (chunk 0)! [StatusCode.DEADLINE_EXCEEDED] Deadline Exceeded
Apr  4 21:02:21 localhost magmad[2813991]: ERROR:root:Metrics upload error for service state (chunk 0)! [StatusCode.DEADLINE_EXCEEDED] Deadline Exceeded
Apr  4 21:02:21 localhost magmad[2813991]: ERROR:root:Metrics upload error for service sessiond (chunk 0)! [StatusCode.DEADLINE_EXCEEDED] Deadline Exceeded
Apr  4 21:02:25 localhost smsd[2814155]: INFO:root:mme non_eps_service_config is not SMS_ORC8R, sleeping.
Apr  4 21:02:27 localhost control_proxy[2814227]: 2022-04-04T21:02:26.552Z [127.0.0.1 -> streamer-controller.magmasi.wavelabs.in,8443] "POST /magma.orc8r.Streamer/GetUpdates HTTP/2" 200 173bytes 0.599s
Apr  4 21:02:27 localhost policydb[2814134]: INFO:root:Processing 4 policy updates (resync=True)
Apr  4 21:02:27 localhost control_proxy[2814227]: 2022-04-04T21:02:27.155Z [127.0.0.1 -> streamer-controller.magmasi.wavelabs.in,8443] "POST /magma.orc8r.Streamer/GetUpdates HTTP/2" 200 7bytes 0.372s
Apr  4 21:02:27 localhost policydb[2814134]: INFO:root:Processing 0 basename -> policy updates
Apr  4 21:02:27 localhost control_proxy[2814227]: 2022-04-04T21:02:27.155Z [127.0.0.1 -> streamer-controller.magmasi.wavelabs.in,8443] "POST /magma.orc8r.Streamer/GetUpdates HTTP/2" 200 13513bytes 0.374s
Apr  4 21:02:27 localhost policydb[2814134]: INFO:root:Processing 222 SID -> apn -> policy updates
Apr  4 21:02:28 localhost control_proxy[2814227]: 2022-04-04T21:02:27.155Z [127.0.0.1 -> streamer-controller.magmasi.wavelabs.in,8443] "POST /magma.orc8r.Streamer/GetUpdates HTTP/2" 200 7bytes 0.267s
Apr  4 21:02:28 localhost policydb[2814134]: INFO:root:Processing 0 rating group updates
Apr  4 21:02:30 localhost smsd[2814155]: INFO:root:mme non_eps_service_config is not SMS_ORC8R, sleeping.
Apr  4 21:02:31 localhost sctpd[2814340]: I0404 21:02:31.623013 2814785 sctp_connection.cpp:195] Unhandled notification type 32777
Apr  4 21:02:35 localhost smsd[2814155]: INFO:root:mme non_eps_service_config is not SMS_ORC8R, sleeping.
Apr  4 21:02:35 localhost dhclient[601]: DHCPREQUEST for 172.16.5.121 on eth1 to 172.16.5.2 port 67 (xid=0x25c866c5)
Apr  4 21:02:39 localhost mobilityd[2814061]: INFO:root:Using GW info: {'default': {2: ('172.16.4.1', 'eth0')}, 2: [('172.16.4.1', 'eth0', True)]}
Apr  4 21:02:39 localhost mobilityd[2814061]: INFO:root:GW-v6 probe: timer started
Apr  4 21:02:40 localhost smsd[2814155]: INFO:root:mme non_eps_service_config is not SMS_ORC8R, sleeping.
Apr  4 21:02:44 localhost dhclient[601]: DHCPREQUEST for 172.16.5.121 on eth1 to 172.16.5.2 port 67 (xid=0x25c866c5)
Apr  4 21:02:45 localhost smsd[2814155]: INFO:root:mme non_eps_service_config is not SMS_ORC8R, sleeping.
Apr  4 21:02:47 localhost sctpd[2814340]: I0404 21:02:47.638994 2814785 sctp_connection.cpp:195] Unhandled notification type 32777
Apr  4 21:02:50 localhost smsd[2814155]: INFO:root:mme non_eps_service_config is not SMS_ORC8R, sleeping.
Apr  4 21:02:51 localhost magmad[2813991]: INFO:root:Setting logging level to INFO
Apr  4 21:02:53 localhost dhclient[601]: DHCPREQUEST for 172.16.5.121 on eth1 to 172.16.5.2 port 67 (xid=0x25c866c5)
Apr  4 21:02:55 localhost smsd[2814155]: INFO:root:mme non_eps_service_config is not SMS_ORC8R, sleeping.
Apr  4 21:02:59 localhost mobilityd[2814061]: INFO:root:Using GW info: {'default': {2: ('172.16.4.1', 'eth0')}, 2: [('172.16.4.1', 'eth0', True)]}
Apr  4 21:02:59 localhost mobilityd[2814061]: INFO:root:GW-v6 probe: timer started
Apr  4 21:02:59 localhost magmad[2813991]: INFO:root:[SyncRPC] Got heartBeat from cloud
Apr  4 21:03:00 localhost control_proxy[2814227]: 2022-04-04T21:02:00.283Z [127.0.0.1 -> streamer-controller.magmasi.wavelabs.in,8443] "POST /magma.orc8r.Streamer/GetUpdates HTTP/2" 200 0bytes 60.260s
Apr  4 21:03:00 localhost magmad[2813991]: ERROR:root:Error! Streaming from the cloud failed! [StatusCode.ABORTED] error while streaming updates: rpc error: code = DeadlineExceeded desc = context deadline exceeded
Apr  4 21:03:00 localhost smsd[2814155]: INFO:root:mme non_eps_service_config is not SMS_ORC8R, sleeping.
Apr  4 21:03:02 localhost dhclient[601]: DHCPREQUEST for 172.16.5.121 on eth1 to 172.16.5.2 port 67 (xid=0x25c866c5)
Apr  4 21:03:03 localhost sctpd[2814340]: I0404 21:03:03.651063 2814785 sctp_connection.cpp:195] Unhandled notification type 32777
Apr  4 21:03:05 localhost subscriberdb[2814058]: INFO:root:get digest stored in gateway:
Apr  4 21:03:05 localhost control_proxy[2814227]: 2022-04-04T21:03:05.179Z [127.0.0.1 -> subscriberdb-controller.magmasi.wavelabs.in,8443] "POST /magma.lte.SubscriberDBCloud/CheckInSync HTTP/2" 200 0bytes 0.247s
Apr  4 21:03:05 localhost subscriberdb[2814058]: ERROR:root:Internal Error in subscriberdb-Orc8r communication. If AGW and Orc8r are deployed at a commit hash, upgrade AGW and Orc8r to latest commit hash.
Apr  4 21:03:05 localhost control_proxy[2814227]: 2022-04-04T21:03:05.179Z [127.0.0.1 -> subscriberdb-controller.magmasi.wavelabs.in,8443] "POST /magma.lte.SubscriberDBCloud/Sync HTTP/2" 200 0bytes 0.249s
Apr  4 21:03:05 localhost subscriberdb[2814058]: ERROR:root:Internal Error in subscriberdb-Orc8r communication. If AGW and Orc8r are deployed at a commit hash, upgrade AGW and Orc8r to latest commit hash.
Apr  4 21:03:05 localhost smsd[2814155]: INFO:root:mme non_eps_service_config is not SMS_ORC8R, sleeping.
Apr  4 21:03:05 localhost control_proxy[2814227]: 2022-04-04T21:03:05.179Z [127.0.0.1 -> subscriberdb-controller.magmasi.wavelabs.in,8443] "POST /magma.lte.SubscriberDBCloud/ListSubscribers HTTP/2" 200 44088bytes 0.313s
Apr  4 21:03:06 localhost subscriberdb[2814058]: INFO:root:Successfully fetched all subscriber pages from the cloud!
Apr  4 21:03:06 localhost subscriberdb[2814058]: INFO:root:update root digest stored in gateway:
Apr  4 21:03:09 localhost sessiond[2814068]: I0404 21:03:09.923143 2814068 SetMessageManagerHandler.cpp:142] Release request for session from IMSI: IMSI222700000000001 pdu_id 1
Apr  4 21:03:09 localhost mobilityd[2814061]: INFO:root:Released IP 192.168.128.81 for sid IMSI222700000000001
Apr  4 21:03:09 localhost policydb[2814134]: INFO:root:Terminating session: IMSI222700000000001-804743
Apr  4 21:03:09 localhost eventd[2814147]: DEBUG:root:Logging event: stream_name: "sessiond"
Apr  4 21:03:09 localhost eventd[2814147]: event_type: "session_terminated"
Apr  4 21:03:09 localhost eventd[2814147]: tag: "IMSI222700000000001"
Apr  4 21:03:09 localhost eventd[2814147]: value: "{\"mac_addr\":\"\",\"user_location\":\"\",\"spgw_ip\":\"\",\"imei\":\"\",\"record_sequence_number\":1,\"pdp_end_time\":140020106065488,\"charging_rx\":0,\"duration\":548320568,\"ip_addr\":\"192.168.128.81\",\"monitoring_tx\":0,\"ipv6_addr\":\"\",\"msisdn\":\"\",\"apn\":\"default\",\"session_id\":\"IMSI222700000000001-804743\",\"list_of_service_data\":[],\"charging_characteristics\":\"\",\"total_tx\":0,\"cause_for_rec_closing\":0,\"imsi\":\"IMSI222700000000001\",\"total_rx\":0,\"monitoring_rx\":0,\"charging_tx\":0,\"pdp_start_time\":140019557744920}"
Apr  4 21:03:09 localhost eventd[2814147]: ERROR:root:Connection to FluentBit failed: [Errno 111] Connection refused
Apr  4 21:03:09 localhost eventd[2814147]: INFO:root:FluentBit (td-agent-bit) may not be enabled or configured correctly
Apr  4 21:03:09 localhost sessiond[2814068]: I0404 21:03:09.954844 2814083 SessionEvents.cpp:291] Could not log session_terminated event {"mac_addr":"","user_location":"","spgw_ip":"","imei":"","record_sequence_number":1,"pdp_end_time":140020106065488,"charging_rx":0,"duration":548320568,"ip_addr":"192.168.128.81","monitoring_tx":0,"ipv6_addr":"","msisdn":"","apn":"default","session_id":"IMSI222700000000001-804743","list_of_service_data":[],"charging_characteristics":"","total_tx":0,"cause_for_rec_closing":0,"imsi":"IMSI222700000000001","total_rx":0,"monitoring_rx":0,"charging_tx":0,"pdp_start_time":140019557744920}, Error Message: Could not connect to FluentBit locally, Details: [Errno 111] Connection refused
Apr  4 21:03:10 localhost sctpd[2814340]: I0404 21:03:10.331070 2814785 sctp_connection.cpp:195] Unhandled notification type 32777
Apr  4 21:03:10 localhost smsd[2814155]: INFO:root:mme non_eps_service_config is not SMS_ORC8R, sleeping.
Apr  4 21:03:11 localhost control_proxy[2814227]: 2022-04-04T21:03:10.060Z [127.0.0.1 -> state-controller.magmasi.wavelabs.in,8443] "POST /magma.orc8r.StateService/ReportStates HTTP/2" 200 5bytes 1.030s
Apr  4 21:03:11 localhost magmad[2813991]: INFO:root:Checkin Successful! Successfully sent states to the cloud!
Apr  4 21:03:14 localhost sessiond[2814068]: I0404 21:03:14.932106 2814068 SessionStateEnforcer.cpp:377] Nothing to remove as no respective entry found for session id IMSI222700000000001-804743 of IMSI IMSI222700000000001
Apr  4 21:03:15 localhost smsd[2814155]: INFO:root:mme non_eps_service_config is not SMS_ORC8R, sleeping.
Apr  4 21:03:19 localhost mobilityd[2814061]: INFO:root:Using GW info: {'default': {2: ('172.16.4.1', 'eth0')}, 2: [('172.16.4.1', 'eth0', True)]}
Apr  4 21:03:19 localhost mobilityd[2814061]: INFO:root:GW-v6 probe: timer started
Apr  4 21:03:20 localhost smsd[2814155]: INFO:root:mme non_eps_service_config is not SMS_ORC8R, sleeping.
Apr  4 21:03:22 localhost dhclient[601]: DHCPREQUEST for 172.16.5.121 on eth1 to 172.16.5.2 port 67 (xid=0x25c866c5)
Apr  4 21:03:25 localhost smsd[2814155]: INFO:root:mme non_eps_service_config is not SMS_ORC8R, sleeping.
Apr  4 21:03:28 localhost sctpd[2814340]: I0404 21:03:28.630717 2814785 sctp_connection.cpp:195] Unhandled notification type 32776
Apr  4 21:03:28 localhost control_proxy[2814227]: 2022-04-04T21:03:28.229Z [127.0.0.1 -> streamer-controller.magmasi.wavelabs.in,8443] "POST /magma.orc8r.Streamer/GetUpdates HTTP/2" 200 173bytes 0.520s
Apr  4 21:03:28 localhost policydb[2814134]: INFO:root:Processing 4 policy updates (resync=True)
Apr  4 21:03:29 localhost control_proxy[2814227]: 2022-04-04T21:03:28.229Z [127.0.0.1 -> streamer-controller.magmasi.wavelabs.in,8443] "POST /magma.orc8r.Streamer/GetUpdates HTTP/2" 200 7bytes 0.269s
Apr  4 21:03:29 localhost policydb[2814134]: INFO:root:Processing 0 basename -> policy updates
Apr  4 21:03:29 localhost control_proxy[2814227]: 2022-04-04T21:03:29.025Z [127.0.0.1 -> streamer-controller.magmasi.wavelabs.in,8443] "POST /magma.orc8r.Streamer/GetUpdates HTTP/2" 200 13513bytes 0.297s
Apr  4 21:03:29 localhost policydb[2814134]: INFO:root:Processing 222 SID -> apn -> policy updates
Apr  4 21:03:29 localhost control_proxy[2814227]: 2022-04-04T21:03:29.025Z [127.0.0.1 -> streamer-controller.magmasi.wavelabs.in,8443] "POST /magma.orc8r.Streamer/GetUpdates HTTP/2" 200 7bytes 0.275s
Apr  4 21:03:29 localhost policydb[2814134]: INFO:root:Processing 0 rating group updates
Apr  4 21:03:29 localhost sctpd[2814340]: I0404 21:03:29.692430 2814785 sctp_connection.cpp:195] Unhandled notification type 32777
Apr  4 21:03:29 localhost sctpd[2814340]: I0404 21:03:29.929103 2814785 sctp_connection.cpp:195] Unhandled notification type 32777
Apr  4 21:03:30 localhost sctpd[2814340]: I0404 21:03:30.046509 2814785 sctp_connection.cpp:195] Unhandled notification type 32777
Apr  4 21:03:30 localhost mme[2814743]: [DEBUG] Sending S6A-UPDATE_LOCATION_REQUEST with IMSI: 222700000000001
Apr  4 21:03:30 localhost mme[2814743]: [INFO] Received S6A-LOCATION-UPDATE_ANSWER for IMSI: 222700000000001; Status: ; StatusCode: 2001
Apr  4 21:03:30 localhost mme[2814743]: [INFO] sent itti S6A-LOCATION-UPDATE_ANSWER for IMSI: 222700000000001
Apr  4 21:03:30 localhost sctpd[2814340]: I0404 21:03:30.162535 2814785 sctp_connection.cpp:195] Unhandled notification type 32777
Apr  4 21:03:30 localhost mobilityd[2814061]: INFO:root:Allocated IP 192.168.128.82 for sid IMSI222700000000001 for apn default
Apr  4 21:03:30 localhost policydb[2814134]: INFO:root:Creating a session for subscriber ID: IMSI222700000000001
Apr  4 21:03:30 localhost sessiond[2814068]: I0404 21:03:30.397430 2814068 SetMessageManagerHandler.cpp:342] Processing a CreateSessionResponse for IMSI222700000000001-559584
Apr  4 21:03:30 localhost sessiond[2814068]: I0404 21:03:30.398032 2814068 SessionState.cpp:2774] RuleID allowlist_sid-IMSI222700000000001-default doesn't have a version registered for IMSI222700000000001-559584, this is unexpected
Apr  4 21:03:30 localhost mme[2814743]: PDUSessionResourceSetupRequestTransfer ::= {
Apr  4 21:03:30 localhost mme[2814743]:     protocolIEs: ProtocolIE-Container ::= {
Apr  4 21:03:30 localhost mme[2814743]:         PDUSessionResourceSetupRequestTransferIEs ::= {
Apr  4 21:03:30 localhost mme[2814743]:             id: 130
Apr  4 21:03:30 localhost mme[2814743]:             criticality: 0 (reject)
Apr  4 21:03:30 localhost mme[2814743]:             value: PDUSessionAggregateMaximumBitRate ::= {
Apr  4 21:03:30 localhost mme[2814743]:                 pDUSessionAggregateMaximumBitRateDL: 100000000
Apr  4 21:03:30 localhost mme[2814743]:                 pDUSessionAggregateMaximumBitRateUL: 100000000
Apr  4 21:03:30 localhost mme[2814743]:             }
Apr  4 21:03:30 localhost mme[2814743]:         }
Apr  4 21:03:30 localhost mme[2814743]:         PDUSessionResourceSetupRequestTransferIEs ::= {
Apr  4 21:03:30 localhost mme[2814743]:             id: 139
Apr  4 21:03:30 localhost mme[2814743]:             criticality: 0 (reject)
Apr  4 21:03:30 localhost mme[2814743]:             value: GTPTunnel ::= {
Apr  4 21:03:30 localhost mme[2814743]:                 transportLayerAddress: AC 10 05 79
Apr  4 21:03:30 localhost mme[2814743]:                 gTP-TEID: 80 00 00 07
Apr  4 21:03:30 localhost mme[2814743]:             }
Apr  4 21:03:30 localhost mme[2814743]:         }
Apr  4 21:03:30 localhost mme[2814743]:         PDUSessionResourceSetupRequestTransferIEs ::= {
Apr  4 21:03:30 localhost mme[2814743]:             id: 134
Apr  4 21:03:30 localhost mme[2814743]:             criticality: 0 (reject)
Apr  4 21:03:30 localhost mme[2814743]:             value: 0 (ipv4)
Apr  4 21:03:30 localhost mme[2814743]:         }
Apr  4 21:03:30 localhost mme[2814743]:         PDUSessionResourceSetupRequestTransferIEs ::= {
Apr  4 21:03:30 localhost mme[2814743]:             id: 136
Apr  4 21:03:30 localhost mme[2814743]:             criticality: 0 (reject)
Apr  4 21:03:30 localhost mme[2814743]:             value: QosFlowSetupRequestList ::= {
Apr  4 21:03:30 localhost mme[2814743]:                 QosFlowSetupRequestItem ::= {
Apr  4 21:03:30 localhost mme[2814743]:                     qosFlowIdentifier: 9
Apr  4 21:03:30 localhost mme[2814743]:                     qosFlowLevelQosParameters: QosFlowLevelQosParameters ::= {
Apr  4 21:03:30 localhost mme[2814743]:                         qosCharacteristics: NonDynamic5QIDescriptor ::= {
Apr  4 21:03:30 localhost mme[2814743]:                             fiveQI: 9
Apr  4 21:03:30 localhost mme[2814743]:                         }
Apr  4 21:03:30 localhost mme[2814743]:                         allocationAndRetentionPriority: AllocationAndRetentionPriority ::= {
Apr  4 21:03:30 localhost mme[2814743]:                             priorityLevelARP: 15
Apr  4 21:03:30 localhost mme[2814743]:                             pre-emptionCapability: 0 (shall-not-trigger-pre-emption)
Apr  4 21:03:30 localhost mme[2814743]:                             pre-emptionVulnerability: 0 (not-pre-emptable)
Apr  4 21:03:30 localhost mme[2814743]:                         }
Apr  4 21:03:30 localhost mme[2814743]:                     }
Apr  4 21:03:30 localhost mme[2814743]:                 }
Apr  4 21:03:30 localhost mme[2814743]:             }
Apr  4 21:03:30 localhost mme[2814743]:         }
Apr  4 21:03:30 localhost mme[2814743]:     }
Apr  4 21:03:30 localhost mme[2814743]: }
Apr  4 21:03:30 localhost sctpd[2814340]: I0404 21:03:30.607105 2814785 sctp_connection.cpp:195] Unhandled notification type 32777
Apr  4 21:03:30 localhost smsd[2814155]: INFO:root:mme non_eps_service_config is not SMS_ORC8R, sleeping.
Apr  4 21:03:32 localhost dhclient[601]: DHCPREQUEST for 172.16.5.121 on eth1 to 172.16.5.2 port 67 (xid=0x25c866c5)
Apr  4 21:03:35 localhost smsd[2814155]: INFO:root:mme non_eps_service_config is not SMS_ORC8R, sleeping.
Apr  4 21:03:39 localhost mobilityd[2814061]: INFO:root:Using GW info: {'default': {2: ('172.16.4.1', 'eth0')}, 2: [('172.16.4.1', 'eth0', True)]}
Apr  4 21:03:39 localhost mobilityd[2814061]: INFO:root:GW-v6 probe: timer started
Apr  4 21:03:39 localhost magmad[2813991]: ERROR:root:Metrics upload error for service subscriberdb (chunk 0)! [StatusCode.DEADLINE_EXCEEDED] Deadline Exceeded
Apr  4 21:03:39 localhost magmad[2813991]: ERROR:root:Metrics upload error for service mobilityd (chunk 0)! [StatusCode.DEADLINE_EXCEEDED] Deadline Exceeded
Apr  4 21:03:39 localhost magmad[2813991]: ERROR:root:Metrics upload error for service mme (chunk 0)! [StatusCode.DEADLINE_EXCEEDED] Deadline Exceeded
Apr  4 21:03:40 localhost magmad[2813991]: ERROR:root:Metrics upload error for service magmad (chunk 0)! [StatusCode.DEADLINE_EXCEEDED] Deadline Exceeded
Apr  4 21:03:40 localhost magmad[2813991]: ERROR:root:Metrics upload error for service enodebd (chunk 0)! [StatusCode.DEADLINE_EXCEEDED] Deadline Exceeded
Apr  4 21:03:40 localhost magmad[2813991]: ERROR:root:Metrics upload error for service pipelined (chunk 0)! [StatusCode.DEADLINE_EXCEEDED] Deadline Exceeded
Apr  4 21:03:40 localhost magmad[2813991]: ERROR:root:Metrics upload error for service state (chunk 0)! [StatusCode.DEADLINE_EXCEEDED] Deadline Exceeded
Apr  4 21:03:40 localhost magmad[2813991]: ERROR:root:Metrics upload error for service sessiond (chunk 0)! [StatusCode.DEADLINE_EXCEEDED] Deadline Exceeded
Apr  4 21:03:40 localhost smsd[2814155]: INFO:root:mme non_eps_service_config is not SMS_ORC8R, sleeping.
Apr  4 21:03:45 localhost dhclient[601]: DHCPREQUEST for 172.16.5.121 on eth1 to 172.16.5.2 port 67 (xid=0x25c866c5)
Apr  4 21:03:45 localhost smsd[2814155]: INFO:root:mme non_eps_service_config is not SMS_ORC8R, sleeping.
Apr  4 21:03:47 localhost sctpd[2814340]: I0404 21:03:47.085144 2814785 sctp_connection.cpp:195] Unhandled notification type 32776
Apr  4 21:03:48 localhost sctpd[2814340]: I0404 21:03:48.150091 2814785 sctp_connection.cpp:195] Unhandled notification type 32777
Apr  4 21:03:50 localhost smsd[2814155]: INFO:root:mme non_eps_service_config is not SMS_ORC8R, sleeping.
Apr  4 21:03:55 localhost smsd[2814155]: INFO:root:mme non_eps_service_config is not SMS_ORC8R, sleeping.
Apr  4 21:03:58 localhost dhclient[601]: DHCPREQUEST for 172.16.5.121 on eth1 to 172.16.5.2 port 67 (xid=0x25c866c5)
Apr  4 21:03:59 localhost mobilityd[2814061]: INFO:root:Using GW info: {'default': {2: ('172.16.4.1', 'eth0')}, 2: [('172.16.4.1', 'eth0', True)]}
Apr  4 21:03:59 localhost mobilityd[2814061]: INFO:root:GW-v6 probe: timer started
Apr  4 21:03:59 localhost magmad[2813991]: INFO:root:[SyncRPC] Got heartBeat from cloud
Apr  4 21:04:01 localhost smsd[2814155]: INFO:root:mme non_eps_service_config is not SMS_ORC8R, sleeping.
Apr  4 21:04:06 localhost smsd[2814155]: INFO:root:mme non_eps_service_config is not SMS_ORC8R, sleeping.
Apr  4 21:04:09 localhost sctpd[2814340]: I0404 21:04:09.897974 2814785 sctp_connection.cpp:195] Unhandled notification type 32776
Apr  4 21:04:10 localhost sctpd[2814340]: I0404 21:04:10.956236 2814785 sctp_connection.cpp:195] Unhandled notification type 32777
Apr  4 21:04:11 localhost smsd[2814155]: INFO:root:mme non_eps_service_config is not SMS_ORC8R, sleeping.
Apr  4 21:04:11 localhost magmad[2813991]: INFO:root:Setting logging level to INFO
Apr  4 21:04:12 localhost dhclient[601]: DHCPREQUEST for 172.16.5.121 on eth1 to 172.16.5.2 port 67 (xid=0x25c866c5)
Apr  4 21:04:16 localhost smsd[2814155]: INFO:root:mme non_eps_service_config is not SMS_ORC8R, sleeping.
Apr  4 21:04:19 localhost mobilityd[2814061]: INFO:root:Using GW info: {'default': {2: ('172.16.4.1', 'eth0')}, 2: [('172.16.4.1', 'eth0', True)]}
Apr  4 21:04:19 localhost mobilityd[2814061]: INFO:root:GW-v6 probe: timer started
Apr  4 21:04:21 localhost smsd[2814155]: INFO:root:mme non_eps_service_config is not SMS_ORC8R, sleeping.
Apr  4 21:04:26 localhost smsd[2814155]: INFO:root:mme non_eps_service_config is not SMS_ORC8R, sleeping.
Apr  4 21:04:30 localhost control_proxy[2814227]: 2022-04-04T21:04:29.576Z [127.0.0.1 -> streamer-controller.magmasi.wavelabs.in,8443] "POST /magma.orc8r.Streamer/GetUpdates HTTP/2" 200 173bytes 0.732s
Apr  4 21:04:30 localhost policydb[2814134]: INFO:root:Processing 4 policy updates (resync=True)
Apr  4 21:04:30 localhost control_proxy[2814227]: 2022-04-04T21:04:29.576Z [127.0.0.1 -> state-controller.magmasi.wavelabs.in,8443] "POST /magma.orc8r.StateService/ReportStates HTTP/2" 200 5bytes 0.794s
Apr  4 21:04:30 localhost magmad[2813991]: INFO:root:Checkin Successful! Successfully sent states to the cloud!
Apr  4 21:04:30 localhost control_proxy[2814227]: 2022-04-04T21:04:30.402Z [127.0.0.1 -> streamer-controller.magmasi.wavelabs.in,8443] "POST /magma.orc8r.Streamer/GetUpdates HTTP/2" 200 7bytes 0.340s
Apr  4 21:04:30 localhost policydb[2814134]: INFO:root:Processing 0 basename -> policy updates
Apr  4 21:04:31 localhost control_proxy[2814227]: 2022-04-04T21:04:30.402Z [127.0.0.1 -> streamer-controller.magmasi.wavelabs.in,8443] "POST /magma.orc8r.Streamer/GetUpdates HTTP/2" 200 13513bytes 0.359s
Apr  4 21:04:31 localhost policydb[2814134]: INFO:root:Processing 222 SID -> apn -> policy updates
Apr  4 21:04:31 localhost smsd[2814155]: INFO:root:mme non_eps_service_config is not SMS_ORC8R, sleeping.
Apr  4 21:04:31 localhost control_proxy[2814227]: 2022-04-04T21:04:31.114Z [127.0.0.1 -> streamer-controller.magmasi.wavelabs.in,8443] "POST /magma.orc8r.Streamer/GetUpdates HTTP/2" 200 7bytes 0.304s
Apr  4 21:04:31 localhost policydb[2814134]: INFO:root:Processing 0 rating group updates
Apr  4 21:04:31 localhost dhclient[601]: DHCPREQUEST for 172.16.5.121 on eth1 to 172.16.5.2 port 67 (xid=0x25c866c5)
Apr  4 21:04:32 localhost sctpd[2814340]: I0404 21:04:32.821786 2814785 sctp_connection.cpp:195] Unhandled notification type 32776
Apr  4 21:04:33 localhost sctpd[2814340]: I0404 21:04:33.884061 2814785 sctp_connection.cpp:195] Unhandled notification type 32777
Apr  4 21:04:36 localhost smsd[2814155]: INFO:root:mme non_eps_service_config is not SMS_ORC8R, sleeping.
Apr  4 21:04:39 localhost mobilityd[2814061]: INFO:root:Using GW info: {'default': {2: ('172.16.4.1', 'eth0')}, 2: [('172.16.4.1', 'eth0', True)]}
Apr  4 21:04:39 localhost mobilityd[2814061]: INFO:root:GW-v6 probe: timer started
Apr  4 21:04:39 localhost magmad[2813991]: ERROR:root:Metrics upload error for service subscriberdb (chunk 0)! [StatusCode.DEADLINE_EXCEEDED] Deadline Exceeded
Apr  4 21:04:39 localhost magmad[2813991]: ERROR:root:Metrics upload error for service mobilityd (chunk 0)! [StatusCode.DEADLINE_EXCEEDED] Deadline Exceeded
Apr  4 21:04:39 localhost magmad[2813991]: ERROR:root:Metrics upload error for service mme (chunk 0)! [StatusCode.DEADLINE_EXCEEDED] Deadline Exceeded
Apr  4 21:04:41 localhost smsd[2814155]: INFO:root:mme non_eps_service_config is not SMS_ORC8R, sleeping.
Apr  4 21:04:41 localhost dhclient[601]: DHCPREQUEST for 172.16.5.121 on eth1 to 172.16.5.2 port 67 (xid=0x25c866c5)
Apr  4 21:04:46 localhost smsd[2814155]: INFO:root:mme non_eps_service_config is not SMS_ORC8R, sleeping.
Apr  4 21:04:48 localhost dhclient[601]: DHCPREQUEST for 172.16.5.121 on eth1 to 172.16.5.2 port 67 (xid=0x25c866c5)
Apr  4 21:04:51 localhost smsd[2814155]: INFO:root:mme non_eps_service_config is not SMS_ORC8R, sleeping.
Apr  4 21:04:56 localhost smsd[2814155]: INFO:root:mme non_eps_service_config is not SMS_ORC8R, sleeping.
Apr  4 21:04:57 localhost dhclient[601]: DHCPREQUEST for 172.16.5.121 on eth1 to 172.16.5.2 port 67 (xid=0x25c866c5)
Apr  4 21:04:59 localhost mobilityd[2814061]: INFO:root:Using GW info: {'default': {2: ('172.16.4.1', 'eth0')}, 2: [('172.16.4.1', 'eth0', True)]}
Apr  4 21:04:59 localhost mobilityd[2814061]: INFO:root:GW-v6 probe: timer started
Apr  4 21:04:59 localhost magmad[2813991]: ERROR:root:Metrics upload error for service magmad (chunk 0)! [StatusCode.DEADLINE_EXCEEDED] Deadline Exceeded
Apr  4 21:04:59 localhost magmad[2813991]: ERROR:root:Metrics upload error for service enodebd (chunk 0)! [StatusCode.DEADLINE_EXCEEDED] Deadline Exceeded
Apr  4 21:04:59 localhost magmad[2813991]: ERROR:root:Metrics upload error for service pipelined (chunk 0)! [StatusCode.DEADLINE_EXCEEDED] Deadline Exceeded
Apr  4 21:04:59 localhost magmad[2813991]: ERROR:root:Metrics upload error for service state (chunk 0)! [StatusCode.DEADLINE_EXCEEDED] Deadline Exceeded
Apr  4 21:04:59 localhost magmad[2813991]: ERROR:root:Metrics upload error for service sessiond (chunk 0)! [StatusCode.DEADLINE_EXCEEDED] Deadline Exceeded
Apr  4 21:04:59 localhost magmad[2813991]: INFO:root:[SyncRPC] Got heartBeat from cloud
Apr  4 21:05:00 localhost control_proxy[2814227]: 2022-04-04T21:04:00.589Z [127.0.0.1 -> streamer-controller.magmasi.wavelabs.in,8443] "POST /magma.orc8r.Streamer/GetUpdates HTTP/2" 200 0bytes 60.253s
Apr  4 21:05:00 localhost magmad[2813991]: ERROR:root:Error! Streaming from the cloud failed! [StatusCode.ABORTED] error while streaming updates: rpc error: code = DeadlineExceeded desc = context deadline exceeded
Apr  4 21:05:01 localhost smsd[2814155]: INFO:root:mme non_eps_service_config is not SMS_ORC8R, sleeping.
Apr  4 21:05:06 localhost smsd[2814155]: INFO:root:mme non_eps_service_config is not SMS_ORC8R, sleeping.
Apr  4 21:05:07 localhost dhclient[601]: DHCPREQUEST for 172.16.5.121 on eth1 to 172.16.5.2 port 67 (xid=0x25c866c5)
Apr  4 21:05:11 localhost smsd[2814155]: INFO:root:mme non_eps_service_config is not SMS_ORC8R, sleeping.
Apr  4 21:05:16 localhost smsd[2814155]: INFO:root:mme non_eps_service_config is not SMS_ORC8R, sleeping.
Apr  4 21:05:19 localhost mobilityd[2814061]: INFO:root:Using GW info: {'default': {2: ('172.16.4.1', 'eth0')}, 2: [('172.16.4.1', 'eth0', True)]}
Apr  4 21:05:19 localhost mobilityd[2814061]: INFO:root:GW-v6 probe: timer started
Apr  4 21:05:20 localhost sctpd[2814340]: I0404 21:05:20.684760 2814785 sctp_connection.cpp:195] Unhandled notification type 32776
Apr  4 21:05:20 localhost sctpd[2814340]: I0404 21:05:20.813282 2814785 sctp_connection.cpp:195] Unhandled notification type 32776
Apr  4 21:05:21 localhost smsd[2814155]: INFO:root:mme non_eps_service_config is not SMS_ORC8R, sleeping.
Apr  4 21:05:21 localhost sctpd[2814340]: I0404 21:05:21.867393 2814785 sctp_connection.cpp:195] Unhandled notification type 32777
Apr  4 21:05:21 localhost sctpd[2814340]: I0404 21:05:21.976379 2814785 sctp_connection.cpp:195] Unhandled notification type 32777
Apr  4 21:05:22 localhost sessiond[2814068]: I0404 21:05:22.091625 2814068 SetMessageManagerHandler.cpp:142] Release request for session from IMSI: IMSI222700000000001 pdu_id 1
Apr  4 21:05:22 localhost mobilityd[2814061]: INFO:root:Released IP 192.168.128.82 for sid IMSI222700000000001
Apr  4 21:05:22 localhost sctpd[2814340]: I0404 21:05:22.196884 2814785 sctp_connection.cpp:195] Unhandled notification type 32777
Apr  4 21:05:22 localhost sctpd[2814340]: I0404 21:05:22.311426 2814785 sctp_connection.cpp:195] Unhandled notification type 32777
Apr  4 21:05:22 localhost mme[2814743]: [DEBUG] Sending S6A-UPDATE_LOCATION_REQUEST with IMSI: 222700000000001
