May 13 14:42:46 localhost smsd[363358]: INFO:root:mme non_eps_service_config is not SMS_ORC8R, sleeping.
May 13 14:42:46 localhost subscriberdb[363268]: INFO:root:update root digest stored in gateway:
May 13 14:42:50 localhost control_proxy[363413]: 2022-05-13T14:42:50.098Z [127.0.0.1 -> state-controller.magmasi.wavelabs.in,8443] "POST /magma.orc8r.StateService/ReportStates HTTP/2" 200 5bytes 0.378s
May 13 14:42:50 localhost magmad[363199]: INFO:root:Checkin Successful! Successfully sent states to the cloud!
May 13 14:42:51 localhost smsd[363358]: INFO:root:mme non_eps_service_config is not SMS_ORC8R, sleeping.
May 13 14:42:56 localhost smsd[363358]: INFO:root:mme non_eps_service_config is not SMS_ORC8R, sleeping.
May 13 14:42:59 localhost mobilityd[363270]: INFO:root:Using GW info: {'default': {2: ('172.16.4.1', 'eth0')}, 2: [('172.16.4.1', 'eth0', True)]}
May 13 14:42:59 localhost mobilityd[363270]: INFO:root:GW-v6 probe: timer started
May 13 14:43:01 localhost smsd[363358]: INFO:root:mme non_eps_service_config is not SMS_ORC8R, sleeping.
May 13 14:43:01 localhost sctpd[363537]: I0513 14:43:01.600328 364035 sctp_connection.cpp:195] Unhandled notification type 32776
May 13 14:43:06 localhost smsd[363358]: INFO:root:mme non_eps_service_config is not SMS_ORC8R, sleeping.
May 13 14:43:09 localhost control_proxy[363413]: 2022-05-13T14:43:08.670Z [127.0.0.1 -> streamer-controller.magmasi.wavelabs.in,8443] "POST /magma.orc8r.Streamer/GetUpdates HTTP/2" 200 173bytes 0.535s
May 13 14:43:09 localhost policydb[363344]: INFO:root:Processing 4 policy updates (resync=True)
May 13 14:43:09 localhost control_proxy[363413]: 2022-05-13T14:43:09.210Z [127.0.0.1 -> streamer-controller.magmasi.wavelabs.in,8443] "POST /magma.orc8r.Streamer/GetUpdates HTTP/2" 200 7bytes 0.284s
May 13 14:43:09 localhost policydb[363344]: INFO:root:Processing 0 basename -> policy updates
May 13 14:43:09 localhost control_proxy[363413]: 2022-05-13T14:43:09.210Z [127.0.0.1 -> streamer-controller.magmasi.wavelabs.in,8443] "POST /magma.orc8r.Streamer/GetUpdates HTTP/2" 200 13536bytes 0.301s
May 13 14:43:09 localhost policydb[363344]: INFO:root:Processing 223 SID -> apn -> policy updates
May 13 14:43:10 localhost control_proxy[363413]: 2022-05-13T14:43:09.210Z [127.0.0.1 -> streamer-controller.magmasi.wavelabs.in,8443] "POST /magma.orc8r.Streamer/GetUpdates HTTP/2" 200 7bytes 0.275s
May 13 14:43:10 localhost policydb[363344]: INFO:root:Processing 0 rating group updates
May 13 14:43:11 localhost smsd[363358]: INFO:root:mme non_eps_service_config is not SMS_ORC8R, sleeping.
May 13 14:43:16 localhost smsd[363358]: INFO:root:mme non_eps_service_config is not SMS_ORC8R, sleeping.
May 13 14:43:19 localhost magmad[363199]: ERROR:root:Metrics upload error for service subscriberdb (chunk 0)! [StatusCode.DEADLINE_EXCEEDED] Deadline Exceeded
May 13 14:43:19 localhost magmad[363199]: ERROR:root:Metrics upload error for service mobilityd (chunk 0)! [StatusCode.DEADLINE_EXCEEDED] Deadline Exceeded
May 13 14:43:19 localhost magmad[363199]: ERROR:root:Metrics upload error for service mme (chunk 0)! [StatusCode.DEADLINE_EXCEEDED] Deadline Exceeded
May 13 14:43:19 localhost magmad[363199]: ERROR:root:Metrics upload error for service magmad (chunk 0)! [StatusCode.DEADLINE_EXCEEDED] Deadline Exceeded
May 13 14:43:19 localhost magmad[363199]: ERROR:root:Metrics upload error for service enodebd (chunk 0)! [StatusCode.DEADLINE_EXCEEDED] Deadline Exceeded
May 13 14:43:19 localhost magmad[363199]: ERROR:root:Metrics upload error for service pipelined (chunk 0)! [StatusCode.DEADLINE_EXCEEDED] Deadline Exceeded
May 13 14:43:19 localhost magmad[363199]: ERROR:root:Metrics upload error for service state (chunk 0)! [StatusCode.DEADLINE_EXCEEDED] Deadline Exceeded
May 13 14:43:19 localhost magmad[363199]: ERROR:root:Metrics upload error for service sessiond (chunk 0)! [StatusCode.DEADLINE_EXCEEDED] Deadline Exceeded
May 13 14:43:19 localhost mobilityd[363270]: INFO:root:Using GW info: {'default': {2: ('172.16.4.1', 'eth0')}, 2: [('172.16.4.1', 'eth0', True)]}
May 13 14:43:19 localhost mobilityd[363270]: INFO:root:GW-v6 probe: timer started
May 13 14:43:21 localhost smsd[363358]: INFO:root:mme non_eps_service_config is not SMS_ORC8R, sleeping.
May 13 14:43:26 localhost smsd[363358]: INFO:root:mme non_eps_service_config is not SMS_ORC8R, sleeping.
May 13 14:43:29 localhost sctpd[363537]: I0513 14:43:29.494460 364035 sctp_connection.cpp:195] Unhandled notification type 32776
May 13 14:43:31 localhost smsd[363358]: INFO:root:mme non_eps_service_config is not SMS_ORC8R, sleeping.
May 13 14:43:36 localhost smsd[363358]: INFO:root:mme non_eps_service_config is not SMS_ORC8R, sleeping.
May 13 14:43:39 localhost magmad[363199]: INFO:root:[SyncRPC] Got heartBeat from cloud
May 13 14:43:39 localhost mobilityd[363270]: INFO:root:Using GW info: {'default': {2: ('172.16.4.1', 'eth0')}, 2: [('172.16.4.1', 'eth0', True)]}
May 13 14:43:39 localhost mobilityd[363270]: INFO:root:GW-v6 probe: timer started
May 13 14:43:41 localhost smsd[363358]: INFO:root:mme non_eps_service_config is not SMS_ORC8R, sleeping.
May 13 14:43:46 localhost smsd[363358]: INFO:root:mme non_eps_service_config is not SMS_ORC8R, sleeping.
May 13 14:43:51 localhost magmad[363199]: INFO:root:Setting logging level to INFO
May 13 14:43:51 localhost smsd[363358]: INFO:root:mme non_eps_service_config is not SMS_ORC8R, sleeping.
May 13 14:43:56 localhost smsd[363358]: INFO:root:mme non_eps_service_config is not SMS_ORC8R, sleeping.
May 13 14:43:57 localhost sctpd[363537]: I0513 14:43:57.463193 364035 sctp_connection.cpp:195] Unhandled notification type 32776
May 13 14:43:59 localhost mobilityd[363270]: INFO:root:Using GW info: {'default': {2: ('172.16.4.1', 'eth0')}, 2: [('172.16.4.1', 'eth0', True)]}
May 13 14:43:59 localhost mobilityd[363270]: INFO:root:GW-v6 probe: timer started
May 13 14:44:01 localhost smsd[363358]: INFO:root:mme non_eps_service_config is not SMS_ORC8R, sleeping.
May 13 14:44:06 localhost smsd[363358]: INFO:root:mme non_eps_service_config is not SMS_ORC8R, sleeping.
May 13 14:44:09 localhost control_proxy[363413]: 2022-05-13T14:44:09.615Z [127.0.0.1 -> state-controller.magmasi.wavelabs.in,8443] "POST /magma.orc8r.StateService/ReportStates HTTP/2" 200 5bytes 0.293s
May 13 14:44:09 localhost magmad[363199]: INFO:root:Checkin Successful! Successfully sent states to the cloud!
May 13 14:44:10 localhost control_proxy[363413]: 2022-05-13T14:44:10.128Z [127.0.0.1 -> streamer-controller.magmasi.wavelabs.in,8443] "POST /magma.orc8r.Streamer/GetUpdates HTTP/2" 200 173bytes 0.315s
May 13 14:44:10 localhost policydb[363344]: INFO:root:Processing 4 policy updates (resync=True)
May 13 14:44:10 localhost control_proxy[363413]: 2022-05-13T14:44:10.128Z [127.0.0.1 -> streamer-controller.magmasi.wavelabs.in,8443] "POST /magma.orc8r.Streamer/GetUpdates HTTP/2" 200 7bytes 0.281s
May 13 14:44:10 localhost policydb[363344]: INFO:root:Processing 0 basename -> policy updates
May 13 14:44:11 localhost control_proxy[363413]: 2022-05-13T14:44:10.128Z [127.0.0.1 -> streamer-controller.magmasi.wavelabs.in,8443] "POST /magma.orc8r.Streamer/GetUpdates HTTP/2" 200 13536bytes 0.312s
May 13 14:44:11 localhost policydb[363344]: INFO:root:Processing 223 SID -> apn -> policy updates
May 13 14:44:11 localhost control_proxy[363413]: 2022-05-13T14:44:11.055Z [127.0.0.1 -> streamer-controller.magmasi.wavelabs.in,8443] "POST /magma.orc8r.Streamer/GetUpdates HTTP/2" 200 7bytes 0.278s
May 13 14:44:11 localhost policydb[363344]: INFO:root:Processing 0 rating group updates
May 13 14:44:11 localhost smsd[363358]: INFO:root:mme non_eps_service_config is not SMS_ORC8R, sleeping.
May 13 14:44:16 localhost smsd[363358]: INFO:root:mme non_eps_service_config is not SMS_ORC8R, sleeping.
May 13 14:44:19 localhost magmad[363199]: ERROR:root:Metrics upload error for service subscriberdb (chunk 0)! [StatusCode.DEADLINE_EXCEEDED] Deadline Exceeded
May 13 14:44:19 localhost magmad[363199]: ERROR:root:Metrics upload error for service mobilityd (chunk 0)! [StatusCode.DEADLINE_EXCEEDED] Deadline Exceeded
May 13 14:44:19 localhost magmad[363199]: ERROR:root:Metrics upload error for service mme (chunk 0)! [StatusCode.DEADLINE_EXCEEDED] Deadline Exceeded
May 13 14:44:19 localhost magmad[363199]: ERROR:root:Metrics upload error for service magmad (chunk 0)! [StatusCode.DEADLINE_EXCEEDED] Deadline Exceeded
May 13 14:44:19 localhost magmad[363199]: ERROR:root:Metrics upload error for service enodebd (chunk 0)! [StatusCode.DEADLINE_EXCEEDED] Deadline Exceeded
May 13 14:44:19 localhost magmad[363199]: ERROR:root:Metrics upload error for service pipelined (chunk 0)! [StatusCode.DEADLINE_EXCEEDED] Deadline Exceeded
May 13 14:44:19 localhost mobilityd[363270]: INFO:root:Using GW info: {'default': {2: ('172.16.4.1', 'eth0')}, 2: [('172.16.4.1', 'eth0', True)]}
May 13 14:44:19 localhost mobilityd[363270]: INFO:root:GW-v6 probe: timer started
May 13 14:44:19 localhost magmad[363199]: ERROR:root:Metrics upload error for service state (chunk 0)! [StatusCode.DEADLINE_EXCEEDED] Deadline Exceeded
May 13 14:44:19 localhost magmad[363199]: ERROR:root:Metrics upload error for service sessiond (chunk 0)! [StatusCode.DEADLINE_EXCEEDED] Deadline Exceeded
May 13 14:44:22 localhost smsd[363358]: INFO:root:mme non_eps_service_config is not SMS_ORC8R, sleeping.
May 13 14:44:25 localhost sctpd[363537]: I0513 14:44:25.510653 364035 sctp_connection.cpp:195] Unhandled notification type 32776
May 13 14:44:27 localhost smsd[363358]: INFO:root:mme non_eps_service_config is not SMS_ORC8R, sleeping.
May 13 14:44:37 localhost smsd[363358]: message repeated 2 times: [ INFO:root:mme non_eps_service_config is not SMS_ORC8R, sleeping.]
May 13 14:44:39 localhost magmad[363199]: INFO:root:[SyncRPC] Got heartBeat from cloud
May 13 14:44:39 localhost mobilityd[363270]: INFO:root:Using GW info: {'default': {2: ('172.16.4.1', 'eth0')}, 2: [('172.16.4.1', 'eth0', True)]}
May 13 14:44:39 localhost mobilityd[363270]: INFO:root:GW-v6 probe: timer started
May 13 14:44:41 localhost control_proxy[363413]: 2022-05-13T14:43:40.919Z [127.0.0.1 -> streamer-controller.magmasi.wavelabs.in,8443] "POST /magma.orc8r.Streamer/GetUpdates HTTP/2" 200 0bytes 60.270s
May 13 14:44:41 localhost magmad[363199]: ERROR:root:Error! Streaming from the cloud failed! [StatusCode.ABORTED] error while streaming updates: rpc error: code = DeadlineExceeded desc = context deadline exceeded
May 13 14:44:42 localhost smsd[363358]: INFO:root:mme non_eps_service_config is not SMS_ORC8R, sleeping.
May 13 14:44:47 localhost smsd[363358]: INFO:root:mme non_eps_service_config is not SMS_ORC8R, sleeping.
May 13 14:44:49 localhost sctpd[363537]: I0513 14:44:49.585325 364035 sctp_connection.cpp:195] Unhandled notification type 32776
May 13 14:44:52 localhost smsd[363358]: INFO:root:mme non_eps_service_config is not SMS_ORC8R, sleeping.
May 13 14:44:57 localhost smsd[363358]: INFO:root:mme non_eps_service_config is not SMS_ORC8R, sleeping.
May 13 14:44:59 localhost mobilityd[363270]: INFO:root:Using GW info: {'default': {2: ('172.16.4.1', 'eth0')}, 2: [('172.16.4.1', 'eth0', True)]}
May 13 14:44:59 localhost mobilityd[363270]: INFO:root:GW-v6 probe: timer started
May 13 14:45:02 localhost smsd[363358]: INFO:root:mme non_eps_service_config is not SMS_ORC8R, sleeping.
May 13 14:45:07 localhost smsd[363358]: INFO:root:mme non_eps_service_config is not SMS_ORC8R, sleeping.
May 13 14:45:10 localhost magmad[363199]: INFO:root:Setting logging level to INFO
May 13 14:45:11 localhost control_proxy[363413]: 2022-05-13T14:45:11.388Z [127.0.0.1 -> streamer-controller.magmasi.wavelabs.in,8443] "POST /magma.orc8r.Streamer/GetUpdates HTTP/2" 200 173bytes 0.288s
May 13 14:45:11 localhost policydb[363344]: INFO:root:Processing 4 policy updates (resync=True)
May 13 14:45:11 localhost control_proxy[363413]: 2022-05-13T14:45:11.388Z [127.0.0.1 -> streamer-controller.magmasi.wavelabs.in,8443] "POST /magma.orc8r.Streamer/GetUpdates HTTP/2" 200 7bytes 0.289s
May 13 14:45:11 localhost policydb[363344]: INFO:root:Processing 0 basename -> policy updates
May 13 14:45:12 localhost smsd[363358]: INFO:root:mme non_eps_service_config is not SMS_ORC8R, sleeping.
May 13 14:45:12 localhost control_proxy[363413]: 2022-05-13T14:45:11.388Z [127.0.0.1 -> streamer-controller.magmasi.wavelabs.in,8443] "POST /magma.orc8r.Streamer/GetUpdates HTTP/2" 200 13536bytes 0.322s
May 13 14:45:12 localhost policydb[363344]: INFO:root:Processing 223 SID -> apn -> policy updates
May 13 14:45:12 localhost control_proxy[363413]: 2022-05-13T14:45:12.304Z [127.0.0.1 -> streamer-controller.magmasi.wavelabs.in,8443] "POST /magma.orc8r.Streamer/GetUpdates HTTP/2" 200 7bytes 0.279s
May 13 14:45:12 localhost policydb[363344]: INFO:root:Processing 0 rating group updates
May 13 14:45:17 localhost smsd[363358]: INFO:root:mme non_eps_service_config is not SMS_ORC8R, sleeping.
May 13 14:45:19 localhost mobilityd[363270]: INFO:root:Using GW info: {'default': {2: ('172.16.4.1', 'eth0')}, 2: [('172.16.4.1', 'eth0', True)]}
May 13 14:45:19 localhost mobilityd[363270]: INFO:root:GW-v6 probe: timer started
May 13 14:45:21 localhost sctpd[363537]: I0513 14:45:21.441486 364035 sctp_connection.cpp:195] Unhandled notification type 32776
May 13 14:45:22 localhost smsd[363358]: INFO:root:mme non_eps_service_config is not SMS_ORC8R, sleeping.
May 13 14:45:27 localhost smsd[363358]: INFO:root:mme non_eps_service_config is not SMS_ORC8R, sleeping.
May 13 14:45:29 localhost magmad[363199]: ERROR:root:Metrics upload error for service subscriberdb (chunk 0)! [StatusCode.DEADLINE_EXCEEDED] Deadline Exceeded
May 13 14:45:29 localhost magmad[363199]: ERROR:root:Metrics upload error for service mobilityd (chunk 0)! [StatusCode.DEADLINE_EXCEEDED] Deadline Exceeded
May 13 14:45:29 localhost magmad[363199]: ERROR:root:Metrics upload error for service mme (chunk 0)! [StatusCode.DEADLINE_EXCEEDED] Deadline Exceeded
May 13 14:45:29 localhost magmad[363199]: ERROR:root:Metrics upload error for service magmad (chunk 0)! [StatusCode.DEADLINE_EXCEEDED] Deadline Exceeded
May 13 14:45:29 localhost magmad[363199]: ERROR:root:Metrics upload error for service enodebd (chunk 0)! [StatusCode.DEADLINE_EXCEEDED] Deadline Exceeded
May 13 14:45:29 localhost magmad[363199]: ERROR:root:Metrics upload error for service pipelined (chunk 0)! [StatusCode.DEADLINE_EXCEEDED] Deadline Exceeded
May 13 14:45:29 localhost magmad[363199]: ERROR:root:Metrics upload error for service state (chunk 0)! [StatusCode.DEADLINE_EXCEEDED] Deadline Exceeded
May 13 14:45:29 localhost magmad[363199]: ERROR:root:Metrics upload error for service sessiond (chunk 0)! [StatusCode.DEADLINE_EXCEEDED] Deadline Exceeded
May 13 14:45:29 localhost magmad[363199]: INFO:root:Checking for upgrade...
May 13 14:45:29 localhost magmad[363199]: WARNING:root:magmad package_version config missing or set to default 0.0.0-0, skipping upgrade
May 13 14:45:29 localhost control_proxy[363413]: 2022-05-13T14:45:29.149Z [127.0.0.1 -> state-controller.magmasi.wavelabs.in,8443] "POST /magma.orc8r.StateService/ReportStates HTTP/2" 200 5bytes 0.537s
May 13 14:45:29 localhost magmad[363199]: INFO:root:Checkin Successful! Successfully sent states to the cloud!
May 13 14:45:32 localhost smsd[363358]: INFO:root:mme non_eps_service_config is not SMS_ORC8R, sleeping.
May 13 14:45:37 localhost smsd[363358]: INFO:root:mme non_eps_service_config is not SMS_ORC8R, sleeping.
May 13 14:45:39 localhost magmad[363199]: INFO:root:[SyncRPC] Got heartBeat from cloud
May 13 14:45:39 localhost mobilityd[363270]: INFO:root:Using GW info: {'default': {2: ('172.16.4.1', 'eth0')}, 2: [('172.16.4.1', 'eth0', True)]}
May 13 14:45:39 localhost mobilityd[363270]: INFO:root:GW-v6 probe: timer started
May 13 14:45:42 localhost smsd[363358]: INFO:root:mme non_eps_service_config is not SMS_ORC8R, sleeping.
May 13 14:45:43 localhost sctpd[363537]: I0513 14:45:43.437180 364035 sctp_connection.cpp:195] Unhandled notification type 32776
May 13 14:45:47 localhost smsd[363358]: INFO:root:mme non_eps_service_config is not SMS_ORC8R, sleeping.
May 13 14:45:57 localhost smsd[363358]: message repeated 2 times: [ INFO:root:mme non_eps_service_config is not SMS_ORC8R, sleeping.]
May 13 14:45:59 localhost mobilityd[363270]: INFO:root:Using GW info: {'default': {2: ('172.16.4.1', 'eth0')}, 2: [('172.16.4.1', 'eth0', True)]}
May 13 14:45:59 localhost mobilityd[363270]: INFO:root:GW-v6 probe: timer started
May 13 14:46:02 localhost smsd[363358]: INFO:root:mme non_eps_service_config is not SMS_ORC8R, sleeping.
May 13 14:46:12 localhost smsd[363358]: message repeated 2 times: [ INFO:root:mme non_eps_service_config is not SMS_ORC8R, sleeping.]
May 13 14:46:12 localhost control_proxy[363413]: 2022-05-13T14:46:12.645Z [127.0.0.1 -> streamer-controller.magmasi.wavelabs.in,8443] "POST /magma.orc8r.Streamer/GetUpdates HTTP/2" 200 173bytes 0.303s
May 13 14:46:12 localhost policydb[363344]: INFO:root:Processing 4 policy updates (resync=True)
May 13 14:46:13 localhost control_proxy[363413]: 2022-05-13T14:46:12.645Z [127.0.0.1 -> streamer-controller.magmasi.wavelabs.in,8443] "POST /magma.orc8r.Streamer/GetUpdates HTTP/2" 200 7bytes 0.326s
May 13 14:46:13 localhost policydb[363344]: INFO:root:Processing 0 basename -> policy updates
May 13 14:46:13 localhost control_proxy[363413]: 2022-05-13T14:46:13.279Z [127.0.0.1 -> streamer-controller.magmasi.wavelabs.in,8443] "POST /magma.orc8r.Streamer/GetUpdates HTTP/2" 200 13536bytes 0.311s
May 13 14:46:13 localhost policydb[363344]: INFO:root:Processing 223 SID -> apn -> policy updates
May 13 14:46:13 localhost control_proxy[363413]: 2022-05-13T14:46:13.279Z [127.0.0.1 -> streamer-controller.magmasi.wavelabs.in,8443] "POST /magma.orc8r.Streamer/GetUpdates HTTP/2" 200 7bytes 0.277s
May 13 14:46:13 localhost policydb[363344]: INFO:root:Processing 0 rating group updates
May 13 14:46:17 localhost sctpd[363537]: I0513 14:46:17.450857 364035 sctp_connection.cpp:195] Unhandled notification type 32776
May 13 14:46:17 localhost smsd[363358]: INFO:root:mme non_eps_service_config is not SMS_ORC8R, sleeping.
May 13 14:46:19 localhost magmad[363199]: ERROR:root:Metrics upload error for service subscriberdb (chunk 0)! [StatusCode.DEADLINE_EXCEEDED] Deadline Exceeded
May 13 14:46:19 localhost magmad[363199]: ERROR:root:Metrics upload error for service mobilityd (chunk 0)! [StatusCode.DEADLINE_EXCEEDED] Deadline Exceeded
May 13 14:46:19 localhost magmad[363199]: ERROR:root:Metrics upload error for service mme (chunk 0)! [StatusCode.DEADLINE_EXCEEDED] Deadline Exceeded
May 13 14:46:19 localhost mobilityd[363270]: INFO:root:Using GW info: {'default': {2: ('172.16.4.1', 'eth0')}, 2: [('172.16.4.1', 'eth0', True)]}
May 13 14:46:19 localhost mobilityd[363270]: INFO:root:GW-v6 probe: timer started
May 13 14:46:19 localhost magmad[363199]: ERROR:root:Metrics upload error for service magmad (chunk 0)! [StatusCode.DEADLINE_EXCEEDED] Deadline Exceeded
May 13 14:46:20 localhost magmad[363199]: ERROR:root:Metrics upload error for service enodebd (chunk 0)! [StatusCode.DEADLINE_EXCEEDED] Deadline Exceeded
May 13 14:46:20 localhost magmad[363199]: ERROR:root:Metrics upload error for service pipelined (chunk 0)! [StatusCode.DEADLINE_EXCEEDED] Deadline Exceeded
May 13 14:46:20 localhost magmad[363199]: ERROR:root:Metrics upload error for service state (chunk 0)! [StatusCode.DEADLINE_EXCEEDED] Deadline Exceeded
May 13 14:46:20 localhost magmad[363199]: ERROR:root:Metrics upload error for service sessiond (chunk 0)! [StatusCode.DEADLINE_EXCEEDED] Deadline Exceeded
May 13 14:46:22 localhost smsd[363358]: INFO:root:mme non_eps_service_config is not SMS_ORC8R, sleeping.
May 13 14:46:27 localhost smsd[363358]: INFO:root:mme non_eps_service_config is not SMS_ORC8R, sleeping.
May 13 14:46:30 localhost magmad[363199]: INFO:root:Setting logging level to INFO
May 13 14:46:32 localhost smsd[363358]: INFO:root:mme non_eps_service_config is not SMS_ORC8R, sleeping.
May 13 14:46:37 localhost smsd[363358]: INFO:root:mme non_eps_service_config is not SMS_ORC8R, sleeping.
May 13 14:46:39 localhost magmad[363199]: INFO:root:[SyncRPC] Got heartBeat from cloud
May 13 14:46:39 localhost mobilityd[363270]: INFO:root:Using GW info: {'default': {2: ('172.16.4.1', 'eth0')}, 2: [('172.16.4.1', 'eth0', True)]}
May 13 14:46:39 localhost mobilityd[363270]: INFO:root:GW-v6 probe: timer started
May 13 14:46:41 localhost control_proxy[363413]: 2022-05-13T14:45:41.214Z [127.0.0.1 -> streamer-controller.magmasi.wavelabs.in,8443] "POST /magma.orc8r.Streamer/GetUpdates HTTP/2" 200 0bytes 60.270s
May 13 14:46:41 localhost magmad[363199]: ERROR:root:Error! Streaming from the cloud failed! [StatusCode.ABORTED] error while streaming updates: rpc error: code = DeadlineExceeded desc = context deadline exceeded
May 13 14:46:42 localhost smsd[363358]: INFO:root:mme non_eps_service_config is not SMS_ORC8R, sleeping.
May 13 14:46:45 localhost sctpd[363537]: I0513 14:46:45.452124 364035 sctp_connection.cpp:195] Unhandled notification type 32776
May 13 14:46:47 localhost smsd[363358]: INFO:root:mme non_eps_service_config is not SMS_ORC8R, sleeping.
May 13 14:46:49 localhost control_proxy[363413]: 2022-05-13T14:46:48.712Z [127.0.0.1 -> state-controller.magmasi.wavelabs.in,8443] "POST /magma.orc8r.StateService/ReportStates HTTP/2" 200 5bytes 0.539s
May 13 14:46:49 localhost magmad[363199]: INFO:root:Checkin Successful! Successfully sent states to the cloud!
May 13 14:46:52 localhost smsd[363358]: INFO:root:mme non_eps_service_config is not SMS_ORC8R, sleeping.
May 13 14:46:57 localhost smsd[363358]: INFO:root:mme non_eps_service_config is not SMS_ORC8R, sleeping.
May 13 14:46:59 localhost mobilityd[363270]: INFO:root:Using GW info: {'default': {2: ('172.16.4.1', 'eth0')}, 2: [('172.16.4.1', 'eth0', True)]}
May 13 14:46:59 localhost mobilityd[363270]: INFO:root:GW-v6 probe: timer started
May 13 14:47:02 localhost smsd[363358]: INFO:root:mme non_eps_service_config is not SMS_ORC8R, sleeping.
May 13 14:47:12 localhost smsd[363358]: message repeated 2 times: [ INFO:root:mme non_eps_service_config is not SMS_ORC8R, sleeping.]
May 13 14:47:13 localhost sctpd[363537]: I0513 14:47:13.581023 364035 sctp_connection.cpp:195] Unhandled notification type 32776
May 13 14:47:14 localhost control_proxy[363413]: 2022-05-13T14:47:13.929Z [127.0.0.1 -> streamer-controller.magmasi.wavelabs.in,8443] "POST /magma.orc8r.Streamer/GetUpdates HTTP/2" 200 173bytes 0.557s
May 13 14:47:14 localhost policydb[363344]: INFO:root:Processing 4 policy updates (resync=True)
May 13 14:47:14 localhost control_proxy[363413]: 2022-05-13T14:47:14.492Z [127.0.0.1 -> streamer-controller.magmasi.wavelabs.in,8443] "POST /magma.orc8r.Streamer/GetUpdates HTTP/2" 200 7bytes 0.282s
May 13 14:47:14 localhost policydb[363344]: INFO:root:Processing 0 basename -> policy updates
May 13 14:47:15 localhost control_proxy[363413]: 2022-05-13T14:47:14.492Z [127.0.0.1 -> streamer-controller.magmasi.wavelabs.in,8443] "POST /magma.orc8r.Streamer/GetUpdates HTTP/2" 200 13536bytes 0.310s
May 13 14:47:15 localhost policydb[363344]: INFO:root:Processing 223 SID -> apn -> policy updates
May 13 14:47:15 localhost control_proxy[363413]: 2022-05-13T14:47:15.096Z [127.0.0.1 -> streamer-controller.magmasi.wavelabs.in,8443] "POST /magma.orc8r.Streamer/GetUpdates HTTP/2" 200 7bytes 0.278s
May 13 14:47:15 localhost policydb[363344]: INFO:root:Processing 0 rating group updates
May 13 14:47:18 localhost smsd[363358]: INFO:root:mme non_eps_service_config is not SMS_ORC8R, sleeping.
May 13 14:47:19 localhost magmad[363199]: ERROR:root:Metrics upload error for service subscriberdb (chunk 0)! [StatusCode.DEADLINE_EXCEEDED] Deadline Exceeded
May 13 14:47:19 localhost magmad[363199]: ERROR:root:Metrics upload error for service mobilityd (chunk 0)! [StatusCode.DEADLINE_EXCEEDED] Deadline Exceeded
May 13 14:47:19 localhost magmad[363199]: ERROR:root:Metrics upload error for service mme (chunk 0)! [StatusCode.DEADLINE_EXCEEDED] Deadline Exceeded
May 13 14:47:19 localhost mobilityd[363270]: INFO:root:Using GW info: {'default': {2: ('172.16.4.1', 'eth0')}, 2: [('172.16.4.1', 'eth0', True)]}
May 13 14:47:19 localhost mobilityd[363270]: INFO:root:GW-v6 probe: timer started
May 13 14:47:20 localhost magmad[363199]: ERROR:root:Metrics upload error for service magmad (chunk 0)! [StatusCode.DEADLINE_EXCEEDED] Deadline Exceeded
May 13 14:47:20 localhost magmad[363199]: ERROR:root:Metrics upload error for service enodebd (chunk 0)! [StatusCode.DEADLINE_EXCEEDED] Deadline Exceeded
May 13 14:47:20 localhost magmad[363199]: ERROR:root:Metrics upload error for service pipelined (chunk 0)! [StatusCode.DEADLINE_EXCEEDED] Deadline Exceeded
May 13 14:47:20 localhost magmad[363199]: ERROR:root:Metrics upload error for service state (chunk 0)! [StatusCode.DEADLINE_EXCEEDED] Deadline Exceeded
May 13 14:47:20 localhost magmad[363199]: ERROR:root:Metrics upload error for service sessiond (chunk 0)! [StatusCode.DEADLINE_EXCEEDED] Deadline Exceeded
May 13 14:47:23 localhost smsd[363358]: INFO:root:mme non_eps_service_config is not SMS_ORC8R, sleeping.
May 13 14:47:38 localhost smsd[363358]: message repeated 3 times: [ INFO:root:mme non_eps_service_config is not SMS_ORC8R, sleeping.]
May 13 14:47:39 localhost magmad[363199]: INFO:root:[SyncRPC] Got heartBeat from cloud
May 13 14:47:39 localhost mobilityd[363270]: INFO:root:Using GW info: {'default': {2: ('172.16.4.1', 'eth0')}, 2: [('172.16.4.1', 'eth0', True)]}
May 13 14:47:39 localhost mobilityd[363270]: INFO:root:GW-v6 probe: timer started
May 13 14:47:41 localhost sctpd[363537]: I0513 14:47:41.547497 364035 sctp_connection.cpp:195] Unhandled notification type 32776
May 13 14:47:43 localhost smsd[363358]: INFO:root:mme non_eps_service_config is not SMS_ORC8R, sleeping.
May 13 14:47:46 localhost subscriberdb[363268]: INFO:root:get digest stored in gateway:
May 13 14:47:46 localhost control_proxy[363413]: 2022-05-13T14:47:46.534Z [127.0.0.1 -> subscriberdb-controller.magmasi.wavelabs.in,8443] "POST /magma.lte.SubscriberDBCloud/CheckInSync HTTP/2" 200 0bytes 0.263s
May 13 14:47:46 localhost subscriberdb[363268]: ERROR:root:Internal Error in subscriberdb-Orc8r communication. If AGW and Orc8r are deployed at a commit hash, upgrade AGW and Orc8r to latest commit hash.
May 13 14:47:47 localhost control_proxy[363413]: 2022-05-13T14:47:46.534Z [127.0.0.1 -> subscriberdb-controller.magmasi.wavelabs.in,8443] "POST /magma.lte.SubscriberDBCloud/Sync HTTP/2" 200 0bytes 0.262s
May 13 14:47:47 localhost subscriberdb[363268]: ERROR:root:Internal Error in subscriberdb-Orc8r communication. If AGW and Orc8r are deployed at a commit hash, upgrade AGW and Orc8r to latest commit hash.
May 13 14:47:47 localhost control_proxy[363413]: 2022-05-13T14:47:47.066Z [127.0.0.1 -> subscriberdb-controller.magmasi.wavelabs.in,8443] "POST /magma.lte.SubscriberDBCloud/ListSubscribers HTTP/2" 200 44653bytes 0.326s
May 13 14:47:47 localhost subscriberdb[363268]: INFO:root:Successfully fetched all subscriber pages from the cloud!
May 13 14:47:47 localhost subscriberdb[363268]: INFO:root:update root digest stored in gateway:
May 13 14:47:48 localhost smsd[363358]: INFO:root:mme non_eps_service_config is not SMS_ORC8R, sleeping.
May 13 14:47:49 localhost magmad[363199]: INFO:root:Setting logging level to INFO
May 13 14:47:53 localhost smsd[363358]: INFO:root:mme non_eps_service_config is not SMS_ORC8R, sleeping.
May 13 14:47:58 localhost smsd[363358]: INFO:root:mme non_eps_service_config is not SMS_ORC8R, sleeping.
May 13 14:47:59 localhost mobilityd[363270]: INFO:root:Using GW info: {'default': {2: ('172.16.4.1', 'eth0')}, 2: [('172.16.4.1', 'eth0', True)]}
May 13 14:47:59 localhost mobilityd[363270]: INFO:root:GW-v6 probe: timer started
May 13 14:48:03 localhost smsd[363358]: INFO:root:mme non_eps_service_config is not SMS_ORC8R, sleeping.
May 13 14:48:05 localhost sctpd[363537]: I0513 14:48:05.546947 364035 sctp_connection.cpp:195] Unhandled notification type 32776
May 13 14:48:08 localhost smsd[363358]: INFO:root:mme non_eps_service_config is not SMS_ORC8R, sleeping.
May 13 14:48:08 localhost control_proxy[363413]: 2022-05-13T14:48:08.159Z [127.0.0.1 -> state-controller.magmasi.wavelabs.in,8443] "POST /magma.orc8r.StateService/ReportStates HTTP/2" 200 5bytes 0.686s
May 13 14:48:08 localhost magmad[363199]: INFO:root:Checkin Successful! Successfully sent states to the cloud!
May 13 14:48:13 localhost smsd[363358]: INFO:root:mme non_eps_service_config is not SMS_ORC8R, sleeping.
May 13 14:48:15 localhost control_proxy[363413]: 2022-05-13T14:48:15.422Z [127.0.0.1 -> streamer-controller.magmasi.wavelabs.in,8443] "POST /magma.orc8r.Streamer/GetUpdates HTTP/2" 200 173bytes 0.559s
May 13 14:48:15 localhost policydb[363344]: INFO:root:Processing 4 policy updates (resync=True)
May 13 14:48:16 localhost control_proxy[363413]: 2022-05-13T14:48:15.422Z [127.0.0.1 -> streamer-controller.magmasi.wavelabs.in,8443] "POST /magma.orc8r.Streamer/GetUpdates HTTP/2" 200 7bytes 0.306s
May 13 14:48:16 localhost policydb[363344]: INFO:root:Processing 0 basename -> policy updates
May 13 14:48:16 localhost control_proxy[363413]: 2022-05-13T14:48:16.294Z [127.0.0.1 -> streamer-controller.magmasi.wavelabs.in,8443] "POST /magma.orc8r.Streamer/GetUpdates HTTP/2" 200 13536bytes 0.303s
May 13 14:48:16 localhost policydb[363344]: INFO:root:Processing 223 SID -> apn -> policy updates
May 13 14:48:16 localhost control_proxy[363413]: 2022-05-13T14:48:16.294Z [127.0.0.1 -> streamer-controller.magmasi.wavelabs.in,8443] "POST /magma.orc8r.Streamer/GetUpdates HTTP/2" 200 7bytes 0.274s
May 13 14:48:16 localhost policydb[363344]: INFO:root:Processing 0 rating group updates
May 13 14:48:18 localhost smsd[363358]: INFO:root:mme non_eps_service_config is not SMS_ORC8R, sleeping.
May 13 14:48:19 localhost mobilityd[363270]: INFO:root:Using GW info: {'default': {2: ('172.16.4.1', 'eth0')}, 2: [('172.16.4.1', 'eth0', True)]}
May 13 14:48:19 localhost mobilityd[363270]: INFO:root:GW-v6 probe: timer started
May 13 14:48:23 localhost smsd[363358]: INFO:root:mme non_eps_service_config is not SMS_ORC8R, sleeping.
May 13 14:48:33 localhost smsd[363358]: message repeated 2 times: [ INFO:root:mme non_eps_service_config is not SMS_ORC8R, sleeping.]
May 13 14:48:38 localhost sctpd[363537]: I0513 14:48:38.018123 364035 sctp_connection.cpp:195] Unhandled notification type 32776
May 13 14:48:38 localhost magmad[363199]: ERROR:root:Metrics upload error for service subscriberdb (chunk 0)! [StatusCode.DEADLINE_EXCEEDED] Deadline Exceeded
May 13 14:48:38 localhost magmad[363199]: ERROR:root:Metrics upload error for service mobilityd (chunk 0)! [StatusCode.DEADLINE_EXCEEDED] Deadline Exceeded
May 13 14:48:38 localhost magmad[363199]: ERROR:root:Metrics upload error for service mme (chunk 0)! [StatusCode.DEADLINE_EXCEEDED] Deadline Exceeded
May 13 14:48:38 localhost magmad[363199]: ERROR:root:Metrics upload error for service magmad (chunk 0)! [StatusCode.DEADLINE_EXCEEDED] Deadline Exceeded
May 13 14:48:38 localhost magmad[363199]: ERROR:root:Metrics upload error for service enodebd (chunk 0)! [StatusCode.DEADLINE_EXCEEDED] Deadline Exceeded
May 13 14:48:38 localhost magmad[363199]: ERROR:root:Metrics upload error for service pipelined (chunk 0)! [StatusCode.DEADLINE_EXCEEDED] Deadline Exceeded
May 13 14:48:38 localhost magmad[363199]: ERROR:root:Metrics upload error for service state (chunk 0)! [StatusCode.DEADLINE_EXCEEDED] Deadline Exceeded
May 13 14:48:38 localhost magmad[363199]: ERROR:root:Metrics upload error for service sessiond (chunk 0)! [StatusCode.DEADLINE_EXCEEDED] Deadline Exceeded
May 13 14:48:38 localhost smsd[363358]: INFO:root:mme non_eps_service_config is not SMS_ORC8R, sleeping.
May 13 14:48:39 localhost magmad[363199]: INFO:root:[SyncRPC] Got heartBeat from cloud
May 13 14:48:39 localhost mobilityd[363270]: INFO:root:Using GW info: {'default': {2: ('172.16.4.1', 'eth0')}, 2: [('172.16.4.1', 'eth0', True)]}
May 13 14:48:39 localhost mobilityd[363270]: INFO:root:GW-v6 probe: timer started
May 13 14:48:41 localhost control_proxy[363413]: 2022-05-13T14:47:41.549Z [127.0.0.1 -> streamer-controller.magmasi.wavelabs.in,8443] "POST /magma.orc8r.Streamer/GetUpdates HTTP/2" 200 0bytes 60.270s
May 13 14:48:41 localhost magmad[363199]: ERROR:root:Error! Streaming from the cloud failed! [StatusCode.ABORTED] error while streaming updates: rpc error: code = DeadlineExceeded desc = context deadline exceeded
May 13 14:48:43 localhost smsd[363358]: INFO:root:mme non_eps_service_config is not SMS_ORC8R, sleeping.
May 13 14:48:58 localhost smsd[363358]: message repeated 3 times: [ INFO:root:mme non_eps_service_config is not SMS_ORC8R, sleeping.]
May 13 14:48:59 localhost mobilityd[363270]: INFO:root:Using GW info: {'default': {2: ('172.16.4.1', 'eth0')}, 2: [('172.16.4.1', 'eth0', True)]}
May 13 14:48:59 localhost mobilityd[363270]: INFO:root:GW-v6 probe: timer started
May 13 14:49:00 localhost sctpd[363537]: I0513 14:49:00.179065 364035 sctp_connection.cpp:195] Unhandled notification type 32776
May 13 14:49:03 localhost smsd[363358]: INFO:root:mme non_eps_service_config is not SMS_ORC8R, sleeping.
May 13 14:49:08 localhost smsd[363358]: INFO:root:mme non_eps_service_config is not SMS_ORC8R, sleeping.
May 13 14:49:09 localhost magmad[363199]: INFO:root:Setting logging level to INFO
May 13 14:49:13 localhost smsd[363358]: INFO:root:mme non_eps_service_config is not SMS_ORC8R, sleeping.
May 13 14:49:17 localhost control_proxy[363413]: 2022-05-13T14:49:16.942Z [127.0.0.1 -> streamer-controller.magmasi.wavelabs.in,8443] "POST /magma.orc8r.Streamer/GetUpdates HTTP/2" 200 173bytes 0.555s
May 13 14:49:17 localhost policydb[363344]: INFO:root:Processing 4 policy updates (resync=True)
May 13 14:49:17 localhost control_proxy[363413]: 2022-05-13T14:49:17.500Z [127.0.0.1 -> streamer-controller.magmasi.wavelabs.in,8443] "POST /magma.orc8r.Streamer/GetUpdates HTTP/2" 200 7bytes 0.275s
May 13 14:49:17 localhost policydb[363344]: INFO:root:Processing 0 basename -> policy updates
May 13 14:49:18 localhost control_proxy[363413]: 2022-05-13T14:49:17.500Z [127.0.0.1 -> streamer-controller.magmasi.wavelabs.in,8443] "POST /magma.orc8r.Streamer/GetUpdates HTTP/2" 200 13536bytes 0.306s
May 13 14:49:18 localhost policydb[363344]: INFO:root:Processing 223 SID -> apn -> policy updates
May 13 14:49:18 localhost control_proxy[363413]: 2022-05-13T14:49:18.092Z [127.0.0.1 -> streamer-controller.magmasi.wavelabs.in,8443] "POST /magma.orc8r.Streamer/GetUpdates HTTP/2" 200 7bytes 0.273s
May 13 14:49:18 localhost policydb[363344]: INFO:root:Processing 0 rating group updates
May 13 14:49:18 localhost smsd[363358]: INFO:root:mme non_eps_service_config is not SMS_ORC8R, sleeping.
May 13 14:49:19 localhost mobilityd[363270]: INFO:root:Using GW info: {'default': {2: ('172.16.4.1', 'eth0')}, 2: [('172.16.4.1', 'eth0', True)]}
May 13 14:49:19 localhost mobilityd[363270]: INFO:root:GW-v6 probe: timer started
May 13 14:49:23 localhost smsd[363358]: INFO:root:mme non_eps_service_config is not SMS_ORC8R, sleeping.
May 13 14:49:28 localhost control_proxy[363413]: 2022-05-13T14:49:27.828Z [127.0.0.1 -> state-controller.magmasi.wavelabs.in,8443] "POST /magma.orc8r.StateService/ReportStates HTTP/2" 200 5bytes 0.534s
May 13 14:49:28 localhost magmad[363199]: INFO:root:Checkin Successful! Successfully sent states to the cloud!
May 13 14:49:28 localhost smsd[363358]: INFO:root:mme non_eps_service_config is not SMS_ORC8R, sleeping.
May 13 14:49:29 localhost systemd[1]: session-93.scope: Succeeded.
May 13 14:49:33 localhost smsd[363358]: INFO:root:mme non_eps_service_config is not SMS_ORC8R, sleeping.
May 13 14:49:34 localhost sctpd[363537]: I0513 14:49:34.326184 364035 sctp_connection.cpp:195] Unhandled notification type 32776
May 13 14:49:38 localhost magmad[363199]: ERROR:root:Metrics upload error for service subscriberdb (chunk 0)! [StatusCode.DEADLINE_EXCEEDED] Deadline Exceeded
May 13 14:49:38 localhost magmad[363199]: ERROR:root:Metrics upload error for service mobilityd (chunk 0)! [StatusCode.DEADLINE_EXCEEDED] Deadline Exceeded
May 13 14:49:38 localhost magmad[363199]: ERROR:root:Metrics upload error for service mme (chunk 0)! [StatusCode.DEADLINE_EXCEEDED] Deadline Exceeded
May 13 14:49:38 localhost magmad[363199]: ERROR:root:Metrics upload error for service magmad (chunk 0)! [StatusCode.DEADLINE_EXCEEDED] Deadline Exceeded
May 13 14:49:38 localhost magmad[363199]: ERROR:root:Metrics upload error for service enodebd (chunk 0)! [StatusCode.DEADLINE_EXCEEDED] Deadline Exceeded
May 13 14:49:38 localhost magmad[363199]: ERROR:root:Metrics upload error for service pipelined (chunk 0)! [StatusCode.DEADLINE_EXCEEDED] Deadline Exceeded
May 13 14:49:38 localhost magmad[363199]: ERROR:root:Metrics upload error for service state (chunk 0)! [StatusCode.DEADLINE_EXCEEDED] Deadline Exceeded
May 13 14:49:38 localhost magmad[363199]: ERROR:root:Metrics upload error for service sessiond (chunk 0)! [StatusCode.DEADLINE_EXCEEDED] Deadline Exceeded
May 13 14:49:38 localhost smsd[363358]: INFO:root:mme non_eps_service_config is not SMS_ORC8R, sleeping.
May 13 14:49:39 localhost magmad[363199]: INFO:root:[SyncRPC] Got heartBeat from cloud
May 13 14:49:39 localhost mobilityd[363270]: INFO:root:Using GW info: {'default': {2: ('172.16.4.1', 'eth0')}, 2: [('172.16.4.1', 'eth0', True)]}
May 13 14:49:39 localhost mobilityd[363270]: INFO:root:GW-v6 probe: timer started
May 13 14:49:43 localhost smsd[363358]: INFO:root:mme non_eps_service_config is not SMS_ORC8R, sleeping.
May 13 14:49:58 localhost smsd[363358]: message repeated 3 times: [ INFO:root:mme non_eps_service_config is not SMS_ORC8R, sleeping.]
May 13 14:49:59 localhost mobilityd[363270]: INFO:root:Using GW info: {'default': {2: ('172.16.4.1', 'eth0')}, 2: [('172.16.4.1', 'eth0', True)]}
May 13 14:49:59 localhost mobilityd[363270]: INFO:root:GW-v6 probe: timer started
May 13 14:50:02 localhost sctpd[363537]: I0513 14:50:02.562734 364035 sctp_connection.cpp:195] Unhandled notification type 32776
May 13 14:50:03 localhost smsd[363358]: INFO:root:mme non_eps_service_config is not SMS_ORC8R, sleeping.
May 13 14:50:14 localhost smsd[363358]: message repeated 2 times: [ INFO:root:mme non_eps_service_config is not SMS_ORC8R, sleeping.]
May 13 14:50:18 localhost control_proxy[363413]: 2022-05-13T14:50:18.425Z [127.0.0.1 -> streamer-controller.magmasi.wavelabs.in,8443] "POST /magma.orc8r.Streamer/GetUpdates HTTP/2" 200 173bytes 0.563s
May 13 14:50:18 localhost policydb[363344]: INFO:root:Processing 4 policy updates (resync=True)
May 13 14:50:19 localhost smsd[363358]: INFO:root:mme non_eps_service_config is not SMS_ORC8R, sleeping.
May 13 14:50:19 localhost control_proxy[363413]: 2022-05-13T14:50:18.425Z [127.0.0.1 -> streamer-controller.magmasi.wavelabs.in,8443] "POST /magma.orc8r.Streamer/GetUpdates HTTP/2" 200 7bytes 0.275s
May 13 14:50:19 localhost policydb[363344]: INFO:root:Processing 0 basename -> policy updates
May 13 14:50:19 localhost control_proxy[363413]: 2022-05-13T14:50:19.269Z [127.0.0.1 -> streamer-controller.magmasi.wavelabs.in,8443] "POST /magma.orc8r.Streamer/GetUpdates HTTP/2" 200 13536bytes 0.307s
May 13 14:50:19 localhost policydb[363344]: INFO:root:Processing 223 SID -> apn -> policy updates
May 13 14:50:19 localhost control_proxy[363413]: 2022-05-13T14:50:19.269Z [127.0.0.1 -> streamer-controller.magmasi.wavelabs.in,8443] "POST /magma.orc8r.Streamer/GetUpdates HTTP/2" 200 7bytes 0.276s
May 13 14:50:19 localhost policydb[363344]: INFO:root:Processing 0 rating group updates
May 13 14:50:19 localhost mobilityd[363270]: INFO:root:Using GW info: {'default': {2: ('172.16.4.1', 'eth0')}, 2: [('172.16.4.1', 'eth0', True)]}
May 13 14:50:19 localhost mobilityd[363270]: INFO:root:GW-v6 probe: timer started
May 13 14:50:24 localhost smsd[363358]: INFO:root:mme non_eps_service_config is not SMS_ORC8R, sleeping.
May 13 14:50:28 localhost magmad[363199]: INFO:root:Setting logging level to INFO
May 13 14:50:29 localhost smsd[363358]: INFO:root:mme non_eps_service_config is not SMS_ORC8R, sleeping.
May 13 14:50:30 localhost sctpd[363537]: I0513 14:50:30.916167 364035 sctp_connection.cpp:195] Unhandled notification type 32776
May 13 14:50:33 localhost dnsmasq-dhcp[363449]: DHCPDISCOVER(eth1) 48:bf:74:03:3d:72 
May 13 14:50:33 localhost dnsmasq-dhcp[363449]: DHCPOFFER(eth1) 172.16.7.250 48:bf:74:03:3d:72 
May 13 14:50:34 localhost smsd[363358]: INFO:root:mme non_eps_service_config is not SMS_ORC8R, sleeping.
May 13 14:50:39 localhost smsd[363358]: INFO:root:mme non_eps_service_config is not SMS_ORC8R, sleeping.
May 13 14:50:39 localhost magmad[363199]: INFO:root:[SyncRPC] Got heartBeat from cloud
May 13 14:50:39 localhost mobilityd[363270]: INFO:root:Using GW info: {'default': {2: ('172.16.4.1', 'eth0')}, 2: [('172.16.4.1', 'eth0', True)]}
May 13 14:50:39 localhost mobilityd[363270]: INFO:root:GW-v6 probe: timer started
May 13 14:50:42 localhost control_proxy[363413]: 2022-05-13T14:49:41.885Z [127.0.0.1 -> streamer-controller.magmasi.wavelabs.in,8443] "POST /magma.orc8r.Streamer/GetUpdates HTTP/2" 200 0bytes 60.267s
May 13 14:50:42 localhost magmad[363199]: ERROR:root:Error! Streaming from the cloud failed! [StatusCode.ABORTED] error while streaming updates: rpc error: code = DeadlineExceeded desc = context deadline exceeded
May 13 14:50:44 localhost smsd[363358]: INFO:root:mme non_eps_service_config is not SMS_ORC8R, sleeping.
May 13 14:50:47 localhost magmad[363199]: ERROR:root:Metrics upload error for service subscriberdb (chunk 0)! [StatusCode.DEADLINE_EXCEEDED] Deadline Exceeded
May 13 14:50:47 localhost magmad[363199]: ERROR:root:Metrics upload error for service mobilityd (chunk 0)! [StatusCode.DEADLINE_EXCEEDED] Deadline Exceeded
May 13 14:50:47 localhost magmad[363199]: ERROR:root:Metrics upload error for service mme (chunk 0)! [StatusCode.DEADLINE_EXCEEDED] Deadline Exceeded
May 13 14:50:47 localhost magmad[363199]: ERROR:root:Metrics upload error for service magmad (chunk 0)! [StatusCode.DEADLINE_EXCEEDED] Deadline Exceeded
May 13 14:50:47 localhost magmad[363199]: ERROR:root:Metrics upload error for service enodebd (chunk 0)! [StatusCode.DEADLINE_EXCEEDED] Deadline Exceeded
May 13 14:50:47 localhost magmad[363199]: ERROR:root:Metrics upload error for service pipelined (chunk 0)! [StatusCode.DEADLINE_EXCEEDED] Deadline Exceeded
May 13 14:50:47 localhost magmad[363199]: ERROR:root:Metrics upload error for service state (chunk 0)! [StatusCode.DEADLINE_EXCEEDED] Deadline Exceeded
May 13 14:50:47 localhost magmad[363199]: ERROR:root:Metrics upload error for service sessiond (chunk 0)! [StatusCode.DEADLINE_EXCEEDED] Deadline Exceeded
May 13 14:50:47 localhost magmad[363199]: INFO:root:Checking for upgrade...
May 13 14:50:47 localhost magmad[363199]: WARNING:root:magmad package_version config missing or set to default 0.0.0-0, skipping upgrade
May 13 14:50:47 localhost control_proxy[363413]: 2022-05-13T14:50:47.406Z [127.0.0.1 -> state-controller.magmasi.wavelabs.in,8443] "POST /magma.orc8r.StateService/ReportStates HTTP/2" 200 5bytes 0.576s
May 13 14:50:47 localhost magmad[363199]: INFO:root:Checkin Successful! Successfully sent states to the cloud!
May 13 14:50:49 localhost smsd[363358]: INFO:root:mme non_eps_service_config is not SMS_ORC8R, sleeping.
May 13 14:50:54 localhost smsd[363358]: INFO:root:mme non_eps_service_config is not SMS_ORC8R, sleeping.
May 13 14:50:56 localhost dnsmasq-dhcp[363449]: DHCPDISCOVER(eth1) 48:bf:74:03:3d:72 
May 13 14:50:56 localhost dnsmasq-dhcp[363449]: DHCPOFFER(eth1) 172.16.7.250 48:bf:74:03:3d:72 
May 13 14:50:59 localhost sctpd[363537]: I0513 14:50:59.160583 364035 sctp_connection.cpp:195] Unhandled notification type 32776
May 13 14:50:59 localhost smsd[363358]: INFO:root:mme non_eps_service_config is not SMS_ORC8R, sleeping.
May 13 14:50:59 localhost mobilityd[363270]: INFO:root:Using GW info: {'default': {2: ('172.16.4.1', 'eth0')}, 2: [('172.16.4.1', 'eth0', True)]}
May 13 14:50:59 localhost mobilityd[363270]: INFO:root:GW-v6 probe: timer started
May 13 14:51:04 localhost smsd[363358]: INFO:root:mme non_eps_service_config is not SMS_ORC8R, sleeping.
May 13 14:51:19 localhost smsd[363358]: message repeated 3 times: [ INFO:root:mme non_eps_service_config is not SMS_ORC8R, sleeping.]
May 13 14:51:20 localhost mobilityd[363270]: INFO:root:Using GW info: {'default': {2: ('172.16.4.1', 'eth0')}, 2: [('172.16.4.1', 'eth0', True)]}
May 13 14:51:20 localhost mobilityd[363270]: INFO:root:GW-v6 probe: timer started
May 13 14:51:20 localhost control_proxy[363413]: 2022-05-13T14:51:19.921Z [127.0.0.1 -> streamer-controller.magmasi.wavelabs.in,8443] "POST /magma.orc8r.Streamer/GetUpdates HTTP/2" 200 173bytes 0.541s
May 13 14:51:20 localhost policydb[363344]: INFO:root:Processing 4 policy updates (resync=True)
May 13 14:51:20 localhost control_proxy[363413]: 2022-05-13T14:51:20.465Z [127.0.0.1 -> streamer-controller.magmasi.wavelabs.in,8443] "POST /magma.orc8r.Streamer/GetUpdates HTTP/2" 200 7bytes 0.273s
May 13 14:51:20 localhost policydb[363344]: INFO:root:Processing 0 basename -> policy updates
May 13 14:51:21 localhost control_proxy[363413]: 2022-05-13T14:51:20.465Z [127.0.0.1 -> streamer-controller.magmasi.wavelabs.in,8443] "POST /magma.orc8r.Streamer/GetUpdates HTTP/2" 200 13536bytes 0.320s
May 13 14:51:21 localhost policydb[363344]: INFO:root:Processing 223 SID -> apn -> policy updates
May 13 14:51:21 localhost control_proxy[363413]: 2022-05-13T14:51:21.070Z [127.0.0.1 -> streamer-controller.magmasi.wavelabs.in,8443] "POST /magma.orc8r.Streamer/GetUpdates HTTP/2" 200 7bytes 0.271s
May 13 14:51:21 localhost policydb[363344]: INFO:root:Processing 0 rating group updates
May 13 14:51:22 localhost sctpd[363537]: I0513 14:51:22.639577 364035 sctp_connection.cpp:195] Unhandled notification type 32776
May 13 14:51:24 localhost smsd[363358]: INFO:root:mme non_eps_service_config is not SMS_ORC8R, sleeping.
May 13 14:51:34 localhost smsd[363358]: message repeated 2 times: [ INFO:root:mme non_eps_service_config is not SMS_ORC8R, sleeping.]
May 13 14:51:38 localhost magmad[363199]: ERROR:root:Metrics upload error for service subscriberdb (chunk 0)! [StatusCode.DEADLINE_EXCEEDED] Deadline Exceeded
May 13 14:51:38 localhost magmad[363199]: ERROR:root:Metrics upload error for service mobilityd (chunk 0)! [StatusCode.DEADLINE_EXCEEDED] Deadline Exceeded
May 13 14:51:38 localhost magmad[363199]: ERROR:root:Metrics upload error for service mme (chunk 0)! [StatusCode.DEADLINE_EXCEEDED] Deadline Exceeded
May 13 14:51:38 localhost magmad[363199]: ERROR:root:Metrics upload error for service magmad (chunk 0)! [StatusCode.DEADLINE_EXCEEDED] Deadline Exceeded
May 13 14:51:38 localhost magmad[363199]: ERROR:root:Metrics upload error for service enodebd (chunk 0)! [StatusCode.DEADLINE_EXCEEDED] Deadline Exceeded
May 13 14:51:38 localhost magmad[363199]: ERROR:root:Metrics upload error for service pipelined (chunk 0)! [StatusCode.DEADLINE_EXCEEDED] Deadline Exceeded
May 13 14:51:38 localhost magmad[363199]: ERROR:root:Metrics upload error for service state (chunk 0)! [StatusCode.DEADLINE_EXCEEDED] Deadline Exceeded
May 13 14:51:38 localhost magmad[363199]: ERROR:root:Metrics upload error for service sessiond (chunk 0)! [StatusCode.DEADLINE_EXCEEDED] Deadline Exceeded
May 13 14:51:39 localhost smsd[363358]: INFO:root:mme non_eps_service_config is not SMS_ORC8R, sleeping.
May 13 14:51:39 localhost magmad[363199]: INFO:root:[SyncRPC] Got heartBeat from cloud
May 13 14:51:40 localhost mobilityd[363270]: INFO:root:Using GW info: {'default': {2: ('172.16.4.1', 'eth0')}, 2: [('172.16.4.1', 'eth0', True)]}
May 13 14:51:40 localhost mobilityd[363270]: INFO:root:GW-v6 probe: timer started
May 13 14:51:44 localhost smsd[363358]: INFO:root:mme non_eps_service_config is not SMS_ORC8R, sleeping.
May 13 14:51:48 localhost magmad[363199]: INFO:root:Setting logging level to INFO
May 13 14:51:49 localhost smsd[363358]: INFO:root:mme non_eps_service_config is not SMS_ORC8R, sleeping.
May 13 14:51:54 localhost smsd[363358]: INFO:root:mme non_eps_service_config is not SMS_ORC8R, sleeping.
May 13 14:51:55 localhost sctpd[363537]: I0513 14:51:55.544230 364035 sctp_connection.cpp:195] Unhandled notification type 32776
May 13 14:51:59 localhost smsd[363358]: INFO:root:mme non_eps_service_config is not SMS_ORC8R, sleeping.
May 13 14:52:00 localhost mobilityd[363270]: INFO:root:Using GW info: {'default': {2: ('172.16.4.1', 'eth0')}, 2: [('172.16.4.1', 'eth0', True)]}
May 13 14:52:00 localhost mobilityd[363270]: INFO:root:GW-v6 probe: timer started
May 13 14:52:04 localhost smsd[363358]: INFO:root:mme non_eps_service_config is not SMS_ORC8R, sleeping.
May 13 14:52:07 localhost control_proxy[363413]: 2022-05-13T14:52:06.925Z [127.0.0.1 -> state-controller.magmasi.wavelabs.in,8443] "POST /magma.orc8r.StateService/ReportStates HTTP/2" 200 5bytes 0.535s
May 13 14:52:07 localhost magmad[363199]: INFO:root:Checkin Successful! Successfully sent states to the cloud!
May 13 14:52:09 localhost smsd[363358]: INFO:root:mme non_eps_service_config is not SMS_ORC8R, sleeping.
May 13 14:52:14 localhost smsd[363358]: INFO:root:mme non_eps_service_config is not SMS_ORC8R, sleeping.
May 13 14:52:17 localhost sctpd[363537]: I0513 14:52:17.522514 364035 sctp_connection.cpp:195] Unhandled notification type 32776
May 13 14:52:19 localhost smsd[363358]: INFO:root:mme non_eps_service_config is not SMS_ORC8R, sleeping.
May 13 14:52:20 localhost mobilityd[363270]: INFO:root:Using GW info: {'default': {2: ('172.16.4.1', 'eth0')}, 2: [('172.16.4.1', 'eth0', True)]}
May 13 14:52:20 localhost mobilityd[363270]: INFO:root:GW-v6 probe: timer started
May 13 14:52:21 localhost control_proxy[363413]: 2022-05-13T14:52:21.405Z [127.0.0.1 -> streamer-controller.magmasi.wavelabs.in,8443] "POST /magma.orc8r.Streamer/GetUpdates HTTP/2" 200 173bytes 0.538s
May 13 14:52:21 localhost policydb[363344]: INFO:root:Processing 4 policy updates (resync=True)
