May 13 15:18:54 localhost smsd[376744]: message repeated 3 times: [ INFO:root:mme non_eps_service_config is not SMS_ORC8R, sleeping.]
May 13 15:18:55 localhost magmad[376581]: ERROR:root:Metrics upload error for service subscriberdb (chunk 0)! [StatusCode.DEADLINE_EXCEEDED] Deadline Exceeded
May 13 15:18:55 localhost magmad[376581]: ERROR:root:Metrics upload error for service mobilityd (chunk 0)! [StatusCode.DEADLINE_EXCEEDED] Deadline Exceeded
May 13 15:18:55 localhost magmad[376581]: ERROR:root:Metrics upload error for service mme (chunk 0)! [StatusCode.DEADLINE_EXCEEDED] Deadline Exceeded
May 13 15:18:55 localhost magmad[376581]: ERROR:root:Metrics upload error for service magmad (chunk 0)! [StatusCode.DEADLINE_EXCEEDED] Deadline Exceeded
May 13 15:18:55 localhost magmad[376581]: ERROR:root:Metrics upload error for service enodebd (chunk 0)! [StatusCode.DEADLINE_EXCEEDED] Deadline Exceeded
May 13 15:18:55 localhost magmad[376581]: ERROR:root:Metrics upload error for service state (chunk 0)! [StatusCode.DEADLINE_EXCEEDED] Deadline Exceeded
May 13 15:18:55 localhost magmad[376581]: ERROR:root:Metrics upload error for service pipelined (chunk 0)! [StatusCode.DEADLINE_EXCEEDED] Deadline Exceeded
May 13 15:18:55 localhost magmad[376581]: ERROR:root:Metrics upload error for service sessiond (chunk 0)! [StatusCode.DEADLINE_EXCEEDED] Deadline Exceeded
May 13 15:18:55 localhost control_proxy[376827]: 2022-05-13T15:18:55.203Z [127.0.0.1 -> state-controller.magmasi.wavelabs.in,8443] "POST /magma.orc8r.StateService/ReportStates HTTP/2" 200 5bytes 0.542s
May 13 15:18:55 localhost magmad[376581]: INFO:root:Checkin Successful! Successfully sent states to the cloud!
May 13 15:18:59 localhost mobilityd[376653]: INFO:root:Using GW info: {'default': {2: ('172.16.4.1', 'eth0')}, 2: [('172.16.4.1', 'eth0', True)]}
May 13 15:18:59 localhost mobilityd[376653]: INFO:root:GW-v6 probe: timer started
May 13 15:18:59 localhost smsd[376744]: INFO:root:mme non_eps_service_config is not SMS_ORC8R, sleeping.
May 13 15:19:02 localhost sctpd[376921]: I0513 15:19:02.160192 377415 sctp_connection.cpp:195] Unhandled notification type 32776
May 13 15:19:04 localhost smsd[376744]: INFO:root:mme non_eps_service_config is not SMS_ORC8R, sleeping.
May 13 15:19:14 localhost smsd[376744]: message repeated 2 times: [ INFO:root:mme non_eps_service_config is not SMS_ORC8R, sleeping.]
May 13 15:19:16 localhost magmad[376581]: INFO:root:Checking for upgrade...
May 13 15:19:16 localhost magmad[376581]: WARNING:root:magmad package_version config missing or set to default 0.0.0-0, skipping upgrade
May 13 15:19:16 localhost control_proxy[376827]: 2022-05-13T15:18:16.399Z [127.0.0.1 -> streamer-controller.magmasi.wavelabs.in,8443] "POST /magma.orc8r.Streamer/GetUpdates HTTP/2" 200 0bytes 60.392s
May 13 15:19:16 localhost magmad[376581]: ERROR:root:Error! Streaming from the cloud failed! [StatusCode.ABORTED] error while streaming updates: rpc error: code = DeadlineExceeded desc = context deadline exceeded
May 13 15:19:19 localhost mobilityd[376653]: INFO:root:Using GW info: {'default': {2: ('172.16.4.1', 'eth0')}, 2: [('172.16.4.1', 'eth0', True)]}
May 13 15:19:19 localhost mobilityd[376653]: INFO:root:GW-v6 probe: timer started
May 13 15:19:19 localhost smsd[376744]: INFO:root:mme non_eps_service_config is not SMS_ORC8R, sleeping.
May 13 15:19:19 localhost magmad[376581]: INFO:root:[SyncRPC] Got heartBeat from cloud
May 13 15:19:22 localhost control_proxy[376827]: 2022-05-13T15:19:22.632Z [127.0.0.1 -> streamer-controller.magmasi.wavelabs.in,8443] "POST /magma.orc8r.Streamer/GetUpdates HTTP/2" 200 173bytes 0.284s
May 13 15:19:22 localhost policydb[376726]: INFO:root:Processing 4 policy updates (resync=True)
May 13 15:19:23 localhost control_proxy[376827]: 2022-05-13T15:19:22.632Z [127.0.0.1 -> streamer-controller.magmasi.wavelabs.in,8443] "POST /magma.orc8r.Streamer/GetUpdates HTTP/2" 200 7bytes 0.280s
May 13 15:19:23 localhost policydb[376726]: INFO:root:Processing 0 basename -> policy updates
May 13 15:19:23 localhost control_proxy[376827]: 2022-05-13T15:19:23.203Z [127.0.0.1 -> streamer-controller.magmasi.wavelabs.in,8443] "POST /magma.orc8r.Streamer/GetUpdates HTTP/2" 200 13536bytes 0.315s
May 13 15:19:23 localhost policydb[376726]: INFO:root:Processing 223 SID -> apn -> policy updates
May 13 15:19:23 localhost control_proxy[376827]: 2022-05-13T15:19:23.203Z [127.0.0.1 -> streamer-controller.magmasi.wavelabs.in,8443] "POST /magma.orc8r.Streamer/GetUpdates HTTP/2" 200 7bytes 0.276s
May 13 15:19:23 localhost policydb[376726]: INFO:root:Processing 0 rating group updates
May 13 15:19:24 localhost smsd[376744]: INFO:root:mme non_eps_service_config is not SMS_ORC8R, sleeping.
May 13 15:19:34 localhost smsd[376744]: message repeated 2 times: [ INFO:root:mme non_eps_service_config is not SMS_ORC8R, sleeping.]
May 13 15:19:36 localhost sctpd[376921]: I0513 15:19:36.134824 377415 sctp_connection.cpp:195] Unhandled notification type 32776
May 13 15:19:39 localhost mobilityd[376653]: INFO:root:Using GW info: {'default': {2: ('172.16.4.1', 'eth0')}, 2: [('172.16.4.1', 'eth0', True)]}
May 13 15:19:39 localhost mobilityd[376653]: INFO:root:GW-v6 probe: timer started
May 13 15:19:39 localhost smsd[376744]: INFO:root:mme non_eps_service_config is not SMS_ORC8R, sleeping.
May 13 15:19:44 localhost smsd[376744]: INFO:root:mme non_eps_service_config is not SMS_ORC8R, sleeping.
May 13 15:19:46 localhost magmad[376581]: ERROR:root:Metrics upload error for service subscriberdb (chunk 0)! [StatusCode.DEADLINE_EXCEEDED] Deadline Exceeded
May 13 15:19:46 localhost magmad[376581]: ERROR:root:Metrics upload error for service mobilityd (chunk 0)! [StatusCode.DEADLINE_EXCEEDED] Deadline Exceeded
May 13 15:19:46 localhost magmad[376581]: ERROR:root:Metrics upload error for service mme (chunk 0)! [StatusCode.DEADLINE_EXCEEDED] Deadline Exceeded
May 13 15:19:46 localhost magmad[376581]: ERROR:root:Metrics upload error for service magmad (chunk 0)! [StatusCode.DEADLINE_EXCEEDED] Deadline Exceeded
May 13 15:19:46 localhost magmad[376581]: ERROR:root:Metrics upload error for service enodebd (chunk 0)! [StatusCode.DEADLINE_EXCEEDED] Deadline Exceeded
May 13 15:19:46 localhost magmad[376581]: ERROR:root:Metrics upload error for service pipelined (chunk 0)! [StatusCode.DEADLINE_EXCEEDED] Deadline Exceeded
May 13 15:19:46 localhost magmad[376581]: ERROR:root:Metrics upload error for service state (chunk 0)! [StatusCode.DEADLINE_EXCEEDED] Deadline Exceeded
May 13 15:19:46 localhost magmad[376581]: ERROR:root:Metrics upload error for service sessiond (chunk 0)! [StatusCode.DEADLINE_EXCEEDED] Deadline Exceeded
May 13 15:19:49 localhost smsd[376744]: INFO:root:mme non_eps_service_config is not SMS_ORC8R, sleeping.
May 13 15:19:54 localhost smsd[376744]: INFO:root:mme non_eps_service_config is not SMS_ORC8R, sleeping.
May 13 15:19:56 localhost magmad[376581]: INFO:root:Setting logging level to INFO
May 13 15:19:59 localhost mobilityd[376653]: INFO:root:Using GW info: {'default': {2: ('172.16.4.1', 'eth0')}, 2: [('172.16.4.1', 'eth0', True)]}
May 13 15:19:59 localhost mobilityd[376653]: INFO:root:GW-v6 probe: timer started
May 13 15:19:59 localhost smsd[376744]: INFO:root:mme non_eps_service_config is not SMS_ORC8R, sleeping.
May 13 15:20:03 localhost sctpd[376921]: I0513 15:20:03.863322 377415 sctp_connection.cpp:195] Unhandled notification type 32776
May 13 15:20:04 localhost smsd[376744]: INFO:root:mme non_eps_service_config is not SMS_ORC8R, sleeping.
May 13 15:20:14 localhost smsd[376744]: message repeated 2 times: [ INFO:root:mme non_eps_service_config is not SMS_ORC8R, sleeping.]
May 13 15:20:15 localhost control_proxy[376827]: 2022-05-13T15:20:14.709Z [127.0.0.1 -> state-controller.magmasi.wavelabs.in,8443] "POST /magma.orc8r.StateService/ReportStates HTTP/2" 200 5bytes 0.541s
May 13 15:20:15 localhost magmad[376581]: INFO:root:Checkin Successful! Successfully sent states to the cloud!
May 13 15:20:19 localhost mobilityd[376653]: INFO:root:Using GW info: {'default': {2: ('172.16.4.1', 'eth0')}, 2: [('172.16.4.1', 'eth0', True)]}
May 13 15:20:19 localhost mobilityd[376653]: INFO:root:GW-v6 probe: timer started
May 13 15:20:19 localhost smsd[376744]: INFO:root:mme non_eps_service_config is not SMS_ORC8R, sleeping.
May 13 15:20:19 localhost magmad[376581]: INFO:root:[SyncRPC] Got heartBeat from cloud
May 13 15:20:24 localhost control_proxy[376827]: 2022-05-13T15:20:23.854Z [127.0.0.1 -> streamer-controller.magmasi.wavelabs.in,8443] "POST /magma.orc8r.Streamer/GetUpdates HTTP/2" 200 173bytes 0.295s
May 13 15:20:24 localhost policydb[376726]: INFO:root:Processing 4 policy updates (resync=True)
May 13 15:20:24 localhost control_proxy[376827]: 2022-05-13T15:20:24.153Z [127.0.0.1 -> streamer-controller.magmasi.wavelabs.in,8443] "POST /magma.orc8r.Streamer/GetUpdates HTTP/2" 200 7bytes 0.279s
May 13 15:20:24 localhost policydb[376726]: INFO:root:Processing 0 basename -> policy updates
May 13 15:20:24 localhost control_proxy[376827]: 2022-05-13T15:20:24.153Z [127.0.0.1 -> streamer-controller.magmasi.wavelabs.in,8443] "POST /magma.orc8r.Streamer/GetUpdates HTTP/2" 200 13536bytes 0.354s
May 13 15:20:24 localhost policydb[376726]: INFO:root:Processing 223 SID -> apn -> policy updates
May 13 15:20:24 localhost smsd[376744]: INFO:root:mme non_eps_service_config is not SMS_ORC8R, sleeping.
May 13 15:20:25 localhost control_proxy[376827]: 2022-05-13T15:20:24.153Z [127.0.0.1 -> streamer-controller.magmasi.wavelabs.in,8443] "POST /magma.orc8r.Streamer/GetUpdates HTTP/2" 200 7bytes 0.276s
May 13 15:20:25 localhost policydb[376726]: INFO:root:Processing 0 rating group updates
May 13 15:20:29 localhost smsd[376744]: INFO:root:mme non_eps_service_config is not SMS_ORC8R, sleeping.
May 13 15:20:31 localhost sctpd[376921]: I0513 15:20:31.603614 377415 sctp_connection.cpp:195] Unhandled notification type 32776
May 13 15:20:34 localhost smsd[376744]: INFO:root:mme non_eps_service_config is not SMS_ORC8R, sleeping.
May 13 15:20:39 localhost mobilityd[376653]: INFO:root:Using GW info: {'default': {2: ('172.16.4.1', 'eth0')}, 2: [('172.16.4.1', 'eth0', True)]}
May 13 15:20:39 localhost mobilityd[376653]: INFO:root:GW-v6 probe: timer started
May 13 15:20:39 localhost smsd[376744]: INFO:root:mme non_eps_service_config is not SMS_ORC8R, sleeping.
May 13 15:20:44 localhost smsd[376744]: INFO:root:mme non_eps_service_config is not SMS_ORC8R, sleeping.
May 13 15:20:46 localhost magmad[376581]: ERROR:root:Metrics upload error for service subscriberdb (chunk 0)! [StatusCode.DEADLINE_EXCEEDED] Deadline Exceeded
May 13 15:20:46 localhost magmad[376581]: ERROR:root:Metrics upload error for service mobilityd (chunk 0)! [StatusCode.DEADLINE_EXCEEDED] Deadline Exceeded
May 13 15:20:46 localhost magmad[376581]: ERROR:root:Metrics upload error for service mme (chunk 0)! [StatusCode.DEADLINE_EXCEEDED] Deadline Exceeded
May 13 15:20:46 localhost magmad[376581]: ERROR:root:Metrics upload error for service magmad (chunk 0)! [StatusCode.DEADLINE_EXCEEDED] Deadline Exceeded
May 13 15:20:46 localhost magmad[376581]: ERROR:root:Metrics upload error for service enodebd (chunk 0)! [StatusCode.DEADLINE_EXCEEDED] Deadline Exceeded
May 13 15:20:46 localhost magmad[376581]: ERROR:root:Metrics upload error for service pipelined (chunk 0)! [StatusCode.DEADLINE_EXCEEDED] Deadline Exceeded
May 13 15:20:46 localhost magmad[376581]: ERROR:root:Metrics upload error for service state (chunk 0)! [StatusCode.DEADLINE_EXCEEDED] Deadline Exceeded
May 13 15:20:46 localhost magmad[376581]: ERROR:root:Metrics upload error for service sessiond (chunk 0)! [StatusCode.DEADLINE_EXCEEDED] Deadline Exceeded
May 13 15:20:49 localhost smsd[376744]: INFO:root:mme non_eps_service_config is not SMS_ORC8R, sleeping.
May 13 15:20:55 localhost smsd[376744]: INFO:root:mme non_eps_service_config is not SMS_ORC8R, sleeping.
May 13 15:20:59 localhost mobilityd[376653]: INFO:root:Using GW info: {'default': {2: ('172.16.4.1', 'eth0')}, 2: [('172.16.4.1', 'eth0', True)]}
May 13 15:20:59 localhost mobilityd[376653]: INFO:root:GW-v6 probe: timer started
May 13 15:20:59 localhost sctpd[376921]: I0513 15:20:59.456027 377415 sctp_connection.cpp:195] Unhandled notification type 32776
May 13 15:21:00 localhost smsd[376744]: INFO:root:mme non_eps_service_config is not SMS_ORC8R, sleeping.
May 13 15:21:15 localhost smsd[376744]: message repeated 3 times: [ INFO:root:mme non_eps_service_config is not SMS_ORC8R, sleeping.]
May 13 15:21:15 localhost magmad[376581]: INFO:root:Setting logging level to INFO
May 13 15:21:17 localhost control_proxy[376827]: 2022-05-13T15:20:16.427Z [127.0.0.1 -> streamer-controller.magmasi.wavelabs.in,8443] "POST /magma.orc8r.Streamer/GetUpdates HTTP/2" 200 0bytes 60.269s
May 13 15:21:17 localhost magmad[376581]: ERROR:root:Error! Streaming from the cloud failed! [StatusCode.ABORTED] error while streaming updates: rpc error: code = DeadlineExceeded desc = context deadline exceeded
May 13 15:21:19 localhost mobilityd[376653]: INFO:root:Using GW info: {'default': {2: ('172.16.4.1', 'eth0')}, 2: [('172.16.4.1', 'eth0', True)]}
May 13 15:21:19 localhost mobilityd[376653]: INFO:root:GW-v6 probe: timer started
May 13 15:21:19 localhost magmad[376581]: INFO:root:[SyncRPC] Got heartBeat from cloud
May 13 15:21:20 localhost smsd[376744]: INFO:root:mme non_eps_service_config is not SMS_ORC8R, sleeping.
May 13 15:21:23 localhost sctpd[376921]: I0513 15:21:23.940272 377415 sctp_connection.cpp:195] Unhandled notification type 32776
May 13 15:21:25 localhost smsd[376744]: INFO:root:mme non_eps_service_config is not SMS_ORC8R, sleeping.
May 13 15:21:25 localhost control_proxy[376827]: 2022-05-13T15:21:25.122Z [127.0.0.1 -> streamer-controller.magmasi.wavelabs.in,8443] "POST /magma.orc8r.Streamer/GetUpdates HTTP/2" 200 173bytes 0.551s
May 13 15:21:25 localhost policydb[376726]: INFO:root:Processing 4 policy updates (resync=True)
May 13 15:21:25 localhost control_proxy[376827]: 2022-05-13T15:21:25.122Z [127.0.0.1 -> streamer-controller.magmasi.wavelabs.in,8443] "POST /magma.orc8r.Streamer/GetUpdates HTTP/2" 200 7bytes 0.294s
May 13 15:21:25 localhost policydb[376726]: INFO:root:Processing 0 basename -> policy updates
May 13 15:21:26 localhost control_proxy[376827]: 2022-05-13T15:21:25.122Z [127.0.0.1 -> streamer-controller.magmasi.wavelabs.in,8443] "POST /magma.orc8r.Streamer/GetUpdates HTTP/2" 200 13536bytes 0.363s
May 13 15:21:26 localhost policydb[376726]: INFO:root:Processing 223 SID -> apn -> policy updates
May 13 15:21:26 localhost control_proxy[376827]: 2022-05-13T15:21:26.345Z [127.0.0.1 -> streamer-controller.magmasi.wavelabs.in,8443] "POST /magma.orc8r.Streamer/GetUpdates HTTP/2" 200 7bytes 0.298s
May 13 15:21:26 localhost policydb[376726]: INFO:root:Processing 0 rating group updates
May 13 15:21:30 localhost smsd[376744]: INFO:root:mme non_eps_service_config is not SMS_ORC8R, sleeping.
May 13 15:21:35 localhost control_proxy[376827]: 2022-05-13T15:21:34.210Z [127.0.0.1 -> state-controller.magmasi.wavelabs.in,8443] "POST /magma.orc8r.StateService/ReportStates HTTP/2" 200 5bytes 0.663s
May 13 15:21:35 localhost magmad[376581]: INFO:root:Checkin Successful! Successfully sent states to the cloud!
May 13 15:21:35 localhost smsd[376744]: INFO:root:mme non_eps_service_config is not SMS_ORC8R, sleeping.
May 13 15:21:39 localhost mobilityd[376653]: INFO:root:Using GW info: {'default': {2: ('172.16.4.1', 'eth0')}, 2: [('172.16.4.1', 'eth0', True)]}
May 13 15:21:39 localhost mobilityd[376653]: INFO:root:GW-v6 probe: timer started
May 13 15:21:40 localhost smsd[376744]: INFO:root:mme non_eps_service_config is not SMS_ORC8R, sleeping.
May 13 15:21:50 localhost smsd[376744]: message repeated 2 times: [ INFO:root:mme non_eps_service_config is not SMS_ORC8R, sleeping.]
May 13 15:21:54 localhost sctpd[376921]: I0513 15:21:54.955404 377415 sctp_connection.cpp:195] Unhandled notification type 32776
May 13 15:21:55 localhost smsd[376744]: INFO:root:mme non_eps_service_config is not SMS_ORC8R, sleeping.
May 13 15:21:59 localhost mobilityd[376653]: INFO:root:Using GW info: {'default': {2: ('172.16.4.1', 'eth0')}, 2: [('172.16.4.1', 'eth0', True)]}
May 13 15:21:59 localhost mobilityd[376653]: INFO:root:GW-v6 probe: timer started
May 13 15:22:00 localhost smsd[376744]: INFO:root:mme non_eps_service_config is not SMS_ORC8R, sleeping.
May 13 15:22:04 localhost magmad[376581]: ERROR:root:Metrics upload error for service subscriberdb (chunk 0)! [StatusCode.DEADLINE_EXCEEDED] Deadline Exceeded
May 13 15:22:04 localhost magmad[376581]: ERROR:root:Metrics upload error for service mobilityd (chunk 0)! [StatusCode.DEADLINE_EXCEEDED] Deadline Exceeded
May 13 15:22:04 localhost magmad[376581]: ERROR:root:Metrics upload error for service mme (chunk 0)! [StatusCode.DEADLINE_EXCEEDED] Deadline Exceeded
May 13 15:22:04 localhost magmad[376581]: ERROR:root:Metrics upload error for service magmad (chunk 0)! [StatusCode.DEADLINE_EXCEEDED] Deadline Exceeded
May 13 15:22:04 localhost magmad[376581]: ERROR:root:Metrics upload error for service enodebd (chunk 0)! [StatusCode.DEADLINE_EXCEEDED] Deadline Exceeded
May 13 15:22:04 localhost magmad[376581]: ERROR:root:Metrics upload error for service pipelined (chunk 0)! [StatusCode.DEADLINE_EXCEEDED] Deadline Exceeded
May 13 15:22:04 localhost magmad[376581]: ERROR:root:Metrics upload error for service state (chunk 0)! [StatusCode.DEADLINE_EXCEEDED] Deadline Exceeded
May 13 15:22:04 localhost magmad[376581]: ERROR:root:Metrics upload error for service sessiond (chunk 0)! [StatusCode.DEADLINE_EXCEEDED] Deadline Exceeded
May 13 15:22:05 localhost smsd[376744]: INFO:root:mme non_eps_service_config is not SMS_ORC8R, sleeping.
May 13 15:22:15 localhost smsd[376744]: message repeated 2 times: [ INFO:root:mme non_eps_service_config is not SMS_ORC8R, sleeping.]
May 13 15:22:16 localhost sctpd[376921]: I0513 15:22:16.829087 377415 sctp_connection.cpp:195] Unhandled notification type 32776
May 13 15:22:19 localhost mobilityd[376653]: INFO:root:Using GW info: {'default': {2: ('172.16.4.1', 'eth0')}, 2: [('172.16.4.1', 'eth0', True)]}
May 13 15:22:19 localhost mobilityd[376653]: INFO:root:GW-v6 probe: timer started
May 13 15:22:19 localhost magmad[376581]: INFO:root:[SyncRPC] Got heartBeat from cloud
May 13 15:22:20 localhost smsd[376744]: INFO:root:mme non_eps_service_config is not SMS_ORC8R, sleeping.
May 13 15:22:21 localhost subscriberdb[376651]: INFO:root:get digest stored in gateway:
May 13 15:22:21 localhost control_proxy[376827]: 2022-05-13T15:22:21.560Z [127.0.0.1 -> subscriberdb-controller.magmasi.wavelabs.in,8443] "POST /magma.lte.SubscriberDBCloud/CheckInSync HTTP/2" 200 0bytes 0.266s
May 13 15:22:21 localhost subscriberdb[376651]: ERROR:root:Internal Error in subscriberdb-Orc8r communication. If AGW and Orc8r are deployed at a commit hash, upgrade AGW and Orc8r to latest commit hash.
May 13 15:22:22 localhost control_proxy[376827]: 2022-05-13T15:22:21.560Z [127.0.0.1 -> subscriberdb-controller.magmasi.wavelabs.in,8443] "POST /magma.lte.SubscriberDBCloud/Sync HTTP/2" 200 0bytes 0.263s
May 13 15:22:22 localhost subscriberdb[376651]: ERROR:root:Internal Error in subscriberdb-Orc8r communication. If AGW and Orc8r are deployed at a commit hash, upgrade AGW and Orc8r to latest commit hash.
May 13 15:22:22 localhost control_proxy[376827]: 2022-05-13T15:22:22.097Z [127.0.0.1 -> subscriberdb-controller.magmasi.wavelabs.in,8443] "POST /magma.lte.SubscriberDBCloud/ListSubscribers HTTP/2" 200 44653bytes 0.324s
May 13 15:22:22 localhost subscriberdb[376651]: INFO:root:Successfully fetched all subscriber pages from the cloud!
May 13 15:22:22 localhost subscriberdb[376651]: INFO:root:update root digest stored in gateway:
May 13 15:22:25 localhost smsd[376744]: INFO:root:mme non_eps_service_config is not SMS_ORC8R, sleeping.
May 13 15:22:27 localhost control_proxy[376827]: 2022-05-13T15:22:26.706Z [127.0.0.1 -> streamer-controller.magmasi.wavelabs.in,8443] "POST /magma.orc8r.Streamer/GetUpdates HTTP/2" 200 173bytes 0.292s
May 13 15:22:27 localhost policydb[376726]: INFO:root:Processing 4 policy updates (resync=True)
May 13 15:22:27 localhost control_proxy[376827]: 2022-05-13T15:22:27.003Z [127.0.0.1 -> streamer-controller.magmasi.wavelabs.in,8443] "POST /magma.orc8r.Streamer/GetUpdates HTTP/2" 200 7bytes 0.282s
May 13 15:22:27 localhost policydb[376726]: INFO:root:Processing 0 basename -> policy updates
May 13 15:22:27 localhost control_proxy[376827]: 2022-05-13T15:22:27.003Z [127.0.0.1 -> streamer-controller.magmasi.wavelabs.in,8443] "POST /magma.orc8r.Streamer/GetUpdates HTTP/2" 200 13536bytes 0.315s
May 13 15:22:27 localhost policydb[376726]: INFO:root:Processing 223 SID -> apn -> policy updates
May 13 15:22:27 localhost control_proxy[376827]: 2022-05-13T15:22:27.003Z [127.0.0.1 -> streamer-controller.magmasi.wavelabs.in,8443] "POST /magma.orc8r.Streamer/GetUpdates HTTP/2" 200 7bytes 0.280s
May 13 15:22:27 localhost policydb[376726]: INFO:root:Processing 0 rating group updates
May 13 15:22:30 localhost smsd[376744]: INFO:root:mme non_eps_service_config is not SMS_ORC8R, sleeping.
May 13 15:22:35 localhost magmad[376581]: INFO:root:Setting logging level to INFO
May 13 15:22:35 localhost smsd[376744]: INFO:root:mme non_eps_service_config is not SMS_ORC8R, sleeping.
May 13 15:22:39 localhost mobilityd[376653]: INFO:root:Using GW info: {'default': {2: ('172.16.4.1', 'eth0')}, 2: [('172.16.4.1', 'eth0', True)]}
May 13 15:22:39 localhost mobilityd[376653]: INFO:root:GW-v6 probe: timer started
May 13 15:22:40 localhost smsd[376744]: INFO:root:mme non_eps_service_config is not SMS_ORC8R, sleeping.
May 13 15:22:45 localhost smsd[376744]: INFO:root:mme non_eps_service_config is not SMS_ORC8R, sleeping.
May 13 15:22:47 localhost dnsmasq-dhcp[376837]: DHCPDISCOVER(eth1) 48:bf:74:03:3d:72 
May 13 15:22:47 localhost dnsmasq-dhcp[376837]: DHCPOFFER(eth1) 172.16.7.250 48:bf:74:03:3d:72 
May 13 15:22:50 localhost smsd[376744]: INFO:root:mme non_eps_service_config is not SMS_ORC8R, sleeping.
May 13 15:22:50 localhost sctpd[376921]: I0513 15:22:50.881162 377415 sctp_connection.cpp:195] Unhandled notification type 32776
May 13 15:22:54 localhost control_proxy[376827]: 2022-05-13T15:22:53.949Z [127.0.0.1 -> state-controller.magmasi.wavelabs.in,8443] "POST /magma.orc8r.StateService/ReportStates HTTP/2" 200 5bytes 0.280s
May 13 15:22:54 localhost magmad[376581]: INFO:root:Checkin Successful! Successfully sent states to the cloud!
May 13 15:22:55 localhost smsd[376744]: INFO:root:mme non_eps_service_config is not SMS_ORC8R, sleeping.
May 13 15:22:59 localhost mobilityd[376653]: INFO:root:Using GW info: {'default': {2: ('172.16.4.1', 'eth0')}, 2: [('172.16.4.1', 'eth0', True)]}
May 13 15:22:59 localhost mobilityd[376653]: INFO:root:GW-v6 probe: timer started
May 13 15:23:00 localhost smsd[376744]: INFO:root:mme non_eps_service_config is not SMS_ORC8R, sleeping.
May 13 15:23:04 localhost magmad[376581]: ERROR:root:Metrics upload error for service subscriberdb (chunk 0)! [StatusCode.DEADLINE_EXCEEDED] Deadline Exceeded
May 13 15:23:04 localhost magmad[376581]: ERROR:root:Metrics upload error for service mobilityd (chunk 0)! [StatusCode.DEADLINE_EXCEEDED] Deadline Exceeded
May 13 15:23:04 localhost magmad[376581]: ERROR:root:Metrics upload error for service mme (chunk 0)! [StatusCode.DEADLINE_EXCEEDED] Deadline Exceeded
May 13 15:23:04 localhost magmad[376581]: ERROR:root:Metrics upload error for service magmad (chunk 0)! [StatusCode.DEADLINE_EXCEEDED] Deadline Exceeded
May 13 15:23:04 localhost magmad[376581]: ERROR:root:Metrics upload error for service enodebd (chunk 0)! [StatusCode.DEADLINE_EXCEEDED] Deadline Exceeded
May 13 15:23:04 localhost magmad[376581]: ERROR:root:Metrics upload error for service pipelined (chunk 0)! [StatusCode.DEADLINE_EXCEEDED] Deadline Exceeded
May 13 15:23:04 localhost magmad[376581]: ERROR:root:Metrics upload error for service state (chunk 0)! [StatusCode.DEADLINE_EXCEEDED] Deadline Exceeded
May 13 15:23:04 localhost magmad[376581]: ERROR:root:Metrics upload error for service sessiond (chunk 0)! [StatusCode.DEADLINE_EXCEEDED] Deadline Exceeded
May 13 15:23:05 localhost smsd[376744]: INFO:root:mme non_eps_service_config is not SMS_ORC8R, sleeping.
May 13 15:23:10 localhost smsd[376744]: INFO:root:mme non_eps_service_config is not SMS_ORC8R, sleeping.
May 13 15:23:10 localhost dnsmasq-dhcp[376837]: DHCPDISCOVER(eth1) 48:bf:74:03:3d:72 
May 13 15:23:10 localhost dnsmasq-dhcp[376837]: DHCPOFFER(eth1) 172.16.7.250 48:bf:74:03:3d:72 
May 13 15:23:10 localhost dnsmasq-dhcp[376837]: DHCPREQUEST(eth1) 172.16.7.250 48:bf:74:03:3d:72 
May 13 15:23:10 localhost dnsmasq-dhcp[376837]: DHCPACK(eth1) 172.16.7.250 48:bf:74:03:3d:72 
May 13 15:23:15 localhost smsd[376744]: INFO:root:mme non_eps_service_config is not SMS_ORC8R, sleeping.
May 13 15:23:17 localhost control_proxy[376827]: 2022-05-13T15:22:17.323Z [127.0.0.1 -> streamer-controller.magmasi.wavelabs.in,8443] "POST /magma.orc8r.Streamer/GetUpdates HTTP/2" 200 0bytes 60.537s
May 13 15:23:17 localhost magmad[376581]: ERROR:root:Error! Streaming from the cloud failed! [StatusCode.ABORTED] error while streaming updates: rpc error: code = DeadlineExceeded desc = context deadline exceeded
May 13 15:23:18 localhost sctpd[376921]: I0513 15:23:18.850597 377415 sctp_connection.cpp:195] Unhandled notification type 32776
May 13 15:23:19 localhost mobilityd[376653]: INFO:root:Using GW info: {'default': {2: ('172.16.4.1', 'eth0')}, 2: [('172.16.4.1', 'eth0', True)]}
May 13 15:23:19 localhost mobilityd[376653]: INFO:root:GW-v6 probe: timer started
May 13 15:23:19 localhost magmad[376581]: INFO:root:[SyncRPC] Got heartBeat from cloud
May 13 15:23:20 localhost smsd[376744]: INFO:root:mme non_eps_service_config is not SMS_ORC8R, sleeping.
May 13 15:23:25 localhost smsd[376744]: INFO:root:mme non_eps_service_config is not SMS_ORC8R, sleeping.
May 13 15:23:28 localhost control_proxy[376827]: 2022-05-13T15:23:27.953Z [127.0.0.1 -> streamer-controller.magmasi.wavelabs.in,8443] "POST /magma.orc8r.Streamer/GetUpdates HTTP/2" 200 173bytes 0.559s
May 13 15:23:28 localhost policydb[376726]: INFO:root:Processing 4 policy updates (resync=True)
May 13 15:23:28 localhost control_proxy[376827]: 2022-05-13T15:23:28.515Z [127.0.0.1 -> streamer-controller.magmasi.wavelabs.in,8443] "POST /magma.orc8r.Streamer/GetUpdates HTTP/2" 200 7bytes 0.285s
May 13 15:23:28 localhost policydb[376726]: INFO:root:Processing 0 basename -> policy updates
May 13 15:23:29 localhost control_proxy[376827]: 2022-05-13T15:23:28.515Z [127.0.0.1 -> streamer-controller.magmasi.wavelabs.in,8443] "POST /magma.orc8r.Streamer/GetUpdates HTTP/2" 200 13536bytes 0.328s
May 13 15:23:29 localhost policydb[376726]: INFO:root:Processing 223 SID -> apn -> policy updates
May 13 15:23:29 localhost control_proxy[376827]: 2022-05-13T15:23:29.139Z [127.0.0.1 -> streamer-controller.magmasi.wavelabs.in,8443] "POST /magma.orc8r.Streamer/GetUpdates HTTP/2" 200 7bytes 0.294s
May 13 15:23:29 localhost policydb[376726]: INFO:root:Processing 0 rating group updates
May 13 15:23:30 localhost smsd[376744]: INFO:root:mme non_eps_service_config is not SMS_ORC8R, sleeping.
May 13 15:23:35 localhost smsd[376744]: INFO:root:mme non_eps_service_config is not SMS_ORC8R, sleeping.
May 13 15:23:39 localhost mobilityd[376653]: INFO:root:Using GW info: {'default': {2: ('172.16.4.1', 'eth0')}, 2: [('172.16.4.1', 'eth0', True)]}
May 13 15:23:39 localhost mobilityd[376653]: INFO:root:GW-v6 probe: timer started
May 13 15:23:40 localhost smsd[376744]: INFO:root:mme non_eps_service_config is not SMS_ORC8R, sleeping.
May 13 15:23:45 localhost smsd[376744]: INFO:root:mme non_eps_service_config is not SMS_ORC8R, sleeping.
May 13 15:23:46 localhost sctpd[376921]: I0513 15:23:46.915443 377415 sctp_connection.cpp:195] Unhandled notification type 32776
May 13 15:23:51 localhost smsd[376744]: INFO:root:mme non_eps_service_config is not SMS_ORC8R, sleeping.
May 13 15:23:55 localhost magmad[376581]: INFO:root:Setting logging level to INFO
May 13 15:23:56 localhost smsd[376744]: INFO:root:mme non_eps_service_config is not SMS_ORC8R, sleeping.
May 13 15:23:59 localhost mobilityd[376653]: INFO:root:Using GW info: {'default': {2: ('172.16.4.1', 'eth0')}, 2: [('172.16.4.1', 'eth0', True)]}
May 13 15:23:59 localhost mobilityd[376653]: INFO:root:GW-v6 probe: timer started
May 13 15:24:01 localhost smsd[376744]: INFO:root:mme non_eps_service_config is not SMS_ORC8R, sleeping.
May 13 15:24:11 localhost smsd[376744]: message repeated 2 times: [ INFO:root:mme non_eps_service_config is not SMS_ORC8R, sleeping.]
May 13 15:24:13 localhost magmad[376581]: ERROR:root:Metrics upload error for service subscriberdb (chunk 0)! [StatusCode.DEADLINE_EXCEEDED] Deadline Exceeded
May 13 15:24:13 localhost magmad[376581]: ERROR:root:Metrics upload error for service mobilityd (chunk 0)! [StatusCode.DEADLINE_EXCEEDED] Deadline Exceeded
May 13 15:24:13 localhost magmad[376581]: ERROR:root:Metrics upload error for service mme (chunk 0)! [StatusCode.DEADLINE_EXCEEDED] Deadline Exceeded
May 13 15:24:13 localhost magmad[376581]: ERROR:root:Metrics upload error for service magmad (chunk 0)! [StatusCode.DEADLINE_EXCEEDED] Deadline Exceeded
May 13 15:24:13 localhost magmad[376581]: ERROR:root:Metrics upload error for service enodebd (chunk 0)! [StatusCode.DEADLINE_EXCEEDED] Deadline Exceeded
May 13 15:24:13 localhost magmad[376581]: ERROR:root:Metrics upload error for service pipelined (chunk 0)! [StatusCode.DEADLINE_EXCEEDED] Deadline Exceeded
May 13 15:24:13 localhost magmad[376581]: ERROR:root:Metrics upload error for service state (chunk 0)! [StatusCode.DEADLINE_EXCEEDED] Deadline Exceeded
May 13 15:24:13 localhost magmad[376581]: ERROR:root:Metrics upload error for service sessiond (chunk 0)! [StatusCode.DEADLINE_EXCEEDED] Deadline Exceeded
May 13 15:24:14 localhost control_proxy[376827]: 2022-05-13T15:24:13.469Z [127.0.0.1 -> state-controller.magmasi.wavelabs.in,8443] "POST /magma.orc8r.StateService/ReportStates HTTP/2" 200 5bytes 0.536s
May 13 15:24:14 localhost magmad[376581]: INFO:root:Checkin Successful! Successfully sent states to the cloud!
May 13 15:24:14 localhost sctpd[376921]: I0513 15:24:14.888751 377415 sctp_connection.cpp:195] Unhandled notification type 32776
May 13 15:24:16 localhost smsd[376744]: INFO:root:mme non_eps_service_config is not SMS_ORC8R, sleeping.
May 13 15:24:16 localhost magmad[376581]: INFO:root:Checking for upgrade...
May 13 15:24:16 localhost magmad[376581]: WARNING:root:magmad package_version config missing or set to default 0.0.0-0, skipping upgrade
May 13 15:24:19 localhost mobilityd[376653]: INFO:root:Using GW info: {'default': {2: ('172.16.4.1', 'eth0')}, 2: [('172.16.4.1', 'eth0', True)]}
May 13 15:24:19 localhost mobilityd[376653]: INFO:root:GW-v6 probe: timer started
May 13 15:24:19 localhost magmad[376581]: INFO:root:[SyncRPC] Got heartBeat from cloud
May 13 15:24:21 localhost smsd[376744]: INFO:root:mme non_eps_service_config is not SMS_ORC8R, sleeping.
May 13 15:24:26 localhost smsd[376744]: INFO:root:mme non_eps_service_config is not SMS_ORC8R, sleeping.
May 13 15:24:30 localhost control_proxy[376827]: 2022-05-13T15:24:29.475Z [127.0.0.1 -> streamer-controller.magmasi.wavelabs.in,8443] "POST /magma.orc8r.Streamer/GetUpdates HTTP/2" 200 173bytes 0.551s
May 13 15:24:30 localhost policydb[376726]: INFO:root:Processing 4 policy updates (resync=True)
May 13 15:24:30 localhost control_proxy[376827]: 2022-05-13T15:24:30.030Z [127.0.0.1 -> streamer-controller.magmasi.wavelabs.in,8443] "POST /magma.orc8r.Streamer/GetUpdates HTTP/2" 200 7bytes 0.291s
May 13 15:24:30 localhost policydb[376726]: INFO:root:Processing 0 basename -> policy updates
May 13 15:24:30 localhost control_proxy[376827]: 2022-05-13T15:24:30.030Z [127.0.0.1 -> streamer-controller.magmasi.wavelabs.in,8443] "POST /magma.orc8r.Streamer/GetUpdates HTTP/2" 200 13536bytes 0.312s
May 13 15:24:30 localhost policydb[376726]: INFO:root:Processing 223 SID -> apn -> policy updates
May 13 15:24:30 localhost control_proxy[376827]: 2022-05-13T15:24:30.030Z [127.0.0.1 -> streamer-controller.magmasi.wavelabs.in,8443] "POST /magma.orc8r.Streamer/GetUpdates HTTP/2" 200 7bytes 0.281s
May 13 15:24:30 localhost policydb[376726]: INFO:root:Processing 0 rating group updates
May 13 15:24:31 localhost smsd[376744]: INFO:root:mme non_eps_service_config is not SMS_ORC8R, sleeping.
May 13 15:24:36 localhost smsd[376744]: INFO:root:mme non_eps_service_config is not SMS_ORC8R, sleeping.
May 13 15:24:38 localhost sctpd[376921]: I0513 15:24:38.935704 377415 sctp_connection.cpp:195] Unhandled notification type 32776
May 13 15:24:39 localhost mobilityd[376653]: INFO:root:Using GW info: {'default': {2: ('172.16.4.1', 'eth0')}, 2: [('172.16.4.1', 'eth0', True)]}
May 13 15:24:39 localhost mobilityd[376653]: INFO:root:GW-v6 probe: timer started
May 13 15:24:41 localhost smsd[376744]: INFO:root:mme non_eps_service_config is not SMS_ORC8R, sleeping.
May 13 15:24:56 localhost smsd[376744]: message repeated 3 times: [ INFO:root:mme non_eps_service_config is not SMS_ORC8R, sleeping.]
May 13 15:24:59 localhost mobilityd[376653]: INFO:root:Using GW info: {'default': {2: ('172.16.4.1', 'eth0')}, 2: [('172.16.4.1', 'eth0', True)]}
May 13 15:24:59 localhost mobilityd[376653]: INFO:root:GW-v6 probe: timer started
May 13 15:25:01 localhost smsd[376744]: INFO:root:mme non_eps_service_config is not SMS_ORC8R, sleeping.
May 13 15:25:04 localhost magmad[376581]: ERROR:root:Metrics upload error for service subscriberdb (chunk 0)! [StatusCode.DEADLINE_EXCEEDED] Deadline Exceeded
May 13 15:25:04 localhost magmad[376581]: ERROR:root:Metrics upload error for service mobilityd (chunk 0)! [StatusCode.DEADLINE_EXCEEDED] Deadline Exceeded
May 13 15:25:04 localhost magmad[376581]: ERROR:root:Metrics upload error for service mme (chunk 0)! [StatusCode.DEADLINE_EXCEEDED] Deadline Exceeded
May 13 15:25:04 localhost magmad[376581]: ERROR:root:Metrics upload error for service magmad (chunk 0)! [StatusCode.DEADLINE_EXCEEDED] Deadline Exceeded
May 13 15:25:04 localhost magmad[376581]: ERROR:root:Metrics upload error for service enodebd (chunk 0)! [StatusCode.DEADLINE_EXCEEDED] Deadline Exceeded
May 13 15:25:04 localhost magmad[376581]: ERROR:root:Metrics upload error for service pipelined (chunk 0)! [StatusCode.DEADLINE_EXCEEDED] Deadline Exceeded
May 13 15:25:04 localhost magmad[376581]: ERROR:root:Metrics upload error for service state (chunk 0)! [StatusCode.DEADLINE_EXCEEDED] Deadline Exceeded
May 13 15:25:04 localhost magmad[376581]: ERROR:root:Metrics upload error for service sessiond (chunk 0)! [StatusCode.DEADLINE_EXCEEDED] Deadline Exceeded
May 13 15:25:06 localhost smsd[376744]: INFO:root:mme non_eps_service_config is not SMS_ORC8R, sleeping.
May 13 15:25:10 localhost sctpd[376921]: I0513 15:25:10.623716 377415 sctp_connection.cpp:195] Unhandled notification type 32776
May 13 15:25:11 localhost smsd[376744]: INFO:root:mme non_eps_service_config is not SMS_ORC8R, sleeping.
May 13 15:25:14 localhost magmad[376581]: INFO:root:Setting logging level to INFO
May 13 15:25:16 localhost smsd[376744]: INFO:root:mme non_eps_service_config is not SMS_ORC8R, sleeping.
May 13 15:25:18 localhost control_proxy[376827]: 2022-05-13T15:24:17.918Z [127.0.0.1 -> streamer-controller.magmasi.wavelabs.in,8443] "POST /magma.orc8r.Streamer/GetUpdates HTTP/2" 200 0bytes 60.268s
May 13 15:25:18 localhost magmad[376581]: ERROR:root:Error! Streaming from the cloud failed! [StatusCode.ABORTED] error while streaming updates: rpc error: code = DeadlineExceeded desc = context deadline exceeded
May 13 15:25:19 localhost mobilityd[376653]: INFO:root:Using GW info: {'default': {2: ('172.16.4.1', 'eth0')}, 2: [('172.16.4.1', 'eth0', True)]}
May 13 15:25:19 localhost mobilityd[376653]: INFO:root:GW-v6 probe: timer started
May 13 15:25:19 localhost magmad[376581]: INFO:root:[SyncRPC] Got heartBeat from cloud
May 13 15:25:21 localhost smsd[376744]: INFO:root:mme non_eps_service_config is not SMS_ORC8R, sleeping.
May 13 15:25:26 localhost smsd[376744]: INFO:root:mme non_eps_service_config is not SMS_ORC8R, sleeping.
May 13 15:25:31 localhost control_proxy[376827]: 2022-05-13T15:25:30.986Z [127.0.0.1 -> streamer-controller.magmasi.wavelabs.in,8443] "POST /magma.orc8r.Streamer/GetUpdates HTTP/2" 200 173bytes 0.557s
May 13 15:25:31 localhost policydb[376726]: INFO:root:Processing 4 policy updates (resync=True)
May 13 15:25:31 localhost smsd[376744]: INFO:root:mme non_eps_service_config is not SMS_ORC8R, sleeping.
May 13 15:25:31 localhost control_proxy[376827]: 2022-05-13T15:25:31.546Z [127.0.0.1 -> streamer-controller.magmasi.wavelabs.in,8443] "POST /magma.orc8r.Streamer/GetUpdates HTTP/2" 200 7bytes 0.285s
May 13 15:25:31 localhost policydb[376726]: INFO:root:Processing 0 basename -> policy updates
May 13 15:25:32 localhost control_proxy[376827]: 2022-05-13T15:25:31.546Z [127.0.0.1 -> streamer-controller.magmasi.wavelabs.in,8443] "POST /magma.orc8r.Streamer/GetUpdates HTTP/2" 200 13536bytes 0.333s
May 13 15:25:32 localhost policydb[376726]: INFO:root:Processing 223 SID -> apn -> policy updates
May 13 15:25:32 localhost control_proxy[376827]: 2022-05-13T15:25:32.175Z [127.0.0.1 -> streamer-controller.magmasi.wavelabs.in,8443] "POST /magma.orc8r.Streamer/GetUpdates HTTP/2" 200 7bytes 0.283s
May 13 15:25:32 localhost policydb[376726]: INFO:root:Processing 0 rating group updates
May 13 15:25:32 localhost sctpd[376921]: I0513 15:25:32.492229 377415 sctp_connection.cpp:195] Unhandled notification type 32776
May 13 15:25:33 localhost control_proxy[376827]: 2022-05-13T15:25:32.175Z [127.0.0.1 -> state-controller.magmasi.wavelabs.in,8443] "POST /magma.orc8r.StateService/ReportStates HTTP/2" 200 5bytes 0.278s
May 13 15:25:33 localhost magmad[376581]: INFO:root:Checkin Successful! Successfully sent states to the cloud!
May 13 15:25:36 localhost smsd[376744]: INFO:root:mme non_eps_service_config is not SMS_ORC8R, sleeping.
May 13 15:25:39 localhost mobilityd[376653]: INFO:root:Using GW info: {'default': {2: ('172.16.4.1', 'eth0')}, 2: [('172.16.4.1', 'eth0', True)]}
May 13 15:25:39 localhost mobilityd[376653]: INFO:root:GW-v6 probe: timer started
May 13 15:25:41 localhost smsd[376744]: INFO:root:mme non_eps_service_config is not SMS_ORC8R, sleeping.
May 13 15:25:56 localhost smsd[376744]: message repeated 3 times: [ INFO:root:mme non_eps_service_config is not SMS_ORC8R, sleeping.]
May 13 15:25:59 localhost mobilityd[376653]: INFO:root:Using GW info: {'default': {2: ('172.16.4.1', 'eth0')}, 2: [('172.16.4.1', 'eth0', True)]}
May 13 15:25:59 localhost mobilityd[376653]: INFO:root:GW-v6 probe: timer started
May 13 15:26:01 localhost smsd[376744]: INFO:root:mme non_eps_service_config is not SMS_ORC8R, sleeping.
May 13 15:26:04 localhost magmad[376581]: ERROR:root:Metrics upload error for service subscriberdb (chunk 0)! [StatusCode.DEADLINE_EXCEEDED] Deadline Exceeded
May 13 15:26:04 localhost magmad[376581]: ERROR:root:Metrics upload error for service mobilityd (chunk 0)! [StatusCode.DEADLINE_EXCEEDED] Deadline Exceeded
May 13 15:26:04 localhost magmad[376581]: ERROR:root:Metrics upload error for service mme (chunk 0)! [StatusCode.DEADLINE_EXCEEDED] Deadline Exceeded
May 13 15:26:04 localhost magmad[376581]: ERROR:root:Metrics upload error for service magmad (chunk 0)! [StatusCode.DEADLINE_EXCEEDED] Deadline Exceeded
May 13 15:26:04 localhost magmad[376581]: ERROR:root:Metrics upload error for service enodebd (chunk 0)! [StatusCode.DEADLINE_EXCEEDED] Deadline Exceeded
May 13 15:26:04 localhost magmad[376581]: ERROR:root:Metrics upload error for service pipelined (chunk 0)! [StatusCode.DEADLINE_EXCEEDED] Deadline Exceeded
May 13 15:26:04 localhost magmad[376581]: ERROR:root:Metrics upload error for service state (chunk 0)! [StatusCode.DEADLINE_EXCEEDED] Deadline Exceeded
May 13 15:26:04 localhost magmad[376581]: ERROR:root:Metrics upload error for service sessiond (chunk 0)! [StatusCode.DEADLINE_EXCEEDED] Deadline Exceeded
May 13 15:26:06 localhost sctpd[376921]: I0513 15:26:06.445714 377415 sctp_connection.cpp:195] Unhandled notification type 32776
May 13 15:26:06 localhost smsd[376744]: INFO:root:mme non_eps_service_config is not SMS_ORC8R, sleeping.
May 13 15:26:16 localhost smsd[376744]: message repeated 2 times: [ INFO:root:mme non_eps_service_config is not SMS_ORC8R, sleeping.]
May 13 15:26:19 localhost mobilityd[376653]: INFO:root:Using GW info: {'default': {2: ('172.16.4.1', 'eth0')}, 2: [('172.16.4.1', 'eth0', True)]}
May 13 15:26:19 localhost mobilityd[376653]: INFO:root:GW-v6 probe: timer started
May 13 15:26:19 localhost magmad[376581]: INFO:root:[SyncRPC] Got heartBeat from cloud
May 13 15:26:21 localhost smsd[376744]: INFO:root:mme non_eps_service_config is not SMS_ORC8R, sleeping.
May 13 15:26:31 localhost smsd[376744]: message repeated 2 times: [ INFO:root:mme non_eps_service_config is not SMS_ORC8R, sleeping.]
May 13 15:26:33 localhost control_proxy[376827]: 2022-05-13T15:26:32.493Z [127.0.0.1 -> streamer-controller.magmasi.wavelabs.in,8443] "POST /magma.orc8r.Streamer/GetUpdates HTTP/2" 200 173bytes 0.556s
May 13 15:26:33 localhost policydb[376726]: INFO:root:Processing 4 policy updates (resync=True)
May 13 15:26:33 localhost control_proxy[376827]: 2022-05-13T15:26:33.053Z [127.0.0.1 -> streamer-controller.magmasi.wavelabs.in,8443] "POST /magma.orc8r.Streamer/GetUpdates HTTP/2" 200 7bytes 0.288s
May 13 15:26:33 localhost policydb[376726]: INFO:root:Processing 0 basename -> policy updates
May 13 15:26:33 localhost control_proxy[376827]: 2022-05-13T15:26:33.053Z [127.0.0.1 -> streamer-controller.magmasi.wavelabs.in,8443] "POST /magma.orc8r.Streamer/GetUpdates HTTP/2" 200 13536bytes 0.318s
May 13 15:26:33 localhost policydb[376726]: INFO:root:Processing 223 SID -> apn -> policy updates
May 13 15:26:33 localhost control_proxy[376827]: 2022-05-13T15:26:33.053Z [127.0.0.1 -> streamer-controller.magmasi.wavelabs.in,8443] "POST /magma.orc8r.Streamer/GetUpdates HTTP/2" 200 7bytes 0.276s
May 13 15:26:33 localhost policydb[376726]: INFO:root:Processing 0 rating group updates
May 13 15:26:34 localhost magmad[376581]: INFO:root:Setting logging level to INFO
May 13 15:26:34 localhost sctpd[376921]: I0513 15:26:34.309953 377415 sctp_connection.cpp:195] Unhandled notification type 32776
May 13 15:26:36 localhost smsd[376744]: INFO:root:mme non_eps_service_config is not SMS_ORC8R, sleeping.
May 13 15:26:39 localhost mobilityd[376653]: INFO:root:Using GW info: {'default': {2: ('172.16.4.1', 'eth0')}, 2: [('172.16.4.1', 'eth0', True)]}
May 13 15:26:39 localhost mobilityd[376653]: INFO:root:GW-v6 probe: timer started
May 13 15:26:42 localhost smsd[376744]: INFO:root:mme non_eps_service_config is not SMS_ORC8R, sleeping.
May 13 15:26:52 localhost smsd[376744]: message repeated 2 times: [ INFO:root:mme non_eps_service_config is not SMS_ORC8R, sleeping.]
May 13 15:26:53 localhost control_proxy[376827]: 2022-05-13T15:26:52.456Z [127.0.0.1 -> state-controller.magmasi.wavelabs.in,8443] "POST /magma.orc8r.StateService/ReportStates HTTP/2" 200 5bytes 0.437s
May 13 15:26:53 localhost magmad[376581]: INFO:root:Checkin Successful! Successfully sent states to the cloud!
May 13 15:26:57 localhost smsd[376744]: INFO:root:mme non_eps_service_config is not SMS_ORC8R, sleeping.
May 13 15:26:59 localhost mobilityd[376653]: INFO:root:Using GW info: {'default': {2: ('172.16.4.1', 'eth0')}, 2: [('172.16.4.1', 'eth0', True)]}
May 13 15:26:59 localhost mobilityd[376653]: INFO:root:GW-v6 probe: timer started
May 13 15:27:02 localhost smsd[376744]: INFO:root:mme non_eps_service_config is not SMS_ORC8R, sleeping.
May 13 15:27:02 localhost sctpd[376921]: I0513 15:27:02.142444 377415 sctp_connection.cpp:195] Unhandled notification type 32776
May 13 15:27:07 localhost smsd[376744]: INFO:root:mme non_eps_service_config is not SMS_ORC8R, sleeping.
May 13 15:27:17 localhost smsd[376744]: message repeated 2 times: [ INFO:root:mme non_eps_service_config is not SMS_ORC8R, sleeping.]
May 13 15:27:18 localhost control_proxy[376827]: 2022-05-13T15:26:18.199Z [127.0.0.1 -> streamer-controller.magmasi.wavelabs.in,8443] "POST /magma.orc8r.Streamer/GetUpdates HTTP/2" 200 0bytes 60.536s
May 13 15:27:18 localhost magmad[376581]: ERROR:root:Error! Streaming from the cloud failed! [StatusCode.ABORTED] error while streaming updates: rpc error: code = DeadlineExceeded desc = context deadline exceeded
May 13 15:27:19 localhost mobilityd[376653]: INFO:root:Using GW info: {'default': {2: ('172.16.4.1', 'eth0')}, 2: [('172.16.4.1', 'eth0', True)]}
May 13 15:27:19 localhost mobilityd[376653]: INFO:root:GW-v6 probe: timer started
May 13 15:27:19 localhost magmad[376581]: INFO:root:[SyncRPC] Got heartBeat from cloud
May 13 15:27:22 localhost smsd[376744]: INFO:root:mme non_eps_service_config is not SMS_ORC8R, sleeping.
May 13 15:27:22 localhost magmad[376581]: ERROR:root:Metrics upload error for service subscriberdb (chunk 0)! [StatusCode.DEADLINE_EXCEEDED] Deadline Exceeded
May 13 15:27:22 localhost magmad[376581]: ERROR:root:Metrics upload error for service mobilityd (chunk 0)! [StatusCode.DEADLINE_EXCEEDED] Deadline Exceeded
May 13 15:27:22 localhost magmad[376581]: ERROR:root:Metrics upload error for service mme (chunk 0)! [StatusCode.DEADLINE_EXCEEDED] Deadline Exceeded
May 13 15:27:22 localhost magmad[376581]: ERROR:root:Metrics upload error for service magmad (chunk 0)! [StatusCode.DEADLINE_EXCEEDED] Deadline Exceeded
May 13 15:27:22 localhost magmad[376581]: ERROR:root:Metrics upload error for service enodebd (chunk 0)! [StatusCode.DEADLINE_EXCEEDED] Deadline Exceeded
May 13 15:27:22 localhost magmad[376581]: ERROR:root:Metrics upload error for service pipelined (chunk 0)! [StatusCode.DEADLINE_EXCEEDED] Deadline Exceeded
May 13 15:27:22 localhost magmad[376581]: ERROR:root:Metrics upload error for service state (chunk 0)! [StatusCode.DEADLINE_EXCEEDED] Deadline Exceeded
May 13 15:27:22 localhost magmad[376581]: ERROR:root:Metrics upload error for service sessiond (chunk 0)! [StatusCode.DEADLINE_EXCEEDED] Deadline Exceeded
May 13 15:27:22 localhost subscriberdb[376651]: INFO:root:get digest stored in gateway:
May 13 15:27:23 localhost control_proxy[376827]: 2022-05-13T15:27:22.943Z [127.0.0.1 -> subscriberdb-controller.magmasi.wavelabs.in,8443] "POST /magma.lte.SubscriberDBCloud/CheckInSync HTTP/2" 200 0bytes 0.266s
May 13 15:27:23 localhost subscriberdb[376651]: ERROR:root:Internal Error in subscriberdb-Orc8r communication. If AGW and Orc8r are deployed at a commit hash, upgrade AGW and Orc8r to latest commit hash.
May 13 15:27:23 localhost control_proxy[376827]: 2022-05-13T15:27:23.212Z [127.0.0.1 -> subscriberdb-controller.magmasi.wavelabs.in,8443] "POST /magma.lte.SubscriberDBCloud/Sync HTTP/2" 200 0bytes 0.268s
May 13 15:27:23 localhost subscriberdb[376651]: ERROR:root:Internal Error in subscriberdb-Orc8r communication. If AGW and Orc8r are deployed at a commit hash, upgrade AGW and Orc8r to latest commit hash.
May 13 15:27:23 localhost control_proxy[376827]: 2022-05-13T15:27:23.212Z [127.0.0.1 -> subscriberdb-controller.magmasi.wavelabs.in,8443] "POST /magma.lte.SubscriberDBCloud/ListSubscribers HTTP/2" 200 44653bytes 0.339s
May 13 15:27:23 localhost subscriberdb[376651]: INFO:root:Successfully fetched all subscriber pages from the cloud!
May 13 15:27:24 localhost subscriberdb[376651]: INFO:root:update root digest stored in gateway:
May 13 15:27:27 localhost smsd[376744]: INFO:root:mme non_eps_service_config is not SMS_ORC8R, sleeping.
May 13 15:27:30 localhost sctpd[376921]: I0513 15:27:30.249359 377415 sctp_connection.cpp:195] Unhandled notification type 32776
May 13 15:27:32 localhost smsd[376744]: INFO:root:mme non_eps_service_config is not SMS_ORC8R, sleeping.
May 13 15:27:34 localhost control_proxy[376827]: 2022-05-13T15:27:34.001Z [127.0.0.1 -> streamer-controller.magmasi.wavelabs.in,8443] "POST /magma.orc8r.Streamer/GetUpdates HTTP/2" 200 173bytes 0.555s
May 13 15:27:34 localhost policydb[376726]: INFO:root:Processing 4 policy updates (resync=True)
May 13 15:27:34 localhost control_proxy[376827]: 2022-05-13T15:27:34.001Z [127.0.0.1 -> streamer-controller.magmasi.wavelabs.in,8443] "POST /magma.orc8r.Streamer/GetUpdates HTTP/2" 200 7bytes 0.288s
May 13 15:27:34 localhost policydb[376726]: INFO:root:Processing 0 basename -> policy updates
May 13 15:27:35 localhost control_proxy[376827]: 2022-05-13T15:27:34.001Z [127.0.0.1 -> streamer-controller.magmasi.wavelabs.in,8443] "POST /magma.orc8r.Streamer/GetUpdates HTTP/2" 200 13536bytes 0.437s
May 13 15:27:35 localhost policydb[376726]: INFO:root:Processing 223 SID -> apn -> policy updates
May 13 15:27:35 localhost control_proxy[376827]: 2022-05-13T15:27:35.345Z [127.0.0.1 -> streamer-controller.magmasi.wavelabs.in,8443] "POST /magma.orc8r.Streamer/GetUpdates HTTP/2" 200 7bytes 0.276s
May 13 15:27:35 localhost policydb[376726]: INFO:root:Processing 0 rating group updates
May 13 15:27:37 localhost smsd[376744]: INFO:root:mme non_eps_service_config is not SMS_ORC8R, sleeping.
May 13 15:27:39 localhost mobilityd[376653]: INFO:root:Using GW info: {'default': {2: ('172.16.4.1', 'eth0')}, 2: [('172.16.4.1', 'eth0', True)]}
May 13 15:27:39 localhost mobilityd[376653]: INFO:root:GW-v6 probe: timer started
May 13 15:27:42 localhost smsd[376744]: INFO:root:mme non_eps_service_config is not SMS_ORC8R, sleeping.
May 13 15:27:52 localhost smsd[376744]: message repeated 2 times: [ INFO:root:mme non_eps_service_config is not SMS_ORC8R, sleeping.]
May 13 15:27:53 localhost magmad[376581]: INFO:root:Setting logging level to INFO
May 13 15:27:54 localhost sctpd[376921]: I0513 15:27:54.377092 377415 sctp_connection.cpp:195] Unhandled notification type 32776
May 13 15:27:57 localhost smsd[376744]: INFO:root:mme non_eps_service_config is not SMS_ORC8R, sleeping.
May 13 15:27:59 localhost mobilityd[376653]: INFO:root:Using GW info: {'default': {2: ('172.16.4.1', 'eth0')}, 2: [('172.16.4.1', 'eth0', True)]}
