Apr  4 22:04:47 localhost smsd[2837042]: INFO:root:mme non_eps_service_config is not SMS_ORC8R, sleeping.
Apr  4 22:04:52 localhost sctpd[2837236]: I0404 22:04:52.081880 2837680 sctp_connection.cpp:195] Unhandled notification type 32776
Apr  4 22:04:52 localhost smsd[2837042]: INFO:root:mme non_eps_service_config is not SMS_ORC8R, sleeping.
Apr  4 22:04:53 localhost sctpd[2837236]: I0404 22:04:53.146791 2837680 sctp_connection.cpp:195] Unhandled notification type 32777
Apr  4 22:04:55 localhost magmad[2836887]: INFO:root:Setting logging level to INFO
Apr  4 22:04:57 localhost mobilityd[2836957]: INFO:root:Using GW info: {'default': {2: ('172.16.4.1', 'eth0')}, 2: [('172.16.4.1', 'eth0', True)]}
Apr  4 22:04:57 localhost mobilityd[2836957]: INFO:root:GW-v6 probe: timer started
Apr  4 22:04:57 localhost smsd[2837042]: INFO:root:mme non_eps_service_config is not SMS_ORC8R, sleeping.
Apr  4 22:04:59 localhost dhclient[601]: DHCPREQUEST for 172.16.5.121 on eth1 to 172.16.5.2 port 67 (xid=0x25c866c5)
Apr  4 22:05:02 localhost smsd[2837042]: INFO:root:mme non_eps_service_config is not SMS_ORC8R, sleeping.
Apr  4 22:05:07 localhost smsd[2837042]: INFO:root:mme non_eps_service_config is not SMS_ORC8R, sleeping.
Apr  4 22:05:09 localhost sctpd[2837236]: I0404 22:05:09.496783 2837680 sctp_connection.cpp:195] Unhandled notification type 32776
Apr  4 22:05:12 localhost smsd[2837042]: INFO:root:mme non_eps_service_config is not SMS_ORC8R, sleeping.
Apr  4 22:05:13 localhost magmad[2836887]: ERROR:root:Metrics upload error for service subscriberdb (chunk 0)! [StatusCode.DEADLINE_EXCEEDED] Deadline Exceeded
Apr  4 22:05:13 localhost magmad[2836887]: ERROR:root:Metrics upload error for service mobilityd (chunk 0)! [StatusCode.DEADLINE_EXCEEDED] Deadline Exceeded
Apr  4 22:05:13 localhost magmad[2836887]: ERROR:root:Metrics upload error for service mme (chunk 0)! [StatusCode.DEADLINE_EXCEEDED] Deadline Exceeded
Apr  4 22:05:13 localhost magmad[2836887]: ERROR:root:Metrics upload error for service magmad (chunk 0)! [StatusCode.DEADLINE_EXCEEDED] Deadline Exceeded
Apr  4 22:05:13 localhost magmad[2836887]: ERROR:root:Metrics upload error for service enodebd (chunk 0)! [StatusCode.DEADLINE_EXCEEDED] Deadline Exceeded
Apr  4 22:05:13 localhost magmad[2836887]: ERROR:root:Metrics upload error for service state (chunk 0)! [StatusCode.DEADLINE_EXCEEDED] Deadline Exceeded
Apr  4 22:05:13 localhost magmad[2836887]: ERROR:root:Metrics upload error for service pipelined (chunk 0)! [StatusCode.DEADLINE_EXCEEDED] Deadline Exceeded
Apr  4 22:05:13 localhost magmad[2836887]: ERROR:root:Metrics upload error for service sessiond (chunk 0)! [StatusCode.DEADLINE_EXCEEDED] Deadline Exceeded
Apr  4 22:05:14 localhost control_proxy[2837121]: 2022-04-04T22:05:13.537Z [127.0.0.1 -> state-controller.magmasi.wavelabs.in,8443] "POST /magma.orc8r.StateService/ReportStates HTTP/2" 200 5bytes 0.526s
Apr  4 22:05:14 localhost magmad[2836887]: INFO:root:Checkin Successful! Successfully sent states to the cloud!
Apr  4 22:05:17 localhost mobilityd[2836957]: INFO:root:Using GW info: {'default': {2: ('172.16.4.1', 'eth0')}, 2: [('172.16.4.1', 'eth0', True)]}
Apr  4 22:05:17 localhost mobilityd[2836957]: INFO:root:GW-v6 probe: timer started
Apr  4 22:05:17 localhost smsd[2837042]: INFO:root:mme non_eps_service_config is not SMS_ORC8R, sleeping.
Apr  4 22:05:18 localhost dhclient[601]: DHCPREQUEST for 172.16.5.121 on eth1 to 172.16.5.2 port 67 (xid=0x25c866c5)
Apr  4 22:05:19 localhost sctpd[2837236]: I0404 22:05:19.304033 2837680 sctp_connection.cpp:195] Unhandled notification type 32777
Apr  4 22:05:19 localhost sctpd[2837236]: I0404 22:05:19.537431 2837680 sctp_connection.cpp:195] Unhandled notification type 32777
Apr  4 22:05:19 localhost sctpd[2837236]: I0404 22:05:19.655267 2837680 sctp_connection.cpp:195] Unhandled notification type 32777
Apr  4 22:05:19 localhost sctpd[2837236]: I0404 22:05:19.773504 2837680 sctp_connection.cpp:195] Unhandled notification type 32777
Apr  4 22:05:19 localhost mme[2837640]: [SIG][D]MME_UNIT_TEST Flag is Disabled
Apr  4 22:05:19 localhost mme[2837640]: filename /var/run/mme.pid failed to be written
Apr  4 22:05:19 localhost mme[2837640]: [DEBUG] Sending S6A-UPDATE_LOCATION_REQUEST with IMSI: 222700000000001
Apr  4 22:05:19 localhost mme[2837640]: [INFO] Received S6A-LOCATION-UPDATE_ANSWER for IMSI: 222700000000001; Status: ; StatusCode: 2001
Apr  4 22:05:19 localhost mme[2837640]: [INFO] sent itti S6A-LOCATION-UPDATE_ANSWER for IMSI: 222700000000001
Apr  4 22:05:19 localhost sctpd[2837236]: I0404 22:05:19.889962 2837680 sctp_connection.cpp:195] Unhandled notification type 32777
Apr  4 22:05:21 localhost sctpd[2837236]: I0404 22:05:21.325585 2837680 sctp_connection.cpp:195] Unhandled notification type 32777
Apr  4 22:05:22 localhost smsd[2837042]: INFO:root:mme non_eps_service_config is not SMS_ORC8R, sleeping.
Apr  4 22:05:27 localhost smsd[2837042]: INFO:root:mme non_eps_service_config is not SMS_ORC8R, sleeping.
Apr  4 22:05:29 localhost dhclient[601]: DHCPREQUEST for 172.16.5.121 on eth1 to 172.16.5.2 port 67 (xid=0x25c866c5)
Apr  4 22:05:32 localhost smsd[2837042]: INFO:root:mme non_eps_service_config is not SMS_ORC8R, sleeping.
Apr  4 22:05:34 localhost magmad[2836887]: INFO:root:Checking for upgrade...
Apr  4 22:05:34 localhost magmad[2836887]: WARNING:root:magmad package_version config missing or set to default 0.0.0-0, skipping upgrade
Apr  4 22:05:34 localhost control_proxy[2837121]: 2022-04-04T22:04:34.089Z [127.0.0.1 -> streamer-controller.magmasi.wavelabs.in,8443] "POST /magma.orc8r.Streamer/GetUpdates HTTP/2" 200 0bytes 60.357s
Apr  4 22:05:34 localhost magmad[2836887]: ERROR:root:Error! Streaming from the cloud failed! [StatusCode.ABORTED] error while streaming updates: rpc error: code = DeadlineExceeded desc = context deadline exceeded
Apr  4 22:05:37 localhost mobilityd[2836957]: INFO:root:Using GW info: {'default': {2: ('172.16.4.1', 'eth0')}, 2: [('172.16.4.1', 'eth0', True)]}
Apr  4 22:05:37 localhost mobilityd[2836957]: INFO:root:GW-v6 probe: timer started
Apr  4 22:05:37 localhost smsd[2837042]: INFO:root:mme non_eps_service_config is not SMS_ORC8R, sleeping.
Apr  4 22:05:37 localhost sctpd[2837236]: I0404 22:05:37.655443 2837680 sctp_connection.cpp:195] Unhandled notification type 32776
Apr  4 22:05:37 localhost magmad[2836887]: INFO:root:[SyncRPC] Got heartBeat from cloud
Apr  4 22:05:38 localhost sctpd[2837236]: I0404 22:05:38.718315 2837680 sctp_connection.cpp:195] Unhandled notification type 32777
Apr  4 22:05:38 localhost sctpd[2837236]: I0404 22:05:38.951232 2837680 sctp_connection.cpp:195] Unhandled notification type 32777
Apr  4 22:05:38 localhost dhclient[601]: DHCPREQUEST for 172.16.5.121 on eth1 to 172.16.5.2 port 67 (xid=0x25c866c5)
Apr  4 22:05:39 localhost sctpd[2837236]: I0404 22:05:39.073462 2837680 sctp_connection.cpp:195] Unhandled notification type 32777
Apr  4 22:05:39 localhost mme[2837640]: [DEBUG] Sending S6A-UPDATE_LOCATION_REQUEST with IMSI: 222700000000001
Apr  4 22:05:39 localhost mme[2837640]: [INFO] Received S6A-LOCATION-UPDATE_ANSWER for IMSI: 222700000000001; Status: ; StatusCode: 2001
Apr  4 22:05:39 localhost mme[2837640]: [INFO] sent itti S6A-LOCATION-UPDATE_ANSWER for IMSI: 222700000000001
Apr  4 22:05:39 localhost sctpd[2837236]: I0404 22:05:39.193723 2837680 sctp_connection.cpp:195] Unhandled notification type 32777
Apr  4 22:05:39 localhost sctpd[2837236]: I0404 22:05:39.662528 2837680 sctp_connection.cpp:195] Unhandled notification type 32777
Apr  4 22:05:41 localhost control_proxy[2837121]: 2022-04-04T22:05:40.951Z [127.0.0.1 -> streamer-controller.magmasi.wavelabs.in,8443] "POST /magma.orc8r.Streamer/GetUpdates HTTP/2" 200 173bytes 0.285s
Apr  4 22:05:41 localhost policydb[2837015]: INFO:root:Processing 4 policy updates (resync=True)
Apr  4 22:05:41 localhost control_proxy[2837121]: 2022-04-04T22:05:41.241Z [127.0.0.1 -> streamer-controller.magmasi.wavelabs.in,8443] "POST /magma.orc8r.Streamer/GetUpdates HTTP/2" 200 7bytes 0.284s
Apr  4 22:05:41 localhost policydb[2837015]: INFO:root:Processing 0 basename -> policy updates
Apr  4 22:05:41 localhost control_proxy[2837121]: 2022-04-04T22:05:41.241Z [127.0.0.1 -> streamer-controller.magmasi.wavelabs.in,8443] "POST /magma.orc8r.Streamer/GetUpdates HTTP/2" 200 13513bytes 0.310s
Apr  4 22:05:41 localhost policydb[2837015]: INFO:root:Processing 222 SID -> apn -> policy updates
Apr  4 22:05:42 localhost control_proxy[2837121]: 2022-04-04T22:05:41.241Z [127.0.0.1 -> streamer-controller.magmasi.wavelabs.in,8443] "POST /magma.orc8r.Streamer/GetUpdates HTTP/2" 200 7bytes 0.288s
Apr  4 22:05:42 localhost policydb[2837015]: INFO:root:Processing 0 rating group updates
Apr  4 22:05:42 localhost smsd[2837042]: INFO:root:mme non_eps_service_config is not SMS_ORC8R, sleeping.
Apr  4 22:05:52 localhost smsd[2837042]: message repeated 2 times: [ INFO:root:mme non_eps_service_config is not SMS_ORC8R, sleeping.]
Apr  4 22:05:53 localhost dhclient[601]: DHCPREQUEST for 172.16.5.121 on eth1 to 172.16.5.2 port 67 (xid=0x25c866c5)
Apr  4 22:05:56 localhost sctpd[2837236]: I0404 22:05:56.500012 2837680 sctp_connection.cpp:195] Unhandled notification type 32776
Apr  4 22:05:56 localhost sctpd[2837236]: I0404 22:05:56.634327 2837680 sctp_connection.cpp:195] Unhandled notification type 32776
Apr  4 22:05:57 localhost mobilityd[2836957]: INFO:root:Using GW info: {'default': {2: ('172.16.4.1', 'eth0')}, 2: [('172.16.4.1', 'eth0', True)]}
Apr  4 22:05:57 localhost mobilityd[2836957]: INFO:root:GW-v6 probe: timer started
Apr  4 22:05:57 localhost smsd[2837042]: INFO:root:mme non_eps_service_config is not SMS_ORC8R, sleeping.
Apr  4 22:05:57 localhost sctpd[2837236]: I0404 22:05:57.694428 2837680 sctp_connection.cpp:195] Unhandled notification type 32777
Apr  4 22:05:57 localhost sctpd[2837236]: I0404 22:05:57.809561 2837680 sctp_connection.cpp:195] Unhandled notification type 32777
Apr  4 22:06:02 localhost smsd[2837042]: INFO:root:mme non_eps_service_config is not SMS_ORC8R, sleeping.
Apr  4 22:06:04 localhost magmad[2836887]: ERROR:root:Metrics upload error for service subscriberdb (chunk 0)! [StatusCode.DEADLINE_EXCEEDED] Deadline Exceeded
Apr  4 22:06:04 localhost magmad[2836887]: ERROR:root:Metrics upload error for service mobilityd (chunk 0)! [StatusCode.DEADLINE_EXCEEDED] Deadline Exceeded
Apr  4 22:06:04 localhost magmad[2836887]: ERROR:root:Metrics upload error for service mme (chunk 0)! [StatusCode.DEADLINE_EXCEEDED] Deadline Exceeded
Apr  4 22:06:04 localhost magmad[2836887]: ERROR:root:Metrics upload error for service magmad (chunk 0)! [StatusCode.DEADLINE_EXCEEDED] Deadline Exceeded
Apr  4 22:06:04 localhost magmad[2836887]: ERROR:root:Metrics upload error for service enodebd (chunk 0)! [StatusCode.DEADLINE_EXCEEDED] Deadline Exceeded
Apr  4 22:06:04 localhost magmad[2836887]: ERROR:root:Metrics upload error for service pipelined (chunk 0)! [StatusCode.DEADLINE_EXCEEDED] Deadline Exceeded
Apr  4 22:06:04 localhost magmad[2836887]: ERROR:root:Metrics upload error for service state (chunk 0)! [StatusCode.DEADLINE_EXCEEDED] Deadline Exceeded
Apr  4 22:06:04 localhost magmad[2836887]: ERROR:root:Metrics upload error for service sessiond (chunk 0)! [StatusCode.DEADLINE_EXCEEDED] Deadline Exceeded
Apr  4 22:06:07 localhost smsd[2837042]: INFO:root:mme non_eps_service_config is not SMS_ORC8R, sleeping.
Apr  4 22:06:12 localhost smsd[2837042]: INFO:root:mme non_eps_service_config is not SMS_ORC8R, sleeping.
Apr  4 22:06:13 localhost dhclient[601]: DHCPREQUEST for 172.16.5.121 on eth1 to 172.16.5.2 port 67 (xid=0x25c866c5)
Apr  4 22:06:14 localhost sctpd[2837236]: I0404 22:06:14.118476 2837680 sctp_connection.cpp:195] Unhandled notification type 32776
Apr  4 22:06:14 localhost magmad[2836887]: INFO:root:Setting logging level to INFO
Apr  4 22:06:15 localhost sctpd[2837236]: I0404 22:06:15.179291 2837680 sctp_connection.cpp:195] Unhandled notification type 32777
Apr  4 22:06:15 localhost sctpd[2837236]: I0404 22:06:15.409888 2837680 sctp_connection.cpp:195] Unhandled notification type 32777
Apr  4 22:06:15 localhost sctpd[2837236]: I0404 22:06:15.521620 2837680 sctp_connection.cpp:195] Unhandled notification type 32777
Apr  4 22:06:15 localhost mme[2837640]: [DEBUG] Sending S6A-UPDATE_LOCATION_REQUEST with IMSI: 222700000000001
Apr  4 22:06:15 localhost mme[2837640]: [INFO] Received S6A-LOCATION-UPDATE_ANSWER for IMSI: 222700000000001; Status: ; StatusCode: 2001
Apr  4 22:06:15 localhost mme[2837640]: [INFO] sent itti S6A-LOCATION-UPDATE_ANSWER for IMSI: 222700000000001
Apr  4 22:06:15 localhost sctpd[2837236]: I0404 22:06:15.633486 2837680 sctp_connection.cpp:195] Unhandled notification type 32777
Apr  4 22:06:17 localhost mobilityd[2836957]: INFO:root:Using GW info: {'default': {2: ('172.16.4.1', 'eth0')}, 2: [('172.16.4.1', 'eth0', True)]}
Apr  4 22:06:17 localhost mobilityd[2836957]: INFO:root:GW-v6 probe: timer started
Apr  4 22:06:17 localhost smsd[2837042]: INFO:root:mme non_eps_service_config is not SMS_ORC8R, sleeping.
Apr  4 22:06:18 localhost sctpd[2837236]: I0404 22:06:18.030194 2837680 sctp_connection.cpp:195] Unhandled notification type 32777
Apr  4 22:06:20 localhost sctpd[2837236]: I0404 22:06:20.251437 2837680 sctp_connection.cpp:195] Unhandled notification type 32777
Apr  4 22:06:20 localhost sctpd[2837236]: I0404 22:06:20.369364 2837680 sctp_connection.cpp:195] Unhandled notification type 32777
Apr  4 22:06:20 localhost sctpd[2837236]: I0404 22:06:20.481582 2837680 sctp_connection.cpp:195] Unhandled notification type 32777
Apr  4 22:06:20 localhost mme[2837640]: [DEBUG] Sending S6A-UPDATE_LOCATION_REQUEST with IMSI: 222700000000001
Apr  4 22:06:20 localhost mme[2837640]: [INFO] Received S6A-LOCATION-UPDATE_ANSWER for IMSI: 222700000000001; Status: ; StatusCode: 2001
Apr  4 22:06:20 localhost mme[2837640]: [INFO] sent itti S6A-LOCATION-UPDATE_ANSWER for IMSI: 222700000000001
Apr  4 22:06:20 localhost sctpd[2837236]: I0404 22:06:20.597290 2837680 sctp_connection.cpp:195] Unhandled notification type 32777
Apr  4 22:06:22 localhost smsd[2837042]: INFO:root:mme non_eps_service_config is not SMS_ORC8R, sleeping.
Apr  4 22:06:22 localhost sctpd[2837236]: I0404 22:06:22.987054 2837680 sctp_connection.cpp:195] Unhandled notification type 32777
Apr  4 22:06:27 localhost smsd[2837042]: INFO:root:mme non_eps_service_config is not SMS_ORC8R, sleeping.
Apr  4 22:06:32 localhost dhclient[601]: DHCPREQUEST for 172.16.5.121 on eth1 to 172.16.5.2 port 67 (xid=0x25c866c5)
Apr  4 22:06:32 localhost smsd[2837042]: INFO:root:mme non_eps_service_config is not SMS_ORC8R, sleeping.
Apr  4 22:06:33 localhost control_proxy[2837121]: 2022-04-04T22:06:33.160Z [127.0.0.1 -> state-controller.magmasi.wavelabs.in,8443] "POST /magma.orc8r.StateService/ReportStates HTTP/2" 200 5bytes 0.520s
Apr  4 22:06:33 localhost magmad[2836887]: INFO:root:Checkin Successful! Successfully sent states to the cloud!
Apr  4 22:06:37 localhost mobilityd[2836957]: INFO:root:Using GW info: {'default': {2: ('172.16.4.1', 'eth0')}, 2: [('172.16.4.1', 'eth0', True)]}
Apr  4 22:06:37 localhost mobilityd[2836957]: INFO:root:GW-v6 probe: timer started
Apr  4 22:06:37 localhost smsd[2837042]: INFO:root:mme non_eps_service_config is not SMS_ORC8R, sleeping.
Apr  4 22:06:37 localhost magmad[2836887]: INFO:root:[SyncRPC] Got heartBeat from cloud
Apr  4 22:06:41 localhost sctpd[2837236]: I0404 22:06:41.259987 2837680 sctp_connection.cpp:195] Unhandled notification type 32776
Apr  4 22:06:42 localhost sctpd[2837236]: I0404 22:06:42.320804 2837680 sctp_connection.cpp:195] Unhandled notification type 32777
Apr  4 22:06:42 localhost control_proxy[2837121]: 2022-04-04T22:06:42.196Z [127.0.0.1 -> streamer-controller.magmasi.wavelabs.in,8443] "POST /magma.orc8r.Streamer/GetUpdates HTTP/2" 200 173bytes 0.275s
Apr  4 22:06:42 localhost policydb[2837015]: INFO:root:Processing 4 policy updates (resync=True)
Apr  4 22:06:42 localhost sctpd[2837236]: I0404 22:06:42.557552 2837680 sctp_connection.cpp:195] Unhandled notification type 32777
Apr  4 22:06:42 localhost sctpd[2837236]: I0404 22:06:42.676744 2837680 sctp_connection.cpp:195] Unhandled notification type 32777
Apr  4 22:06:42 localhost mme[2837640]: [DEBUG] Sending S6A-UPDATE_LOCATION_REQUEST with IMSI: 222700000000001
Apr  4 22:06:42 localhost mme[2837640]: [INFO] Received S6A-LOCATION-UPDATE_ANSWER for IMSI: 222700000000001; Status: ; StatusCode: 2001
Apr  4 22:06:42 localhost mme[2837640]: [INFO] sent itti S6A-LOCATION-UPDATE_ANSWER for IMSI: 222700000000001
Apr  4 22:06:42 localhost control_proxy[2837121]: 2022-04-04T22:06:42.196Z [127.0.0.1 -> streamer-controller.magmasi.wavelabs.in,8443] "POST /magma.orc8r.Streamer/GetUpdates HTTP/2" 200 7bytes 0.271s
Apr  4 22:06:42 localhost policydb[2837015]: INFO:root:Processing 0 basename -> policy updates
Apr  4 22:06:42 localhost smsd[2837042]: INFO:root:mme non_eps_service_config is not SMS_ORC8R, sleeping.
Apr  4 22:06:42 localhost sctpd[2837236]: I0404 22:06:42.781771 2837680 sctp_connection.cpp:195] Unhandled notification type 32777
Apr  4 22:06:43 localhost mobilityd[2836957]: INFO:root:Allocated IP 192.168.128.104 for sid IMSI222700000000001 for apn default
Apr  4 22:06:43 localhost policydb[2837015]: INFO:root:Creating a session for subscriber ID: IMSI222700000000001
Apr  4 22:06:43 localhost sessiond[2836966]: I0404 22:06:43.019912 2836966 SetMessageManagerHandler.cpp:342] Processing a CreateSessionResponse for IMSI222700000000001-917133
Apr  4 22:06:43 localhost sessiond[2836966]: I0404 22:06:43.020040 2836966 SessionState.cpp:2774] RuleID allowlist_sid-IMSI222700000000001-default doesn't have a version registered for IMSI222700000000001-917133, this is unexpected
Apr  4 22:06:43 localhost control_proxy[2837121]: 2022-04-04T22:06:42.196Z [127.0.0.1 -> streamer-controller.magmasi.wavelabs.in,8443] "POST /magma.orc8r.Streamer/GetUpdates HTTP/2" 200 13513bytes 0.303s
Apr  4 22:06:43 localhost policydb[2837015]: INFO:root:Processing 222 SID -> apn -> policy updates
Apr  4 22:06:43 localhost control_proxy[2837121]: 2022-04-04T22:06:43.068Z [127.0.0.1 -> streamer-controller.magmasi.wavelabs.in,8443] "POST /magma.orc8r.Streamer/GetUpdates HTTP/2" 200 7bytes 0.273s
Apr  4 22:06:43 localhost policydb[2837015]: INFO:root:Processing 0 rating group updates
Apr  4 22:06:44 localhost mme[2837640]: PDUSessionResourceSetupRequestTransfer ::= {
Apr  4 22:06:44 localhost mme[2837640]:     protocolIEs: ProtocolIE-Container ::= {
Apr  4 22:06:44 localhost mme[2837640]:         PDUSessionResourceSetupRequestTransferIEs ::= {
Apr  4 22:06:44 localhost mme[2837640]:             id: 130
Apr  4 22:06:44 localhost mme[2837640]:             criticality: 0 (reject)
Apr  4 22:06:44 localhost mme[2837640]:             value: PDUSessionAggregateMaximumBitRate ::= {
Apr  4 22:06:44 localhost mme[2837640]:                 pDUSessionAggregateMaximumBitRateDL: 100000000
Apr  4 22:06:44 localhost mme[2837640]:                 pDUSessionAggregateMaximumBitRateUL: 100000000
Apr  4 22:06:44 localhost mme[2837640]:             }
Apr  4 22:06:44 localhost mme[2837640]:         }
Apr  4 22:06:44 localhost mme[2837640]:         PDUSessionResourceSetupRequestTransferIEs ::= {
Apr  4 22:06:44 localhost mme[2837640]:             id: 139
Apr  4 22:06:44 localhost mme[2837640]:             criticality: 0 (reject)
Apr  4 22:06:44 localhost mme[2837640]:             value: GTPTunnel ::= {
Apr  4 22:06:44 localhost mme[2837640]:                 transportLayerAddress: AC 10 05 79
Apr  4 22:06:44 localhost mme[2837640]:                 gTP-TEID: 7F FF FF FF
Apr  4 22:06:44 localhost mme[2837640]:             }
Apr  4 22:06:44 localhost mme[2837640]:         }
Apr  4 22:06:44 localhost mme[2837640]:         PDUSessionResourceSetupRequestTransferIEs ::= {
Apr  4 22:06:44 localhost mme[2837640]:             id: 134
Apr  4 22:06:44 localhost mme[2837640]:             criticality: 0 (reject)
Apr  4 22:06:44 localhost mme[2837640]:             value: 0 (ipv4)
Apr  4 22:06:44 localhost mme[2837640]:         }
Apr  4 22:06:44 localhost mme[2837640]:         PDUSessionResourceSetupRequestTransferIEs ::= {
Apr  4 22:06:44 localhost mme[2837640]:             id: 136
Apr  4 22:06:44 localhost mme[2837640]:             criticality: 0 (reject)
Apr  4 22:06:44 localhost mme[2837640]:             value: QosFlowSetupRequestList ::= {
Apr  4 22:06:44 localhost mme[2837640]:                 QosFlowSetupRequestItem ::= {
Apr  4 22:06:44 localhost mme[2837640]:                     qosFlowIdentifier: 9
Apr  4 22:06:44 localhost mme[2837640]:                     qosFlowLevelQosParameters: QosFlowLevelQosParameters ::= {
Apr  4 22:06:44 localhost mme[2837640]:                         qosCharacteristics: NonDynamic5QIDescriptor ::= {
Apr  4 22:06:44 localhost mme[2837640]:                             fiveQI: 9
Apr  4 22:06:44 localhost mme[2837640]:                         }
Apr  4 22:06:44 localhost mme[2837640]:                         allocationAndRetentionPriority: AllocationAndRetentionPriority ::= {
Apr  4 22:06:44 localhost mme[2837640]:                             priorityLevelARP: 15
Apr  4 22:06:44 localhost mme[2837640]:                             pre-emptionCapability: 0 (shall-not-trigger-pre-emption)
Apr  4 22:06:44 localhost mme[2837640]:                             pre-emptionVulnerability: 0 (not-pre-emptable)
Apr  4 22:06:44 localhost mme[2837640]:                         }
Apr  4 22:06:44 localhost mme[2837640]:                     }
Apr  4 22:06:44 localhost mme[2837640]:                 }
Apr  4 22:06:44 localhost mme[2837640]:             }
Apr  4 22:06:44 localhost mme[2837640]:         }
Apr  4 22:06:44 localhost mme[2837640]:     }
Apr  4 22:06:44 localhost mme[2837640]: }
Apr  4 22:06:44 localhost sctpd[2837236]: I0404 22:06:44.541249 2837680 sctp_connection.cpp:195] Unhandled notification type 32777
Apr  4 22:06:45 localhost sessiond[2836966]: I0404 22:06:45.509471 2836966 SetMessageManagerHandler.cpp:142] Release request for session from IMSI: IMSI222700000000001 pdu_id 1
Apr  4 22:06:45 localhost mobilityd[2836957]: INFO:root:Released IP 192.168.128.104 for sid IMSI222700000000001
Apr  4 22:06:45 localhost sctpd[2837236]: I0404 22:06:45.765534 2837680 sctp_connection.cpp:195] Unhandled notification type 32777
Apr  4 22:06:47 localhost smsd[2837042]: INFO:root:mme non_eps_service_config is not SMS_ORC8R, sleeping.
Apr  4 22:06:50 localhost dhclient[601]: DHCPREQUEST for 172.16.5.121 on eth1 to 172.16.5.2 port 67 (xid=0x25c866c5)
Apr  4 22:06:50 localhost policydb[2837015]: INFO:root:Terminating session: IMSI222700000000001-917133
Apr  4 22:06:50 localhost eventd[2837039]: DEBUG:root:Logging event: stream_name: "sessiond"
Apr  4 22:06:50 localhost eventd[2837039]: event_type: "session_terminated"
Apr  4 22:06:50 localhost eventd[2837039]: tag: "IMSI222700000000001"
Apr  4 22:06:50 localhost eventd[2837039]: value: "{\"mac_addr\":\"\",\"user_location\":\"\",\"spgw_ip\":\"\",\"imei\":\"\",\"record_sequence_number\":1,\"pdp_end_time\":33,\"charging_rx\":0,\"duration\":33,\"ip_addr\":\"192.168.128.104\",\"monitoring_tx\":0,\"ipv6_addr\":\"\",\"msisdn\":\"\",\"apn\":\"default\",\"session_id\":\"IMSI222700000000001-917133\",\"list_of_service_data\":[],\"charging_characteristics\":\"\",\"total_tx\":0,\"cause_for_rec_closing\":0,\"imsi\":\"IMSI222700000000001\",\"total_rx\":0,\"monitoring_rx\":0,\"charging_tx\":0,\"pdp_start_time\":0}"
Apr  4 22:06:50 localhost eventd[2837039]: ERROR:root:Connection to FluentBit failed: [Errno 111] Connection refused
Apr  4 22:06:50 localhost eventd[2837039]: INFO:root:FluentBit (td-agent-bit) may not be enabled or configured correctly
Apr  4 22:06:50 localhost sessiond[2836966]: I0404 22:06:50.526330 2836977 SessionEvents.cpp:291] Could not log session_terminated event {"mac_addr":"","user_location":"","spgw_ip":"","imei":"","record_sequence_number":1,"pdp_end_time":33,"charging_rx":0,"duration":33,"ip_addr":"192.168.128.104","monitoring_tx":0,"ipv6_addr":"","msisdn":"","apn":"default","session_id":"IMSI222700000000001-917133","list_of_service_data":[],"charging_characteristics":"","total_tx":0,"cause_for_rec_closing":0,"imsi":"IMSI222700000000001","total_rx":0,"monitoring_rx":0,"charging_tx":0,"pdp_start_time":0}, Error Message: Could not connect to FluentBit locally, Details: [Errno 111] Connection refused
Apr  4 22:06:52 localhost smsd[2837042]: INFO:root:mme non_eps_service_config is not SMS_ORC8R, sleeping.
Apr  4 22:06:57 localhost mobilityd[2836957]: INFO:root:Using GW info: {'default': {2: ('172.16.4.1', 'eth0')}, 2: [('172.16.4.1', 'eth0', True)]}
Apr  4 22:06:57 localhost mobilityd[2836957]: INFO:root:GW-v6 probe: timer started
Apr  4 22:06:57 localhost smsd[2837042]: INFO:root:mme non_eps_service_config is not SMS_ORC8R, sleeping.
Apr  4 22:07:02 localhost sctpd[2837236]: I0404 22:07:02.392938 2837680 sctp_connection.cpp:195] Unhandled notification type 32776
Apr  4 22:07:02 localhost smsd[2837042]: INFO:root:mme non_eps_service_config is not SMS_ORC8R, sleeping.
Apr  4 22:07:03 localhost sctpd[2837236]: I0404 22:07:03.450758 2837680 sctp_connection.cpp:195] Unhandled notification type 32777
Apr  4 22:07:03 localhost sctpd[2837236]: I0404 22:07:03.682811 2837680 sctp_connection.cpp:195] Unhandled notification type 32777
Apr  4 22:07:03 localhost sctpd[2837236]: I0404 22:07:03.805490 2837680 sctp_connection.cpp:195] Unhandled notification type 32777
Apr  4 22:07:03 localhost mme[2837640]: [DEBUG] Sending S6A-UPDATE_LOCATION_REQUEST with IMSI: 222700000000001
Apr  4 22:07:03 localhost mme[2837640]: [INFO] Received S6A-LOCATION-UPDATE_ANSWER for IMSI: 222700000000001; Status: ; StatusCode: 2001
Apr  4 22:07:03 localhost mme[2837640]: [INFO] sent itti S6A-LOCATION-UPDATE_ANSWER for IMSI: 222700000000001
Apr  4 22:07:03 localhost sctpd[2837236]: I0404 22:07:03.932350 2837680 sctp_connection.cpp:195] Unhandled notification type 32777
Apr  4 22:07:04 localhost magmad[2836887]: ERROR:root:Metrics upload error for service subscriberdb (chunk 0)! [StatusCode.DEADLINE_EXCEEDED] Deadline Exceeded
Apr  4 22:07:04 localhost magmad[2836887]: ERROR:root:Metrics upload error for service mobilityd (chunk 0)! [StatusCode.DEADLINE_EXCEEDED] Deadline Exceeded
Apr  4 22:07:04 localhost magmad[2836887]: ERROR:root:Metrics upload error for service mme (chunk 0)! [StatusCode.DEADLINE_EXCEEDED] Deadline Exceeded
Apr  4 22:07:04 localhost magmad[2836887]: ERROR:root:Metrics upload error for service magmad (chunk 0)! [StatusCode.DEADLINE_EXCEEDED] Deadline Exceeded
Apr  4 22:07:04 localhost magmad[2836887]: ERROR:root:Metrics upload error for service enodebd (chunk 0)! [StatusCode.DEADLINE_EXCEEDED] Deadline Exceeded
Apr  4 22:07:04 localhost magmad[2836887]: ERROR:root:Metrics upload error for service pipelined (chunk 0)! [StatusCode.DEADLINE_EXCEEDED] Deadline Exceeded
Apr  4 22:07:04 localhost magmad[2836887]: ERROR:root:Metrics upload error for service state (chunk 0)! [StatusCode.DEADLINE_EXCEEDED] Deadline Exceeded
Apr  4 22:07:04 localhost magmad[2836887]: ERROR:root:Metrics upload error for service sessiond (chunk 0)! [StatusCode.DEADLINE_EXCEEDED] Deadline Exceeded
Apr  4 22:07:07 localhost dhclient[601]: DHCPREQUEST for 172.16.5.121 on eth1 to 172.16.5.2 port 67 (xid=0x25c866c5)
Apr  4 22:07:07 localhost smsd[2837042]: INFO:root:mme non_eps_service_config is not SMS_ORC8R, sleeping.
Apr  4 22:07:12 localhost smsd[2837042]: INFO:root:mme non_eps_service_config is not SMS_ORC8R, sleeping.
Apr  4 22:07:14 localhost sctpd[2837236]: I0404 22:07:14.329648 2837680 sctp_connection.cpp:195] Unhandled notification type 32777
Apr  4 22:07:15 localhost dhclient[601]: DHCPREQUEST for 172.16.5.121 on eth1 to 172.16.5.2 port 67 (xid=0x25c866c5)
Apr  4 22:07:16 localhost sctpd[2837236]: I0404 22:07:16.554936 2837680 sctp_connection.cpp:195] Unhandled notification type 32777
Apr  4 22:07:16 localhost sctpd[2837236]: I0404 22:07:16.667003 2837680 sctp_connection.cpp:195] Unhandled notification type 32777
Apr  4 22:07:16 localhost sctpd[2837236]: I0404 22:07:16.785951 2837680 sctp_connection.cpp:195] Unhandled notification type 32777
Apr  4 22:07:16 localhost mme[2837640]: [DEBUG] Sending S6A-UPDATE_LOCATION_REQUEST with IMSI: 222700000000001
Apr  4 22:07:16 localhost mme[2837640]: [INFO] Received S6A-LOCATION-UPDATE_ANSWER for IMSI: 222700000000001; Status: ; StatusCode: 2001
Apr  4 22:07:16 localhost mme[2837640]: [INFO] sent itti S6A-LOCATION-UPDATE_ANSWER for IMSI: 222700000000001
Apr  4 22:07:16 localhost sctpd[2837236]: I0404 22:07:16.898134 2837680 sctp_connection.cpp:195] Unhandled notification type 32777
Apr  4 22:07:17 localhost mobilityd[2836957]: INFO:root:Using GW info: {'default': {2: ('172.16.4.1', 'eth0')}, 2: [('172.16.4.1', 'eth0', True)]}
Apr  4 22:07:17 localhost mobilityd[2836957]: INFO:root:GW-v6 probe: timer started
Apr  4 22:07:17 localhost smsd[2837042]: INFO:root:mme non_eps_service_config is not SMS_ORC8R, sleeping.
Apr  4 22:07:19 localhost sctpd[2837236]: I0404 22:07:19.281443 2837680 sctp_connection.cpp:195] Unhandled notification type 32777
Apr  4 22:07:21 localhost sctpd[2837236]: I0404 22:07:21.497462 2837680 sctp_connection.cpp:195] Unhandled notification type 32777
Apr  4 22:07:21 localhost sctpd[2837236]: I0404 22:07:21.609436 2837680 sctp_connection.cpp:195] Unhandled notification type 32777
Apr  4 22:07:21 localhost sctpd[2837236]: I0404 22:07:21.730088 2837680 sctp_connection.cpp:195] Unhandled notification type 32777
Apr  4 22:07:21 localhost mme[2837640]: [DEBUG] Sending S6A-UPDATE_LOCATION_REQUEST with IMSI: 222700000000001
Apr  4 22:07:21 localhost mme[2837640]: [INFO] Received S6A-LOCATION-UPDATE_ANSWER for IMSI: 222700000000001; Status: ; StatusCode: 2001
Apr  4 22:07:21 localhost mme[2837640]: [INFO] sent itti S6A-LOCATION-UPDATE_ANSWER for IMSI: 222700000000001
Apr  4 22:07:21 localhost sctpd[2837236]: I0404 22:07:21.846326 2837680 sctp_connection.cpp:195] Unhandled notification type 32777
Apr  4 22:07:23 localhost smsd[2837042]: INFO:root:mme non_eps_service_config is not SMS_ORC8R, sleeping.
Apr  4 22:07:24 localhost sctpd[2837236]: I0404 22:07:24.222869 2837680 sctp_connection.cpp:195] Unhandled notification type 32777
Apr  4 22:07:24 localhost sctpd[2837236]: I0404 22:07:24.487412 2837680 sctp_connection.cpp:195] Unhandled notification type 32777
Apr  4 22:07:24 localhost sctpd[2837236]: I0404 22:07:24.599735 2837680 sctp_connection.cpp:195] Unhandled notification type 32777
Apr  4 22:07:24 localhost sctpd[2837236]: I0404 22:07:24.717972 2837680 sctp_connection.cpp:195] Unhandled notification type 32777
Apr  4 22:07:24 localhost mme[2837640]: [DEBUG] Sending S6A-UPDATE_LOCATION_REQUEST with IMSI: 222700000000001
Apr  4 22:07:24 localhost mme[2837640]: [INFO] Received S6A-LOCATION-UPDATE_ANSWER for IMSI: 222700000000001; Status: ; StatusCode: 2001
Apr  4 22:07:24 localhost mme[2837640]: [INFO] sent itti S6A-LOCATION-UPDATE_ANSWER for IMSI: 222700000000001
Apr  4 22:07:24 localhost sctpd[2837236]: I0404 22:07:24.834292 2837680 sctp_connection.cpp:195] Unhandled notification type 32777
Apr  4 22:07:27 localhost sctpd[2837236]: I0404 22:07:27.218492 2837680 sctp_connection.cpp:195] Unhandled notification type 32777
Apr  4 22:07:27 localhost sctpd[2837236]: I0404 22:07:27.483361 2837680 sctp_connection.cpp:195] Unhandled notification type 32777
Apr  4 22:07:27 localhost sctpd[2837236]: I0404 22:07:27.596451 2837680 sctp_connection.cpp:195] Unhandled notification type 32777
Apr  4 22:07:27 localhost sctpd[2837236]: I0404 22:07:27.713901 2837680 sctp_connection.cpp:195] Unhandled notification type 32777
Apr  4 22:07:27 localhost mme[2837640]: [DEBUG] Sending S6A-UPDATE_LOCATION_REQUEST with IMSI: 222700000000001
Apr  4 22:07:27 localhost mme[2837640]: [INFO] Received S6A-LOCATION-UPDATE_ANSWER for IMSI: 222700000000001; Status: ; StatusCode: 2001
Apr  4 22:07:27 localhost mme[2837640]: [INFO] sent itti S6A-LOCATION-UPDATE_ANSWER for IMSI: 222700000000001
Apr  4 22:07:27 localhost sctpd[2837236]: I0404 22:07:27.829514 2837680 sctp_connection.cpp:195] Unhandled notification type 32777
Apr  4 22:07:28 localhost smsd[2837042]: INFO:root:mme non_eps_service_config is not SMS_ORC8R, sleeping.
Apr  4 22:07:29 localhost dhclient[601]: DHCPREQUEST for 172.16.5.121 on eth1 to 172.16.5.2 port 67 (xid=0x25c866c5)
Apr  4 22:07:30 localhost sctpd[2837236]: I0404 22:07:30.233543 2837680 sctp_connection.cpp:195] Unhandled notification type 32777
Apr  4 22:07:30 localhost sctpd[2837236]: I0404 22:07:30.494947 2837680 sctp_connection.cpp:195] Unhandled notification type 32777
Apr  4 22:07:30 localhost sctpd[2837236]: I0404 22:07:30.606774 2837680 sctp_connection.cpp:195] Unhandled notification type 32777
Apr  4 22:07:30 localhost sctpd[2837236]: I0404 22:07:30.717128 2837680 sctp_connection.cpp:195] Unhandled notification type 32777
Apr  4 22:07:30 localhost mme[2837640]: [DEBUG] Sending S6A-UPDATE_LOCATION_REQUEST with IMSI: 222700000000001
Apr  4 22:07:30 localhost mme[2837640]: [INFO] Received S6A-LOCATION-UPDATE_ANSWER for IMSI: 222700000000001; Status: ; StatusCode: 2001
Apr  4 22:07:30 localhost mme[2837640]: [INFO] sent itti S6A-LOCATION-UPDATE_ANSWER for IMSI: 222700000000001
Apr  4 22:07:30 localhost sctpd[2837236]: I0404 22:07:30.827234 2837680 sctp_connection.cpp:195] Unhandled notification type 32777
Apr  4 22:07:33 localhost smsd[2837042]: INFO:root:mme non_eps_service_config is not SMS_ORC8R, sleeping.
Apr  4 22:07:33 localhost sctpd[2837236]: I0404 22:07:33.214535 2837680 sctp_connection.cpp:195] Unhandled notification type 32777
Apr  4 22:07:33 localhost sctpd[2837236]: I0404 22:07:33.479280 2837680 sctp_connection.cpp:195] Unhandled notification type 32777
Apr  4 22:07:33 localhost sctpd[2837236]: I0404 22:07:33.591323 2837680 sctp_connection.cpp:195] Unhandled notification type 32777
Apr  4 22:07:33 localhost sctpd[2837236]: I0404 22:07:33.705806 2837680 sctp_connection.cpp:195] Unhandled notification type 32777
Apr  4 22:07:33 localhost mme[2837640]: [DEBUG] Sending S6A-UPDATE_LOCATION_REQUEST with IMSI: 222700000000001
Apr  4 22:07:33 localhost mme[2837640]: [INFO] Received S6A-LOCATION-UPDATE_ANSWER for IMSI: 222700000000001; Status: ; StatusCode: 2001
Apr  4 22:07:33 localhost mme[2837640]: [INFO] sent itti S6A-LOCATION-UPDATE_ANSWER for IMSI: 222700000000001
Apr  4 22:07:33 localhost sctpd[2837236]: I0404 22:07:33.821859 2837680 sctp_connection.cpp:195] Unhandled notification type 32777
Apr  4 22:07:34 localhost magmad[2836887]: INFO:root:Setting logging level to INFO
Apr  4 22:07:34 localhost control_proxy[2837121]: 2022-04-04T22:06:34.115Z [127.0.0.1 -> streamer-controller.magmasi.wavelabs.in,8443] "POST /magma.orc8r.Streamer/GetUpdates HTTP/2" 200 0bytes 60.261s
Apr  4 22:07:34 localhost magmad[2836887]: ERROR:root:Error! Streaming from the cloud failed! [StatusCode.ABORTED] error while streaming updates: rpc error: code = DeadlineExceeded desc = context deadline exceeded
Apr  4 22:07:36 localhost sctpd[2837236]: I0404 22:07:36.197832 2837680 sctp_connection.cpp:195] Unhandled notification type 32777
Apr  4 22:07:36 localhost sctpd[2837236]: I0404 22:07:36.455145 2837680 sctp_connection.cpp:195] Unhandled notification type 32777
Apr  4 22:07:36 localhost sctpd[2837236]: I0404 22:07:36.571071 2837680 sctp_connection.cpp:195] Unhandled notification type 32777
Apr  4 22:07:36 localhost sctpd[2837236]: I0404 22:07:36.689999 2837680 sctp_connection.cpp:195] Unhandled notification type 32777
Apr  4 22:07:36 localhost mme[2837640]: [DEBUG] Sending S6A-UPDATE_LOCATION_REQUEST with IMSI: 222700000000001
Apr  4 22:07:36 localhost mme[2837640]: [INFO] Received S6A-LOCATION-UPDATE_ANSWER for IMSI: 222700000000001; Status: ; StatusCode: 2001
Apr  4 22:07:36 localhost mme[2837640]: [INFO] sent itti S6A-LOCATION-UPDATE_ANSWER for IMSI: 222700000000001
Apr  4 22:07:36 localhost sctpd[2837236]: I0404 22:07:36.813963 2837680 sctp_connection.cpp:195] Unhandled notification type 32777
Apr  4 22:07:37 localhost mobilityd[2836957]: INFO:root:Using GW info: {'default': {2: ('172.16.4.1', 'eth0')}, 2: [('172.16.4.1', 'eth0', True)]}
Apr  4 22:07:37 localhost mobilityd[2836957]: INFO:root:GW-v6 probe: timer started
Apr  4 22:07:37 localhost magmad[2836887]: INFO:root:[SyncRPC] Got heartBeat from cloud
Apr  4 22:07:38 localhost smsd[2837042]: INFO:root:mme non_eps_service_config is not SMS_ORC8R, sleeping.
Apr  4 22:07:39 localhost sctpd[2837236]: I0404 22:07:39.218392 2837680 sctp_connection.cpp:195] Unhandled notification type 32777
Apr  4 22:07:39 localhost sctpd[2837236]: I0404 22:07:39.483002 2837680 sctp_connection.cpp:195] Unhandled notification type 32777
Apr  4 22:07:39 localhost sctpd[2837236]: I0404 22:07:39.595100 2837680 sctp_connection.cpp:195] Unhandled notification type 32777
Apr  4 22:07:39 localhost sctpd[2837236]: I0404 22:07:39.710081 2837680 sctp_connection.cpp:195] Unhandled notification type 32777
Apr  4 22:07:39 localhost mme[2837640]: [DEBUG] Sending S6A-UPDATE_LOCATION_REQUEST with IMSI: 222700000000001
Apr  4 22:07:39 localhost mme[2837640]: [INFO] Received S6A-LOCATION-UPDATE_ANSWER for IMSI: 222700000000001; Status: ; StatusCode: 2001
Apr  4 22:07:39 localhost mme[2837640]: [INFO] sent itti S6A-LOCATION-UPDATE_ANSWER for IMSI: 222700000000001
Apr  4 22:07:39 localhost sctpd[2837236]: I0404 22:07:39.826045 2837680 sctp_connection.cpp:195] Unhandled notification type 32777
Apr  4 22:07:40 localhost dhclient[601]: DHCPREQUEST for 172.16.5.121 on eth1 to 172.16.5.2 port 67 (xid=0x25c866c5)
Apr  4 22:07:42 localhost sctpd[2837236]: I0404 22:07:42.213708 2837680 sctp_connection.cpp:195] Unhandled notification type 32777
Apr  4 22:07:42 localhost sctpd[2837236]: I0404 22:07:42.470849 2837680 sctp_connection.cpp:195] Unhandled notification type 32777
Apr  4 22:07:42 localhost sctpd[2837236]: I0404 22:07:42.583109 2837680 sctp_connection.cpp:195] Unhandled notification type 32777
Apr  4 22:07:42 localhost sctpd[2837236]: I0404 22:07:42.701314 2837680 sctp_connection.cpp:195] Unhandled notification type 32777
Apr  4 22:07:42 localhost mme[2837640]: [DEBUG] Sending S6A-UPDATE_LOCATION_REQUEST with IMSI: 222700000000001
Apr  4 22:07:42 localhost mme[2837640]: [INFO] Received S6A-LOCATION-UPDATE_ANSWER for IMSI: 222700000000001; Status: ; StatusCode: 2001
Apr  4 22:07:42 localhost mme[2837640]: [INFO] sent itti S6A-LOCATION-UPDATE_ANSWER for IMSI: 222700000000001
Apr  4 22:07:42 localhost sctpd[2837236]: I0404 22:07:42.816480 2837680 sctp_connection.cpp:195] Unhandled notification type 32777
Apr  4 22:07:43 localhost smsd[2837042]: INFO:root:mme non_eps_service_config is not SMS_ORC8R, sleeping.
Apr  4 22:07:43 localhost control_proxy[2837121]: 2022-04-04T22:07:43.396Z [127.0.0.1 -> streamer-controller.magmasi.wavelabs.in,8443] "POST /magma.orc8r.Streamer/GetUpdates HTTP/2" 200 173bytes 0.536s
Apr  4 22:07:43 localhost policydb[2837015]: INFO:root:Processing 4 policy updates (resync=True)
Apr  4 22:07:44 localhost control_proxy[2837121]: 2022-04-04T22:07:43.396Z [127.0.0.1 -> streamer-controller.magmasi.wavelabs.in,8443] "POST /magma.orc8r.Streamer/GetUpdates HTTP/2" 200 7bytes 0.272s
Apr  4 22:07:44 localhost policydb[2837015]: INFO:root:Processing 0 basename -> policy updates
Apr  4 22:07:44 localhost control_proxy[2837121]: 2022-04-04T22:07:44.211Z [127.0.0.1 -> streamer-controller.magmasi.wavelabs.in,8443] "POST /magma.orc8r.Streamer/GetUpdates HTTP/2" 200 13513bytes 0.314s
Apr  4 22:07:44 localhost policydb[2837015]: INFO:root:Processing 222 SID -> apn -> policy updates
Apr  4 22:07:44 localhost control_proxy[2837121]: 2022-04-04T22:07:44.211Z [127.0.0.1 -> streamer-controller.magmasi.wavelabs.in,8443] "POST /magma.orc8r.Streamer/GetUpdates HTTP/2" 200 7bytes 0.266s
Apr  4 22:07:44 localhost policydb[2837015]: INFO:root:Processing 0 rating group updates
Apr  4 22:07:45 localhost sctpd[2837236]: I0404 22:07:45.206856 2837680 sctp_connection.cpp:195] Unhandled notification type 32777
Apr  4 22:07:45 localhost sctpd[2837236]: I0404 22:07:45.470331 2837680 sctp_connection.cpp:195] Unhandled notification type 32777
Apr  4 22:07:45 localhost sctpd[2837236]: I0404 22:07:45.582574 2837680 sctp_connection.cpp:195] Unhandled notification type 32777
Apr  4 22:07:45 localhost sctpd[2837236]: I0404 22:07:45.694491 2837680 sctp_connection.cpp:195] Unhandled notification type 32777
Apr  4 22:07:45 localhost mme[2837640]: [DEBUG] Sending S6A-UPDATE_LOCATION_REQUEST with IMSI: 222700000000001
Apr  4 22:07:45 localhost mme[2837640]: [INFO] Received S6A-LOCATION-UPDATE_ANSWER for IMSI: 222700000000001; Status: ; StatusCode: 2001
Apr  4 22:07:45 localhost mme[2837640]: [INFO] sent itti S6A-LOCATION-UPDATE_ANSWER for IMSI: 222700000000001
Apr  4 22:07:45 localhost sctpd[2837236]: I0404 22:07:45.809276 2837680 sctp_connection.cpp:195] Unhandled notification type 32777
Apr  4 22:07:48 localhost smsd[2837042]: INFO:root:mme non_eps_service_config is not SMS_ORC8R, sleeping.
Apr  4 22:07:48 localhost sctpd[2837236]: I0404 22:07:48.190217 2837680 sctp_connection.cpp:195] Unhandled notification type 32777
Apr  4 22:07:53 localhost smsd[2837042]: INFO:root:mme non_eps_service_config is not SMS_ORC8R, sleeping.
Apr  4 22:07:53 localhost control_proxy[2837121]: 2022-04-04T22:07:52.713Z [127.0.0.1 -> state-controller.magmasi.wavelabs.in,8443] "POST /magma.orc8r.StateService/ReportStates HTTP/2" 200 5bytes 0.607s
Apr  4 22:07:53 localhost magmad[2836887]: INFO:root:Checkin Successful! Successfully sent states to the cloud!
Apr  4 22:07:53 localhost dhclient[601]: DHCPREQUEST for 172.16.5.121 on eth1 to 172.16.5.2 port 67 (xid=0x25c866c5)
Apr  4 22:07:57 localhost mobilityd[2836957]: INFO:root:Using GW info: {'default': {2: ('172.16.4.1', 'eth0')}, 2: [('172.16.4.1', 'eth0', True)]}
Apr  4 22:07:57 localhost mobilityd[2836957]: INFO:root:GW-v6 probe: timer started
Apr  4 22:07:58 localhost smsd[2837042]: INFO:root:mme non_eps_service_config is not SMS_ORC8R, sleeping.
Apr  4 22:08:03 localhost smsd[2837042]: INFO:root:mme non_eps_service_config is not SMS_ORC8R, sleeping.
Apr  4 22:08:04 localhost sctpd[2837236]: I0404 22:08:04.353116 2837680 sctp_connection.cpp:195] Unhandled notification type 32776
Apr  4 22:08:05 localhost sctpd[2837236]: I0404 22:08:05.413734 2837680 sctp_connection.cpp:195] Unhandled notification type 32777
Apr  4 22:08:05 localhost sctpd[2837236]: I0404 22:08:05.737169 2837680 sctp_connection.cpp:195] Unhandled notification type 32777
Apr  4 22:08:08 localhost smsd[2837042]: INFO:root:mme non_eps_service_config is not SMS_ORC8R, sleeping.
Apr  4 22:08:13 localhost dhclient[601]: DHCPREQUEST for 172.16.5.121 on eth1 to 172.16.5.2 port 67 (xid=0x25c866c5)
Apr  4 22:08:13 localhost smsd[2837042]: INFO:root:mme non_eps_service_config is not SMS_ORC8R, sleeping.
Apr  4 22:08:17 localhost mobilityd[2836957]: INFO:root:Using GW info: {'default': {2: ('172.16.4.1', 'eth0')}, 2: [('172.16.4.1', 'eth0', True)]}
Apr  4 22:08:17 localhost mobilityd[2836957]: INFO:root:GW-v6 probe: timer started
Apr  4 22:08:18 localhost smsd[2837042]: INFO:root:mme non_eps_service_config is not SMS_ORC8R, sleeping.
Apr  4 22:08:22 localhost magmad[2836887]: ERROR:root:Metrics upload error for service subscriberdb (chunk 0)! [StatusCode.DEADLINE_EXCEEDED] Deadline Exceeded
Apr  4 22:08:22 localhost magmad[2836887]: ERROR:root:Metrics upload error for service mobilityd (chunk 0)! [StatusCode.DEADLINE_EXCEEDED] Deadline Exceeded
Apr  4 22:08:22 localhost magmad[2836887]: ERROR:root:Metrics upload error for service mme (chunk 0)! [StatusCode.DEADLINE_EXCEEDED] Deadline Exceeded
Apr  4 22:08:22 localhost magmad[2836887]: ERROR:root:Metrics upload error for service magmad (chunk 0)! [StatusCode.DEADLINE_EXCEEDED] Deadline Exceeded
Apr  4 22:08:22 localhost magmad[2836887]: ERROR:root:Metrics upload error for service enodebd (chunk 0)! [StatusCode.DEADLINE_EXCEEDED] Deadline Exceeded
Apr  4 22:08:22 localhost magmad[2836887]: ERROR:root:Metrics upload error for service pipelined (chunk 0)! [StatusCode.DEADLINE_EXCEEDED] Deadline Exceeded
Apr  4 22:08:22 localhost magmad[2836887]: ERROR:root:Metrics upload error for service state (chunk 0)! [StatusCode.DEADLINE_EXCEEDED] Deadline Exceeded
Apr  4 22:08:22 localhost magmad[2836887]: ERROR:root:Metrics upload error for service sessiond (chunk 0)! [StatusCode.DEADLINE_EXCEEDED] Deadline Exceeded
Apr  4 22:08:23 localhost smsd[2837042]: INFO:root:mme non_eps_service_config is not SMS_ORC8R, sleeping.
Apr  4 22:08:26 localhost sctpd[2837236]: I0404 22:08:26.824949 2837680 sctp_connection.cpp:195] Unhandled notification type 32776
Apr  4 22:08:27 localhost sctpd[2837236]: I0404 22:08:27.882983 2837680 sctp_connection.cpp:195] Unhandled notification type 32777
Apr  4 22:08:28 localhost sctpd[2837236]: I0404 22:08:28.221220 2837680 sctp_connection.cpp:195] Unhandled notification type 32777
Apr  4 22:08:28 localhost smsd[2837042]: INFO:root:mme non_eps_service_config is not SMS_ORC8R, sleeping.
Apr  4 22:08:33 localhost smsd[2837042]: INFO:root:mme non_eps_service_config is not SMS_ORC8R, sleeping.
Apr  4 22:08:34 localhost sctpd[2837236]: I0404 22:08:34.229269 2837680 sctp_connection.cpp:195] Unhandled notification type 32777
Apr  4 22:08:34 localhost dhclient[601]: DHCPREQUEST for 172.16.5.121 on eth1 to 172.16.5.2 port 67 (xid=0x25c866c5)
Apr  4 22:08:37 localhost mobilityd[2836957]: INFO:root:Using GW info: {'default': {2: ('172.16.4.1', 'eth0')}, 2: [('172.16.4.1', 'eth0', True)]}
Apr  4 22:08:37 localhost mobilityd[2836957]: INFO:root:GW-v6 probe: timer started
Apr  4 22:08:37 localhost magmad[2836887]: INFO:root:[SyncRPC] Got heartBeat from cloud
Apr  4 22:08:38 localhost sctpd[2837236]: I0404 22:08:38.353236 2837680 sctp_connection.cpp:195] Unhandled notification type 32777
Apr  4 22:08:38 localhost mme[2837640]: [DEBUG] Sending S6A-UPDATE_LOCATION_REQUEST with IMSI: 222700000000001
Apr  4 22:08:38 localhost mme[2837640]: [INFO] Received S6A-LOCATION-UPDATE_ANSWER for IMSI: 222700000000001; Status: ; StatusCode: 2001
Apr  4 22:08:38 localhost mme[2837640]: [INFO] sent itti S6A-LOCATION-UPDATE_ANSWER for IMSI: 222700000000001
Apr  4 22:08:38 localhost sctpd[2837236]: I0404 22:08:38.416059 2837680 sctp_connection.cpp:195] Unhandled notification type 32777
Apr  4 22:08:38 localhost smsd[2837042]: INFO:root:mme non_eps_service_config is not SMS_ORC8R, sleeping.
Apr  4 22:08:39 localhost subscriberdb[2836955]: INFO:root:get digest stored in gateway:
Apr  4 22:08:39 localhost control_proxy[2837121]: 2022-04-04T22:08:39.559Z [127.0.0.1 -> subscriberdb-controller.magmasi.wavelabs.in,8443] "POST /magma.lte.SubscriberDBCloud/CheckInSync HTTP/2" 200 0bytes 0.268s
Apr  4 22:08:39 localhost subscriberdb[2836955]: ERROR:root:Internal Error in subscriberdb-Orc8r communication. If AGW and Orc8r are deployed at a commit hash, upgrade AGW and Orc8r to latest commit hash.
Apr  4 22:08:40 localhost control_proxy[2837121]: 2022-04-04T22:08:39.559Z [127.0.0.1 -> subscriberdb-controller.magmasi.wavelabs.in,8443] "POST /magma.lte.SubscriberDBCloud/Sync HTTP/2" 200 0bytes 0.256s
Apr  4 22:08:40 localhost subscriberdb[2836955]: ERROR:root:Internal Error in subscriberdb-Orc8r communication. If AGW and Orc8r are deployed at a commit hash, upgrade AGW and Orc8r to latest commit hash.
Apr  4 22:08:40 localhost control_proxy[2837121]: 2022-04-04T22:08:40.090Z [127.0.0.1 -> subscriberdb-controller.magmasi.wavelabs.in,8443] "POST /magma.lte.SubscriberDBCloud/ListSubscribers HTTP/2" 200 44088bytes 0.854s
Apr  4 22:08:41 localhost subscriberdb[2836955]: INFO:root:Successfully fetched all subscriber pages from the cloud!
Apr  4 22:08:41 localhost subscriberdb[2836955]: INFO:root:update root digest stored in gateway:
Apr  4 22:08:43 localhost smsd[2837042]: INFO:root:mme non_eps_service_config is not SMS_ORC8R, sleeping.
Apr  4 22:08:44 localhost dhclient[601]: DHCPREQUEST for 172.16.5.121 on eth1 to 172.16.5.2 port 67 (xid=0x25c866c5)
Apr  4 22:08:45 localhost control_proxy[2837121]: 2022-04-04T22:08:44.856Z [127.0.0.1 -> streamer-controller.magmasi.wavelabs.in,8443] "POST /magma.orc8r.Streamer/GetUpdates HTTP/2" 200 173bytes 0.295s
Apr  4 22:08:45 localhost policydb[2837015]: INFO:root:Processing 4 policy updates (resync=True)
Apr  4 22:08:45 localhost control_proxy[2837121]: 2022-04-04T22:08:45.157Z [127.0.0.1 -> streamer-controller.magmasi.wavelabs.in,8443] "POST /magma.orc8r.Streamer/GetUpdates HTTP/2" 200 7bytes 0.271s
Apr  4 22:08:45 localhost policydb[2837015]: INFO:root:Processing 0 basename -> policy updates
Apr  4 22:08:45 localhost control_proxy[2837121]: 2022-04-04T22:08:45.157Z [127.0.0.1 -> streamer-controller.magmasi.wavelabs.in,8443] "POST /magma.orc8r.Streamer/GetUpdates HTTP/2" 200 13513bytes 0.365s
Apr  4 22:08:45 localhost policydb[2837015]: INFO:root:Processing 222 SID -> apn -> policy updates
Apr  4 22:08:46 localhost control_proxy[2837121]: 2022-04-04T22:08:45.157Z [127.0.0.1 -> streamer-controller.magmasi.wavelabs.in,8443] "POST /magma.orc8r.Streamer/GetUpdates HTTP/2" 200 7bytes 0.272s
Apr  4 22:08:46 localhost policydb[2837015]: INFO:root:Processing 0 rating group updates
Apr  4 22:08:48 localhost smsd[2837042]: INFO:root:mme non_eps_service_config is not SMS_ORC8R, sleeping.
Apr  4 22:08:53 localhost smsd[2837042]: INFO:root:mme non_eps_service_config is not SMS_ORC8R, sleeping.
Apr  4 22:08:53 localhost magmad[2836887]: INFO:root:Setting logging level to INFO
Apr  4 22:08:54 localhost sctpd[2837236]: I0404 22:08:54.725646 2837680 sctp_connection.cpp:195] Unhandled notification type 32776
Apr  4 22:08:55 localhost sctpd[2837236]: I0404 22:08:55.785921 2837680 sctp_connection.cpp:195] Unhandled notification type 32777
Apr  4 22:08:57 localhost mobilityd[2836957]: INFO:root:Using GW info: {'default': {2: ('172.16.4.1', 'eth0')}, 2: [('172.16.4.1', 'eth0', True)]}
Apr  4 22:08:57 localhost mobilityd[2836957]: INFO:root:GW-v6 probe: timer started
