Apr 26 20:03:46 localhost mme[3463033]:             PDUSessionResourceReleaseCommandIEs ::= {
Apr 26 20:03:46 localhost mme[3463033]:                 id: 10
Apr 26 20:03:46 localhost mme[3463033]:                 criticality: 0 (reject)
Apr 26 20:03:46 localhost mme[3463033]:                 value: 63
Apr 26 20:03:46 localhost mme[3463033]:             }
Apr 26 20:03:46 localhost mme[3463033]:             PDUSessionResourceReleaseCommandIEs ::= {
Apr 26 20:03:46 localhost mme[3463033]:                 id: 85
Apr 26 20:03:46 localhost mme[3463033]:                 criticality: 0 (reject)
Apr 26 20:03:46 localhost mme[3463033]:                 value: 4294967295
Apr 26 20:03:46 localhost mme[3463033]:             }
Apr 26 20:03:46 localhost mme[3463033]:             PDUSessionResourceReleaseCommandIEs ::= {
Apr 26 20:03:46 localhost mme[3463033]:                 id: 38
Apr 26 20:03:46 localhost mme[3463033]:                 criticality: 0 (reject)
Apr 26 20:03:46 localhost mme[3463033]:                 value:
Apr 26 20:03:46 localhost mme[3463033]:                     7E 01 28 3A 46 56 03 7E 00 68 01 00 05 2E 01 01
Apr 26 20:03:46 localhost mme[3463033]:                     D3 24 12 01
Apr 26 20:03:46 localhost mme[3463033]:             }
Apr 26 20:03:46 localhost mme[3463033]:             PDUSessionResourceReleaseCommandIEs ::= {
Apr 26 20:03:46 localhost mme[3463033]:                 id: 79
Apr 26 20:03:46 localhost mme[3463033]:                 criticality: 0 (reject)
Apr 26 20:03:46 localhost mme[3463033]:                 value: PDUSessionResourceToReleaseListRelCmd ::= {
Apr 26 20:03:46 localhost mme[3463033]:                 }
Apr 26 20:03:46 localhost mme[3463033]:             }
Apr 26 20:03:46 localhost mme[3463033]:         }
Apr 26 20:03:46 localhost mme[3463033]:     }
Apr 26 20:03:46 localhost mme[3463033]: }
Apr 26 20:03:47 localhost sctpd[3462640]: I0426 20:03:47.021127 3463078 sctp_connection.cpp:195] Unhandled notification type 32777
Apr 26 20:03:50 localhost dhclient[601]: DHCPREQUEST for 172.16.5.121 on eth1 to 172.16.5.2 port 67 (xid=0x1ea11b90)
Apr 26 20:03:50 localhost smsd[3462461]: INFO:root:mme non_eps_service_config is not SMS_ORC8R, sleeping.
Apr 26 20:03:55 localhost smsd[3462461]: INFO:root:mme non_eps_service_config is not SMS_ORC8R, sleeping.
Apr 26 20:03:55 localhost control_proxy[3462516]: 2022-04-26T20:03:55.176Z [127.0.0.1 -> state-controller.magmasi.wavelabs.in,8443] "POST /magma.orc8r.StateService/ReportStates HTTP/2" 200 5bytes 0.608s
Apr 26 20:03:55 localhost magmad[3462298]: INFO:root:Checkin Successful! Successfully sent states to the cloud!
Apr 26 20:03:56 localhost sessiond[3462377]: I0426 20:03:56.968103 3462377 SetMessageManagerHandler.cpp:144] Release request for session from IMSI: IMSI222700000000001 pdu_id 1
Apr 26 20:03:56 localhost mobilityd[3462370]: DEBUG:root:Received ReleaseIPAddress
Apr 26 20:03:56 localhost mobilityd[3462370]: INFO:root:GRPC message:
Apr 26 20:03:56 localhost mobilityd[3462370]:   magma.lte.ReleaseIPRequest {
Apr 26 20:03:56 localhost mobilityd[3462370]:     "sid": {
Apr 26 20:03:56 localhost mobilityd[3462370]:       "id": "222700000000001"
Apr 26 20:03:56 localhost mobilityd[3462370]:     },
Apr 26 20:03:56 localhost mobilityd[3462370]:     "ip": {
Apr 26 20:03:56 localhost mobilityd[3462370]:       "address": "wKiA0A=="
Apr 26 20:03:56 localhost mobilityd[3462370]:     },
Apr 26 20:03:56 localhost mobilityd[3462370]:     "apn": "default"
Apr 26 20:03:56 localhost mobilityd[3462370]:   }
Apr 26 20:03:56 localhost mobilityd[3462370]: INFO:root:Released IP 192.168.128.208 for sid IMSI222700000000001
Apr 26 20:04:00 localhost smsd[3462461]: INFO:root:mme non_eps_service_config is not SMS_ORC8R, sleeping.
Apr 26 20:04:01 localhost policydb[3462443]: INFO:root:Terminating session: IMSI222700000000001-592313
Apr 26 20:04:01 localhost eventd[3462455]: DEBUG:root:Logging event: stream_name: "sessiond"
Apr 26 20:04:01 localhost eventd[3462455]: event_type: "session_terminated"
Apr 26 20:04:01 localhost eventd[3462455]: tag: "IMSI222700000000001"
Apr 26 20:04:01 localhost eventd[3462455]: value: "{\"mac_addr\":\"\",\"user_location\":\"\",\"spgw_ip\":\"\",\"imei\":\"\",\"record_sequence_number\":1,\"pdp_end_time\":19,\"charging_rx\":0,\"duration\":-93966885727229,\"ip_addr\":\"192.168.128.208\",\"monitoring_tx\":0,\"ipv6_addr\":\"\",\"msisdn\":\"\",\"apn\":\"default\",\"session_id\":\"IMSI222700000000001-592313\",\"list_of_service_data\":[],\"charging_characteristics\":\"\",\"total_tx\":0,\"cause_for_rec_closing\":0,\"imsi\":\"IMSI222700000000001\",\"total_rx\":0,\"monitoring_rx\":0,\"charging_tx\":0,\"pdp_start_time\":93966885727248}"
Apr 26 20:04:01 localhost eventd[3462455]: ERROR:root:Connection to FluentBit failed: [Errno 111] Connection refused
Apr 26 20:04:01 localhost eventd[3462455]: INFO:root:FluentBit (td-agent-bit) may not be enabled or configured correctly
Apr 26 20:04:01 localhost sessiond[3462377]: I0426 20:04:01.982221 3462392 SessionEvents.cpp:292] Could not log session_terminated event {"mac_addr":"","user_location":"","spgw_ip":"","imei":"","record_sequence_number":1,"pdp_end_time":19,"charging_rx":0,"duration":-93966885727229,"ip_addr":"192.168.128.208","monitoring_tx":0,"ipv6_addr":"","msisdn":"","apn":"default","session_id":"IMSI222700000000001-592313","list_of_service_data":[],"charging_characteristics":"","total_tx":0,"cause_for_rec_closing":0,"imsi":"IMSI222700000000001","total_rx":0,"monitoring_rx":0,"charging_tx":0,"pdp_start_time":93966885727248}, Error Message: Could not connect to FluentBit locally, Details: [Errno 111] Connection refused
Apr 26 20:04:03 localhost dhclient[601]: DHCPREQUEST for 172.16.5.121 on eth1 to 172.16.5.2 port 67 (xid=0x1ea11b90)
Apr 26 20:04:05 localhost magmad[3462298]: ERROR:root:Metrics upload error for service subscriberdb (chunk 0)! [StatusCode.DEADLINE_EXCEEDED] Deadline Exceeded
Apr 26 20:04:05 localhost magmad[3462298]: ERROR:root:Metrics upload error for service mobilityd (chunk 0)! [StatusCode.DEADLINE_EXCEEDED] Deadline Exceeded
Apr 26 20:04:05 localhost magmad[3462298]: ERROR:root:Metrics upload error for service mme (chunk 0)! [StatusCode.DEADLINE_EXCEEDED] Deadline Exceeded
Apr 26 20:04:05 localhost smsd[3462461]: INFO:root:mme non_eps_service_config is not SMS_ORC8R, sleeping.
Apr 26 20:04:06 localhost mobilityd[3462370]: INFO:root:Using GW info: {'default': {2: ('172.16.4.1', 'eth0')}, 2: [('172.16.4.1', 'eth0', True)]}
Apr 26 20:04:06 localhost mobilityd[3462370]: INFO:root:GW-v6 probe: timer started
Apr 26 20:04:07 localhost magmad[3462298]: INFO:root:[SyncRPC] Got heartBeat from cloud
Apr 26 20:04:07 localhost control_proxy[3462516]: 2022-04-26T20:04:07.510Z [127.0.0.1 -> state-controller.magmasi.wavelabs.in,8443] "POST /magma.orc8r.StateService/ReportStates HTTP/2" 200 5bytes 0.268s
Apr 26 20:04:10 localhost smsd[3462461]: INFO:root:mme non_eps_service_config is not SMS_ORC8R, sleeping.
Apr 26 20:04:11 localhost mobilityd[3462370]: DEBUG:root:Release Reaped IP: <mobilityd.IPDesc {ip: 192.168.128.208, ip_block: 192.168.128.0/24, state: IPState.FREE, sid: IMSI222700000000001.default,ipv4, type: IPType.IP_POOL }}>
Apr 26 20:04:15 localhost smsd[3462461]: INFO:root:mme non_eps_service_config is not SMS_ORC8R, sleeping.
Apr 26 20:04:17 localhost sctpd[3462640]: I0426 20:04:17.036475 3463078 sctp_connection.cpp:195] Unhandled notification type 32776
Apr 26 20:04:18 localhost sctpd[3462640]: I0426 20:04:18.098346 3463078 sctp_connection.cpp:195] Unhandled notification type 32777
Apr 26 20:04:20 localhost smsd[3462461]: INFO:root:mme non_eps_service_config is not SMS_ORC8R, sleeping.
Apr 26 20:04:22 localhost dhclient[601]: DHCPREQUEST for 172.16.5.121 on eth1 to 172.16.5.2 port 67 (xid=0x1ea11b90)
Apr 26 20:04:25 localhost magmad[3462298]: ERROR:root:Metrics upload error for service magmad (chunk 0)! [StatusCode.DEADLINE_EXCEEDED] Deadline Exceeded
Apr 26 20:04:25 localhost magmad[3462298]: ERROR:root:Metrics upload error for service enodebd (chunk 0)! [StatusCode.DEADLINE_EXCEEDED] Deadline Exceeded
Apr 26 20:04:25 localhost magmad[3462298]: ERROR:root:Metrics upload error for service pipelined (chunk 0)! [StatusCode.DEADLINE_EXCEEDED] Deadline Exceeded
Apr 26 20:04:25 localhost magmad[3462298]: ERROR:root:Metrics upload error for service state (chunk 0)! [StatusCode.DEADLINE_EXCEEDED] Deadline Exceeded
Apr 26 20:04:25 localhost magmad[3462298]: ERROR:root:Metrics upload error for service sessiond (chunk 0)! [StatusCode.DEADLINE_EXCEEDED] Deadline Exceeded
Apr 26 20:04:25 localhost smsd[3462461]: INFO:root:mme non_eps_service_config is not SMS_ORC8R, sleeping.
Apr 26 20:04:26 localhost mobilityd[3462370]: INFO:root:Using GW info: {'default': {2: ('172.16.4.1', 'eth0')}, 2: [('172.16.4.1', 'eth0', True)]}
Apr 26 20:04:26 localhost mobilityd[3462370]: INFO:root:GW-v6 probe: timer started
Apr 26 20:04:30 localhost smsd[3462461]: INFO:root:mme non_eps_service_config is not SMS_ORC8R, sleeping.
Apr 26 20:04:40 localhost smsd[3462461]: message repeated 2 times: [ INFO:root:mme non_eps_service_config is not SMS_ORC8R, sleeping.]
Apr 26 20:04:41 localhost dhclient[601]: DHCPREQUEST for 172.16.5.121 on eth1 to 172.16.5.2 port 67 (xid=0x1ea11b90)
Apr 26 20:04:43 localhost sctpd[3462640]: I0426 20:04:43.787488 3463078 sctp_connection.cpp:195] Unhandled notification type 32776
Apr 26 20:04:45 localhost control_proxy[3462516]: 2022-04-26T20:04:44.612Z [127.0.0.1 -> streamer-controller.magmasi.wavelabs.in,8443] "POST /magma.orc8r.Streamer/GetUpdates HTTP/2" 200 173bytes 0.607s
Apr 26 20:04:45 localhost policydb[3462443]: INFO:root:Processing 4 policy updates (resync=True)
Apr 26 20:04:45 localhost control_proxy[3462516]: 2022-04-26T20:04:45.224Z [127.0.0.1 -> streamer-controller.magmasi.wavelabs.in,8443] "POST /magma.orc8r.Streamer/GetUpdates HTTP/2" 200 7bytes 0.271s
Apr 26 20:04:45 localhost policydb[3462443]: INFO:root:Processing 0 basename -> policy updates
Apr 26 20:04:45 localhost control_proxy[3462516]: 2022-04-26T20:04:45.224Z [127.0.0.1 -> streamer-controller.magmasi.wavelabs.in,8443] "POST /magma.orc8r.Streamer/GetUpdates HTTP/2" 200 13536bytes 0.325s
Apr 26 20:04:45 localhost policydb[3462443]: INFO:root:Processing 223 SID -> apn -> policy updates
Apr 26 20:04:45 localhost smsd[3462461]: INFO:root:mme non_eps_service_config is not SMS_ORC8R, sleeping.
Apr 26 20:04:46 localhost control_proxy[3462516]: 2022-04-26T20:04:45.224Z [127.0.0.1 -> streamer-controller.magmasi.wavelabs.in,8443] "POST /magma.orc8r.Streamer/GetUpdates HTTP/2" 200 7bytes 0.267s
Apr 26 20:04:46 localhost policydb[3462443]: INFO:root:Processing 0 rating group updates
Apr 26 20:04:46 localhost mobilityd[3462370]: INFO:root:Using GW info: {'default': {2: ('172.16.4.1', 'eth0')}, 2: [('172.16.4.1', 'eth0', True)]}
Apr 26 20:04:46 localhost mobilityd[3462370]: INFO:root:GW-v6 probe: timer started
Apr 26 20:04:50 localhost smsd[3462461]: INFO:root:mme non_eps_service_config is not SMS_ORC8R, sleeping.
Apr 26 20:04:53 localhost sctpd[3462640]: I0426 20:04:53.953919 3463078 sctp_connection.cpp:195] Unhandled notification type 32777
Apr 26 20:04:55 localhost smsd[3462461]: INFO:root:mme non_eps_service_config is not SMS_ORC8R, sleeping.
Apr 26 20:04:56 localhost magmad[3462298]: INFO:root:Setting logging level to INFO
Apr 26 20:04:57 localhost sctpd[3462640]: I0426 20:04:57.236043 3463078 sctp_connection.cpp:195] Unhandled notification type 32777
Apr 26 20:04:59 localhost dhclient[601]: DHCPREQUEST for 172.16.5.121 on eth1 to 172.16.5.2 port 67 (xid=0x1ea11b90)
Apr 26 20:05:00 localhost smsd[3462461]: INFO:root:mme non_eps_service_config is not SMS_ORC8R, sleeping.
Apr 26 20:05:06 localhost smsd[3462461]: INFO:root:mme non_eps_service_config is not SMS_ORC8R, sleeping.
Apr 26 20:05:06 localhost mobilityd[3462370]: INFO:root:Using GW info: {'default': {2: ('172.16.4.1', 'eth0')}, 2: [('172.16.4.1', 'eth0', True)]}
Apr 26 20:05:06 localhost mobilityd[3462370]: INFO:root:GW-v6 probe: timer started
Apr 26 20:05:07 localhost magmad[3462298]: INFO:root:[SyncRPC] Got heartBeat from cloud
Apr 26 20:05:09 localhost control_proxy[3462516]: 2022-04-26T20:04:08.900Z [127.0.0.1 -> streamer-controller.magmasi.wavelabs.in,8443] "POST /magma.orc8r.Streamer/GetUpdates HTTP/2" 200 0bytes 60.279s
Apr 26 20:05:09 localhost magmad[3462298]: ERROR:root:Error! Streaming from the cloud failed! [StatusCode.ABORTED] error while streaming updates: rpc error: code = DeadlineExceeded desc = context deadline exceeded
Apr 26 20:05:11 localhost smsd[3462461]: INFO:root:mme non_eps_service_config is not SMS_ORC8R, sleeping.
Apr 26 20:05:11 localhost dhclient[601]: DHCPREQUEST for 172.16.5.121 on eth1 to 172.16.5.2 port 67 (xid=0x1ea11b90)
Apr 26 20:05:14 localhost magmad[3462298]: ERROR:root:Metrics upload error for service subscriberdb (chunk 0)! [StatusCode.DEADLINE_EXCEEDED] Deadline Exceeded
Apr 26 20:05:14 localhost magmad[3462298]: ERROR:root:Metrics upload error for service mobilityd (chunk 0)! [StatusCode.DEADLINE_EXCEEDED] Deadline Exceeded
Apr 26 20:05:14 localhost magmad[3462298]: ERROR:root:Metrics upload error for service mme (chunk 0)! [StatusCode.DEADLINE_EXCEEDED] Deadline Exceeded
Apr 26 20:05:14 localhost magmad[3462298]: INFO:root:Checking for upgrade...
Apr 26 20:05:14 localhost magmad[3462298]: WARNING:root:magmad package_version config missing or set to default 0.0.0-0, skipping upgrade
Apr 26 20:05:15 localhost control_proxy[3462516]: 2022-04-26T20:05:14.856Z [127.0.0.1 -> state-controller.magmasi.wavelabs.in,8443] "POST /magma.orc8r.StateService/ReportStates HTTP/2" 200 5bytes 0.546s
Apr 26 20:05:15 localhost magmad[3462298]: INFO:root:Checkin Successful! Successfully sent states to the cloud!
Apr 26 20:05:16 localhost smsd[3462461]: INFO:root:mme non_eps_service_config is not SMS_ORC8R, sleeping.
Apr 26 20:05:19 localhost sctpd[3462640]: I0426 20:05:19.313067 3463078 sctp_connection.cpp:195] Unhandled notification type 32776
Apr 26 20:05:20 localhost sctpd[3462640]: I0426 20:05:20.372814 3463078 sctp_connection.cpp:195] Unhandled notification type 32777
Apr 26 20:05:21 localhost smsd[3462461]: INFO:root:mme non_eps_service_config is not SMS_ORC8R, sleeping.
Apr 26 20:05:23 localhost dhclient[601]: DHCPREQUEST for 172.16.5.121 on eth1 to 172.16.5.2 port 67 (xid=0x1ea11b90)
Apr 26 20:05:25 localhost magmad[3462298]: ERROR:root:Metrics upload error for service magmad (chunk 0)! [StatusCode.DEADLINE_EXCEEDED] Deadline Exceeded
Apr 26 20:05:25 localhost magmad[3462298]: ERROR:root:Metrics upload error for service enodebd (chunk 0)! [StatusCode.DEADLINE_EXCEEDED] Deadline Exceeded
Apr 26 20:05:25 localhost magmad[3462298]: ERROR:root:Metrics upload error for service pipelined (chunk 0)! [StatusCode.DEADLINE_EXCEEDED] Deadline Exceeded
Apr 26 20:05:25 localhost magmad[3462298]: ERROR:root:Metrics upload error for service state (chunk 0)! [StatusCode.DEADLINE_EXCEEDED] Deadline Exceeded
Apr 26 20:05:25 localhost magmad[3462298]: ERROR:root:Metrics upload error for service sessiond (chunk 0)! [StatusCode.DEADLINE_EXCEEDED] Deadline Exceeded
Apr 26 20:05:26 localhost smsd[3462461]: INFO:root:mme non_eps_service_config is not SMS_ORC8R, sleeping.
Apr 26 20:05:26 localhost mobilityd[3462370]: INFO:root:Using GW info: {'default': {2: ('172.16.4.1', 'eth0')}, 2: [('172.16.4.1', 'eth0', True)]}
Apr 26 20:05:26 localhost mobilityd[3462370]: INFO:root:GW-v6 probe: timer started
Apr 26 20:05:31 localhost smsd[3462461]: INFO:root:mme non_eps_service_config is not SMS_ORC8R, sleeping.
Apr 26 20:05:35 localhost dhclient[601]: DHCPREQUEST for 172.16.5.121 on eth1 to 172.16.5.2 port 67 (xid=0x1ea11b90)
Apr 26 20:05:36 localhost smsd[3462461]: INFO:root:mme non_eps_service_config is not SMS_ORC8R, sleeping.
Apr 26 20:05:41 localhost smsd[3462461]: INFO:root:mme non_eps_service_config is not SMS_ORC8R, sleeping.
Apr 26 20:05:42 localhost sctpd[3462640]: I0426 20:05:42.366065 3463078 sctp_connection.cpp:195] Unhandled notification type 32776
Apr 26 20:05:43 localhost sctpd[3462640]: I0426 20:05:43.420349 3463078 sctp_connection.cpp:195] Unhandled notification type 32777
Apr 26 20:05:46 localhost smsd[3462461]: INFO:root:mme non_eps_service_config is not SMS_ORC8R, sleeping.
Apr 26 20:05:46 localhost mobilityd[3462370]: INFO:root:Using GW info: {'default': {2: ('172.16.4.1', 'eth0')}, 2: [('172.16.4.1', 'eth0', True)]}
Apr 26 20:05:46 localhost mobilityd[3462370]: INFO:root:GW-v6 probe: timer started
Apr 26 20:05:46 localhost control_proxy[3462516]: 2022-04-26T20:05:46.160Z [127.0.0.1 -> streamer-controller.magmasi.wavelabs.in,8443] "POST /magma.orc8r.Streamer/GetUpdates HTTP/2" 200 173bytes 0.531s
Apr 26 20:05:46 localhost policydb[3462443]: INFO:root:Processing 4 policy updates (resync=True)
Apr 26 20:05:46 localhost control_proxy[3462516]: 2022-04-26T20:05:46.160Z [127.0.0.1 -> streamer-controller.magmasi.wavelabs.in,8443] "POST /magma.orc8r.Streamer/GetUpdates HTTP/2" 200 7bytes 0.269s
Apr 26 20:05:46 localhost policydb[3462443]: INFO:root:Processing 0 basename -> policy updates
Apr 26 20:05:47 localhost control_proxy[3462516]: 2022-04-26T20:05:46.160Z [127.0.0.1 -> streamer-controller.magmasi.wavelabs.in,8443] "POST /magma.orc8r.Streamer/GetUpdates HTTP/2" 200 13536bytes 0.302s
Apr 26 20:05:47 localhost policydb[3462443]: INFO:root:Processing 223 SID -> apn -> policy updates
Apr 26 20:05:47 localhost control_proxy[3462516]: 2022-04-26T20:05:47.279Z [127.0.0.1 -> streamer-controller.magmasi.wavelabs.in,8443] "POST /magma.orc8r.Streamer/GetUpdates HTTP/2" 200 7bytes 0.268s
Apr 26 20:05:47 localhost policydb[3462443]: INFO:root:Processing 0 rating group updates
Apr 26 20:05:50 localhost dhclient[601]: DHCPREQUEST for 172.16.5.121 on eth1 to 172.16.5.2 port 67 (xid=0x1ea11b90)
Apr 26 20:05:51 localhost smsd[3462461]: INFO:root:mme non_eps_service_config is not SMS_ORC8R, sleeping.
Apr 26 20:05:56 localhost smsd[3462461]: INFO:root:mme non_eps_service_config is not SMS_ORC8R, sleeping.
Apr 26 20:05:57 localhost dhclient[601]: DHCPREQUEST for 172.16.5.121 on eth1 to 172.16.5.2 port 67 (xid=0x1ea11b90)
Apr 26 20:06:01 localhost smsd[3462461]: INFO:root:mme non_eps_service_config is not SMS_ORC8R, sleeping.
Apr 26 20:06:05 localhost sctpd[3462640]: I0426 20:06:05.510046 3463078 sctp_connection.cpp:195] Unhandled notification type 32776
Apr 26 20:06:05 localhost magmad[3462298]: ERROR:root:Metrics upload error for service subscriberdb (chunk 0)! [StatusCode.DEADLINE_EXCEEDED] Deadline Exceeded
Apr 26 20:06:05 localhost magmad[3462298]: ERROR:root:Metrics upload error for service mobilityd (chunk 0)! [StatusCode.DEADLINE_EXCEEDED] Deadline Exceeded
Apr 26 20:06:05 localhost magmad[3462298]: ERROR:root:Metrics upload error for service mme (chunk 0)! [StatusCode.DEADLINE_EXCEEDED] Deadline Exceeded
Apr 26 20:06:06 localhost mobilityd[3462370]: INFO:root:Using GW info: {'default': {2: ('172.16.4.1', 'eth0')}, 2: [('172.16.4.1', 'eth0', True)]}
Apr 26 20:06:06 localhost mobilityd[3462370]: INFO:root:GW-v6 probe: timer started
Apr 26 20:06:06 localhost smsd[3462461]: INFO:root:mme non_eps_service_config is not SMS_ORC8R, sleeping.
Apr 26 20:06:07 localhost magmad[3462298]: INFO:root:[SyncRPC] Got heartBeat from cloud
Apr 26 20:06:08 localhost dhclient[601]: DHCPREQUEST for 172.16.5.121 on eth1 to 172.16.5.2 port 67 (xid=0x1ea11b90)
Apr 26 20:06:11 localhost smsd[3462461]: INFO:root:mme non_eps_service_config is not SMS_ORC8R, sleeping.
Apr 26 20:06:15 localhost sctpd[3462640]: I0426 20:06:15.650856 3463078 sctp_connection.cpp:195] Unhandled notification type 32777
Apr 26 20:06:15 localhost magmad[3462298]: INFO:root:Setting logging level to INFO
Apr 26 20:06:16 localhost dhclient[601]: DHCPREQUEST for 172.16.5.121 on eth1 to 172.16.5.2 port 67 (xid=0x1ea11b90)
Apr 26 20:06:16 localhost smsd[3462461]: INFO:root:mme non_eps_service_config is not SMS_ORC8R, sleeping.
Apr 26 20:06:18 localhost sctpd[3462640]: I0426 20:06:18.935979 3463078 sctp_connection.cpp:195] Unhandled notification type 32777
Apr 26 20:06:21 localhost smsd[3462461]: INFO:root:mme non_eps_service_config is not SMS_ORC8R, sleeping.
Apr 26 20:06:26 localhost mobilityd[3462370]: INFO:root:Using GW info: {'default': {2: ('172.16.4.1', 'eth0')}, 2: [('172.16.4.1', 'eth0', True)]}
Apr 26 20:06:26 localhost mobilityd[3462370]: INFO:root:GW-v6 probe: timer started
Apr 26 20:06:26 localhost smsd[3462461]: INFO:root:mme non_eps_service_config is not SMS_ORC8R, sleeping.
Apr 26 20:06:28 localhost dhclient[601]: DHCPREQUEST for 172.16.5.121 on eth1 to 172.16.5.2 port 67 (xid=0x1ea11b90)
Apr 26 20:06:31 localhost smsd[3462461]: INFO:root:mme non_eps_service_config is not SMS_ORC8R, sleeping.
Apr 26 20:06:34 localhost magmad[3462298]: ERROR:root:Metrics upload error for service magmad (chunk 0)! [StatusCode.DEADLINE_EXCEEDED] Deadline Exceeded
Apr 26 20:06:34 localhost magmad[3462298]: ERROR:root:Metrics upload error for service enodebd (chunk 0)! [StatusCode.DEADLINE_EXCEEDED] Deadline Exceeded
Apr 26 20:06:34 localhost magmad[3462298]: ERROR:root:Metrics upload error for service pipelined (chunk 0)! [StatusCode.DEADLINE_EXCEEDED] Deadline Exceeded
Apr 26 20:06:34 localhost magmad[3462298]: ERROR:root:Metrics upload error for service state (chunk 0)! [StatusCode.DEADLINE_EXCEEDED] Deadline Exceeded
Apr 26 20:06:34 localhost magmad[3462298]: ERROR:root:Metrics upload error for service sessiond (chunk 0)! [StatusCode.DEADLINE_EXCEEDED] Deadline Exceeded
Apr 26 20:06:34 localhost control_proxy[3462516]: 2022-04-26T20:06:34.434Z [127.0.0.1 -> state-controller.magmasi.wavelabs.in,8443] "POST /magma.orc8r.StateService/ReportStates HTTP/2" 200 5bytes 0.524s
Apr 26 20:06:34 localhost magmad[3462298]: INFO:root:Checkin Successful! Successfully sent states to the cloud!
Apr 26 20:06:36 localhost smsd[3462461]: INFO:root:mme non_eps_service_config is not SMS_ORC8R, sleeping.
Apr 26 20:06:41 localhost sctpd[3462640]: I0426 20:06:41.156209 3463078 sctp_connection.cpp:195] Unhandled notification type 32776
Apr 26 20:06:41 localhost sctpd[3462640]: I0426 20:06:41.298655 3463078 sctp_connection.cpp:195] Unhandled notification type 32776
Apr 26 20:06:41 localhost smsd[3462461]: INFO:root:mme non_eps_service_config is not SMS_ORC8R, sleeping.
Apr 26 20:06:41 localhost dhclient[601]: DHCPREQUEST for 172.16.5.121 on eth1 to 172.16.5.2 port 67 (xid=0x1ea11b90)
Apr 26 20:06:42 localhost sctpd[3462640]: I0426 20:06:42.357102 3463078 sctp_connection.cpp:195] Unhandled notification type 32777
Apr 26 20:06:42 localhost sctpd[3462640]: I0426 20:06:42.463861 3463078 sctp_connection.cpp:195] Unhandled notification type 32777
Apr 26 20:06:46 localhost mobilityd[3462370]: INFO:root:Using GW info: {'default': {2: ('172.16.4.1', 'eth0')}, 2: [('172.16.4.1', 'eth0', True)]}
Apr 26 20:06:46 localhost mobilityd[3462370]: INFO:root:GW-v6 probe: timer started
Apr 26 20:06:46 localhost smsd[3462461]: INFO:root:mme non_eps_service_config is not SMS_ORC8R, sleeping.
Apr 26 20:06:48 localhost control_proxy[3462516]: 2022-04-26T20:06:47.598Z [127.0.0.1 -> streamer-controller.magmasi.wavelabs.in,8443] "POST /magma.orc8r.Streamer/GetUpdates HTTP/2" 200 173bytes 0.526s
Apr 26 20:06:48 localhost policydb[3462443]: INFO:root:Processing 4 policy updates (resync=True)
Apr 26 20:06:48 localhost control_proxy[3462516]: 2022-04-26T20:06:48.127Z [127.0.0.1 -> streamer-controller.magmasi.wavelabs.in,8443] "POST /magma.orc8r.Streamer/GetUpdates HTTP/2" 200 7bytes 0.270s
Apr 26 20:06:48 localhost policydb[3462443]: INFO:root:Processing 0 basename -> policy updates
Apr 26 20:06:48 localhost control_proxy[3462516]: 2022-04-26T20:06:48.127Z [127.0.0.1 -> streamer-controller.magmasi.wavelabs.in,8443] "POST /magma.orc8r.Streamer/GetUpdates HTTP/2" 200 13536bytes 0.305s
Apr 26 20:06:48 localhost policydb[3462443]: INFO:root:Processing 223 SID -> apn -> policy updates
Apr 26 20:06:48 localhost control_proxy[3462516]: 2022-04-26T20:06:48.127Z [127.0.0.1 -> streamer-controller.magmasi.wavelabs.in,8443] "POST /magma.orc8r.Streamer/GetUpdates HTTP/2" 200 7bytes 0.265s
Apr 26 20:06:48 localhost policydb[3462443]: INFO:root:Processing 0 rating group updates
Apr 26 20:06:51 localhost smsd[3462461]: INFO:root:mme non_eps_service_config is not SMS_ORC8R, sleeping.
Apr 26 20:06:56 localhost smsd[3462461]: INFO:root:mme non_eps_service_config is not SMS_ORC8R, sleeping.
Apr 26 20:07:00 localhost dhclient[601]: DHCPREQUEST for 172.16.5.121 on eth1 to 172.16.5.2 port 67 (xid=0x1ea11b90)
Apr 26 20:07:01 localhost smsd[3462461]: INFO:root:mme non_eps_service_config is not SMS_ORC8R, sleeping.
Apr 26 20:07:05 localhost sctpd[3462640]: I0426 20:07:04.999948 3463078 sctp_connection.cpp:195] Unhandled notification type 32776
Apr 26 20:07:05 localhost magmad[3462298]: ERROR:root:Metrics upload error for service subscriberdb (chunk 0)! [StatusCode.DEADLINE_EXCEEDED] Deadline Exceeded
Apr 26 20:07:05 localhost magmad[3462298]: ERROR:root:Metrics upload error for service mobilityd (chunk 0)! [StatusCode.DEADLINE_EXCEEDED] Deadline Exceeded
Apr 26 20:07:05 localhost magmad[3462298]: ERROR:root:Metrics upload error for service mme (chunk 0)! [StatusCode.DEADLINE_EXCEEDED] Deadline Exceeded
Apr 26 20:07:06 localhost sctpd[3462640]: I0426 20:07:06.072597 3463078 sctp_connection.cpp:195] Unhandled notification type 32777
Apr 26 20:07:06 localhost mobilityd[3462370]: INFO:root:Using GW info: {'default': {2: ('172.16.4.1', 'eth0')}, 2: [('172.16.4.1', 'eth0', True)]}
Apr 26 20:07:06 localhost mobilityd[3462370]: INFO:root:GW-v6 probe: timer started
Apr 26 20:07:06 localhost smsd[3462461]: INFO:root:mme non_eps_service_config is not SMS_ORC8R, sleeping.
Apr 26 20:07:07 localhost magmad[3462298]: INFO:root:[SyncRPC] Got heartBeat from cloud
Apr 26 20:07:09 localhost control_proxy[3462516]: 2022-04-26T20:06:09.231Z [127.0.0.1 -> streamer-controller.magmasi.wavelabs.in,8443] "POST /magma.orc8r.Streamer/GetUpdates HTTP/2" 200 0bytes 60.264s
Apr 26 20:07:09 localhost magmad[3462298]: ERROR:root:Error! Streaming from the cloud failed! [StatusCode.ABORTED] error while streaming updates: rpc error: code = DeadlineExceeded desc = context deadline exceeded
Apr 26 20:07:11 localhost smsd[3462461]: INFO:root:mme non_eps_service_config is not SMS_ORC8R, sleeping.
Apr 26 20:07:12 localhost dhclient[601]: DHCPREQUEST for 172.16.5.121 on eth1 to 172.16.5.2 port 67 (xid=0x1ea11b90)
Apr 26 20:07:16 localhost subscriberdb[3462368]: INFO:root:get digest stored in gateway:
Apr 26 20:07:16 localhost control_proxy[3462516]: 2022-04-26T20:07:16.219Z [127.0.0.1 -> subscriberdb-controller.magmasi.wavelabs.in,8443] "POST /magma.lte.SubscriberDBCloud/CheckInSync HTTP/2" 200 0bytes 0.519s
Apr 26 20:07:16 localhost subscriberdb[3462368]: ERROR:root:Internal Error in subscriberdb-Orc8r communication. If AGW and Orc8r are deployed at a commit hash, upgrade AGW and Orc8r to latest commit hash.
Apr 26 20:07:16 localhost smsd[3462461]: INFO:root:mme non_eps_service_config is not SMS_ORC8R, sleeping.
Apr 26 20:07:17 localhost control_proxy[3462516]: 2022-04-26T20:07:16.219Z [127.0.0.1 -> subscriberdb-controller.magmasi.wavelabs.in,8443] "POST /magma.lte.SubscriberDBCloud/Sync HTTP/2" 200 0bytes 0.257s
Apr 26 20:07:17 localhost subscriberdb[3462368]: ERROR:root:Internal Error in subscriberdb-Orc8r communication. If AGW and Orc8r are deployed at a commit hash, upgrade AGW and Orc8r to latest commit hash.
Apr 26 20:07:17 localhost control_proxy[3462516]: 2022-04-26T20:07:17.002Z [127.0.0.1 -> subscriberdb-controller.magmasi.wavelabs.in,8443] "POST /magma.lte.SubscriberDBCloud/ListSubscribers HTTP/2" 200 44180bytes 0.353s
Apr 26 20:07:17 localhost subscriberdb[3462368]: INFO:root:Successfully fetched all subscriber pages from the cloud!
Apr 26 20:07:17 localhost subscriberdb[3462368]: INFO:root:update root digest stored in gateway:
Apr 26 20:07:21 localhost smsd[3462461]: INFO:root:mme non_eps_service_config is not SMS_ORC8R, sleeping.
Apr 26 20:07:25 localhost magmad[3462298]: ERROR:root:Metrics upload error for service magmad (chunk 0)! [StatusCode.DEADLINE_EXCEEDED] Deadline Exceeded
Apr 26 20:07:25 localhost magmad[3462298]: ERROR:root:Metrics upload error for service enodebd (chunk 0)! [StatusCode.DEADLINE_EXCEEDED] Deadline Exceeded
Apr 26 20:07:25 localhost magmad[3462298]: ERROR:root:Metrics upload error for service pipelined (chunk 0)! [StatusCode.DEADLINE_EXCEEDED] Deadline Exceeded
Apr 26 20:07:25 localhost magmad[3462298]: ERROR:root:Metrics upload error for service state (chunk 0)! [StatusCode.DEADLINE_EXCEEDED] Deadline Exceeded
Apr 26 20:07:25 localhost magmad[3462298]: ERROR:root:Metrics upload error for service sessiond (chunk 0)! [StatusCode.DEADLINE_EXCEEDED] Deadline Exceeded
Apr 26 20:07:26 localhost mobilityd[3462370]: INFO:root:Using GW info: {'default': {2: ('172.16.4.1', 'eth0')}, 2: [('172.16.4.1', 'eth0', True)]}
Apr 26 20:07:26 localhost mobilityd[3462370]: INFO:root:GW-v6 probe: timer started
Apr 26 20:07:26 localhost smsd[3462461]: INFO:root:mme non_eps_service_config is not SMS_ORC8R, sleeping.
Apr 26 20:07:28 localhost sctpd[3462640]: I0426 20:07:28.114307 3463078 sctp_connection.cpp:195] Unhandled notification type 32776
Apr 26 20:07:29 localhost sctpd[3462640]: I0426 20:07:29.175433 3463078 sctp_connection.cpp:195] Unhandled notification type 32777
Apr 26 20:07:31 localhost dhclient[601]: DHCPREQUEST for 172.16.5.121 on eth1 to 172.16.5.2 port 67 (xid=0x1ea11b90)
Apr 26 20:07:31 localhost smsd[3462461]: INFO:root:mme non_eps_service_config is not SMS_ORC8R, sleeping.
Apr 26 20:07:35 localhost magmad[3462298]: INFO:root:Setting logging level to INFO
Apr 26 20:07:36 localhost smsd[3462461]: INFO:root:mme non_eps_service_config is not SMS_ORC8R, sleeping.
Apr 26 20:07:39 localhost dhclient[601]: DHCPREQUEST for 172.16.5.121 on eth1 to 172.16.5.2 port 67 (xid=0x1ea11b90)
Apr 26 20:07:41 localhost smsd[3462461]: INFO:root:mme non_eps_service_config is not SMS_ORC8R, sleeping.
Apr 26 20:07:46 localhost mobilityd[3462370]: INFO:root:Using GW info: {'default': {2: ('172.16.4.1', 'eth0')}, 2: [('172.16.4.1', 'eth0', True)]}
Apr 26 20:07:46 localhost mobilityd[3462370]: INFO:root:GW-v6 probe: timer started
Apr 26 20:07:46 localhost smsd[3462461]: INFO:root:mme non_eps_service_config is not SMS_ORC8R, sleeping.
Apr 26 20:07:47 localhost dhclient[601]: DHCPREQUEST for 172.16.5.121 on eth1 to 172.16.5.2 port 67 (xid=0x1ea11b90)
Apr 26 20:07:48 localhost systemd[1]: session-5041.scope: Succeeded.
Apr 26 20:07:49 localhost control_proxy[3462516]: 2022-04-26T20:07:49.031Z [127.0.0.1 -> streamer-controller.magmasi.wavelabs.in,8443] "POST /magma.orc8r.Streamer/GetUpdates HTTP/2" 200 173bytes 0.525s
Apr 26 20:07:49 localhost policydb[3462443]: INFO:root:Processing 4 policy updates (resync=True)
Apr 26 20:07:49 localhost control_proxy[3462516]: 2022-04-26T20:07:49.031Z [127.0.0.1 -> streamer-controller.magmasi.wavelabs.in,8443] "POST /magma.orc8r.Streamer/GetUpdates HTTP/2" 200 7bytes 0.271s
Apr 26 20:07:49 localhost policydb[3462443]: INFO:root:Processing 0 basename -> policy updates
Apr 26 20:07:50 localhost control_proxy[3462516]: 2022-04-26T20:07:49.031Z [127.0.0.1 -> streamer-controller.magmasi.wavelabs.in,8443] "POST /magma.orc8r.Streamer/GetUpdates HTTP/2" 200 13536bytes 0.292s
Apr 26 20:07:50 localhost policydb[3462443]: INFO:root:Processing 223 SID -> apn -> policy updates
Apr 26 20:07:50 localhost control_proxy[3462516]: 2022-04-26T20:07:50.136Z [127.0.0.1 -> streamer-controller.magmasi.wavelabs.in,8443] "POST /magma.orc8r.Streamer/GetUpdates HTTP/2" 200 7bytes 0.265s
Apr 26 20:07:50 localhost policydb[3462443]: INFO:root:Processing 0 rating group updates
Apr 26 20:07:51 localhost sctpd[3462640]: I0426 20:07:51.459069 3463078 sctp_connection.cpp:195] Unhandled notification type 32776
Apr 26 20:07:52 localhost smsd[3462461]: INFO:root:mme non_eps_service_config is not SMS_ORC8R, sleeping.
Apr 26 20:07:52 localhost sctpd[3462640]: I0426 20:07:52.517452 3463078 sctp_connection.cpp:195] Unhandled notification type 32777
Apr 26 20:07:54 localhost control_proxy[3462516]: 2022-04-26T20:07:54.023Z [127.0.0.1 -> state-controller.magmasi.wavelabs.in,8443] "POST /magma.orc8r.StateService/ReportStates HTTP/2" 200 5bytes 0.458s
Apr 26 20:07:54 localhost magmad[3462298]: INFO:root:Checkin Successful! Successfully sent states to the cloud!
Apr 26 20:07:56 localhost dhclient[601]: DHCPREQUEST for 172.16.5.121 on eth1 to 172.16.5.2 port 67 (xid=0x1ea11b90)
Apr 26 20:07:57 localhost smsd[3462461]: INFO:root:mme non_eps_service_config is not SMS_ORC8R, sleeping.
Apr 26 20:07:58 localhost systemd[1]: Stopping User Manager for UID 1000...
Apr 26 20:07:58 localhost systemd[3455278]: Stopped target Main User Target.
Apr 26 20:07:58 localhost systemd[3455278]: Stopped target Basic System.
Apr 26 20:07:58 localhost systemd[3455278]: Stopped target Paths.
Apr 26 20:07:58 localhost systemd[3455278]: Stopped target Sockets.
Apr 26 20:07:58 localhost systemd[3455278]: Stopped target Timers.
Apr 26 20:07:58 localhost systemd[3455278]: dbus.socket: Succeeded.
Apr 26 20:07:58 localhost systemd[3455278]: Closed D-Bus User Message Bus Socket.
Apr 26 20:07:58 localhost systemd[3455278]: dirmngr.socket: Succeeded.
Apr 26 20:07:58 localhost systemd[3455278]: Closed GnuPG network certificate management daemon.
Apr 26 20:07:58 localhost systemd[3455278]: gpg-agent-browser.socket: Succeeded.
Apr 26 20:07:58 localhost systemd[3455278]: Closed GnuPG cryptographic agent and passphrase cache (access for web browsers).
Apr 26 20:07:58 localhost systemd[3455278]: gpg-agent-extra.socket: Succeeded.
Apr 26 20:07:58 localhost systemd[3455278]: Closed GnuPG cryptographic agent and passphrase cache (restricted).
Apr 26 20:07:58 localhost systemd[3455278]: gpg-agent-ssh.socket: Succeeded.
Apr 26 20:07:58 localhost systemd[3455278]: Closed GnuPG cryptographic agent (ssh-agent emulation).
Apr 26 20:07:58 localhost systemd[3455278]: gpg-agent.socket: Succeeded.
Apr 26 20:07:58 localhost systemd[3455278]: Closed GnuPG cryptographic agent and passphrase cache.
Apr 26 20:07:58 localhost systemd[3455278]: pk-debconf-helper.socket: Succeeded.
Apr 26 20:07:58 localhost systemd[3455278]: Closed debconf communication socket.
Apr 26 20:07:58 localhost systemd[3455278]: snapd.session-agent.socket: Succeeded.
Apr 26 20:07:58 localhost systemd[3455278]: Closed REST API socket for snapd user session agent.
Apr 26 20:07:58 localhost systemd[3455278]: Reached target Shutdown.
Apr 26 20:07:58 localhost systemd[3455278]: systemd-exit.service: Succeeded.
Apr 26 20:07:58 localhost systemd[3455278]: Finished Exit the Session.
Apr 26 20:07:58 localhost systemd[3455278]: Reached target Exit the Session.
Apr 26 20:07:58 localhost systemd[1]: user@1000.service: Succeeded.
Apr 26 20:07:58 localhost systemd[1]: Stopped User Manager for UID 1000.
Apr 26 20:07:58 localhost systemd[1]: Stopping User Runtime Directory /run/user/1000...
Apr 26 20:07:58 localhost systemd[1]: run-user-1000.mount: Succeeded.
Apr 26 20:07:58 localhost systemd[3117]: run-user-1000.mount: Succeeded.
Apr 26 20:07:58 localhost systemd[1]: user-runtime-dir@1000.service: Succeeded.
Apr 26 20:07:58 localhost systemd[1]: Stopped User Runtime Directory /run/user/1000.
Apr 26 20:07:58 localhost systemd[1]: Removed slice User Slice of UID 1000.
Apr 26 20:08:02 localhost smsd[3462461]: INFO:root:mme non_eps_service_config is not SMS_ORC8R, sleeping.
Apr 26 20:08:06 localhost mobilityd[3462370]: INFO:root:Using GW info: {'default': {2: ('172.16.4.1', 'eth0')}, 2: [('172.16.4.1', 'eth0', True)]}
Apr 26 20:08:06 localhost mobilityd[3462370]: INFO:root:GW-v6 probe: timer started
Apr 26 20:08:06 localhost dhclient[601]: DHCPREQUEST for 172.16.5.121 on eth1 to 172.16.5.2 port 67 (xid=0x1ea11b90)
Apr 26 20:08:07 localhost smsd[3462461]: INFO:root:mme non_eps_service_config is not SMS_ORC8R, sleeping.
Apr 26 20:08:07 localhost magmad[3462298]: INFO:root:[SyncRPC] Got heartBeat from cloud
Apr 26 20:08:12 localhost smsd[3462461]: INFO:root:mme non_eps_service_config is not SMS_ORC8R, sleeping.
Apr 26 20:08:14 localhost sctpd[3462640]: I0426 20:08:14.777330 3463078 sctp_connection.cpp:195] Unhandled notification type 32776
Apr 26 20:08:14 localhost sctpd[3462640]: I0426 20:08:14.894378 3463078 sctp_connection.cpp:195] Unhandled notification type 32776
Apr 26 20:08:15 localhost sctpd[3462640]: I0426 20:08:15.953766 3463078 sctp_connection.cpp:195] Unhandled notification type 32777
Apr 26 20:08:16 localhost sctpd[3462640]: I0426 20:08:16.065881 3463078 sctp_connection.cpp:195] Unhandled notification type 32777
Apr 26 20:08:17 localhost smsd[3462461]: INFO:root:mme non_eps_service_config is not SMS_ORC8R, sleeping.
Apr 26 20:08:22 localhost smsd[3462461]: INFO:root:mme non_eps_service_config is not SMS_ORC8R, sleeping.
Apr 26 20:08:23 localhost magmad[3462298]: ERROR:root:Metrics upload error for service subscriberdb (chunk 0)! [StatusCode.DEADLINE_EXCEEDED] Deadline Exceeded
Apr 26 20:08:23 localhost magmad[3462298]: ERROR:root:Metrics upload error for service mobilityd (chunk 0)! [StatusCode.DEADLINE_EXCEEDED] Deadline Exceeded
Apr 26 20:08:23 localhost magmad[3462298]: ERROR:root:Metrics upload error for service mme (chunk 0)! [StatusCode.DEADLINE_EXCEEDED] Deadline Exceeded
Apr 26 20:08:25 localhost dhclient[601]: DHCPREQUEST for 172.16.5.121 on eth1 to 172.16.5.2 port 67 (xid=0x1ea11b90)
Apr 26 20:08:25 localhost magmad[3462298]: ERROR:root:Metrics upload error for service magmad (chunk 0)! [StatusCode.DEADLINE_EXCEEDED] Deadline Exceeded
Apr 26 20:08:25 localhost magmad[3462298]: ERROR:root:Metrics upload error for service enodebd (chunk 0)! [StatusCode.DEADLINE_EXCEEDED] Deadline Exceeded
Apr 26 20:08:25 localhost magmad[3462298]: ERROR:root:Metrics upload error for service pipelined (chunk 0)! [StatusCode.DEADLINE_EXCEEDED] Deadline Exceeded
Apr 26 20:08:25 localhost magmad[3462298]: ERROR:root:Metrics upload error for service state (chunk 0)! [StatusCode.DEADLINE_EXCEEDED] Deadline Exceeded
Apr 26 20:08:25 localhost magmad[3462298]: ERROR:root:Metrics upload error for service sessiond (chunk 0)! [StatusCode.DEADLINE_EXCEEDED] Deadline Exceeded
Apr 26 20:08:26 localhost mobilityd[3462370]: INFO:root:Using GW info: {'default': {2: ('172.16.4.1', 'eth0')}, 2: [('172.16.4.1', 'eth0', True)]}
Apr 26 20:08:26 localhost mobilityd[3462370]: INFO:root:GW-v6 probe: timer started
Apr 26 20:08:27 localhost smsd[3462461]: INFO:root:mme non_eps_service_config is not SMS_ORC8R, sleeping.
Apr 26 20:08:37 localhost smsd[3462461]: message repeated 2 times: [ INFO:root:mme non_eps_service_config is not SMS_ORC8R, sleeping.]
Apr 26 20:08:38 localhost sctpd[3462640]: I0426 20:08:38.145150 3463078 sctp_connection.cpp:195] Unhandled notification type 32776
Apr 26 20:08:39 localhost sctpd[3462640]: I0426 20:08:39.205201 3463078 sctp_connection.cpp:195] Unhandled notification type 32777
Apr 26 20:08:42 localhost smsd[3462461]: INFO:root:mme non_eps_service_config is not SMS_ORC8R, sleeping.
Apr 26 20:08:43 localhost dhclient[601]: DHCPREQUEST for 172.16.5.121 on eth1 to 172.16.5.2 port 67 (xid=0x1ea11b90)
Apr 26 20:08:46 localhost mobilityd[3462370]: INFO:root:Using GW info: {'default': {2: ('172.16.4.1', 'eth0')}, 2: [('172.16.4.1', 'eth0', True)]}
Apr 26 20:08:46 localhost mobilityd[3462370]: INFO:root:GW-v6 probe: timer started
Apr 26 20:08:47 localhost smsd[3462461]: INFO:root:mme non_eps_service_config is not SMS_ORC8R, sleeping.
Apr 26 20:08:50 localhost control_proxy[3462516]: 2022-04-26T20:08:50.445Z [127.0.0.1 -> streamer-controller.magmasi.wavelabs.in,8443] "POST /magma.orc8r.Streamer/GetUpdates HTTP/2" 200 173bytes 0.530s
Apr 26 20:08:50 localhost policydb[3462443]: INFO:root:Processing 4 policy updates (resync=True)
Apr 26 20:08:51 localhost control_proxy[3462516]: 2022-04-26T20:08:50.445Z [127.0.0.1 -> streamer-controller.magmasi.wavelabs.in,8443] "POST /magma.orc8r.Streamer/GetUpdates HTTP/2" 200 7bytes 0.269s
Apr 26 20:08:51 localhost policydb[3462443]: INFO:root:Processing 0 basename -> policy updates
Apr 26 20:08:51 localhost control_proxy[3462516]: 2022-04-26T20:08:51.251Z [127.0.0.1 -> streamer-controller.magmasi.wavelabs.in,8443] "POST /magma.orc8r.Streamer/GetUpdates HTTP/2" 200 13536bytes 0.292s
Apr 26 20:08:51 localhost policydb[3462443]: INFO:root:Processing 223 SID -> apn -> policy updates
Apr 26 20:08:51 localhost control_proxy[3462516]: 2022-04-26T20:08:51.251Z [127.0.0.1 -> streamer-controller.magmasi.wavelabs.in,8443] "POST /magma.orc8r.Streamer/GetUpdates HTTP/2" 200 7bytes 0.274s
Apr 26 20:08:51 localhost policydb[3462443]: INFO:root:Processing 0 rating group updates
Apr 26 20:08:52 localhost smsd[3462461]: INFO:root:mme non_eps_service_config is not SMS_ORC8R, sleeping.
Apr 26 20:08:52 localhost dhclient[601]: DHCPREQUEST for 172.16.5.121 on eth1 to 172.16.5.2 port 67 (xid=0x1ea11b90)
Apr 26 20:08:55 localhost magmad[3462298]: INFO:root:Setting logging level to INFO
Apr 26 20:08:57 localhost smsd[3462461]: INFO:root:mme non_eps_service_config is not SMS_ORC8R, sleeping.
Apr 26 20:09:01 localhost sctpd[3462640]: I0426 20:09:01.276105 3463078 sctp_connection.cpp:195] Unhandled notification type 32776
Apr 26 20:09:02 localhost sctpd[3462640]: I0426 20:09:02.338474 3463078 sctp_connection.cpp:195] Unhandled notification type 32777
Apr 26 20:09:02 localhost smsd[3462461]: INFO:root:mme non_eps_service_config is not SMS_ORC8R, sleeping.
Apr 26 20:09:03 localhost dhclient[601]: DHCPREQUEST for 172.16.5.121 on eth1 to 172.16.5.2 port 67 (xid=0x1ea11b90)
Apr 26 20:09:06 localhost mobilityd[3462370]: INFO:root:Using GW info: {'default': {2: ('172.16.4.1', 'eth0')}, 2: [('172.16.4.1', 'eth0', True)]}
Apr 26 20:09:06 localhost mobilityd[3462370]: INFO:root:GW-v6 probe: timer started
Apr 26 20:09:07 localhost magmad[3462298]: INFO:root:[SyncRPC] Got heartBeat from cloud
Apr 26 20:09:07 localhost smsd[3462461]: INFO:root:mme non_eps_service_config is not SMS_ORC8R, sleeping.
Apr 26 20:09:09 localhost control_proxy[3462516]: 2022-04-26T20:08:09.556Z [127.0.0.1 -> streamer-controller.magmasi.wavelabs.in,8443] "POST /magma.orc8r.Streamer/GetUpdates HTTP/2" 200 0bytes 60.260s
Apr 26 20:09:09 localhost magmad[3462298]: ERROR:root:Error! Streaming from the cloud failed! [StatusCode.ABORTED] error while streaming updates: rpc error: code = DeadlineExceeded desc = context deadline exceeded
Apr 26 20:09:12 localhost smsd[3462461]: INFO:root:mme non_eps_service_config is not SMS_ORC8R, sleeping.
Apr 26 20:09:12 localhost dhclient[601]: DHCPREQUEST for 172.16.5.121 on eth1 to 172.16.5.2 port 67 (xid=0x1ea11b90)
Apr 26 20:09:14 localhost control_proxy[3462516]: 2022-04-26T20:09:13.551Z [127.0.0.1 -> state-controller.magmasi.wavelabs.in,8443] "POST /magma.orc8r.StateService/ReportStates HTTP/2" 200 5bytes 0.441s
Apr 26 20:09:14 localhost magmad[3462298]: INFO:root:Checkin Successful! Successfully sent states to the cloud!
Apr 26 20:09:17 localhost smsd[3462461]: INFO:root:mme non_eps_service_config is not SMS_ORC8R, sleeping.
Apr 26 20:09:22 localhost smsd[3462461]: INFO:root:mme non_eps_service_config is not SMS_ORC8R, sleeping.
Apr 26 20:09:22 localhost dhclient[601]: DHCPREQUEST for 172.16.5.121 on eth1 to 172.16.5.2 port 67 (xid=0x1ea11b90)
Apr 26 20:09:23 localhost magmad[3462298]: ERROR:root:Metrics upload error for service subscriberdb (chunk 0)! [StatusCode.DEADLINE_EXCEEDED] Deadline Exceeded
Apr 26 20:09:23 localhost magmad[3462298]: ERROR:root:Metrics upload error for service mobilityd (chunk 0)! [StatusCode.DEADLINE_EXCEEDED] Deadline Exceeded
Apr 26 20:09:23 localhost magmad[3462298]: ERROR:root:Metrics upload error for service mme (chunk 0)! [StatusCode.DEADLINE_EXCEEDED] Deadline Exceeded
Apr 26 20:09:26 localhost mobilityd[3462370]: INFO:root:Using GW info: {'default': {2: ('172.16.4.1', 'eth0')}, 2: [('172.16.4.1', 'eth0', True)]}
Apr 26 20:09:26 localhost mobilityd[3462370]: INFO:root:GW-v6 probe: timer started
Apr 26 20:09:27 localhost smsd[3462461]: INFO:root:mme non_eps_service_config is not SMS_ORC8R, sleeping.
Apr 26 20:09:27 localhost sctpd[3462640]: I0426 20:09:27.694896 3463078 sctp_connection.cpp:195] Unhandled notification type 32776
Apr 26 20:09:27 localhost sctpd[3462640]: I0426 20:09:27.820240 3463078 sctp_connection.cpp:195] Unhandled notification type 32776
Apr 26 20:09:28 localhost sctpd[3462640]: I0426 20:09:28.878772 3463078 sctp_connection.cpp:195] Unhandled notification type 32777
Apr 26 20:09:28 localhost sctpd[3462640]: I0426 20:09:28.993846 3463078 sctp_connection.cpp:195] Unhandled notification type 32777
Apr 26 20:09:29 localhost sctpd[3462640]: I0426 20:09:29.227609 3463078 sctp_connection.cpp:195] Unhandled notification type 32777
Apr 26 20:09:29 localhost sctpd[3462640]: I0426 20:09:29.349788 3463078 sctp_connection.cpp:195] Unhandled notification type 32777
Apr 26 20:09:29 localhost mme[3463033]: [DEBUG] Sending S6A-UPDATE_LOCATION_REQUEST with IMSI: 222700000000001
Apr 26 20:09:29 localhost mme[3463033]: [INFO] Received S6A-LOCATION-UPDATE_ANSWER for IMSI: 222700000000001; Status: ; StatusCode: 2001
Apr 26 20:09:29 localhost mme[3463033]: [INFO] sent itti S6A-LOCATION-UPDATE_ANSWER for IMSI: 222700000000001
Apr 26 20:09:29 localhost sctpd[3462640]: I0426 20:09:29.469305 3463078 sctp_connection.cpp:195] Unhandled notification type 32777
Apr 26 20:09:31 localhost sctpd[3462640]: I0426 20:09:31.116959 3463078 sctp_connection.cpp:195] Unhandled notification type 32777
Apr 26 20:09:32 localhost smsd[3462461]: INFO:root:mme non_eps_service_config is not SMS_ORC8R, sleeping.
Apr 26 20:09:35 localhost sctpd[3462640]: I0426 20:09:35.302764 3463078 sctp_connection.cpp:195] Unhandled notification type 32777
Apr 26 20:09:35 localhost sctpd[3462640]: I0426 20:09:35.421571 3463078 sctp_connection.cpp:195] Unhandled notification type 32777
Apr 26 20:09:35 localhost mme[3463033]: [DEBUG] Sending S6A-UPDATE_LOCATION_REQUEST with IMSI: 222700000000001
Apr 26 20:09:35 localhost mme[3463033]: [INFO] Received S6A-LOCATION-UPDATE_ANSWER for IMSI: 222700000000001; Status: ; StatusCode: 2001
Apr 26 20:09:35 localhost mme[3463033]: [INFO] sent itti S6A-LOCATION-UPDATE_ANSWER for IMSI: 222700000000001
Apr 26 20:09:35 localhost sctpd[3462640]: I0426 20:09:35.540894 3463078 sctp_connection.cpp:195] Unhandled notification type 32777
Apr 26 20:09:36 localhost dhclient[601]: DHCPREQUEST for 172.16.5.121 on eth1 to 172.16.5.2 port 67 (xid=0x1ea11b90)
Apr 26 20:09:37 localhost smsd[3462461]: INFO:root:mme non_eps_service_config is not SMS_ORC8R, sleeping.
Apr 26 20:09:37 localhost sctpd[3462640]: I0426 20:09:37.981070 3463078 sctp_connection.cpp:195] Unhandled notification type 32777
Apr 26 20:09:42 localhost smsd[3462461]: INFO:root:mme non_eps_service_config is not SMS_ORC8R, sleeping.
Apr 26 20:09:43 localhost magmad[3462298]: ERROR:root:Metrics upload error for service magmad (chunk 0)! [StatusCode.DEADLINE_EXCEEDED] Deadline Exceeded
Apr 26 20:09:43 localhost magmad[3462298]: ERROR:root:Metrics upload error for service enodebd (chunk 0)! [StatusCode.DEADLINE_EXCEEDED] Deadline Exceeded
Apr 26 20:09:43 localhost magmad[3462298]: ERROR:root:Metrics upload error for service pipelined (chunk 0)! [StatusCode.DEADLINE_EXCEEDED] Deadline Exceeded
Apr 26 20:09:43 localhost magmad[3462298]: ERROR:root:Metrics upload error for service state (chunk 0)! [StatusCode.DEADLINE_EXCEEDED] Deadline Exceeded
Apr 26 20:09:43 localhost magmad[3462298]: ERROR:root:Metrics upload error for service sessiond (chunk 0)! [StatusCode.DEADLINE_EXCEEDED] Deadline Exceeded
Apr 26 20:09:46 localhost mobilityd[3462370]: INFO:root:Using GW info: {'default': {2: ('172.16.4.1', 'eth0')}, 2: [('172.16.4.1', 'eth0', True)]}
Apr 26 20:09:46 localhost mobilityd[3462370]: INFO:root:GW-v6 probe: timer started
Apr 26 20:09:47 localhost smsd[3462461]: INFO:root:mme non_eps_service_config is not SMS_ORC8R, sleeping.
Apr 26 20:09:51 localhost dhclient[601]: DHCPREQUEST for 172.16.5.121 on eth1 to 172.16.5.2 port 67 (xid=0x1ea11b90)
Apr 26 20:09:52 localhost control_proxy[3462516]: 2022-04-26T20:09:51.880Z [127.0.0.1 -> streamer-controller.magmasi.wavelabs.in,8443] "POST /magma.orc8r.Streamer/GetUpdates HTTP/2" 200 173bytes 0.528s
Apr 26 20:09:52 localhost policydb[3462443]: INFO:root:Processing 4 policy updates (resync=True)
Apr 26 20:09:52 localhost control_proxy[3462516]: 2022-04-26T20:09:52.414Z [127.0.0.1 -> streamer-controller.magmasi.wavelabs.in,8443] "POST /magma.orc8r.Streamer/GetUpdates HTTP/2" 200 7bytes 0.266s
Apr 26 20:09:52 localhost policydb[3462443]: INFO:root:Processing 0 basename -> policy updates
Apr 26 20:09:52 localhost smsd[3462461]: INFO:root:mme non_eps_service_config is not SMS_ORC8R, sleeping.
Apr 26 20:09:52 localhost control_proxy[3462516]: 2022-04-26T20:09:52.414Z [127.0.0.1 -> streamer-controller.magmasi.wavelabs.in,8443] "POST /magma.orc8r.Streamer/GetUpdates HTTP/2" 200 13536bytes 0.310s
Apr 26 20:09:52 localhost policydb[3462443]: INFO:root:Processing 223 SID -> apn -> policy updates
Apr 26 20:09:53 localhost control_proxy[3462516]: 2022-04-26T20:09:52.414Z [127.0.0.1 -> streamer-controller.magmasi.wavelabs.in,8443] "POST /magma.orc8r.Streamer/GetUpdates HTTP/2" 200 7bytes 0.272s
Apr 26 20:09:53 localhost policydb[3462443]: INFO:root:Processing 0 rating group updates
Apr 26 20:09:57 localhost smsd[3462461]: INFO:root:mme non_eps_service_config is not SMS_ORC8R, sleeping.
Apr 26 20:09:58 localhost sctpd[3462640]: I0426 20:09:58.107548 3463078 sctp_connection.cpp:195] Unhandled notification type 32776
Apr 26 20:09:59 localhost sctpd[3462640]: I0426 20:09:59.169291 3463078 sctp_connection.cpp:195] Unhandled notification type 32777
Apr 26 20:10:02 localhost smsd[3462461]: INFO:root:mme non_eps_service_config is not SMS_ORC8R, sleeping.
Apr 26 20:10:06 localhost mobilityd[3462370]: INFO:root:Using GW info: {'default': {2: ('172.16.4.1', 'eth0')}, 2: [('172.16.4.1', 'eth0', True)]}
Apr 26 20:10:06 localhost mobilityd[3462370]: INFO:root:GW-v6 probe: timer started
