Mar 10 16:23:53 localhost dhclient[601]: DHCPREQUEST for 172.16.5.121 on eth1 to 172.16.5.2 port 67 (xid=0x4b4058b5)
Mar 10 16:23:57 localhost smsd[943978]: INFO:root:mme non_eps_service_config is not SMS_ORC8R, sleeping.
Mar 10 16:24:01 localhost sctpd[944152]: I0310 16:24:01.890718 944655 sctp_connection.cpp:167] HandleClientSock sd = 19
Mar 10 16:24:01 localhost sctpd[944152]: I0310 16:24:01.890875 944655 sctp_connection.cpp:189] SCTP association change event received
Mar 10 16:24:01 localhost sctpd[944152]: I0310 16:24:01.894838 944655 sctp_connection.cpp:167] HandleClientSock sd = 19
Mar 10 16:24:01 localhost sctpd[944152]: I0310 16:24:01.894901 944655 sctp_connection.cpp:193] Unhandled notification type 32776
Mar 10 16:24:02 localhost smsd[943978]: INFO:root:mme non_eps_service_config is not SMS_ORC8R, sleeping.
Mar 10 16:24:02 localhost sctpd[944152]: I0310 16:24:02.955775 944655 sctp_connection.cpp:167] HandleClientSock sd = 19
Mar 10 16:24:02 localhost sctpd[944152]: I0310 16:24:02.955902 944655 sctp_connection.cpp:220] [sd:19] msg of len 42 on 3721:0
Mar 10 16:24:02 localhost sctpd[944152]: I0310 16:24:02.960170 944650 sctpd_downlink_impl.cpp:76] SctpdDownlinkImpl::SendDl starting
Mar 10 16:24:02 localhost sctpd[944152]: I0310 16:24:02.960964 944655 sctp_connection.cpp:167] HandleClientSock sd = 19
Mar 10 16:24:02 localhost sctpd[944152]: I0310 16:24:02.961050 944655 sctp_connection.cpp:193] Unhandled notification type 32777
Mar 10 16:24:03 localhost dnsmasq-dhcp[944055]: DHCPDISCOVER(eth1) fa:16:3e:2a:89:3f 
Mar 10 16:24:03 localhost dnsmasq-dhcp[944055]: DHCPOFFER(eth1) 172.16.7.251 fa:16:3e:2a:89:3f 
Mar 10 16:24:05 localhost magmad[943817]: INFO:root:Setting logging level to INFO
Mar 10 16:24:06 localhost dhclient[601]: DHCPREQUEST for 172.16.5.121 on eth1 to 172.16.5.2 port 67 (xid=0x4b4058b5)
Mar 10 16:24:06 localhost magmad[943817]: INFO:root:[SyncRPC] Got heartBeat from cloud
Mar 10 16:24:07 localhost mobilityd[943896]: INFO:root:Using GW info: {'default': {2: ('172.16.4.1', 'eth0')}, 2: [('172.16.4.1', 'eth0', True)]}
Mar 10 16:24:07 localhost mobilityd[943896]: INFO:root:GW-v6 probe: timer started
Mar 10 16:24:07 localhost smsd[943978]: INFO:root:mme non_eps_service_config is not SMS_ORC8R, sleeping.
Mar 10 16:24:10 localhost sctpd[944152]: I0310 16:24:10.287465 944655 sctp_connection.cpp:167] HandleClientSock sd = 19
Mar 10 16:24:10 localhost sctpd[944152]: I0310 16:24:10.287614 944655 sctp_connection.cpp:185] SCTP_SHUTDOWN_EVENT received
Mar 10 16:24:10 localhost sctpd[944152]: I0310 16:24:10.287639 944655 sctp_connection.cpp:280] Sending close connection for assoc_id 3721
Mar 10 16:24:11 localhost dnsmasq-dhcp[944055]: DHCPDISCOVER(eth1) fa:16:3e:2a:89:3f 
Mar 10 16:24:11 localhost dnsmasq-dhcp[944055]: DHCPOFFER(eth1) 172.16.7.251 fa:16:3e:2a:89:3f 
Mar 10 16:24:12 localhost smsd[943978]: INFO:root:mme non_eps_service_config is not SMS_ORC8R, sleeping.
Mar 10 16:24:15 localhost dhclient[601]: DHCPREQUEST for 172.16.5.121 on eth1 to 172.16.5.2 port 67 (xid=0x4b4058b5)
Mar 10 16:24:17 localhost smsd[943978]: INFO:root:mme non_eps_service_config is not SMS_ORC8R, sleeping.
Mar 10 16:24:19 localhost sctpd[944152]: I0310 16:24:19.033300 944655 sctp_connection.cpp:167] HandleClientSock sd = 23
Mar 10 16:24:19 localhost sctpd[944152]: I0310 16:24:19.033368 944655 sctp_connection.cpp:189] SCTP association change event received
Mar 10 16:24:19 localhost sctpd[944152]: I0310 16:24:19.033982 944655 sctp_connection.cpp:167] HandleClientSock sd = 23
Mar 10 16:24:19 localhost sctpd[944152]: I0310 16:24:19.034013 944655 sctp_connection.cpp:193] Unhandled notification type 32776
Mar 10 16:24:22 localhost dnsmasq-dhcp[944055]: DHCPDISCOVER(eth1) fa:16:3e:2a:89:3f 
Mar 10 16:24:22 localhost dnsmasq-dhcp[944055]: DHCPOFFER(eth1) 172.16.7.251 fa:16:3e:2a:89:3f 
Mar 10 16:24:22 localhost smsd[943978]: INFO:root:mme non_eps_service_config is not SMS_ORC8R, sleeping.
Mar 10 16:24:23 localhost magmad[943817]: ERROR:root:Metrics upload error for service subscriberdb (chunk 0)! [StatusCode.DEADLINE_EXCEEDED] Deadline Exceeded
Mar 10 16:24:23 localhost magmad[943817]: ERROR:root:Metrics upload error for service mobilityd (chunk 0)! [StatusCode.DEADLINE_EXCEEDED] Deadline Exceeded
Mar 10 16:24:23 localhost magmad[943817]: ERROR:root:Metrics upload error for service mme (chunk 0)! [StatusCode.DEADLINE_EXCEEDED] Deadline Exceeded
Mar 10 16:24:23 localhost magmad[943817]: ERROR:root:Metrics upload error for service magmad (chunk 0)! [StatusCode.DEADLINE_EXCEEDED] Deadline Exceeded
Mar 10 16:24:23 localhost magmad[943817]: ERROR:root:Metrics upload error for service enodebd (chunk 0)! [StatusCode.DEADLINE_EXCEEDED] Deadline Exceeded
Mar 10 16:24:23 localhost magmad[943817]: ERROR:root:Metrics upload error for service sessiond (chunk 0)! [StatusCode.DEADLINE_EXCEEDED] Deadline Exceeded
Mar 10 16:24:23 localhost magmad[943817]: ERROR:root:Metrics upload error for service pipelined (chunk 0)! [StatusCode.DEADLINE_EXCEEDED] Deadline Exceeded
Mar 10 16:24:23 localhost magmad[943817]: ERROR:root:Metrics upload error for service state (chunk 0)! [StatusCode.DEADLINE_EXCEEDED] Deadline Exceeded
Mar 10 16:24:24 localhost control_proxy[944547]: 2022-03-10T16:24:23.559Z [127.0.0.1 -> state-controller.magmasi.wavelabs.in,8443] "POST /magma.orc8r.StateService/ReportStates HTTP/2" 200 5bytes 0.517s
Mar 10 16:24:24 localhost magmad[943817]: INFO:root:Checkin Successful! Successfully sent states to the cloud!
Mar 10 16:24:26 localhost dhclient[601]: DHCPREQUEST for 172.16.5.121 on eth1 to 172.16.5.2 port 67 (xid=0x4b4058b5)
Mar 10 16:24:27 localhost mobilityd[943896]: INFO:root:Using GW info: {'default': {2: ('172.16.4.1', 'eth0')}, 2: [('172.16.4.1', 'eth0', True)]}
Mar 10 16:24:27 localhost mobilityd[943896]: INFO:root:GW-v6 probe: timer started
Mar 10 16:24:27 localhost smsd[943978]: INFO:root:mme non_eps_service_config is not SMS_ORC8R, sleeping.
Mar 10 16:24:28 localhost sctpd[944152]: I0310 16:24:28.628175 944655 sctp_connection.cpp:167] HandleClientSock sd = 23
Mar 10 16:24:28 localhost sctpd[944152]: I0310 16:24:28.628464 944655 sctp_connection.cpp:220] [sd:23] msg of len 42 on 3722:0
Mar 10 16:24:28 localhost sctpd[944152]: I0310 16:24:28.632946 944650 sctpd_downlink_impl.cpp:76] SctpdDownlinkImpl::SendDl starting
Mar 10 16:24:28 localhost sctpd[944152]: I0310 16:24:28.633390 944655 sctp_connection.cpp:167] HandleClientSock sd = 23
Mar 10 16:24:28 localhost sctpd[944152]: I0310 16:24:28.633466 944655 sctp_connection.cpp:193] Unhandled notification type 32777
Mar 10 16:24:28 localhost sctpd[944152]: I0310 16:24:28.752962 944655 sctp_connection.cpp:167] HandleClientSock sd = 23
Mar 10 16:24:28 localhost sctpd[944152]: I0310 16:24:28.753067 944655 sctp_connection.cpp:220] [sd:23] msg of len 88 on 3722:1
Mar 10 16:24:28 localhost sctpd[944152]: I0310 16:24:28.781772 944650 sctpd_downlink_impl.cpp:76] SctpdDownlinkImpl::SendDl starting
Mar 10 16:24:28 localhost sctpd[944152]: I0310 16:24:28.869931 944655 sctp_connection.cpp:167] HandleClientSock sd = 23
Mar 10 16:24:28 localhost sctpd[944152]: I0310 16:24:28.870056 944655 sctp_connection.cpp:193] Unhandled notification type 32777
Mar 10 16:24:28 localhost sctpd[944152]: I0310 16:24:28.870077 944655 sctp_connection.cpp:167] HandleClientSock sd = 23
Mar 10 16:24:28 localhost sctpd[944152]: I0310 16:24:28.870100 944655 sctp_connection.cpp:220] [sd:23] msg of len 67 on 3722:1
Mar 10 16:24:28 localhost sctpd[944152]: I0310 16:24:28.875245 944650 sctpd_downlink_impl.cpp:76] SctpdDownlinkImpl::SendDl starting
Mar 10 16:24:29 localhost sctpd[944152]: I0310 16:24:29.001454 944655 sctp_connection.cpp:167] HandleClientSock sd = 23
Mar 10 16:24:29 localhost sctpd[944152]: I0310 16:24:29.001559 944655 sctp_connection.cpp:193] Unhandled notification type 32777
Mar 10 16:24:29 localhost sctpd[944152]: I0310 16:24:29.001581 944655 sctp_connection.cpp:167] HandleClientSock sd = 23
Mar 10 16:24:29 localhost sctpd[944152]: I0310 16:24:29.001603 944655 sctp_connection.cpp:220] [sd:23] msg of len 56 on 3722:1
Mar 10 16:24:29 localhost mme[944598]: [SIG][D]MME_UNIT_TEST Flag is Disabled
Mar 10 16:24:29 localhost mme[944598]: filename /var/run/mme.pid failed to be written
Mar 10 16:24:29 localhost mme[944598]: [DEBUG] Sending S6A-UPDATE_LOCATION_REQUEST with IMSI: 222700000000001
Mar 10 16:24:29 localhost sctpd[944152]: I0310 16:24:29.011380 944157 sctpd_downlink_impl.cpp:76] SctpdDownlinkImpl::SendDl starting
Mar 10 16:24:29 localhost mme[944598]: [INFO] Received S6A-LOCATION-UPDATE_ANSWER for IMSI: 222700000000001; Status: ; StatusCode: 2001
Mar 10 16:24:29 localhost mme[944598]: [INFO] sent itti S6A-LOCATION-UPDATE_ANSWER for IMSI: 222700000000001
Mar 10 16:24:29 localhost sctpd[944152]: I0310 16:24:29.117633 944655 sctp_connection.cpp:167] HandleClientSock sd = 23
Mar 10 16:24:29 localhost sctpd[944152]: I0310 16:24:29.117738 944655 sctp_connection.cpp:193] Unhandled notification type 32777
Mar 10 16:24:29 localhost sctpd[944152]: I0310 16:24:29.117758 944655 sctp_connection.cpp:167] HandleClientSock sd = 23
Mar 10 16:24:29 localhost sctpd[944152]: I0310 16:24:29.117779 944655 sctp_connection.cpp:220] [sd:23] msg of len 22 on 3722:1
Mar 10 16:24:29 localhost sctpd[944152]: I0310 16:24:29.319120 944655 sctp_connection.cpp:167] HandleClientSock sd = 23
Mar 10 16:24:29 localhost sctpd[944152]: I0310 16:24:29.319226 944655 sctp_connection.cpp:220] [sd:23] msg of len 56 on 3722:1
Mar 10 16:24:32 localhost smsd[943978]: INFO:root:mme non_eps_service_config is not SMS_ORC8R, sleeping.
Mar 10 16:24:33 localhost dhclient[601]: DHCPREQUEST for 172.16.5.121 on eth1 to 172.16.5.2 port 67 (xid=0x4b4058b5)
Mar 10 16:24:35 localhost dnsmasq-dhcp[944055]: DHCPDISCOVER(eth1) fa:16:3e:2a:89:3f 
Mar 10 16:24:35 localhost dnsmasq-dhcp[944055]: DHCPOFFER(eth1) 172.16.7.251 fa:16:3e:2a:89:3f 
Mar 10 16:24:36 localhost sctpd[944152]: I0310 16:24:36.448668 944655 sctp_connection.cpp:167] HandleClientSock sd = 23
Mar 10 16:24:36 localhost sctpd[944152]: I0310 16:24:36.448757 944655 sctp_connection.cpp:185] SCTP_SHUTDOWN_EVENT received
Mar 10 16:24:36 localhost sctpd[944152]: I0310 16:24:36.448769 944655 sctp_connection.cpp:280] Sending close connection for assoc_id 3722
Mar 10 16:24:37 localhost smsd[943978]: INFO:root:mme non_eps_service_config is not SMS_ORC8R, sleeping.
Mar 10 16:24:40 localhost dhclient[601]: DHCPREQUEST for 172.16.5.121 on eth1 to 172.16.5.2 port 67 (xid=0x4b4058b5)
Mar 10 16:24:42 localhost smsd[943978]: INFO:root:mme non_eps_service_config is not SMS_ORC8R, sleeping.
Mar 10 16:24:44 localhost dnsmasq-dhcp[944055]: DHCPDISCOVER(eth1) fa:16:3e:2a:89:3f 
Mar 10 16:24:44 localhost dnsmasq-dhcp[944055]: DHCPOFFER(eth1) 172.16.7.251 fa:16:3e:2a:89:3f 
Mar 10 16:24:44 localhost magmad[943817]: INFO:root:Checking for upgrade...
Mar 10 16:24:44 localhost magmad[943817]: WARNING:root:magmad package_version config missing or set to default 0.0.0-0, skipping upgrade
Mar 10 16:24:45 localhost sctpd[944152]: I0310 16:24:45.288539 944655 sctp_connection.cpp:167] HandleClientSock sd = 24
Mar 10 16:24:45 localhost sctpd[944152]: I0310 16:24:45.288671 944655 sctp_connection.cpp:189] SCTP association change event received
Mar 10 16:24:45 localhost sctpd[944152]: I0310 16:24:45.289583 944655 sctp_connection.cpp:167] HandleClientSock sd = 24
Mar 10 16:24:45 localhost sctpd[944152]: I0310 16:24:45.289618 944655 sctp_connection.cpp:193] Unhandled notification type 32776
Mar 10 16:24:46 localhost sctpd[944152]: I0310 16:24:46.348155 944655 sctp_connection.cpp:167] HandleClientSock sd = 24
Mar 10 16:24:46 localhost sctpd[944152]: I0310 16:24:46.348281 944655 sctp_connection.cpp:220] [sd:24] msg of len 42 on 3723:0
Mar 10 16:24:46 localhost sctpd[944152]: I0310 16:24:46.350719 944650 sctpd_downlink_impl.cpp:76] SctpdDownlinkImpl::SendDl starting
Mar 10 16:24:46 localhost sctpd[944152]: I0310 16:24:46.351269 944655 sctp_connection.cpp:167] HandleClientSock sd = 24
Mar 10 16:24:46 localhost sctpd[944152]: I0310 16:24:46.351328 944655 sctp_connection.cpp:193] Unhandled notification type 32777
Mar 10 16:24:46 localhost sctpd[944152]: I0310 16:24:46.468395 944655 sctp_connection.cpp:167] HandleClientSock sd = 24
Mar 10 16:24:46 localhost sctpd[944152]: I0310 16:24:46.468498 944655 sctp_connection.cpp:220] [sd:24] msg of len 88 on 3723:1
Mar 10 16:24:46 localhost sctpd[944152]: I0310 16:24:46.483487 944157 sctpd_downlink_impl.cpp:76] SctpdDownlinkImpl::SendDl starting
Mar 10 16:24:46 localhost sctpd[944152]: I0310 16:24:46.583144 944655 sctp_connection.cpp:167] HandleClientSock sd = 24
Mar 10 16:24:46 localhost sctpd[944152]: I0310 16:24:46.583226 944655 sctp_connection.cpp:193] Unhandled notification type 32777
Mar 10 16:24:46 localhost sctpd[944152]: I0310 16:24:46.583238 944655 sctp_connection.cpp:167] HandleClientSock sd = 24
Mar 10 16:24:46 localhost sctpd[944152]: I0310 16:24:46.583254 944655 sctp_connection.cpp:220] [sd:24] msg of len 67 on 3723:1
Mar 10 16:24:46 localhost sctpd[944152]: I0310 16:24:46.587046 944157 sctpd_downlink_impl.cpp:76] SctpdDownlinkImpl::SendDl starting
Mar 10 16:24:46 localhost sctpd[944152]: I0310 16:24:46.702430 944655 sctp_connection.cpp:167] HandleClientSock sd = 24
Mar 10 16:24:46 localhost sctpd[944152]: I0310 16:24:46.702558 944655 sctp_connection.cpp:193] Unhandled notification type 32777
Mar 10 16:24:46 localhost sctpd[944152]: I0310 16:24:46.702577 944655 sctp_connection.cpp:167] HandleClientSock sd = 24
Mar 10 16:24:46 localhost sctpd[944152]: I0310 16:24:46.702600 944655 sctp_connection.cpp:220] [sd:24] msg of len 56 on 3723:1
Mar 10 16:24:46 localhost mme[944598]: [DEBUG] Sending S6A-UPDATE_LOCATION_REQUEST with IMSI: 222700000000001
Mar 10 16:24:46 localhost sctpd[944152]: I0310 16:24:46.706516 944157 sctpd_downlink_impl.cpp:76] SctpdDownlinkImpl::SendDl starting
Mar 10 16:24:46 localhost mme[944598]: [INFO] Received S6A-LOCATION-UPDATE_ANSWER for IMSI: 222700000000001; Status: ; StatusCode: 2001
Mar 10 16:24:46 localhost mme[944598]: [INFO] sent itti S6A-LOCATION-UPDATE_ANSWER for IMSI: 222700000000001
Mar 10 16:24:46 localhost sctpd[944152]: I0310 16:24:46.825691 944655 sctp_connection.cpp:167] HandleClientSock sd = 24
Mar 10 16:24:46 localhost sctpd[944152]: I0310 16:24:46.825800 944655 sctp_connection.cpp:193] Unhandled notification type 32777
Mar 10 16:24:46 localhost sctpd[944152]: I0310 16:24:46.825821 944655 sctp_connection.cpp:167] HandleClientSock sd = 24
Mar 10 16:24:46 localhost sctpd[944152]: I0310 16:24:46.825875 944655 sctp_connection.cpp:220] [sd:24] msg of len 22 on 3723:1
Mar 10 16:24:47 localhost sctpd[944152]: I0310 16:24:47.027115 944655 sctp_connection.cpp:167] HandleClientSock sd = 24
Mar 10 16:24:47 localhost sctpd[944152]: I0310 16:24:47.027223 944655 sctp_connection.cpp:220] [sd:24] msg of len 56 on 3723:1
Mar 10 16:24:47 localhost sctpd[944152]: I0310 16:24:47.027930 944655 sctp_connection.cpp:167] HandleClientSock sd = 24
Mar 10 16:24:47 localhost sctpd[944152]: I0310 16:24:47.027967 944655 sctp_connection.cpp:220] [sd:24] msg of len 70 on 3723:1
Mar 10 16:24:47 localhost sctpd[944152]: I0310 16:24:47.034440 944157 sctpd_downlink_impl.cpp:76] SctpdDownlinkImpl::SendDl starting
Mar 10 16:24:47 localhost sctpd[944152]: I0310 16:24:47.035571 944650 sctpd_downlink_impl.cpp:76] SctpdDownlinkImpl::SendDl starting
Mar 10 16:24:47 localhost mobilityd[943896]: INFO:root:Using GW info: {'default': {2: ('172.16.4.1', 'eth0')}, 2: [('172.16.4.1', 'eth0', True)]}
Mar 10 16:24:47 localhost mobilityd[943896]: INFO:root:GW-v6 probe: timer started
Mar 10 16:24:47 localhost sctpd[944152]: I0310 16:24:47.293359 944655 sctp_connection.cpp:167] HandleClientSock sd = 24
Mar 10 16:24:47 localhost sctpd[944152]: I0310 16:24:47.293470 944655 sctp_connection.cpp:193] Unhandled notification type 32777
Mar 10 16:24:47 localhost sctpd[944152]: I0310 16:24:47.293493 944655 sctp_connection.cpp:167] HandleClientSock sd = 24
Mar 10 16:24:47 localhost sctpd[944152]: I0310 16:24:47.293515 944655 sctp_connection.cpp:220] [sd:24] msg of len 22 on 3723:1
Mar 10 16:24:47 localhost smsd[943978]: INFO:root:mme non_eps_service_config is not SMS_ORC8R, sleeping.
Mar 10 16:24:48 localhost dhclient[601]: DHCPREQUEST for 172.16.5.121 on eth1 to 172.16.5.2 port 67 (xid=0x4b4058b5)
Mar 10 16:24:50 localhost control_proxy[944547]: 2022-03-10T16:24:50.302Z [127.0.0.1 -> streamer-controller.magmasi.wavelabs.in,8443] "POST /magma.orc8r.Streamer/GetUpdates HTTP/2" 200 91bytes 0.537s
Mar 10 16:24:50 localhost policydb[943956]: INFO:root:Processing 2 policy updates (resync=True)
Mar 10 16:24:51 localhost control_proxy[944547]: 2022-03-10T16:24:50.302Z [127.0.0.1 -> streamer-controller.magmasi.wavelabs.in,8443] "POST /magma.orc8r.Streamer/GetUpdates HTTP/2" 200 7bytes 0.266s
Mar 10 16:24:51 localhost policydb[943956]: INFO:root:Processing 0 basename -> policy updates
Mar 10 16:24:51 localhost control_proxy[944547]: 2022-03-10T16:24:51.114Z [127.0.0.1 -> streamer-controller.magmasi.wavelabs.in,8443] "POST /magma.orc8r.Streamer/GetUpdates HTTP/2" 200 5113bytes 0.292s
Mar 10 16:24:51 localhost policydb[943956]: INFO:root:Processing 222 SID -> apn -> policy updates
Mar 10 16:24:51 localhost control_proxy[944547]: 2022-03-10T16:24:51.114Z [127.0.0.1 -> streamer-controller.magmasi.wavelabs.in,8443] "POST /magma.orc8r.Streamer/GetUpdates HTTP/2" 200 7bytes 0.267s
Mar 10 16:24:51 localhost policydb[943956]: INFO:root:Processing 0 rating group updates
Mar 10 16:24:52 localhost smsd[943978]: INFO:root:mme non_eps_service_config is not SMS_ORC8R, sleeping.
Mar 10 16:24:54 localhost sctpd[944152]: I0310 16:24:54.579609 944655 sctp_connection.cpp:167] HandleClientSock sd = 24
Mar 10 16:24:54 localhost sctpd[944152]: I0310 16:24:54.579813 944655 sctp_connection.cpp:185] SCTP_SHUTDOWN_EVENT received
Mar 10 16:24:54 localhost sctpd[944152]: I0310 16:24:54.579825 944655 sctp_connection.cpp:280] Sending close connection for assoc_id 3723
Mar 10 16:24:54 localhost dnsmasq-dhcp[944055]: DHCPDISCOVER(eth1) fa:16:3e:2a:89:3f 
Mar 10 16:24:54 localhost dnsmasq-dhcp[944055]: DHCPOFFER(eth1) 172.16.7.251 fa:16:3e:2a:89:3f 
Mar 10 16:24:57 localhost dhclient[601]: DHCPREQUEST for 172.16.5.121 on eth1 to 172.16.5.2 port 67 (xid=0x4b4058b5)
Mar 10 16:24:57 localhost smsd[943978]: INFO:root:mme non_eps_service_config is not SMS_ORC8R, sleeping.
Mar 10 16:25:02 localhost smsd[943978]: INFO:root:mme non_eps_service_config is not SMS_ORC8R, sleeping.
Mar 10 16:25:03 localhost sctpd[944152]: I0310 16:25:03.518842 944655 sctp_connection.cpp:167] HandleClientSock sd = 25
Mar 10 16:25:03 localhost sctpd[944152]: I0310 16:25:03.518918 944655 sctp_connection.cpp:189] SCTP association change event received
Mar 10 16:25:03 localhost sctpd[944152]: I0310 16:25:03.519676 944655 sctp_connection.cpp:167] HandleClientSock sd = 25
Mar 10 16:25:03 localhost sctpd[944152]: I0310 16:25:03.519703 944655 sctp_connection.cpp:193] Unhandled notification type 32776
Mar 10 16:25:03 localhost sctpd[944152]: I0310 16:25:03.634357 944655 sctp_connection.cpp:167] HandleClientSock sd = 26
Mar 10 16:25:03 localhost sctpd[944152]: I0310 16:25:03.634462 944655 sctp_connection.cpp:189] SCTP association change event received
Mar 10 16:25:03 localhost sctpd[944152]: I0310 16:25:03.635205 944655 sctp_connection.cpp:167] HandleClientSock sd = 26
Mar 10 16:25:03 localhost sctpd[944152]: I0310 16:25:03.635263 944655 sctp_connection.cpp:193] Unhandled notification type 32776
Mar 10 16:25:04 localhost sctpd[944152]: I0310 16:25:04.692003 944655 sctp_connection.cpp:167] HandleClientSock sd = 25
Mar 10 16:25:04 localhost sctpd[944152]: I0310 16:25:04.692108 944655 sctp_connection.cpp:220] [sd:25] msg of len 42 on 3724:0
Mar 10 16:25:04 localhost sctpd[944152]: I0310 16:25:04.694139 944157 sctpd_downlink_impl.cpp:76] SctpdDownlinkImpl::SendDl starting
Mar 10 16:25:04 localhost sctpd[944152]: I0310 16:25:04.694886 944655 sctp_connection.cpp:167] HandleClientSock sd = 25
Mar 10 16:25:04 localhost sctpd[944152]: I0310 16:25:04.694939 944655 sctp_connection.cpp:193] Unhandled notification type 32777
Mar 10 16:25:04 localhost sctpd[944152]: I0310 16:25:04.813644 944655 sctp_connection.cpp:167] HandleClientSock sd = 26
Mar 10 16:25:04 localhost sctpd[944152]: I0310 16:25:04.813745 944655 sctp_connection.cpp:220] [sd:26] msg of len 42 on 3725:0
Mar 10 16:25:04 localhost sctpd[944152]: I0310 16:25:04.815933 944157 sctpd_downlink_impl.cpp:76] SctpdDownlinkImpl::SendDl starting
Mar 10 16:25:04 localhost sctpd[944152]: I0310 16:25:04.816566 944655 sctp_connection.cpp:167] HandleClientSock sd = 26
Mar 10 16:25:04 localhost sctpd[944152]: I0310 16:25:04.816618 944655 sctp_connection.cpp:193] Unhandled notification type 32777
Mar 10 16:25:05 localhost control_proxy[944547]: 2022-03-10T16:24:05.143Z [127.0.0.1 -> streamer-controller.magmasi.wavelabs.in,8443] "POST /magma.orc8r.Streamer/GetUpdates HTTP/2" 200 0bytes 60.512s
Mar 10 16:25:05 localhost magmad[943817]: ERROR:root:Error! Streaming from the cloud failed! [StatusCode.ABORTED] error while streaming updates: rpc error: code = DeadlineExceeded desc = context deadline exceeded
Mar 10 16:25:06 localhost magmad[943817]: INFO:root:[SyncRPC] Got heartBeat from cloud
Mar 10 16:25:07 localhost mobilityd[943896]: INFO:root:Using GW info: {'default': {2: ('172.16.4.1', 'eth0')}, 2: [('172.16.4.1', 'eth0', True)]}
Mar 10 16:25:07 localhost mobilityd[943896]: INFO:root:GW-v6 probe: timer started
Mar 10 16:25:07 localhost smsd[943978]: INFO:root:mme non_eps_service_config is not SMS_ORC8R, sleeping.
Mar 10 16:25:08 localhost dnsmasq-dhcp[944055]: DHCPDISCOVER(eth1) fa:16:3e:2a:89:3f 
Mar 10 16:25:08 localhost dnsmasq-dhcp[944055]: DHCPOFFER(eth1) 172.16.7.251 fa:16:3e:2a:89:3f 
Mar 10 16:25:09 localhost dhclient[601]: DHCPREQUEST for 172.16.5.121 on eth1 to 172.16.5.2 port 67 (xid=0x4b4058b5)
Mar 10 16:25:12 localhost sctpd[944152]: I0310 16:25:12.152786 944655 sctp_connection.cpp:167] HandleClientSock sd = 25
Mar 10 16:25:12 localhost sctpd[944152]: I0310 16:25:12.152879 944655 sctp_connection.cpp:185] SCTP_SHUTDOWN_EVENT received
Mar 10 16:25:12 localhost sctpd[944152]: I0310 16:25:12.152892 944655 sctp_connection.cpp:280] Sending close connection for assoc_id 3724
Mar 10 16:25:12 localhost sctpd[944152]: I0310 16:25:12.200145 944655 sctp_connection.cpp:167] HandleClientSock sd = 26
Mar 10 16:25:12 localhost sctpd[944152]: I0310 16:25:12.200227 944655 sctp_connection.cpp:185] SCTP_SHUTDOWN_EVENT received
Mar 10 16:25:12 localhost sctpd[944152]: I0310 16:25:12.200239 944655 sctp_connection.cpp:280] Sending close connection for assoc_id 3725
Mar 10 16:25:12 localhost smsd[943978]: INFO:root:mme non_eps_service_config is not SMS_ORC8R, sleeping.
Mar 10 16:25:14 localhost magmad[943817]: ERROR:root:Metrics upload error for service subscriberdb (chunk 0)! [StatusCode.DEADLINE_EXCEEDED] Deadline Exceeded
Mar 10 16:25:14 localhost magmad[943817]: ERROR:root:Metrics upload error for service mobilityd (chunk 0)! [StatusCode.DEADLINE_EXCEEDED] Deadline Exceeded
Mar 10 16:25:14 localhost magmad[943817]: ERROR:root:Metrics upload error for service mme (chunk 0)! [StatusCode.DEADLINE_EXCEEDED] Deadline Exceeded
Mar 10 16:25:14 localhost magmad[943817]: ERROR:root:Metrics upload error for service magmad (chunk 0)! [StatusCode.DEADLINE_EXCEEDED] Deadline Exceeded
Mar 10 16:25:14 localhost magmad[943817]: ERROR:root:Metrics upload error for service enodebd (chunk 0)! [StatusCode.DEADLINE_EXCEEDED] Deadline Exceeded
Mar 10 16:25:14 localhost magmad[943817]: ERROR:root:Metrics upload error for service pipelined (chunk 0)! [StatusCode.DEADLINE_EXCEEDED] Deadline Exceeded
Mar 10 16:25:14 localhost magmad[943817]: ERROR:root:Metrics upload error for service state (chunk 0)! [StatusCode.DEADLINE_EXCEEDED] Deadline Exceeded
Mar 10 16:25:14 localhost magmad[943817]: ERROR:root:Metrics upload error for service sessiond (chunk 0)! [StatusCode.DEADLINE_EXCEEDED] Deadline Exceeded
Mar 10 16:25:17 localhost dnsmasq-dhcp[944055]: DHCPDISCOVER(eth1) fa:16:3e:2a:89:3f 
Mar 10 16:25:17 localhost dnsmasq-dhcp[944055]: DHCPOFFER(eth1) 172.16.7.251 fa:16:3e:2a:89:3f 
Mar 10 16:25:17 localhost smsd[943978]: INFO:root:mme non_eps_service_config is not SMS_ORC8R, sleeping.
Mar 10 16:25:21 localhost sctpd[944152]: I0310 16:25:21.159232 944655 sctp_connection.cpp:167] HandleClientSock sd = 27
Mar 10 16:25:21 localhost sctpd[944152]: I0310 16:25:21.159319 944655 sctp_connection.cpp:189] SCTP association change event received
Mar 10 16:25:21 localhost sctpd[944152]: I0310 16:25:21.160099 944655 sctp_connection.cpp:167] HandleClientSock sd = 27
Mar 10 16:25:21 localhost sctpd[944152]: I0310 16:25:21.160128 944655 sctp_connection.cpp:193] Unhandled notification type 32776
Mar 10 16:25:22 localhost sctpd[944152]: I0310 16:25:22.216274 944655 sctp_connection.cpp:167] HandleClientSock sd = 27
Mar 10 16:25:22 localhost sctpd[944152]: I0310 16:25:22.216389 944655 sctp_connection.cpp:220] [sd:27] msg of len 42 on 3726:0
Mar 10 16:25:22 localhost sctpd[944152]: I0310 16:25:22.218541 944157 sctpd_downlink_impl.cpp:76] SctpdDownlinkImpl::SendDl starting
Mar 10 16:25:22 localhost sctpd[944152]: I0310 16:25:22.219269 944655 sctp_connection.cpp:167] HandleClientSock sd = 27
Mar 10 16:25:22 localhost sctpd[944152]: I0310 16:25:22.219319 944655 sctp_connection.cpp:193] Unhandled notification type 32777
Mar 10 16:25:22 localhost sctpd[944152]: I0310 16:25:22.346099 944655 sctp_connection.cpp:167] HandleClientSock sd = 27
Mar 10 16:25:22 localhost sctpd[944152]: I0310 16:25:22.346206 944655 sctp_connection.cpp:220] [sd:27] msg of len 88 on 3726:1
Mar 10 16:25:22 localhost sctpd[944152]: I0310 16:25:22.360416 944650 sctpd_downlink_impl.cpp:76] SctpdDownlinkImpl::SendDl starting
Mar 10 16:25:22 localhost sctpd[944152]: I0310 16:25:22.457414 944655 sctp_connection.cpp:167] HandleClientSock sd = 27
Mar 10 16:25:22 localhost sctpd[944152]: I0310 16:25:22.457513 944655 sctp_connection.cpp:193] Unhandled notification type 32777
Mar 10 16:25:22 localhost sctpd[944152]: I0310 16:25:22.457537 944655 sctp_connection.cpp:167] HandleClientSock sd = 27
Mar 10 16:25:22 localhost sctpd[944152]: I0310 16:25:22.457568 944655 sctp_connection.cpp:220] [sd:27] msg of len 67 on 3726:1
Mar 10 16:25:22 localhost sctpd[944152]: I0310 16:25:22.461697 944650 sctpd_downlink_impl.cpp:76] SctpdDownlinkImpl::SendDl starting
Mar 10 16:25:22 localhost sctpd[944152]: I0310 16:25:22.578318 944655 sctp_connection.cpp:167] HandleClientSock sd = 27
Mar 10 16:25:22 localhost sctpd[944152]: I0310 16:25:22.578426 944655 sctp_connection.cpp:193] Unhandled notification type 32777
Mar 10 16:25:22 localhost sctpd[944152]: I0310 16:25:22.578476 944655 sctp_connection.cpp:167] HandleClientSock sd = 27
Mar 10 16:25:22 localhost sctpd[944152]: I0310 16:25:22.578500 944655 sctp_connection.cpp:220] [sd:27] msg of len 56 on 3726:1
Mar 10 16:25:22 localhost mme[944598]: [DEBUG] Sending S6A-UPDATE_LOCATION_REQUEST with IMSI: 222700000000001
Mar 10 16:25:22 localhost sctpd[944152]: I0310 16:25:22.584558 944650 sctpd_downlink_impl.cpp:76] SctpdDownlinkImpl::SendDl starting
Mar 10 16:25:22 localhost mme[944598]: [INFO] Received S6A-LOCATION-UPDATE_ANSWER for IMSI: 222700000000001; Status: ; StatusCode: 2001
Mar 10 16:25:22 localhost mme[944598]: [INFO] sent itti S6A-LOCATION-UPDATE_ANSWER for IMSI: 222700000000001
Mar 10 16:25:22 localhost sctpd[944152]: I0310 16:25:22.698170 944655 sctp_connection.cpp:167] HandleClientSock sd = 27
Mar 10 16:25:22 localhost sctpd[944152]: I0310 16:25:22.698312 944655 sctp_connection.cpp:193] Unhandled notification type 32777
Mar 10 16:25:22 localhost sctpd[944152]: I0310 16:25:22.698333 944655 sctp_connection.cpp:167] HandleClientSock sd = 27
Mar 10 16:25:22 localhost sctpd[944152]: I0310 16:25:22.698354 944655 sctp_connection.cpp:220] [sd:27] msg of len 22 on 3726:1
Mar 10 16:25:22 localhost smsd[943978]: INFO:root:mme non_eps_service_config is not SMS_ORC8R, sleeping.
Mar 10 16:25:22 localhost sctpd[944152]: I0310 16:25:22.899217 944655 sctp_connection.cpp:167] HandleClientSock sd = 27
Mar 10 16:25:22 localhost sctpd[944152]: I0310 16:25:22.899327 944655 sctp_connection.cpp:220] [sd:27] msg of len 56 on 3726:1
Mar 10 16:25:24 localhost magmad[943817]: INFO:root:Setting logging level to INFO
Mar 10 16:25:24 localhost dhclient[601]: DHCPREQUEST for 172.16.5.121 on eth1 to 172.16.5.2 port 67 (xid=0x4b4058b5)
Mar 10 16:25:24 localhost sctpd[944152]: I0310 16:25:24.872705 944655 sctp_connection.cpp:167] HandleClientSock sd = 27
Mar 10 16:25:24 localhost sctpd[944152]: I0310 16:25:24.872820 944655 sctp_connection.cpp:220] [sd:27] msg of len 70 on 3726:1
Mar 10 16:25:24 localhost sctpd[944152]: I0310 16:25:24.878779 944650 sctpd_downlink_impl.cpp:76] SctpdDownlinkImpl::SendDl starting
Mar 10 16:25:24 localhost sctpd[944152]: I0310 16:25:24.879436 944157 sctpd_downlink_impl.cpp:76] SctpdDownlinkImpl::SendDl starting
Mar 10 16:25:24 localhost sctpd[944152]: I0310 16:25:24.986294 944655 sctp_connection.cpp:167] HandleClientSock sd = 27
Mar 10 16:25:24 localhost sctpd[944152]: I0310 16:25:24.986390 944655 sctp_connection.cpp:220] [sd:27] msg of len 28 on 3726:1
Mar 10 16:25:25 localhost sctpd[944152]: I0310 16:25:25.098140 944655 sctp_connection.cpp:167] HandleClientSock sd = 27
Mar 10 16:25:25 localhost sctpd[944152]: I0310 16:25:25.098306 944655 sctp_connection.cpp:193] Unhandled notification type 32777
Mar 10 16:25:25 localhost sctpd[944152]: I0310 16:25:25.098327 944655 sctp_connection.cpp:167] HandleClientSock sd = 27
Mar 10 16:25:25 localhost sctpd[944152]: I0310 16:25:25.098347 944655 sctp_connection.cpp:220] [sd:27] msg of len 22 on 3726:1
Mar 10 16:25:27 localhost mobilityd[943896]: INFO:root:Using GW info: {'default': {2: ('172.16.4.1', 'eth0')}, 2: [('172.16.4.1', 'eth0', True)]}
Mar 10 16:25:27 localhost mobilityd[943896]: INFO:root:GW-v6 probe: timer started
Mar 10 16:25:27 localhost sctpd[944152]: I0310 16:25:27.208726 944655 sctp_connection.cpp:167] HandleClientSock sd = 27
Mar 10 16:25:27 localhost sctpd[944152]: I0310 16:25:27.208829 944655 sctp_connection.cpp:220] [sd:27] msg of len 86 on 3726:1
Mar 10 16:25:27 localhost sctpd[944152]: I0310 16:25:27.211037 944157 sctpd_downlink_impl.cpp:76] SctpdDownlinkImpl::SendDl starting
Mar 10 16:25:27 localhost sctpd[944152]: I0310 16:25:27.318202 944655 sctp_connection.cpp:167] HandleClientSock sd = 27
Mar 10 16:25:27 localhost sctpd[944152]: I0310 16:25:27.318322 944655 sctp_connection.cpp:193] Unhandled notification type 32777
Mar 10 16:25:27 localhost sctpd[944152]: I0310 16:25:27.318341 944655 sctp_connection.cpp:167] HandleClientSock sd = 27
Mar 10 16:25:27 localhost sctpd[944152]: I0310 16:25:27.318363 944655 sctp_connection.cpp:220] [sd:27] msg of len 64 on 3726:1
Mar 10 16:25:27 localhost sctpd[944152]: I0310 16:25:27.333307 944650 sctpd_downlink_impl.cpp:76] SctpdDownlinkImpl::SendDl starting
Mar 10 16:25:27 localhost sctpd[944152]: I0310 16:25:27.434636 944655 sctp_connection.cpp:167] HandleClientSock sd = 27
Mar 10 16:25:27 localhost sctpd[944152]: I0310 16:25:27.434728 944655 sctp_connection.cpp:193] Unhandled notification type 32777
Mar 10 16:25:27 localhost sctpd[944152]: I0310 16:25:27.434747 944655 sctp_connection.cpp:167] HandleClientSock sd = 27
Mar 10 16:25:27 localhost sctpd[944152]: I0310 16:25:27.434769 944655 sctp_connection.cpp:220] [sd:27] msg of len 67 on 3726:1
Mar 10 16:25:27 localhost sctpd[944152]: I0310 16:25:27.438828 944650 sctpd_downlink_impl.cpp:76] SctpdDownlinkImpl::SendDl starting
Mar 10 16:25:27 localhost sctpd[944152]: I0310 16:25:27.550300 944655 sctp_connection.cpp:167] HandleClientSock sd = 27
Mar 10 16:25:27 localhost sctpd[944152]: I0310 16:25:27.550405 944655 sctp_connection.cpp:193] Unhandled notification type 32777
Mar 10 16:25:27 localhost sctpd[944152]: I0310 16:25:27.550426 944655 sctp_connection.cpp:167] HandleClientSock sd = 27
Mar 10 16:25:27 localhost sctpd[944152]: I0310 16:25:27.550472 944655 sctp_connection.cpp:220] [sd:27] msg of len 56 on 3726:1
Mar 10 16:25:27 localhost mme[944598]: [DEBUG] Sending S6A-UPDATE_LOCATION_REQUEST with IMSI: 222700000000001
Mar 10 16:25:27 localhost sctpd[944152]: I0310 16:25:27.556327 944650 sctpd_downlink_impl.cpp:76] SctpdDownlinkImpl::SendDl starting
Mar 10 16:25:27 localhost mme[944598]: [INFO] Received S6A-LOCATION-UPDATE_ANSWER for IMSI: 222700000000001; Status: ; StatusCode: 2001
Mar 10 16:25:27 localhost mme[944598]: [INFO] sent itti S6A-LOCATION-UPDATE_ANSWER for IMSI: 222700000000001
Mar 10 16:25:27 localhost sctpd[944152]: I0310 16:25:27.669508 944655 sctp_connection.cpp:167] HandleClientSock sd = 27
Mar 10 16:25:27 localhost sctpd[944152]: I0310 16:25:27.669600 944655 sctp_connection.cpp:193] Unhandled notification type 32777
Mar 10 16:25:27 localhost sctpd[944152]: I0310 16:25:27.669617 944655 sctp_connection.cpp:167] HandleClientSock sd = 27
Mar 10 16:25:27 localhost sctpd[944152]: I0310 16:25:27.669638 944655 sctp_connection.cpp:220] [sd:27] msg of len 22 on 3726:1
Mar 10 16:25:27 localhost smsd[943978]: INFO:root:mme non_eps_service_config is not SMS_ORC8R, sleeping.
Mar 10 16:25:27 localhost dnsmasq-dhcp[944055]: DHCPDISCOVER(eth1) fa:16:3e:2a:89:3f 
Mar 10 16:25:27 localhost dnsmasq-dhcp[944055]: DHCPOFFER(eth1) 172.16.7.251 fa:16:3e:2a:89:3f 
Mar 10 16:25:27 localhost sctpd[944152]: I0310 16:25:27.871129 944655 sctp_connection.cpp:167] HandleClientSock sd = 27
Mar 10 16:25:27 localhost sctpd[944152]: I0310 16:25:27.871237 944655 sctp_connection.cpp:220] [sd:27] msg of len 56 on 3726:1
Mar 10 16:25:29 localhost sctpd[944152]: I0310 16:25:29.842620 944655 sctp_connection.cpp:167] HandleClientSock sd = 27
Mar 10 16:25:29 localhost sctpd[944152]: I0310 16:25:29.842723 944655 sctp_connection.cpp:220] [sd:27] msg of len 70 on 3726:1
Mar 10 16:25:29 localhost sctpd[944152]: I0310 16:25:29.848285 944650 sctpd_downlink_impl.cpp:76] SctpdDownlinkImpl::SendDl starting
Mar 10 16:25:29 localhost sctpd[944152]: I0310 16:25:29.849095 944157 sctpd_downlink_impl.cpp:76] SctpdDownlinkImpl::SendDl starting
Mar 10 16:25:29 localhost sctpd[944152]: I0310 16:25:29.957664 944655 sctp_connection.cpp:167] HandleClientSock sd = 27
Mar 10 16:25:29 localhost sctpd[944152]: I0310 16:25:29.957753 944655 sctp_connection.cpp:220] [sd:27] msg of len 28 on 3726:1
Mar 10 16:25:30 localhost sctpd[944152]: I0310 16:25:30.061882 944655 sctp_connection.cpp:167] HandleClientSock sd = 27
Mar 10 16:25:30 localhost sctpd[944152]: I0310 16:25:30.061971 944655 sctp_connection.cpp:193] Unhandled notification type 32777
Mar 10 16:25:30 localhost sctpd[944152]: I0310 16:25:30.061990 944655 sctp_connection.cpp:167] HandleClientSock sd = 27
Mar 10 16:25:30 localhost sctpd[944152]: I0310 16:25:30.062011 944655 sctp_connection.cpp:220] [sd:27] msg of len 22 on 3726:1
Mar 10 16:25:32 localhost smsd[943978]: INFO:root:mme non_eps_service_config is not SMS_ORC8R, sleeping.
Mar 10 16:25:35 localhost dhclient[601]: DHCPREQUEST for 172.16.5.121 on eth1 to 172.16.5.2 port 67 (xid=0x4b4058b5)
Mar 10 16:25:37 localhost smsd[943978]: INFO:root:mme non_eps_service_config is not SMS_ORC8R, sleeping.
Mar 10 16:25:39 localhost sctpd[944152]: I0310 16:25:39.394295 944655 sctp_connection.cpp:167] HandleClientSock sd = 27
Mar 10 16:25:39 localhost sctpd[944152]: I0310 16:25:39.394403 944655 sctp_connection.cpp:185] SCTP_SHUTDOWN_EVENT received
Mar 10 16:25:39 localhost sctpd[944152]: I0310 16:25:39.394416 944655 sctp_connection.cpp:280] Sending close connection for assoc_id 3726
Mar 10 16:25:41 localhost dnsmasq-dhcp[944055]: DHCPDISCOVER(eth1) fa:16:3e:2a:89:3f 
Mar 10 16:25:41 localhost dnsmasq-dhcp[944055]: DHCPOFFER(eth1) 172.16.7.251 fa:16:3e:2a:89:3f 
Mar 10 16:25:42 localhost smsd[943978]: INFO:root:mme non_eps_service_config is not SMS_ORC8R, sleeping.
Mar 10 16:25:43 localhost control_proxy[944547]: 2022-03-10T16:25:43.128Z [127.0.0.1 -> state-controller.magmasi.wavelabs.in,8443] "POST /magma.orc8r.StateService/ReportStates HTTP/2" 200 5bytes 0.518s
Mar 10 16:25:43 localhost magmad[943817]: INFO:root:Checkin Successful! Successfully sent states to the cloud!
Mar 10 16:25:45 localhost dhclient[601]: DHCPREQUEST for 172.16.5.121 on eth1 to 172.16.5.2 port 67 (xid=0x4b4058b5)
Mar 10 16:25:47 localhost mobilityd[943896]: INFO:root:Using GW info: {'default': {2: ('172.16.4.1', 'eth0')}, 2: [('172.16.4.1', 'eth0', True)]}
Mar 10 16:25:47 localhost mobilityd[943896]: INFO:root:GW-v6 probe: timer started
Mar 10 16:25:47 localhost smsd[943978]: INFO:root:mme non_eps_service_config is not SMS_ORC8R, sleeping.
Mar 10 16:25:48 localhost sctpd[944152]: I0310 16:25:48.139513 944655 sctp_connection.cpp:167] HandleClientSock sd = 28
Mar 10 16:25:48 localhost sctpd[944152]: I0310 16:25:48.139597 944655 sctp_connection.cpp:189] SCTP association change event received
Mar 10 16:25:48 localhost sctpd[944152]: I0310 16:25:48.140364 944655 sctp_connection.cpp:167] HandleClientSock sd = 28
Mar 10 16:25:48 localhost sctpd[944152]: I0310 16:25:48.140394 944655 sctp_connection.cpp:193] Unhandled notification type 32776
Mar 10 16:25:49 localhost sctpd[944152]: I0310 16:25:49.199446 944655 sctp_connection.cpp:167] HandleClientSock sd = 28
Mar 10 16:25:49 localhost sctpd[944152]: I0310 16:25:49.199561 944655 sctp_connection.cpp:220] [sd:28] msg of len 42 on 3727:0
Mar 10 16:25:49 localhost sctpd[944152]: I0310 16:25:49.201521 944650 sctpd_downlink_impl.cpp:76] SctpdDownlinkImpl::SendDl starting
Mar 10 16:25:49 localhost sctpd[944152]: I0310 16:25:49.201987 944655 sctp_connection.cpp:167] HandleClientSock sd = 28
Mar 10 16:25:49 localhost sctpd[944152]: I0310 16:25:49.202059 944655 sctp_connection.cpp:193] Unhandled notification type 32777
Mar 10 16:25:49 localhost sctpd[944152]: I0310 16:25:49.324273 944655 sctp_connection.cpp:167] HandleClientSock sd = 28
Mar 10 16:25:49 localhost sctpd[944152]: I0310 16:25:49.324375 944655 sctp_connection.cpp:220] [sd:28] msg of len 88 on 3727:1
Mar 10 16:25:49 localhost sctpd[944152]: I0310 16:25:49.338183 944650 sctpd_downlink_impl.cpp:76] SctpdDownlinkImpl::SendDl starting
Mar 10 16:25:49 localhost sctpd[944152]: I0310 16:25:49.442750 944655 sctp_connection.cpp:167] HandleClientSock sd = 28
Mar 10 16:25:49 localhost sctpd[944152]: I0310 16:25:49.442837 944655 sctp_connection.cpp:193] Unhandled notification type 32777
Mar 10 16:25:49 localhost sctpd[944152]: I0310 16:25:49.442854 944655 sctp_connection.cpp:167] HandleClientSock sd = 28
Mar 10 16:25:49 localhost sctpd[944152]: I0310 16:25:49.442875 944655 sctp_connection.cpp:220] [sd:28] msg of len 67 on 3727:1
Mar 10 16:25:49 localhost sctpd[944152]: I0310 16:25:49.447014 944650 sctpd_downlink_impl.cpp:76] SctpdDownlinkImpl::SendDl starting
Mar 10 16:25:49 localhost dnsmasq-dhcp[944055]: DHCPDISCOVER(eth1) fa:16:3e:2a:89:3f 
Mar 10 16:25:49 localhost dnsmasq-dhcp[944055]: DHCPOFFER(eth1) 172.16.7.251 fa:16:3e:2a:89:3f 
Mar 10 16:25:49 localhost sctpd[944152]: I0310 16:25:49.581679 944655 sctp_connection.cpp:167] HandleClientSock sd = 28
Mar 10 16:25:49 localhost sctpd[944152]: I0310 16:25:49.581777 944655 sctp_connection.cpp:193] Unhandled notification type 32777
Mar 10 16:25:49 localhost sctpd[944152]: I0310 16:25:49.581794 944655 sctp_connection.cpp:167] HandleClientSock sd = 28
Mar 10 16:25:49 localhost sctpd[944152]: I0310 16:25:49.581815 944655 sctp_connection.cpp:220] [sd:28] msg of len 56 on 3727:1
Mar 10 16:25:49 localhost mme[944598]: [DEBUG] Sending S6A-UPDATE_LOCATION_REQUEST with IMSI: 222700000000001
Mar 10 16:25:49 localhost sctpd[944152]: I0310 16:25:49.587958 944650 sctpd_downlink_impl.cpp:76] SctpdDownlinkImpl::SendDl starting
Mar 10 16:25:49 localhost mme[944598]: [INFO] Received S6A-LOCATION-UPDATE_ANSWER for IMSI: 222700000000001; Status: ; StatusCode: 2001
Mar 10 16:25:49 localhost mme[944598]: [INFO] sent itti S6A-LOCATION-UPDATE_ANSWER for IMSI: 222700000000001
Mar 10 16:25:49 localhost sctpd[944152]: I0310 16:25:49.693846 944655 sctp_connection.cpp:167] HandleClientSock sd = 28
Mar 10 16:25:49 localhost sctpd[944152]: I0310 16:25:49.693943 944655 sctp_connection.cpp:193] Unhandled notification type 32777
Mar 10 16:25:49 localhost sctpd[944152]: I0310 16:25:49.693960 944655 sctp_connection.cpp:167] HandleClientSock sd = 28
Mar 10 16:25:49 localhost sctpd[944152]: I0310 16:25:49.693981 944655 sctp_connection.cpp:220] [sd:28] msg of len 22 on 3727:1
Mar 10 16:25:49 localhost sctpd[944152]: I0310 16:25:49.894932 944655 sctp_connection.cpp:167] HandleClientSock sd = 28
Mar 10 16:25:49 localhost sctpd[944152]: I0310 16:25:49.895082 944655 sctp_connection.cpp:220] [sd:28] msg of len 56 on 3727:1
Mar 10 16:25:49 localhost sctpd[944152]: I0310 16:25:49.895934 944655 sctp_connection.cpp:167] HandleClientSock sd = 28
Mar 10 16:25:49 localhost sctpd[944152]: I0310 16:25:49.895992 944655 sctp_connection.cpp:220] [sd:28] msg of len 82 on 3727:1
Mar 10 16:25:49 localhost mobilityd[943896]: INFO:root:Allocated IP 192.168.128.211 for sid IMSI222700000000001 for apn default
Mar 10 16:25:49 localhost policydb[943956]: INFO:root:Creating a session for subscriber ID: IMSI222700000000001
Mar 10 16:25:49 localhost sessiond[943894]: I0310 16:25:49.939574 943894 SetMessageManagerHandler.cpp:342] Processing a CreateSessionResponse for IMSI222700000000001-980855
Mar 10 16:25:49 localhost sessiond[943894]: I0310 16:25:49.939853 943894 SessionState.cpp:2774] RuleID allowlist_sid-IMSI222700000000001-default doesn't have a version registered for IMSI222700000000001-980855, this is unexpected
Mar 10 16:25:52 localhost control_proxy[944547]: 2022-03-10T16:25:51.744Z [127.0.0.1 -> streamer-controller.magmasi.wavelabs.in,8443] "POST /magma.orc8r.Streamer/GetUpdates HTTP/2" 200 91bytes 0.522s
Mar 10 16:25:52 localhost policydb[943956]: INFO:root:Processing 2 policy updates (resync=True)
Mar 10 16:25:52 localhost control_proxy[944547]: 2022-03-10T16:25:52.270Z [127.0.0.1 -> streamer-controller.magmasi.wavelabs.in,8443] "POST /magma.orc8r.Streamer/GetUpdates HTTP/2" 200 7bytes 0.272s
Mar 10 16:25:52 localhost policydb[943956]: INFO:root:Processing 0 basename -> policy updates
Mar 10 16:25:52 localhost control_proxy[944547]: 2022-03-10T16:25:52.270Z [127.0.0.1 -> streamer-controller.magmasi.wavelabs.in,8443] "POST /magma.orc8r.Streamer/GetUpdates HTTP/2" 200 5113bytes 0.282s
Mar 10 16:25:52 localhost policydb[943956]: INFO:root:Processing 222 SID -> apn -> policy updates
Mar 10 16:25:52 localhost smsd[943978]: INFO:root:mme non_eps_service_config is not SMS_ORC8R, sleeping.
Mar 10 16:25:53 localhost control_proxy[944547]: 2022-03-10T16:25:52.270Z [127.0.0.1 -> streamer-controller.magmasi.wavelabs.in,8443] "POST /magma.orc8r.Streamer/GetUpdates HTTP/2" 200 7bytes 0.265s
Mar 10 16:25:53 localhost policydb[943956]: INFO:root:Processing 0 rating group updates
Mar 10 16:25:54 localhost mme[944598]: PDUSessionResourceSetupRequestTransfer ::= {
Mar 10 16:25:54 localhost mme[944598]:     protocolIEs: ProtocolIE-Container ::= {
Mar 10 16:25:54 localhost mme[944598]:         PDUSessionResourceSetupRequestTransferIEs ::= {
Mar 10 16:25:54 localhost mme[944598]:             id: 130
Mar 10 16:25:54 localhost mme[944598]:             criticality: 0 (reject)
Mar 10 16:25:54 localhost mme[944598]:             value: PDUSessionAggregateMaximumBitRate ::= {
Mar 10 16:25:54 localhost mme[944598]:                 pDUSessionAggregateMaximumBitRateDL: 100000000
Mar 10 16:25:54 localhost mme[944598]:                 pDUSessionAggregateMaximumBitRateUL: 100000000
Mar 10 16:25:54 localhost mme[944598]:             }
Mar 10 16:25:54 localhost mme[944598]:         }
Mar 10 16:25:54 localhost mme[944598]:         PDUSessionResourceSetupRequestTransferIEs ::= {
Mar 10 16:25:54 localhost mme[944598]:             id: 139
Mar 10 16:25:54 localhost mme[944598]:             criticality: 0 (reject)
Mar 10 16:25:54 localhost mme[944598]:             value: GTPTunnel ::= {
Mar 10 16:25:54 localhost mme[944598]:                 transportLayerAddress: AC 10 05 79
Mar 10 16:25:54 localhost mme[944598]:                 gTP-TEID: 7F FF FF FF
Mar 10 16:25:54 localhost mme[944598]:             }
Mar 10 16:25:54 localhost mme[944598]:         }
Mar 10 16:25:54 localhost mme[944598]:         PDUSessionResourceSetupRequestTransferIEs ::= {
Mar 10 16:25:54 localhost mme[944598]:             id: 134
Mar 10 16:25:54 localhost mme[944598]:             criticality: 0 (reject)
Mar 10 16:25:54 localhost mme[944598]:             value: 0 (ipv4)
Mar 10 16:25:54 localhost mme[944598]:         }
Mar 10 16:25:54 localhost mme[944598]:         PDUSessionResourceSetupRequestTransferIEs ::= {
Mar 10 16:25:54 localhost mme[944598]:             id: 136
Mar 10 16:25:54 localhost mme[944598]:             criticality: 0 (reject)
Mar 10 16:25:54 localhost mme[944598]:             value: QosFlowSetupRequestList ::= {
Mar 10 16:25:54 localhost mme[944598]:                 QosFlowSetupRequestItem ::= {
Mar 10 16:25:54 localhost mme[944598]:                     qosFlowIdentifier: 9
Mar 10 16:25:54 localhost mme[944598]:                     qosFlowLevelQosParameters: QosFlowLevelQosParameters ::= {
Mar 10 16:25:54 localhost mme[944598]:                         qosCharacteristics: NonDynamic5QIDescriptor ::= {
Mar 10 16:25:54 localhost mme[944598]:                             fiveQI: 9
Mar 10 16:25:54 localhost mme[944598]:                         }
Mar 10 16:25:54 localhost mme[944598]:                         allocationAndRetentionPriority: AllocationAndRetentionPriority ::= {
Mar 10 16:25:54 localhost mme[944598]:                             priorityLevelARP: 15
Mar 10 16:25:54 localhost mme[944598]:                             pre-emptionCapability: 0 (shall-not-trigger-pre-emption)
Mar 10 16:25:54 localhost mme[944598]:                             pre-emptionVulnerability: 0 (not-pre-emptable)
Mar 10 16:25:54 localhost mme[944598]:                         }
Mar 10 16:25:54 localhost mme[944598]:                     }
Mar 10 16:25:54 localhost mme[944598]:                 }
Mar 10 16:25:54 localhost mme[944598]:             }
Mar 10 16:25:54 localhost mme[944598]:         }
Mar 10 16:25:54 localhost mme[944598]:     }
Mar 10 16:25:54 localhost mme[944598]: }
Mar 10 16:25:54 localhost sctpd[944152]: I0310 16:25:54.507395 944650 sctpd_downlink_impl.cpp:76] SctpdDownlinkImpl::SendDl starting
Mar 10 16:25:54 localhost sctpd[944152]: I0310 16:25:54.709347 944655 sctp_connection.cpp:167] HandleClientSock sd = 28
Mar 10 16:25:54 localhost sctpd[944152]: I0310 16:25:54.709450 944655 sctp_connection.cpp:193] Unhandled notification type 32777
Mar 10 16:25:55 localhost sctpd[944152]: I0310 16:25:55.674527 944655 sctp_connection.cpp:167] HandleClientSock sd = 28
Mar 10 16:25:55 localhost sctpd[944152]: I0310 16:25:55.674629 944655 sctp_connection.cpp:220] [sd:28] msg of len 70 on 3727:1
Mar 10 16:25:55 localhost sessiond[943894]: I0310 16:25:55.679948 943894 SetMessageManagerHandler.cpp:142] Release request for session from IMSI: IMSI222700000000001 pdu_id 1
Mar 10 16:25:55 localhost sctpd[944152]: I0310 16:25:55.681744 944157 sctpd_downlink_impl.cpp:76] SctpdDownlinkImpl::SendDl starting
Mar 10 16:25:55 localhost sctpd[944152]: I0310 16:25:55.682420 944157 sctpd_downlink_impl.cpp:76] SctpdDownlinkImpl::SendDl starting
Mar 10 16:25:55 localhost mobilityd[943896]: INFO:root:Released IP 192.168.128.211 for sid IMSI222700000000001
Mar 10 16:25:55 localhost sctpd[944152]: I0310 16:25:55.936589 944655 sctp_connection.cpp:167] HandleClientSock sd = 28
Mar 10 16:25:55 localhost sctpd[944152]: I0310 16:25:55.936681 944655 sctp_connection.cpp:193] Unhandled notification type 32777
Mar 10 16:25:55 localhost sctpd[944152]: I0310 16:25:55.936700 944655 sctp_connection.cpp:167] HandleClientSock sd = 28
Mar 10 16:25:55 localhost sctpd[944152]: I0310 16:25:55.936722 944655 sctp_connection.cpp:220] [sd:28] msg of len 22 on 3727:1
Mar 10 16:25:56 localhost dhclient[601]: DHCPREQUEST for 172.16.5.121 on eth1 to 172.16.5.2 port 67 (xid=0x4b4058b5)
Mar 10 16:25:57 localhost smsd[943978]: INFO:root:mme non_eps_service_config is not SMS_ORC8R, sleeping.
Mar 10 16:26:00 localhost dnsmasq-dhcp[944055]: DHCPDISCOVER(eth1) fa:16:3e:2a:89:3f 
Mar 10 16:26:00 localhost dnsmasq-dhcp[944055]: DHCPOFFER(eth1) 172.16.7.251 fa:16:3e:2a:89:3f 
Mar 10 16:26:00 localhost policydb[943956]: INFO:root:Terminating session: IMSI222700000000001-980855
Mar 10 16:26:00 localhost eventd[943969]: DEBUG:root:Logging event: stream_name: "sessiond"
Mar 10 16:26:00 localhost eventd[943969]: event_type: "session_terminated"
Mar 10 16:26:00 localhost eventd[943969]: tag: "IMSI222700000000001"
Mar 10 16:26:00 localhost eventd[943969]: value: "{\"mac_addr\":\"\",\"user_location\":\"\",\"spgw_ip\":\"\",\"imei\":\"\",\"record_sequence_number\":1,\"pdp_end_time\":33,\"charging_rx\":0,\"duration\":33,\"ip_addr\":\"192.168.128.211\",\"monitoring_tx\":0,\"ipv6_addr\":\"\",\"msisdn\":\"\",\"apn\":\"default\",\"session_id\":\"IMSI222700000000001-980855\",\"list_of_service_data\":[],\"charging_characteristics\":\"\",\"total_tx\":0,\"cause_for_rec_closing\":0,\"imsi\":\"IMSI222700000000001\",\"total_rx\":0,\"monitoring_rx\":0,\"charging_tx\":0,\"pdp_start_time\":0}"
Mar 10 16:26:00 localhost eventd[943969]: ERROR:root:Connection to FluentBit failed: [Errno 111] Connection refused
Mar 10 16:26:00 localhost eventd[943969]: INFO:root:FluentBit (td-agent-bit) may not be enabled or configured correctly
