Apr  4 21:36:30 localhost control_proxy[2825621]: 2022-04-04T21:36:29.871Z [127.0.0.1 -> streamer-controller.magmasi.wavelabs.in,8443] "POST /magma.orc8r.Streamer/GetUpdates HTTP/2" 200 173bytes 0.526s
Apr  4 21:36:30 localhost policydb[2825545]: INFO:root:Processing 4 policy updates (resync=True)
Apr  4 21:36:30 localhost smsd[2825569]: INFO:root:mme non_eps_service_config is not SMS_ORC8R, sleeping.
Apr  4 21:36:30 localhost control_proxy[2825621]: 2022-04-04T21:36:30.402Z [127.0.0.1 -> streamer-controller.magmasi.wavelabs.in,8443] "POST /magma.orc8r.Streamer/GetUpdates HTTP/2" 200 7bytes 0.262s
Apr  4 21:36:30 localhost policydb[2825545]: INFO:root:Processing 0 basename -> policy updates
Apr  4 21:36:30 localhost mobilityd[2825469]: INFO:root:Using GW info: {'default': {2: ('172.16.4.1', 'eth0')}, 2: [('172.16.4.1', 'eth0', True)]}
Apr  4 21:36:30 localhost mobilityd[2825469]: INFO:root:GW-v6 probe: timer started
Apr  4 21:36:30 localhost control_proxy[2825621]: 2022-04-04T21:36:30.402Z [127.0.0.1 -> streamer-controller.magmasi.wavelabs.in,8443] "POST /magma.orc8r.Streamer/GetUpdates HTTP/2" 200 13513bytes 0.291s
Apr  4 21:36:30 localhost policydb[2825545]: INFO:root:Processing 222 SID -> apn -> policy updates
Apr  4 21:36:31 localhost control_proxy[2825621]: 2022-04-04T21:36:30.402Z [127.0.0.1 -> streamer-controller.magmasi.wavelabs.in,8443] "POST /magma.orc8r.Streamer/GetUpdates HTTP/2" 200 7bytes 0.260s
Apr  4 21:36:31 localhost policydb[2825545]: INFO:root:Processing 0 rating group updates
Apr  4 21:36:35 localhost smsd[2825569]: INFO:root:mme non_eps_service_config is not SMS_ORC8R, sleeping.
Apr  4 21:36:40 localhost sctpd[2825747]: I0404 21:36:40.265147 2826189 sctp_connection.cpp:195] Unhandled notification type 32776
Apr  4 21:36:40 localhost sctpd[2825747]: I0404 21:36:40.390821 2826189 sctp_connection.cpp:195] Unhandled notification type 32776
Apr  4 21:36:40 localhost smsd[2825569]: INFO:root:mme non_eps_service_config is not SMS_ORC8R, sleeping.
Apr  4 21:36:41 localhost sctpd[2825747]: I0404 21:36:41.449074 2826189 sctp_connection.cpp:195] Unhandled notification type 32777
Apr  4 21:36:41 localhost sctpd[2825747]: I0404 21:36:41.567838 2826189 sctp_connection.cpp:195] Unhandled notification type 32777
Apr  4 21:36:41 localhost sctpd[2825747]: I0404 21:36:41.798847 2826189 sctp_connection.cpp:195] Unhandled notification type 32777
Apr  4 21:36:41 localhost sctpd[2825747]: I0404 21:36:41.921099 2826189 sctp_connection.cpp:195] Unhandled notification type 32777
Apr  4 21:36:41 localhost mme[2826144]: [DEBUG] Sending S6A-UPDATE_LOCATION_REQUEST with IMSI: 222700000000001
Apr  4 21:36:41 localhost mme[2826144]: [INFO] Received S6A-LOCATION-UPDATE_ANSWER for IMSI: 222700000000001; Status: ; StatusCode: 2001
Apr  4 21:36:41 localhost mme[2826144]: [INFO] sent itti S6A-LOCATION-UPDATE_ANSWER for IMSI: 222700000000001
Apr  4 21:36:42 localhost sctpd[2825747]: I0404 21:36:42.041132 2826189 sctp_connection.cpp:195] Unhandled notification type 32777
Apr  4 21:36:44 localhost control_proxy[2825621]: 2022-04-04T21:36:43.900Z [127.0.0.1 -> state-controller.magmasi.wavelabs.in,8443] "POST /magma.orc8r.StateService/ReportStates HTTP/2" 200 5bytes 0.272s
Apr  4 21:36:44 localhost magmad[2825401]: INFO:root:Checkin Successful! Successfully sent states to the cloud!
Apr  4 21:36:44 localhost mobilityd[2825469]: INFO:root:Allocated IP 192.168.128.94 for sid IMSI222700000000001 for apn default
Apr  4 21:36:44 localhost policydb[2825545]: INFO:root:Creating a session for subscriber ID: IMSI222700000000001
Apr  4 21:36:44 localhost sessiond[2825478]: I0404 21:36:44.289688 2825478 SetMessageManagerHandler.cpp:342] Processing a CreateSessionResponse for IMSI222700000000001-542069
Apr  4 21:36:44 localhost sessiond[2825478]: I0404 21:36:44.289821 2825478 SessionState.cpp:2774] RuleID allowlist_sid-IMSI222700000000001-default doesn't have a version registered for IMSI222700000000001-542069, this is unexpected
Apr  4 21:36:44 localhost mme[2826144]: PDUSessionResourceSetupRequestTransfer ::= {
Apr  4 21:36:44 localhost mme[2826144]:     protocolIEs: ProtocolIE-Container ::= {
Apr  4 21:36:44 localhost mme[2826144]:         PDUSessionResourceSetupRequestTransferIEs ::= {
Apr  4 21:36:44 localhost mme[2826144]:             id: 130
Apr  4 21:36:44 localhost mme[2826144]:             criticality: 0 (reject)
Apr  4 21:36:44 localhost mme[2826144]:             value: PDUSessionAggregateMaximumBitRate ::= {
Apr  4 21:36:44 localhost mme[2826144]:                 pDUSessionAggregateMaximumBitRateDL: 100000000
Apr  4 21:36:44 localhost mme[2826144]:                 pDUSessionAggregateMaximumBitRateUL: 100000000
Apr  4 21:36:44 localhost mme[2826144]:             }
Apr  4 21:36:44 localhost mme[2826144]:         }
Apr  4 21:36:44 localhost mme[2826144]:         PDUSessionResourceSetupRequestTransferIEs ::= {
Apr  4 21:36:44 localhost mme[2826144]:             id: 139
Apr  4 21:36:44 localhost mme[2826144]:             criticality: 0 (reject)
Apr  4 21:36:44 localhost mme[2826144]:             value: GTPTunnel ::= {
Apr  4 21:36:44 localhost mme[2826144]:                 transportLayerAddress: AC 10 05 79
Apr  4 21:36:44 localhost mme[2826144]:                 gTP-TEID: 80 00 00 04
Apr  4 21:36:44 localhost mme[2826144]:             }
Apr  4 21:36:44 localhost mme[2826144]:         }
Apr  4 21:36:44 localhost mme[2826144]:         PDUSessionResourceSetupRequestTransferIEs ::= {
Apr  4 21:36:44 localhost mme[2826144]:             id: 134
Apr  4 21:36:44 localhost mme[2826144]:             criticality: 0 (reject)
Apr  4 21:36:44 localhost mme[2826144]:             value: 0 (ipv4)
Apr  4 21:36:44 localhost mme[2826144]:         }
Apr  4 21:36:44 localhost mme[2826144]:         PDUSessionResourceSetupRequestTransferIEs ::= {
Apr  4 21:36:44 localhost mme[2826144]:             id: 136
Apr  4 21:36:44 localhost mme[2826144]:             criticality: 0 (reject)
Apr  4 21:36:44 localhost mme[2826144]:             value: QosFlowSetupRequestList ::= {
Apr  4 21:36:44 localhost mme[2826144]:                 QosFlowSetupRequestItem ::= {
Apr  4 21:36:44 localhost mme[2826144]:                     qosFlowIdentifier: 9
Apr  4 21:36:44 localhost mme[2826144]:                     qosFlowLevelQosParameters: QosFlowLevelQosParameters ::= {
Apr  4 21:36:44 localhost mme[2826144]:                         qosCharacteristics: NonDynamic5QIDescriptor ::= {
Apr  4 21:36:44 localhost mme[2826144]:                             fiveQI: 9
Apr  4 21:36:44 localhost mme[2826144]:                         }
Apr  4 21:36:44 localhost mme[2826144]:                         allocationAndRetentionPriority: AllocationAndRetentionPriority ::= {
Apr  4 21:36:44 localhost mme[2826144]:                             priorityLevelARP: 15
Apr  4 21:36:44 localhost mme[2826144]:                             pre-emptionCapability: 0 (shall-not-trigger-pre-emption)
Apr  4 21:36:44 localhost mme[2826144]:                             pre-emptionVulnerability: 0 (not-pre-emptable)
Apr  4 21:36:44 localhost mme[2826144]:                         }
Apr  4 21:36:44 localhost mme[2826144]:                     }
Apr  4 21:36:44 localhost mme[2826144]:                 }
Apr  4 21:36:44 localhost mme[2826144]:             }
Apr  4 21:36:44 localhost mme[2826144]:         }
Apr  4 21:36:44 localhost mme[2826144]:     }
Apr  4 21:36:44 localhost mme[2826144]: }
Apr  4 21:36:44 localhost sctpd[2825747]: I0404 21:36:44.374538 2826189 sctp_connection.cpp:195] Unhandled notification type 32777
Apr  4 21:36:44 localhost sessiond[2825478]: I0404 21:36:44.377421 2825478 SessionStateEnforcer.cpp:869]  AMF teid: 40000000 ip address 10.10.10.11 of imsi: IMSI222700000000001 fteid: 2147483652 pdu id: 1 UE ip address 192.168.128.94
Apr  4 21:36:44 localhost eventd[2825559]: DEBUG:root:Logging event: stream_name: "sessiond"
Apr  4 21:36:44 localhost eventd[2825559]: event_type: "session_created"
Apr  4 21:36:44 localhost eventd[2825559]: tag: "IMSI222700000000001"
Apr  4 21:36:44 localhost eventd[2825559]: value: "{\"mac_addr\":\"\",\"user_location\":\"\",\"spgw_ip\":\"\",\"imei\":\"\",\"pdp_start_time\":94219547397424,\"session_id\":\"IMSI222700000000001-542069\",\"apn\":\"default\",\"msisdn\":\"\",\"charging_characteristics\":\"\",\"ipv6_addr\":\"\",\"ip_addr\":\"192.168.128.94\",\"imsi\":\"IMSI222700000000001\"}"
Apr  4 21:36:44 localhost eventd[2825559]: ERROR:root:Connection to FluentBit failed: [Errno 111] Connection refused
Apr  4 21:36:44 localhost eventd[2825559]: INFO:root:FluentBit (td-agent-bit) may not be enabled or configured correctly
Apr  4 21:36:44 localhost sessiond[2825478]: I0404 21:36:44.383436 2825495 SessionEvents.cpp:131] Could not log session_created event {"mac_addr":"","user_location":"","spgw_ip":"","imei":"","pdp_start_time":94219547397424,"session_id":"IMSI222700000000001-542069","apn":"default","msisdn":"","charging_characteristics":"","ipv6_addr":"","ip_addr":"192.168.128.94","imsi":"IMSI222700000000001"}, Error Message: Could not connect to FluentBit locally, Details: [Errno 111] Connection refused
Apr  4 21:36:45 localhost dhclient[601]: DHCPREQUEST for 172.16.5.121 on eth1 to 172.16.5.2 port 67 (xid=0x25c866c5)
Apr  4 21:36:45 localhost smsd[2825569]: INFO:root:mme non_eps_service_config is not SMS_ORC8R, sleeping.
Apr  4 21:36:46 localhost mme[2826144]: InitiatingMessage ::= {
Apr  4 21:36:46 localhost mme[2826144]:     procedureCode: 28
Apr  4 21:36:46 localhost mme[2826144]:     criticality: 1 (ignore)
Apr  4 21:36:46 localhost mme[2826144]:     value: PDUSessionResourceReleaseCommand ::= {
Apr  4 21:36:46 localhost mme[2826144]:         protocolIEs: ProtocolIE-Container ::= {
Apr  4 21:36:46 localhost mme[2826144]:             PDUSessionResourceReleaseCommandIEs ::= {
Apr  4 21:36:46 localhost mme[2826144]:                 id: 10
Apr  4 21:36:46 localhost mme[2826144]:                 criticality: 0 (reject)
Apr  4 21:36:46 localhost mme[2826144]:                 value: 42
Apr  4 21:36:46 localhost mme[2826144]:             }
Apr  4 21:36:46 localhost mme[2826144]:             PDUSessionResourceReleaseCommandIEs ::= {
Apr  4 21:36:46 localhost mme[2826144]:                 id: 85
Apr  4 21:36:46 localhost mme[2826144]:                 criticality: 0 (reject)
Apr  4 21:36:46 localhost mme[2826144]:                 value: 4294967295
Apr  4 21:36:46 localhost mme[2826144]:             }
Apr  4 21:36:46 localhost mme[2826144]:             PDUSessionResourceReleaseCommandIEs ::= {
Apr  4 21:36:46 localhost mme[2826144]:                 id: 38
Apr  4 21:36:46 localhost mme[2826144]:                 criticality: 0 (reject)
Apr  4 21:36:46 localhost mme[2826144]:                 value:
Apr  4 21:36:46 localhost mme[2826144]:                     7E 01 82 44 7A CE 03 7E 00 68 01 00 05 2E 01 01
Apr  4 21:36:46 localhost mme[2826144]:                     D3 24 12 01
Apr  4 21:36:46 localhost mme[2826144]:             }
Apr  4 21:36:46 localhost mme[2826144]:             PDUSessionResourceReleaseCommandIEs ::= {
Apr  4 21:36:46 localhost mme[2826144]:                 id: 79
Apr  4 21:36:46 localhost mme[2826144]:                 criticality: 0 (reject)
Apr  4 21:36:46 localhost mme[2826144]:                 value: PDUSessionResourceToReleaseListRelCmd ::= {
Apr  4 21:36:46 localhost mme[2826144]:                 }
Apr  4 21:36:46 localhost mme[2826144]:             }
Apr  4 21:36:46 localhost mme[2826144]:         }
Apr  4 21:36:46 localhost mme[2826144]:     }
Apr  4 21:36:46 localhost mme[2826144]: }
Apr  4 21:36:46 localhost sctpd[2825747]: I0404 21:36:46.641486 2826189 sctp_connection.cpp:195] Unhandled notification type 32777
Apr  4 21:36:46 localhost sessiond[2825478]: I0404 21:36:46.850813 2825478 SetMessageManagerHandler.cpp:142] Release request for session from IMSI: IMSI222700000000001 pdu_id 1
Apr  4 21:36:46 localhost mobilityd[2825469]: INFO:root:Released IP 192.168.128.94 for sid IMSI222700000000001
Apr  4 21:36:46 localhost policydb[2825545]: INFO:root:Terminating session: IMSI222700000000001-542069
Apr  4 21:36:46 localhost eventd[2825559]: DEBUG:root:Logging event: stream_name: "sessiond"
Apr  4 21:36:46 localhost eventd[2825559]: event_type: "session_terminated"
Apr  4 21:36:46 localhost eventd[2825559]: tag: "IMSI222700000000001"
Apr  4 21:36:46 localhost eventd[2825559]: value: "{\"mac_addr\":\"\",\"user_location\":\"\",\"spgw_ip\":\"\",\"imei\":\"\",\"record_sequence_number\":1,\"pdp_end_time\":19,\"charging_rx\":0,\"duration\":-94219547397405,\"ip_addr\":\"192.168.128.94\",\"monitoring_tx\":0,\"ipv6_addr\":\"\",\"msisdn\":\"\",\"apn\":\"default\",\"session_id\":\"IMSI222700000000001-542069\",\"list_of_service_data\":[],\"charging_characteristics\":\"\",\"total_tx\":0,\"cause_for_rec_closing\":0,\"imsi\":\"IMSI222700000000001\",\"total_rx\":0,\"monitoring_rx\":0,\"charging_tx\":0,\"pdp_start_time\":94219547397424}"
Apr  4 21:36:46 localhost eventd[2825559]: ERROR:root:Connection to FluentBit failed: [Errno 111] Connection refused
Apr  4 21:36:46 localhost eventd[2825559]: INFO:root:FluentBit (td-agent-bit) may not be enabled or configured correctly
Apr  4 21:36:46 localhost sessiond[2825478]: I0404 21:36:46.874739 2825495 SessionEvents.cpp:291] Could not log session_terminated event {"mac_addr":"","user_location":"","spgw_ip":"","imei":"","record_sequence_number":1,"pdp_end_time":19,"charging_rx":0,"duration":-94219547397405,"ip_addr":"192.168.128.94","monitoring_tx":0,"ipv6_addr":"","msisdn":"","apn":"default","session_id":"IMSI222700000000001-542069","list_of_service_data":[],"charging_characteristics":"","total_tx":0,"cause_for_rec_closing":0,"imsi":"IMSI222700000000001","total_rx":0,"monitoring_rx":0,"charging_tx":0,"pdp_start_time":94219547397424}, Error Message: Could not connect to FluentBit locally, Details: [Errno 111] Connection refused
Apr  4 21:36:47 localhost sctpd[2825747]: I0404 21:36:47.037564 2826189 sctp_connection.cpp:195] Unhandled notification type 32777
Apr  4 21:36:50 localhost smsd[2825569]: INFO:root:mme non_eps_service_config is not SMS_ORC8R, sleeping.
Apr  4 21:36:50 localhost mobilityd[2825469]: INFO:root:Using GW info: {'default': {2: ('172.16.4.1', 'eth0')}, 2: [('172.16.4.1', 'eth0', True)]}
Apr  4 21:36:50 localhost mobilityd[2825469]: INFO:root:GW-v6 probe: timer started
Apr  4 21:36:51 localhost sessiond[2825478]: I0404 21:36:51.857077 2825478 SessionStateEnforcer.cpp:377] Nothing to remove as no respective entry found for session id IMSI222700000000001-542069 of IMSI IMSI222700000000001
Apr  4 21:36:55 localhost dhclient[601]: DHCPREQUEST for 172.16.5.121 on eth1 to 172.16.5.2 port 67 (xid=0x25c866c5)
Apr  4 21:36:55 localhost smsd[2825569]: INFO:root:mme non_eps_service_config is not SMS_ORC8R, sleeping.
Apr  4 21:37:00 localhost smsd[2825569]: INFO:root:mme non_eps_service_config is not SMS_ORC8R, sleeping.
Apr  4 21:37:03 localhost dhclient[601]: DHCPREQUEST for 172.16.5.121 on eth1 to 172.16.5.2 port 67 (xid=0x25c866c5)
Apr  4 21:37:05 localhost smsd[2825569]: INFO:root:mme non_eps_service_config is not SMS_ORC8R, sleeping.
Apr  4 21:37:05 localhost sctpd[2825747]: I0404 21:37:05.719040 2826189 sctp_connection.cpp:195] Unhandled notification type 32776
Apr  4 21:37:10 localhost smsd[2825569]: INFO:root:mme non_eps_service_config is not SMS_ORC8R, sleeping.
Apr  4 21:37:10 localhost mobilityd[2825469]: INFO:root:Using GW info: {'default': {2: ('172.16.4.1', 'eth0')}, 2: [('172.16.4.1', 'eth0', True)]}
Apr  4 21:37:10 localhost mobilityd[2825469]: INFO:root:GW-v6 probe: timer started
Apr  4 21:37:11 localhost control_proxy[2825621]: 2022-04-04T21:36:11.107Z [127.0.0.1 -> streamer-controller.magmasi.wavelabs.in,8443] "POST /magma.orc8r.Streamer/GetUpdates HTTP/2" 200 0bytes 60.480s
Apr  4 21:37:11 localhost magmad[2825401]: ERROR:root:Error! Streaming from the cloud failed! [StatusCode.ABORTED] error while streaming updates: rpc error: code = DeadlineExceeded desc = context deadline exceeded
Apr  4 21:37:11 localhost magmad[2825401]: INFO:root:[SyncRPC] Got heartBeat from cloud
Apr  4 21:37:12 localhost dhclient[601]: DHCPREQUEST for 172.16.5.121 on eth1 to 172.16.5.2 port 67 (xid=0x25c866c5)
Apr  4 21:37:15 localhost magmad[2825401]: ERROR:root:Metrics upload error for service subscriberdb (chunk 0)! [StatusCode.DEADLINE_EXCEEDED] Deadline Exceeded
Apr  4 21:37:15 localhost magmad[2825401]: ERROR:root:Metrics upload error for service mobilityd (chunk 0)! [StatusCode.DEADLINE_EXCEEDED] Deadline Exceeded
Apr  4 21:37:15 localhost magmad[2825401]: ERROR:root:Metrics upload error for service mme (chunk 0)! [StatusCode.DEADLINE_EXCEEDED] Deadline Exceeded
Apr  4 21:37:15 localhost magmad[2825401]: ERROR:root:Metrics upload error for service magmad (chunk 0)! [StatusCode.DEADLINE_EXCEEDED] Deadline Exceeded
Apr  4 21:37:15 localhost magmad[2825401]: ERROR:root:Metrics upload error for service enodebd (chunk 0)! [StatusCode.DEADLINE_EXCEEDED] Deadline Exceeded
Apr  4 21:37:15 localhost magmad[2825401]: ERROR:root:Metrics upload error for service pipelined (chunk 0)! [StatusCode.DEADLINE_EXCEEDED] Deadline Exceeded
Apr  4 21:37:15 localhost magmad[2825401]: ERROR:root:Metrics upload error for service state (chunk 0)! [StatusCode.DEADLINE_EXCEEDED] Deadline Exceeded
Apr  4 21:37:15 localhost magmad[2825401]: ERROR:root:Metrics upload error for service sessiond (chunk 0)! [StatusCode.DEADLINE_EXCEEDED] Deadline Exceeded
Apr  4 21:37:15 localhost sctpd[2825747]: I0404 21:37:15.435567 2826189 sctp_connection.cpp:195] Unhandled notification type 32777
Apr  4 21:37:15 localhost sctpd[2825747]: I0404 21:37:15.660923 2826189 sctp_connection.cpp:195] Unhandled notification type 32777
Apr  4 21:37:15 localhost smsd[2825569]: INFO:root:mme non_eps_service_config is not SMS_ORC8R, sleeping.
Apr  4 21:37:15 localhost sctpd[2825747]: I0404 21:37:15.782510 2826189 sctp_connection.cpp:195] Unhandled notification type 32777
Apr  4 21:37:15 localhost sctpd[2825747]: I0404 21:37:15.904559 2826189 sctp_connection.cpp:195] Unhandled notification type 32777
Apr  4 21:37:15 localhost mme[2826144]: [DEBUG] Sending S6A-UPDATE_LOCATION_REQUEST with IMSI: 222700000000001
Apr  4 21:37:15 localhost mme[2826144]: [INFO] Received S6A-LOCATION-UPDATE_ANSWER for IMSI: 222700000000001; Status: ; StatusCode: 2001
Apr  4 21:37:15 localhost mme[2826144]: [INFO] sent itti S6A-LOCATION-UPDATE_ANSWER for IMSI: 222700000000001
Apr  4 21:37:16 localhost sctpd[2825747]: I0404 21:37:16.025338 2826189 sctp_connection.cpp:195] Unhandled notification type 32777
Apr  4 21:37:17 localhost sctpd[2825747]: I0404 21:37:17.473675 2826189 sctp_connection.cpp:195] Unhandled notification type 32777
Apr  4 21:37:20 localhost smsd[2825569]: INFO:root:mme non_eps_service_config is not SMS_ORC8R, sleeping.
Apr  4 21:37:21 localhost dhclient[601]: DHCPREQUEST for 172.16.5.121 on eth1 to 172.16.5.2 port 67 (xid=0x25c866c5)
Apr  4 21:37:25 localhost smsd[2825569]: INFO:root:mme non_eps_service_config is not SMS_ORC8R, sleeping.
Apr  4 21:37:30 localhost smsd[2825569]: INFO:root:mme non_eps_service_config is not SMS_ORC8R, sleeping.
Apr  4 21:37:30 localhost mobilityd[2825469]: INFO:root:Using GW info: {'default': {2: ('172.16.4.1', 'eth0')}, 2: [('172.16.4.1', 'eth0', True)]}
Apr  4 21:37:30 localhost mobilityd[2825469]: INFO:root:GW-v6 probe: timer started
Apr  4 21:37:31 localhost control_proxy[2825621]: 2022-04-04T21:37:31.253Z [127.0.0.1 -> streamer-controller.magmasi.wavelabs.in,8443] "POST /magma.orc8r.Streamer/GetUpdates HTTP/2" 200 173bytes 0.528s
Apr  4 21:37:31 localhost policydb[2825545]: INFO:root:Processing 4 policy updates (resync=True)
Apr  4 21:37:32 localhost dhclient[601]: DHCPREQUEST for 172.16.5.121 on eth1 to 172.16.5.2 port 67 (xid=0x25c866c5)
Apr  4 21:37:32 localhost control_proxy[2825621]: 2022-04-04T21:37:31.253Z [127.0.0.1 -> streamer-controller.magmasi.wavelabs.in,8443] "POST /magma.orc8r.Streamer/GetUpdates HTTP/2" 200 7bytes 0.274s
Apr  4 21:37:32 localhost policydb[2825545]: INFO:root:Processing 0 basename -> policy updates
Apr  4 21:37:32 localhost control_proxy[2825621]: 2022-04-04T21:37:32.063Z [127.0.0.1 -> streamer-controller.magmasi.wavelabs.in,8443] "POST /magma.orc8r.Streamer/GetUpdates HTTP/2" 200 13513bytes 0.299s
Apr  4 21:37:32 localhost policydb[2825545]: INFO:root:Processing 222 SID -> apn -> policy updates
Apr  4 21:37:32 localhost control_proxy[2825621]: 2022-04-04T21:37:32.063Z [127.0.0.1 -> streamer-controller.magmasi.wavelabs.in,8443] "POST /magma.orc8r.Streamer/GetUpdates HTTP/2" 200 7bytes 0.275s
Apr  4 21:37:32 localhost policydb[2825545]: INFO:root:Processing 0 rating group updates
Apr  4 21:37:33 localhost sctpd[2825747]: I0404 21:37:33.986675 2826189 sctp_connection.cpp:195] Unhandled notification type 32776
Apr  4 21:37:35 localhost sctpd[2825747]: I0404 21:37:35.044652 2826189 sctp_connection.cpp:195] Unhandled notification type 32777
Apr  4 21:37:35 localhost sctpd[2825747]: I0404 21:37:35.283722 2826189 sctp_connection.cpp:195] Unhandled notification type 32777
Apr  4 21:37:35 localhost sctpd[2825747]: I0404 21:37:35.492702 2826189 sctp_connection.cpp:195] Unhandled notification type 32777
Apr  4 21:37:35 localhost smsd[2825569]: INFO:root:mme non_eps_service_config is not SMS_ORC8R, sleeping.
Apr  4 21:37:40 localhost smsd[2825569]: INFO:root:mme non_eps_service_config is not SMS_ORC8R, sleeping.
Apr  4 21:37:41 localhost sctpd[2825747]: I0404 21:37:41.496691 2826189 sctp_connection.cpp:195] Unhandled notification type 32777
Apr  4 21:37:43 localhost dhclient[601]: DHCPREQUEST for 172.16.5.121 on eth1 to 172.16.5.2 port 67 (xid=0x25c866c5)
Apr  4 21:37:44 localhost magmad[2825401]: INFO:root:Setting logging level to INFO
Apr  4 21:37:45 localhost mme[2826144]: [DEBUG] Sending S6A-UPDATE_LOCATION_REQUEST with IMSI: 222700000000001
Apr  4 21:37:45 localhost mme[2826144]: [INFO] Received S6A-LOCATION-UPDATE_ANSWER for IMSI: 222700000000001; Status: ; StatusCode: 2001
Apr  4 21:37:45 localhost mme[2826144]: [INFO] sent itti S6A-LOCATION-UPDATE_ANSWER for IMSI: 222700000000001
Apr  4 21:37:45 localhost sctpd[2825747]: I0404 21:37:45.576153 2826189 sctp_connection.cpp:195] Unhandled notification type 32777
Apr  4 21:37:45 localhost smsd[2825569]: INFO:root:mme non_eps_service_config is not SMS_ORC8R, sleeping.
Apr  4 21:37:50 localhost mobilityd[2825469]: INFO:root:Using GW info: {'default': {2: ('172.16.4.1', 'eth0')}, 2: [('172.16.4.1', 'eth0', True)]}
Apr  4 21:37:50 localhost mobilityd[2825469]: INFO:root:GW-v6 probe: timer started
Apr  4 21:37:50 localhost smsd[2825569]: INFO:root:mme non_eps_service_config is not SMS_ORC8R, sleeping.
Apr  4 21:37:51 localhost dhclient[601]: DHCPREQUEST for 172.16.5.121 on eth1 to 172.16.5.2 port 67 (xid=0x25c866c5)
Apr  4 21:37:56 localhost smsd[2825569]: INFO:root:mme non_eps_service_config is not SMS_ORC8R, sleeping.
Apr  4 21:38:00 localhost dhclient[601]: DHCPREQUEST for 172.16.5.121 on eth1 to 172.16.5.2 port 67 (xid=0x25c866c5)
Apr  4 21:38:01 localhost smsd[2825569]: INFO:root:mme non_eps_service_config is not SMS_ORC8R, sleeping.
Apr  4 21:38:02 localhost sctpd[2825747]: I0404 21:38:02.038388 2826189 sctp_connection.cpp:195] Unhandled notification type 32776
Apr  4 21:38:03 localhost sctpd[2825747]: I0404 21:38:03.104441 2826189 sctp_connection.cpp:195] Unhandled notification type 32777
Apr  4 21:38:04 localhost control_proxy[2825621]: 2022-04-04T21:38:03.444Z [127.0.0.1 -> state-controller.magmasi.wavelabs.in,8443] "POST /magma.orc8r.StateService/ReportStates HTTP/2" 200 5bytes 0.632s
Apr  4 21:38:04 localhost magmad[2825401]: INFO:root:Checkin Successful! Successfully sent states to the cloud!
Apr  4 21:38:06 localhost smsd[2825569]: INFO:root:mme non_eps_service_config is not SMS_ORC8R, sleeping.
Apr  4 21:38:10 localhost mobilityd[2825469]: INFO:root:Using GW info: {'default': {2: ('172.16.4.1', 'eth0')}, 2: [('172.16.4.1', 'eth0', True)]}
Apr  4 21:38:10 localhost mobilityd[2825469]: INFO:root:GW-v6 probe: timer started
Apr  4 21:38:11 localhost smsd[2825569]: INFO:root:mme non_eps_service_config is not SMS_ORC8R, sleeping.
Apr  4 21:38:11 localhost magmad[2825401]: INFO:root:[SyncRPC] Got heartBeat from cloud
Apr  4 21:38:15 localhost dhclient[601]: DHCPREQUEST for 172.16.5.121 on eth1 to 172.16.5.2 port 67 (xid=0x25c866c5)
Apr  4 21:38:16 localhost smsd[2825569]: INFO:root:mme non_eps_service_config is not SMS_ORC8R, sleeping.
Apr  4 21:38:16 localhost subscriberdb[2825467]: INFO:root:get digest stored in gateway:
Apr  4 21:38:16 localhost control_proxy[2825621]: 2022-04-04T21:38:16.567Z [127.0.0.1 -> subscriberdb-controller.magmasi.wavelabs.in,8443] "POST /magma.lte.SubscriberDBCloud/CheckInSync HTTP/2" 200 0bytes 0.250s
Apr  4 21:38:16 localhost subscriberdb[2825467]: ERROR:root:Internal Error in subscriberdb-Orc8r communication. If AGW and Orc8r are deployed at a commit hash, upgrade AGW and Orc8r to latest commit hash.
Apr  4 21:38:17 localhost control_proxy[2825621]: 2022-04-04T21:38:16.567Z [127.0.0.1 -> subscriberdb-controller.magmasi.wavelabs.in,8443] "POST /magma.lte.SubscriberDBCloud/Sync HTTP/2" 200 0bytes 0.250s
Apr  4 21:38:17 localhost subscriberdb[2825467]: ERROR:root:Internal Error in subscriberdb-Orc8r communication. If AGW and Orc8r are deployed at a commit hash, upgrade AGW and Orc8r to latest commit hash.
Apr  4 21:38:17 localhost control_proxy[2825621]: 2022-04-04T21:38:17.076Z [127.0.0.1 -> subscriberdb-controller.magmasi.wavelabs.in,8443] "POST /magma.lte.SubscriberDBCloud/ListSubscribers HTTP/2" 200 44088bytes 0.562s
Apr  4 21:38:17 localhost subscriberdb[2825467]: INFO:root:Successfully fetched all subscriber pages from the cloud!
Apr  4 21:38:18 localhost subscriberdb[2825467]: INFO:root:update root digest stored in gateway:
Apr  4 21:38:21 localhost smsd[2825569]: INFO:root:mme non_eps_service_config is not SMS_ORC8R, sleeping.
Apr  4 21:38:24 localhost sctpd[2825747]: I0404 21:38:24.807508 2826189 sctp_connection.cpp:195] Unhandled notification type 32776
Apr  4 21:38:25 localhost sctpd[2825747]: I0404 21:38:25.865665 2826189 sctp_connection.cpp:195] Unhandled notification type 32777
Apr  4 21:38:26 localhost smsd[2825569]: INFO:root:mme non_eps_service_config is not SMS_ORC8R, sleeping.
Apr  4 21:38:30 localhost mobilityd[2825469]: INFO:root:Using GW info: {'default': {2: ('172.16.4.1', 'eth0')}, 2: [('172.16.4.1', 'eth0', True)]}
Apr  4 21:38:30 localhost mobilityd[2825469]: INFO:root:GW-v6 probe: timer started
Apr  4 21:38:31 localhost smsd[2825569]: INFO:root:mme non_eps_service_config is not SMS_ORC8R, sleeping.
Apr  4 21:38:33 localhost control_proxy[2825621]: 2022-04-04T21:38:32.695Z [127.0.0.1 -> streamer-controller.magmasi.wavelabs.in,8443] "POST /magma.orc8r.Streamer/GetUpdates HTTP/2" 200 173bytes 0.534s
Apr  4 21:38:33 localhost policydb[2825545]: INFO:root:Processing 4 policy updates (resync=True)
Apr  4 21:38:33 localhost magmad[2825401]: ERROR:root:Metrics upload error for service subscriberdb (chunk 0)! [StatusCode.DEADLINE_EXCEEDED] Deadline Exceeded
Apr  4 21:38:33 localhost magmad[2825401]: ERROR:root:Metrics upload error for service mobilityd (chunk 0)! [StatusCode.DEADLINE_EXCEEDED] Deadline Exceeded
Apr  4 21:38:33 localhost magmad[2825401]: ERROR:root:Metrics upload error for service mme (chunk 0)! [StatusCode.DEADLINE_EXCEEDED] Deadline Exceeded
Apr  4 21:38:33 localhost magmad[2825401]: ERROR:root:Metrics upload error for service magmad (chunk 0)! [StatusCode.DEADLINE_EXCEEDED] Deadline Exceeded
Apr  4 21:38:33 localhost magmad[2825401]: ERROR:root:Metrics upload error for service enodebd (chunk 0)! [StatusCode.DEADLINE_EXCEEDED] Deadline Exceeded
Apr  4 21:38:33 localhost magmad[2825401]: ERROR:root:Metrics upload error for service pipelined (chunk 0)! [StatusCode.DEADLINE_EXCEEDED] Deadline Exceeded
Apr  4 21:38:33 localhost magmad[2825401]: ERROR:root:Metrics upload error for service state (chunk 0)! [StatusCode.DEADLINE_EXCEEDED] Deadline Exceeded
Apr  4 21:38:33 localhost magmad[2825401]: ERROR:root:Metrics upload error for service sessiond (chunk 0)! [StatusCode.DEADLINE_EXCEEDED] Deadline Exceeded
Apr  4 21:38:33 localhost control_proxy[2825621]: 2022-04-04T21:38:33.235Z [127.0.0.1 -> streamer-controller.magmasi.wavelabs.in,8443] "POST /magma.orc8r.Streamer/GetUpdates HTTP/2" 200 7bytes 0.263s
Apr  4 21:38:33 localhost policydb[2825545]: INFO:root:Processing 0 basename -> policy updates
Apr  4 21:38:33 localhost control_proxy[2825621]: 2022-04-04T21:38:33.235Z [127.0.0.1 -> streamer-controller.magmasi.wavelabs.in,8443] "POST /magma.orc8r.Streamer/GetUpdates HTTP/2" 200 13513bytes 0.293s
Apr  4 21:38:33 localhost policydb[2825545]: INFO:root:Processing 222 SID -> apn -> policy updates
Apr  4 21:38:34 localhost control_proxy[2825621]: 2022-04-04T21:38:33.235Z [127.0.0.1 -> streamer-controller.magmasi.wavelabs.in,8443] "POST /magma.orc8r.Streamer/GetUpdates HTTP/2" 200 7bytes 0.263s
Apr  4 21:38:34 localhost policydb[2825545]: INFO:root:Processing 0 rating group updates
Apr  4 21:38:36 localhost dhclient[601]: DHCPREQUEST for 172.16.5.121 on eth1 to 172.16.5.2 port 67 (xid=0x25c866c5)
Apr  4 21:38:36 localhost smsd[2825569]: INFO:root:mme non_eps_service_config is not SMS_ORC8R, sleeping.
Apr  4 21:38:41 localhost smsd[2825569]: INFO:root:mme non_eps_service_config is not SMS_ORC8R, sleeping.
Apr  4 21:38:44 localhost dhclient[601]: DHCPREQUEST for 172.16.5.121 on eth1 to 172.16.5.2 port 67 (xid=0x25c866c5)
Apr  4 21:38:46 localhost smsd[2825569]: INFO:root:mme non_eps_service_config is not SMS_ORC8R, sleeping.
Apr  4 21:38:47 localhost sctpd[2825747]: I0404 21:38:47.481287 2826189 sctp_connection.cpp:195] Unhandled notification type 32776
Apr  4 21:38:48 localhost sctpd[2825747]: I0404 21:38:48.545619 2826189 sctp_connection.cpp:195] Unhandled notification type 32777
Apr  4 21:38:50 localhost mobilityd[2825469]: INFO:root:Using GW info: {'default': {2: ('172.16.4.1', 'eth0')}, 2: [('172.16.4.1', 'eth0', True)]}
Apr  4 21:38:50 localhost mobilityd[2825469]: INFO:root:GW-v6 probe: timer started
Apr  4 21:38:51 localhost smsd[2825569]: INFO:root:mme non_eps_service_config is not SMS_ORC8R, sleeping.
Apr  4 21:38:56 localhost smsd[2825569]: INFO:root:mme non_eps_service_config is not SMS_ORC8R, sleeping.
Apr  4 21:38:59 localhost dhclient[601]: DHCPREQUEST for 172.16.5.121 on eth1 to 172.16.5.2 port 67 (xid=0x25c866c5)
Apr  4 21:39:01 localhost smsd[2825569]: INFO:root:mme non_eps_service_config is not SMS_ORC8R, sleeping.
Apr  4 21:39:04 localhost magmad[2825401]: INFO:root:Setting logging level to INFO
Apr  4 21:39:06 localhost smsd[2825569]: INFO:root:mme non_eps_service_config is not SMS_ORC8R, sleeping.
Apr  4 21:39:10 localhost sctpd[2825747]: I0404 21:39:10.201722 2826189 sctp_connection.cpp:195] Unhandled notification type 32776
Apr  4 21:39:10 localhost mobilityd[2825469]: INFO:root:Using GW info: {'default': {2: ('172.16.4.1', 'eth0')}, 2: [('172.16.4.1', 'eth0', True)]}
Apr  4 21:39:10 localhost mobilityd[2825469]: INFO:root:GW-v6 probe: timer started
Apr  4 21:39:11 localhost sctpd[2825747]: I0404 21:39:11.257429 2826189 sctp_connection.cpp:195] Unhandled notification type 32777
Apr  4 21:39:11 localhost smsd[2825569]: INFO:root:mme non_eps_service_config is not SMS_ORC8R, sleeping.
Apr  4 21:39:11 localhost magmad[2825401]: INFO:root:[SyncRPC] Got heartBeat from cloud
Apr  4 21:39:11 localhost control_proxy[2825621]: 2022-04-04T21:38:11.652Z [127.0.0.1 -> streamer-controller.magmasi.wavelabs.in,8443] "POST /magma.orc8r.Streamer/GetUpdates HTTP/2" 200 0bytes 60.266s
Apr  4 21:39:11 localhost magmad[2825401]: ERROR:root:Error! Streaming from the cloud failed! [StatusCode.ABORTED] error while streaming updates: rpc error: code = DeadlineExceeded desc = context deadline exceeded
Apr  4 21:39:11 localhost dhclient[601]: DHCPREQUEST for 172.16.5.121 on eth1 to 172.16.5.2 port 67 (xid=0x25c866c5)
Apr  4 21:39:16 localhost smsd[2825569]: INFO:root:mme non_eps_service_config is not SMS_ORC8R, sleeping.
Apr  4 21:39:21 localhost smsd[2825569]: INFO:root:mme non_eps_service_config is not SMS_ORC8R, sleeping.
Apr  4 21:39:23 localhost control_proxy[2825621]: 2022-04-04T21:39:23.190Z [127.0.0.1 -> state-controller.magmasi.wavelabs.in,8443] "POST /magma.orc8r.StateService/ReportStates HTTP/2" 200 5bytes 0.522s
Apr  4 21:39:23 localhost magmad[2825401]: INFO:root:Checkin Successful! Successfully sent states to the cloud!
Apr  4 21:39:24 localhost dhclient[601]: DHCPREQUEST for 172.16.5.121 on eth1 to 172.16.5.2 port 67 (xid=0x25c866c5)
Apr  4 21:39:26 localhost smsd[2825569]: INFO:root:mme non_eps_service_config is not SMS_ORC8R, sleeping.
Apr  4 21:39:28 localhost sctpd[2825747]: I0404 21:39:28.380391 2826189 sctp_connection.cpp:195] Unhandled notification type 32776
Apr  4 21:39:30 localhost mobilityd[2825469]: INFO:root:Using GW info: {'default': {2: ('172.16.4.1', 'eth0')}, 2: [('172.16.4.1', 'eth0', True)]}
Apr  4 21:39:30 localhost mobilityd[2825469]: INFO:root:GW-v6 probe: timer started
Apr  4 21:39:31 localhost dhclient[601]: DHCPREQUEST for 172.16.5.121 on eth1 to 172.16.5.2 port 67 (xid=0x25c866c5)
Apr  4 21:39:31 localhost smsd[2825569]: INFO:root:mme non_eps_service_config is not SMS_ORC8R, sleeping.
Apr  4 21:39:33 localhost magmad[2825401]: ERROR:root:Metrics upload error for service subscriberdb (chunk 0)! [StatusCode.DEADLINE_EXCEEDED] Deadline Exceeded
Apr  4 21:39:33 localhost magmad[2825401]: ERROR:root:Metrics upload error for service mobilityd (chunk 0)! [StatusCode.DEADLINE_EXCEEDED] Deadline Exceeded
Apr  4 21:39:33 localhost magmad[2825401]: ERROR:root:Metrics upload error for service mme (chunk 0)! [StatusCode.DEADLINE_EXCEEDED] Deadline Exceeded
Apr  4 21:39:33 localhost magmad[2825401]: ERROR:root:Metrics upload error for service magmad (chunk 0)! [StatusCode.DEADLINE_EXCEEDED] Deadline Exceeded
Apr  4 21:39:33 localhost magmad[2825401]: ERROR:root:Metrics upload error for service enodebd (chunk 0)! [StatusCode.DEADLINE_EXCEEDED] Deadline Exceeded
Apr  4 21:39:33 localhost magmad[2825401]: ERROR:root:Metrics upload error for service pipelined (chunk 0)! [StatusCode.DEADLINE_EXCEEDED] Deadline Exceeded
Apr  4 21:39:33 localhost magmad[2825401]: ERROR:root:Metrics upload error for service state (chunk 0)! [StatusCode.DEADLINE_EXCEEDED] Deadline Exceeded
Apr  4 21:39:33 localhost magmad[2825401]: ERROR:root:Metrics upload error for service sessiond (chunk 0)! [StatusCode.DEADLINE_EXCEEDED] Deadline Exceeded
Apr  4 21:39:34 localhost control_proxy[2825621]: 2022-04-04T21:39:34.128Z [127.0.0.1 -> streamer-controller.magmasi.wavelabs.in,8443] "POST /magma.orc8r.Streamer/GetUpdates HTTP/2" 200 173bytes 0.525s
Apr  4 21:39:34 localhost policydb[2825545]: INFO:root:Processing 4 policy updates (resync=True)
Apr  4 21:39:34 localhost control_proxy[2825621]: 2022-04-04T21:39:34.128Z [127.0.0.1 -> streamer-controller.magmasi.wavelabs.in,8443] "POST /magma.orc8r.Streamer/GetUpdates HTTP/2" 200 7bytes 0.269s
Apr  4 21:39:34 localhost policydb[2825545]: INFO:root:Processing 0 basename -> policy updates
Apr  4 21:39:35 localhost control_proxy[2825621]: 2022-04-04T21:39:34.128Z [127.0.0.1 -> streamer-controller.magmasi.wavelabs.in,8443] "POST /magma.orc8r.Streamer/GetUpdates HTTP/2" 200 13513bytes 0.331s
Apr  4 21:39:35 localhost policydb[2825545]: INFO:root:Processing 222 SID -> apn -> policy updates
Apr  4 21:39:35 localhost control_proxy[2825621]: 2022-04-04T21:39:35.270Z [127.0.0.1 -> streamer-controller.magmasi.wavelabs.in,8443] "POST /magma.orc8r.Streamer/GetUpdates HTTP/2" 200 7bytes 0.266s
Apr  4 21:39:35 localhost policydb[2825545]: INFO:root:Processing 0 rating group updates
Apr  4 21:39:36 localhost smsd[2825569]: INFO:root:mme non_eps_service_config is not SMS_ORC8R, sleeping.
Apr  4 21:39:37 localhost sctpd[2825747]: I0404 21:39:37.950354 2826189 sctp_connection.cpp:195] Unhandled notification type 32777
Apr  4 21:39:38 localhost sctpd[2825747]: I0404 21:39:38.188122 2826189 sctp_connection.cpp:195] Unhandled notification type 32777
Apr  4 21:39:41 localhost smsd[2825569]: INFO:root:mme non_eps_service_config is not SMS_ORC8R, sleeping.
Apr  4 21:39:45 localhost dhclient[601]: DHCPREQUEST for 172.16.5.121 on eth1 to 172.16.5.2 port 67 (xid=0x25c866c5)
Apr  4 21:39:46 localhost smsd[2825569]: INFO:root:mme non_eps_service_config is not SMS_ORC8R, sleeping.
Apr  4 21:39:50 localhost mobilityd[2825469]: INFO:root:Using GW info: {'default': {2: ('172.16.4.1', 'eth0')}, 2: [('172.16.4.1', 'eth0', True)]}
Apr  4 21:39:50 localhost mobilityd[2825469]: INFO:root:GW-v6 probe: timer started
Apr  4 21:39:51 localhost smsd[2825569]: INFO:root:mme non_eps_service_config is not SMS_ORC8R, sleeping.
Apr  4 21:39:56 localhost smsd[2825569]: INFO:root:mme non_eps_service_config is not SMS_ORC8R, sleeping.
Apr  4 21:40:00 localhost sctpd[2825747]: I0404 21:40:00.442334 2826189 sctp_connection.cpp:195] Unhandled notification type 32776
Apr  4 21:40:00 localhost sctpd[2825747]: I0404 21:40:00.560822 2826189 sctp_connection.cpp:195] Unhandled notification type 32776
Apr  4 21:40:01 localhost sctpd[2825747]: I0404 21:40:01.622730 2826189 sctp_connection.cpp:195] Unhandled notification type 32777
Apr  4 21:40:01 localhost sctpd[2825747]: I0404 21:40:01.729000 2826189 sctp_connection.cpp:195] Unhandled notification type 32777
Apr  4 21:40:01 localhost smsd[2825569]: INFO:root:mme non_eps_service_config is not SMS_ORC8R, sleeping.
Apr  4 21:40:01 localhost sctpd[2825747]: I0404 21:40:01.962375 2826189 sctp_connection.cpp:195] Unhandled notification type 32777
Apr  4 21:40:02 localhost sctpd[2825747]: I0404 21:40:02.083531 2826189 sctp_connection.cpp:195] Unhandled notification type 32777
Apr  4 21:40:02 localhost mme[2826144]: [DEBUG] Sending S6A-UPDATE_LOCATION_REQUEST with IMSI: 222700000000001
Apr  4 21:40:02 localhost mme[2826144]: [INFO] Received S6A-LOCATION-UPDATE_ANSWER for IMSI: 222700000000001; Status: ; StatusCode: 2001
Apr  4 21:40:02 localhost mme[2826144]: [INFO] sent itti S6A-LOCATION-UPDATE_ANSWER for IMSI: 222700000000001
Apr  4 21:40:02 localhost sctpd[2825747]: I0404 21:40:02.144688 2826189 sctp_connection.cpp:195] Unhandled notification type 32777
Apr  4 21:40:03 localhost dhclient[601]: DHCPREQUEST for 172.16.5.121 on eth1 to 172.16.5.2 port 67 (xid=0x25c866c5)
Apr  4 21:40:04 localhost mobilityd[2825469]: INFO:root:Allocated IP 192.168.128.95 for sid IMSI222700000000001 for apn default
Apr  4 21:40:04 localhost policydb[2825545]: INFO:root:Creating a session for subscriber ID: IMSI222700000000001
Apr  4 21:40:04 localhost sessiond[2825478]: I0404 21:40:04.354553 2825478 SetMessageManagerHandler.cpp:342] Processing a CreateSessionResponse for IMSI222700000000001-885081
Apr  4 21:40:04 localhost sessiond[2825478]: I0404 21:40:04.354687 2825478 SessionState.cpp:2774] RuleID allowlist_sid-IMSI222700000000001-default doesn't have a version registered for IMSI222700000000001-885081, this is unexpected
Apr  4 21:40:04 localhost mme[2826144]: PDUSessionResourceSetupRequestTransfer ::= {
Apr  4 21:40:04 localhost mme[2826144]:     protocolIEs: ProtocolIE-Container ::= {
Apr  4 21:40:04 localhost mme[2826144]:         PDUSessionResourceSetupRequestTransferIEs ::= {
Apr  4 21:40:04 localhost mme[2826144]:             id: 130
Apr  4 21:40:04 localhost mme[2826144]:             criticality: 0 (reject)
Apr  4 21:40:04 localhost mme[2826144]:             value: PDUSessionAggregateMaximumBitRate ::= {
Apr  4 21:40:04 localhost mme[2826144]:                 pDUSessionAggregateMaximumBitRateDL: 100000000
Apr  4 21:40:04 localhost mme[2826144]:                 pDUSessionAggregateMaximumBitRateUL: 100000000
Apr  4 21:40:04 localhost mme[2826144]:             }
Apr  4 21:40:04 localhost mme[2826144]:         }
Apr  4 21:40:04 localhost mme[2826144]:         PDUSessionResourceSetupRequestTransferIEs ::= {
Apr  4 21:40:04 localhost mme[2826144]:             id: 139
Apr  4 21:40:04 localhost mme[2826144]:             criticality: 0 (reject)
Apr  4 21:40:04 localhost mme[2826144]:             value: GTPTunnel ::= {
Apr  4 21:40:04 localhost mme[2826144]:                 transportLayerAddress: AC 10 05 79
Apr  4 21:40:04 localhost mme[2826144]:                 gTP-TEID: 80 00 00 05
Apr  4 21:40:04 localhost mme[2826144]:             }
Apr  4 21:40:04 localhost mme[2826144]:         }
Apr  4 21:40:04 localhost mme[2826144]:         PDUSessionResourceSetupRequestTransferIEs ::= {
Apr  4 21:40:04 localhost mme[2826144]:             id: 134
Apr  4 21:40:04 localhost mme[2826144]:             criticality: 0 (reject)
Apr  4 21:40:04 localhost mme[2826144]:             value: 0 (ipv4)
Apr  4 21:40:04 localhost mme[2826144]:         }
Apr  4 21:40:04 localhost mme[2826144]:         PDUSessionResourceSetupRequestTransferIEs ::= {
Apr  4 21:40:04 localhost mme[2826144]:             id: 136
Apr  4 21:40:04 localhost mme[2826144]:             criticality: 0 (reject)
Apr  4 21:40:04 localhost mme[2826144]:             value: QosFlowSetupRequestList ::= {
Apr  4 21:40:04 localhost mme[2826144]:                 QosFlowSetupRequestItem ::= {
Apr  4 21:40:04 localhost mme[2826144]:                     qosFlowIdentifier: 9
Apr  4 21:40:04 localhost mme[2826144]:                     qosFlowLevelQosParameters: QosFlowLevelQosParameters ::= {
Apr  4 21:40:04 localhost mme[2826144]:                         qosCharacteristics: NonDynamic5QIDescriptor ::= {
Apr  4 21:40:04 localhost mme[2826144]:                             fiveQI: 9
Apr  4 21:40:04 localhost mme[2826144]:                         }
Apr  4 21:40:04 localhost mme[2826144]:                         allocationAndRetentionPriority: AllocationAndRetentionPriority ::= {
Apr  4 21:40:04 localhost mme[2826144]:                             priorityLevelARP: 15
Apr  4 21:40:04 localhost mme[2826144]:                             pre-emptionCapability: 0 (shall-not-trigger-pre-emption)
Apr  4 21:40:04 localhost mme[2826144]:                             pre-emptionVulnerability: 0 (not-pre-emptable)
Apr  4 21:40:04 localhost mme[2826144]:                         }
Apr  4 21:40:04 localhost mme[2826144]:                     }
Apr  4 21:40:04 localhost mme[2826144]:                 }
Apr  4 21:40:04 localhost mme[2826144]:             }
Apr  4 21:40:04 localhost mme[2826144]:         }
Apr  4 21:40:04 localhost mme[2826144]:     }
Apr  4 21:40:04 localhost mme[2826144]: }
Apr  4 21:40:04 localhost sctpd[2825747]: I0404 21:40:04.560487 2826189 sctp_connection.cpp:195] Unhandled notification type 32777
Apr  4 21:40:06 localhost mme[2826144]: InitiatingMessage ::= {
Apr  4 21:40:06 localhost mme[2826144]:     procedureCode: 28
Apr  4 21:40:06 localhost mme[2826144]:     criticality: 1 (ignore)
Apr  4 21:40:06 localhost mme[2826144]:     value: PDUSessionResourceReleaseCommand ::= {
Apr  4 21:40:06 localhost mme[2826144]:         protocolIEs: ProtocolIE-Container ::= {
Apr  4 21:40:06 localhost mme[2826144]:             PDUSessionResourceReleaseCommandIEs ::= {
Apr  4 21:40:06 localhost mme[2826144]:                 id: 10
Apr  4 21:40:06 localhost mme[2826144]:                 criticality: 0 (reject)
Apr  4 21:40:06 localhost mme[2826144]:                 value: 49
Apr  4 21:40:06 localhost mme[2826144]:             }
Apr  4 21:40:06 localhost mme[2826144]:             PDUSessionResourceReleaseCommandIEs ::= {
Apr  4 21:40:06 localhost mme[2826144]:                 id: 85
Apr  4 21:40:06 localhost mme[2826144]:                 criticality: 0 (reject)
Apr  4 21:40:06 localhost mme[2826144]:                 value: 4294967295
Apr  4 21:40:06 localhost mme[2826144]:             }
Apr  4 21:40:06 localhost mme[2826144]:             PDUSessionResourceReleaseCommandIEs ::= {
Apr  4 21:40:06 localhost mme[2826144]:                 id: 38
Apr  4 21:40:06 localhost mme[2826144]:                 criticality: 0 (reject)
Apr  4 21:40:06 localhost mme[2826144]:                 value:
Apr  4 21:40:06 localhost mme[2826144]:                     7E 01 DD EE B8 88 03 7E 00 68 01 00 05 2E 01 01
Apr  4 21:40:06 localhost mme[2826144]:                     D3 24 12 01
Apr  4 21:40:06 localhost mme[2826144]:             }
Apr  4 21:40:06 localhost mme[2826144]:             PDUSessionResourceReleaseCommandIEs ::= {
Apr  4 21:40:06 localhost mme[2826144]:                 id: 79
Apr  4 21:40:06 localhost mme[2826144]:                 criticality: 0 (reject)
Apr  4 21:40:06 localhost mme[2826144]:                 value: PDUSessionResourceToReleaseListRelCmd ::= {
Apr  4 21:40:06 localhost mme[2826144]:                 }
Apr  4 21:40:06 localhost mme[2826144]:             }
Apr  4 21:40:06 localhost mme[2826144]:         }
Apr  4 21:40:06 localhost mme[2826144]:     }
Apr  4 21:40:06 localhost mme[2826144]: }
Apr  4 21:40:06 localhost sctpd[2825747]: I0404 21:40:06.598786 2826189 sctp_connection.cpp:195] Unhandled notification type 32777
Apr  4 21:40:06 localhost smsd[2825569]: INFO:root:mme non_eps_service_config is not SMS_ORC8R, sleeping.
Apr  4 21:40:10 localhost mobilityd[2825469]: INFO:root:Using GW info: {'default': {2: ('172.16.4.1', 'eth0')}, 2: [('172.16.4.1', 'eth0', True)]}
Apr  4 21:40:10 localhost mobilityd[2825469]: INFO:root:GW-v6 probe: timer started
Apr  4 21:40:11 localhost magmad[2825401]: INFO:root:[SyncRPC] Got heartBeat from cloud
Apr  4 21:40:11 localhost smsd[2825569]: INFO:root:mme non_eps_service_config is not SMS_ORC8R, sleeping.
Apr  4 21:40:11 localhost control_proxy[2825621]: 2022-04-04T21:40:11.619Z [127.0.0.1 -> state-controller.magmasi.wavelabs.in,8443] "POST /magma.orc8r.StateService/ReportStates HTTP/2" 200 5bytes 0.265s
Apr  4 21:40:16 localhost smsd[2825569]: INFO:root:mme non_eps_service_config is not SMS_ORC8R, sleeping.
Apr  4 21:40:16 localhost dhclient[601]: DHCPREQUEST for 172.16.5.121 on eth1 to 172.16.5.2 port 67 (xid=0x25c866c5)
Apr  4 21:40:21 localhost smsd[2825569]: INFO:root:mme non_eps_service_config is not SMS_ORC8R, sleeping.
Apr  4 21:40:24 localhost magmad[2825401]: INFO:root:Setting logging level to INFO
Apr  4 21:40:25 localhost sctpd[2825747]: I0404 21:40:25.275391 2826189 sctp_connection.cpp:195] Unhandled notification type 32776
Apr  4 21:40:26 localhost smsd[2825569]: INFO:root:mme non_eps_service_config is not SMS_ORC8R, sleeping.
Apr  4 21:40:30 localhost mobilityd[2825469]: INFO:root:Using GW info: {'default': {2: ('172.16.4.1', 'eth0')}, 2: [('172.16.4.1', 'eth0', True)]}
Apr  4 21:40:30 localhost mobilityd[2825469]: INFO:root:GW-v6 probe: timer started
Apr  4 21:40:31 localhost smsd[2825569]: INFO:root:mme non_eps_service_config is not SMS_ORC8R, sleeping.
Apr  4 21:40:34 localhost dhclient[601]: DHCPREQUEST for 172.16.5.121 on eth1 to 172.16.5.2 port 67 (xid=0x25c866c5)
Apr  4 21:40:34 localhost sctpd[2825747]: I0404 21:40:34.969890 2826189 sctp_connection.cpp:195] Unhandled notification type 32777
Apr  4 21:40:35 localhost sctpd[2825747]: I0404 21:40:35.207863 2826189 sctp_connection.cpp:195] Unhandled notification type 32777
Apr  4 21:40:35 localhost sessiond[2825478]: I0404 21:40:35.213411 2825478 SetMessageManagerHandler.cpp:142] Release request for session from IMSI: IMSI222700000000001 pdu_id 1
Apr  4 21:40:35 localhost mobilityd[2825469]: INFO:root:Released IP 192.168.128.95 for sid IMSI222700000000001
Apr  4 21:40:35 localhost sctpd[2825747]: I0404 21:40:35.330212 2826189 sctp_connection.cpp:195] Unhandled notification type 32777
Apr  4 21:40:35 localhost sctpd[2825747]: I0404 21:40:35.449589 2826189 sctp_connection.cpp:195] Unhandled notification type 32777
Apr  4 21:40:35 localhost mme[2826144]: [DEBUG] Sending S6A-UPDATE_LOCATION_REQUEST with IMSI: 222700000000001
Apr  4 21:40:35 localhost mme[2826144]: [INFO] Received S6A-LOCATION-UPDATE_ANSWER for IMSI: 222700000000001; Status: ; StatusCode: 2001
Apr  4 21:40:35 localhost mme[2826144]: [INFO] sent itti S6A-LOCATION-UPDATE_ANSWER for IMSI: 222700000000001
Apr  4 21:40:35 localhost sctpd[2825747]: I0404 21:40:35.656509 2826189 sctp_connection.cpp:195] Unhandled notification type 32777
Apr  4 21:40:36 localhost control_proxy[2825621]: 2022-04-04T21:40:35.588Z [127.0.0.1 -> streamer-controller.magmasi.wavelabs.in,8443] "POST /magma.orc8r.Streamer/GetUpdates HTTP/2" 200 173bytes 0.526s
Apr  4 21:40:36 localhost policydb[2825545]: INFO:root:Processing 4 policy updates (resync=True)
Apr  4 21:40:36 localhost control_proxy[2825621]: 2022-04-04T21:40:36.121Z [127.0.0.1 -> streamer-controller.magmasi.wavelabs.in,8443] "POST /magma.orc8r.Streamer/GetUpdates HTTP/2" 200 7bytes 0.273s
Apr  4 21:40:36 localhost policydb[2825545]: INFO:root:Processing 0 basename -> policy updates
Apr  4 21:40:36 localhost control_proxy[2825621]: 2022-04-04T21:40:36.121Z [127.0.0.1 -> streamer-controller.magmasi.wavelabs.in,8443] "POST /magma.orc8r.Streamer/GetUpdates HTTP/2" 200 13513bytes 0.318s
Apr  4 21:40:36 localhost policydb[2825545]: INFO:root:Processing 222 SID -> apn -> policy updates
Apr  4 21:40:36 localhost smsd[2825569]: INFO:root:mme non_eps_service_config is not SMS_ORC8R, sleeping.
Apr  4 21:40:36 localhost control_proxy[2825621]: 2022-04-04T21:40:36.121Z [127.0.0.1 -> streamer-controller.magmasi.wavelabs.in,8443] "POST /magma.orc8r.Streamer/GetUpdates HTTP/2" 200 7bytes 0.270s
Apr  4 21:40:36 localhost policydb[2825545]: INFO:root:Processing 0 rating group updates
Apr  4 21:40:40 localhost policydb[2825545]: INFO:root:Terminating session: IMSI222700000000001-885081
Apr  4 21:40:40 localhost eventd[2825559]: DEBUG:root:Logging event: stream_name: "sessiond"
Apr  4 21:40:40 localhost eventd[2825559]: event_type: "session_terminated"
Apr  4 21:40:40 localhost eventd[2825559]: tag: "IMSI222700000000001"
