Apr 27 00:53:01 localhost mme[3500735]:     procedureCode: 28
Apr 27 00:53:01 localhost mme[3500735]:     criticality: 1 (ignore)
Apr 27 00:53:01 localhost mme[3500735]:     value: PDUSessionResourceReleaseCommand ::= {
Apr 27 00:53:01 localhost mme[3500735]:         protocolIEs: ProtocolIE-Container ::= {
Apr 27 00:53:01 localhost mme[3500735]:             PDUSessionResourceReleaseCommandIEs ::= {
Apr 27 00:53:01 localhost mme[3500735]:                 id: 10
Apr 27 00:53:01 localhost mme[3500735]:                 criticality: 0 (reject)
Apr 27 00:53:01 localhost mme[3500735]:                 value: 63
Apr 27 00:53:01 localhost mme[3500735]:             }
Apr 27 00:53:01 localhost mme[3500735]:             PDUSessionResourceReleaseCommandIEs ::= {
Apr 27 00:53:01 localhost mme[3500735]:                 id: 85
Apr 27 00:53:01 localhost mme[3500735]:                 criticality: 0 (reject)
Apr 27 00:53:01 localhost mme[3500735]:                 value: 4294967295
Apr 27 00:53:01 localhost mme[3500735]:             }
Apr 27 00:53:01 localhost mme[3500735]:             PDUSessionResourceReleaseCommandIEs ::= {
Apr 27 00:53:01 localhost mme[3500735]:                 id: 38
Apr 27 00:53:01 localhost mme[3500735]:                 criticality: 0 (reject)
Apr 27 00:53:01 localhost mme[3500735]:                 value:
Apr 27 00:53:01 localhost mme[3500735]:                     7E 01 7D 27 2A D3 03 7E 00 68 01 00 05 2E 01 01
Apr 27 00:53:01 localhost mme[3500735]:                     D3 24 12 01
Apr 27 00:53:01 localhost mme[3500735]:             }
Apr 27 00:53:01 localhost mme[3500735]:             PDUSessionResourceReleaseCommandIEs ::= {
Apr 27 00:53:01 localhost mme[3500735]:                 id: 79
Apr 27 00:53:01 localhost mme[3500735]:                 criticality: 0 (reject)
Apr 27 00:53:01 localhost mme[3500735]:                 value: PDUSessionResourceToReleaseListRelCmd ::= {
Apr 27 00:53:01 localhost mme[3500735]:                 }
Apr 27 00:53:01 localhost mme[3500735]:             }
Apr 27 00:53:01 localhost mme[3500735]:         }
Apr 27 00:53:01 localhost mme[3500735]:     }
Apr 27 00:53:01 localhost mme[3500735]: }
Apr 27 00:53:02 localhost sctpd[3500334]: I0427 00:53:02.155700 3500778 sctp_connection.cpp:195] Unhandled notification type 32777
Apr 27 00:53:06 localhost smsd[3500148]: INFO:root:mme non_eps_service_config is not SMS_ORC8R, sleeping.
Apr 27 00:53:06 localhost control_proxy[3500225]: 2022-04-27T00:53:05.942Z [127.0.0.1 -> state-controller.magmasi.wavelabs.in,8443] "POST /magma.orc8r.StateService/ReportStates HTTP/2" 200 5bytes 0.517s
Apr 27 00:53:06 localhost magmad[3499983]: INFO:root:Checkin Successful! Successfully sent states to the cloud!
Apr 27 00:53:11 localhost smsd[3500148]: INFO:root:mme non_eps_service_config is not SMS_ORC8R, sleeping.
Apr 27 00:53:12 localhost sessiond[3500065]: I0427 00:53:12.118108 3500065 SetMessageManagerHandler.cpp:144] Release request for session from IMSI: IMSI222700000000001 pdu_id 1
Apr 27 00:53:12 localhost mobilityd[3500058]: DEBUG:root:Received ReleaseIPAddress
Apr 27 00:53:12 localhost mobilityd[3500058]: INFO:root:GRPC message:
Apr 27 00:53:12 localhost mobilityd[3500058]:   magma.lte.ReleaseIPRequest {
Apr 27 00:53:12 localhost mobilityd[3500058]:     "sid": {
Apr 27 00:53:12 localhost mobilityd[3500058]:       "id": "222700000000001"
Apr 27 00:53:12 localhost mobilityd[3500058]:     },
Apr 27 00:53:12 localhost mobilityd[3500058]:     "ip": {
Apr 27 00:53:12 localhost mobilityd[3500058]:       "address": "wKiA3A=="
Apr 27 00:53:12 localhost mobilityd[3500058]:     },
Apr 27 00:53:12 localhost mobilityd[3500058]:     "apn": "default"
Apr 27 00:53:12 localhost mobilityd[3500058]:   }
Apr 27 00:53:12 localhost mobilityd[3500058]: INFO:root:Released IP 192.168.128.220 for sid IMSI222700000000001
Apr 27 00:53:16 localhost dhclient[601]: DHCPREQUEST for 172.16.5.121 on eth1 to 172.16.5.2 port 67 (xid=0x1ea11b90)
Apr 27 00:53:16 localhost magmad[3499983]: ERROR:root:Metrics upload error for service subscriberdb (chunk 0)! [StatusCode.DEADLINE_EXCEEDED] Deadline Exceeded
Apr 27 00:53:16 localhost magmad[3499983]: ERROR:root:Metrics upload error for service mobilityd (chunk 0)! [StatusCode.DEADLINE_EXCEEDED] Deadline Exceeded
Apr 27 00:53:16 localhost magmad[3499983]: ERROR:root:Metrics upload error for service mme (chunk 0)! [StatusCode.DEADLINE_EXCEEDED] Deadline Exceeded
Apr 27 00:53:16 localhost magmad[3499983]: ERROR:root:Metrics upload error for service magmad (chunk 0)! [StatusCode.DEADLINE_EXCEEDED] Deadline Exceeded
Apr 27 00:53:16 localhost magmad[3499983]: ERROR:root:Metrics upload error for service enodebd (chunk 0)! [StatusCode.DEADLINE_EXCEEDED] Deadline Exceeded
Apr 27 00:53:16 localhost magmad[3499983]: ERROR:root:Metrics upload error for service pipelined (chunk 0)! [StatusCode.DEADLINE_EXCEEDED] Deadline Exceeded
Apr 27 00:53:16 localhost magmad[3499983]: ERROR:root:Metrics upload error for service state (chunk 0)! [StatusCode.DEADLINE_EXCEEDED] Deadline Exceeded
Apr 27 00:53:16 localhost magmad[3499983]: ERROR:root:Metrics upload error for service sessiond (chunk 0)! [StatusCode.DEADLINE_EXCEEDED] Deadline Exceeded
Apr 27 00:53:16 localhost smsd[3500148]: INFO:root:mme non_eps_service_config is not SMS_ORC8R, sleeping.
Apr 27 00:53:17 localhost policydb[3500134]: INFO:root:Terminating session: IMSI222700000000001-396190
Apr 27 00:53:17 localhost eventd[3500141]: DEBUG:root:Logging event: stream_name: "sessiond"
Apr 27 00:53:17 localhost eventd[3500141]: event_type: "session_terminated"
Apr 27 00:53:17 localhost eventd[3500141]: tag: "IMSI222700000000001"
Apr 27 00:53:17 localhost eventd[3500141]: value: "{\"mac_addr\":\"\",\"user_location\":\"\",\"spgw_ip\":\"\",\"imei\":\"\",\"record_sequence_number\":1,\"pdp_end_time\":0,\"charging_rx\":0,\"duration\":-1,\"ip_addr\":\"192.168.128.220\",\"monitoring_tx\":0,\"ipv6_addr\":\"\",\"msisdn\":\"\",\"apn\":\"default\",\"session_id\":\"IMSI222700000000001-396190\",\"list_of_service_data\":[],\"charging_characteristics\":\"\",\"total_tx\":0,\"cause_for_rec_closing\":0,\"imsi\":\"IMSI222700000000001\",\"total_rx\":0,\"monitoring_rx\":0,\"charging_tx\":0,\"pdp_start_time\":1}"
Apr 27 00:53:17 localhost eventd[3500141]: ERROR:root:Connection to FluentBit failed: [Errno 111] Connection refused
Apr 27 00:53:17 localhost eventd[3500141]: INFO:root:FluentBit (td-agent-bit) may not be enabled or configured correctly
Apr 27 00:53:17 localhost sessiond[3500065]: I0427 00:53:17.130964 3500094 SessionEvents.cpp:292] Could not log session_terminated event {"mac_addr":"","user_location":"","spgw_ip":"","imei":"","record_sequence_number":1,"pdp_end_time":0,"charging_rx":0,"duration":-1,"ip_addr":"192.168.128.220","monitoring_tx":0,"ipv6_addr":"","msisdn":"","apn":"default","session_id":"IMSI222700000000001-396190","list_of_service_data":[],"charging_characteristics":"","total_tx":0,"cause_for_rec_closing":0,"imsi":"IMSI222700000000001","total_rx":0,"monitoring_rx":0,"charging_tx":0,"pdp_start_time":1}, Error Message: Could not connect to FluentBit locally, Details: [Errno 111] Connection refused
Apr 27 00:53:17 localhost mobilityd[3500058]: INFO:root:Using GW info: {'default': {2: ('172.16.4.1', 'eth0')}, 2: [('172.16.4.1', 'eth0', True)]}
Apr 27 00:53:17 localhost mobilityd[3500058]: INFO:root:GW-v6 probe: timer started
Apr 27 00:53:17 localhost magmad[3499983]: INFO:root:[SyncRPC] Got heartBeat from cloud
Apr 27 00:53:18 localhost control_proxy[3500225]: 2022-04-27T00:53:18.204Z [127.0.0.1 -> state-controller.magmasi.wavelabs.in,8443] "POST /magma.orc8r.StateService/ReportStates HTTP/2" 200 5bytes 0.267s
Apr 27 00:53:21 localhost smsd[3500148]: INFO:root:mme non_eps_service_config is not SMS_ORC8R, sleeping.
Apr 27 00:53:26 localhost smsd[3500148]: INFO:root:mme non_eps_service_config is not SMS_ORC8R, sleeping.
Apr 27 00:53:26 localhost dhclient[601]: DHCPREQUEST for 172.16.5.121 on eth1 to 172.16.5.2 port 67 (xid=0x1ea11b90)
Apr 27 00:53:27 localhost mobilityd[3500058]: DEBUG:root:Release Reaped IP: <mobilityd.IPDesc {ip: 192.168.128.220, ip_block: 192.168.128.0/24, state: IPState.FREE, sid: IMSI222700000000001.default,ipv4, type: IPType.IP_POOL }}>
Apr 27 00:53:31 localhost smsd[3500148]: INFO:root:mme non_eps_service_config is not SMS_ORC8R, sleeping.
Apr 27 00:53:32 localhost sctpd[3500334]: I0427 00:53:32.400075 3500778 sctp_connection.cpp:195] Unhandled notification type 32776
Apr 27 00:53:33 localhost sctpd[3500334]: I0427 00:53:33.460547 3500778 sctp_connection.cpp:195] Unhandled notification type 32777
Apr 27 00:53:36 localhost smsd[3500148]: INFO:root:mme non_eps_service_config is not SMS_ORC8R, sleeping.
Apr 27 00:53:37 localhost mobilityd[3500058]: INFO:root:Using GW info: {'default': {2: ('172.16.4.1', 'eth0')}, 2: [('172.16.4.1', 'eth0', True)]}
Apr 27 00:53:37 localhost mobilityd[3500058]: INFO:root:GW-v6 probe: timer started
Apr 27 00:53:41 localhost smsd[3500148]: INFO:root:mme non_eps_service_config is not SMS_ORC8R, sleeping.
Apr 27 00:53:44 localhost dhclient[601]: DHCPREQUEST for 172.16.5.121 on eth1 to 172.16.5.2 port 67 (xid=0x1ea11b90)
Apr 27 00:53:46 localhost smsd[3500148]: INFO:root:mme non_eps_service_config is not SMS_ORC8R, sleeping.
Apr 27 00:53:51 localhost smsd[3500148]: INFO:root:mme non_eps_service_config is not SMS_ORC8R, sleeping.
Apr 27 00:53:51 localhost dhclient[601]: DHCPREQUEST for 172.16.5.121 on eth1 to 172.16.5.2 port 67 (xid=0x1ea11b90)
Apr 27 00:53:54 localhost control_proxy[3500225]: 2022-04-27T00:53:53.822Z [127.0.0.1 -> streamer-controller.magmasi.wavelabs.in,8443] "POST /magma.orc8r.Streamer/GetUpdates HTTP/2" 200 173bytes 0.520s
Apr 27 00:53:54 localhost policydb[3500134]: INFO:root:Processing 4 policy updates (resync=True)
Apr 27 00:53:54 localhost control_proxy[3500225]: 2022-04-27T00:53:54.346Z [127.0.0.1 -> streamer-controller.magmasi.wavelabs.in,8443] "POST /magma.orc8r.Streamer/GetUpdates HTTP/2" 200 7bytes 0.262s
Apr 27 00:53:54 localhost policydb[3500134]: INFO:root:Processing 0 basename -> policy updates
Apr 27 00:53:54 localhost control_proxy[3500225]: 2022-04-27T00:53:54.346Z [127.0.0.1 -> streamer-controller.magmasi.wavelabs.in,8443] "POST /magma.orc8r.Streamer/GetUpdates HTTP/2" 200 13536bytes 0.293s
Apr 27 00:53:54 localhost policydb[3500134]: INFO:root:Processing 223 SID -> apn -> policy updates
Apr 27 00:53:55 localhost control_proxy[3500225]: 2022-04-27T00:53:54.346Z [127.0.0.1 -> streamer-controller.magmasi.wavelabs.in,8443] "POST /magma.orc8r.Streamer/GetUpdates HTTP/2" 200 7bytes 0.267s
Apr 27 00:53:55 localhost policydb[3500134]: INFO:root:Processing 0 rating group updates
Apr 27 00:53:56 localhost smsd[3500148]: INFO:root:mme non_eps_service_config is not SMS_ORC8R, sleeping.
Apr 27 00:53:57 localhost mobilityd[3500058]: INFO:root:Using GW info: {'default': {2: ('172.16.4.1', 'eth0')}, 2: [('172.16.4.1', 'eth0', True)]}
Apr 27 00:53:57 localhost mobilityd[3500058]: INFO:root:GW-v6 probe: timer started
Apr 27 00:53:58 localhost dhclient[601]: DHCPREQUEST for 172.16.5.121 on eth1 to 172.16.5.2 port 67 (xid=0x1ea11b90)
Apr 27 00:53:58 localhost sctpd[3500334]: I0427 00:53:58.478503 3500778 sctp_connection.cpp:195] Unhandled notification type 32776
Apr 27 00:54:01 localhost smsd[3500148]: INFO:root:mme non_eps_service_config is not SMS_ORC8R, sleeping.
Apr 27 00:54:06 localhost smsd[3500148]: INFO:root:mme non_eps_service_config is not SMS_ORC8R, sleeping.
Apr 27 00:54:06 localhost magmad[3499983]: INFO:root:Setting logging level to INFO
Apr 27 00:54:08 localhost sctpd[3500334]: I0427 00:54:08.493619 3500778 sctp_connection.cpp:195] Unhandled notification type 32777
Apr 27 00:54:09 localhost dhclient[601]: DHCPREQUEST for 172.16.5.121 on eth1 to 172.16.5.2 port 67 (xid=0x1ea11b90)
Apr 27 00:54:11 localhost smsd[3500148]: INFO:root:mme non_eps_service_config is not SMS_ORC8R, sleeping.
Apr 27 00:54:11 localhost sctpd[3500334]: I0427 00:54:11.778923 3500778 sctp_connection.cpp:195] Unhandled notification type 32777
Apr 27 00:54:16 localhost smsd[3500148]: INFO:root:mme non_eps_service_config is not SMS_ORC8R, sleeping.
Apr 27 00:54:17 localhost mobilityd[3500058]: INFO:root:Using GW info: {'default': {2: ('172.16.4.1', 'eth0')}, 2: [('172.16.4.1', 'eth0', True)]}
Apr 27 00:54:17 localhost mobilityd[3500058]: INFO:root:GW-v6 probe: timer started
Apr 27 00:54:17 localhost magmad[3499983]: INFO:root:[SyncRPC] Got heartBeat from cloud
Apr 27 00:54:19 localhost control_proxy[3500225]: 2022-04-27T00:53:19.425Z [127.0.0.1 -> streamer-controller.magmasi.wavelabs.in,8443] "POST /magma.orc8r.Streamer/GetUpdates HTTP/2" 200 0bytes 60.255s
Apr 27 00:54:19 localhost magmad[3499983]: ERROR:root:Error! Streaming from the cloud failed! [StatusCode.ABORTED] error while streaming updates: rpc error: code = DeadlineExceeded desc = context deadline exceeded
Apr 27 00:54:21 localhost smsd[3500148]: INFO:root:mme non_eps_service_config is not SMS_ORC8R, sleeping.
Apr 27 00:54:23 localhost dhclient[601]: DHCPREQUEST for 172.16.5.121 on eth1 to 172.16.5.2 port 67 (xid=0x1ea11b90)
Apr 27 00:54:25 localhost magmad[3499983]: ERROR:root:Metrics upload error for service subscriberdb (chunk 0)! [StatusCode.DEADLINE_EXCEEDED] Deadline Exceeded
Apr 27 00:54:25 localhost magmad[3499983]: ERROR:root:Metrics upload error for service mobilityd (chunk 0)! [StatusCode.DEADLINE_EXCEEDED] Deadline Exceeded
Apr 27 00:54:25 localhost magmad[3499983]: ERROR:root:Metrics upload error for service mme (chunk 0)! [StatusCode.DEADLINE_EXCEEDED] Deadline Exceeded
Apr 27 00:54:25 localhost magmad[3499983]: ERROR:root:Metrics upload error for service magmad (chunk 0)! [StatusCode.DEADLINE_EXCEEDED] Deadline Exceeded
Apr 27 00:54:25 localhost magmad[3499983]: ERROR:root:Metrics upload error for service enodebd (chunk 0)! [StatusCode.DEADLINE_EXCEEDED] Deadline Exceeded
Apr 27 00:54:25 localhost magmad[3499983]: ERROR:root:Metrics upload error for service pipelined (chunk 0)! [StatusCode.DEADLINE_EXCEEDED] Deadline Exceeded
Apr 27 00:54:25 localhost magmad[3499983]: ERROR:root:Metrics upload error for service state (chunk 0)! [StatusCode.DEADLINE_EXCEEDED] Deadline Exceeded
Apr 27 00:54:25 localhost magmad[3499983]: ERROR:root:Metrics upload error for service sessiond (chunk 0)! [StatusCode.DEADLINE_EXCEEDED] Deadline Exceeded
Apr 27 00:54:25 localhost magmad[3499983]: INFO:root:Checking for upgrade...
Apr 27 00:54:25 localhost magmad[3499983]: WARNING:root:magmad package_version config missing or set to default 0.0.0-0, skipping upgrade
Apr 27 00:54:25 localhost control_proxy[3500225]: 2022-04-27T00:54:25.434Z [127.0.0.1 -> state-controller.magmasi.wavelabs.in,8443] "POST /magma.orc8r.StateService/ReportStates HTTP/2" 200 5bytes 0.504s
Apr 27 00:54:25 localhost magmad[3499983]: INFO:root:Checkin Successful! Successfully sent states to the cloud!
Apr 27 00:54:26 localhost smsd[3500148]: INFO:root:mme non_eps_service_config is not SMS_ORC8R, sleeping.
Apr 27 00:54:31 localhost smsd[3500148]: INFO:root:mme non_eps_service_config is not SMS_ORC8R, sleeping.
Apr 27 00:54:33 localhost sctpd[3500334]: I0427 00:54:33.577098 3500778 sctp_connection.cpp:195] Unhandled notification type 32776
Apr 27 00:54:33 localhost dhclient[601]: DHCPREQUEST for 172.16.5.121 on eth1 to 172.16.5.2 port 67 (xid=0x1ea11b90)
Apr 27 00:54:34 localhost sctpd[3500334]: I0427 00:54:34.634299 3500778 sctp_connection.cpp:195] Unhandled notification type 32777
Apr 27 00:54:36 localhost smsd[3500148]: INFO:root:mme non_eps_service_config is not SMS_ORC8R, sleeping.
Apr 27 00:54:37 localhost mobilityd[3500058]: INFO:root:Using GW info: {'default': {2: ('172.16.4.1', 'eth0')}, 2: [('172.16.4.1', 'eth0', True)]}
Apr 27 00:54:37 localhost mobilityd[3500058]: INFO:root:GW-v6 probe: timer started
Apr 27 00:54:41 localhost smsd[3500148]: INFO:root:mme non_eps_service_config is not SMS_ORC8R, sleeping.
Apr 27 00:54:46 localhost smsd[3500148]: INFO:root:mme non_eps_service_config is not SMS_ORC8R, sleeping.
Apr 27 00:54:47 localhost dhclient[601]: DHCPREQUEST for 172.16.5.121 on eth1 to 172.16.5.2 port 67 (xid=0x1ea11b90)
Apr 27 00:54:51 localhost smsd[3500148]: INFO:root:mme non_eps_service_config is not SMS_ORC8R, sleeping.
Apr 27 00:54:55 localhost control_proxy[3500225]: 2022-04-27T00:54:55.241Z [127.0.0.1 -> streamer-controller.magmasi.wavelabs.in,8443] "POST /magma.orc8r.Streamer/GetUpdates HTTP/2" 200 173bytes 0.514s
Apr 27 00:54:55 localhost policydb[3500134]: INFO:root:Processing 4 policy updates (resync=True)
Apr 27 00:54:56 localhost control_proxy[3500225]: 2022-04-27T00:54:55.241Z [127.0.0.1 -> streamer-controller.magmasi.wavelabs.in,8443] "POST /magma.orc8r.Streamer/GetUpdates HTTP/2" 200 7bytes 0.265s
Apr 27 00:54:56 localhost policydb[3500134]: INFO:root:Processing 0 basename -> policy updates
Apr 27 00:54:56 localhost control_proxy[3500225]: 2022-04-27T00:54:56.029Z [127.0.0.1 -> streamer-controller.magmasi.wavelabs.in,8443] "POST /magma.orc8r.Streamer/GetUpdates HTTP/2" 200 13536bytes 0.292s
Apr 27 00:54:56 localhost policydb[3500134]: INFO:root:Processing 223 SID -> apn -> policy updates
Apr 27 00:54:56 localhost sctpd[3500334]: I0427 00:54:56.581383 3500778 sctp_connection.cpp:195] Unhandled notification type 32776
Apr 27 00:54:56 localhost control_proxy[3500225]: 2022-04-27T00:54:56.029Z [127.0.0.1 -> streamer-controller.magmasi.wavelabs.in,8443] "POST /magma.orc8r.Streamer/GetUpdates HTTP/2" 200 7bytes 0.259s
Apr 27 00:54:56 localhost policydb[3500134]: INFO:root:Processing 0 rating group updates
Apr 27 00:54:56 localhost smsd[3500148]: INFO:root:mme non_eps_service_config is not SMS_ORC8R, sleeping.
Apr 27 00:54:57 localhost mobilityd[3500058]: INFO:root:Using GW info: {'default': {2: ('172.16.4.1', 'eth0')}, 2: [('172.16.4.1', 'eth0', True)]}
Apr 27 00:54:57 localhost mobilityd[3500058]: INFO:root:GW-v6 probe: timer started
Apr 27 00:54:57 localhost sctpd[3500334]: I0427 00:54:57.643186 3500778 sctp_connection.cpp:195] Unhandled notification type 32777
Apr 27 00:54:59 localhost dhclient[601]: DHCPREQUEST for 172.16.5.121 on eth1 to 172.16.5.2 port 67 (xid=0x1ea11b90)
Apr 27 00:55:02 localhost smsd[3500148]: INFO:root:mme non_eps_service_config is not SMS_ORC8R, sleeping.
Apr 27 00:55:07 localhost smsd[3500148]: INFO:root:mme non_eps_service_config is not SMS_ORC8R, sleeping.
Apr 27 00:55:10 localhost dhclient[601]: DHCPREQUEST for 172.16.5.121 on eth1 to 172.16.5.2 port 67 (xid=0x1ea11b90)
Apr 27 00:55:12 localhost smsd[3500148]: INFO:root:mme non_eps_service_config is not SMS_ORC8R, sleeping.
Apr 27 00:55:16 localhost magmad[3499983]: ERROR:root:Metrics upload error for service subscriberdb (chunk 0)! [StatusCode.DEADLINE_EXCEEDED] Deadline Exceeded
Apr 27 00:55:16 localhost magmad[3499983]: ERROR:root:Metrics upload error for service mobilityd (chunk 0)! [StatusCode.DEADLINE_EXCEEDED] Deadline Exceeded
Apr 27 00:55:16 localhost magmad[3499983]: ERROR:root:Metrics upload error for service mme (chunk 0)! [StatusCode.DEADLINE_EXCEEDED] Deadline Exceeded
Apr 27 00:55:16 localhost magmad[3499983]: ERROR:root:Metrics upload error for service magmad (chunk 0)! [StatusCode.DEADLINE_EXCEEDED] Deadline Exceeded
Apr 27 00:55:16 localhost magmad[3499983]: ERROR:root:Metrics upload error for service enodebd (chunk 0)! [StatusCode.DEADLINE_EXCEEDED] Deadline Exceeded
Apr 27 00:55:16 localhost magmad[3499983]: ERROR:root:Metrics upload error for service pipelined (chunk 0)! [StatusCode.DEADLINE_EXCEEDED] Deadline Exceeded
Apr 27 00:55:16 localhost magmad[3499983]: ERROR:root:Metrics upload error for service state (chunk 0)! [StatusCode.DEADLINE_EXCEEDED] Deadline Exceeded
Apr 27 00:55:16 localhost magmad[3499983]: ERROR:root:Metrics upload error for service sessiond (chunk 0)! [StatusCode.DEADLINE_EXCEEDED] Deadline Exceeded
Apr 27 00:55:17 localhost smsd[3500148]: INFO:root:mme non_eps_service_config is not SMS_ORC8R, sleeping.
Apr 27 00:55:17 localhost mobilityd[3500058]: INFO:root:Using GW info: {'default': {2: ('172.16.4.1', 'eth0')}, 2: [('172.16.4.1', 'eth0', True)]}
Apr 27 00:55:17 localhost mobilityd[3500058]: INFO:root:GW-v6 probe: timer started
Apr 27 00:55:17 localhost magmad[3499983]: INFO:root:[SyncRPC] Got heartBeat from cloud
Apr 27 00:55:18 localhost dhclient[601]: DHCPREQUEST for 172.16.5.121 on eth1 to 172.16.5.2 port 67 (xid=0x1ea11b90)
Apr 27 00:55:19 localhost sctpd[3500334]: I0427 00:55:19.673810 3500778 sctp_connection.cpp:195] Unhandled notification type 32776
Apr 27 00:55:22 localhost smsd[3500148]: INFO:root:mme non_eps_service_config is not SMS_ORC8R, sleeping.
Apr 27 00:55:26 localhost magmad[3499983]: INFO:root:Setting logging level to INFO
Apr 27 00:55:27 localhost smsd[3500148]: INFO:root:mme non_eps_service_config is not SMS_ORC8R, sleeping.
Apr 27 00:55:29 localhost sctpd[3500334]: I0427 00:55:29.748108 3500778 sctp_connection.cpp:195] Unhandled notification type 32777
Apr 27 00:55:32 localhost smsd[3500148]: INFO:root:mme non_eps_service_config is not SMS_ORC8R, sleeping.
Apr 27 00:55:33 localhost sctpd[3500334]: I0427 00:55:33.030124 3500778 sctp_connection.cpp:195] Unhandled notification type 32777
Apr 27 00:55:34 localhost dhclient[601]: DHCPREQUEST for 172.16.5.121 on eth1 to 172.16.5.2 port 67 (xid=0x1ea11b90)
Apr 27 00:55:37 localhost smsd[3500148]: INFO:root:mme non_eps_service_config is not SMS_ORC8R, sleeping.
Apr 27 00:55:37 localhost mobilityd[3500058]: INFO:root:Using GW info: {'default': {2: ('172.16.4.1', 'eth0')}, 2: [('172.16.4.1', 'eth0', True)]}
Apr 27 00:55:37 localhost mobilityd[3500058]: INFO:root:GW-v6 probe: timer started
Apr 27 00:55:42 localhost smsd[3500148]: INFO:root:mme non_eps_service_config is not SMS_ORC8R, sleeping.
Apr 27 00:55:45 localhost control_proxy[3500225]: 2022-04-27T00:55:45.010Z [127.0.0.1 -> state-controller.magmasi.wavelabs.in,8443] "POST /magma.orc8r.StateService/ReportStates HTTP/2" 200 5bytes 0.514s
Apr 27 00:55:45 localhost magmad[3499983]: INFO:root:Checkin Successful! Successfully sent states to the cloud!
Apr 27 00:55:47 localhost smsd[3500148]: INFO:root:mme non_eps_service_config is not SMS_ORC8R, sleeping.
Apr 27 00:55:50 localhost dhclient[601]: DHCPREQUEST for 172.16.5.121 on eth1 to 172.16.5.2 port 67 (xid=0x1ea11b90)
Apr 27 00:55:52 localhost smsd[3500148]: INFO:root:mme non_eps_service_config is not SMS_ORC8R, sleeping.
Apr 27 00:55:55 localhost sctpd[3500334]: I0427 00:55:55.354125 3500778 sctp_connection.cpp:195] Unhandled notification type 32776
Apr 27 00:55:55 localhost sctpd[3500334]: I0427 00:55:55.491787 3500778 sctp_connection.cpp:195] Unhandled notification type 32776
Apr 27 00:55:56 localhost sctpd[3500334]: I0427 00:55:56.557695 3500778 sctp_connection.cpp:195] Unhandled notification type 32777
Apr 27 00:55:56 localhost sctpd[3500334]: I0427 00:55:56.664420 3500778 sctp_connection.cpp:195] Unhandled notification type 32777
Apr 27 00:55:57 localhost control_proxy[3500225]: 2022-04-27T00:55:56.652Z [127.0.0.1 -> streamer-controller.magmasi.wavelabs.in,8443] "POST /magma.orc8r.Streamer/GetUpdates HTTP/2" 200 173bytes 0.519s
Apr 27 00:55:57 localhost policydb[3500134]: INFO:root:Processing 4 policy updates (resync=True)
Apr 27 00:55:57 localhost smsd[3500148]: INFO:root:mme non_eps_service_config is not SMS_ORC8R, sleeping.
Apr 27 00:55:57 localhost control_proxy[3500225]: 2022-04-27T00:55:57.175Z [127.0.0.1 -> streamer-controller.magmasi.wavelabs.in,8443] "POST /magma.orc8r.Streamer/GetUpdates HTTP/2" 200 7bytes 0.267s
Apr 27 00:55:57 localhost policydb[3500134]: INFO:root:Processing 0 basename -> policy updates
Apr 27 00:55:57 localhost mobilityd[3500058]: INFO:root:Using GW info: {'default': {2: ('172.16.4.1', 'eth0')}, 2: [('172.16.4.1', 'eth0', True)]}
Apr 27 00:55:57 localhost mobilityd[3500058]: INFO:root:GW-v6 probe: timer started
Apr 27 00:55:57 localhost control_proxy[3500225]: 2022-04-27T00:55:57.175Z [127.0.0.1 -> streamer-controller.magmasi.wavelabs.in,8443] "POST /magma.orc8r.Streamer/GetUpdates HTTP/2" 200 13536bytes 0.292s
Apr 27 00:55:57 localhost policydb[3500134]: INFO:root:Processing 223 SID -> apn -> policy updates
Apr 27 00:55:58 localhost control_proxy[3500225]: 2022-04-27T00:55:57.175Z [127.0.0.1 -> streamer-controller.magmasi.wavelabs.in,8443] "POST /magma.orc8r.Streamer/GetUpdates HTTP/2" 200 7bytes 0.265s
Apr 27 00:55:58 localhost policydb[3500134]: INFO:root:Processing 0 rating group updates
Apr 27 00:56:02 localhost smsd[3500148]: INFO:root:mme non_eps_service_config is not SMS_ORC8R, sleeping.
Apr 27 00:56:07 localhost smsd[3500148]: INFO:root:mme non_eps_service_config is not SMS_ORC8R, sleeping.
Apr 27 00:56:08 localhost dhclient[601]: DHCPREQUEST for 172.16.5.121 on eth1 to 172.16.5.2 port 67 (xid=0x1ea11b90)
Apr 27 00:56:12 localhost smsd[3500148]: INFO:root:mme non_eps_service_config is not SMS_ORC8R, sleeping.
Apr 27 00:56:16 localhost magmad[3499983]: ERROR:root:Metrics upload error for service subscriberdb (chunk 0)! [StatusCode.DEADLINE_EXCEEDED] Deadline Exceeded
Apr 27 00:56:16 localhost magmad[3499983]: ERROR:root:Metrics upload error for service mobilityd (chunk 0)! [StatusCode.DEADLINE_EXCEEDED] Deadline Exceeded
Apr 27 00:56:16 localhost magmad[3499983]: ERROR:root:Metrics upload error for service mme (chunk 0)! [StatusCode.DEADLINE_EXCEEDED] Deadline Exceeded
Apr 27 00:56:16 localhost magmad[3499983]: ERROR:root:Metrics upload error for service magmad (chunk 0)! [StatusCode.DEADLINE_EXCEEDED] Deadline Exceeded
Apr 27 00:56:16 localhost magmad[3499983]: ERROR:root:Metrics upload error for service enodebd (chunk 0)! [StatusCode.DEADLINE_EXCEEDED] Deadline Exceeded
Apr 27 00:56:16 localhost magmad[3499983]: ERROR:root:Metrics upload error for service pipelined (chunk 0)! [StatusCode.DEADLINE_EXCEEDED] Deadline Exceeded
Apr 27 00:56:16 localhost magmad[3499983]: ERROR:root:Metrics upload error for service state (chunk 0)! [StatusCode.DEADLINE_EXCEEDED] Deadline Exceeded
Apr 27 00:56:16 localhost magmad[3499983]: ERROR:root:Metrics upload error for service sessiond (chunk 0)! [StatusCode.DEADLINE_EXCEEDED] Deadline Exceeded
Apr 27 00:56:17 localhost smsd[3500148]: INFO:root:mme non_eps_service_config is not SMS_ORC8R, sleeping.
Apr 27 00:56:17 localhost mobilityd[3500058]: INFO:root:Using GW info: {'default': {2: ('172.16.4.1', 'eth0')}, 2: [('172.16.4.1', 'eth0', True)]}
Apr 27 00:56:17 localhost mobilityd[3500058]: INFO:root:GW-v6 probe: timer started
Apr 27 00:56:17 localhost magmad[3499983]: INFO:root:[SyncRPC] Got heartBeat from cloud
Apr 27 00:56:18 localhost sctpd[3500334]: I0427 00:56:18.822293 3500778 sctp_connection.cpp:195] Unhandled notification type 32776
Apr 27 00:56:19 localhost sctpd[3500334]: I0427 00:56:19.881585 3500778 sctp_connection.cpp:195] Unhandled notification type 32777
Apr 27 00:56:19 localhost control_proxy[3500225]: 2022-04-27T00:55:19.722Z [127.0.0.1 -> streamer-controller.magmasi.wavelabs.in,8443] "POST /magma.orc8r.Streamer/GetUpdates HTTP/2" 200 0bytes 60.259s
Apr 27 00:56:19 localhost magmad[3499983]: ERROR:root:Error! Streaming from the cloud failed! [StatusCode.ABORTED] error while streaming updates: rpc error: code = DeadlineExceeded desc = context deadline exceeded
Apr 27 00:56:22 localhost smsd[3500148]: INFO:root:mme non_eps_service_config is not SMS_ORC8R, sleeping.
Apr 27 00:56:26 localhost subscriberdb[3500051]: INFO:root:get digest stored in gateway:
Apr 27 00:56:27 localhost control_proxy[3500225]: 2022-04-27T00:56:26.911Z [127.0.0.1 -> subscriberdb-controller.magmasi.wavelabs.in,8443] "POST /magma.lte.SubscriberDBCloud/CheckInSync HTTP/2" 200 0bytes 0.496s
Apr 27 00:56:27 localhost subscriberdb[3500051]: ERROR:root:Internal Error in subscriberdb-Orc8r communication. If AGW and Orc8r are deployed at a commit hash, upgrade AGW and Orc8r to latest commit hash.
Apr 27 00:56:27 localhost smsd[3500148]: INFO:root:mme non_eps_service_config is not SMS_ORC8R, sleeping.
Apr 27 00:56:27 localhost control_proxy[3500225]: 2022-04-27T00:56:27.411Z [127.0.0.1 -> subscriberdb-controller.magmasi.wavelabs.in,8443] "POST /magma.lte.SubscriberDBCloud/Sync HTTP/2" 200 0bytes 0.257s
Apr 27 00:56:27 localhost subscriberdb[3500051]: ERROR:root:Internal Error in subscriberdb-Orc8r communication. If AGW and Orc8r are deployed at a commit hash, upgrade AGW and Orc8r to latest commit hash.
Apr 27 00:56:27 localhost dhclient[601]: DHCPREQUEST for 172.16.5.121 on eth1 to 172.16.5.2 port 67 (xid=0x1ea11b90)
Apr 27 00:56:27 localhost control_proxy[3500225]: 2022-04-27T00:56:27.411Z [127.0.0.1 -> subscriberdb-controller.magmasi.wavelabs.in,8443] "POST /magma.lte.SubscriberDBCloud/ListSubscribers HTTP/2" 200 44180bytes 0.322s
Apr 27 00:56:28 localhost subscriberdb[3500051]: INFO:root:Successfully fetched all subscriber pages from the cloud!
Apr 27 00:56:28 localhost subscriberdb[3500051]: INFO:root:update root digest stored in gateway:
Apr 27 00:56:32 localhost smsd[3500148]: INFO:root:mme non_eps_service_config is not SMS_ORC8R, sleeping.
Apr 27 00:56:37 localhost mobilityd[3500058]: INFO:root:Using GW info: {'default': {2: ('172.16.4.1', 'eth0')}, 2: [('172.16.4.1', 'eth0', True)]}
Apr 27 00:56:37 localhost mobilityd[3500058]: INFO:root:GW-v6 probe: timer started
Apr 27 00:56:37 localhost smsd[3500148]: INFO:root:mme non_eps_service_config is not SMS_ORC8R, sleeping.
Apr 27 00:56:41 localhost dhclient[601]: DHCPREQUEST for 172.16.5.121 on eth1 to 172.16.5.2 port 67 (xid=0x1ea11b90)
Apr 27 00:56:42 localhost sctpd[3500334]: I0427 00:56:42.119925 3500778 sctp_connection.cpp:195] Unhandled notification type 32776
Apr 27 00:56:42 localhost smsd[3500148]: INFO:root:mme non_eps_service_config is not SMS_ORC8R, sleeping.
Apr 27 00:56:43 localhost sctpd[3500334]: I0427 00:56:43.181517 3500778 sctp_connection.cpp:195] Unhandled notification type 32777
Apr 27 00:56:46 localhost magmad[3499983]: INFO:root:Setting logging level to INFO
Apr 27 00:56:47 localhost smsd[3500148]: INFO:root:mme non_eps_service_config is not SMS_ORC8R, sleeping.
Apr 27 00:56:52 localhost smsd[3500148]: INFO:root:mme non_eps_service_config is not SMS_ORC8R, sleeping.
Apr 27 00:56:57 localhost mobilityd[3500058]: INFO:root:Using GW info: {'default': {2: ('172.16.4.1', 'eth0')}, 2: [('172.16.4.1', 'eth0', True)]}
Apr 27 00:56:57 localhost mobilityd[3500058]: INFO:root:GW-v6 probe: timer started
Apr 27 00:56:57 localhost smsd[3500148]: INFO:root:mme non_eps_service_config is not SMS_ORC8R, sleeping.
Apr 27 00:56:58 localhost control_proxy[3500225]: 2022-04-27T00:56:58.064Z [127.0.0.1 -> streamer-controller.magmasi.wavelabs.in,8443] "POST /magma.orc8r.Streamer/GetUpdates HTTP/2" 200 173bytes 0.533s
Apr 27 00:56:58 localhost policydb[3500134]: INFO:root:Processing 4 policy updates (resync=True)
Apr 27 00:56:58 localhost control_proxy[3500225]: 2022-04-27T00:56:58.064Z [127.0.0.1 -> streamer-controller.magmasi.wavelabs.in,8443] "POST /magma.orc8r.Streamer/GetUpdates HTTP/2" 200 7bytes 0.271s
Apr 27 00:56:58 localhost policydb[3500134]: INFO:root:Processing 0 basename -> policy updates
Apr 27 00:56:59 localhost control_proxy[3500225]: 2022-04-27T00:56:58.064Z [127.0.0.1 -> streamer-controller.magmasi.wavelabs.in,8443] "POST /magma.orc8r.Streamer/GetUpdates HTTP/2" 200 13536bytes 0.323s
Apr 27 00:56:59 localhost policydb[3500134]: INFO:root:Processing 223 SID -> apn -> policy updates
Apr 27 00:56:59 localhost dhclient[601]: DHCPREQUEST for 172.16.5.121 on eth1 to 172.16.5.2 port 67 (xid=0x1ea11b90)
Apr 27 00:56:59 localhost control_proxy[3500225]: 2022-04-27T00:56:59.207Z [127.0.0.1 -> streamer-controller.magmasi.wavelabs.in,8443] "POST /magma.orc8r.Streamer/GetUpdates HTTP/2" 200 7bytes 0.259s
Apr 27 00:56:59 localhost policydb[3500134]: INFO:root:Processing 0 rating group updates
Apr 27 00:56:59 localhost systemd[1]: session-5050.scope: Succeeded.
Apr 27 00:57:02 localhost smsd[3500148]: INFO:root:mme non_eps_service_config is not SMS_ORC8R, sleeping.
Apr 27 00:57:05 localhost sctpd[3500334]: I0427 00:57:05.298625 3500778 sctp_connection.cpp:195] Unhandled notification type 32776
Apr 27 00:57:05 localhost control_proxy[3500225]: 2022-04-27T00:57:04.546Z [127.0.0.1 -> state-controller.magmasi.wavelabs.in,8443] "POST /magma.orc8r.StateService/ReportStates HTTP/2" 200 5bytes 0.608s
Apr 27 00:57:05 localhost magmad[3499983]: INFO:root:Checkin Successful! Successfully sent states to the cloud!
Apr 27 00:57:06 localhost sctpd[3500334]: I0427 00:57:06.354843 3500778 sctp_connection.cpp:195] Unhandled notification type 32777
Apr 27 00:57:07 localhost smsd[3500148]: INFO:root:mme non_eps_service_config is not SMS_ORC8R, sleeping.
Apr 27 00:57:09 localhost systemd[1]: Stopping User Manager for UID 1000...
Apr 27 00:57:09 localhost systemd[3492912]: Stopped target Main User Target.
Apr 27 00:57:09 localhost systemd[3492912]: Stopped target Basic System.
Apr 27 00:57:09 localhost systemd[3492912]: Stopped target Paths.
Apr 27 00:57:09 localhost systemd[3492912]: Stopped target Sockets.
Apr 27 00:57:09 localhost systemd[3492912]: Stopped target Timers.
Apr 27 00:57:09 localhost systemd[3492912]: dbus.socket: Succeeded.
Apr 27 00:57:09 localhost systemd[3492912]: Closed D-Bus User Message Bus Socket.
Apr 27 00:57:09 localhost systemd[3492912]: dirmngr.socket: Succeeded.
Apr 27 00:57:09 localhost systemd[3492912]: Closed GnuPG network certificate management daemon.
Apr 27 00:57:09 localhost systemd[3492912]: gpg-agent-browser.socket: Succeeded.
Apr 27 00:57:09 localhost systemd[3492912]: Closed GnuPG cryptographic agent and passphrase cache (access for web browsers).
Apr 27 00:57:09 localhost systemd[3492912]: gpg-agent-extra.socket: Succeeded.
Apr 27 00:57:09 localhost systemd[3492912]: Closed GnuPG cryptographic agent and passphrase cache (restricted).
Apr 27 00:57:09 localhost systemd[3492912]: gpg-agent-ssh.socket: Succeeded.
Apr 27 00:57:09 localhost systemd[3492912]: Closed GnuPG cryptographic agent (ssh-agent emulation).
Apr 27 00:57:09 localhost systemd[3492912]: gpg-agent.socket: Succeeded.
Apr 27 00:57:09 localhost systemd[3492912]: Closed GnuPG cryptographic agent and passphrase cache.
Apr 27 00:57:09 localhost systemd[3492912]: pk-debconf-helper.socket: Succeeded.
Apr 27 00:57:09 localhost systemd[3492912]: Closed debconf communication socket.
Apr 27 00:57:09 localhost systemd[3492912]: snapd.session-agent.socket: Succeeded.
Apr 27 00:57:09 localhost systemd[3492912]: Closed REST API socket for snapd user session agent.
Apr 27 00:57:09 localhost systemd[3492912]: Reached target Shutdown.
Apr 27 00:57:09 localhost systemd[3492912]: systemd-exit.service: Succeeded.
Apr 27 00:57:09 localhost systemd[3492912]: Finished Exit the Session.
Apr 27 00:57:09 localhost systemd[3492912]: Reached target Exit the Session.
Apr 27 00:57:09 localhost systemd[1]: user@1000.service: Succeeded.
Apr 27 00:57:09 localhost systemd[1]: Stopped User Manager for UID 1000.
Apr 27 00:57:09 localhost systemd[1]: Stopping User Runtime Directory /run/user/1000...
Apr 27 00:57:09 localhost systemd[1]: run-user-1000.mount: Succeeded.
Apr 27 00:57:09 localhost systemd[3117]: run-user-1000.mount: Succeeded.
Apr 27 00:57:09 localhost systemd[1]: user-runtime-dir@1000.service: Succeeded.
Apr 27 00:57:09 localhost systemd[1]: Stopped User Runtime Directory /run/user/1000.
Apr 27 00:57:09 localhost systemd[1]: Removed slice User Slice of UID 1000.
Apr 27 00:57:12 localhost smsd[3500148]: INFO:root:mme non_eps_service_config is not SMS_ORC8R, sleeping.
Apr 27 00:57:17 localhost mobilityd[3500058]: INFO:root:Using GW info: {'default': {2: ('172.16.4.1', 'eth0')}, 2: [('172.16.4.1', 'eth0', True)]}
Apr 27 00:57:17 localhost mobilityd[3500058]: INFO:root:GW-v6 probe: timer started
Apr 27 00:57:17 localhost magmad[3499983]: INFO:root:[SyncRPC] Got heartBeat from cloud
Apr 27 00:57:17 localhost smsd[3500148]: INFO:root:mme non_eps_service_config is not SMS_ORC8R, sleeping.
Apr 27 00:57:19 localhost dhclient[601]: DHCPREQUEST for 172.16.5.121 on eth1 to 172.16.5.2 port 67 (xid=0x1ea11b90)
Apr 27 00:57:22 localhost smsd[3500148]: INFO:root:mme non_eps_service_config is not SMS_ORC8R, sleeping.
Apr 27 00:57:27 localhost smsd[3500148]: INFO:root:mme non_eps_service_config is not SMS_ORC8R, sleeping.
Apr 27 00:57:28 localhost sctpd[3500334]: I0427 00:57:28.473441 3500778 sctp_connection.cpp:195] Unhandled notification type 32776
Apr 27 00:57:28 localhost sctpd[3500334]: I0427 00:57:28.607188 3500778 sctp_connection.cpp:195] Unhandled notification type 32776
Apr 27 00:57:29 localhost sctpd[3500334]: I0427 00:57:29.679029 3500778 sctp_connection.cpp:195] Unhandled notification type 32777
Apr 27 00:57:29 localhost sctpd[3500334]: I0427 00:57:29.789609 3500778 sctp_connection.cpp:195] Unhandled notification type 32777
Apr 27 00:57:31 localhost dhclient[601]: DHCPREQUEST for 172.16.5.121 on eth1 to 172.16.5.2 port 67 (xid=0x1ea11b90)
Apr 27 00:57:32 localhost smsd[3500148]: INFO:root:mme non_eps_service_config is not SMS_ORC8R, sleeping.
Apr 27 00:57:34 localhost magmad[3499983]: ERROR:root:Metrics upload error for service subscriberdb (chunk 0)! [StatusCode.DEADLINE_EXCEEDED] Deadline Exceeded
Apr 27 00:57:34 localhost magmad[3499983]: ERROR:root:Metrics upload error for service mobilityd (chunk 0)! [StatusCode.DEADLINE_EXCEEDED] Deadline Exceeded
Apr 27 00:57:34 localhost magmad[3499983]: ERROR:root:Metrics upload error for service mme (chunk 0)! [StatusCode.DEADLINE_EXCEEDED] Deadline Exceeded
Apr 27 00:57:34 localhost magmad[3499983]: ERROR:root:Metrics upload error for service magmad (chunk 0)! [StatusCode.DEADLINE_EXCEEDED] Deadline Exceeded
Apr 27 00:57:34 localhost magmad[3499983]: ERROR:root:Metrics upload error for service enodebd (chunk 0)! [StatusCode.DEADLINE_EXCEEDED] Deadline Exceeded
Apr 27 00:57:34 localhost magmad[3499983]: ERROR:root:Metrics upload error for service pipelined (chunk 0)! [StatusCode.DEADLINE_EXCEEDED] Deadline Exceeded
Apr 27 00:57:34 localhost magmad[3499983]: ERROR:root:Metrics upload error for service state (chunk 0)! [StatusCode.DEADLINE_EXCEEDED] Deadline Exceeded
Apr 27 00:57:34 localhost magmad[3499983]: ERROR:root:Metrics upload error for service sessiond (chunk 0)! [StatusCode.DEADLINE_EXCEEDED] Deadline Exceeded
Apr 27 00:57:37 localhost mobilityd[3500058]: INFO:root:Using GW info: {'default': {2: ('172.16.4.1', 'eth0')}, 2: [('172.16.4.1', 'eth0', True)]}
Apr 27 00:57:37 localhost mobilityd[3500058]: INFO:root:GW-v6 probe: timer started
Apr 27 00:57:37 localhost smsd[3500148]: INFO:root:mme non_eps_service_config is not SMS_ORC8R, sleeping.
Apr 27 00:57:42 localhost smsd[3500148]: INFO:root:mme non_eps_service_config is not SMS_ORC8R, sleeping.
Apr 27 00:57:44 localhost dhclient[601]: DHCPREQUEST for 172.16.5.121 on eth1 to 172.16.5.2 port 67 (xid=0x1ea11b90)
Apr 27 00:57:47 localhost smsd[3500148]: INFO:root:mme non_eps_service_config is not SMS_ORC8R, sleeping.
Apr 27 00:57:52 localhost sctpd[3500334]: I0427 00:57:52.318434 3500778 sctp_connection.cpp:195] Unhandled notification type 32776
Apr 27 00:57:53 localhost smsd[3500148]: INFO:root:mme non_eps_service_config is not SMS_ORC8R, sleeping.
Apr 27 00:57:53 localhost sctpd[3500334]: I0427 00:57:53.377724 3500778 sctp_connection.cpp:195] Unhandled notification type 32777
Apr 27 00:57:56 localhost dhclient[601]: DHCPREQUEST for 172.16.5.121 on eth1 to 172.16.5.2 port 67 (xid=0x1ea11b90)
Apr 27 00:57:57 localhost mobilityd[3500058]: INFO:root:Using GW info: {'default': {2: ('172.16.4.1', 'eth0')}, 2: [('172.16.4.1', 'eth0', True)]}
Apr 27 00:57:57 localhost mobilityd[3500058]: INFO:root:GW-v6 probe: timer started
Apr 27 00:57:58 localhost smsd[3500148]: INFO:root:mme non_eps_service_config is not SMS_ORC8R, sleeping.
Apr 27 00:58:00 localhost control_proxy[3500225]: 2022-04-27T00:57:59.527Z [127.0.0.1 -> streamer-controller.magmasi.wavelabs.in,8443] "POST /magma.orc8r.Streamer/GetUpdates HTTP/2" 200 173bytes 0.520s
Apr 27 00:58:00 localhost policydb[3500134]: INFO:root:Processing 4 policy updates (resync=True)
Apr 27 00:58:00 localhost control_proxy[3500225]: 2022-04-27T00:58:00.051Z [127.0.0.1 -> streamer-controller.magmasi.wavelabs.in,8443] "POST /magma.orc8r.Streamer/GetUpdates HTTP/2" 200 7bytes 0.265s
Apr 27 00:58:00 localhost policydb[3500134]: INFO:root:Processing 0 basename -> policy updates
Apr 27 00:58:00 localhost control_proxy[3500225]: 2022-04-27T00:58:00.051Z [127.0.0.1 -> streamer-controller.magmasi.wavelabs.in,8443] "POST /magma.orc8r.Streamer/GetUpdates HTTP/2" 200 13536bytes 0.302s
Apr 27 00:58:00 localhost policydb[3500134]: INFO:root:Processing 223 SID -> apn -> policy updates
Apr 27 00:58:00 localhost control_proxy[3500225]: 2022-04-27T00:58:00.051Z [127.0.0.1 -> streamer-controller.magmasi.wavelabs.in,8443] "POST /magma.orc8r.Streamer/GetUpdates HTTP/2" 200 7bytes 0.264s
Apr 27 00:58:00 localhost policydb[3500134]: INFO:root:Processing 0 rating group updates
Apr 27 00:58:03 localhost smsd[3500148]: INFO:root:mme non_eps_service_config is not SMS_ORC8R, sleeping.
Apr 27 00:58:05 localhost magmad[3499983]: INFO:root:Setting logging level to INFO
Apr 27 00:58:08 localhost smsd[3500148]: INFO:root:mme non_eps_service_config is not SMS_ORC8R, sleeping.
Apr 27 00:58:13 localhost smsd[3500148]: INFO:root:mme non_eps_service_config is not SMS_ORC8R, sleeping.
Apr 27 00:58:15 localhost sctpd[3500334]: I0427 00:58:15.461218 3500778 sctp_connection.cpp:195] Unhandled notification type 32776
Apr 27 00:58:15 localhost dhclient[601]: DHCPREQUEST for 172.16.5.121 on eth1 to 172.16.5.2 port 67 (xid=0x1ea11b90)
Apr 27 00:58:16 localhost sctpd[3500334]: I0427 00:58:16.525612 3500778 sctp_connection.cpp:195] Unhandled notification type 32777
Apr 27 00:58:17 localhost mobilityd[3500058]: INFO:root:Using GW info: {'default': {2: ('172.16.4.1', 'eth0')}, 2: [('172.16.4.1', 'eth0', True)]}
Apr 27 00:58:17 localhost mobilityd[3500058]: INFO:root:GW-v6 probe: timer started
Apr 27 00:58:17 localhost magmad[3499983]: INFO:root:[SyncRPC] Got heartBeat from cloud
Apr 27 00:58:18 localhost smsd[3500148]: INFO:root:mme non_eps_service_config is not SMS_ORC8R, sleeping.
Apr 27 00:58:20 localhost control_proxy[3500225]: 2022-04-27T00:57:20.008Z [127.0.0.1 -> streamer-controller.magmasi.wavelabs.in,8443] "POST /magma.orc8r.Streamer/GetUpdates HTTP/2" 200 0bytes 60.258s
Apr 27 00:58:20 localhost magmad[3499983]: ERROR:root:Error! Streaming from the cloud failed! [StatusCode.ABORTED] error while streaming updates: rpc error: code = DeadlineExceeded desc = context deadline exceeded
Apr 27 00:58:23 localhost smsd[3500148]: INFO:root:mme non_eps_service_config is not SMS_ORC8R, sleeping.
Apr 27 00:58:24 localhost control_proxy[3500225]: 2022-04-27T00:58:24.268Z [127.0.0.1 -> state-controller.magmasi.wavelabs.in,8443] "POST /magma.orc8r.StateService/ReportStates HTTP/2" 200 5bytes 0.282s
Apr 27 00:58:24 localhost magmad[3499983]: INFO:root:Checkin Successful! Successfully sent states to the cloud!
Apr 27 00:58:28 localhost smsd[3500148]: INFO:root:mme non_eps_service_config is not SMS_ORC8R, sleeping.
Apr 27 00:58:29 localhost dhclient[601]: DHCPREQUEST for 172.16.5.121 on eth1 to 172.16.5.2 port 67 (xid=0x1ea11b90)
Apr 27 00:58:33 localhost smsd[3500148]: INFO:root:mme non_eps_service_config is not SMS_ORC8R, sleeping.
Apr 27 00:58:34 localhost magmad[3499983]: ERROR:root:Metrics upload error for service subscriberdb (chunk 0)! [StatusCode.DEADLINE_EXCEEDED] Deadline Exceeded
Apr 27 00:58:34 localhost magmad[3499983]: ERROR:root:Metrics upload error for service mobilityd (chunk 0)! [StatusCode.DEADLINE_EXCEEDED] Deadline Exceeded
Apr 27 00:58:34 localhost magmad[3499983]: ERROR:root:Metrics upload error for service mme (chunk 0)! [StatusCode.DEADLINE_EXCEEDED] Deadline Exceeded
Apr 27 00:58:34 localhost magmad[3499983]: ERROR:root:Metrics upload error for service magmad (chunk 0)! [StatusCode.DEADLINE_EXCEEDED] Deadline Exceeded
Apr 27 00:58:34 localhost magmad[3499983]: ERROR:root:Metrics upload error for service enodebd (chunk 0)! [StatusCode.DEADLINE_EXCEEDED] Deadline Exceeded
Apr 27 00:58:34 localhost magmad[3499983]: ERROR:root:Metrics upload error for service pipelined (chunk 0)! [StatusCode.DEADLINE_EXCEEDED] Deadline Exceeded
Apr 27 00:58:34 localhost magmad[3499983]: ERROR:root:Metrics upload error for service state (chunk 0)! [StatusCode.DEADLINE_EXCEEDED] Deadline Exceeded
Apr 27 00:58:34 localhost magmad[3499983]: ERROR:root:Metrics upload error for service sessiond (chunk 0)! [StatusCode.DEADLINE_EXCEEDED] Deadline Exceeded
Apr 27 00:58:36 localhost dhclient[601]: DHCPREQUEST for 172.16.5.121 on eth1 to 172.16.5.2 port 67 (xid=0x1ea11b90)
Apr 27 00:58:37 localhost mobilityd[3500058]: INFO:root:Using GW info: {'default': {2: ('172.16.4.1', 'eth0')}, 2: [('172.16.4.1', 'eth0', True)]}
Apr 27 00:58:37 localhost mobilityd[3500058]: INFO:root:GW-v6 probe: timer started
Apr 27 00:58:38 localhost smsd[3500148]: INFO:root:mme non_eps_service_config is not SMS_ORC8R, sleeping.
Apr 27 00:58:41 localhost sctpd[3500334]: I0427 00:58:41.854153 3500778 sctp_connection.cpp:195] Unhandled notification type 32776
Apr 27 00:58:41 localhost sctpd[3500334]: I0427 00:58:41.989905 3500778 sctp_connection.cpp:195] Unhandled notification type 32776
Apr 27 00:58:43 localhost sctpd[3500334]: I0427 00:58:43.048436 3500778 sctp_connection.cpp:195] Unhandled notification type 32777
Apr 27 00:58:43 localhost sctpd[3500334]: I0427 00:58:43.154304 3500778 sctp_connection.cpp:195] Unhandled notification type 32777
Apr 27 00:58:43 localhost smsd[3500148]: INFO:root:mme non_eps_service_config is not SMS_ORC8R, sleeping.
Apr 27 00:58:43 localhost sctpd[3500334]: I0427 00:58:43.372694 3500778 sctp_connection.cpp:195] Unhandled notification type 32777
Apr 27 00:58:43 localhost sctpd[3500334]: I0427 00:58:43.492736 3500778 sctp_connection.cpp:195] Unhandled notification type 32777
Apr 27 00:58:43 localhost mme[3500735]: [DEBUG] Sending S6A-UPDATE_LOCATION_REQUEST with IMSI: 222700000000001
Apr 27 00:58:43 localhost mme[3500735]: [INFO] Received S6A-LOCATION-UPDATE_ANSWER for IMSI: 222700000000001; Status: ; StatusCode: 2001
Apr 27 00:58:43 localhost mme[3500735]: [INFO] sent itti S6A-LOCATION-UPDATE_ANSWER for IMSI: 222700000000001
Apr 27 00:58:43 localhost sctpd[3500334]: I0427 00:58:43.601035 3500778 sctp_connection.cpp:195] Unhandled notification type 32777
Apr 27 00:58:45 localhost sctpd[3500334]: I0427 00:58:45.228256 3500778 sctp_connection.cpp:195] Unhandled notification type 32777
Apr 27 00:58:45 localhost dhclient[601]: DHCPREQUEST for 172.16.5.121 on eth1 to 172.16.5.2 port 67 (xid=0x1ea11b90)
Apr 27 00:58:48 localhost smsd[3500148]: INFO:root:mme non_eps_service_config is not SMS_ORC8R, sleeping.
Apr 27 00:58:49 localhost sctpd[3500334]: I0427 00:58:49.434477 3500778 sctp_connection.cpp:195] Unhandled notification type 32777
Apr 27 00:58:49 localhost sctpd[3500334]: I0427 00:58:49.552285 3500778 sctp_connection.cpp:195] Unhandled notification type 32777
Apr 27 00:58:49 localhost mme[3500735]: [DEBUG] Sending S6A-UPDATE_LOCATION_REQUEST with IMSI: 222700000000001
Apr 27 00:58:49 localhost mme[3500735]: [INFO] Received S6A-LOCATION-UPDATE_ANSWER for IMSI: 222700000000001; Status: ; StatusCode: 2001
Apr 27 00:58:49 localhost mme[3500735]: [INFO] sent itti S6A-LOCATION-UPDATE_ANSWER for IMSI: 222700000000001
Apr 27 00:58:49 localhost sctpd[3500334]: I0427 00:58:49.664707 3500778 sctp_connection.cpp:195] Unhandled notification type 32777
Apr 27 00:58:52 localhost sctpd[3500334]: I0427 00:58:52.111541 3500778 sctp_connection.cpp:195] Unhandled notification type 32777
Apr 27 00:58:53 localhost smsd[3500148]: INFO:root:mme non_eps_service_config is not SMS_ORC8R, sleeping.
Apr 27 00:58:57 localhost mobilityd[3500058]: INFO:root:Using GW info: {'default': {2: ('172.16.4.1', 'eth0')}, 2: [('172.16.4.1', 'eth0', True)]}
Apr 27 00:58:57 localhost mobilityd[3500058]: INFO:root:GW-v6 probe: timer started
Apr 27 00:58:58 localhost smsd[3500148]: INFO:root:mme non_eps_service_config is not SMS_ORC8R, sleeping.
Apr 27 00:58:58 localhost dhclient[601]: DHCPREQUEST for 172.16.5.121 on eth1 to 172.16.5.2 port 67 (xid=0x1ea11b90)
Apr 27 00:59:01 localhost control_proxy[3500225]: 2022-04-27T00:59:00.952Z [127.0.0.1 -> streamer-controller.magmasi.wavelabs.in,8443] "POST /magma.orc8r.Streamer/GetUpdates HTTP/2" 200 173bytes 0.547s
Apr 27 00:59:01 localhost policydb[3500134]: INFO:root:Processing 4 policy updates (resync=True)
Apr 27 00:59:01 localhost control_proxy[3500225]: 2022-04-27T00:59:01.502Z [127.0.0.1 -> streamer-controller.magmasi.wavelabs.in,8443] "POST /magma.orc8r.Streamer/GetUpdates HTTP/2" 200 7bytes 0.283s
Apr 27 00:59:01 localhost policydb[3500134]: INFO:root:Processing 0 basename -> policy updates
Apr 27 00:59:02 localhost control_proxy[3500225]: 2022-04-27T00:59:01.502Z [127.0.0.1 -> streamer-controller.magmasi.wavelabs.in,8443] "POST /magma.orc8r.Streamer/GetUpdates HTTP/2" 200 13536bytes 0.340s
Apr 27 00:59:02 localhost policydb[3500134]: INFO:root:Processing 223 SID -> apn -> policy updates
Apr 27 00:59:02 localhost control_proxy[3500225]: 2022-04-27T00:59:02.138Z [127.0.0.1 -> streamer-controller.magmasi.wavelabs.in,8443] "POST /magma.orc8r.Streamer/GetUpdates HTTP/2" 200 7bytes 0.262s
Apr 27 00:59:02 localhost policydb[3500134]: INFO:root:Processing 0 rating group updates
Apr 27 00:59:03 localhost smsd[3500148]: INFO:root:mme non_eps_service_config is not SMS_ORC8R, sleeping.
Apr 27 00:59:08 localhost smsd[3500148]: INFO:root:mme non_eps_service_config is not SMS_ORC8R, sleeping.
Apr 27 00:59:12 localhost sctpd[3500334]: I0427 00:59:12.795233 3500778 sctp_connection.cpp:195] Unhandled notification type 32776
Apr 27 00:59:13 localhost smsd[3500148]: INFO:root:mme non_eps_service_config is not SMS_ORC8R, sleeping.
Apr 27 00:59:13 localhost sctpd[3500334]: I0427 00:59:13.857370 3500778 sctp_connection.cpp:195] Unhandled notification type 32777
Apr 27 00:59:17 localhost mobilityd[3500058]: INFO:root:Using GW info: {'default': {2: ('172.16.4.1', 'eth0')}, 2: [('172.16.4.1', 'eth0', True)]}
