Apr 12 18:08:07 localhost policydb[419541]: INFO:root:Processing 0 rating group updates
Apr 12 18:08:11 localhost sctpd[419727]: I0412 18:08:11.316423 420169 sctp_connection.cpp:195] Unhandled notification type 32777
Apr 12 18:08:11 localhost smsd[419555]: INFO:root:mme non_eps_service_config is not SMS_ORC8R, sleeping.
Apr 12 18:08:11 localhost magmad[419393]: INFO:root:Setting logging level to INFO
Apr 12 18:08:14 localhost mobilityd[419462]: INFO:root:Using GW info: {'default': {2: ('172.16.4.1', 'eth0')}, 2: [('172.16.4.1', 'eth0', True)]}
Apr 12 18:08:14 localhost mobilityd[419462]: INFO:root:GW-v6 probe: timer started
Apr 12 18:08:16 localhost smsd[419555]: INFO:root:mme non_eps_service_config is not SMS_ORC8R, sleeping.
Apr 12 18:08:17 localhost sctpd[419727]: I0412 18:08:17.320381 420169 sctp_connection.cpp:195] Unhandled notification type 32777
Apr 12 18:08:17 localhost dhclient[601]: DHCPREQUEST for 172.16.5.121 on eth1 to 255.255.255.255 port 67 (xid=0x6123bf67)
Apr 12 18:08:21 localhost smsd[419555]: INFO:root:mme non_eps_service_config is not SMS_ORC8R, sleeping.
Apr 12 18:08:23 localhost sctpd[419727]: I0412 18:08:23.324395 420169 sctp_connection.cpp:195] Unhandled notification type 32777
Apr 12 18:08:26 localhost smsd[419555]: INFO:root:mme non_eps_service_config is not SMS_ORC8R, sleeping.
Apr 12 18:08:29 localhost sctpd[419727]: I0412 18:08:29.328344 420169 sctp_connection.cpp:195] Unhandled notification type 32777
Apr 12 18:08:30 localhost control_proxy[419590]: 2022-04-12T18:08:29.964Z [127.0.0.1 -> state-controller.magmasi.wavelabs.in,8443] "POST /magma.orc8r.StateService/ReportStates HTTP/2" 200 5bytes 0.515s
Apr 12 18:08:30 localhost magmad[419393]: INFO:root:Checkin Successful! Successfully sent states to the cloud!
Apr 12 18:08:30 localhost dhclient[601]: DHCPREQUEST for 172.16.5.121 on eth1 to 255.255.255.255 port 67 (xid=0x6123bf67)
Apr 12 18:08:31 localhost smsd[419555]: INFO:root:mme non_eps_service_config is not SMS_ORC8R, sleeping.
Apr 12 18:08:34 localhost mobilityd[419462]: INFO:root:Using GW info: {'default': {2: ('172.16.4.1', 'eth0')}, 2: [('172.16.4.1', 'eth0', True)]}
Apr 12 18:08:34 localhost mobilityd[419462]: INFO:root:GW-v6 probe: timer started
Apr 12 18:08:35 localhost sctpd[419727]: I0412 18:08:35.332325 420169 sctp_connection.cpp:195] Unhandled notification type 32777
Apr 12 18:08:36 localhost smsd[419555]: INFO:root:mme non_eps_service_config is not SMS_ORC8R, sleeping.
Apr 12 18:08:40 localhost magmad[419393]: ERROR:root:Metrics upload error for service subscriberdb (chunk 0)! [StatusCode.DEADLINE_EXCEEDED] Deadline Exceeded
Apr 12 18:08:40 localhost magmad[419393]: ERROR:root:Metrics upload error for service mobilityd (chunk 0)! [StatusCode.DEADLINE_EXCEEDED] Deadline Exceeded
Apr 12 18:08:40 localhost magmad[419393]: ERROR:root:Metrics upload error for service mme (chunk 0)! [StatusCode.DEADLINE_EXCEEDED] Deadline Exceeded
Apr 12 18:08:40 localhost magmad[419393]: ERROR:root:Metrics upload error for service magmad (chunk 0)! [StatusCode.DEADLINE_EXCEEDED] Deadline Exceeded
Apr 12 18:08:40 localhost magmad[419393]: ERROR:root:Metrics upload error for service enodebd (chunk 0)! [StatusCode.DEADLINE_EXCEEDED] Deadline Exceeded
Apr 12 18:08:40 localhost magmad[419393]: ERROR:root:Metrics upload error for service pipelined (chunk 0)! [StatusCode.DEADLINE_EXCEEDED] Deadline Exceeded
Apr 12 18:08:40 localhost magmad[419393]: ERROR:root:Metrics upload error for service state (chunk 0)! [StatusCode.DEADLINE_EXCEEDED] Deadline Exceeded
Apr 12 18:08:40 localhost magmad[419393]: ERROR:root:Metrics upload error for service sessiond (chunk 0)! [StatusCode.DEADLINE_EXCEEDED] Deadline Exceeded
Apr 12 18:08:40 localhost dhclient[601]: DHCPREQUEST for 172.16.5.121 on eth1 to 255.255.255.255 port 67 (xid=0x6123bf67)
Apr 12 18:08:41 localhost smsd[419555]: INFO:root:mme non_eps_service_config is not SMS_ORC8R, sleeping.
Apr 12 18:08:51 localhost smsd[419555]: message repeated 2 times: [ INFO:root:mme non_eps_service_config is not SMS_ORC8R, sleeping.]
Apr 12 18:08:52 localhost sctpd[419727]: I0412 18:08:52.151026 420169 sctp_connection.cpp:195] Unhandled notification type 32776
Apr 12 18:08:52 localhost dhclient[601]: DHCPREQUEST for 172.16.5.121 on eth1 to 255.255.255.255 port 67 (xid=0x6123bf67)
Apr 12 18:08:53 localhost control_proxy[419590]: 2022-04-12T18:07:52.681Z [127.0.0.1 -> streamer-controller.magmasi.wavelabs.in,8443] "POST /magma.orc8r.Streamer/GetUpdates HTTP/2" 200 0bytes 60.507s
Apr 12 18:08:53 localhost magmad[419393]: ERROR:root:Error! Streaming from the cloud failed! [StatusCode.ABORTED] error while streaming updates: rpc error: code = DeadlineExceeded desc = context deadline exceeded
Apr 12 18:08:53 localhost sctpd[419727]: I0412 18:08:53.209158 420169 sctp_connection.cpp:195] Unhandled notification type 32777
Apr 12 18:08:53 localhost sctpd[419727]: I0412 18:08:53.430073 420169 sctp_connection.cpp:195] Unhandled notification type 32777
Apr 12 18:08:53 localhost sctpd[419727]: I0412 18:08:53.540838 420169 sctp_connection.cpp:195] Unhandled notification type 32777
Apr 12 18:08:53 localhost mme[420130]: [DEBUG] Sending S6A-UPDATE_LOCATION_REQUEST with IMSI: 222700000000001
Apr 12 18:08:53 localhost mme[420130]: [INFO] Received S6A-LOCATION-UPDATE_ANSWER for IMSI: 222700000000001; Status: ; StatusCode: 2001
Apr 12 18:08:53 localhost mme[420130]: [INFO] sent itti S6A-LOCATION-UPDATE_ANSWER for IMSI: 222700000000001
Apr 12 18:08:53 localhost sctpd[419727]: I0412 18:08:53.657034 420169 sctp_connection.cpp:195] Unhandled notification type 32777
Apr 12 18:08:54 localhost mobilityd[419462]: INFO:root:Using GW info: {'default': {2: ('172.16.4.1', 'eth0')}, 2: [('172.16.4.1', 'eth0', True)]}
Apr 12 18:08:54 localhost mobilityd[419462]: INFO:root:GW-v6 probe: timer started
Apr 12 18:08:56 localhost sctpd[419727]: I0412 18:08:56.040619 420169 sctp_connection.cpp:195] Unhandled notification type 32777
Apr 12 18:08:56 localhost smsd[419555]: INFO:root:mme non_eps_service_config is not SMS_ORC8R, sleeping.
Apr 12 18:08:58 localhost sctpd[419727]: I0412 18:08:58.272127 420169 sctp_connection.cpp:195] Unhandled notification type 32777
Apr 12 18:08:58 localhost sctpd[419727]: I0412 18:08:58.385555 420169 sctp_connection.cpp:195] Unhandled notification type 32777
Apr 12 18:08:58 localhost sctpd[419727]: I0412 18:08:58.500051 420169 sctp_connection.cpp:195] Unhandled notification type 32777
Apr 12 18:08:58 localhost mme[420130]: [DEBUG] Sending S6A-UPDATE_LOCATION_REQUEST with IMSI: 222700000000001
Apr 12 18:08:58 localhost mme[420130]: [INFO] Received S6A-LOCATION-UPDATE_ANSWER for IMSI: 222700000000001; Status: ; StatusCode: 2001
Apr 12 18:08:58 localhost mme[420130]: [INFO] sent itti S6A-LOCATION-UPDATE_ANSWER for IMSI: 222700000000001
Apr 12 18:08:58 localhost sctpd[419727]: I0412 18:08:58.617846 420169 sctp_connection.cpp:195] Unhandled notification type 32777
Apr 12 18:08:59 localhost magmad[419393]: INFO:root:[SyncRPC] Got heartBeat from cloud
Apr 12 18:09:01 localhost sctpd[419727]: I0412 18:09:01.013455 420169 sctp_connection.cpp:195] Unhandled notification type 32777
Apr 12 18:09:01 localhost smsd[419555]: INFO:root:mme non_eps_service_config is not SMS_ORC8R, sleeping.
Apr 12 18:09:06 localhost smsd[419555]: INFO:root:mme non_eps_service_config is not SMS_ORC8R, sleeping.
Apr 12 18:09:07 localhost control_proxy[419590]: 2022-04-12T18:09:07.432Z [127.0.0.1 -> streamer-controller.magmasi.wavelabs.in,8443] "POST /magma.orc8r.Streamer/GetUpdates HTTP/2" 200 173bytes 0.524s
Apr 12 18:09:07 localhost policydb[419541]: INFO:root:Processing 4 policy updates (resync=True)
Apr 12 18:09:08 localhost control_proxy[419590]: 2022-04-12T18:09:07.432Z [127.0.0.1 -> streamer-controller.magmasi.wavelabs.in,8443] "POST /magma.orc8r.Streamer/GetUpdates HTTP/2" 200 7bytes 0.289s
Apr 12 18:09:08 localhost policydb[419541]: INFO:root:Processing 0 basename -> policy updates
Apr 12 18:09:08 localhost control_proxy[419590]: 2022-04-12T18:09:08.251Z [127.0.0.1 -> streamer-controller.magmasi.wavelabs.in,8443] "POST /magma.orc8r.Streamer/GetUpdates HTTP/2" 200 13513bytes 0.327s
Apr 12 18:09:08 localhost policydb[419541]: INFO:root:Processing 222 SID -> apn -> policy updates
Apr 12 18:09:08 localhost control_proxy[419590]: 2022-04-12T18:09:08.251Z [127.0.0.1 -> streamer-controller.magmasi.wavelabs.in,8443] "POST /magma.orc8r.Streamer/GetUpdates HTTP/2" 200 7bytes 0.269s
Apr 12 18:09:08 localhost policydb[419541]: INFO:root:Processing 0 rating group updates
Apr 12 18:09:11 localhost smsd[419555]: INFO:root:mme non_eps_service_config is not SMS_ORC8R, sleeping.
Apr 12 18:09:12 localhost dhclient[601]: DHCPREQUEST for 172.16.5.121 on eth1 to 255.255.255.255 port 67 (xid=0x6123bf67)
Apr 12 18:09:14 localhost mobilityd[419462]: INFO:root:Using GW info: {'default': {2: ('172.16.4.1', 'eth0')}, 2: [('172.16.4.1', 'eth0', True)]}
Apr 12 18:09:14 localhost mobilityd[419462]: INFO:root:GW-v6 probe: timer started
Apr 12 18:09:16 localhost smsd[419555]: INFO:root:mme non_eps_service_config is not SMS_ORC8R, sleeping.
Apr 12 18:09:20 localhost sctpd[419727]: I0412 18:09:20.444633 420169 sctp_connection.cpp:195] Unhandled notification type 32776
Apr 12 18:09:20 localhost sctpd[419727]: I0412 18:09:20.583124 420169 sctp_connection.cpp:195] Unhandled notification type 32776
Apr 12 18:09:20 localhost sctpd[419727]: I0412 18:09:20.715298 420169 sctp_connection.cpp:195] Unhandled notification type 32776
Apr 12 18:09:20 localhost sctpd[419727]: I0412 18:09:20.853977 420169 sctp_connection.cpp:195] Unhandled notification type 32776
Apr 12 18:09:20 localhost sctpd[419727]: I0412 18:09:20.984189 420169 sctp_connection.cpp:195] Unhandled notification type 32776
Apr 12 18:09:21 localhost sctpd[419727]: I0412 18:09:21.118538 420169 sctp_connection.cpp:195] Unhandled notification type 32776
Apr 12 18:09:21 localhost sctpd[419727]: I0412 18:09:21.250536 420169 sctp_connection.cpp:195] Unhandled notification type 32776
Apr 12 18:09:21 localhost sctpd[419727]: I0412 18:09:21.386021 420169 sctp_connection.cpp:195] Unhandled notification type 32776
Apr 12 18:09:21 localhost sctpd[419727]: I0412 18:09:21.522356 420169 sctp_connection.cpp:195] Unhandled notification type 32776
Apr 12 18:09:21 localhost sctpd[419727]: I0412 18:09:21.666165 420169 sctp_connection.cpp:195] Unhandled notification type 32776
Apr 12 18:09:21 localhost smsd[419555]: INFO:root:mme non_eps_service_config is not SMS_ORC8R, sleeping.
Apr 12 18:09:21 localhost sctpd[419727]: I0412 18:09:21.815122 420169 sctp_connection.cpp:195] Unhandled notification type 32776
Apr 12 18:09:21 localhost sctpd[419727]: I0412 18:09:21.962611 420169 sctp_connection.cpp:195] Unhandled notification type 32776
Apr 12 18:09:22 localhost dhclient[601]: DHCPREQUEST for 172.16.5.121 on eth1 to 255.255.255.255 port 67 (xid=0x6123bf67)
Apr 12 18:09:23 localhost sctpd[419727]: I0412 18:09:23.024055 420169 sctp_connection.cpp:195] Unhandled notification type 32777
Apr 12 18:09:23 localhost sctpd[419727]: I0412 18:09:23.254077 420169 sctp_connection.cpp:195] Unhandled notification type 32777
Apr 12 18:09:23 localhost sctpd[419727]: I0412 18:09:23.372547 420169 sctp_connection.cpp:195] Unhandled notification type 32777
Apr 12 18:09:23 localhost mme[420130]: [DEBUG] Sending S6A-UPDATE_LOCATION_REQUEST with IMSI: 222700000000001
Apr 12 18:09:23 localhost mme[420130]: [INFO] Received S6A-LOCATION-UPDATE_ANSWER for IMSI: 222700000000001; Status: ; StatusCode: 2001
Apr 12 18:09:23 localhost mme[420130]: [INFO] sent itti S6A-LOCATION-UPDATE_ANSWER for IMSI: 222700000000001
Apr 12 18:09:23 localhost sctpd[419727]: I0412 18:09:23.432387 420169 sctp_connection.cpp:195] Unhandled notification type 32777
Apr 12 18:09:23 localhost sctpd[419727]: I0412 18:09:23.493021 420169 sctp_connection.cpp:195] Unhandled notification type 32777
Apr 12 18:09:26 localhost smsd[419555]: INFO:root:mme non_eps_service_config is not SMS_ORC8R, sleeping.
Apr 12 18:09:31 localhost magmad[419393]: INFO:root:Setting logging level to INFO
Apr 12 18:09:31 localhost smsd[419555]: INFO:root:mme non_eps_service_config is not SMS_ORC8R, sleeping.
Apr 12 18:09:34 localhost dhclient[601]: DHCPREQUEST for 172.16.5.121 on eth1 to 255.255.255.255 port 67 (xid=0x6123bf67)
Apr 12 18:09:34 localhost mobilityd[419462]: INFO:root:Using GW info: {'default': {2: ('172.16.4.1', 'eth0')}, 2: [('172.16.4.1', 'eth0', True)]}
Apr 12 18:09:34 localhost mobilityd[419462]: INFO:root:GW-v6 probe: timer started
Apr 12 18:09:36 localhost smsd[419555]: INFO:root:mme non_eps_service_config is not SMS_ORC8R, sleeping.
Apr 12 18:09:41 localhost smsd[419555]: INFO:root:mme non_eps_service_config is not SMS_ORC8R, sleeping.
Apr 12 18:09:43 localhost dhclient[601]: DHCPREQUEST for 172.16.5.121 on eth1 to 255.255.255.255 port 67 (xid=0x6123bf67)
Apr 12 18:09:45 localhost sctpd[419727]: I0412 18:09:45.986984 420169 sctp_connection.cpp:195] Unhandled notification type 32776
Apr 12 18:09:46 localhost smsd[419555]: INFO:root:mme non_eps_service_config is not SMS_ORC8R, sleeping.
Apr 12 18:09:49 localhost magmad[419393]: ERROR:root:Metrics upload error for service subscriberdb (chunk 0)! [StatusCode.DEADLINE_EXCEEDED] Deadline Exceeded
Apr 12 18:09:49 localhost magmad[419393]: ERROR:root:Metrics upload error for service mobilityd (chunk 0)! [StatusCode.DEADLINE_EXCEEDED] Deadline Exceeded
Apr 12 18:09:49 localhost magmad[419393]: ERROR:root:Metrics upload error for service mme (chunk 0)! [StatusCode.DEADLINE_EXCEEDED] Deadline Exceeded
Apr 12 18:09:49 localhost magmad[419393]: ERROR:root:Metrics upload error for service magmad (chunk 0)! [StatusCode.DEADLINE_EXCEEDED] Deadline Exceeded
Apr 12 18:09:49 localhost magmad[419393]: ERROR:root:Metrics upload error for service enodebd (chunk 0)! [StatusCode.DEADLINE_EXCEEDED] Deadline Exceeded
Apr 12 18:09:49 localhost magmad[419393]: ERROR:root:Metrics upload error for service pipelined (chunk 0)! [StatusCode.DEADLINE_EXCEEDED] Deadline Exceeded
Apr 12 18:09:49 localhost magmad[419393]: ERROR:root:Metrics upload error for service state (chunk 0)! [StatusCode.DEADLINE_EXCEEDED] Deadline Exceeded
Apr 12 18:09:49 localhost magmad[419393]: ERROR:root:Metrics upload error for service sessiond (chunk 0)! [StatusCode.DEADLINE_EXCEEDED] Deadline Exceeded
Apr 12 18:09:50 localhost control_proxy[419590]: 2022-04-12T18:09:49.525Z [127.0.0.1 -> state-controller.magmasi.wavelabs.in,8443] "POST /magma.orc8r.StateService/ReportStates HTTP/2" 200 5bytes 0.515s
Apr 12 18:09:50 localhost magmad[419393]: INFO:root:Checkin Successful! Successfully sent states to the cloud!
Apr 12 18:09:51 localhost magmad[419393]: INFO:root:Checking for upgrade...
Apr 12 18:09:51 localhost magmad[419393]: WARNING:root:magmad package_version config missing or set to default 0.0.0-0, skipping upgrade
Apr 12 18:09:52 localhost smsd[419555]: INFO:root:mme non_eps_service_config is not SMS_ORC8R, sleeping.
Apr 12 18:09:54 localhost mobilityd[419462]: INFO:root:Using GW info: {'default': {2: ('172.16.4.1', 'eth0')}, 2: [('172.16.4.1', 'eth0', True)]}
Apr 12 18:09:54 localhost mobilityd[419462]: INFO:root:GW-v6 probe: timer started
Apr 12 18:09:56 localhost sctpd[419727]: I0412 18:09:56.020236 420169 sctp_connection.cpp:195] Unhandled notification type 32777
Apr 12 18:09:56 localhost sctpd[419727]: I0412 18:09:56.247964 420169 sctp_connection.cpp:195] Unhandled notification type 32777
Apr 12 18:09:57 localhost smsd[419555]: INFO:root:mme non_eps_service_config is not SMS_ORC8R, sleeping.
Apr 12 18:09:59 localhost magmad[419393]: INFO:root:[SyncRPC] Got heartBeat from cloud
Apr 12 18:10:01 localhost dhclient[601]: DHCPREQUEST for 172.16.5.121 on eth1 to 255.255.255.255 port 67 (xid=0x6123bf67)
Apr 12 18:10:02 localhost smsd[419555]: INFO:root:mme non_eps_service_config is not SMS_ORC8R, sleeping.
Apr 12 18:10:07 localhost smsd[419555]: INFO:root:mme non_eps_service_config is not SMS_ORC8R, sleeping.
Apr 12 18:10:09 localhost control_proxy[419590]: 2022-04-12T18:10:08.918Z [127.0.0.1 -> streamer-controller.magmasi.wavelabs.in,8443] "POST /magma.orc8r.Streamer/GetUpdates HTTP/2" 200 173bytes 0.520s
Apr 12 18:10:09 localhost policydb[419541]: INFO:root:Processing 4 policy updates (resync=True)
Apr 12 18:10:09 localhost control_proxy[419590]: 2022-04-12T18:10:09.443Z [127.0.0.1 -> streamer-controller.magmasi.wavelabs.in,8443] "POST /magma.orc8r.Streamer/GetUpdates HTTP/2" 200 7bytes 0.292s
Apr 12 18:10:09 localhost policydb[419541]: INFO:root:Processing 0 basename -> policy updates
Apr 12 18:10:10 localhost control_proxy[419590]: 2022-04-12T18:10:09.443Z [127.0.0.1 -> streamer-controller.magmasi.wavelabs.in,8443] "POST /magma.orc8r.Streamer/GetUpdates HTTP/2" 200 13513bytes 0.302s
Apr 12 18:10:10 localhost policydb[419541]: INFO:root:Processing 222 SID -> apn -> policy updates
Apr 12 18:10:10 localhost control_proxy[419590]: 2022-04-12T18:10:10.048Z [127.0.0.1 -> streamer-controller.magmasi.wavelabs.in,8443] "POST /magma.orc8r.Streamer/GetUpdates HTTP/2" 200 7bytes 0.265s
Apr 12 18:10:10 localhost policydb[419541]: INFO:root:Processing 0 rating group updates
Apr 12 18:10:11 localhost dhclient[601]: DHCPREQUEST for 172.16.5.121 on eth1 to 255.255.255.255 port 67 (xid=0x6123bf67)
Apr 12 18:10:12 localhost smsd[419555]: INFO:root:mme non_eps_service_config is not SMS_ORC8R, sleeping.
Apr 12 18:10:14 localhost mobilityd[419462]: INFO:root:Using GW info: {'default': {2: ('172.16.4.1', 'eth0')}, 2: [('172.16.4.1', 'eth0', True)]}
Apr 12 18:10:14 localhost mobilityd[419462]: INFO:root:GW-v6 probe: timer started
Apr 12 18:10:17 localhost smsd[419555]: INFO:root:mme non_eps_service_config is not SMS_ORC8R, sleeping.
Apr 12 18:10:17 localhost sctpd[419727]: I0412 18:10:17.902177 420169 sctp_connection.cpp:195] Unhandled notification type 32776
Apr 12 18:10:22 localhost smsd[419555]: INFO:root:mme non_eps_service_config is not SMS_ORC8R, sleeping.
Apr 12 18:10:27 localhost smsd[419555]: INFO:root:mme non_eps_service_config is not SMS_ORC8R, sleeping.
Apr 12 18:10:28 localhost sctpd[419727]: I0412 18:10:28.093338 420169 sctp_connection.cpp:195] Unhandled notification type 32777
Apr 12 18:10:28 localhost sctpd[419727]: I0412 18:10:28.335712 420169 sctp_connection.cpp:195] Unhandled notification type 32777
Apr 12 18:10:32 localhost dhclient[601]: DHCPREQUEST for 172.16.5.121 on eth1 to 255.255.255.255 port 67 (xid=0x6123bf67)
Apr 12 18:10:32 localhost smsd[419555]: INFO:root:mme non_eps_service_config is not SMS_ORC8R, sleeping.
Apr 12 18:10:34 localhost mobilityd[419462]: INFO:root:Using GW info: {'default': {2: ('172.16.4.1', 'eth0')}, 2: [('172.16.4.1', 'eth0', True)]}
Apr 12 18:10:34 localhost mobilityd[419462]: INFO:root:GW-v6 probe: timer started
Apr 12 18:10:37 localhost smsd[419555]: INFO:root:mme non_eps_service_config is not SMS_ORC8R, sleeping.
Apr 12 18:10:40 localhost magmad[419393]: ERROR:root:Metrics upload error for service subscriberdb (chunk 0)! [StatusCode.DEADLINE_EXCEEDED] Deadline Exceeded
Apr 12 18:10:40 localhost magmad[419393]: ERROR:root:Metrics upload error for service mobilityd (chunk 0)! [StatusCode.DEADLINE_EXCEEDED] Deadline Exceeded
Apr 12 18:10:40 localhost magmad[419393]: ERROR:root:Metrics upload error for service mme (chunk 0)! [StatusCode.DEADLINE_EXCEEDED] Deadline Exceeded
Apr 12 18:10:40 localhost magmad[419393]: ERROR:root:Metrics upload error for service magmad (chunk 0)! [StatusCode.DEADLINE_EXCEEDED] Deadline Exceeded
Apr 12 18:10:40 localhost magmad[419393]: ERROR:root:Metrics upload error for service enodebd (chunk 0)! [StatusCode.DEADLINE_EXCEEDED] Deadline Exceeded
Apr 12 18:10:40 localhost magmad[419393]: ERROR:root:Metrics upload error for service pipelined (chunk 0)! [StatusCode.DEADLINE_EXCEEDED] Deadline Exceeded
Apr 12 18:10:40 localhost magmad[419393]: ERROR:root:Metrics upload error for service state (chunk 0)! [StatusCode.DEADLINE_EXCEEDED] Deadline Exceeded
Apr 12 18:10:40 localhost magmad[419393]: ERROR:root:Metrics upload error for service sessiond (chunk 0)! [StatusCode.DEADLINE_EXCEEDED] Deadline Exceeded
Apr 12 18:10:42 localhost smsd[419555]: INFO:root:mme non_eps_service_config is not SMS_ORC8R, sleeping.
Apr 12 18:10:47 localhost smsd[419555]: INFO:root:mme non_eps_service_config is not SMS_ORC8R, sleeping.
Apr 12 18:10:48 localhost dhclient[601]: DHCPREQUEST for 172.16.5.121 on eth1 to 255.255.255.255 port 67 (xid=0x6123bf67)
Apr 12 18:10:49 localhost sctpd[419727]: I0412 18:10:49.992771 420169 sctp_connection.cpp:195] Unhandled notification type 32776
Apr 12 18:10:50 localhost sctpd[419727]: I0412 18:10:50.152582 420169 sctp_connection.cpp:195] Unhandled notification type 32776
Apr 12 18:10:50 localhost magmad[419393]: INFO:root:Setting logging level to INFO
Apr 12 18:10:51 localhost sctpd[419727]: I0412 18:10:51.213547 420169 sctp_connection.cpp:195] Unhandled notification type 32777
Apr 12 18:10:51 localhost sctpd[419727]: I0412 18:10:51.324823 420169 sctp_connection.cpp:195] Unhandled notification type 32777
Apr 12 18:10:51 localhost sctpd[419727]: I0412 18:10:51.558573 420169 sctp_connection.cpp:195] Unhandled notification type 32777
Apr 12 18:10:51 localhost sctpd[419727]: I0412 18:10:51.676770 420169 sctp_connection.cpp:195] Unhandled notification type 32777
Apr 12 18:10:51 localhost mme[420130]: [DEBUG] Sending S6A-UPDATE_LOCATION_REQUEST with IMSI: 222700000000001
Apr 12 18:10:51 localhost mme[420130]: [INFO] Received S6A-LOCATION-UPDATE_ANSWER for IMSI: 222700000000001; Status: ; StatusCode: 2001
Apr 12 18:10:51 localhost mme[420130]: [INFO] sent itti S6A-LOCATION-UPDATE_ANSWER for IMSI: 222700000000001
Apr 12 18:10:51 localhost sctpd[419727]: I0412 18:10:51.796873 420169 sctp_connection.cpp:195] Unhandled notification type 32777
Apr 12 18:10:52 localhost smsd[419555]: INFO:root:mme non_eps_service_config is not SMS_ORC8R, sleeping.
Apr 12 18:10:53 localhost control_proxy[419590]: 2022-04-12T18:09:53.224Z [127.0.0.1 -> streamer-controller.magmasi.wavelabs.in,8443] "POST /magma.orc8r.Streamer/GetUpdates HTTP/2" 200 0bytes 60.259s
Apr 12 18:10:53 localhost magmad[419393]: ERROR:root:Error! Streaming from the cloud failed! [StatusCode.ABORTED] error while streaming updates: rpc error: code = DeadlineExceeded desc = context deadline exceeded
Apr 12 18:10:54 localhost mobilityd[419462]: INFO:root:Allocated IP 192.168.128.104 for sid IMSI222700000000001 for apn default
Apr 12 18:10:54 localhost policydb[419541]: INFO:root:Creating a session for subscriber ID: IMSI222700000000001
Apr 12 18:10:54 localhost sessiond[419471]: I0412 18:10:54.056092 419471 SetMessageManagerHandler.cpp:342] Processing a CreateSessionResponse for IMSI222700000000001-291943
Apr 12 18:10:54 localhost sessiond[419471]: I0412 18:10:54.056219 419471 SessionState.cpp:2774] RuleID allowlist_sid-IMSI222700000000001-default doesn't have a version registered for IMSI222700000000001-291943, this is unexpected
Apr 12 18:10:54 localhost mme[420130]: PDUSessionResourceSetupRequestTransfer ::= {
Apr 12 18:10:54 localhost mme[420130]:     protocolIEs: ProtocolIE-Container ::= {
Apr 12 18:10:54 localhost mme[420130]:         PDUSessionResourceSetupRequestTransferIEs ::= {
Apr 12 18:10:54 localhost mme[420130]:             id: 130
Apr 12 18:10:54 localhost mme[420130]:             criticality: 0 (reject)
Apr 12 18:10:54 localhost mme[420130]:             value: PDUSessionAggregateMaximumBitRate ::= {
Apr 12 18:10:54 localhost mme[420130]:                 pDUSessionAggregateMaximumBitRateDL: 100000000
Apr 12 18:10:54 localhost mme[420130]:                 pDUSessionAggregateMaximumBitRateUL: 100000000
Apr 12 18:10:54 localhost mme[420130]:             }
Apr 12 18:10:54 localhost mme[420130]:         }
Apr 12 18:10:54 localhost mme[420130]:         PDUSessionResourceSetupRequestTransferIEs ::= {
Apr 12 18:10:54 localhost mme[420130]:             id: 139
Apr 12 18:10:54 localhost mme[420130]:             criticality: 0 (reject)
Apr 12 18:10:54 localhost mme[420130]:             value: GTPTunnel ::= {
Apr 12 18:10:54 localhost mme[420130]:                 transportLayerAddress: AC 10 05 79
Apr 12 18:10:54 localhost mme[420130]:                 gTP-TEID: 80 00 00 00
Apr 12 18:10:54 localhost mme[420130]:             }
Apr 12 18:10:54 localhost mme[420130]:         }
Apr 12 18:10:54 localhost mme[420130]:         PDUSessionResourceSetupRequestTransferIEs ::= {
Apr 12 18:10:54 localhost mme[420130]:             id: 134
Apr 12 18:10:54 localhost mme[420130]:             criticality: 0 (reject)
Apr 12 18:10:54 localhost mme[420130]:             value: 0 (ipv4)
Apr 12 18:10:54 localhost mme[420130]:         }
Apr 12 18:10:54 localhost mme[420130]:         PDUSessionResourceSetupRequestTransferIEs ::= {
Apr 12 18:10:54 localhost mme[420130]:             id: 136
Apr 12 18:10:54 localhost mme[420130]:             criticality: 0 (reject)
Apr 12 18:10:54 localhost mme[420130]:             value: QosFlowSetupRequestList ::= {
Apr 12 18:10:54 localhost mme[420130]:                 QosFlowSetupRequestItem ::= {
Apr 12 18:10:54 localhost mme[420130]:                     qosFlowIdentifier: 9
Apr 12 18:10:54 localhost mme[420130]:                     qosFlowLevelQosParameters: QosFlowLevelQosParameters ::= {
Apr 12 18:10:54 localhost mme[420130]:                         qosCharacteristics: NonDynamic5QIDescriptor ::= {
Apr 12 18:10:54 localhost mme[420130]:                             fiveQI: 9
Apr 12 18:10:54 localhost mme[420130]:                         }
Apr 12 18:10:54 localhost mme[420130]:                         allocationAndRetentionPriority: AllocationAndRetentionPriority ::= {
Apr 12 18:10:54 localhost mme[420130]:                             priorityLevelARP: 15
Apr 12 18:10:54 localhost mme[420130]:                             pre-emptionCapability: 0 (shall-not-trigger-pre-emption)
Apr 12 18:10:54 localhost mme[420130]:                             pre-emptionVulnerability: 0 (not-pre-emptable)
Apr 12 18:10:54 localhost mme[420130]:                         }
Apr 12 18:10:54 localhost mme[420130]:                     }
Apr 12 18:10:54 localhost mme[420130]:                 }
Apr 12 18:10:54 localhost mme[420130]:             }
Apr 12 18:10:54 localhost mme[420130]:         }
Apr 12 18:10:54 localhost mme[420130]:     }
Apr 12 18:10:54 localhost mme[420130]: }
Apr 12 18:10:54 localhost sctpd[419727]: I0412 18:10:54.145407 420169 sctp_connection.cpp:195] Unhandled notification type 32777
Apr 12 18:10:54 localhost sessiond[419471]: I0412 18:10:54.148499 419471 SessionStateEnforcer.cpp:869]  AMF teid: 40000000 ip address 10.10.10.11 of imsi: IMSI222700000000001 fteid: 2147483648 pdu id: 1 UE ip address 192.168.128.104
Apr 12 18:10:54 localhost eventd[419546]: DEBUG:root:Logging event: stream_name: "sessiond"
Apr 12 18:10:54 localhost eventd[419546]: event_type: "session_created"
Apr 12 18:10:54 localhost eventd[419546]: tag: "IMSI222700000000001"
Apr 12 18:10:54 localhost eventd[419546]: value: "{\"mac_addr\":\"\",\"user_location\":\"\",\"spgw_ip\":\"\",\"imei\":\"\",\"pdp_start_time\":94801907679376,\"session_id\":\"IMSI222700000000001-291943\",\"apn\":\"default\",\"msisdn\":\"\",\"charging_characteristics\":\"\",\"ipv6_addr\":\"\",\"ip_addr\":\"192.168.128.104\",\"imsi\":\"IMSI222700000000001\"}"
Apr 12 18:10:54 localhost eventd[419546]: ERROR:root:Connection to FluentBit failed: [Errno 111] Connection refused
Apr 12 18:10:54 localhost eventd[419546]: INFO:root:FluentBit (td-agent-bit) may not be enabled or configured correctly
Apr 12 18:10:54 localhost sessiond[419471]: I0412 18:10:54.156497 419484 SessionEvents.cpp:131] Could not log session_created event {"mac_addr":"","user_location":"","spgw_ip":"","imei":"","pdp_start_time":94801907679376,"session_id":"IMSI222700000000001-291943","apn":"default","msisdn":"","charging_characteristics":"","ipv6_addr":"","ip_addr":"192.168.128.104","imsi":"IMSI222700000000001"}, Error Message: Could not connect to FluentBit locally, Details: [Errno 111] Connection refused
Apr 12 18:10:54 localhost mobilityd[419462]: INFO:root:Using GW info: {'default': {2: ('172.16.4.1', 'eth0')}, 2: [('172.16.4.1', 'eth0', True)]}
Apr 12 18:10:54 localhost mobilityd[419462]: INFO:root:GW-v6 probe: timer started
Apr 12 18:10:54 localhost control_proxy[419590]: 2022-04-12T18:10:54.668Z [127.0.0.1 -> state-controller.magmasi.wavelabs.in,8443] "POST /magma.orc8r.StateService/SyncStates HTTP/2" 200 5bytes 0.262s
Apr 12 18:10:54 localhost state[419543]: INFO:root:Successfully resynced state with Orchestrator!
Apr 12 18:10:55 localhost dhclient[601]: DHCPREQUEST for 172.16.5.121 on eth1 to 255.255.255.255 port 67 (xid=0x6123bf67)
Apr 12 18:10:56 localhost mme[420130]: InitiatingMessage ::= {
Apr 12 18:10:56 localhost mme[420130]:     procedureCode: 28
Apr 12 18:10:56 localhost mme[420130]:     criticality: 1 (ignore)
Apr 12 18:10:56 localhost mme[420130]:     value: PDUSessionResourceReleaseCommand ::= {
Apr 12 18:10:56 localhost mme[420130]:         protocolIEs: ProtocolIE-Container ::= {
Apr 12 18:10:56 localhost mme[420130]:             PDUSessionResourceReleaseCommandIEs ::= {
Apr 12 18:10:56 localhost mme[420130]:                 id: 10
Apr 12 18:10:56 localhost mme[420130]:                 criticality: 0 (reject)
Apr 12 18:10:56 localhost mme[420130]:                 value: 26
Apr 12 18:10:56 localhost mme[420130]:             }
Apr 12 18:10:56 localhost mme[420130]:             PDUSessionResourceReleaseCommandIEs ::= {
Apr 12 18:10:56 localhost mme[420130]:                 id: 85
Apr 12 18:10:56 localhost mme[420130]:                 criticality: 0 (reject)
Apr 12 18:10:56 localhost mme[420130]:                 value: 4294967295
Apr 12 18:10:56 localhost mme[420130]:             }
Apr 12 18:10:56 localhost mme[420130]:             PDUSessionResourceReleaseCommandIEs ::= {
Apr 12 18:10:56 localhost mme[420130]:                 id: 38
Apr 12 18:10:56 localhost mme[420130]:                 criticality: 0 (reject)
Apr 12 18:10:56 localhost mme[420130]:                 value:
Apr 12 18:10:56 localhost mme[420130]:                     7E 01 06 7F 83 2B 03 7E 00 68 01 00 05 2E 01 01
Apr 12 18:10:56 localhost mme[420130]:                     D3 24 12 01
Apr 12 18:10:56 localhost mme[420130]:             }
Apr 12 18:10:56 localhost mme[420130]:             PDUSessionResourceReleaseCommandIEs ::= {
Apr 12 18:10:56 localhost mme[420130]:                 id: 79
Apr 12 18:10:56 localhost mme[420130]:                 criticality: 0 (reject)
Apr 12 18:10:56 localhost mme[420130]:                 value: PDUSessionResourceToReleaseListRelCmd ::= {
Apr 12 18:10:56 localhost mme[420130]:                 }
Apr 12 18:10:56 localhost mme[420130]:             }
Apr 12 18:10:56 localhost mme[420130]:         }
Apr 12 18:10:56 localhost mme[420130]:     }
Apr 12 18:10:56 localhost mme[420130]: }
Apr 12 18:10:56 localhost sctpd[419727]: I0412 18:10:56.428189 420169 sctp_connection.cpp:195] Unhandled notification type 32777
Apr 12 18:10:57 localhost smsd[419555]: INFO:root:mme non_eps_service_config is not SMS_ORC8R, sleeping.
Apr 12 18:10:59 localhost magmad[419393]: INFO:root:[SyncRPC] Got heartBeat from cloud
Apr 12 18:11:02 localhost smsd[419555]: INFO:root:mme non_eps_service_config is not SMS_ORC8R, sleeping.
Apr 12 18:11:06 localhost dhclient[601]: DHCPREQUEST for 172.16.5.121 on eth1 to 255.255.255.255 port 67 (xid=0x6123bf67)
Apr 12 18:11:07 localhost smsd[419555]: INFO:root:mme non_eps_service_config is not SMS_ORC8R, sleeping.
Apr 12 18:11:09 localhost control_proxy[419590]: 2022-04-12T18:11:09.099Z [127.0.0.1 -> state-controller.magmasi.wavelabs.in,8443] "POST /magma.orc8r.StateService/ReportStates HTTP/2" 200 5bytes 0.514s
Apr 12 18:11:09 localhost magmad[419393]: INFO:root:Checkin Successful! Successfully sent states to the cloud!
Apr 12 18:11:10 localhost control_proxy[419590]: 2022-04-12T18:11:10.352Z [127.0.0.1 -> streamer-controller.magmasi.wavelabs.in,8443] "POST /magma.orc8r.Streamer/GetUpdates HTTP/2" 200 173bytes 0.276s
Apr 12 18:11:10 localhost policydb[419541]: INFO:root:Processing 4 policy updates (resync=True)
Apr 12 18:11:10 localhost control_proxy[419590]: 2022-04-12T18:11:10.352Z [127.0.0.1 -> streamer-controller.magmasi.wavelabs.in,8443] "POST /magma.orc8r.Streamer/GetUpdates HTTP/2" 200 7bytes 0.275s
Apr 12 18:11:10 localhost policydb[419541]: INFO:root:Processing 0 basename -> policy updates
Apr 12 18:11:11 localhost control_proxy[419590]: 2022-04-12T18:11:10.352Z [127.0.0.1 -> streamer-controller.magmasi.wavelabs.in,8443] "POST /magma.orc8r.Streamer/GetUpdates HTTP/2" 200 13513bytes 0.297s
Apr 12 18:11:11 localhost policydb[419541]: INFO:root:Processing 222 SID -> apn -> policy updates
Apr 12 18:11:11 localhost control_proxy[419590]: 2022-04-12T18:11:11.223Z [127.0.0.1 -> streamer-controller.magmasi.wavelabs.in,8443] "POST /magma.orc8r.Streamer/GetUpdates HTTP/2" 200 7bytes 0.264s
Apr 12 18:11:11 localhost policydb[419541]: INFO:root:Processing 0 rating group updates
Apr 12 18:11:12 localhost smsd[419555]: INFO:root:mme non_eps_service_config is not SMS_ORC8R, sleeping.
Apr 12 18:11:12 localhost sctpd[419727]: I0412 18:11:12.596422 420169 sctp_connection.cpp:195] Unhandled notification type 32777
Apr 12 18:11:14 localhost mobilityd[419462]: INFO:root:Using GW info: {'default': {2: ('172.16.4.1', 'eth0')}, 2: [('172.16.4.1', 'eth0', True)]}
Apr 12 18:11:14 localhost mobilityd[419462]: INFO:root:GW-v6 probe: timer started
Apr 12 18:11:17 localhost smsd[419555]: INFO:root:mme non_eps_service_config is not SMS_ORC8R, sleeping.
Apr 12 18:11:18 localhost dhclient[601]: DHCPREQUEST for 172.16.5.121 on eth1 to 255.255.255.255 port 67 (xid=0x6123bf67)
Apr 12 18:11:22 localhost smsd[419555]: INFO:root:mme non_eps_service_config is not SMS_ORC8R, sleeping.
Apr 12 18:11:27 localhost smsd[419555]: INFO:root:mme non_eps_service_config is not SMS_ORC8R, sleeping.
Apr 12 18:11:28 localhost sctpd[419727]: I0412 18:11:28.612411 420169 sctp_connection.cpp:195] Unhandled notification type 32777
Apr 12 18:11:32 localhost smsd[419555]: INFO:root:mme non_eps_service_config is not SMS_ORC8R, sleeping.
Apr 12 18:11:34 localhost dhclient[601]: DHCPREQUEST for 172.16.5.121 on eth1 to 255.255.255.255 port 67 (xid=0x6123bf67)
Apr 12 18:11:34 localhost mobilityd[419462]: INFO:root:Using GW info: {'default': {2: ('172.16.4.1', 'eth0')}, 2: [('172.16.4.1', 'eth0', True)]}
Apr 12 18:11:34 localhost mobilityd[419462]: INFO:root:GW-v6 probe: timer started
Apr 12 18:11:37 localhost smsd[419555]: INFO:root:mme non_eps_service_config is not SMS_ORC8R, sleeping.
Apr 12 18:11:40 localhost magmad[419393]: ERROR:root:Metrics upload error for service subscriberdb (chunk 0)! [StatusCode.DEADLINE_EXCEEDED] Deadline Exceeded
Apr 12 18:11:40 localhost magmad[419393]: ERROR:root:Metrics upload error for service mobilityd (chunk 0)! [StatusCode.DEADLINE_EXCEEDED] Deadline Exceeded
Apr 12 18:11:40 localhost magmad[419393]: ERROR:root:Metrics upload error for service mme (chunk 0)! [StatusCode.DEADLINE_EXCEEDED] Deadline Exceeded
Apr 12 18:11:40 localhost magmad[419393]: ERROR:root:Metrics upload error for service magmad (chunk 0)! [StatusCode.DEADLINE_EXCEEDED] Deadline Exceeded
Apr 12 18:11:40 localhost magmad[419393]: ERROR:root:Metrics upload error for service enodebd (chunk 0)! [StatusCode.DEADLINE_EXCEEDED] Deadline Exceeded
Apr 12 18:11:40 localhost magmad[419393]: ERROR:root:Metrics upload error for service pipelined (chunk 0)! [StatusCode.DEADLINE_EXCEEDED] Deadline Exceeded
Apr 12 18:11:40 localhost magmad[419393]: ERROR:root:Metrics upload error for service state (chunk 0)! [StatusCode.DEADLINE_EXCEEDED] Deadline Exceeded
Apr 12 18:11:40 localhost magmad[419393]: ERROR:root:Metrics upload error for service sessiond (chunk 0)! [StatusCode.DEADLINE_EXCEEDED] Deadline Exceeded
Apr 12 18:11:42 localhost smsd[419555]: INFO:root:mme non_eps_service_config is not SMS_ORC8R, sleeping.
Apr 12 18:11:44 localhost sctpd[419727]: I0412 18:11:44.616374 420169 sctp_connection.cpp:195] Unhandled notification type 32777
Apr 12 18:11:47 localhost dhclient[601]: DHCPREQUEST for 172.16.5.121 on eth1 to 255.255.255.255 port 67 (xid=0x6123bf67)
Apr 12 18:11:47 localhost smsd[419555]: INFO:root:mme non_eps_service_config is not SMS_ORC8R, sleeping.
Apr 12 18:11:52 localhost smsd[419555]: INFO:root:mme non_eps_service_config is not SMS_ORC8R, sleeping.
Apr 12 18:11:54 localhost mobilityd[419462]: INFO:root:Using GW info: {'default': {2: ('172.16.4.1', 'eth0')}, 2: [('172.16.4.1', 'eth0', True)]}
Apr 12 18:11:54 localhost mobilityd[419462]: INFO:root:GW-v6 probe: timer started
Apr 12 18:11:57 localhost smsd[419555]: INFO:root:mme non_eps_service_config is not SMS_ORC8R, sleeping.
Apr 12 18:11:59 localhost magmad[419393]: INFO:root:[SyncRPC] Got heartBeat from cloud
Apr 12 18:12:00 localhost sctpd[419727]: I0412 18:12:00.636440 420169 sctp_connection.cpp:195] Unhandled notification type 32777
Apr 12 18:12:02 localhost smsd[419555]: INFO:root:mme non_eps_service_config is not SMS_ORC8R, sleeping.
Apr 12 18:12:07 localhost dhclient[601]: DHCPREQUEST for 172.16.5.121 on eth1 to 255.255.255.255 port 67 (xid=0x6123bf67)
Apr 12 18:12:07 localhost smsd[419555]: INFO:root:mme non_eps_service_config is not SMS_ORC8R, sleeping.
Apr 12 18:12:10 localhost magmad[419393]: INFO:root:Setting logging level to INFO
Apr 12 18:12:12 localhost control_proxy[419590]: 2022-04-12T18:12:11.544Z [127.0.0.1 -> streamer-controller.magmasi.wavelabs.in,8443] "POST /magma.orc8r.Streamer/GetUpdates HTTP/2" 200 173bytes 0.529s
Apr 12 18:12:12 localhost policydb[419541]: INFO:root:Processing 4 policy updates (resync=True)
Apr 12 18:12:12 localhost control_proxy[419590]: 2022-04-12T18:12:12.076Z [127.0.0.1 -> streamer-controller.magmasi.wavelabs.in,8443] "POST /magma.orc8r.Streamer/GetUpdates HTTP/2" 200 7bytes 0.266s
Apr 12 18:12:12 localhost policydb[419541]: INFO:root:Processing 0 basename -> policy updates
Apr 12 18:12:12 localhost control_proxy[419590]: 2022-04-12T18:12:12.076Z [127.0.0.1 -> streamer-controller.magmasi.wavelabs.in,8443] "POST /magma.orc8r.Streamer/GetUpdates HTTP/2" 200 13513bytes 0.303s
Apr 12 18:12:12 localhost policydb[419541]: INFO:root:Processing 222 SID -> apn -> policy updates
Apr 12 18:12:12 localhost smsd[419555]: INFO:root:mme non_eps_service_config is not SMS_ORC8R, sleeping.
Apr 12 18:12:12 localhost control_proxy[419590]: 2022-04-12T18:12:12.076Z [127.0.0.1 -> streamer-controller.magmasi.wavelabs.in,8443] "POST /magma.orc8r.Streamer/GetUpdates HTTP/2" 200 7bytes 0.261s
Apr 12 18:12:12 localhost policydb[419541]: INFO:root:Processing 0 rating group updates
Apr 12 18:12:14 localhost mobilityd[419462]: INFO:root:Using GW info: {'default': {2: ('172.16.4.1', 'eth0')}, 2: [('172.16.4.1', 'eth0', True)]}
Apr 12 18:12:14 localhost mobilityd[419462]: INFO:root:GW-v6 probe: timer started
Apr 12 18:12:15 localhost dhclient[601]: DHCPREQUEST for 172.16.5.121 on eth1 to 255.255.255.255 port 67 (xid=0x6123bf67)
Apr 12 18:12:16 localhost sessiond[419471]: I0412 18:12:16.434433 419471 SetMessageManagerHandler.cpp:142] Release request for session from IMSI: IMSI222700000000001 pdu_id 1
Apr 12 18:12:16 localhost mobilityd[419462]: INFO:root:Released IP 192.168.128.104 for sid IMSI222700000000001
Apr 12 18:12:16 localhost eventd[419546]: DEBUG:root:Logging event: stream_name: "sessiond"
Apr 12 18:12:16 localhost eventd[419546]: event_type: "session_terminated"
Apr 12 18:12:16 localhost eventd[419546]: tag: "IMSI222700000000001"
Apr 12 18:12:16 localhost eventd[419546]: value: "{\"mac_addr\":\"\",\"user_location\":\"\",\"spgw_ip\":\"\",\"imei\":\"\",\"record_sequence_number\":1,\"pdp_end_time\":94801907678368,\"charging_rx\":0,\"duration\":-1008,\"ip_addr\":\"192.168.128.104\",\"monitoring_tx\":0,\"ipv6_addr\":\"\",\"msisdn\":\"\",\"apn\":\"default\",\"session_id\":\"IMSI222700000000001-291943\",\"list_of_service_data\":[],\"charging_characteristics\":\"\",\"total_tx\":0,\"cause_for_rec_closing\":0,\"imsi\":\"IMSI222700000000001\",\"total_rx\":0,\"monitoring_rx\":0,\"charging_tx\":0,\"pdp_start_time\":94801907679376}"
Apr 12 18:12:16 localhost policydb[419541]: INFO:root:Terminating session: IMSI222700000000001-291943
Apr 12 18:12:16 localhost eventd[419546]: ERROR:root:Connection to FluentBit failed: [Errno 111] Connection refused
Apr 12 18:12:16 localhost eventd[419546]: INFO:root:FluentBit (td-agent-bit) may not be enabled or configured correctly
Apr 12 18:12:16 localhost sessiond[419471]: I0412 18:12:16.467355 419484 SessionEvents.cpp:291] Could not log session_terminated event {"mac_addr":"","user_location":"","spgw_ip":"","imei":"","record_sequence_number":1,"pdp_end_time":94801907678368,"charging_rx":0,"duration":-1008,"ip_addr":"192.168.128.104","monitoring_tx":0,"ipv6_addr":"","msisdn":"","apn":"default","session_id":"IMSI222700000000001-291943","list_of_service_data":[],"charging_characteristics":"","total_tx":0,"cause_for_rec_closing":0,"imsi":"IMSI222700000000001","total_rx":0,"monitoring_rx":0,"charging_tx":0,"pdp_start_time":94801907679376}, Error Message: Could not connect to FluentBit locally, Details: [Errno 111] Connection refused
Apr 12 18:12:17 localhost smsd[419555]: INFO:root:mme non_eps_service_config is not SMS_ORC8R, sleeping.
Apr 12 18:12:21 localhost sessiond[419471]: I0412 18:12:21.435245 419471 SessionStateEnforcer.cpp:377] Nothing to remove as no respective entry found for session id IMSI222700000000001-291943 of IMSI IMSI222700000000001
Apr 12 18:12:22 localhost smsd[419555]: INFO:root:mme non_eps_service_config is not SMS_ORC8R, sleeping.
Apr 12 18:12:24 localhost dhclient[601]: DHCPREQUEST for 172.16.5.121 on eth1 to 255.255.255.255 port 67 (xid=0x6123bf67)
Apr 12 18:12:25 localhost sctpd[419727]: I0412 18:12:25.557252 420169 sctp_connection.cpp:195] Unhandled notification type 32776
Apr 12 18:12:26 localhost sctpd[419727]: I0412 18:12:26.617808 420169 sctp_connection.cpp:195] Unhandled notification type 32777
Apr 12 18:12:26 localhost sctpd[419727]: I0412 18:12:26.853204 420169 sctp_connection.cpp:195] Unhandled notification type 32777
Apr 12 18:12:26 localhost sctpd[419727]: I0412 18:12:26.973644 420169 sctp_connection.cpp:195] Unhandled notification type 32777
Apr 12 18:12:26 localhost mme[420130]: [DEBUG] Sending S6A-UPDATE_LOCATION_REQUEST with IMSI: 222700000000001
Apr 12 18:12:26 localhost mme[420130]: [INFO] Received S6A-LOCATION-UPDATE_ANSWER for IMSI: 222700000000001; Status: ; StatusCode: 2001
Apr 12 18:12:26 localhost mme[420130]: [INFO] sent itti S6A-LOCATION-UPDATE_ANSWER for IMSI: 222700000000001
Apr 12 18:12:27 localhost sctpd[419727]: I0412 18:12:27.089648 420169 sctp_connection.cpp:195] Unhandled notification type 32777
Apr 12 18:12:27 localhost sctpd[419727]: I0412 18:12:27.496482 420169 sctp_connection.cpp:195] Unhandled notification type 32777
Apr 12 18:12:27 localhost smsd[419555]: INFO:root:mme non_eps_service_config is not SMS_ORC8R, sleeping.
Apr 12 18:12:29 localhost control_proxy[419590]: 2022-04-12T18:12:28.654Z [127.0.0.1 -> state-controller.magmasi.wavelabs.in,8443] "POST /magma.orc8r.StateService/ReportStates HTTP/2" 200 5bytes 0.400s
Apr 12 18:12:29 localhost magmad[419393]: INFO:root:Checkin Successful! Successfully sent states to the cloud!
Apr 12 18:12:32 localhost smsd[419555]: INFO:root:mme non_eps_service_config is not SMS_ORC8R, sleeping.
Apr 12 18:12:32 localhost mme[420130]: [DEBUG] Sending S6A-UPDATE_LOCATION_REQUEST with IMSI: 222700000000001
Apr 12 18:12:32 localhost mme[420130]: [INFO] Received S6A-LOCATION-UPDATE_ANSWER for IMSI: 222700000000001; Status: ; StatusCode: 2001
Apr 12 18:12:32 localhost mme[420130]: [INFO] sent itti S6A-LOCATION-UPDATE_ANSWER for IMSI: 222700000000001
Apr 12 18:12:33 localhost sctpd[419727]: I0412 18:12:33.192427 420169 sctp_connection.cpp:195] Unhandled notification type 32777
Apr 12 18:12:34 localhost mobilityd[419462]: INFO:root:Using GW info: {'default': {2: ('172.16.4.1', 'eth0')}, 2: [('172.16.4.1', 'eth0', True)]}
Apr 12 18:12:34 localhost mobilityd[419462]: INFO:root:GW-v6 probe: timer started
Apr 12 18:12:38 localhost smsd[419555]: INFO:root:mme non_eps_service_config is not SMS_ORC8R, sleeping.
Apr 12 18:12:38 localhost mme[420130]: [DEBUG] Sending S6A-UPDATE_LOCATION_REQUEST with IMSI: 222700000000001
Apr 12 18:12:39 localhost mme[420130]: [INFO] Received S6A-LOCATION-UPDATE_ANSWER for IMSI: 222700000000001; Status: ; StatusCode: 2001
Apr 12 18:12:39 localhost mme[420130]: [INFO] sent itti S6A-LOCATION-UPDATE_ANSWER for IMSI: 222700000000001
Apr 12 18:12:39 localhost dhclient[601]: DHCPREQUEST for 172.16.5.121 on eth1 to 255.255.255.255 port 67 (xid=0x6123bf67)
Apr 12 18:12:43 localhost smsd[419555]: INFO:root:mme non_eps_service_config is not SMS_ORC8R, sleeping.
Apr 12 18:12:43 localhost sctpd[419727]: I0412 18:12:43.966557 420169 sctp_connection.cpp:195] Unhandled notification type 32776
Apr 12 18:12:44 localhost mme[420130]: [DEBUG] Sending S6A-UPDATE_LOCATION_REQUEST with IMSI: 222700000000001
Apr 12 18:12:45 localhost mme[420130]: [INFO] Received S6A-LOCATION-UPDATE_ANSWER for IMSI: 222700000000001; Status: ; StatusCode: 2001
Apr 12 18:12:45 localhost mme[420130]: [INFO] sent itti S6A-LOCATION-UPDATE_ANSWER for IMSI: 222700000000001
Apr 12 18:12:45 localhost sctpd[419727]: I0412 18:12:45.025171 420169 sctp_connection.cpp:195] Unhandled notification type 32777
Apr 12 18:12:48 localhost smsd[419555]: INFO:root:mme non_eps_service_config is not SMS_ORC8R, sleeping.
Apr 12 18:12:51 localhost mme[420130]: [DEBUG] Sending S6A-UPDATE_LOCATION_REQUEST with IMSI: 222700000000001
Apr 12 18:12:51 localhost mme[420130]: [INFO] Received S6A-LOCATION-UPDATE_ANSWER for IMSI: 222700000000001; Status: ; StatusCode: 2001
Apr 12 18:12:51 localhost mme[420130]: [INFO] sent itti S6A-LOCATION-UPDATE_ANSWER for IMSI: 222700000000001
Apr 12 18:12:53 localhost smsd[419555]: INFO:root:mme non_eps_service_config is not SMS_ORC8R, sleeping.
Apr 12 18:12:54 localhost control_proxy[419590]: 2022-04-12T18:11:53.528Z [127.0.0.1 -> streamer-controller.magmasi.wavelabs.in,8443] "POST /magma.orc8r.Streamer/GetUpdates HTTP/2" 200 0bytes 60.550s
Apr 12 18:12:54 localhost magmad[419393]: ERROR:root:Error! Streaming from the cloud failed! [StatusCode.ABORTED] error while streaming updates: rpc error: code = DeadlineExceeded desc = context deadline exceeded
Apr 12 18:12:54 localhost mobilityd[419462]: INFO:root:Using GW info: {'default': {2: ('172.16.4.1', 'eth0')}, 2: [('172.16.4.1', 'eth0', True)]}
Apr 12 18:12:54 localhost mobilityd[419462]: INFO:root:GW-v6 probe: timer started
Apr 12 18:12:56 localhost dhclient[601]: DHCPREQUEST for 172.16.5.121 on eth1 to 255.255.255.255 port 67 (xid=0x6123bf67)
Apr 12 18:12:58 localhost smsd[419555]: INFO:root:mme non_eps_service_config is not SMS_ORC8R, sleeping.
Apr 12 18:12:58 localhost magmad[419393]: ERROR:root:Metrics upload error for service subscriberdb (chunk 0)! [StatusCode.DEADLINE_EXCEEDED] Deadline Exceeded
Apr 12 18:12:58 localhost magmad[419393]: ERROR:root:Metrics upload error for service mobilityd (chunk 0)! [StatusCode.DEADLINE_EXCEEDED] Deadline Exceeded
Apr 12 18:12:58 localhost magmad[419393]: ERROR:root:Metrics upload error for service mme (chunk 0)! [StatusCode.DEADLINE_EXCEEDED] Deadline Exceeded
Apr 12 18:12:58 localhost magmad[419393]: ERROR:root:Metrics upload error for service magmad (chunk 0)! [StatusCode.DEADLINE_EXCEEDED] Deadline Exceeded
Apr 12 18:12:58 localhost magmad[419393]: ERROR:root:Metrics upload error for service enodebd (chunk 0)! [StatusCode.DEADLINE_EXCEEDED] Deadline Exceeded
Apr 12 18:12:58 localhost magmad[419393]: ERROR:root:Metrics upload error for service pipelined (chunk 0)! [StatusCode.DEADLINE_EXCEEDED] Deadline Exceeded
Apr 12 18:12:58 localhost magmad[419393]: ERROR:root:Metrics upload error for service state (chunk 0)! [StatusCode.DEADLINE_EXCEEDED] Deadline Exceeded
Apr 12 18:12:58 localhost magmad[419393]: ERROR:root:Metrics upload error for service sessiond (chunk 0)! [StatusCode.DEADLINE_EXCEEDED] Deadline Exceeded
Apr 12 18:12:59 localhost magmad[419393]: INFO:root:[SyncRPC] Got heartBeat from cloud
Apr 12 18:13:02 localhost subscriberdb[419460]: INFO:root:get digest stored in gateway:
Apr 12 18:13:03 localhost control_proxy[419590]: 2022-04-12T18:13:02.858Z [127.0.0.1 -> subscriberdb-controller.magmasi.wavelabs.in,8443] "POST /magma.lte.SubscriberDBCloud/CheckInSync HTTP/2" 200 0bytes 0.252s
Apr 12 18:13:03 localhost subscriberdb[419460]: ERROR:root:Internal Error in subscriberdb-Orc8r communication. If AGW and Orc8r are deployed at a commit hash, upgrade AGW and Orc8r to latest commit hash.
Apr 12 18:13:03 localhost smsd[419555]: INFO:root:mme non_eps_service_config is not SMS_ORC8R, sleeping.
Apr 12 18:13:03 localhost control_proxy[419590]: 2022-04-12T18:13:03.114Z [127.0.0.1 -> subscriberdb-controller.magmasi.wavelabs.in,8443] "POST /magma.lte.SubscriberDBCloud/Sync HTTP/2" 200 0bytes 0.255s
Apr 12 18:13:03 localhost subscriberdb[419460]: ERROR:root:Internal Error in subscriberdb-Orc8r communication. If AGW and Orc8r are deployed at a commit hash, upgrade AGW and Orc8r to latest commit hash.
Apr 12 18:13:03 localhost control_proxy[419590]: 2022-04-12T18:13:03.114Z [127.0.0.1 -> subscriberdb-controller.magmasi.wavelabs.in,8443] "POST /magma.lte.SubscriberDBCloud/ListSubscribers HTTP/2" 200 44088bytes 0.562s
Apr 12 18:13:03 localhost subscriberdb[419460]: INFO:root:Successfully fetched all subscriber pages from the cloud!
Apr 12 18:13:04 localhost subscriberdb[419460]: INFO:root:update root digest stored in gateway:
Apr 12 18:13:06 localhost sctpd[419727]: I0412 18:13:06.862848 420169 sctp_connection.cpp:195] Unhandled notification type 32776
Apr 12 18:13:07 localhost sctpd[419727]: I0412 18:13:07.921089 420169 sctp_connection.cpp:195] Unhandled notification type 32777
Apr 12 18:13:08 localhost dhclient[601]: DHCPREQUEST for 172.16.5.121 on eth1 to 255.255.255.255 port 67 (xid=0x6123bf67)
