Apr  5 01:28:25 localhost smsd[2866142]: INFO:root:mme non_eps_service_config is not SMS_ORC8R, sleeping.
Apr  5 01:28:29 localhost dhclient[601]: DHCPREQUEST for 172.16.5.121 on eth1 to 172.16.5.2 port 67 (xid=0x25c866c5)
Apr  5 01:28:30 localhost smsd[2866142]: INFO:root:mme non_eps_service_config is not SMS_ORC8R, sleeping.
Apr  5 01:28:31 localhost sctpd[2866333]: I0405 01:28:31.067232 2866777 sctp_connection.cpp:195] Unhandled notification type 32776
Apr  5 01:28:32 localhost sctpd[2866333]: I0405 01:28:32.135721 2866777 sctp_connection.cpp:195] Unhandled notification type 32777
Apr  5 01:28:33 localhost magmad[2865981]: INFO:root:Setting logging level to INFO
Apr  5 01:28:35 localhost smsd[2866142]: INFO:root:mme non_eps_service_config is not SMS_ORC8R, sleeping.
Apr  5 01:28:36 localhost mobilityd[2866051]: INFO:root:Using GW info: {'default': {2: ('172.16.4.1', 'eth0')}, 2: [('172.16.4.1', 'eth0', True)]}
Apr  5 01:28:36 localhost mobilityd[2866051]: INFO:root:GW-v6 probe: timer started
Apr  5 01:28:40 localhost smsd[2866142]: INFO:root:mme non_eps_service_config is not SMS_ORC8R, sleeping.
Apr  5 01:28:45 localhost dhclient[601]: DHCPREQUEST for 172.16.5.121 on eth1 to 172.16.5.2 port 67 (xid=0x25c866c5)
Apr  5 01:28:45 localhost smsd[2866142]: INFO:root:mme non_eps_service_config is not SMS_ORC8R, sleeping.
Apr  5 01:28:48 localhost sctpd[2866333]: I0405 01:28:48.662786 2866777 sctp_connection.cpp:195] Unhandled notification type 32776
Apr  5 01:28:51 localhost smsd[2866142]: INFO:root:mme non_eps_service_config is not SMS_ORC8R, sleeping.
Apr  5 01:28:52 localhost magmad[2865981]: ERROR:root:Metrics upload error for service subscriberdb (chunk 0)! [StatusCode.DEADLINE_EXCEEDED] Deadline Exceeded
Apr  5 01:28:52 localhost magmad[2865981]: ERROR:root:Metrics upload error for service mobilityd (chunk 0)! [StatusCode.DEADLINE_EXCEEDED] Deadline Exceeded
Apr  5 01:28:52 localhost magmad[2865981]: ERROR:root:Metrics upload error for service mme (chunk 0)! [StatusCode.DEADLINE_EXCEEDED] Deadline Exceeded
Apr  5 01:28:52 localhost magmad[2865981]: ERROR:root:Metrics upload error for service magmad (chunk 0)! [StatusCode.DEADLINE_EXCEEDED] Deadline Exceeded
Apr  5 01:28:52 localhost magmad[2865981]: ERROR:root:Metrics upload error for service enodebd (chunk 0)! [StatusCode.DEADLINE_EXCEEDED] Deadline Exceeded
Apr  5 01:28:52 localhost magmad[2865981]: ERROR:root:Metrics upload error for service pipelined (chunk 0)! [StatusCode.DEADLINE_EXCEEDED] Deadline Exceeded
Apr  5 01:28:52 localhost magmad[2865981]: ERROR:root:Metrics upload error for service state (chunk 0)! [StatusCode.DEADLINE_EXCEEDED] Deadline Exceeded
Apr  5 01:28:52 localhost magmad[2865981]: ERROR:root:Metrics upload error for service sessiond (chunk 0)! [StatusCode.DEADLINE_EXCEEDED] Deadline Exceeded
Apr  5 01:28:52 localhost control_proxy[2866221]: 2022-04-05T01:28:52.256Z [127.0.0.1 -> state-controller.magmasi.wavelabs.in,8443] "POST /magma.orc8r.StateService/ReportStates HTTP/2" 200 5bytes 0.507s
Apr  5 01:28:52 localhost magmad[2865981]: INFO:root:Checkin Successful! Successfully sent states to the cloud!
Apr  5 01:28:56 localhost mobilityd[2866051]: INFO:root:Using GW info: {'default': {2: ('172.16.4.1', 'eth0')}, 2: [('172.16.4.1', 'eth0', True)]}
Apr  5 01:28:56 localhost mobilityd[2866051]: INFO:root:GW-v6 probe: timer started
Apr  5 01:28:56 localhost smsd[2866142]: INFO:root:mme non_eps_service_config is not SMS_ORC8R, sleeping.
Apr  5 01:28:58 localhost sctpd[2866333]: I0405 01:28:58.548265 2866777 sctp_connection.cpp:195] Unhandled notification type 32777
Apr  5 01:28:58 localhost sctpd[2866333]: I0405 01:28:58.778009 2866777 sctp_connection.cpp:195] Unhandled notification type 32777
Apr  5 01:28:58 localhost sctpd[2866333]: I0405 01:28:58.887665 2866777 sctp_connection.cpp:195] Unhandled notification type 32777
Apr  5 01:28:58 localhost sctpd[2866333]: I0405 01:28:58.998314 2866777 sctp_connection.cpp:195] Unhandled notification type 32777
Apr  5 01:28:59 localhost mme[2866731]: [SIG][D]MME_UNIT_TEST Flag is Disabled
Apr  5 01:28:59 localhost mme[2866731]: filename /var/run/mme.pid failed to be written
Apr  5 01:28:59 localhost mme[2866731]: [DEBUG] Sending S6A-UPDATE_LOCATION_REQUEST with IMSI: 222700000000001
Apr  5 01:28:59 localhost mme[2866731]: [INFO] Received S6A-LOCATION-UPDATE_ANSWER for IMSI: 222700000000001; Status: ; StatusCode: 2001
Apr  5 01:28:59 localhost mme[2866731]: [INFO] sent itti S6A-LOCATION-UPDATE_ANSWER for IMSI: 222700000000001
Apr  5 01:28:59 localhost sctpd[2866333]: I0405 01:28:59.110580 2866777 sctp_connection.cpp:195] Unhandled notification type 32777
Apr  5 01:29:00 localhost sctpd[2866333]: I0405 01:29:00.534458 2866777 sctp_connection.cpp:195] Unhandled notification type 32777
Apr  5 01:29:01 localhost smsd[2866142]: INFO:root:mme non_eps_service_config is not SMS_ORC8R, sleeping.
Apr  5 01:29:02 localhost dhclient[601]: DHCPREQUEST for 172.16.5.121 on eth1 to 172.16.5.2 port 67 (xid=0x25c866c5)
Apr  5 01:29:06 localhost smsd[2866142]: INFO:root:mme non_eps_service_config is not SMS_ORC8R, sleeping.
Apr  5 01:29:11 localhost smsd[2866142]: INFO:root:mme non_eps_service_config is not SMS_ORC8R, sleeping.
Apr  5 01:29:13 localhost magmad[2865981]: INFO:root:Checking for upgrade...
Apr  5 01:29:13 localhost magmad[2865981]: WARNING:root:magmad package_version config missing or set to default 0.0.0-0, skipping upgrade
Apr  5 01:29:13 localhost control_proxy[2866221]: 2022-04-05T01:28:13.051Z [127.0.0.1 -> streamer-controller.magmasi.wavelabs.in,8443] "POST /magma.orc8r.Streamer/GetUpdates HTTP/2" 200 0bytes 60.377s
Apr  5 01:29:13 localhost magmad[2865981]: ERROR:root:Error! Streaming from the cloud failed! [StatusCode.ABORTED] error while streaming updates: rpc error: code = DeadlineExceeded desc = context deadline exceeded
Apr  5 01:29:13 localhost dhclient[601]: DHCPREQUEST for 172.16.5.121 on eth1 to 172.16.5.2 port 67 (xid=0x25c866c5)
Apr  5 01:29:16 localhost mobilityd[2866051]: INFO:root:Using GW info: {'default': {2: ('172.16.4.1', 'eth0')}, 2: [('172.16.4.1', 'eth0', True)]}
Apr  5 01:29:16 localhost mobilityd[2866051]: INFO:root:GW-v6 probe: timer started
Apr  5 01:29:16 localhost smsd[2866142]: INFO:root:mme non_eps_service_config is not SMS_ORC8R, sleeping.
Apr  5 01:29:16 localhost magmad[2865981]: INFO:root:[SyncRPC] Got heartBeat from cloud
Apr  5 01:29:16 localhost sctpd[2866333]: I0405 01:29:16.856986 2866777 sctp_connection.cpp:195] Unhandled notification type 32776
Apr  5 01:29:17 localhost sctpd[2866333]: I0405 01:29:17.911873 2866777 sctp_connection.cpp:195] Unhandled notification type 32777
Apr  5 01:29:18 localhost sctpd[2866333]: I0405 01:29:18.148313 2866777 sctp_connection.cpp:195] Unhandled notification type 32777
Apr  5 01:29:18 localhost sctpd[2866333]: I0405 01:29:18.266680 2866777 sctp_connection.cpp:195] Unhandled notification type 32777
Apr  5 01:29:18 localhost mme[2866731]: [DEBUG] Sending S6A-UPDATE_LOCATION_REQUEST with IMSI: 222700000000001
Apr  5 01:29:18 localhost mme[2866731]: [INFO] Received S6A-LOCATION-UPDATE_ANSWER for IMSI: 222700000000001; Status: ; StatusCode: 2001
Apr  5 01:29:18 localhost mme[2866731]: [INFO] sent itti S6A-LOCATION-UPDATE_ANSWER for IMSI: 222700000000001
Apr  5 01:29:18 localhost sctpd[2866333]: I0405 01:29:18.382663 2866777 sctp_connection.cpp:195] Unhandled notification type 32777
Apr  5 01:29:18 localhost sctpd[2866333]: I0405 01:29:18.850211 2866777 sctp_connection.cpp:195] Unhandled notification type 32777
Apr  5 01:29:19 localhost control_proxy[2866221]: 2022-04-05T01:29:18.960Z [127.0.0.1 -> streamer-controller.magmasi.wavelabs.in,8443] "POST /magma.orc8r.Streamer/GetUpdates HTTP/2" 200 173bytes 0.284s
Apr  5 01:29:19 localhost policydb[2866123]: INFO:root:Processing 4 policy updates (resync=True)
Apr  5 01:29:19 localhost control_proxy[2866221]: 2022-04-05T01:29:19.248Z [127.0.0.1 -> streamer-controller.magmasi.wavelabs.in,8443] "POST /magma.orc8r.Streamer/GetUpdates HTTP/2" 200 7bytes 0.278s
Apr  5 01:29:19 localhost policydb[2866123]: INFO:root:Processing 0 basename -> policy updates
Apr  5 01:29:19 localhost control_proxy[2866221]: 2022-04-05T01:29:19.248Z [127.0.0.1 -> streamer-controller.magmasi.wavelabs.in,8443] "POST /magma.orc8r.Streamer/GetUpdates HTTP/2" 200 13513bytes 0.293s
Apr  5 01:29:19 localhost policydb[2866123]: INFO:root:Processing 222 SID -> apn -> policy updates
Apr  5 01:29:20 localhost control_proxy[2866221]: 2022-04-05T01:29:19.248Z [127.0.0.1 -> streamer-controller.magmasi.wavelabs.in,8443] "POST /magma.orc8r.Streamer/GetUpdates HTTP/2" 200 7bytes 0.271s
Apr  5 01:29:20 localhost policydb[2866123]: INFO:root:Processing 0 rating group updates
Apr  5 01:29:21 localhost smsd[2866142]: INFO:root:mme non_eps_service_config is not SMS_ORC8R, sleeping.
Apr  5 01:29:26 localhost smsd[2866142]: INFO:root:mme non_eps_service_config is not SMS_ORC8R, sleeping.
Apr  5 01:29:26 localhost dhclient[601]: DHCPREQUEST for 172.16.5.121 on eth1 to 172.16.5.2 port 67 (xid=0x25c866c5)
Apr  5 01:29:31 localhost smsd[2866142]: INFO:root:mme non_eps_service_config is not SMS_ORC8R, sleeping.
Apr  5 01:29:35 localhost sctpd[2866333]: I0405 01:29:35.698408 2866777 sctp_connection.cpp:195] Unhandled notification type 32776
Apr  5 01:29:35 localhost sctpd[2866333]: I0405 01:29:35.829648 2866777 sctp_connection.cpp:195] Unhandled notification type 32776
Apr  5 01:29:36 localhost mobilityd[2866051]: INFO:root:Using GW info: {'default': {2: ('172.16.4.1', 'eth0')}, 2: [('172.16.4.1', 'eth0', True)]}
Apr  5 01:29:36 localhost mobilityd[2866051]: INFO:root:GW-v6 probe: timer started
Apr  5 01:29:36 localhost smsd[2866142]: INFO:root:mme non_eps_service_config is not SMS_ORC8R, sleeping.
Apr  5 01:29:36 localhost sctpd[2866333]: I0405 01:29:36.891957 2866777 sctp_connection.cpp:195] Unhandled notification type 32777
Apr  5 01:29:37 localhost sctpd[2866333]: I0405 01:29:37.007185 2866777 sctp_connection.cpp:195] Unhandled notification type 32777
Apr  5 01:29:41 localhost smsd[2866142]: INFO:root:mme non_eps_service_config is not SMS_ORC8R, sleeping.
Apr  5 01:29:41 localhost dhclient[601]: DHCPREQUEST for 172.16.5.121 on eth1 to 172.16.5.2 port 67 (xid=0x25c866c5)
Apr  5 01:29:43 localhost magmad[2865981]: ERROR:root:Metrics upload error for service subscriberdb (chunk 0)! [StatusCode.DEADLINE_EXCEEDED] Deadline Exceeded
Apr  5 01:29:43 localhost magmad[2865981]: ERROR:root:Metrics upload error for service mobilityd (chunk 0)! [StatusCode.DEADLINE_EXCEEDED] Deadline Exceeded
Apr  5 01:29:43 localhost magmad[2865981]: ERROR:root:Metrics upload error for service mme (chunk 0)! [StatusCode.DEADLINE_EXCEEDED] Deadline Exceeded
Apr  5 01:29:43 localhost magmad[2865981]: ERROR:root:Metrics upload error for service magmad (chunk 0)! [StatusCode.DEADLINE_EXCEEDED] Deadline Exceeded
Apr  5 01:29:43 localhost magmad[2865981]: ERROR:root:Metrics upload error for service enodebd (chunk 0)! [StatusCode.DEADLINE_EXCEEDED] Deadline Exceeded
Apr  5 01:29:43 localhost magmad[2865981]: ERROR:root:Metrics upload error for service pipelined (chunk 0)! [StatusCode.DEADLINE_EXCEEDED] Deadline Exceeded
Apr  5 01:29:43 localhost magmad[2865981]: ERROR:root:Metrics upload error for service state (chunk 0)! [StatusCode.DEADLINE_EXCEEDED] Deadline Exceeded
Apr  5 01:29:43 localhost magmad[2865981]: ERROR:root:Metrics upload error for service sessiond (chunk 0)! [StatusCode.DEADLINE_EXCEEDED] Deadline Exceeded
Apr  5 01:29:46 localhost smsd[2866142]: INFO:root:mme non_eps_service_config is not SMS_ORC8R, sleeping.
Apr  5 01:29:51 localhost smsd[2866142]: INFO:root:mme non_eps_service_config is not SMS_ORC8R, sleeping.
Apr  5 01:29:53 localhost sctpd[2866333]: I0405 01:29:53.260426 2866777 sctp_connection.cpp:195] Unhandled notification type 32776
Apr  5 01:29:53 localhost magmad[2865981]: INFO:root:Setting logging level to INFO
Apr  5 01:29:54 localhost sctpd[2866333]: I0405 01:29:54.319243 2866777 sctp_connection.cpp:195] Unhandled notification type 32777
Apr  5 01:29:54 localhost sctpd[2866333]: I0405 01:29:54.546283 2866777 sctp_connection.cpp:195] Unhandled notification type 32777
Apr  5 01:29:54 localhost sctpd[2866333]: I0405 01:29:54.661926 2866777 sctp_connection.cpp:195] Unhandled notification type 32777
Apr  5 01:29:54 localhost mme[2866731]: [DEBUG] Sending S6A-UPDATE_LOCATION_REQUEST with IMSI: 222700000000001
Apr  5 01:29:54 localhost mme[2866731]: [INFO] Received S6A-LOCATION-UPDATE_ANSWER for IMSI: 222700000000001; Status: ; StatusCode: 2001
Apr  5 01:29:54 localhost mme[2866731]: [INFO] sent itti S6A-LOCATION-UPDATE_ANSWER for IMSI: 222700000000001
Apr  5 01:29:54 localhost sctpd[2866333]: I0405 01:29:54.775092 2866777 sctp_connection.cpp:195] Unhandled notification type 32777
Apr  5 01:29:56 localhost mobilityd[2866051]: INFO:root:Using GW info: {'default': {2: ('172.16.4.1', 'eth0')}, 2: [('172.16.4.1', 'eth0', True)]}
Apr  5 01:29:56 localhost mobilityd[2866051]: INFO:root:GW-v6 probe: timer started
Apr  5 01:29:56 localhost smsd[2866142]: INFO:root:mme non_eps_service_config is not SMS_ORC8R, sleeping.
Apr  5 01:29:57 localhost sctpd[2866333]: I0405 01:29:57.162683 2866777 sctp_connection.cpp:195] Unhandled notification type 32777
Apr  5 01:29:59 localhost sctpd[2866333]: I0405 01:29:59.392207 2866777 sctp_connection.cpp:195] Unhandled notification type 32777
Apr  5 01:29:59 localhost sctpd[2866333]: I0405 01:29:59.503815 2866777 sctp_connection.cpp:195] Unhandled notification type 32777
Apr  5 01:29:59 localhost sctpd[2866333]: I0405 01:29:59.627719 2866777 sctp_connection.cpp:195] Unhandled notification type 32777
Apr  5 01:29:59 localhost mme[2866731]: [DEBUG] Sending S6A-UPDATE_LOCATION_REQUEST with IMSI: 222700000000001
Apr  5 01:29:59 localhost mme[2866731]: [INFO] Received S6A-LOCATION-UPDATE_ANSWER for IMSI: 222700000000001; Status: ; StatusCode: 2001
Apr  5 01:29:59 localhost mme[2866731]: [INFO] sent itti S6A-LOCATION-UPDATE_ANSWER for IMSI: 222700000000001
Apr  5 01:29:59 localhost dhclient[601]: DHCPREQUEST for 172.16.5.121 on eth1 to 172.16.5.2 port 67 (xid=0x25c866c5)
Apr  5 01:29:59 localhost sctpd[2866333]: I0405 01:29:59.734625 2866777 sctp_connection.cpp:195] Unhandled notification type 32777
Apr  5 01:30:01 localhost smsd[2866142]: INFO:root:mme non_eps_service_config is not SMS_ORC8R, sleeping.
Apr  5 01:30:02 localhost sctpd[2866333]: I0405 01:30:02.118603 2866777 sctp_connection.cpp:195] Unhandled notification type 32777
Apr  5 01:30:06 localhost smsd[2866142]: INFO:root:mme non_eps_service_config is not SMS_ORC8R, sleeping.
Apr  5 01:30:11 localhost smsd[2866142]: INFO:root:mme non_eps_service_config is not SMS_ORC8R, sleeping.
Apr  5 01:30:12 localhost control_proxy[2866221]: 2022-04-05T01:30:11.838Z [127.0.0.1 -> state-controller.magmasi.wavelabs.in,8443] "POST /magma.orc8r.StateService/ReportStates HTTP/2" 200 5bytes 0.510s
Apr  5 01:30:12 localhost magmad[2865981]: INFO:root:Checkin Successful! Successfully sent states to the cloud!
Apr  5 01:30:15 localhost dhclient[601]: DHCPREQUEST for 172.16.5.121 on eth1 to 172.16.5.2 port 67 (xid=0x25c866c5)
Apr  5 01:30:16 localhost mobilityd[2866051]: INFO:root:Using GW info: {'default': {2: ('172.16.4.1', 'eth0')}, 2: [('172.16.4.1', 'eth0', True)]}
Apr  5 01:30:16 localhost mobilityd[2866051]: INFO:root:GW-v6 probe: timer started
Apr  5 01:30:16 localhost magmad[2865981]: INFO:root:[SyncRPC] Got heartBeat from cloud
Apr  5 01:30:16 localhost smsd[2866142]: INFO:root:mme non_eps_service_config is not SMS_ORC8R, sleeping.
Apr  5 01:30:20 localhost sctpd[2866333]: I0405 01:30:20.413762 2866777 sctp_connection.cpp:195] Unhandled notification type 32776
Apr  5 01:30:20 localhost control_proxy[2866221]: 2022-04-05T01:30:20.160Z [127.0.0.1 -> streamer-controller.magmasi.wavelabs.in,8443] "POST /magma.orc8r.Streamer/GetUpdates HTTP/2" 200 173bytes 0.276s
Apr  5 01:30:20 localhost policydb[2866123]: INFO:root:Processing 4 policy updates (resync=True)
Apr  5 01:30:20 localhost control_proxy[2866221]: 2022-04-05T01:30:20.160Z [127.0.0.1 -> streamer-controller.magmasi.wavelabs.in,8443] "POST /magma.orc8r.Streamer/GetUpdates HTTP/2" 200 7bytes 0.280s
Apr  5 01:30:20 localhost policydb[2866123]: INFO:root:Processing 0 basename -> policy updates
Apr  5 01:30:21 localhost control_proxy[2866221]: 2022-04-05T01:30:20.160Z [127.0.0.1 -> streamer-controller.magmasi.wavelabs.in,8443] "POST /magma.orc8r.Streamer/GetUpdates HTTP/2" 200 13513bytes 0.306s
Apr  5 01:30:21 localhost policydb[2866123]: INFO:root:Processing 222 SID -> apn -> policy updates
Apr  5 01:30:21 localhost control_proxy[2866221]: 2022-04-05T01:30:21.039Z [127.0.0.1 -> streamer-controller.magmasi.wavelabs.in,8443] "POST /magma.orc8r.Streamer/GetUpdates HTTP/2" 200 7bytes 0.267s
Apr  5 01:30:21 localhost policydb[2866123]: INFO:root:Processing 0 rating group updates
Apr  5 01:30:21 localhost sctpd[2866333]: I0405 01:30:21.475467 2866777 sctp_connection.cpp:195] Unhandled notification type 32777
Apr  5 01:30:21 localhost smsd[2866142]: INFO:root:mme non_eps_service_config is not SMS_ORC8R, sleeping.
Apr  5 01:30:21 localhost sctpd[2866333]: I0405 01:30:21.716122 2866777 sctp_connection.cpp:195] Unhandled notification type 32777
Apr  5 01:30:21 localhost sctpd[2866333]: I0405 01:30:21.834985 2866777 sctp_connection.cpp:195] Unhandled notification type 32777
Apr  5 01:30:21 localhost mme[2866731]: [DEBUG] Sending S6A-UPDATE_LOCATION_REQUEST with IMSI: 222700000000001
Apr  5 01:30:21 localhost mme[2866731]: [INFO] Received S6A-LOCATION-UPDATE_ANSWER for IMSI: 222700000000001; Status: ; StatusCode: 2001
Apr  5 01:30:21 localhost mme[2866731]: [INFO] sent itti S6A-LOCATION-UPDATE_ANSWER for IMSI: 222700000000001
Apr  5 01:30:21 localhost sctpd[2866333]: I0405 01:30:21.970773 2866777 sctp_connection.cpp:195] Unhandled notification type 32777
Apr  5 01:30:22 localhost mobilityd[2866051]: INFO:root:Allocated IP 192.168.128.118 for sid IMSI222700000000001 for apn default
Apr  5 01:30:22 localhost policydb[2866123]: INFO:root:Creating a session for subscriber ID: IMSI222700000000001
Apr  5 01:30:22 localhost sessiond[2866058]: I0405 01:30:22.212891 2866058 SetMessageManagerHandler.cpp:342] Processing a CreateSessionResponse for IMSI222700000000001-266751
Apr  5 01:30:22 localhost sessiond[2866058]: I0405 01:30:22.214581 2866058 SessionState.cpp:2774] RuleID allowlist_sid-IMSI222700000000001-default doesn't have a version registered for IMSI222700000000001-266751, this is unexpected
Apr  5 01:30:23 localhost mme[2866731]: PDUSessionResourceSetupRequestTransfer ::= {
Apr  5 01:30:23 localhost mme[2866731]:     protocolIEs: ProtocolIE-Container ::= {
Apr  5 01:30:23 localhost mme[2866731]:         PDUSessionResourceSetupRequestTransferIEs ::= {
Apr  5 01:30:23 localhost mme[2866731]:             id: 130
Apr  5 01:30:23 localhost mme[2866731]:             criticality: 0 (reject)
Apr  5 01:30:23 localhost mme[2866731]:             value: PDUSessionAggregateMaximumBitRate ::= {
Apr  5 01:30:23 localhost mme[2866731]:                 pDUSessionAggregateMaximumBitRateDL: 100000000
Apr  5 01:30:23 localhost mme[2866731]:                 pDUSessionAggregateMaximumBitRateUL: 100000000
Apr  5 01:30:23 localhost mme[2866731]:             }
Apr  5 01:30:23 localhost mme[2866731]:         }
Apr  5 01:30:23 localhost mme[2866731]:         PDUSessionResourceSetupRequestTransferIEs ::= {
Apr  5 01:30:23 localhost mme[2866731]:             id: 139
Apr  5 01:30:23 localhost mme[2866731]:             criticality: 0 (reject)
Apr  5 01:30:23 localhost mme[2866731]:             value: GTPTunnel ::= {
Apr  5 01:30:23 localhost mme[2866731]:                 transportLayerAddress: AC 10 05 79
Apr  5 01:30:23 localhost mme[2866731]:                 gTP-TEID: 7F FF FF FF
Apr  5 01:30:23 localhost mme[2866731]:             }
Apr  5 01:30:23 localhost mme[2866731]:         }
Apr  5 01:30:23 localhost mme[2866731]:         PDUSessionResourceSetupRequestTransferIEs ::= {
Apr  5 01:30:23 localhost mme[2866731]:             id: 134
Apr  5 01:30:23 localhost mme[2866731]:             criticality: 0 (reject)
Apr  5 01:30:23 localhost mme[2866731]:             value: 0 (ipv4)
Apr  5 01:30:23 localhost mme[2866731]:         }
Apr  5 01:30:23 localhost mme[2866731]:         PDUSessionResourceSetupRequestTransferIEs ::= {
Apr  5 01:30:23 localhost mme[2866731]:             id: 136
Apr  5 01:30:23 localhost mme[2866731]:             criticality: 0 (reject)
Apr  5 01:30:23 localhost mme[2866731]:             value: QosFlowSetupRequestList ::= {
Apr  5 01:30:23 localhost mme[2866731]:                 QosFlowSetupRequestItem ::= {
Apr  5 01:30:23 localhost mme[2866731]:                     qosFlowIdentifier: 9
Apr  5 01:30:23 localhost mme[2866731]:                     qosFlowLevelQosParameters: QosFlowLevelQosParameters ::= {
Apr  5 01:30:23 localhost mme[2866731]:                         qosCharacteristics: NonDynamic5QIDescriptor ::= {
Apr  5 01:30:23 localhost mme[2866731]:                             fiveQI: 9
Apr  5 01:30:23 localhost mme[2866731]:                         }
Apr  5 01:30:23 localhost mme[2866731]:                         allocationAndRetentionPriority: AllocationAndRetentionPriority ::= {
Apr  5 01:30:23 localhost mme[2866731]:                             priorityLevelARP: 15
Apr  5 01:30:23 localhost mme[2866731]:                             pre-emptionCapability: 0 (shall-not-trigger-pre-emption)
Apr  5 01:30:23 localhost mme[2866731]:                             pre-emptionVulnerability: 0 (not-pre-emptable)
Apr  5 01:30:23 localhost mme[2866731]:                         }
Apr  5 01:30:23 localhost mme[2866731]:                     }
Apr  5 01:30:23 localhost mme[2866731]:                 }
Apr  5 01:30:23 localhost mme[2866731]:             }
Apr  5 01:30:23 localhost mme[2866731]:         }
Apr  5 01:30:23 localhost mme[2866731]:     }
Apr  5 01:30:23 localhost mme[2866731]: }
Apr  5 01:30:23 localhost sctpd[2866333]: I0405 01:30:23.518220 2866777 sctp_connection.cpp:195] Unhandled notification type 32777
Apr  5 01:30:24 localhost sessiond[2866058]: I0405 01:30:24.493429 2866058 SetMessageManagerHandler.cpp:142] Release request for session from IMSI: IMSI222700000000001 pdu_id 1
Apr  5 01:30:24 localhost mobilityd[2866051]: INFO:root:Released IP 192.168.128.118 for sid IMSI222700000000001
Apr  5 01:30:24 localhost sctpd[2866333]: I0405 01:30:24.750203 2866777 sctp_connection.cpp:195] Unhandled notification type 32777
Apr  5 01:30:26 localhost smsd[2866142]: INFO:root:mme non_eps_service_config is not SMS_ORC8R, sleeping.
Apr  5 01:30:29 localhost policydb[2866123]: INFO:root:Terminating session: IMSI222700000000001-266751
Apr  5 01:30:29 localhost eventd[2866134]: DEBUG:root:Logging event: stream_name: "sessiond"
Apr  5 01:30:29 localhost eventd[2866134]: event_type: "session_terminated"
Apr  5 01:30:29 localhost eventd[2866134]: tag: "IMSI222700000000001"
Apr  5 01:30:29 localhost eventd[2866134]: value: "{\"mac_addr\":\"\",\"user_location\":\"\",\"spgw_ip\":\"\",\"imei\":\"\",\"record_sequence_number\":1,\"pdp_end_time\":140690625828432,\"charging_rx\":0,\"duration\":45791492880224,\"ip_addr\":\"192.168.128.118\",\"monitoring_tx\":0,\"ipv6_addr\":\"\",\"msisdn\":\"\",\"apn\":\"default\",\"session_id\":\"IMSI222700000000001-266751\",\"list_of_service_data\":[],\"charging_characteristics\":\"\",\"total_tx\":0,\"cause_for_rec_closing\":0,\"imsi\":\"IMSI222700000000001\",\"total_rx\":0,\"monitoring_rx\":0,\"charging_tx\":0,\"pdp_start_time\":94899132948208}"
Apr  5 01:30:29 localhost eventd[2866134]: ERROR:root:Connection to FluentBit failed: [Errno 111] Connection refused
Apr  5 01:30:29 localhost eventd[2866134]: INFO:root:FluentBit (td-agent-bit) may not be enabled or configured correctly
Apr  5 01:30:29 localhost sessiond[2866058]: I0405 01:30:29.506410 2866075 SessionEvents.cpp:291] Could not log session_terminated event {"mac_addr":"","user_location":"","spgw_ip":"","imei":"","record_sequence_number":1,"pdp_end_time":140690625828432,"charging_rx":0,"duration":45791492880224,"ip_addr":"192.168.128.118","monitoring_tx":0,"ipv6_addr":"","msisdn":"","apn":"default","session_id":"IMSI222700000000001-266751","list_of_service_data":[],"charging_characteristics":"","total_tx":0,"cause_for_rec_closing":0,"imsi":"IMSI222700000000001","total_rx":0,"monitoring_rx":0,"charging_tx":0,"pdp_start_time":94899132948208}, Error Message: Could not connect to FluentBit locally, Details: [Errno 111] Connection refused
Apr  5 01:30:31 localhost smsd[2866142]: INFO:root:mme non_eps_service_config is not SMS_ORC8R, sleeping.
Apr  5 01:30:36 localhost mobilityd[2866051]: INFO:root:Using GW info: {'default': {2: ('172.16.4.1', 'eth0')}, 2: [('172.16.4.1', 'eth0', True)]}
Apr  5 01:30:36 localhost mobilityd[2866051]: INFO:root:GW-v6 probe: timer started
Apr  5 01:30:36 localhost dhclient[601]: DHCPREQUEST for 172.16.5.121 on eth1 to 172.16.5.2 port 67 (xid=0x25c866c5)
Apr  5 01:30:36 localhost smsd[2866142]: INFO:root:mme non_eps_service_config is not SMS_ORC8R, sleeping.
Apr  5 01:30:41 localhost sctpd[2866333]: I0405 01:30:41.111589 2866777 sctp_connection.cpp:195] Unhandled notification type 32776
Apr  5 01:30:41 localhost smsd[2866142]: INFO:root:mme non_eps_service_config is not SMS_ORC8R, sleeping.
Apr  5 01:30:42 localhost sctpd[2866333]: I0405 01:30:42.171008 2866777 sctp_connection.cpp:195] Unhandled notification type 32777
Apr  5 01:30:42 localhost sctpd[2866333]: I0405 01:30:42.418574 2866777 sctp_connection.cpp:195] Unhandled notification type 32777
Apr  5 01:30:42 localhost sctpd[2866333]: I0405 01:30:42.530025 2866777 sctp_connection.cpp:195] Unhandled notification type 32777
Apr  5 01:30:42 localhost mme[2866731]: [DEBUG] Sending S6A-UPDATE_LOCATION_REQUEST with IMSI: 222700000000001
Apr  5 01:30:42 localhost mme[2866731]: [INFO] Received S6A-LOCATION-UPDATE_ANSWER for IMSI: 222700000000001; Status: ; StatusCode: 2001
Apr  5 01:30:42 localhost mme[2866731]: [INFO] sent itti S6A-LOCATION-UPDATE_ANSWER for IMSI: 222700000000001
Apr  5 01:30:42 localhost sctpd[2866333]: I0405 01:30:42.654651 2866777 sctp_connection.cpp:195] Unhandled notification type 32777
Apr  5 01:30:43 localhost magmad[2865981]: ERROR:root:Metrics upload error for service subscriberdb (chunk 0)! [StatusCode.DEADLINE_EXCEEDED] Deadline Exceeded
Apr  5 01:30:43 localhost magmad[2865981]: ERROR:root:Metrics upload error for service mobilityd (chunk 0)! [StatusCode.DEADLINE_EXCEEDED] Deadline Exceeded
Apr  5 01:30:43 localhost magmad[2865981]: ERROR:root:Metrics upload error for service mme (chunk 0)! [StatusCode.DEADLINE_EXCEEDED] Deadline Exceeded
Apr  5 01:30:43 localhost magmad[2865981]: ERROR:root:Metrics upload error for service magmad (chunk 0)! [StatusCode.DEADLINE_EXCEEDED] Deadline Exceeded
Apr  5 01:30:43 localhost magmad[2865981]: ERROR:root:Metrics upload error for service enodebd (chunk 0)! [StatusCode.DEADLINE_EXCEEDED] Deadline Exceeded
Apr  5 01:30:43 localhost magmad[2865981]: ERROR:root:Metrics upload error for service pipelined (chunk 0)! [StatusCode.DEADLINE_EXCEEDED] Deadline Exceeded
Apr  5 01:30:43 localhost magmad[2865981]: ERROR:root:Metrics upload error for service state (chunk 0)! [StatusCode.DEADLINE_EXCEEDED] Deadline Exceeded
Apr  5 01:30:43 localhost magmad[2865981]: ERROR:root:Metrics upload error for service sessiond (chunk 0)! [StatusCode.DEADLINE_EXCEEDED] Deadline Exceeded
Apr  5 01:30:46 localhost dhclient[601]: DHCPREQUEST for 172.16.5.121 on eth1 to 172.16.5.2 port 67 (xid=0x25c866c5)
Apr  5 01:30:46 localhost smsd[2866142]: INFO:root:mme non_eps_service_config is not SMS_ORC8R, sleeping.
Apr  5 01:30:51 localhost smsd[2866142]: INFO:root:mme non_eps_service_config is not SMS_ORC8R, sleeping.
Apr  5 01:30:53 localhost sctpd[2866333]: I0405 01:30:53.082957 2866777 sctp_connection.cpp:195] Unhandled notification type 32777
Apr  5 01:30:55 localhost sctpd[2866333]: I0405 01:30:55.303164 2866777 sctp_connection.cpp:195] Unhandled notification type 32777
Apr  5 01:30:55 localhost sctpd[2866333]: I0405 01:30:55.405112 2866777 sctp_connection.cpp:195] Unhandled notification type 32777
Apr  5 01:30:55 localhost sctpd[2866333]: I0405 01:30:55.515499 2866777 sctp_connection.cpp:195] Unhandled notification type 32777
Apr  5 01:30:55 localhost mme[2866731]: [DEBUG] Sending S6A-UPDATE_LOCATION_REQUEST with IMSI: 222700000000001
Apr  5 01:30:55 localhost mme[2866731]: [INFO] Received S6A-LOCATION-UPDATE_ANSWER for IMSI: 222700000000001; Status: ; StatusCode: 2001
Apr  5 01:30:55 localhost mme[2866731]: [INFO] sent itti S6A-LOCATION-UPDATE_ANSWER for IMSI: 222700000000001
Apr  5 01:30:55 localhost sctpd[2866333]: I0405 01:30:55.630728 2866777 sctp_connection.cpp:195] Unhandled notification type 32777
Apr  5 01:30:56 localhost mobilityd[2866051]: INFO:root:Using GW info: {'default': {2: ('172.16.4.1', 'eth0')}, 2: [('172.16.4.1', 'eth0', True)]}
Apr  5 01:30:56 localhost mobilityd[2866051]: INFO:root:GW-v6 probe: timer started
Apr  5 01:30:56 localhost smsd[2866142]: INFO:root:mme non_eps_service_config is not SMS_ORC8R, sleeping.
Apr  5 01:30:58 localhost sctpd[2866333]: I0405 01:30:58.016955 2866777 sctp_connection.cpp:195] Unhandled notification type 32777
Apr  5 01:30:58 localhost dhclient[601]: DHCPREQUEST for 172.16.5.121 on eth1 to 255.255.255.255 port 67 (xid=0x25c866c5)
Apr  5 01:31:00 localhost sctpd[2866333]: I0405 01:31:00.241915 2866777 sctp_connection.cpp:195] Unhandled notification type 32777
Apr  5 01:31:00 localhost sctpd[2866333]: I0405 01:31:00.354930 2866777 sctp_connection.cpp:195] Unhandled notification type 32777
Apr  5 01:31:00 localhost sctpd[2866333]: I0405 01:31:00.471274 2866777 sctp_connection.cpp:195] Unhandled notification type 32777
Apr  5 01:31:00 localhost mme[2866731]: [DEBUG] Sending S6A-UPDATE_LOCATION_REQUEST with IMSI: 222700000000001
Apr  5 01:31:00 localhost mme[2866731]: [INFO] Received S6A-LOCATION-UPDATE_ANSWER for IMSI: 222700000000001; Status: ; StatusCode: 2001
Apr  5 01:31:00 localhost mme[2866731]: [INFO] sent itti S6A-LOCATION-UPDATE_ANSWER for IMSI: 222700000000001
Apr  5 01:31:00 localhost sctpd[2866333]: I0405 01:31:00.582553 2866777 sctp_connection.cpp:195] Unhandled notification type 32777
Apr  5 01:31:01 localhost smsd[2866142]: INFO:root:mme non_eps_service_config is not SMS_ORC8R, sleeping.
Apr  5 01:31:02 localhost sctpd[2866333]: I0405 01:31:02.962675 2866777 sctp_connection.cpp:195] Unhandled notification type 32777
Apr  5 01:31:03 localhost sctpd[2866333]: I0405 01:31:03.229063 2866777 sctp_connection.cpp:195] Unhandled notification type 32777
Apr  5 01:31:03 localhost sctpd[2866333]: I0405 01:31:03.345530 2866777 sctp_connection.cpp:195] Unhandled notification type 32777
Apr  5 01:31:03 localhost sctpd[2866333]: I0405 01:31:03.469120 2866777 sctp_connection.cpp:195] Unhandled notification type 32777
Apr  5 01:31:03 localhost mme[2866731]: [DEBUG] Sending S6A-UPDATE_LOCATION_REQUEST with IMSI: 222700000000001
Apr  5 01:31:03 localhost mme[2866731]: [INFO] Received S6A-LOCATION-UPDATE_ANSWER for IMSI: 222700000000001; Status: ; StatusCode: 2001
Apr  5 01:31:03 localhost mme[2866731]: [INFO] sent itti S6A-LOCATION-UPDATE_ANSWER for IMSI: 222700000000001
Apr  5 01:31:03 localhost sctpd[2866333]: I0405 01:31:03.587930 2866777 sctp_connection.cpp:195] Unhandled notification type 32777
Apr  5 01:31:05 localhost sctpd[2866333]: I0405 01:31:05.992538 2866777 sctp_connection.cpp:195] Unhandled notification type 32777
Apr  5 01:31:06 localhost sctpd[2866333]: I0405 01:31:06.256445 2866777 sctp_connection.cpp:195] Unhandled notification type 32777
Apr  5 01:31:06 localhost sctpd[2866333]: I0405 01:31:06.370690 2866777 sctp_connection.cpp:195] Unhandled notification type 32777
Apr  5 01:31:06 localhost sctpd[2866333]: I0405 01:31:06.487152 2866777 sctp_connection.cpp:195] Unhandled notification type 32777
Apr  5 01:31:06 localhost mme[2866731]: [DEBUG] Sending S6A-UPDATE_LOCATION_REQUEST with IMSI: 222700000000001
Apr  5 01:31:06 localhost mme[2866731]: [INFO] Received S6A-LOCATION-UPDATE_ANSWER for IMSI: 222700000000001; Status: ; StatusCode: 2001
Apr  5 01:31:06 localhost mme[2866731]: [INFO] sent itti S6A-LOCATION-UPDATE_ANSWER for IMSI: 222700000000001
Apr  5 01:31:06 localhost sctpd[2866333]: I0405 01:31:06.611176 2866777 sctp_connection.cpp:195] Unhandled notification type 32777
Apr  5 01:31:06 localhost smsd[2866142]: INFO:root:mme non_eps_service_config is not SMS_ORC8R, sleeping.
Apr  5 01:31:09 localhost sctpd[2866333]: I0405 01:31:09.003818 2866777 sctp_connection.cpp:195] Unhandled notification type 32777
Apr  5 01:31:09 localhost sctpd[2866333]: I0405 01:31:09.276571 2866777 sctp_connection.cpp:195] Unhandled notification type 32777
Apr  5 01:31:09 localhost sctpd[2866333]: I0405 01:31:09.391949 2866777 sctp_connection.cpp:195] Unhandled notification type 32777
Apr  5 01:31:09 localhost sctpd[2866333]: I0405 01:31:09.506579 2866777 sctp_connection.cpp:195] Unhandled notification type 32777
Apr  5 01:31:09 localhost mme[2866731]: [DEBUG] Sending S6A-UPDATE_LOCATION_REQUEST with IMSI: 222700000000001
Apr  5 01:31:09 localhost mme[2866731]: [INFO] Received S6A-LOCATION-UPDATE_ANSWER for IMSI: 222700000000001; Status: ; StatusCode: 2001
Apr  5 01:31:09 localhost mme[2866731]: [INFO] sent itti S6A-LOCATION-UPDATE_ANSWER for IMSI: 222700000000001
Apr  5 01:31:09 localhost sctpd[2866333]: I0405 01:31:09.622821 2866777 sctp_connection.cpp:195] Unhandled notification type 32777
Apr  5 01:31:11 localhost dhclient[601]: DHCPREQUEST for 172.16.5.121 on eth1 to 255.255.255.255 port 67 (xid=0x25c866c5)
Apr  5 01:31:11 localhost smsd[2866142]: INFO:root:mme non_eps_service_config is not SMS_ORC8R, sleeping.
Apr  5 01:31:12 localhost sctpd[2866333]: I0405 01:31:12.021379 2866777 sctp_connection.cpp:195] Unhandled notification type 32777
Apr  5 01:31:12 localhost sctpd[2866333]: I0405 01:31:12.281646 2866777 sctp_connection.cpp:195] Unhandled notification type 32777
Apr  5 01:31:12 localhost sctpd[2866333]: I0405 01:31:12.400537 2866777 sctp_connection.cpp:195] Unhandled notification type 32777
Apr  5 01:31:12 localhost sctpd[2866333]: I0405 01:31:12.514966 2866777 sctp_connection.cpp:195] Unhandled notification type 32777
Apr  5 01:31:12 localhost mme[2866731]: [DEBUG] Sending S6A-UPDATE_LOCATION_REQUEST with IMSI: 222700000000001
Apr  5 01:31:12 localhost mme[2866731]: [INFO] Received S6A-LOCATION-UPDATE_ANSWER for IMSI: 222700000000001; Status: ; StatusCode: 2001
Apr  5 01:31:12 localhost mme[2866731]: [INFO] sent itti S6A-LOCATION-UPDATE_ANSWER for IMSI: 222700000000001
Apr  5 01:31:12 localhost sctpd[2866333]: I0405 01:31:12.630893 2866777 sctp_connection.cpp:195] Unhandled notification type 32777
Apr  5 01:31:12 localhost magmad[2865981]: INFO:root:Setting logging level to INFO
Apr  5 01:31:13 localhost control_proxy[2866221]: 2022-04-05T01:30:13.079Z [127.0.0.1 -> streamer-controller.magmasi.wavelabs.in,8443] "POST /magma.orc8r.Streamer/GetUpdates HTTP/2" 200 0bytes 60.255s
Apr  5 01:31:13 localhost magmad[2865981]: ERROR:root:Error! Streaming from the cloud failed! [StatusCode.ABORTED] error while streaming updates: rpc error: code = DeadlineExceeded desc = context deadline exceeded
Apr  5 01:31:15 localhost sctpd[2866333]: I0405 01:31:15.022965 2866777 sctp_connection.cpp:195] Unhandled notification type 32777
Apr  5 01:31:15 localhost sctpd[2866333]: I0405 01:31:15.288113 2866777 sctp_connection.cpp:195] Unhandled notification type 32777
Apr  5 01:31:15 localhost sctpd[2866333]: I0405 01:31:15.395412 2866777 sctp_connection.cpp:195] Unhandled notification type 32777
Apr  5 01:31:15 localhost sctpd[2866333]: I0405 01:31:15.510378 2866777 sctp_connection.cpp:195] Unhandled notification type 32777
Apr  5 01:31:15 localhost mme[2866731]: [DEBUG] Sending S6A-UPDATE_LOCATION_REQUEST with IMSI: 222700000000001
Apr  5 01:31:15 localhost mme[2866731]: [INFO] Received S6A-LOCATION-UPDATE_ANSWER for IMSI: 222700000000001; Status: ; StatusCode: 2001
Apr  5 01:31:15 localhost mme[2866731]: [INFO] sent itti S6A-LOCATION-UPDATE_ANSWER for IMSI: 222700000000001
Apr  5 01:31:15 localhost sctpd[2866333]: I0405 01:31:15.638612 2866777 sctp_connection.cpp:195] Unhandled notification type 32777
Apr  5 01:31:16 localhost mobilityd[2866051]: INFO:root:Using GW info: {'default': {2: ('172.16.4.1', 'eth0')}, 2: [('172.16.4.1', 'eth0', True)]}
Apr  5 01:31:16 localhost mobilityd[2866051]: INFO:root:GW-v6 probe: timer started
Apr  5 01:31:16 localhost magmad[2865981]: INFO:root:[SyncRPC] Got heartBeat from cloud
Apr  5 01:31:16 localhost smsd[2866142]: INFO:root:mme non_eps_service_config is not SMS_ORC8R, sleeping.
Apr  5 01:31:18 localhost sctpd[2866333]: I0405 01:31:18.035077 2866777 sctp_connection.cpp:195] Unhandled notification type 32777
Apr  5 01:31:18 localhost sctpd[2866333]: I0405 01:31:18.300884 2866777 sctp_connection.cpp:195] Unhandled notification type 32777
Apr  5 01:31:18 localhost sctpd[2866333]: I0405 01:31:18.421708 2866777 sctp_connection.cpp:195] Unhandled notification type 32777
Apr  5 01:31:18 localhost sctpd[2866333]: I0405 01:31:18.542697 2866777 sctp_connection.cpp:195] Unhandled notification type 32777
Apr  5 01:31:18 localhost mme[2866731]: [DEBUG] Sending S6A-UPDATE_LOCATION_REQUEST with IMSI: 222700000000001
Apr  5 01:31:18 localhost mme[2866731]: [INFO] Received S6A-LOCATION-UPDATE_ANSWER for IMSI: 222700000000001; Status: ; StatusCode: 2001
Apr  5 01:31:18 localhost mme[2866731]: [INFO] sent itti S6A-LOCATION-UPDATE_ANSWER for IMSI: 222700000000001
Apr  5 01:31:18 localhost sctpd[2866333]: I0405 01:31:18.654728 2866777 sctp_connection.cpp:195] Unhandled notification type 32777
Apr  5 01:31:21 localhost sctpd[2866333]: I0405 01:31:21.034687 2866777 sctp_connection.cpp:195] Unhandled notification type 32777
Apr  5 01:31:21 localhost sctpd[2866333]: I0405 01:31:21.300439 2866777 sctp_connection.cpp:195] Unhandled notification type 32777
Apr  5 01:31:21 localhost sctpd[2866333]: I0405 01:31:21.407953 2866777 sctp_connection.cpp:195] Unhandled notification type 32777
Apr  5 01:31:21 localhost sctpd[2866333]: I0405 01:31:21.524390 2866777 sctp_connection.cpp:195] Unhandled notification type 32777
Apr  5 01:31:21 localhost mme[2866731]: [DEBUG] Sending S6A-UPDATE_LOCATION_REQUEST with IMSI: 222700000000001
Apr  5 01:31:21 localhost mme[2866731]: [INFO] Received S6A-LOCATION-UPDATE_ANSWER for IMSI: 222700000000001; Status: ; StatusCode: 2001
Apr  5 01:31:21 localhost mme[2866731]: [INFO] sent itti S6A-LOCATION-UPDATE_ANSWER for IMSI: 222700000000001
Apr  5 01:31:21 localhost sctpd[2866333]: I0405 01:31:21.638912 2866777 sctp_connection.cpp:195] Unhandled notification type 32777
Apr  5 01:31:21 localhost control_proxy[2866221]: 2022-04-05T01:31:21.360Z [127.0.0.1 -> streamer-controller.magmasi.wavelabs.in,8443] "POST /magma.orc8r.Streamer/GetUpdates HTTP/2" 200 173bytes 0.281s
Apr  5 01:31:21 localhost policydb[2866123]: INFO:root:Processing 4 policy updates (resync=True)
Apr  5 01:31:21 localhost smsd[2866142]: INFO:root:mme non_eps_service_config is not SMS_ORC8R, sleeping.
Apr  5 01:31:21 localhost control_proxy[2866221]: 2022-04-05T01:31:21.360Z [127.0.0.1 -> streamer-controller.magmasi.wavelabs.in,8443] "POST /magma.orc8r.Streamer/GetUpdates HTTP/2" 200 7bytes 0.276s
Apr  5 01:31:21 localhost policydb[2866123]: INFO:root:Processing 0 basename -> policy updates
Apr  5 01:31:22 localhost control_proxy[2866221]: 2022-04-05T01:31:21.360Z [127.0.0.1 -> streamer-controller.magmasi.wavelabs.in,8443] "POST /magma.orc8r.Streamer/GetUpdates HTTP/2" 200 13513bytes 0.305s
Apr  5 01:31:22 localhost policydb[2866123]: INFO:root:Processing 222 SID -> apn -> policy updates
Apr  5 01:31:22 localhost control_proxy[2866221]: 2022-04-05T01:31:22.238Z [127.0.0.1 -> streamer-controller.magmasi.wavelabs.in,8443] "POST /magma.orc8r.Streamer/GetUpdates HTTP/2" 200 7bytes 0.268s
Apr  5 01:31:22 localhost policydb[2866123]: INFO:root:Processing 0 rating group updates
Apr  5 01:31:24 localhost sctpd[2866333]: I0405 01:31:24.030220 2866777 sctp_connection.cpp:195] Unhandled notification type 32777
Apr  5 01:31:24 localhost sctpd[2866333]: I0405 01:31:24.293551 2866777 sctp_connection.cpp:195] Unhandled notification type 32777
Apr  5 01:31:24 localhost sctpd[2866333]: I0405 01:31:24.412473 2866777 sctp_connection.cpp:195] Unhandled notification type 32777
Apr  5 01:31:24 localhost sctpd[2866333]: I0405 01:31:24.530541 2866777 sctp_connection.cpp:195] Unhandled notification type 32777
Apr  5 01:31:24 localhost mme[2866731]: [DEBUG] Sending S6A-UPDATE_LOCATION_REQUEST with IMSI: 222700000000001
Apr  5 01:31:24 localhost mme[2866731]: [INFO] Received S6A-LOCATION-UPDATE_ANSWER for IMSI: 222700000000001; Status: ; StatusCode: 2001
Apr  5 01:31:24 localhost mme[2866731]: [INFO] sent itti S6A-LOCATION-UPDATE_ANSWER for IMSI: 222700000000001
Apr  5 01:31:24 localhost dhclient[601]: DHCPREQUEST for 172.16.5.121 on eth1 to 255.255.255.255 port 67 (xid=0x25c866c5)
Apr  5 01:31:24 localhost sctpd[2866333]: I0405 01:31:24.646901 2866777 sctp_connection.cpp:195] Unhandled notification type 32777
Apr  5 01:31:26 localhost smsd[2866142]: INFO:root:mme non_eps_service_config is not SMS_ORC8R, sleeping.
Apr  5 01:31:27 localhost sctpd[2866333]: I0405 01:31:27.035385 2866777 sctp_connection.cpp:195] Unhandled notification type 32777
Apr  5 01:31:31 localhost smsd[2866142]: INFO:root:mme non_eps_service_config is not SMS_ORC8R, sleeping.
Apr  5 01:31:32 localhost control_proxy[2866221]: 2022-04-05T01:31:31.387Z [127.0.0.1 -> state-controller.magmasi.wavelabs.in,8443] "POST /magma.orc8r.StateService/ReportStates HTTP/2" 200 5bytes 0.622s
Apr  5 01:31:32 localhost magmad[2865981]: INFO:root:Checkin Successful! Successfully sent states to the cloud!
Apr  5 01:31:36 localhost mobilityd[2866051]: INFO:root:Using GW info: {'default': {2: ('172.16.4.1', 'eth0')}, 2: [('172.16.4.1', 'eth0', True)]}
Apr  5 01:31:36 localhost mobilityd[2866051]: INFO:root:GW-v6 probe: timer started
Apr  5 01:31:36 localhost smsd[2866142]: INFO:root:mme non_eps_service_config is not SMS_ORC8R, sleeping.
Apr  5 01:31:39 localhost dhclient[601]: DHCPREQUEST for 172.16.5.121 on eth1 to 255.255.255.255 port 67 (xid=0x25c866c5)
Apr  5 01:31:41 localhost smsd[2866142]: INFO:root:mme non_eps_service_config is not SMS_ORC8R, sleeping.
Apr  5 01:31:43 localhost sctpd[2866333]: I0405 01:31:43.212211 2866777 sctp_connection.cpp:195] Unhandled notification type 32776
Apr  5 01:31:44 localhost sctpd[2866333]: I0405 01:31:44.276917 2866777 sctp_connection.cpp:195] Unhandled notification type 32777
Apr  5 01:31:44 localhost sctpd[2866333]: I0405 01:31:44.602553 2866777 sctp_connection.cpp:195] Unhandled notification type 32777
Apr  5 01:31:47 localhost smsd[2866142]: INFO:root:mme non_eps_service_config is not SMS_ORC8R, sleeping.
Apr  5 01:31:52 localhost smsd[2866142]: INFO:root:mme non_eps_service_config is not SMS_ORC8R, sleeping.
Apr  5 01:31:56 localhost mobilityd[2866051]: INFO:root:Using GW info: {'default': {2: ('172.16.4.1', 'eth0')}, 2: [('172.16.4.1', 'eth0', True)]}
Apr  5 01:31:56 localhost mobilityd[2866051]: INFO:root:GW-v6 probe: timer started
Apr  5 01:31:57 localhost smsd[2866142]: INFO:root:mme non_eps_service_config is not SMS_ORC8R, sleeping.
Apr  5 01:31:58 localhost dhclient[601]: DHCPREQUEST for 172.16.5.121 on eth1 to 255.255.255.255 port 67 (xid=0x25c866c5)
Apr  5 01:32:01 localhost magmad[2865981]: ERROR:root:Metrics upload error for service subscriberdb (chunk 0)! [StatusCode.DEADLINE_EXCEEDED] Deadline Exceeded
Apr  5 01:32:01 localhost magmad[2865981]: ERROR:root:Metrics upload error for service mobilityd (chunk 0)! [StatusCode.DEADLINE_EXCEEDED] Deadline Exceeded
Apr  5 01:32:01 localhost magmad[2865981]: ERROR:root:Metrics upload error for service mme (chunk 0)! [StatusCode.DEADLINE_EXCEEDED] Deadline Exceeded
Apr  5 01:32:01 localhost magmad[2865981]: ERROR:root:Metrics upload error for service magmad (chunk 0)! [StatusCode.DEADLINE_EXCEEDED] Deadline Exceeded
Apr  5 01:32:01 localhost magmad[2865981]: ERROR:root:Metrics upload error for service enodebd (chunk 0)! [StatusCode.DEADLINE_EXCEEDED] Deadline Exceeded
Apr  5 01:32:01 localhost magmad[2865981]: ERROR:root:Metrics upload error for service pipelined (chunk 0)! [StatusCode.DEADLINE_EXCEEDED] Deadline Exceeded
Apr  5 01:32:01 localhost magmad[2865981]: ERROR:root:Metrics upload error for service state (chunk 0)! [StatusCode.DEADLINE_EXCEEDED] Deadline Exceeded
Apr  5 01:32:01 localhost magmad[2865981]: ERROR:root:Metrics upload error for service sessiond (chunk 0)! [StatusCode.DEADLINE_EXCEEDED] Deadline Exceeded
Apr  5 01:32:02 localhost smsd[2866142]: INFO:root:mme non_eps_service_config is not SMS_ORC8R, sleeping.
Apr  5 01:32:05 localhost sctpd[2866333]: I0405 01:32:05.867825 2866777 sctp_connection.cpp:195] Unhandled notification type 32776
Apr  5 01:32:06 localhost sctpd[2866333]: I0405 01:32:06.927942 2866777 sctp_connection.cpp:195] Unhandled notification type 32777
Apr  5 01:32:07 localhost smsd[2866142]: INFO:root:mme non_eps_service_config is not SMS_ORC8R, sleeping.
Apr  5 01:32:07 localhost sctpd[2866333]: I0405 01:32:07.262087 2866777 sctp_connection.cpp:195] Unhandled notification type 32777
Apr  5 01:32:12 localhost smsd[2866142]: INFO:root:mme non_eps_service_config is not SMS_ORC8R, sleeping.
Apr  5 01:32:13 localhost sctpd[2866333]: I0405 01:32:13.270335 2866777 sctp_connection.cpp:195] Unhandled notification type 32777
Apr  5 01:32:14 localhost dhclient[601]: DHCPREQUEST for 172.16.5.121 on eth1 to 255.255.255.255 port 67 (xid=0x25c866c5)
Apr  5 01:32:16 localhost mobilityd[2866051]: INFO:root:Using GW info: {'default': {2: ('172.16.4.1', 'eth0')}, 2: [('172.16.4.1', 'eth0', True)]}
Apr  5 01:32:16 localhost mobilityd[2866051]: INFO:root:GW-v6 probe: timer started
Apr  5 01:32:16 localhost magmad[2865981]: INFO:root:[SyncRPC] Got heartBeat from cloud
Apr  5 01:32:17 localhost smsd[2866142]: INFO:root:mme non_eps_service_config is not SMS_ORC8R, sleeping.
Apr  5 01:32:17 localhost sctpd[2866333]: I0405 01:32:17.385815 2866777 sctp_connection.cpp:195] Unhandled notification type 32777
Apr  5 01:32:17 localhost mme[2866731]: [DEBUG] Sending S6A-UPDATE_LOCATION_REQUEST with IMSI: 222700000000001
Apr  5 01:32:17 localhost mme[2866731]: [INFO] Received S6A-LOCATION-UPDATE_ANSWER for IMSI: 222700000000001; Status: ; StatusCode: 2001
Apr  5 01:32:17 localhost mme[2866731]: [INFO] sent itti S6A-LOCATION-UPDATE_ANSWER for IMSI: 222700000000001
Apr  5 01:32:17 localhost sctpd[2866333]: I0405 01:32:17.445648 2866777 sctp_connection.cpp:195] Unhandled notification type 32777
Apr  5 01:32:17 localhost subscriberdb[2866050]: INFO:root:get digest stored in gateway:
Apr  5 01:32:18 localhost control_proxy[2866221]: 2022-04-05T01:32:17.958Z [127.0.0.1 -> subscriberdb-controller.magmasi.wavelabs.in,8443] "POST /magma.lte.SubscriberDBCloud/CheckInSync HTTP/2" 200 0bytes 0.248s
Apr  5 01:32:18 localhost subscriberdb[2866050]: ERROR:root:Internal Error in subscriberdb-Orc8r communication. If AGW and Orc8r are deployed at a commit hash, upgrade AGW and Orc8r to latest commit hash.
Apr  5 01:32:18 localhost control_proxy[2866221]: 2022-04-05T01:32:18.211Z [127.0.0.1 -> subscriberdb-controller.magmasi.wavelabs.in,8443] "POST /magma.lte.SubscriberDBCloud/Sync HTTP/2" 200 0bytes 0.250s
Apr  5 01:32:18 localhost subscriberdb[2866050]: ERROR:root:Internal Error in subscriberdb-Orc8r communication. If AGW and Orc8r are deployed at a commit hash, upgrade AGW and Orc8r to latest commit hash.
Apr  5 01:32:18 localhost control_proxy[2866221]: 2022-04-05T01:32:18.211Z [127.0.0.1 -> subscriberdb-controller.magmasi.wavelabs.in,8443] "POST /magma.lte.SubscriberDBCloud/ListSubscribers HTTP/2" 200 44088bytes 0.319s
Apr  5 01:32:18 localhost subscriberdb[2866050]: INFO:root:Successfully fetched all subscriber pages from the cloud!
Apr  5 01:32:19 localhost subscriberdb[2866050]: INFO:root:update root digest stored in gateway:
Apr  5 01:32:21 localhost dhclient[601]: DHCPREQUEST for 172.16.5.121 on eth1 to 255.255.255.255 port 67 (xid=0x25c866c5)
Apr  5 01:32:22 localhost smsd[2866142]: INFO:root:mme non_eps_service_config is not SMS_ORC8R, sleeping.
Apr  5 01:32:22 localhost control_proxy[2866221]: 2022-04-05T01:32:22.515Z [127.0.0.1 -> streamer-controller.magmasi.wavelabs.in,8443] "POST /magma.orc8r.Streamer/GetUpdates HTTP/2" 200 173bytes 0.281s
Apr  5 01:32:22 localhost policydb[2866123]: INFO:root:Processing 4 policy updates (resync=True)
Apr  5 01:32:23 localhost control_proxy[2866221]: 2022-04-05T01:32:22.515Z [127.0.0.1 -> streamer-controller.magmasi.wavelabs.in,8443] "POST /magma.orc8r.Streamer/GetUpdates HTTP/2" 200 7bytes 0.275s
Apr  5 01:32:23 localhost policydb[2866123]: INFO:root:Processing 0 basename -> policy updates
Apr  5 01:32:23 localhost control_proxy[2866221]: 2022-04-05T01:32:23.079Z [127.0.0.1 -> streamer-controller.magmasi.wavelabs.in,8443] "POST /magma.orc8r.Streamer/GetUpdates HTTP/2" 200 13513bytes 0.295s
Apr  5 01:32:23 localhost policydb[2866123]: INFO:root:Processing 222 SID -> apn -> policy updates
Apr  5 01:32:23 localhost control_proxy[2866221]: 2022-04-05T01:32:23.079Z [127.0.0.1 -> streamer-controller.magmasi.wavelabs.in,8443] "POST /magma.orc8r.Streamer/GetUpdates HTTP/2" 200 7bytes 0.264s
Apr  5 01:32:23 localhost policydb[2866123]: INFO:root:Processing 0 rating group updates
Apr  5 01:32:27 localhost smsd[2866142]: INFO:root:mme non_eps_service_config is not SMS_ORC8R, sleeping.
Apr  5 01:32:32 localhost smsd[2866142]: INFO:root:mme non_eps_service_config is not SMS_ORC8R, sleeping.
Apr  5 01:32:32 localhost magmad[2865981]: INFO:root:Setting logging level to INFO
Apr  5 01:32:33 localhost sctpd[2866333]: I0405 01:32:33.886082 2866777 sctp_connection.cpp:195] Unhandled notification type 32776
Apr  5 01:32:34 localhost sctpd[2866333]: I0405 01:32:34.942972 2866777 sctp_connection.cpp:195] Unhandled notification type 32777
