May 13 16:25:05 localhost mobilityd[389981]: INFO:root:GW-v6 probe: timer started
May 13 16:25:09 localhost smsd[390066]: INFO:root:mme non_eps_service_config is not SMS_ORC8R, sleeping.
May 13 16:25:19 localhost smsd[390066]: message repeated 2 times: [ INFO:root:mme non_eps_service_config is not SMS_ORC8R, sleeping.]
May 13 16:25:19 localhost control_proxy[390125]: 2022-05-13T16:25:18.921Z [127.0.0.1 -> state-controller.magmasi.wavelabs.in,8443] "POST /magma.orc8r.StateService/ReportStates HTTP/2" 200 5bytes 0.507s
May 13 16:25:19 localhost magmad[389901]: INFO:root:Checkin Successful! Successfully sent states to the cloud!
May 13 16:25:24 localhost smsd[390066]: INFO:root:mme non_eps_service_config is not SMS_ORC8R, sleeping.
May 13 16:25:25 localhost mobilityd[389981]: INFO:root:Using GW info: {'default': {2: ('172.16.4.1', 'eth0')}, 2: [('172.16.4.1', 'eth0', True)]}
May 13 16:25:25 localhost mobilityd[389981]: INFO:root:GW-v6 probe: timer started
May 13 16:25:26 localhost sctpd[390248]: I0513 16:25:26.464478 390746 sctp_connection.cpp:195] Unhandled notification type 32776
May 13 16:25:26 localhost magmad[389901]: INFO:root:[SyncRPC] Got heartBeat from cloud
May 13 16:25:29 localhost magmad[389901]: ERROR:root:Metrics upload error for service subscriberdb (chunk 0)! [StatusCode.DEADLINE_EXCEEDED] Deadline Exceeded
May 13 16:25:29 localhost magmad[389901]: ERROR:root:Metrics upload error for service mobilityd (chunk 0)! [StatusCode.DEADLINE_EXCEEDED] Deadline Exceeded
May 13 16:25:29 localhost magmad[389901]: ERROR:root:Metrics upload error for service mme (chunk 0)! [StatusCode.DEADLINE_EXCEEDED] Deadline Exceeded
May 13 16:25:29 localhost magmad[389901]: ERROR:root:Metrics upload error for service magmad (chunk 0)! [StatusCode.DEADLINE_EXCEEDED] Deadline Exceeded
May 13 16:25:29 localhost magmad[389901]: ERROR:root:Metrics upload error for service enodebd (chunk 0)! [StatusCode.DEADLINE_EXCEEDED] Deadline Exceeded
May 13 16:25:29 localhost magmad[389901]: ERROR:root:Metrics upload error for service pipelined (chunk 0)! [StatusCode.DEADLINE_EXCEEDED] Deadline Exceeded
May 13 16:25:29 localhost magmad[389901]: ERROR:root:Metrics upload error for service state (chunk 0)! [StatusCode.DEADLINE_EXCEEDED] Deadline Exceeded
May 13 16:25:29 localhost magmad[389901]: ERROR:root:Metrics upload error for service sessiond (chunk 0)! [StatusCode.DEADLINE_EXCEEDED] Deadline Exceeded
May 13 16:25:29 localhost smsd[390066]: INFO:root:mme non_eps_service_config is not SMS_ORC8R, sleeping.
May 13 16:25:39 localhost smsd[390066]: message repeated 2 times: [ INFO:root:mme non_eps_service_config is not SMS_ORC8R, sleeping.]
May 13 16:25:41 localhost control_proxy[390125]: 2022-05-13T16:25:40.985Z [127.0.0.1 -> streamer-controller.magmasi.wavelabs.in,8443] "POST /magma.orc8r.Streamer/GetUpdates HTTP/2" 200 173bytes 0.517s
May 13 16:25:41 localhost policydb[390046]: INFO:root:Processing 4 policy updates (resync=True)
May 13 16:25:41 localhost control_proxy[390125]: 2022-05-13T16:25:41.505Z [127.0.0.1 -> streamer-controller.magmasi.wavelabs.in,8443] "POST /magma.orc8r.Streamer/GetUpdates HTTP/2" 200 7bytes 0.267s
May 13 16:25:41 localhost policydb[390046]: INFO:root:Processing 0 basename -> policy updates
May 13 16:25:42 localhost control_proxy[390125]: 2022-05-13T16:25:41.505Z [127.0.0.1 -> streamer-controller.magmasi.wavelabs.in,8443] "POST /magma.orc8r.Streamer/GetUpdates HTTP/2" 200 13536bytes 0.306s
May 13 16:25:42 localhost policydb[390046]: INFO:root:Processing 223 SID -> apn -> policy updates
May 13 16:25:42 localhost control_proxy[390125]: 2022-05-13T16:25:42.089Z [127.0.0.1 -> streamer-controller.magmasi.wavelabs.in,8443] "POST /magma.orc8r.Streamer/GetUpdates HTTP/2" 200 7bytes 0.263s
May 13 16:25:42 localhost policydb[390046]: INFO:root:Processing 0 rating group updates
May 13 16:25:44 localhost smsd[390066]: INFO:root:mme non_eps_service_config is not SMS_ORC8R, sleeping.
May 13 16:25:45 localhost mobilityd[389981]: INFO:root:Using GW info: {'default': {2: ('172.16.4.1', 'eth0')}, 2: [('172.16.4.1', 'eth0', True)]}
May 13 16:25:45 localhost mobilityd[389981]: INFO:root:GW-v6 probe: timer started
May 13 16:25:49 localhost smsd[390066]: INFO:root:mme non_eps_service_config is not SMS_ORC8R, sleeping.
May 13 16:25:54 localhost smsd[390066]: INFO:root:mme non_eps_service_config is not SMS_ORC8R, sleeping.
May 13 16:25:57 localhost sctpd[390248]: I0513 16:25:57.818835 390746 sctp_connection.cpp:195] Unhandled notification type 32776
May 13 16:25:59 localhost smsd[390066]: INFO:root:mme non_eps_service_config is not SMS_ORC8R, sleeping.
May 13 16:26:04 localhost smsd[390066]: INFO:root:mme non_eps_service_config is not SMS_ORC8R, sleeping.
May 13 16:26:05 localhost mobilityd[389981]: INFO:root:Using GW info: {'default': {2: ('172.16.4.1', 'eth0')}, 2: [('172.16.4.1', 'eth0', True)]}
May 13 16:26:05 localhost mobilityd[389981]: INFO:root:GW-v6 probe: timer started
May 13 16:26:09 localhost smsd[390066]: INFO:root:mme non_eps_service_config is not SMS_ORC8R, sleeping.
May 13 16:26:19 localhost smsd[390066]: message repeated 2 times: [ INFO:root:mme non_eps_service_config is not SMS_ORC8R, sleeping.]
May 13 16:26:19 localhost sctpd[390248]: I0513 16:26:19.781024 390746 sctp_connection.cpp:195] Unhandled notification type 32776
May 13 16:26:19 localhost magmad[389901]: INFO:root:Setting logging level to INFO
May 13 16:26:24 localhost smsd[390066]: INFO:root:mme non_eps_service_config is not SMS_ORC8R, sleeping.
May 13 16:26:25 localhost control_proxy[390125]: 2022-05-13T16:25:25.403Z [127.0.0.1 -> streamer-controller.magmasi.wavelabs.in,8443] "POST /magma.orc8r.Streamer/GetUpdates HTTP/2" 200 0bytes 60.499s
May 13 16:26:25 localhost magmad[389901]: ERROR:root:Error! Streaming from the cloud failed! [StatusCode.ABORTED] error while streaming updates: rpc error: code = DeadlineExceeded desc = context deadline exceeded
May 13 16:26:25 localhost mobilityd[389981]: INFO:root:Using GW info: {'default': {2: ('172.16.4.1', 'eth0')}, 2: [('172.16.4.1', 'eth0', True)]}
May 13 16:26:25 localhost mobilityd[389981]: INFO:root:GW-v6 probe: timer started
May 13 16:26:26 localhost magmad[389901]: INFO:root:[SyncRPC] Got heartBeat from cloud
May 13 16:26:29 localhost smsd[390066]: INFO:root:mme non_eps_service_config is not SMS_ORC8R, sleeping.
May 13 16:26:34 localhost smsd[390066]: INFO:root:mme non_eps_service_config is not SMS_ORC8R, sleeping.
May 13 16:26:38 localhost magmad[389901]: ERROR:root:Metrics upload error for service subscriberdb (chunk 0)! [StatusCode.DEADLINE_EXCEEDED] Deadline Exceeded
May 13 16:26:38 localhost magmad[389901]: ERROR:root:Metrics upload error for service mobilityd (chunk 0)! [StatusCode.DEADLINE_EXCEEDED] Deadline Exceeded
May 13 16:26:38 localhost magmad[389901]: ERROR:root:Metrics upload error for service mme (chunk 0)! [StatusCode.DEADLINE_EXCEEDED] Deadline Exceeded
May 13 16:26:38 localhost magmad[389901]: ERROR:root:Metrics upload error for service magmad (chunk 0)! [StatusCode.DEADLINE_EXCEEDED] Deadline Exceeded
May 13 16:26:38 localhost magmad[389901]: ERROR:root:Metrics upload error for service enodebd (chunk 0)! [StatusCode.DEADLINE_EXCEEDED] Deadline Exceeded
May 13 16:26:38 localhost magmad[389901]: ERROR:root:Metrics upload error for service pipelined (chunk 0)! [StatusCode.DEADLINE_EXCEEDED] Deadline Exceeded
May 13 16:26:38 localhost magmad[389901]: ERROR:root:Metrics upload error for service state (chunk 0)! [StatusCode.DEADLINE_EXCEEDED] Deadline Exceeded
May 13 16:26:38 localhost magmad[389901]: ERROR:root:Metrics upload error for service sessiond (chunk 0)! [StatusCode.DEADLINE_EXCEEDED] Deadline Exceeded
May 13 16:26:38 localhost magmad[389901]: INFO:root:Checking for upgrade...
May 13 16:26:38 localhost magmad[389901]: WARNING:root:magmad package_version config missing or set to default 0.0.0-0, skipping upgrade
May 13 16:26:38 localhost control_proxy[390125]: 2022-05-13T16:26:38.446Z [127.0.0.1 -> state-controller.magmasi.wavelabs.in,8443] "POST /magma.orc8r.StateService/ReportStates HTTP/2" 200 5bytes 0.507s
May 13 16:26:38 localhost magmad[389901]: INFO:root:Checkin Successful! Successfully sent states to the cloud!
May 13 16:26:39 localhost smsd[390066]: INFO:root:mme non_eps_service_config is not SMS_ORC8R, sleeping.
May 13 16:26:42 localhost control_proxy[390125]: 2022-05-13T16:26:42.415Z [127.0.0.1 -> streamer-controller.magmasi.wavelabs.in,8443] "POST /magma.orc8r.Streamer/GetUpdates HTTP/2" 200 173bytes 0.272s
May 13 16:26:42 localhost policydb[390046]: INFO:root:Processing 4 policy updates (resync=True)
May 13 16:26:42 localhost control_proxy[390125]: 2022-05-13T16:26:42.415Z [127.0.0.1 -> streamer-controller.magmasi.wavelabs.in,8443] "POST /magma.orc8r.Streamer/GetUpdates HTTP/2" 200 7bytes 0.266s
May 13 16:26:42 localhost policydb[390046]: INFO:root:Processing 0 basename -> policy updates
May 13 16:26:43 localhost control_proxy[390125]: 2022-05-13T16:26:42.415Z [127.0.0.1 -> streamer-controller.magmasi.wavelabs.in,8443] "POST /magma.orc8r.Streamer/GetUpdates HTTP/2" 200 13536bytes 0.298s
May 13 16:26:43 localhost policydb[390046]: INFO:root:Processing 223 SID -> apn -> policy updates
May 13 16:26:43 localhost control_proxy[390125]: 2022-05-13T16:26:43.265Z [127.0.0.1 -> streamer-controller.magmasi.wavelabs.in,8443] "POST /magma.orc8r.Streamer/GetUpdates HTTP/2" 200 7bytes 0.261s
May 13 16:26:43 localhost policydb[390046]: INFO:root:Processing 0 rating group updates
May 13 16:26:44 localhost smsd[390066]: INFO:root:mme non_eps_service_config is not SMS_ORC8R, sleeping.
May 13 16:26:45 localhost mobilityd[389981]: INFO:root:Using GW info: {'default': {2: ('172.16.4.1', 'eth0')}, 2: [('172.16.4.1', 'eth0', True)]}
May 13 16:26:45 localhost mobilityd[389981]: INFO:root:GW-v6 probe: timer started
May 13 16:26:49 localhost smsd[390066]: INFO:root:mme non_eps_service_config is not SMS_ORC8R, sleeping.
May 13 16:26:53 localhost sctpd[390248]: I0513 16:26:53.731920 390746 sctp_connection.cpp:195] Unhandled notification type 32776
May 13 16:26:54 localhost smsd[390066]: INFO:root:mme non_eps_service_config is not SMS_ORC8R, sleeping.
May 13 16:27:05 localhost smsd[390066]: message repeated 2 times: [ INFO:root:mme non_eps_service_config is not SMS_ORC8R, sleeping.]
May 13 16:27:05 localhost mobilityd[389981]: INFO:root:Using GW info: {'default': {2: ('172.16.4.1', 'eth0')}, 2: [('172.16.4.1', 'eth0', True)]}
May 13 16:27:05 localhost mobilityd[389981]: INFO:root:GW-v6 probe: timer started
May 13 16:27:10 localhost smsd[390066]: INFO:root:mme non_eps_service_config is not SMS_ORC8R, sleeping.
May 13 16:27:15 localhost smsd[390066]: INFO:root:mme non_eps_service_config is not SMS_ORC8R, sleeping.
May 13 16:27:17 localhost dnsmasq-dhcp[390144]: DHCPDISCOVER(eth1) 48:bf:74:03:3d:72 
May 13 16:27:17 localhost dnsmasq-dhcp[390144]: DHCPOFFER(eth1) 172.16.7.250 48:bf:74:03:3d:72 
May 13 16:27:17 localhost dnsmasq-dhcp[390144]: DHCPREQUEST(eth1) 172.16.7.250 48:bf:74:03:3d:72 
May 13 16:27:17 localhost dnsmasq-dhcp[390144]: DHCPACK(eth1) 172.16.7.250 48:bf:74:03:3d:72 
May 13 16:27:20 localhost smsd[390066]: INFO:root:mme non_eps_service_config is not SMS_ORC8R, sleeping.
May 13 16:27:21 localhost sctpd[390248]: I0513 16:27:21.624115 390746 sctp_connection.cpp:195] Unhandled notification type 32776
May 13 16:27:25 localhost smsd[390066]: INFO:root:mme non_eps_service_config is not SMS_ORC8R, sleeping.
May 13 16:27:25 localhost mobilityd[389981]: INFO:root:Using GW info: {'default': {2: ('172.16.4.1', 'eth0')}, 2: [('172.16.4.1', 'eth0', True)]}
May 13 16:27:25 localhost mobilityd[389981]: INFO:root:GW-v6 probe: timer started
May 13 16:27:26 localhost magmad[389901]: INFO:root:[SyncRPC] Got heartBeat from cloud
May 13 16:27:29 localhost magmad[389901]: ERROR:root:Metrics upload error for service subscriberdb (chunk 0)! [StatusCode.DEADLINE_EXCEEDED] Deadline Exceeded
May 13 16:27:29 localhost magmad[389901]: ERROR:root:Metrics upload error for service mobilityd (chunk 0)! [StatusCode.DEADLINE_EXCEEDED] Deadline Exceeded
May 13 16:27:29 localhost magmad[389901]: ERROR:root:Metrics upload error for service mme (chunk 0)! [StatusCode.DEADLINE_EXCEEDED] Deadline Exceeded
May 13 16:27:29 localhost magmad[389901]: ERROR:root:Metrics upload error for service magmad (chunk 0)! [StatusCode.DEADLINE_EXCEEDED] Deadline Exceeded
May 13 16:27:29 localhost magmad[389901]: ERROR:root:Metrics upload error for service enodebd (chunk 0)! [StatusCode.DEADLINE_EXCEEDED] Deadline Exceeded
May 13 16:27:29 localhost magmad[389901]: ERROR:root:Metrics upload error for service pipelined (chunk 0)! [StatusCode.DEADLINE_EXCEEDED] Deadline Exceeded
May 13 16:27:29 localhost magmad[389901]: ERROR:root:Metrics upload error for service state (chunk 0)! [StatusCode.DEADLINE_EXCEEDED] Deadline Exceeded
May 13 16:27:29 localhost magmad[389901]: ERROR:root:Metrics upload error for service sessiond (chunk 0)! [StatusCode.DEADLINE_EXCEEDED] Deadline Exceeded
May 13 16:27:30 localhost smsd[390066]: INFO:root:mme non_eps_service_config is not SMS_ORC8R, sleeping.
May 13 16:27:35 localhost smsd[390066]: INFO:root:mme non_eps_service_config is not SMS_ORC8R, sleeping.
May 13 16:27:39 localhost magmad[389901]: INFO:root:Setting logging level to INFO
May 13 16:27:40 localhost smsd[390066]: INFO:root:mme non_eps_service_config is not SMS_ORC8R, sleeping.
May 13 16:27:44 localhost control_proxy[390125]: 2022-05-13T16:27:43.585Z [127.0.0.1 -> streamer-controller.magmasi.wavelabs.in,8443] "POST /magma.orc8r.Streamer/GetUpdates HTTP/2" 200 173bytes 0.520s
May 13 16:27:44 localhost policydb[390046]: INFO:root:Processing 4 policy updates (resync=True)
May 13 16:27:44 localhost control_proxy[390125]: 2022-05-13T16:27:44.108Z [127.0.0.1 -> streamer-controller.magmasi.wavelabs.in,8443] "POST /magma.orc8r.Streamer/GetUpdates HTTP/2" 200 7bytes 0.272s
May 13 16:27:44 localhost policydb[390046]: INFO:root:Processing 0 basename -> policy updates
May 13 16:27:44 localhost control_proxy[390125]: 2022-05-13T16:27:44.108Z [127.0.0.1 -> streamer-controller.magmasi.wavelabs.in,8443] "POST /magma.orc8r.Streamer/GetUpdates HTTP/2" 200 13536bytes 0.298s
May 13 16:27:44 localhost policydb[390046]: INFO:root:Processing 223 SID -> apn -> policy updates
May 13 16:27:44 localhost control_proxy[390125]: 2022-05-13T16:27:44.108Z [127.0.0.1 -> streamer-controller.magmasi.wavelabs.in,8443] "POST /magma.orc8r.Streamer/GetUpdates HTTP/2" 200 7bytes 0.264s
May 13 16:27:44 localhost policydb[390046]: INFO:root:Processing 0 rating group updates
May 13 16:27:45 localhost smsd[390066]: INFO:root:mme non_eps_service_config is not SMS_ORC8R, sleeping.
May 13 16:27:45 localhost mobilityd[389981]: INFO:root:Using GW info: {'default': {2: ('172.16.4.1', 'eth0')}, 2: [('172.16.4.1', 'eth0', True)]}
May 13 16:27:45 localhost mobilityd[389981]: INFO:root:GW-v6 probe: timer started
May 13 16:27:46 localhost dnsmasq-dhcp[390144]: DHCPDISCOVER(eth1) 48:bf:74:03:3d:72 
May 13 16:27:46 localhost dnsmasq-dhcp[390144]: DHCPOFFER(eth1) 172.16.7.250 48:bf:74:03:3d:72 
May 13 16:27:46 localhost dnsmasq-dhcp[390144]: DHCPREQUEST(eth1) 172.16.7.250 48:bf:74:03:3d:72 
May 13 16:27:46 localhost dnsmasq-dhcp[390144]: DHCPACK(eth1) 172.16.7.250 48:bf:74:03:3d:72 
May 13 16:27:49 localhost sctpd[390248]: I0513 16:27:49.527195 390746 sctp_connection.cpp:195] Unhandled notification type 32776
May 13 16:27:50 localhost smsd[390066]: INFO:root:mme non_eps_service_config is not SMS_ORC8R, sleeping.
May 13 16:27:55 localhost smsd[390066]: INFO:root:mme non_eps_service_config is not SMS_ORC8R, sleeping.
May 13 16:27:58 localhost control_proxy[390125]: 2022-05-13T16:27:58.000Z [127.0.0.1 -> state-controller.magmasi.wavelabs.in,8443] "POST /magma.orc8r.StateService/ReportStates HTTP/2" 200 5bytes 0.334s
May 13 16:27:58 localhost magmad[389901]: INFO:root:Checkin Successful! Successfully sent states to the cloud!
May 13 16:28:00 localhost smsd[390066]: INFO:root:mme non_eps_service_config is not SMS_ORC8R, sleeping.
May 13 16:28:05 localhost smsd[390066]: INFO:root:mme non_eps_service_config is not SMS_ORC8R, sleeping.
May 13 16:28:05 localhost mobilityd[389981]: INFO:root:Using GW info: {'default': {2: ('172.16.4.1', 'eth0')}, 2: [('172.16.4.1', 'eth0', True)]}
May 13 16:28:05 localhost mobilityd[389981]: INFO:root:GW-v6 probe: timer started
May 13 16:28:10 localhost smsd[390066]: INFO:root:mme non_eps_service_config is not SMS_ORC8R, sleeping.
May 13 16:28:15 localhost smsd[390066]: INFO:root:mme non_eps_service_config is not SMS_ORC8R, sleeping.
May 13 16:28:17 localhost sctpd[390248]: I0513 16:28:17.512202 390746 sctp_connection.cpp:195] Unhandled notification type 32776
May 13 16:28:20 localhost smsd[390066]: INFO:root:mme non_eps_service_config is not SMS_ORC8R, sleeping.
May 13 16:28:25 localhost smsd[390066]: INFO:root:mme non_eps_service_config is not SMS_ORC8R, sleeping.
May 13 16:28:25 localhost mobilityd[389981]: INFO:root:Using GW info: {'default': {2: ('172.16.4.1', 'eth0')}, 2: [('172.16.4.1', 'eth0', True)]}
May 13 16:28:25 localhost mobilityd[389981]: INFO:root:GW-v6 probe: timer started
May 13 16:28:26 localhost control_proxy[390125]: 2022-05-13T16:27:25.959Z [127.0.0.1 -> streamer-controller.magmasi.wavelabs.in,8443] "POST /magma.orc8r.Streamer/GetUpdates HTTP/2" 200 0bytes 60.525s
May 13 16:28:26 localhost magmad[389901]: ERROR:root:Error! Streaming from the cloud failed! [StatusCode.ABORTED] error while streaming updates: rpc error: code = DeadlineExceeded desc = context deadline exceeded
May 13 16:28:26 localhost magmad[389901]: INFO:root:[SyncRPC] Got heartBeat from cloud
May 13 16:28:29 localhost magmad[389901]: ERROR:root:Metrics upload error for service subscriberdb (chunk 0)! [StatusCode.DEADLINE_EXCEEDED] Deadline Exceeded
May 13 16:28:29 localhost magmad[389901]: ERROR:root:Metrics upload error for service mobilityd (chunk 0)! [StatusCode.DEADLINE_EXCEEDED] Deadline Exceeded
May 13 16:28:29 localhost magmad[389901]: ERROR:root:Metrics upload error for service mme (chunk 0)! [StatusCode.DEADLINE_EXCEEDED] Deadline Exceeded
May 13 16:28:29 localhost magmad[389901]: ERROR:root:Metrics upload error for service magmad (chunk 0)! [StatusCode.DEADLINE_EXCEEDED] Deadline Exceeded
May 13 16:28:29 localhost magmad[389901]: ERROR:root:Metrics upload error for service enodebd (chunk 0)! [StatusCode.DEADLINE_EXCEEDED] Deadline Exceeded
May 13 16:28:29 localhost magmad[389901]: ERROR:root:Metrics upload error for service pipelined (chunk 0)! [StatusCode.DEADLINE_EXCEEDED] Deadline Exceeded
May 13 16:28:29 localhost magmad[389901]: ERROR:root:Metrics upload error for service state (chunk 0)! [StatusCode.DEADLINE_EXCEEDED] Deadline Exceeded
May 13 16:28:29 localhost magmad[389901]: ERROR:root:Metrics upload error for service sessiond (chunk 0)! [StatusCode.DEADLINE_EXCEEDED] Deadline Exceeded
May 13 16:28:30 localhost smsd[390066]: INFO:root:mme non_eps_service_config is not SMS_ORC8R, sleeping.
May 13 16:28:40 localhost smsd[390066]: message repeated 2 times: [ INFO:root:mme non_eps_service_config is not SMS_ORC8R, sleeping.]
May 13 16:28:41 localhost sctpd[390248]: I0513 16:28:41.704219 390746 sctp_connection.cpp:195] Unhandled notification type 32776
May 13 16:28:45 localhost control_proxy[390125]: 2022-05-13T16:28:44.996Z [127.0.0.1 -> streamer-controller.magmasi.wavelabs.in,8443] "POST /magma.orc8r.Streamer/GetUpdates HTTP/2" 200 173bytes 0.521s
May 13 16:28:45 localhost policydb[390046]: INFO:root:Processing 4 policy updates (resync=True)
May 13 16:28:45 localhost smsd[390066]: INFO:root:mme non_eps_service_config is not SMS_ORC8R, sleeping.
May 13 16:28:45 localhost control_proxy[390125]: 2022-05-13T16:28:45.522Z [127.0.0.1 -> streamer-controller.magmasi.wavelabs.in,8443] "POST /magma.orc8r.Streamer/GetUpdates HTTP/2" 200 7bytes 0.298s
May 13 16:28:45 localhost policydb[390046]: INFO:root:Processing 0 basename -> policy updates
May 13 16:28:45 localhost mobilityd[389981]: INFO:root:Using GW info: {'default': {2: ('172.16.4.1', 'eth0')}, 2: [('172.16.4.1', 'eth0', True)]}
May 13 16:28:45 localhost mobilityd[389981]: INFO:root:GW-v6 probe: timer started
May 13 16:28:46 localhost control_proxy[390125]: 2022-05-13T16:28:45.522Z [127.0.0.1 -> streamer-controller.magmasi.wavelabs.in,8443] "POST /magma.orc8r.Streamer/GetUpdates HTTP/2" 200 13536bytes 0.305s
May 13 16:28:46 localhost policydb[390046]: INFO:root:Processing 223 SID -> apn -> policy updates
May 13 16:28:46 localhost control_proxy[390125]: 2022-05-13T16:28:46.134Z [127.0.0.1 -> streamer-controller.magmasi.wavelabs.in,8443] "POST /magma.orc8r.Streamer/GetUpdates HTTP/2" 200 7bytes 0.287s
May 13 16:28:46 localhost policydb[390046]: INFO:root:Processing 0 rating group updates
May 13 16:28:50 localhost smsd[390066]: INFO:root:mme non_eps_service_config is not SMS_ORC8R, sleeping.
May 13 16:28:55 localhost smsd[390066]: INFO:root:mme non_eps_service_config is not SMS_ORC8R, sleeping.
May 13 16:28:59 localhost magmad[389901]: INFO:root:Setting logging level to INFO
May 13 16:29:00 localhost smsd[390066]: INFO:root:mme non_eps_service_config is not SMS_ORC8R, sleeping.
May 13 16:29:05 localhost smsd[390066]: INFO:root:mme non_eps_service_config is not SMS_ORC8R, sleeping.
May 13 16:29:05 localhost mobilityd[389981]: INFO:root:Using GW info: {'default': {2: ('172.16.4.1', 'eth0')}, 2: [('172.16.4.1', 'eth0', True)]}
May 13 16:29:05 localhost mobilityd[389981]: INFO:root:GW-v6 probe: timer started
May 13 16:29:10 localhost smsd[390066]: INFO:root:mme non_eps_service_config is not SMS_ORC8R, sleeping.
May 13 16:29:13 localhost sctpd[390248]: I0513 16:29:13.627120 390746 sctp_connection.cpp:195] Unhandled notification type 32776
May 13 16:29:15 localhost smsd[390066]: INFO:root:mme non_eps_service_config is not SMS_ORC8R, sleeping.
May 13 16:29:18 localhost control_proxy[390125]: 2022-05-13T16:29:17.501Z [127.0.0.1 -> state-controller.magmasi.wavelabs.in,8443] "POST /magma.orc8r.StateService/ReportStates HTTP/2" 200 5bytes 0.640s
May 13 16:29:18 localhost magmad[389901]: INFO:root:Checkin Successful! Successfully sent states to the cloud!
May 13 16:29:20 localhost smsd[390066]: INFO:root:mme non_eps_service_config is not SMS_ORC8R, sleeping.
May 13 16:29:25 localhost smsd[390066]: INFO:root:mme non_eps_service_config is not SMS_ORC8R, sleeping.
May 13 16:29:25 localhost mobilityd[389981]: INFO:root:Using GW info: {'default': {2: ('172.16.4.1', 'eth0')}, 2: [('172.16.4.1', 'eth0', True)]}
May 13 16:29:25 localhost mobilityd[389981]: INFO:root:GW-v6 probe: timer started
May 13 16:29:26 localhost magmad[389901]: INFO:root:[SyncRPC] Got heartBeat from cloud
May 13 16:29:30 localhost smsd[390066]: INFO:root:mme non_eps_service_config is not SMS_ORC8R, sleeping.
May 13 16:29:31 localhost subscriberdb[389980]: INFO:root:get digest stored in gateway:
May 13 16:29:31 localhost control_proxy[390125]: 2022-05-13T16:29:31.261Z [127.0.0.1 -> subscriberdb-controller.magmasi.wavelabs.in,8443] "POST /magma.lte.SubscriberDBCloud/CheckInSync HTTP/2" 200 0bytes 0.250s
May 13 16:29:31 localhost subscriberdb[389980]: ERROR:root:Internal Error in subscriberdb-Orc8r communication. If AGW and Orc8r are deployed at a commit hash, upgrade AGW and Orc8r to latest commit hash.
May 13 16:29:31 localhost control_proxy[390125]: 2022-05-13T16:29:31.261Z [127.0.0.1 -> subscriberdb-controller.magmasi.wavelabs.in,8443] "POST /magma.lte.SubscriberDBCloud/Sync HTTP/2" 200 0bytes 0.256s
May 13 16:29:31 localhost subscriberdb[389980]: ERROR:root:Internal Error in subscriberdb-Orc8r communication. If AGW and Orc8r are deployed at a commit hash, upgrade AGW and Orc8r to latest commit hash.
May 13 16:29:32 localhost control_proxy[390125]: 2022-05-13T16:29:31.261Z [127.0.0.1 -> subscriberdb-controller.magmasi.wavelabs.in,8443] "POST /magma.lte.SubscriberDBCloud/ListSubscribers HTTP/2" 200 44653bytes 0.610s
May 13 16:29:32 localhost subscriberdb[389980]: INFO:root:Successfully fetched all subscriber pages from the cloud!
May 13 16:29:32 localhost subscriberdb[389980]: INFO:root:update root digest stored in gateway:
May 13 16:29:35 localhost sctpd[390248]: I0513 16:29:35.606633 390746 sctp_connection.cpp:195] Unhandled notification type 32776
May 13 16:29:35 localhost smsd[390066]: INFO:root:mme non_eps_service_config is not SMS_ORC8R, sleeping.
May 13 16:29:40 localhost smsd[390066]: INFO:root:mme non_eps_service_config is not SMS_ORC8R, sleeping.
May 13 16:29:45 localhost mobilityd[389981]: INFO:root:Using GW info: {'default': {2: ('172.16.4.1', 'eth0')}, 2: [('172.16.4.1', 'eth0', True)]}
May 13 16:29:45 localhost mobilityd[389981]: INFO:root:GW-v6 probe: timer started
May 13 16:29:45 localhost smsd[390066]: INFO:root:mme non_eps_service_config is not SMS_ORC8R, sleeping.
May 13 16:29:47 localhost control_proxy[390125]: 2022-05-13T16:29:46.475Z [127.0.0.1 -> streamer-controller.magmasi.wavelabs.in,8443] "POST /magma.orc8r.Streamer/GetUpdates HTTP/2" 200 173bytes 0.538s
May 13 16:29:47 localhost policydb[390046]: INFO:root:Processing 4 policy updates (resync=True)
May 13 16:29:47 localhost control_proxy[390125]: 2022-05-13T16:29:47.017Z [127.0.0.1 -> streamer-controller.magmasi.wavelabs.in,8443] "POST /magma.orc8r.Streamer/GetUpdates HTTP/2" 200 7bytes 0.269s
May 13 16:29:47 localhost policydb[390046]: INFO:root:Processing 0 basename -> policy updates
May 13 16:29:47 localhost magmad[389901]: ERROR:root:Metrics upload error for service subscriberdb (chunk 0)! [StatusCode.DEADLINE_EXCEEDED] Deadline Exceeded
May 13 16:29:47 localhost magmad[389901]: ERROR:root:Metrics upload error for service mobilityd (chunk 0)! [StatusCode.DEADLINE_EXCEEDED] Deadline Exceeded
May 13 16:29:47 localhost magmad[389901]: ERROR:root:Metrics upload error for service mme (chunk 0)! [StatusCode.DEADLINE_EXCEEDED] Deadline Exceeded
May 13 16:29:47 localhost magmad[389901]: ERROR:root:Metrics upload error for service magmad (chunk 0)! [StatusCode.DEADLINE_EXCEEDED] Deadline Exceeded
May 13 16:29:47 localhost magmad[389901]: ERROR:root:Metrics upload error for service enodebd (chunk 0)! [StatusCode.DEADLINE_EXCEEDED] Deadline Exceeded
May 13 16:29:47 localhost magmad[389901]: ERROR:root:Metrics upload error for service pipelined (chunk 0)! [StatusCode.DEADLINE_EXCEEDED] Deadline Exceeded
May 13 16:29:47 localhost magmad[389901]: ERROR:root:Metrics upload error for service state (chunk 0)! [StatusCode.DEADLINE_EXCEEDED] Deadline Exceeded
May 13 16:29:47 localhost magmad[389901]: ERROR:root:Metrics upload error for service sessiond (chunk 0)! [StatusCode.DEADLINE_EXCEEDED] Deadline Exceeded
May 13 16:29:47 localhost control_proxy[390125]: 2022-05-13T16:29:47.017Z [127.0.0.1 -> streamer-controller.magmasi.wavelabs.in,8443] "POST /magma.orc8r.Streamer/GetUpdates HTTP/2" 200 13536bytes 0.320s
May 13 16:29:47 localhost policydb[390046]: INFO:root:Processing 223 SID -> apn -> policy updates
May 13 16:29:47 localhost control_proxy[390125]: 2022-05-13T16:29:47.017Z [127.0.0.1 -> streamer-controller.magmasi.wavelabs.in,8443] "POST /magma.orc8r.Streamer/GetUpdates HTTP/2" 200 7bytes 0.261s
May 13 16:29:47 localhost policydb[390046]: INFO:root:Processing 0 rating group updates
May 13 16:29:50 localhost smsd[390066]: INFO:root:mme non_eps_service_config is not SMS_ORC8R, sleeping.
May 13 16:30:01 localhost smsd[390066]: message repeated 2 times: [ INFO:root:mme non_eps_service_config is not SMS_ORC8R, sleeping.]
May 13 16:30:05 localhost mobilityd[389981]: INFO:root:Using GW info: {'default': {2: ('172.16.4.1', 'eth0')}, 2: [('172.16.4.1', 'eth0', True)]}
May 13 16:30:05 localhost mobilityd[389981]: INFO:root:GW-v6 probe: timer started
May 13 16:30:06 localhost smsd[390066]: INFO:root:mme non_eps_service_config is not SMS_ORC8R, sleeping.
May 13 16:30:09 localhost sctpd[390248]: I0513 16:30:09.700122 390746 sctp_connection.cpp:195] Unhandled notification type 32776
May 13 16:30:11 localhost smsd[390066]: INFO:root:mme non_eps_service_config is not SMS_ORC8R, sleeping.
May 13 16:30:16 localhost smsd[390066]: INFO:root:mme non_eps_service_config is not SMS_ORC8R, sleeping.
May 13 16:30:18 localhost magmad[389901]: INFO:root:Setting logging level to INFO
May 13 16:30:21 localhost smsd[390066]: INFO:root:mme non_eps_service_config is not SMS_ORC8R, sleeping.
May 13 16:30:25 localhost mobilityd[389981]: INFO:root:Using GW info: {'default': {2: ('172.16.4.1', 'eth0')}, 2: [('172.16.4.1', 'eth0', True)]}
May 13 16:30:25 localhost mobilityd[389981]: INFO:root:GW-v6 probe: timer started
May 13 16:30:26 localhost smsd[390066]: INFO:root:mme non_eps_service_config is not SMS_ORC8R, sleeping.
May 13 16:30:26 localhost magmad[389901]: INFO:root:[SyncRPC] Got heartBeat from cloud
May 13 16:30:26 localhost control_proxy[390125]: 2022-05-13T16:29:26.509Z [127.0.0.1 -> streamer-controller.magmasi.wavelabs.in,8443] "POST /magma.orc8r.Streamer/GetUpdates HTTP/2" 200 0bytes 60.384s
May 13 16:30:26 localhost magmad[389901]: ERROR:root:Error! Streaming from the cloud failed! [StatusCode.ABORTED] error while streaming updates: rpc error: code = DeadlineExceeded desc = context deadline exceeded
May 13 16:30:31 localhost smsd[390066]: INFO:root:mme non_eps_service_config is not SMS_ORC8R, sleeping.
May 13 16:30:36 localhost smsd[390066]: INFO:root:mme non_eps_service_config is not SMS_ORC8R, sleeping.
May 13 16:30:37 localhost control_proxy[390125]: 2022-05-13T16:30:37.158Z [127.0.0.1 -> state-controller.magmasi.wavelabs.in,8443] "POST /magma.orc8r.StateService/ReportStates HTTP/2" 200 5bytes 0.504s
May 13 16:30:37 localhost magmad[389901]: INFO:root:Checkin Successful! Successfully sent states to the cloud!
May 13 16:30:37 localhost sctpd[390248]: I0513 16:30:37.716101 390746 sctp_connection.cpp:195] Unhandled notification type 32776
May 13 16:30:41 localhost smsd[390066]: INFO:root:mme non_eps_service_config is not SMS_ORC8R, sleeping.
May 13 16:30:45 localhost mobilityd[389981]: INFO:root:Using GW info: {'default': {2: ('172.16.4.1', 'eth0')}, 2: [('172.16.4.1', 'eth0', True)]}
May 13 16:30:45 localhost mobilityd[389981]: INFO:root:GW-v6 probe: timer started
May 13 16:30:46 localhost smsd[390066]: INFO:root:mme non_eps_service_config is not SMS_ORC8R, sleeping.
May 13 16:30:47 localhost magmad[389901]: ERROR:root:Metrics upload error for service subscriberdb (chunk 0)! [StatusCode.DEADLINE_EXCEEDED] Deadline Exceeded
May 13 16:30:47 localhost magmad[389901]: ERROR:root:Metrics upload error for service mobilityd (chunk 0)! [StatusCode.DEADLINE_EXCEEDED] Deadline Exceeded
May 13 16:30:47 localhost magmad[389901]: ERROR:root:Metrics upload error for service mme (chunk 0)! [StatusCode.DEADLINE_EXCEEDED] Deadline Exceeded
May 13 16:30:47 localhost magmad[389901]: ERROR:root:Metrics upload error for service magmad (chunk 0)! [StatusCode.DEADLINE_EXCEEDED] Deadline Exceeded
May 13 16:30:47 localhost magmad[389901]: ERROR:root:Metrics upload error for service enodebd (chunk 0)! [StatusCode.DEADLINE_EXCEEDED] Deadline Exceeded
May 13 16:30:47 localhost magmad[389901]: ERROR:root:Metrics upload error for service pipelined (chunk 0)! [StatusCode.DEADLINE_EXCEEDED] Deadline Exceeded
May 13 16:30:47 localhost magmad[389901]: ERROR:root:Metrics upload error for service state (chunk 0)! [StatusCode.DEADLINE_EXCEEDED] Deadline Exceeded
May 13 16:30:47 localhost magmad[389901]: ERROR:root:Metrics upload error for service sessiond (chunk 0)! [StatusCode.DEADLINE_EXCEEDED] Deadline Exceeded
May 13 16:30:48 localhost control_proxy[390125]: 2022-05-13T16:30:47.938Z [127.0.0.1 -> streamer-controller.magmasi.wavelabs.in,8443] "POST /magma.orc8r.Streamer/GetUpdates HTTP/2" 200 173bytes 0.521s
May 13 16:30:48 localhost policydb[390046]: INFO:root:Processing 4 policy updates (resync=True)
May 13 16:30:48 localhost control_proxy[390125]: 2022-05-13T16:30:48.462Z [127.0.0.1 -> streamer-controller.magmasi.wavelabs.in,8443] "POST /magma.orc8r.Streamer/GetUpdates HTTP/2" 200 7bytes 0.279s
May 13 16:30:48 localhost policydb[390046]: INFO:root:Processing 0 basename -> policy updates
May 13 16:30:49 localhost control_proxy[390125]: 2022-05-13T16:30:48.462Z [127.0.0.1 -> streamer-controller.magmasi.wavelabs.in,8443] "POST /magma.orc8r.Streamer/GetUpdates HTTP/2" 200 13536bytes 0.296s
May 13 16:30:49 localhost policydb[390046]: INFO:root:Processing 223 SID -> apn -> policy updates
May 13 16:30:49 localhost control_proxy[390125]: 2022-05-13T16:30:49.049Z [127.0.0.1 -> streamer-controller.magmasi.wavelabs.in,8443] "POST /magma.orc8r.Streamer/GetUpdates HTTP/2" 200 7bytes 0.272s
May 13 16:30:49 localhost policydb[390046]: INFO:root:Processing 0 rating group updates
May 13 16:30:51 localhost smsd[390066]: INFO:root:mme non_eps_service_config is not SMS_ORC8R, sleeping.
May 13 16:31:01 localhost smsd[390066]: message repeated 2 times: [ INFO:root:mme non_eps_service_config is not SMS_ORC8R, sleeping.]
May 13 16:31:05 localhost sctpd[390248]: I0513 16:31:05.835400 390746 sctp_connection.cpp:195] Unhandled notification type 32776
May 13 16:31:05 localhost mobilityd[389981]: INFO:root:Using GW info: {'default': {2: ('172.16.4.1', 'eth0')}, 2: [('172.16.4.1', 'eth0', True)]}
May 13 16:31:05 localhost mobilityd[389981]: INFO:root:GW-v6 probe: timer started
May 13 16:31:06 localhost smsd[390066]: INFO:root:mme non_eps_service_config is not SMS_ORC8R, sleeping.
May 13 16:31:21 localhost smsd[390066]: message repeated 3 times: [ INFO:root:mme non_eps_service_config is not SMS_ORC8R, sleeping.]
May 13 16:31:25 localhost mobilityd[389981]: INFO:root:Using GW info: {'default': {2: ('172.16.4.1', 'eth0')}, 2: [('172.16.4.1', 'eth0', True)]}
May 13 16:31:25 localhost mobilityd[389981]: INFO:root:GW-v6 probe: timer started
May 13 16:31:26 localhost smsd[390066]: INFO:root:mme non_eps_service_config is not SMS_ORC8R, sleeping.
May 13 16:31:26 localhost magmad[389901]: INFO:root:[SyncRPC] Got heartBeat from cloud
May 13 16:31:31 localhost smsd[390066]: INFO:root:mme non_eps_service_config is not SMS_ORC8R, sleeping.
May 13 16:31:34 localhost sctpd[390248]: I0513 16:31:34.007525 390746 sctp_connection.cpp:195] Unhandled notification type 32776
May 13 16:31:36 localhost smsd[390066]: INFO:root:mme non_eps_service_config is not SMS_ORC8R, sleeping.
May 13 16:31:38 localhost magmad[389901]: INFO:root:Setting logging level to INFO
May 13 16:31:41 localhost smsd[390066]: INFO:root:mme non_eps_service_config is not SMS_ORC8R, sleeping.
May 13 16:31:45 localhost mobilityd[389981]: INFO:root:Using GW info: {'default': {2: ('172.16.4.1', 'eth0')}, 2: [('172.16.4.1', 'eth0', True)]}
May 13 16:31:45 localhost mobilityd[389981]: INFO:root:GW-v6 probe: timer started
May 13 16:31:46 localhost smsd[390066]: INFO:root:mme non_eps_service_config is not SMS_ORC8R, sleeping.
May 13 16:31:49 localhost control_proxy[390125]: 2022-05-13T16:31:49.370Z [127.0.0.1 -> streamer-controller.magmasi.wavelabs.in,8443] "POST /magma.orc8r.Streamer/GetUpdates HTTP/2" 200 173bytes 0.537s
May 13 16:31:49 localhost policydb[390046]: INFO:root:Processing 4 policy updates (resync=True)
May 13 16:31:50 localhost control_proxy[390125]: 2022-05-13T16:31:49.370Z [127.0.0.1 -> streamer-controller.magmasi.wavelabs.in,8443] "POST /magma.orc8r.Streamer/GetUpdates HTTP/2" 200 7bytes 0.267s
May 13 16:31:50 localhost policydb[390046]: INFO:root:Processing 0 basename -> policy updates
May 13 16:31:50 localhost control_proxy[390125]: 2022-05-13T16:31:50.179Z [127.0.0.1 -> streamer-controller.magmasi.wavelabs.in,8443] "POST /magma.orc8r.Streamer/GetUpdates HTTP/2" 200 13536bytes 0.302s
May 13 16:31:50 localhost policydb[390046]: INFO:root:Processing 223 SID -> apn -> policy updates
May 13 16:31:50 localhost control_proxy[390125]: 2022-05-13T16:31:50.179Z [127.0.0.1 -> streamer-controller.magmasi.wavelabs.in,8443] "POST /magma.orc8r.Streamer/GetUpdates HTTP/2" 200 7bytes 0.260s
May 13 16:31:50 localhost policydb[390046]: INFO:root:Processing 0 rating group updates
May 13 16:31:51 localhost smsd[390066]: INFO:root:mme non_eps_service_config is not SMS_ORC8R, sleeping.
May 13 16:31:56 localhost magmad[389901]: ERROR:root:Metrics upload error for service subscriberdb (chunk 0)! [StatusCode.DEADLINE_EXCEEDED] Deadline Exceeded
May 13 16:31:56 localhost magmad[389901]: ERROR:root:Metrics upload error for service mobilityd (chunk 0)! [StatusCode.DEADLINE_EXCEEDED] Deadline Exceeded
May 13 16:31:56 localhost magmad[389901]: ERROR:root:Metrics upload error for service mme (chunk 0)! [StatusCode.DEADLINE_EXCEEDED] Deadline Exceeded
May 13 16:31:56 localhost magmad[389901]: ERROR:root:Metrics upload error for service magmad (chunk 0)! [StatusCode.DEADLINE_EXCEEDED] Deadline Exceeded
May 13 16:31:56 localhost magmad[389901]: ERROR:root:Metrics upload error for service enodebd (chunk 0)! [StatusCode.DEADLINE_EXCEEDED] Deadline Exceeded
May 13 16:31:56 localhost magmad[389901]: ERROR:root:Metrics upload error for service pipelined (chunk 0)! [StatusCode.DEADLINE_EXCEEDED] Deadline Exceeded
May 13 16:31:56 localhost magmad[389901]: ERROR:root:Metrics upload error for service state (chunk 0)! [StatusCode.DEADLINE_EXCEEDED] Deadline Exceeded
May 13 16:31:56 localhost magmad[389901]: ERROR:root:Metrics upload error for service sessiond (chunk 0)! [StatusCode.DEADLINE_EXCEEDED] Deadline Exceeded
May 13 16:31:56 localhost magmad[389901]: INFO:root:Checking for upgrade...
May 13 16:31:56 localhost magmad[389901]: WARNING:root:magmad package_version config missing or set to default 0.0.0-0, skipping upgrade
May 13 16:31:56 localhost smsd[390066]: INFO:root:mme non_eps_service_config is not SMS_ORC8R, sleeping.
May 13 16:31:56 localhost control_proxy[390125]: 2022-05-13T16:31:56.677Z [127.0.0.1 -> state-controller.magmasi.wavelabs.in,8443] "POST /magma.orc8r.StateService/ReportStates HTTP/2" 200 5bytes 0.259s
May 13 16:31:56 localhost magmad[389901]: INFO:root:Checkin Successful! Successfully sent states to the cloud!
May 13 16:31:57 localhost sctpd[390248]: I0513 16:31:57.809167 390746 sctp_connection.cpp:195] Unhandled notification type 32776
May 13 16:32:01 localhost smsd[390066]: INFO:root:mme non_eps_service_config is not SMS_ORC8R, sleeping.
May 13 16:32:05 localhost mobilityd[389981]: INFO:root:Using GW info: {'default': {2: ('172.16.4.1', 'eth0')}, 2: [('172.16.4.1', 'eth0', True)]}
May 13 16:32:05 localhost mobilityd[389981]: INFO:root:GW-v6 probe: timer started
May 13 16:32:06 localhost smsd[390066]: INFO:root:mme non_eps_service_config is not SMS_ORC8R, sleeping.
May 13 16:32:21 localhost smsd[390066]: message repeated 3 times: [ INFO:root:mme non_eps_service_config is not SMS_ORC8R, sleeping.]
May 13 16:32:25 localhost mobilityd[389981]: INFO:root:Using GW info: {'default': {2: ('172.16.4.1', 'eth0')}, 2: [('172.16.4.1', 'eth0', True)]}
May 13 16:32:25 localhost mobilityd[389981]: INFO:root:GW-v6 probe: timer started
May 13 16:32:26 localhost magmad[389901]: INFO:root:[SyncRPC] Got heartBeat from cloud
May 13 16:32:26 localhost smsd[390066]: INFO:root:mme non_eps_service_config is not SMS_ORC8R, sleeping.
May 13 16:32:27 localhost control_proxy[390125]: 2022-05-13T16:31:26.942Z [127.0.0.1 -> streamer-controller.magmasi.wavelabs.in,8443] "POST /magma.orc8r.Streamer/GetUpdates HTTP/2" 200 0bytes 60.252s
May 13 16:32:27 localhost magmad[389901]: ERROR:root:Error! Streaming from the cloud failed! [StatusCode.ABORTED] error while streaming updates: rpc error: code = DeadlineExceeded desc = context deadline exceeded
May 13 16:32:30 localhost sctpd[390248]: I0513 16:32:30.102931 390746 sctp_connection.cpp:195] Unhandled notification type 32776
May 13 16:32:31 localhost smsd[390066]: INFO:root:mme non_eps_service_config is not SMS_ORC8R, sleeping.
May 13 16:32:41 localhost smsd[390066]: message repeated 2 times: [ INFO:root:mme non_eps_service_config is not SMS_ORC8R, sleeping.]
May 13 16:32:45 localhost mobilityd[389981]: INFO:root:Using GW info: {'default': {2: ('172.16.4.1', 'eth0')}, 2: [('172.16.4.1', 'eth0', True)]}
May 13 16:32:45 localhost mobilityd[389981]: INFO:root:GW-v6 probe: timer started
May 13 16:32:46 localhost smsd[390066]: INFO:root:mme non_eps_service_config is not SMS_ORC8R, sleeping.
May 13 16:32:47 localhost magmad[389901]: ERROR:root:Metrics upload error for service subscriberdb (chunk 0)! [StatusCode.DEADLINE_EXCEEDED] Deadline Exceeded
May 13 16:32:47 localhost magmad[389901]: ERROR:root:Metrics upload error for service mobilityd (chunk 0)! [StatusCode.DEADLINE_EXCEEDED] Deadline Exceeded
May 13 16:32:47 localhost magmad[389901]: ERROR:root:Metrics upload error for service mme (chunk 0)! [StatusCode.DEADLINE_EXCEEDED] Deadline Exceeded
May 13 16:32:47 localhost magmad[389901]: ERROR:root:Metrics upload error for service magmad (chunk 0)! [StatusCode.DEADLINE_EXCEEDED] Deadline Exceeded
May 13 16:32:47 localhost magmad[389901]: ERROR:root:Metrics upload error for service enodebd (chunk 0)! [StatusCode.DEADLINE_EXCEEDED] Deadline Exceeded
May 13 16:32:47 localhost magmad[389901]: ERROR:root:Metrics upload error for service pipelined (chunk 0)! [StatusCode.DEADLINE_EXCEEDED] Deadline Exceeded
May 13 16:32:47 localhost magmad[389901]: ERROR:root:Metrics upload error for service state (chunk 0)! [StatusCode.DEADLINE_EXCEEDED] Deadline Exceeded
May 13 16:32:47 localhost magmad[389901]: ERROR:root:Metrics upload error for service sessiond (chunk 0)! [StatusCode.DEADLINE_EXCEEDED] Deadline Exceeded
May 13 16:32:51 localhost control_proxy[390125]: 2022-05-13T16:32:50.796Z [127.0.0.1 -> streamer-controller.magmasi.wavelabs.in,8443] "POST /magma.orc8r.Streamer/GetUpdates HTTP/2" 200 173bytes 0.522s
May 13 16:32:51 localhost policydb[390046]: INFO:root:Processing 4 policy updates (resync=True)
May 13 16:32:51 localhost control_proxy[390125]: 2022-05-13T16:32:51.323Z [127.0.0.1 -> streamer-controller.magmasi.wavelabs.in,8443] "POST /magma.orc8r.Streamer/GetUpdates HTTP/2" 200 7bytes 0.271s
May 13 16:32:51 localhost policydb[390046]: INFO:root:Processing 0 basename -> policy updates
May 13 16:32:51 localhost control_proxy[390125]: 2022-05-13T16:32:51.323Z [127.0.0.1 -> streamer-controller.magmasi.wavelabs.in,8443] "POST /magma.orc8r.Streamer/GetUpdates HTTP/2" 200 13536bytes 0.296s
May 13 16:32:51 localhost policydb[390046]: INFO:root:Processing 223 SID -> apn -> policy updates
May 13 16:32:51 localhost smsd[390066]: INFO:root:mme non_eps_service_config is not SMS_ORC8R, sleeping.
May 13 16:32:52 localhost control_proxy[390125]: 2022-05-13T16:32:51.323Z [127.0.0.1 -> streamer-controller.magmasi.wavelabs.in,8443] "POST /magma.orc8r.Streamer/GetUpdates HTTP/2" 200 7bytes 0.263s
May 13 16:32:52 localhost policydb[390046]: INFO:root:Processing 0 rating group updates
May 13 16:32:52 localhost sctpd[390248]: I0513 16:32:52.238337 390746 sctp_connection.cpp:195] Unhandled notification type 32776
May 13 16:32:56 localhost smsd[390066]: INFO:root:mme non_eps_service_config is not SMS_ORC8R, sleeping.
May 13 16:32:57 localhost magmad[389901]: INFO:root:Setting logging level to INFO
May 13 16:33:02 localhost smsd[390066]: INFO:root:mme non_eps_service_config is not SMS_ORC8R, sleeping.
May 13 16:33:05 localhost mobilityd[389981]: INFO:root:Using GW info: {'default': {2: ('172.16.4.1', 'eth0')}, 2: [('172.16.4.1', 'eth0', True)]}
May 13 16:33:05 localhost mobilityd[389981]: INFO:root:GW-v6 probe: timer started
May 13 16:33:07 localhost smsd[390066]: INFO:root:mme non_eps_service_config is not SMS_ORC8R, sleeping.
May 13 16:33:12 localhost smsd[390066]: INFO:root:mme non_eps_service_config is not SMS_ORC8R, sleeping.
May 13 16:33:16 localhost control_proxy[390125]: 2022-05-13T16:33:16.191Z [127.0.0.1 -> state-controller.magmasi.wavelabs.in,8443] "POST /magma.orc8r.StateService/ReportStates HTTP/2" 200 5bytes 0.507s
May 13 16:33:16 localhost magmad[389901]: INFO:root:Checkin Successful! Successfully sent states to the cloud!
May 13 16:33:17 localhost smsd[390066]: INFO:root:mme non_eps_service_config is not SMS_ORC8R, sleeping.
May 13 16:33:22 localhost smsd[390066]: INFO:root:mme non_eps_service_config is not SMS_ORC8R, sleeping.
May 13 16:33:25 localhost mobilityd[389981]: INFO:root:Using GW info: {'default': {2: ('172.16.4.1', 'eth0')}, 2: [('172.16.4.1', 'eth0', True)]}
May 13 16:33:25 localhost mobilityd[389981]: INFO:root:GW-v6 probe: timer started
May 13 16:33:26 localhost sctpd[390248]: I0513 16:33:26.400636 390746 sctp_connection.cpp:195] Unhandled notification type 32776
May 13 16:33:26 localhost magmad[389901]: INFO:root:[SyncRPC] Got heartBeat from cloud
May 13 16:33:27 localhost smsd[390066]: INFO:root:mme non_eps_service_config is not SMS_ORC8R, sleeping.
May 13 16:33:42 localhost smsd[390066]: message repeated 3 times: [ INFO:root:mme non_eps_service_config is not SMS_ORC8R, sleeping.]
May 13 16:33:45 localhost mobilityd[389981]: INFO:root:Using GW info: {'default': {2: ('172.16.4.1', 'eth0')}, 2: [('172.16.4.1', 'eth0', True)]}
May 13 16:33:45 localhost mobilityd[389981]: INFO:root:GW-v6 probe: timer started
May 13 16:33:47 localhost smsd[390066]: INFO:root:mme non_eps_service_config is not SMS_ORC8R, sleeping.
May 13 16:33:47 localhost magmad[389901]: ERROR:root:Metrics upload error for service subscriberdb (chunk 0)! [StatusCode.DEADLINE_EXCEEDED] Deadline Exceeded
May 13 16:33:47 localhost magmad[389901]: ERROR:root:Metrics upload error for service mobilityd (chunk 0)! [StatusCode.DEADLINE_EXCEEDED] Deadline Exceeded
May 13 16:33:47 localhost magmad[389901]: ERROR:root:Metrics upload error for service mme (chunk 0)! [StatusCode.DEADLINE_EXCEEDED] Deadline Exceeded
May 13 16:33:47 localhost magmad[389901]: ERROR:root:Metrics upload error for service magmad (chunk 0)! [StatusCode.DEADLINE_EXCEEDED] Deadline Exceeded
May 13 16:33:47 localhost magmad[389901]: ERROR:root:Metrics upload error for service enodebd (chunk 0)! [StatusCode.DEADLINE_EXCEEDED] Deadline Exceeded
May 13 16:33:47 localhost magmad[389901]: ERROR:root:Metrics upload error for service pipelined (chunk 0)! [StatusCode.DEADLINE_EXCEEDED] Deadline Exceeded
May 13 16:33:47 localhost magmad[389901]: ERROR:root:Metrics upload error for service state (chunk 0)! [StatusCode.DEADLINE_EXCEEDED] Deadline Exceeded
May 13 16:33:47 localhost magmad[389901]: ERROR:root:Metrics upload error for service sessiond (chunk 0)! [StatusCode.DEADLINE_EXCEEDED] Deadline Exceeded
May 13 16:33:52 localhost smsd[390066]: INFO:root:mme non_eps_service_config is not SMS_ORC8R, sleeping.
May 13 16:33:52 localhost control_proxy[390125]: 2022-05-13T16:33:52.207Z [127.0.0.1 -> streamer-controller.magmasi.wavelabs.in,8443] "POST /magma.orc8r.Streamer/GetUpdates HTTP/2" 200 173bytes 0.520s
May 13 16:33:52 localhost policydb[390046]: INFO:root:Processing 4 policy updates (resync=True)
May 13 16:33:53 localhost control_proxy[390125]: 2022-05-13T16:33:52.207Z [127.0.0.1 -> streamer-controller.magmasi.wavelabs.in,8443] "POST /magma.orc8r.Streamer/GetUpdates HTTP/2" 200 7bytes 0.267s
May 13 16:33:53 localhost policydb[390046]: INFO:root:Processing 0 basename -> policy updates
May 13 16:33:53 localhost control_proxy[390125]: 2022-05-13T16:33:53.004Z [127.0.0.1 -> streamer-controller.magmasi.wavelabs.in,8443] "POST /magma.orc8r.Streamer/GetUpdates HTTP/2" 200 13536bytes 0.309s
May 13 16:33:53 localhost policydb[390046]: INFO:root:Processing 223 SID -> apn -> policy updates
May 13 16:33:53 localhost control_proxy[390125]: 2022-05-13T16:33:53.004Z [127.0.0.1 -> streamer-controller.magmasi.wavelabs.in,8443] "POST /magma.orc8r.Streamer/GetUpdates HTTP/2" 200 7bytes 0.269s
May 13 16:33:53 localhost policydb[390046]: INFO:root:Processing 0 rating group updates
May 13 16:33:54 localhost sctpd[390248]: I0513 16:33:54.608440 390746 sctp_connection.cpp:195] Unhandled notification type 32776
May 13 16:33:57 localhost smsd[390066]: INFO:root:mme non_eps_service_config is not SMS_ORC8R, sleeping.
May 13 16:34:02 localhost smsd[390066]: INFO:root:mme non_eps_service_config is not SMS_ORC8R, sleeping.
May 13 16:34:05 localhost mobilityd[389981]: INFO:root:Using GW info: {'default': {2: ('172.16.4.1', 'eth0')}, 2: [('172.16.4.1', 'eth0', True)]}
May 13 16:34:05 localhost mobilityd[389981]: INFO:root:GW-v6 probe: timer started
May 13 16:34:07 localhost smsd[390066]: INFO:root:mme non_eps_service_config is not SMS_ORC8R, sleeping.
May 13 16:34:12 localhost smsd[390066]: INFO:root:mme non_eps_service_config is not SMS_ORC8R, sleeping.
May 13 16:34:17 localhost magmad[389901]: INFO:root:Setting logging level to INFO
May 13 16:34:17 localhost smsd[390066]: INFO:root:mme non_eps_service_config is not SMS_ORC8R, sleeping.
May 13 16:34:22 localhost smsd[390066]: INFO:root:mme non_eps_service_config is not SMS_ORC8R, sleeping.
May 13 16:34:22 localhost sctpd[390248]: I0513 16:34:22.858671 390746 sctp_connection.cpp:195] Unhandled notification type 32776
May 13 16:34:25 localhost mobilityd[389981]: INFO:root:Using GW info: {'default': {2: ('172.16.4.1', 'eth0')}, 2: [('172.16.4.1', 'eth0', True)]}
May 13 16:34:25 localhost mobilityd[389981]: INFO:root:GW-v6 probe: timer started
May 13 16:34:26 localhost magmad[389901]: INFO:root:[SyncRPC] Got heartBeat from cloud
May 13 16:34:27 localhost control_proxy[390125]: 2022-05-13T16:33:27.227Z [127.0.0.1 -> streamer-controller.magmasi.wavelabs.in,8443] "POST /magma.orc8r.Streamer/GetUpdates HTTP/2" 200 0bytes 60.254s
May 13 16:34:27 localhost magmad[389901]: ERROR:root:Error! Streaming from the cloud failed! [StatusCode.ABORTED] error while streaming updates: rpc error: code = DeadlineExceeded desc = context deadline exceeded
May 13 16:34:27 localhost smsd[390066]: INFO:root:mme non_eps_service_config is not SMS_ORC8R, sleeping.
May 13 16:34:32 localhost smsd[390066]: INFO:root:mme non_eps_service_config is not SMS_ORC8R, sleeping.
May 13 16:34:32 localhost subscriberdb[389980]: INFO:root:get digest stored in gateway:
May 13 16:34:33 localhost control_proxy[390125]: 2022-05-13T16:34:32.829Z [127.0.0.1 -> subscriberdb-controller.magmasi.wavelabs.in,8443] "POST /magma.lte.SubscriberDBCloud/CheckInSync HTTP/2" 200 0bytes 0.492s
