Mar 10 14:53:09 localhost mobilityd[911769]: INFO:root:Using GW info: {'default': {2: ('172.16.4.1', 'eth0')}, 2: [('172.16.4.1', 'eth0', True)]}
Mar 10 14:53:09 localhost mobilityd[911769]: INFO:root:GW-v6 probe: timer started
Mar 10 14:53:10 localhost sctpd[912035]: I0310 14:53:10.504022 912503 sctp_connection.cpp:167] HandleClientSock sd = 67
Mar 10 14:53:10 localhost sctpd[912035]: I0310 14:53:10.504144 912503 sctp_connection.cpp:185] SCTP_SHUTDOWN_EVENT received
Mar 10 14:53:10 localhost sctpd[912035]: I0310 14:53:10.504156 912503 sctp_connection.cpp:280] Sending close connection for assoc_id 3562
Mar 10 14:53:10 localhost sctpd[912035]: I0310 14:53:10.555814 912503 sctp_connection.cpp:167] HandleClientSock sd = 68
Mar 10 14:53:10 localhost sctpd[912035]: I0310 14:53:10.555913 912503 sctp_connection.cpp:185] SCTP_SHUTDOWN_EVENT received
Mar 10 14:53:10 localhost sctpd[912035]: I0310 14:53:10.555927 912503 sctp_connection.cpp:280] Sending close connection for assoc_id 3563
Mar 10 14:53:10 localhost control_proxy[911918]: 2022-03-10T14:53:10.202Z [127.0.0.1 -> streamer-controller.magmasi.wavelabs.in,8443] "POST /magma.orc8r.Streamer/GetUpdates HTTP/2" 200 91bytes 0.527s
Mar 10 14:53:10 localhost policydb[911836]: INFO:root:Processing 2 policy updates (resync=True)
Mar 10 14:53:11 localhost control_proxy[911918]: 2022-03-10T14:53:10.202Z [127.0.0.1 -> streamer-controller.magmasi.wavelabs.in,8443] "POST /magma.orc8r.Streamer/GetUpdates HTTP/2" 200 7bytes 0.269s
Mar 10 14:53:11 localhost policydb[911836]: INFO:root:Processing 0 basename -> policy updates
Mar 10 14:53:11 localhost control_proxy[911918]: 2022-03-10T14:53:11.005Z [127.0.0.1 -> streamer-controller.magmasi.wavelabs.in,8443] "POST /magma.orc8r.Streamer/GetUpdates HTTP/2" 200 5113bytes 0.284s
Mar 10 14:53:11 localhost policydb[911836]: INFO:root:Processing 222 SID -> apn -> policy updates
Mar 10 14:53:11 localhost control_proxy[911918]: 2022-03-10T14:53:11.005Z [127.0.0.1 -> streamer-controller.magmasi.wavelabs.in,8443] "POST /magma.orc8r.Streamer/GetUpdates HTTP/2" 200 7bytes 0.281s
Mar 10 14:53:11 localhost policydb[911836]: INFO:root:Processing 0 rating group updates
Mar 10 14:53:11 localhost magmad[911690]: ERROR:root:Metrics upload error for service subscriberdb (chunk 0)! [StatusCode.DEADLINE_EXCEEDED] Deadline Exceeded
Mar 10 14:53:11 localhost magmad[911690]: ERROR:root:Metrics upload error for service mobilityd (chunk 0)! [StatusCode.DEADLINE_EXCEEDED] Deadline Exceeded
Mar 10 14:53:11 localhost magmad[911690]: ERROR:root:Metrics upload error for service mme (chunk 0)! [StatusCode.DEADLINE_EXCEEDED] Deadline Exceeded
Mar 10 14:53:11 localhost magmad[911690]: ERROR:root:Metrics upload error for service magmad (chunk 0)! [StatusCode.DEADLINE_EXCEEDED] Deadline Exceeded
Mar 10 14:53:11 localhost magmad[911690]: ERROR:root:Metrics upload error for service enodebd (chunk 0)! [StatusCode.DEADLINE_EXCEEDED] Deadline Exceeded
Mar 10 14:53:11 localhost magmad[911690]: ERROR:root:Metrics upload error for service pipelined (chunk 0)! [StatusCode.DEADLINE_EXCEEDED] Deadline Exceeded
Mar 10 14:53:11 localhost magmad[911690]: ERROR:root:Metrics upload error for service state (chunk 0)! [StatusCode.DEADLINE_EXCEEDED] Deadline Exceeded
Mar 10 14:53:11 localhost magmad[911690]: ERROR:root:Metrics upload error for service sessiond (chunk 0)! [StatusCode.DEADLINE_EXCEEDED] Deadline Exceeded
Mar 10 14:53:13 localhost dnsmasq-dhcp[911941]: DHCPDISCOVER(eth1) fa:16:3e:2a:89:3f 
Mar 10 14:53:13 localhost dnsmasq-dhcp[911941]: DHCPOFFER(eth1) 172.16.7.251 fa:16:3e:2a:89:3f 
Mar 10 14:53:14 localhost smsd[911858]: INFO:root:mme non_eps_service_config is not SMS_ORC8R, sleeping.
Mar 10 14:53:16 localhost sctpd[912035]: I0310 14:53:16.998086 912500 sctpd_downlink_impl.cpp:76] SctpdDownlinkImpl::SendDl starting
Mar 10 14:53:19 localhost smsd[911858]: INFO:root:mme non_eps_service_config is not SMS_ORC8R, sleeping.
Mar 10 14:53:19 localhost sctpd[912035]: I0310 14:53:19.529595 912503 sctp_connection.cpp:167] HandleClientSock sd = 69
Mar 10 14:53:19 localhost sctpd[912035]: I0310 14:53:19.529696 912503 sctp_connection.cpp:189] SCTP association change event received
Mar 10 14:53:19 localhost sctpd[912035]: I0310 14:53:19.530601 912503 sctp_connection.cpp:167] HandleClientSock sd = 69
Mar 10 14:53:19 localhost sctpd[912035]: I0310 14:53:19.530637 912503 sctp_connection.cpp:193] Unhandled notification type 32776
Mar 10 14:53:21 localhost dhclient[601]: DHCPREQUEST for 172.16.5.121 on eth1 to 172.16.5.2 port 67 (xid=0x4b4058b5)
Mar 10 14:53:24 localhost smsd[911858]: INFO:root:mme non_eps_service_config is not SMS_ORC8R, sleeping.
Mar 10 14:53:27 localhost dnsmasq-dhcp[911941]: DHCPDISCOVER(eth1) fa:16:3e:2a:89:3f 
Mar 10 14:53:27 localhost dnsmasq-dhcp[911941]: DHCPOFFER(eth1) 172.16.7.251 fa:16:3e:2a:89:3f 
Mar 10 14:53:28 localhost sctpd[912035]: I0310 14:53:28.992156 912503 sctp_connection.cpp:167] HandleClientSock sd = 69
Mar 10 14:53:28 localhost sctpd[912035]: I0310 14:53:28.992300 912503 sctp_connection.cpp:220] [sd:69] msg of len 42 on 3564:0
Mar 10 14:53:28 localhost sctpd[912035]: I0310 14:53:28.995293 912040 sctpd_downlink_impl.cpp:76] SctpdDownlinkImpl::SendDl starting
Mar 10 14:53:28 localhost sctpd[912035]: I0310 14:53:28.995990 912503 sctp_connection.cpp:167] HandleClientSock sd = 69
Mar 10 14:53:28 localhost sctpd[912035]: I0310 14:53:28.996053 912503 sctp_connection.cpp:193] Unhandled notification type 32777
Mar 10 14:53:29 localhost sctpd[912035]: I0310 14:53:29.105660 912503 sctp_connection.cpp:167] HandleClientSock sd = 69
Mar 10 14:53:29 localhost sctpd[912035]: I0310 14:53:29.105773 912503 sctp_connection.cpp:220] [sd:69] msg of len 42 on 3564:0
Mar 10 14:53:29 localhost sctpd[912035]: I0310 14:53:29.108219 912040 sctpd_downlink_impl.cpp:76] SctpdDownlinkImpl::SendDl starting
Mar 10 14:53:29 localhost sctpd[912035]: I0310 14:53:29.219285 912503 sctp_connection.cpp:167] HandleClientSock sd = 69
Mar 10 14:53:29 localhost sctpd[912035]: I0310 14:53:29.219396 912503 sctp_connection.cpp:193] Unhandled notification type 32777
Mar 10 14:53:29 localhost sctpd[912035]: I0310 14:53:29.219417 912503 sctp_connection.cpp:167] HandleClientSock sd = 69
Mar 10 14:53:29 localhost sctpd[912035]: I0310 14:53:29.219437 912503 sctp_connection.cpp:220] [sd:69] msg of len 83 on 3564:1
Mar 10 14:53:29 localhost sctpd[912035]: I0310 14:53:29.236214 912040 sctpd_downlink_impl.cpp:76] SctpdDownlinkImpl::SendDl starting
Mar 10 14:53:29 localhost sctpd[912035]: I0310 14:53:29.335600 912503 sctp_connection.cpp:167] HandleClientSock sd = 69
Mar 10 14:53:29 localhost sctpd[912035]: I0310 14:53:29.335705 912503 sctp_connection.cpp:193] Unhandled notification type 32777
Mar 10 14:53:29 localhost sctpd[912035]: I0310 14:53:29.335726 912503 sctp_connection.cpp:167] HandleClientSock sd = 69
Mar 10 14:53:29 localhost sctpd[912035]: I0310 14:53:29.335747 912503 sctp_connection.cpp:220] [sd:69] msg of len 67 on 3564:1
Mar 10 14:53:29 localhost sctpd[912035]: I0310 14:53:29.340837 912040 sctpd_downlink_impl.cpp:76] SctpdDownlinkImpl::SendDl starting
Mar 10 14:53:29 localhost smsd[911858]: INFO:root:mme non_eps_service_config is not SMS_ORC8R, sleeping.
Mar 10 14:53:29 localhost sctpd[912035]: I0310 14:53:29.450275 912503 sctp_connection.cpp:167] HandleClientSock sd = 69
Mar 10 14:53:29 localhost sctpd[912035]: I0310 14:53:29.450371 912503 sctp_connection.cpp:193] Unhandled notification type 32777
Mar 10 14:53:29 localhost sctpd[912035]: I0310 14:53:29.450388 912503 sctp_connection.cpp:167] HandleClientSock sd = 69
Mar 10 14:53:29 localhost sctpd[912035]: I0310 14:53:29.450410 912503 sctp_connection.cpp:220] [sd:69] msg of len 56 on 3564:1
Mar 10 14:53:29 localhost mme[912447]: [DEBUG] Sending S6A-UPDATE_LOCATION_REQUEST with IMSI: 222700000000001
Mar 10 14:53:29 localhost sctpd[912035]: I0310 14:53:29.456116 912040 sctpd_downlink_impl.cpp:76] SctpdDownlinkImpl::SendDl starting
Mar 10 14:53:29 localhost mme[912447]: [INFO] Received S6A-LOCATION-UPDATE_ANSWER for IMSI: 222700000000001; Status: ; StatusCode: 2001
Mar 10 14:53:29 localhost mme[912447]: [INFO] sent itti S6A-LOCATION-UPDATE_ANSWER for IMSI: 222700000000001
Mar 10 14:53:29 localhost mobilityd[911769]: INFO:root:Using GW info: {'default': {2: ('172.16.4.1', 'eth0')}, 2: [('172.16.4.1', 'eth0', True)]}
Mar 10 14:53:29 localhost mobilityd[911769]: INFO:root:GW-v6 probe: timer started
Mar 10 14:53:29 localhost sctpd[912035]: I0310 14:53:29.657689 912503 sctp_connection.cpp:167] HandleClientSock sd = 69
Mar 10 14:53:29 localhost sctpd[912035]: I0310 14:53:29.657792 912503 sctp_connection.cpp:193] Unhandled notification type 32777
Mar 10 14:53:33 localhost sctpd[912035]: I0310 14:53:33.003434 912040 sctpd_downlink_impl.cpp:76] SctpdDownlinkImpl::SendDl starting
Mar 10 14:53:34 localhost smsd[911858]: INFO:root:mme non_eps_service_config is not SMS_ORC8R, sleeping.
Mar 10 14:53:34 localhost dnsmasq-dhcp[911941]: DHCPDISCOVER(eth1) fa:16:3e:2a:89:3f 
Mar 10 14:53:34 localhost dnsmasq-dhcp[911941]: DHCPOFFER(eth1) 172.16.7.251 fa:16:3e:2a:89:3f 
Mar 10 14:53:35 localhost mme[912447]: [DEBUG] Sending S6A-UPDATE_LOCATION_REQUEST with IMSI: 222700000000001
Mar 10 14:53:35 localhost sctpd[912035]: I0310 14:53:35.463364 912040 sctpd_downlink_impl.cpp:76] SctpdDownlinkImpl::SendDl starting
Mar 10 14:53:35 localhost mme[912447]: [INFO] Received S6A-LOCATION-UPDATE_ANSWER for IMSI: 222700000000001; Status: ; StatusCode: 2001
Mar 10 14:53:35 localhost mme[912447]: [INFO] sent itti S6A-LOCATION-UPDATE_ANSWER for IMSI: 222700000000001
Mar 10 14:53:35 localhost sctpd[912035]: I0310 14:53:35.665881 912503 sctp_connection.cpp:167] HandleClientSock sd = 69
Mar 10 14:53:35 localhost sctpd[912035]: I0310 14:53:35.666016 912503 sctp_connection.cpp:193] Unhandled notification type 32777
Mar 10 14:53:39 localhost smsd[911858]: INFO:root:mme non_eps_service_config is not SMS_ORC8R, sleeping.
Mar 10 14:53:39 localhost sctpd[912035]: I0310 14:53:39.562302 912503 sctp_connection.cpp:167] HandleClientSock sd = 69
Mar 10 14:53:39 localhost sctpd[912035]: I0310 14:53:39.562418 912503 sctp_connection.cpp:220] [sd:69] msg of len 56 on 3564:1
Mar 10 14:53:42 localhost dhclient[601]: DHCPREQUEST for 172.16.5.121 on eth1 to 172.16.5.2 port 67 (xid=0x4b4058b5)
Mar 10 14:53:42 localhost magmad[911690]: INFO:root:Setting logging level to INFO
Mar 10 14:53:44 localhost smsd[911858]: INFO:root:mme non_eps_service_config is not SMS_ORC8R, sleeping.
Mar 10 14:53:45 localhost dnsmasq-dhcp[911941]: DHCPDISCOVER(eth1) fa:16:3e:2a:89:3f 
Mar 10 14:53:45 localhost dnsmasq-dhcp[911941]: DHCPOFFER(eth1) 172.16.7.251 fa:16:3e:2a:89:3f 
Mar 10 14:53:46 localhost sctpd[912035]: I0310 14:53:46.881501 912503 sctp_connection.cpp:167] HandleClientSock sd = 69
Mar 10 14:53:46 localhost sctpd[912035]: I0310 14:53:46.881651 912503 sctp_connection.cpp:185] SCTP_SHUTDOWN_EVENT received
Mar 10 14:53:46 localhost sctpd[912035]: I0310 14:53:46.881662 912503 sctp_connection.cpp:280] Sending close connection for assoc_id 3564
Mar 10 14:53:49 localhost sctpd[912035]: I0310 14:53:49.015192 912040 sctpd_downlink_impl.cpp:76] SctpdDownlinkImpl::SendDl starting
Mar 10 14:53:49 localhost smsd[911858]: INFO:root:mme non_eps_service_config is not SMS_ORC8R, sleeping.
Mar 10 14:53:49 localhost mobilityd[911769]: INFO:root:Using GW info: {'default': {2: ('172.16.4.1', 'eth0')}, 2: [('172.16.4.1', 'eth0', True)]}
Mar 10 14:53:49 localhost mobilityd[911769]: INFO:root:GW-v6 probe: timer started
Mar 10 14:53:50 localhost magmad[911690]: INFO:root:[SyncRPC] Got heartBeat from cloud
Mar 10 14:53:50 localhost control_proxy[911918]: 2022-03-10T14:52:50.048Z [127.0.0.1 -> streamer-controller.magmasi.wavelabs.in,8443] "POST /magma.orc8r.Streamer/GetUpdates HTTP/2" 200 0bytes 60.347s
Mar 10 14:53:50 localhost magmad[911690]: ERROR:root:Error! Streaming from the cloud failed! [StatusCode.ABORTED] error while streaming updates: rpc error: code = DeadlineExceeded desc = context deadline exceeded
Mar 10 14:53:50 localhost control_proxy[911918]: 2022-03-10T14:53:50.021Z [127.0.0.1 -> state-controller.magmasi.wavelabs.in,8443] "POST /magma.orc8r.StateService/ReportStates HTTP/2" 200 5bytes 0.381s
Mar 10 14:53:54 localhost smsd[911858]: INFO:root:mme non_eps_service_config is not SMS_ORC8R, sleeping.
Mar 10 14:53:54 localhost dhclient[601]: DHCPREQUEST for 172.16.5.121 on eth1 to 172.16.5.2 port 67 (xid=0x4b4058b5)
Mar 10 14:53:55 localhost sctpd[912035]: I0310 14:53:55.854648 912503 sctp_connection.cpp:167] HandleClientSock sd = 70
Mar 10 14:53:55 localhost sctpd[912035]: I0310 14:53:55.854774 912503 sctp_connection.cpp:189] SCTP association change event received
Mar 10 14:53:55 localhost sctpd[912035]: I0310 14:53:55.856050 912503 sctp_connection.cpp:167] HandleClientSock sd = 70
Mar 10 14:53:55 localhost sctpd[912035]: I0310 14:53:55.856086 912503 sctp_connection.cpp:193] Unhandled notification type 32776
Mar 10 14:53:58 localhost dnsmasq-dhcp[911941]: DHCPDISCOVER(eth1) fa:16:3e:2a:89:3f 
Mar 10 14:53:58 localhost dnsmasq-dhcp[911941]: DHCPOFFER(eth1) 172.16.7.251 fa:16:3e:2a:89:3f 
Mar 10 14:53:59 localhost smsd[911858]: INFO:root:mme non_eps_service_config is not SMS_ORC8R, sleeping.
Mar 10 14:54:02 localhost control_proxy[911918]: 2022-03-10T14:54:01.507Z [127.0.0.1 -> state-controller.magmasi.wavelabs.in,8443] "POST /magma.orc8r.StateService/ReportStates HTTP/2" 200 5bytes 0.534s
Mar 10 14:54:02 localhost magmad[911690]: INFO:root:Checkin Successful! Successfully sent states to the cloud!
Mar 10 14:54:04 localhost smsd[911858]: INFO:root:mme non_eps_service_config is not SMS_ORC8R, sleeping.
Mar 10 14:54:05 localhost sctpd[912035]: I0310 14:54:05.033572 912500 sctpd_downlink_impl.cpp:76] SctpdDownlinkImpl::SendDl starting
Mar 10 14:54:05 localhost sctpd[912035]: I0310 14:54:05.436012 912503 sctp_connection.cpp:167] HandleClientSock sd = 70
Mar 10 14:54:05 localhost sctpd[912035]: I0310 14:54:05.436173 912503 sctp_connection.cpp:220] [sd:70] msg of len 42 on 3565:0
Mar 10 14:54:05 localhost sctpd[912035]: I0310 14:54:05.438638 912040 sctpd_downlink_impl.cpp:76] SctpdDownlinkImpl::SendDl starting
Mar 10 14:54:05 localhost sctpd[912035]: I0310 14:54:05.439239 912503 sctp_connection.cpp:167] HandleClientSock sd = 70
Mar 10 14:54:05 localhost sctpd[912035]: I0310 14:54:05.439308 912503 sctp_connection.cpp:193] Unhandled notification type 32777
Mar 10 14:54:05 localhost dhclient[601]: DHCPREQUEST for 172.16.5.121 on eth1 to 172.16.5.2 port 67 (xid=0x4b4058b5)
Mar 10 14:54:05 localhost sctpd[912035]: I0310 14:54:05.555406 912503 sctp_connection.cpp:167] HandleClientSock sd = 70
Mar 10 14:54:05 localhost sctpd[912035]: I0310 14:54:05.555527 912503 sctp_connection.cpp:220] [sd:70] msg of len 42 on 3565:0
Mar 10 14:54:05 localhost sctpd[912035]: I0310 14:54:05.557597 912040 sctpd_downlink_impl.cpp:76] SctpdDownlinkImpl::SendDl starting
Mar 10 14:54:05 localhost sctpd[912035]: I0310 14:54:05.669309 912503 sctp_connection.cpp:167] HandleClientSock sd = 70
Mar 10 14:54:05 localhost sctpd[912035]: I0310 14:54:05.669394 912503 sctp_connection.cpp:193] Unhandled notification type 32777
Mar 10 14:54:05 localhost sctpd[912035]: I0310 14:54:05.669412 912503 sctp_connection.cpp:167] HandleClientSock sd = 70
Mar 10 14:54:05 localhost sctpd[912035]: I0310 14:54:05.669431 912503 sctp_connection.cpp:220] [sd:70] msg of len 88 on 3565:1
Mar 10 14:54:05 localhost sctpd[912035]: I0310 14:54:05.687877 912040 sctpd_downlink_impl.cpp:76] SctpdDownlinkImpl::SendDl starting
Mar 10 14:54:05 localhost sctpd[912035]: I0310 14:54:05.783280 912503 sctp_connection.cpp:167] HandleClientSock sd = 70
Mar 10 14:54:05 localhost sctpd[912035]: I0310 14:54:05.783370 912503 sctp_connection.cpp:193] Unhandled notification type 32777
Mar 10 14:54:05 localhost sctpd[912035]: I0310 14:54:05.783389 912503 sctp_connection.cpp:167] HandleClientSock sd = 70
Mar 10 14:54:05 localhost sctpd[912035]: I0310 14:54:05.783408 912503 sctp_connection.cpp:220] [sd:70] msg of len 67 on 3565:1
Mar 10 14:54:05 localhost sctpd[912035]: I0310 14:54:05.787927 912040 sctpd_downlink_impl.cpp:76] SctpdDownlinkImpl::SendDl starting
Mar 10 14:54:05 localhost sctpd[912035]: I0310 14:54:05.894587 912503 sctp_connection.cpp:167] HandleClientSock sd = 70
Mar 10 14:54:05 localhost sctpd[912035]: I0310 14:54:05.894661 912503 sctp_connection.cpp:193] Unhandled notification type 32777
Mar 10 14:54:05 localhost sctpd[912035]: I0310 14:54:05.894678 912503 sctp_connection.cpp:167] HandleClientSock sd = 70
Mar 10 14:54:05 localhost sctpd[912035]: I0310 14:54:05.894696 912503 sctp_connection.cpp:220] [sd:70] msg of len 56 on 3565:1
Mar 10 14:54:05 localhost mme[912447]: [DEBUG] Sending S6A-UPDATE_LOCATION_REQUEST with IMSI: 222700000000001
Mar 10 14:54:05 localhost sctpd[912035]: I0310 14:54:05.900632 912040 sctpd_downlink_impl.cpp:76] SctpdDownlinkImpl::SendDl starting
Mar 10 14:54:05 localhost mme[912447]: [INFO] Received S6A-LOCATION-UPDATE_ANSWER for IMSI: 222700000000001; Status: ; StatusCode: 2001
Mar 10 14:54:05 localhost mme[912447]: [INFO] sent itti S6A-LOCATION-UPDATE_ANSWER for IMSI: 222700000000001
Mar 10 14:54:06 localhost sctpd[912035]: I0310 14:54:06.002997 912503 sctp_connection.cpp:167] HandleClientSock sd = 70
Mar 10 14:54:06 localhost sctpd[912035]: I0310 14:54:06.003087 912503 sctp_connection.cpp:193] Unhandled notification type 32777
Mar 10 14:54:06 localhost sctpd[912035]: I0310 14:54:06.003104 912503 sctp_connection.cpp:167] HandleClientSock sd = 70
Mar 10 14:54:06 localhost sctpd[912035]: I0310 14:54:06.003124 912503 sctp_connection.cpp:220] [sd:70] msg of len 22 on 3565:1
Mar 10 14:54:06 localhost sctpd[912035]: I0310 14:54:06.206955 912503 sctp_connection.cpp:167] HandleClientSock sd = 70
Mar 10 14:54:06 localhost sctpd[912035]: I0310 14:54:06.207054 912503 sctp_connection.cpp:220] [sd:70] msg of len 56 on 3565:1
Mar 10 14:54:06 localhost dnsmasq-dhcp[911941]: DHCPDISCOVER(eth1) fa:16:3e:2a:89:3f 
Mar 10 14:54:06 localhost dnsmasq-dhcp[911941]: DHCPOFFER(eth1) 172.16.7.251 fa:16:3e:2a:89:3f 
Mar 10 14:54:07 localhost sctpd[912035]: I0310 14:54:07.175449 912503 sctp_connection.cpp:167] HandleClientSock sd = 70
Mar 10 14:54:07 localhost sctpd[912035]: I0310 14:54:07.175551 912503 sctp_connection.cpp:220] [sd:70] msg of len 70 on 3565:1
Mar 10 14:54:09 localhost mobilityd[911769]: INFO:root:Using GW info: {'default': {2: ('172.16.4.1', 'eth0')}, 2: [('172.16.4.1', 'eth0', True)]}
Mar 10 14:54:09 localhost mobilityd[911769]: INFO:root:GW-v6 probe: timer started
Mar 10 14:54:09 localhost smsd[911858]: INFO:root:mme non_eps_service_config is not SMS_ORC8R, sleeping.
Mar 10 14:54:11 localhost magmad[911690]: ERROR:root:Metrics upload error for service subscriberdb (chunk 0)! [StatusCode.DEADLINE_EXCEEDED] Deadline Exceeded
Mar 10 14:54:11 localhost magmad[911690]: ERROR:root:Metrics upload error for service mobilityd (chunk 0)! [StatusCode.DEADLINE_EXCEEDED] Deadline Exceeded
Mar 10 14:54:11 localhost magmad[911690]: ERROR:root:Metrics upload error for service mme (chunk 0)! [StatusCode.DEADLINE_EXCEEDED] Deadline Exceeded
Mar 10 14:54:11 localhost magmad[911690]: ERROR:root:Metrics upload error for service magmad (chunk 0)! [StatusCode.DEADLINE_EXCEEDED] Deadline Exceeded
Mar 10 14:54:11 localhost magmad[911690]: ERROR:root:Metrics upload error for service enodebd (chunk 0)! [StatusCode.DEADLINE_EXCEEDED] Deadline Exceeded
Mar 10 14:54:11 localhost magmad[911690]: ERROR:root:Metrics upload error for service pipelined (chunk 0)! [StatusCode.DEADLINE_EXCEEDED] Deadline Exceeded
Mar 10 14:54:11 localhost magmad[911690]: ERROR:root:Metrics upload error for service state (chunk 0)! [StatusCode.DEADLINE_EXCEEDED] Deadline Exceeded
Mar 10 14:54:11 localhost magmad[911690]: ERROR:root:Metrics upload error for service sessiond (chunk 0)! [StatusCode.DEADLINE_EXCEEDED] Deadline Exceeded
Mar 10 14:54:12 localhost control_proxy[911918]: 2022-03-10T14:54:11.618Z [127.0.0.1 -> streamer-controller.magmasi.wavelabs.in,8443] "POST /magma.orc8r.Streamer/GetUpdates HTTP/2" 200 91bytes 0.550s
Mar 10 14:54:12 localhost policydb[911836]: INFO:root:Processing 2 policy updates (resync=True)
Mar 10 14:54:12 localhost control_proxy[911918]: 2022-03-10T14:54:12.175Z [127.0.0.1 -> streamer-controller.magmasi.wavelabs.in,8443] "POST /magma.orc8r.Streamer/GetUpdates HTTP/2" 200 7bytes 0.272s
Mar 10 14:54:12 localhost policydb[911836]: INFO:root:Processing 0 basename -> policy updates
Mar 10 14:54:12 localhost control_proxy[911918]: 2022-03-10T14:54:12.175Z [127.0.0.1 -> streamer-controller.magmasi.wavelabs.in,8443] "POST /magma.orc8r.Streamer/GetUpdates HTTP/2" 200 5113bytes 0.277s
Mar 10 14:54:12 localhost policydb[911836]: INFO:root:Processing 222 SID -> apn -> policy updates
Mar 10 14:54:13 localhost control_proxy[911918]: 2022-03-10T14:54:12.175Z [127.0.0.1 -> streamer-controller.magmasi.wavelabs.in,8443] "POST /magma.orc8r.Streamer/GetUpdates HTTP/2" 200 7bytes 0.267s
Mar 10 14:54:13 localhost policydb[911836]: INFO:root:Processing 0 rating group updates
Mar 10 14:54:14 localhost smsd[911858]: INFO:root:mme non_eps_service_config is not SMS_ORC8R, sleeping.
Mar 10 14:54:15 localhost dhclient[601]: DHCPREQUEST for 172.16.5.121 on eth1 to 172.16.5.2 port 67 (xid=0x4b4058b5)
Mar 10 14:54:17 localhost dnsmasq-dhcp[911941]: DHCPDISCOVER(eth1) fa:16:3e:2a:89:3f 
Mar 10 14:54:17 localhost dnsmasq-dhcp[911941]: DHCPOFFER(eth1) 172.16.7.251 fa:16:3e:2a:89:3f 
Mar 10 14:54:19 localhost sctpd[912035]: I0310 14:54:19.540545 912503 sctp_connection.cpp:167] HandleClientSock sd = 70
Mar 10 14:54:19 localhost sctpd[912035]: I0310 14:54:19.540642 912503 sctp_connection.cpp:185] SCTP_SHUTDOWN_EVENT received
Mar 10 14:54:19 localhost sctpd[912035]: I0310 14:54:19.540652 912503 sctp_connection.cpp:280] Sending close connection for assoc_id 3565
Mar 10 14:54:19 localhost smsd[911858]: INFO:root:mme non_eps_service_config is not SMS_ORC8R, sleeping.
Mar 10 14:54:21 localhost sessiond[911771]: I0310 14:54:21.047224 911771 SetMessageManagerHandler.cpp:142] Release request for session from IMSI: IMSI222700000000001 pdu_id 1
Mar 10 14:54:21 localhost mobilityd[911769]: INFO:root:Released IP 192.168.128.182 for sid IMSI222700000000001
Mar 10 14:54:24 localhost smsd[911858]: INFO:root:mme non_eps_service_config is not SMS_ORC8R, sleeping.
Mar 10 14:54:25 localhost dhclient[601]: DHCPREQUEST for 172.16.5.121 on eth1 to 172.16.5.2 port 67 (xid=0x4b4058b5)
Mar 10 14:54:26 localhost policydb[911836]: INFO:root:Terminating session: IMSI222700000000001-162279
Mar 10 14:54:26 localhost eventd[911848]: DEBUG:root:Logging event: stream_name: "sessiond"
Mar 10 14:54:26 localhost eventd[911848]: event_type: "session_terminated"
Mar 10 14:54:26 localhost eventd[911848]: tag: "IMSI222700000000001"
Mar 10 14:54:26 localhost eventd[911848]: value: "{\"mac_addr\":\"\",\"user_location\":\"\",\"spgw_ip\":\"\",\"imei\":\"\",\"record_sequence_number\":1,\"pdp_end_time\":33,\"charging_rx\":0,\"duration\":33,\"ip_addr\":\"192.168.128.182\",\"monitoring_tx\":0,\"ipv6_addr\":\"\",\"msisdn\":\"\",\"apn\":\"default\",\"session_id\":\"IMSI222700000000001-162279\",\"list_of_service_data\":[],\"charging_characteristics\":\"\",\"total_tx\":0,\"cause_for_rec_closing\":0,\"imsi\":\"IMSI222700000000001\",\"total_rx\":0,\"monitoring_rx\":0,\"charging_tx\":0,\"pdp_start_time\":0}"
Mar 10 14:54:26 localhost eventd[911848]: ERROR:root:Connection to FluentBit failed: [Errno 111] Connection refused
Mar 10 14:54:26 localhost eventd[911848]: INFO:root:FluentBit (td-agent-bit) may not be enabled or configured correctly
Mar 10 14:54:26 localhost sessiond[911771]: I0310 14:54:26.062484 911796 SessionEvents.cpp:291] Could not log session_terminated event {"mac_addr":"","user_location":"","spgw_ip":"","imei":"","record_sequence_number":1,"pdp_end_time":33,"charging_rx":0,"duration":33,"ip_addr":"192.168.128.182","monitoring_tx":0,"ipv6_addr":"","msisdn":"","apn":"default","session_id":"IMSI222700000000001-162279","list_of_service_data":[],"charging_characteristics":"","total_tx":0,"cause_for_rec_closing":0,"imsi":"IMSI222700000000001","total_rx":0,"monitoring_rx":0,"charging_tx":0,"pdp_start_time":0}, Error Message: Could not connect to FluentBit locally, Details: [Errno 111] Connection refused
Mar 10 14:54:29 localhost sctpd[912035]: I0310 14:54:29.152484 912503 sctp_connection.cpp:167] HandleClientSock sd = 71
Mar 10 14:54:29 localhost sctpd[912035]: I0310 14:54:29.152570 912503 sctp_connection.cpp:189] SCTP association change event received
Mar 10 14:54:29 localhost sctpd[912035]: I0310 14:54:29.153343 912503 sctp_connection.cpp:167] HandleClientSock sd = 71
Mar 10 14:54:29 localhost sctpd[912035]: I0310 14:54:29.153378 912503 sctp_connection.cpp:193] Unhandled notification type 32776
Mar 10 14:54:29 localhost sctpd[912035]: I0310 14:54:29.266969 912503 sctp_connection.cpp:167] HandleClientSock sd = 72
Mar 10 14:54:29 localhost sctpd[912035]: I0310 14:54:29.267057 912503 sctp_connection.cpp:189] SCTP association change event received
Mar 10 14:54:29 localhost sctpd[912035]: I0310 14:54:29.268090 912503 sctp_connection.cpp:167] HandleClientSock sd = 72
Mar 10 14:54:29 localhost sctpd[912035]: I0310 14:54:29.268141 912503 sctp_connection.cpp:193] Unhandled notification type 32776
Mar 10 14:54:29 localhost mobilityd[911769]: INFO:root:Using GW info: {'default': {2: ('172.16.4.1', 'eth0')}, 2: [('172.16.4.1', 'eth0', True)]}
Mar 10 14:54:29 localhost mobilityd[911769]: INFO:root:GW-v6 probe: timer started
Mar 10 14:54:29 localhost smsd[911858]: INFO:root:mme non_eps_service_config is not SMS_ORC8R, sleeping.
Mar 10 14:54:30 localhost sctpd[912035]: I0310 14:54:30.324890 912503 sctp_connection.cpp:167] HandleClientSock sd = 71
Mar 10 14:54:30 localhost sctpd[912035]: I0310 14:54:30.325023 912503 sctp_connection.cpp:220] [sd:71] msg of len 42 on 3566:0
Mar 10 14:54:30 localhost sctpd[912035]: I0310 14:54:30.327136 912500 sctpd_downlink_impl.cpp:76] SctpdDownlinkImpl::SendDl starting
Mar 10 14:54:30 localhost sctpd[912035]: I0310 14:54:30.327651 912503 sctp_connection.cpp:167] HandleClientSock sd = 71
Mar 10 14:54:30 localhost sctpd[912035]: I0310 14:54:30.327733 912503 sctp_connection.cpp:193] Unhandled notification type 32777
Mar 10 14:54:30 localhost dnsmasq-dhcp[911941]: DHCPDISCOVER(eth1) fa:16:3e:2a:89:3f 
Mar 10 14:54:30 localhost dnsmasq-dhcp[911941]: DHCPOFFER(eth1) 172.16.7.251 fa:16:3e:2a:89:3f 
Mar 10 14:54:30 localhost sctpd[912035]: I0310 14:54:30.432735 912503 sctp_connection.cpp:167] HandleClientSock sd = 72
Mar 10 14:54:30 localhost sctpd[912035]: I0310 14:54:30.432832 912503 sctp_connection.cpp:220] [sd:72] msg of len 42 on 3567:0
Mar 10 14:54:30 localhost sctpd[912035]: I0310 14:54:30.434844 912500 sctpd_downlink_impl.cpp:76] SctpdDownlinkImpl::SendDl starting
Mar 10 14:54:30 localhost sctpd[912035]: I0310 14:54:30.435482 912503 sctp_connection.cpp:167] HandleClientSock sd = 72
Mar 10 14:54:30 localhost sctpd[912035]: I0310 14:54:30.435535 912503 sctp_connection.cpp:193] Unhandled notification type 32777
Mar 10 14:54:30 localhost sctpd[912035]: I0310 14:54:30.549041 912503 sctp_connection.cpp:167] HandleClientSock sd = 72
Mar 10 14:54:30 localhost sctpd[912035]: I0310 14:54:30.549134 912503 sctp_connection.cpp:220] [sd:72] msg of len 88 on 3567:1
Mar 10 14:54:30 localhost sctpd[912035]: I0310 14:54:30.563661 912500 sctpd_downlink_impl.cpp:76] SctpdDownlinkImpl::SendDl starting
Mar 10 14:54:30 localhost sctpd[912035]: I0310 14:54:30.663951 912503 sctp_connection.cpp:167] HandleClientSock sd = 72
Mar 10 14:54:30 localhost sctpd[912035]: I0310 14:54:30.664041 912503 sctp_connection.cpp:193] Unhandled notification type 32777
Mar 10 14:54:30 localhost sctpd[912035]: I0310 14:54:30.664062 912503 sctp_connection.cpp:167] HandleClientSock sd = 72
Mar 10 14:54:30 localhost sctpd[912035]: I0310 14:54:30.664081 912503 sctp_connection.cpp:220] [sd:72] msg of len 67 on 3567:1
Mar 10 14:54:30 localhost sctpd[912035]: I0310 14:54:30.668319 912500 sctpd_downlink_impl.cpp:76] SctpdDownlinkImpl::SendDl starting
Mar 10 14:54:30 localhost sctpd[912035]: I0310 14:54:30.782682 912503 sctp_connection.cpp:167] HandleClientSock sd = 72
Mar 10 14:54:30 localhost sctpd[912035]: I0310 14:54:30.782776 912503 sctp_connection.cpp:193] Unhandled notification type 32777
Mar 10 14:54:30 localhost sctpd[912035]: I0310 14:54:30.782794 912503 sctp_connection.cpp:167] HandleClientSock sd = 72
Mar 10 14:54:30 localhost sctpd[912035]: I0310 14:54:30.782812 912503 sctp_connection.cpp:220] [sd:72] msg of len 56 on 3567:1
Mar 10 14:54:30 localhost mme[912447]: [DEBUG] Sending S6A-UPDATE_LOCATION_REQUEST with IMSI: 222700000000001
Mar 10 14:54:30 localhost sctpd[912035]: I0310 14:54:30.788491 912500 sctpd_downlink_impl.cpp:76] SctpdDownlinkImpl::SendDl starting
Mar 10 14:54:30 localhost mme[912447]: [INFO] Received S6A-LOCATION-UPDATE_ANSWER for IMSI: 222700000000001; Status: ; StatusCode: 2001
Mar 10 14:54:30 localhost mme[912447]: [INFO] sent itti S6A-LOCATION-UPDATE_ANSWER for IMSI: 222700000000001
Mar 10 14:54:30 localhost sctpd[912035]: I0310 14:54:30.902335 912503 sctp_connection.cpp:167] HandleClientSock sd = 72
Mar 10 14:54:30 localhost sctpd[912035]: I0310 14:54:30.902420 912503 sctp_connection.cpp:193] Unhandled notification type 32777
Mar 10 14:54:30 localhost sctpd[912035]: I0310 14:54:30.902439 912503 sctp_connection.cpp:167] HandleClientSock sd = 72
Mar 10 14:54:30 localhost sctpd[912035]: I0310 14:54:30.902459 912503 sctp_connection.cpp:220] [sd:72] msg of len 22 on 3567:1
Mar 10 14:54:31 localhost sctpd[912035]: I0310 14:54:31.110848 912503 sctp_connection.cpp:167] HandleClientSock sd = 72
Mar 10 14:54:31 localhost sctpd[912035]: I0310 14:54:31.110944 912503 sctp_connection.cpp:220] [sd:72] msg of len 56 on 3567:1
Mar 10 14:54:33 localhost sctpd[912035]: I0310 14:54:33.123090 912503 sctp_connection.cpp:167] HandleClientSock sd = 72
Mar 10 14:54:33 localhost sctpd[912035]: I0310 14:54:33.123188 912503 sctp_connection.cpp:220] [sd:72] msg of len 82 on 3567:1
Mar 10 14:54:33 localhost mobilityd[911769]: INFO:root:Allocating the same IP 192.168.128.182 for sid IMSI222700000000001.default,ipv4
Mar 10 14:54:33 localhost mobilityd[911769]: INFO:root:Allocated IP 192.168.128.182 for sid IMSI222700000000001 for apn default
Mar 10 14:54:33 localhost policydb[911836]: INFO:root:Creating a session for subscriber ID: IMSI222700000000001
Mar 10 14:54:33 localhost sessiond[911771]: I0310 14:54:33.142835 911771 SetMessageManagerHandler.cpp:342] Processing a CreateSessionResponse for IMSI222700000000001-73399
Mar 10 14:54:33 localhost sessiond[911771]: I0310 14:54:33.143085 911771 SessionState.cpp:2774] RuleID allowlist_sid-IMSI222700000000001-default doesn't have a version registered for IMSI222700000000001-73399, this is unexpected
Mar 10 14:54:33 localhost mme[912447]: PDUSessionResourceSetupRequestTransfer ::= {
Mar 10 14:54:33 localhost mme[912447]:     protocolIEs: ProtocolIE-Container ::= {
Mar 10 14:54:33 localhost mme[912447]:         PDUSessionResourceSetupRequestTransferIEs ::= {
Mar 10 14:54:33 localhost mme[912447]:             id: 130
Mar 10 14:54:33 localhost mme[912447]:             criticality: 0 (reject)
Mar 10 14:54:33 localhost mme[912447]:             value: PDUSessionAggregateMaximumBitRate ::= {
Mar 10 14:54:33 localhost mme[912447]:                 pDUSessionAggregateMaximumBitRateDL: 100000000
Mar 10 14:54:33 localhost mme[912447]:                 pDUSessionAggregateMaximumBitRateUL: 100000000
Mar 10 14:54:33 localhost mme[912447]:             }
Mar 10 14:54:33 localhost mme[912447]:         }
Mar 10 14:54:33 localhost mme[912447]:         PDUSessionResourceSetupRequestTransferIEs ::= {
Mar 10 14:54:33 localhost mme[912447]:             id: 139
Mar 10 14:54:33 localhost mme[912447]:             criticality: 0 (reject)
Mar 10 14:54:33 localhost mme[912447]:             value: GTPTunnel ::= {
Mar 10 14:54:33 localhost mme[912447]:                 transportLayerAddress: AC 10 05 79
Mar 10 14:54:33 localhost mme[912447]:                 gTP-TEID: 80 00 00 07
Mar 10 14:54:33 localhost mme[912447]:             }
Mar 10 14:54:33 localhost mme[912447]:         }
Mar 10 14:54:33 localhost mme[912447]:         PDUSessionResourceSetupRequestTransferIEs ::= {
Mar 10 14:54:33 localhost mme[912447]:             id: 134
Mar 10 14:54:33 localhost mme[912447]:             criticality: 0 (reject)
Mar 10 14:54:33 localhost mme[912447]:             value: 0 (ipv4)
Mar 10 14:54:33 localhost mme[912447]:         }
Mar 10 14:54:33 localhost mme[912447]:         PDUSessionResourceSetupRequestTransferIEs ::= {
Mar 10 14:54:33 localhost mme[912447]:             id: 136
Mar 10 14:54:33 localhost mme[912447]:             criticality: 0 (reject)
Mar 10 14:54:33 localhost mme[912447]:             value: QosFlowSetupRequestList ::= {
Mar 10 14:54:33 localhost mme[912447]:                 QosFlowSetupRequestItem ::= {
Mar 10 14:54:33 localhost mme[912447]:                     qosFlowIdentifier: 9
Mar 10 14:54:33 localhost mme[912447]:                     qosFlowLevelQosParameters: QosFlowLevelQosParameters ::= {
Mar 10 14:54:33 localhost mme[912447]:                         qosCharacteristics: NonDynamic5QIDescriptor ::= {
Mar 10 14:54:33 localhost mme[912447]:                             fiveQI: 9
Mar 10 14:54:33 localhost mme[912447]:                         }
Mar 10 14:54:33 localhost mme[912447]:                         allocationAndRetentionPriority: AllocationAndRetentionPriority ::= {
Mar 10 14:54:33 localhost mme[912447]:                             priorityLevelARP: 15
Mar 10 14:54:33 localhost mme[912447]:                             pre-emptionCapability: 0 (shall-not-trigger-pre-emption)
Mar 10 14:54:33 localhost mme[912447]:                             pre-emptionVulnerability: 0 (not-pre-emptable)
Mar 10 14:54:33 localhost mme[912447]:                         }
Mar 10 14:54:33 localhost mme[912447]:                     }
Mar 10 14:54:33 localhost mme[912447]:                 }
Mar 10 14:54:33 localhost mme[912447]:             }
Mar 10 14:54:33 localhost mme[912447]:         }
Mar 10 14:54:33 localhost mme[912447]:     }
Mar 10 14:54:33 localhost mme[912447]: }
Mar 10 14:54:33 localhost sctpd[912035]: I0310 14:54:33.148695 912500 sctpd_downlink_impl.cpp:76] SctpdDownlinkImpl::SendDl starting
Mar 10 14:54:33 localhost sctpd[912035]: I0310 14:54:33.239295 912503 sctp_connection.cpp:167] HandleClientSock sd = 72
Mar 10 14:54:33 localhost sctpd[912035]: I0310 14:54:33.239392 912503 sctp_connection.cpp:193] Unhandled notification type 32777
Mar 10 14:54:33 localhost sctpd[912035]: I0310 14:54:33.239411 912503 sctp_connection.cpp:167] HandleClientSock sd = 72
Mar 10 14:54:33 localhost sctpd[912035]: I0310 14:54:33.239430 912503 sctp_connection.cpp:220] [sd:72] msg of len 43 on 3567:1
Mar 10 14:54:33 localhost sessiond[911771]: I0310 14:54:33.242282 911771 SessionStateEnforcer.cpp:869]  AMF teid: 40000000 ip address 10.10.10.11 of imsi: IMSI222700000000001 fteid: 2147483655 pdu id: 1 UE ip address 192.168.128.182
Mar 10 14:54:33 localhost eventd[911848]: DEBUG:root:Logging event: stream_name: "sessiond"
Mar 10 14:54:33 localhost eventd[911848]: event_type: "session_created"
Mar 10 14:54:33 localhost eventd[911848]: tag: "IMSI222700000000001"
Mar 10 14:54:33 localhost eventd[911848]: value: "{\"mac_addr\":\"\",\"user_location\":\"\",\"spgw_ip\":\"\",\"imei\":\"\",\"pdp_start_time\":0,\"session_id\":\"IMSI222700000000001-73399\",\"apn\":\"default\",\"msisdn\":\"\",\"charging_characteristics\":\"\",\"ipv6_addr\":\"\",\"ip_addr\":\"192.168.128.182\",\"imsi\":\"IMSI222700000000001\"}"
Mar 10 14:54:33 localhost eventd[911848]: ERROR:root:Connection to FluentBit failed: [Errno 111] Connection refused
Mar 10 14:54:33 localhost eventd[911848]: INFO:root:FluentBit (td-agent-bit) may not be enabled or configured correctly
Mar 10 14:54:33 localhost sessiond[911771]: I0310 14:54:33.247256 911796 SessionEvents.cpp:131] Could not log session_created event {"mac_addr":"","user_location":"","spgw_ip":"","imei":"","pdp_start_time":0,"session_id":"IMSI222700000000001-73399","apn":"default","msisdn":"","charging_characteristics":"","ipv6_addr":"","ip_addr":"192.168.128.182","imsi":"IMSI222700000000001"}, Error Message: Could not connect to FluentBit locally, Details: [Errno 111] Connection refused
Mar 10 14:54:34 localhost smsd[911858]: INFO:root:mme non_eps_service_config is not SMS_ORC8R, sleeping.
Mar 10 14:54:35 localhost sctpd[912035]: I0310 14:54:35.450271 912503 sctp_connection.cpp:167] HandleClientSock sd = 72
Mar 10 14:54:35 localhost sctpd[912035]: I0310 14:54:35.450399 912503 sctp_connection.cpp:220] [sd:72] msg of len 74 on 3567:1
Mar 10 14:54:35 localhost mme[912447]: InitiatingMessage ::= {
Mar 10 14:54:35 localhost mme[912447]:     procedureCode: 28
Mar 10 14:54:35 localhost mme[912447]:     criticality: 1 (ignore)
Mar 10 14:54:35 localhost mme[912447]:     value: PDUSessionResourceReleaseCommand ::= {
Mar 10 14:54:35 localhost mme[912447]:         protocolIEs: ProtocolIE-Container ::= {
Mar 10 14:54:35 localhost mme[912447]:             PDUSessionResourceReleaseCommandIEs ::= {
Mar 10 14:54:35 localhost mme[912447]:                 id: 10
Mar 10 14:54:35 localhost mme[912447]:                 criticality: 0 (reject)
Mar 10 14:54:35 localhost mme[912447]:                 value: 63
Mar 10 14:54:35 localhost mme[912447]:             }
Mar 10 14:54:35 localhost mme[912447]:             PDUSessionResourceReleaseCommandIEs ::= {
Mar 10 14:54:35 localhost mme[912447]:                 id: 85
Mar 10 14:54:35 localhost mme[912447]:                 criticality: 0 (reject)
Mar 10 14:54:35 localhost mme[912447]:                 value: 4294967295
Mar 10 14:54:35 localhost mme[912447]:             }
Mar 10 14:54:35 localhost mme[912447]:             PDUSessionResourceReleaseCommandIEs ::= {
Mar 10 14:54:35 localhost mme[912447]:                 id: 38
Mar 10 14:54:35 localhost mme[912447]:                 criticality: 0 (reject)
Mar 10 14:54:35 localhost mme[912447]:                 value:
Mar 10 14:54:35 localhost mme[912447]:                     7E 01 2E 4D 6B E3 03 7E 00 68 01 00 05 2E 01 01
Mar 10 14:54:35 localhost mme[912447]:                     D3 24 12 01
Mar 10 14:54:35 localhost mme[912447]:             }
Mar 10 14:54:35 localhost mme[912447]:             PDUSessionResourceReleaseCommandIEs ::= {
Mar 10 14:54:35 localhost mme[912447]:                 id: 79
Mar 10 14:54:35 localhost mme[912447]:                 criticality: 0 (reject)
Mar 10 14:54:35 localhost mme[912447]:                 value: PDUSessionResourceToReleaseListRelCmd ::= {
Mar 10 14:54:35 localhost mme[912447]:                 }
Mar 10 14:54:35 localhost mme[912447]:             }
Mar 10 14:54:35 localhost mme[912447]:         }
Mar 10 14:54:35 localhost mme[912447]:     }
Mar 10 14:54:35 localhost mme[912447]: }
Mar 10 14:54:35 localhost sctpd[912035]: I0310 14:54:35.455268 912500 sctpd_downlink_impl.cpp:76] SctpdDownlinkImpl::SendDl starting
Mar 10 14:54:35 localhost sctpd[912035]: I0310 14:54:35.507786 912503 sctp_connection.cpp:167] HandleClientSock sd = 72
Mar 10 14:54:35 localhost sctpd[912035]: I0310 14:54:35.507900 912503 sctp_connection.cpp:193] Unhandled notification type 32777
Mar 10 14:54:35 localhost sctpd[912035]: I0310 14:54:35.507937 912503 sctp_connection.cpp:167] HandleClientSock sd = 72
Mar 10 14:54:35 localhost sctpd[912035]: I0310 14:54:35.507963 912503 sctp_connection.cpp:220] [sd:72] msg of len 70 on 3567:1
Mar 10 14:54:37 localhost dnsmasq-dhcp[911941]: DHCPDISCOVER(eth1) fa:16:3e:2a:89:3f 
Mar 10 14:54:37 localhost dnsmasq-dhcp[911941]: DHCPOFFER(eth1) 172.16.7.251 fa:16:3e:2a:89:3f 
Mar 10 14:54:39 localhost smsd[911858]: INFO:root:mme non_eps_service_config is not SMS_ORC8R, sleeping.
Mar 10 14:54:43 localhost dhclient[601]: DHCPREQUEST for 172.16.5.121 on eth1 to 172.16.5.2 port 67 (xid=0x4b4058b5)
Mar 10 14:54:44 localhost smsd[911858]: INFO:root:mme non_eps_service_config is not SMS_ORC8R, sleeping.
Mar 10 14:54:48 localhost dnsmasq-dhcp[911941]: DHCPDISCOVER(eth1) fa:16:3e:2a:89:3f 
Mar 10 14:54:48 localhost dnsmasq-dhcp[911941]: DHCPOFFER(eth1) 172.16.7.251 fa:16:3e:2a:89:3f 
Mar 10 14:54:49 localhost mobilityd[911769]: INFO:root:Using GW info: {'default': {2: ('172.16.4.1', 'eth0')}, 2: [('172.16.4.1', 'eth0', True)]}
Mar 10 14:54:49 localhost mobilityd[911769]: INFO:root:GW-v6 probe: timer started
Mar 10 14:54:49 localhost smsd[911858]: INFO:root:mme non_eps_service_config is not SMS_ORC8R, sleeping.
Mar 10 14:54:50 localhost magmad[911690]: INFO:root:[SyncRPC] Got heartBeat from cloud
Mar 10 14:54:51 localhost sctpd[912035]: I0310 14:54:51.469178 912500 sctpd_downlink_impl.cpp:76] SctpdDownlinkImpl::SendDl starting
Mar 10 14:54:51 localhost sctpd[912035]: I0310 14:54:51.673784 912503 sctp_connection.cpp:167] HandleClientSock sd = 72
Mar 10 14:54:51 localhost sctpd[912035]: I0310 14:54:51.673847 912503 sctp_connection.cpp:193] Unhandled notification type 32777
Mar 10 14:54:54 localhost smsd[911858]: INFO:root:mme non_eps_service_config is not SMS_ORC8R, sleeping.
Mar 10 14:54:59 localhost smsd[911858]: INFO:root:mme non_eps_service_config is not SMS_ORC8R, sleeping.
Mar 10 14:55:00 localhost dhclient[601]: DHCPREQUEST for 172.16.5.121 on eth1 to 172.16.5.2 port 67 (xid=0x4b4058b5)
Mar 10 14:55:02 localhost dnsmasq-dhcp[911941]: DHCPDISCOVER(eth1) fa:16:3e:2a:89:3f 
Mar 10 14:55:02 localhost dnsmasq-dhcp[911941]: DHCPOFFER(eth1) 172.16.7.251 fa:16:3e:2a:89:3f 
Mar 10 14:55:02 localhost magmad[911690]: INFO:root:Setting logging level to INFO
Mar 10 14:55:04 localhost smsd[911858]: INFO:root:mme non_eps_service_config is not SMS_ORC8R, sleeping.
Mar 10 14:55:07 localhost sctpd[912035]: I0310 14:55:07.472461 912500 sctpd_downlink_impl.cpp:76] SctpdDownlinkImpl::SendDl starting
Mar 10 14:55:07 localhost sctpd[912035]: I0310 14:55:07.673655 912503 sctp_connection.cpp:167] HandleClientSock sd = 72
Mar 10 14:55:07 localhost sctpd[912035]: I0310 14:55:07.673760 912503 sctp_connection.cpp:193] Unhandled notification type 32777
Mar 10 14:55:09 localhost dnsmasq-dhcp[911941]: DHCPDISCOVER(eth1) fa:16:3e:2a:89:3f 
Mar 10 14:55:09 localhost dnsmasq-dhcp[911941]: DHCPOFFER(eth1) 172.16.7.251 fa:16:3e:2a:89:3f 
Mar 10 14:55:09 localhost mobilityd[911769]: INFO:root:Using GW info: {'default': {2: ('172.16.4.1', 'eth0')}, 2: [('172.16.4.1', 'eth0', True)]}
Mar 10 14:55:09 localhost mobilityd[911769]: INFO:root:GW-v6 probe: timer started
Mar 10 14:55:09 localhost smsd[911858]: INFO:root:mme non_eps_service_config is not SMS_ORC8R, sleeping.
Mar 10 14:55:13 localhost control_proxy[911918]: 2022-03-10T14:55:13.016Z [127.0.0.1 -> streamer-controller.magmasi.wavelabs.in,8443] "POST /magma.orc8r.Streamer/GetUpdates HTTP/2" 200 91bytes 0.526s
Mar 10 14:55:13 localhost policydb[911836]: INFO:root:Processing 2 policy updates (resync=True)
Mar 10 14:55:13 localhost control_proxy[911918]: 2022-03-10T14:55:13.016Z [127.0.0.1 -> streamer-controller.magmasi.wavelabs.in,8443] "POST /magma.orc8r.Streamer/GetUpdates HTTP/2" 200 7bytes 0.279s
Mar 10 14:55:13 localhost policydb[911836]: INFO:root:Processing 0 basename -> policy updates
Mar 10 14:55:14 localhost control_proxy[911918]: 2022-03-10T14:55:13.016Z [127.0.0.1 -> streamer-controller.magmasi.wavelabs.in,8443] "POST /magma.orc8r.Streamer/GetUpdates HTTP/2" 200 5113bytes 0.278s
Mar 10 14:55:14 localhost policydb[911836]: INFO:root:Processing 222 SID -> apn -> policy updates
Mar 10 14:55:14 localhost dhclient[601]: DHCPREQUEST for 172.16.5.121 on eth1 to 172.16.5.2 port 67 (xid=0x4b4058b5)
Mar 10 14:55:14 localhost control_proxy[911918]: 2022-03-10T14:55:14.116Z [127.0.0.1 -> streamer-controller.magmasi.wavelabs.in,8443] "POST /magma.orc8r.Streamer/GetUpdates HTTP/2" 200 7bytes 0.264s
Mar 10 14:55:14 localhost policydb[911836]: INFO:root:Processing 0 rating group updates
Mar 10 14:55:15 localhost smsd[911858]: INFO:root:mme non_eps_service_config is not SMS_ORC8R, sleeping.
Mar 10 14:55:19 localhost dnsmasq-dhcp[911941]: DHCPDISCOVER(eth1) fa:16:3e:2a:89:3f 
Mar 10 14:55:19 localhost dnsmasq-dhcp[911941]: DHCPOFFER(eth1) 172.16.7.251 fa:16:3e:2a:89:3f 
Mar 10 14:55:20 localhost smsd[911858]: INFO:root:mme non_eps_service_config is not SMS_ORC8R, sleeping.
Mar 10 14:55:21 localhost magmad[911690]: ERROR:root:Metrics upload error for service subscriberdb (chunk 0)! [StatusCode.DEADLINE_EXCEEDED] Deadline Exceeded
Mar 10 14:55:21 localhost magmad[911690]: ERROR:root:Metrics upload error for service mobilityd (chunk 0)! [StatusCode.DEADLINE_EXCEEDED] Deadline Exceeded
Mar 10 14:55:21 localhost magmad[911690]: ERROR:root:Metrics upload error for service mme (chunk 0)! [StatusCode.DEADLINE_EXCEEDED] Deadline Exceeded
Mar 10 14:55:21 localhost magmad[911690]: ERROR:root:Metrics upload error for service magmad (chunk 0)! [StatusCode.DEADLINE_EXCEEDED] Deadline Exceeded
Mar 10 14:55:21 localhost magmad[911690]: ERROR:root:Metrics upload error for service enodebd (chunk 0)! [StatusCode.DEADLINE_EXCEEDED] Deadline Exceeded
Mar 10 14:55:21 localhost magmad[911690]: ERROR:root:Metrics upload error for service pipelined (chunk 0)! [StatusCode.DEADLINE_EXCEEDED] Deadline Exceeded
Mar 10 14:55:21 localhost magmad[911690]: ERROR:root:Metrics upload error for service state (chunk 0)! [StatusCode.DEADLINE_EXCEEDED] Deadline Exceeded
Mar 10 14:55:21 localhost magmad[911690]: ERROR:root:Metrics upload error for service sessiond (chunk 0)! [StatusCode.DEADLINE_EXCEEDED] Deadline Exceeded
Mar 10 14:55:21 localhost magmad[911690]: INFO:root:Checking for upgrade...
Mar 10 14:55:21 localhost magmad[911690]: WARNING:root:magmad package_version config missing or set to default 0.0.0-0, skipping upgrade
Mar 10 14:55:21 localhost control_proxy[911918]: 2022-03-10T14:55:21.072Z [127.0.0.1 -> state-controller.magmasi.wavelabs.in,8443] "POST /magma.orc8r.StateService/ReportStates HTTP/2" 200 5bytes 0.276s
Mar 10 14:55:21 localhost magmad[911690]: INFO:root:Checkin Successful! Successfully sent states to the cloud!
Mar 10 14:55:23 localhost sctpd[912035]: I0310 14:55:23.490317 912040 sctpd_downlink_impl.cpp:76] SctpdDownlinkImpl::SendDl starting
Mar 10 14:55:23 localhost sctpd[912035]: I0310 14:55:23.693763 912503 sctp_connection.cpp:167] HandleClientSock sd = 72
Mar 10 14:55:23 localhost sctpd[912035]: I0310 14:55:23.693879 912503 sctp_connection.cpp:193] Unhandled notification type 32777
Mar 10 14:55:25 localhost smsd[911858]: INFO:root:mme non_eps_service_config is not SMS_ORC8R, sleeping.
Mar 10 14:55:29 localhost mobilityd[911769]: INFO:root:Using GW info: {'default': {2: ('172.16.4.1', 'eth0')}, 2: [('172.16.4.1', 'eth0', True)]}
Mar 10 14:55:29 localhost mobilityd[911769]: INFO:root:GW-v6 probe: timer started
Mar 10 14:55:29 localhost dhclient[601]: DHCPREQUEST for 172.16.5.121 on eth1 to 172.16.5.2 port 67 (xid=0x4b4058b5)
Mar 10 14:55:30 localhost smsd[911858]: INFO:root:mme non_eps_service_config is not SMS_ORC8R, sleeping.
Mar 10 14:55:34 localhost dnsmasq-dhcp[911941]: DHCPDISCOVER(eth1) fa:16:3e:2a:89:3f 
Mar 10 14:55:34 localhost dnsmasq-dhcp[911941]: DHCPOFFER(eth1) 172.16.7.251 fa:16:3e:2a:89:3f 
Mar 10 14:55:35 localhost smsd[911858]: INFO:root:mme non_eps_service_config is not SMS_ORC8R, sleeping.
Mar 10 14:55:39 localhost sctpd[912035]: I0310 14:55:39.507237 912040 sctpd_downlink_impl.cpp:76] SctpdDownlinkImpl::SendDl starting
Mar 10 14:55:39 localhost sctpd[912035]: I0310 14:55:39.709681 912503 sctp_connection.cpp:167] HandleClientSock sd = 72
Mar 10 14:55:39 localhost sctpd[912035]: I0310 14:55:39.709802 912503 sctp_connection.cpp:193] Unhandled notification type 32777
Mar 10 14:55:40 localhost smsd[911858]: INFO:root:mme non_eps_service_config is not SMS_ORC8R, sleeping.
Mar 10 14:55:42 localhost dnsmasq-dhcp[911941]: DHCPDISCOVER(eth1) fa:16:3e:2a:89:3f 
Mar 10 14:55:42 localhost dnsmasq-dhcp[911941]: DHCPOFFER(eth1) 172.16.7.251 fa:16:3e:2a:89:3f 
Mar 10 14:55:45 localhost smsd[911858]: INFO:root:mme non_eps_service_config is not SMS_ORC8R, sleeping.
Mar 10 14:55:45 localhost sctpd[912035]: I0310 14:55:45.783519 912503 sctp_connection.cpp:167] HandleClientSock sd = 72
Mar 10 14:55:45 localhost sctpd[912035]: I0310 14:55:45.783655 912503 sctp_connection.cpp:220] [sd:72] msg of len 72 on 3567:1
Mar 10 14:55:45 localhost sctpd[912035]: I0310 14:55:45.986943 912503 sctp_connection.cpp:167] HandleClientSock sd = 72
Mar 10 14:55:45 localhost sctpd[912035]: I0310 14:55:45.987038 912503 sctp_connection.cpp:220] [sd:72] msg of len 70 on 3567:1
Mar 10 14:55:45 localhost sctpd[912035]: I0310 14:55:45.993045 912500 sctpd_downlink_impl.cpp:76] SctpdDownlinkImpl::SendDl starting
Mar 10 14:55:45 localhost sctpd[912035]: I0310 14:55:45.993624 912500 sctpd_downlink_impl.cpp:76] SctpdDownlinkImpl::SendDl starting
Mar 10 14:55:45 localhost sessiond[911771]: I0310 14:55:45.993613 911771 SetMessageManagerHandler.cpp:142] Release request for session from IMSI: IMSI222700000000001 pdu_id 1
Mar 10 14:55:46 localhost mobilityd[911769]: INFO:root:Released IP 192.168.128.182 for sid IMSI222700000000001
Mar 10 14:55:46 localhost policydb[911836]: INFO:root:Terminating session: IMSI222700000000001-73399
Mar 10 14:55:46 localhost eventd[911848]: DEBUG:root:Logging event: stream_name: "sessiond"
Mar 10 14:55:46 localhost eventd[911848]: event_type: "session_terminated"
Mar 10 14:55:46 localhost eventd[911848]: tag: "IMSI222700000000001"
