Mar 10 14:18:53 localhost control_proxy[901175]: 2022-03-10T14:18:52.331Z [127.0.0.1 -> streamer-controller.magmasi.wavelabs.in,8443] "POST /magma.orc8r.Streamer/GetUpdates HTTP/2" 200 7bytes 0.269s
Mar 10 14:18:53 localhost policydb[901113]: INFO:root:Processing 0 basename -> policy updates
Mar 10 14:18:53 localhost mobilityd[901037]: INFO:root:Using GW info: {'default': {2: ('172.16.4.1', 'eth0')}, 2: [('172.16.4.1', 'eth0', True)]}
Mar 10 14:18:53 localhost mobilityd[901037]: INFO:root:GW-v6 probe: timer started
Mar 10 14:18:53 localhost control_proxy[901175]: 2022-03-10T14:18:53.127Z [127.0.0.1 -> streamer-controller.magmasi.wavelabs.in,8443] "POST /magma.orc8r.Streamer/GetUpdates HTTP/2" 200 5113bytes 0.290s
Mar 10 14:18:53 localhost policydb[901113]: INFO:root:Processing 222 SID -> apn -> policy updates
Mar 10 14:18:53 localhost smsd[901134]: INFO:root:mme non_eps_service_config is not SMS_ORC8R, sleeping.
Mar 10 14:18:53 localhost control_proxy[901175]: 2022-03-10T14:18:53.127Z [127.0.0.1 -> streamer-controller.magmasi.wavelabs.in,8443] "POST /magma.orc8r.Streamer/GetUpdates HTTP/2" 200 7bytes 0.261s
Mar 10 14:18:53 localhost policydb[901113]: INFO:root:Processing 0 rating group updates
Mar 10 14:18:55 localhost sctpd[901301]: I0310 14:18:55.672122 901787 sctp_connection.cpp:167] HandleClientSock sd = 67
Mar 10 14:18:55 localhost sctpd[901301]: I0310 14:18:55.672230 901787 sctp_connection.cpp:185] SCTP_SHUTDOWN_EVENT received
Mar 10 14:18:55 localhost sctpd[901301]: I0310 14:18:55.672248 901787 sctp_connection.cpp:280] Sending close connection for assoc_id 3494
Mar 10 14:18:55 localhost sctpd[901301]: I0310 14:18:55.718914 901787 sctp_connection.cpp:167] HandleClientSock sd = 68
Mar 10 14:18:55 localhost sctpd[901301]: I0310 14:18:55.718995 901787 sctp_connection.cpp:185] SCTP_SHUTDOWN_EVENT received
Mar 10 14:18:55 localhost sctpd[901301]: I0310 14:18:55.719012 901787 sctp_connection.cpp:280] Sending close connection for assoc_id 3495
Mar 10 14:18:55 localhost magmad[900959]: ERROR:root:Metrics upload error for service subscriberdb (chunk 0)! [StatusCode.DEADLINE_EXCEEDED] Deadline Exceeded
Mar 10 14:18:55 localhost magmad[900959]: ERROR:root:Metrics upload error for service mobilityd (chunk 0)! [StatusCode.DEADLINE_EXCEEDED] Deadline Exceeded
Mar 10 14:18:55 localhost magmad[900959]: ERROR:root:Metrics upload error for service mme (chunk 0)! [StatusCode.DEADLINE_EXCEEDED] Deadline Exceeded
Mar 10 14:18:55 localhost magmad[900959]: ERROR:root:Metrics upload error for service magmad (chunk 0)! [StatusCode.DEADLINE_EXCEEDED] Deadline Exceeded
Mar 10 14:18:55 localhost magmad[900959]: ERROR:root:Metrics upload error for service enodebd (chunk 0)! [StatusCode.DEADLINE_EXCEEDED] Deadline Exceeded
Mar 10 14:18:55 localhost magmad[900959]: ERROR:root:Metrics upload error for service pipelined (chunk 0)! [StatusCode.DEADLINE_EXCEEDED] Deadline Exceeded
Mar 10 14:18:55 localhost magmad[900959]: ERROR:root:Metrics upload error for service state (chunk 0)! [StatusCode.DEADLINE_EXCEEDED] Deadline Exceeded
Mar 10 14:18:55 localhost magmad[900959]: ERROR:root:Metrics upload error for service sessiond (chunk 0)! [StatusCode.DEADLINE_EXCEEDED] Deadline Exceeded
Mar 10 14:18:55 localhost dnsmasq-dhcp[901212]: DHCPDISCOVER(eth1) fa:16:3e:2a:89:3f 
Mar 10 14:18:55 localhost dnsmasq-dhcp[901212]: DHCPOFFER(eth1) 172.16.7.251 fa:16:3e:2a:89:3f 
Mar 10 14:18:58 localhost smsd[901134]: INFO:root:mme non_eps_service_config is not SMS_ORC8R, sleeping.
Mar 10 14:19:00 localhost dhclient[601]: DHCPREQUEST for 172.16.5.121 on eth1 to 172.16.5.2 port 67 (xid=0x4b4058b5)
Mar 10 14:19:02 localhost sctpd[901301]: I0310 14:19:02.135402 901306 sctpd_downlink_impl.cpp:76] SctpdDownlinkImpl::SendDl starting
Mar 10 14:19:03 localhost smsd[901134]: INFO:root:mme non_eps_service_config is not SMS_ORC8R, sleeping.
Mar 10 14:19:04 localhost sctpd[901301]: I0310 14:19:04.690424 901787 sctp_connection.cpp:167] HandleClientSock sd = 69
Mar 10 14:19:04 localhost sctpd[901301]: I0310 14:19:04.690510 901787 sctp_connection.cpp:189] SCTP association change event received
Mar 10 14:19:04 localhost sctpd[901301]: I0310 14:19:04.691277 901787 sctp_connection.cpp:167] HandleClientSock sd = 69
Mar 10 14:19:04 localhost sctpd[901301]: I0310 14:19:04.691305 901787 sctp_connection.cpp:193] Unhandled notification type 32776
Mar 10 14:19:06 localhost dnsmasq-dhcp[901212]: DHCPDISCOVER(eth1) fa:16:3e:2a:89:3f 
Mar 10 14:19:06 localhost dnsmasq-dhcp[901212]: DHCPOFFER(eth1) 172.16.7.251 fa:16:3e:2a:89:3f 
Mar 10 14:19:08 localhost smsd[901134]: INFO:root:mme non_eps_service_config is not SMS_ORC8R, sleeping.
Mar 10 14:19:13 localhost mobilityd[901037]: INFO:root:Using GW info: {'default': {2: ('172.16.4.1', 'eth0')}, 2: [('172.16.4.1', 'eth0', True)]}
Mar 10 14:19:13 localhost mobilityd[901037]: INFO:root:GW-v6 probe: timer started
Mar 10 14:19:13 localhost smsd[901134]: INFO:root:mme non_eps_service_config is not SMS_ORC8R, sleeping.
Mar 10 14:19:14 localhost sctpd[901301]: I0310 14:19:14.515904 901787 sctp_connection.cpp:167] HandleClientSock sd = 69
Mar 10 14:19:14 localhost sctpd[901301]: I0310 14:19:14.516007 901787 sctp_connection.cpp:220] [sd:69] msg of len 42 on 3496:0
Mar 10 14:19:14 localhost sctpd[901301]: I0310 14:19:14.517997 901785 sctpd_downlink_impl.cpp:76] SctpdDownlinkImpl::SendDl starting
Mar 10 14:19:14 localhost sctpd[901301]: I0310 14:19:14.518534 901787 sctp_connection.cpp:167] HandleClientSock sd = 69
Mar 10 14:19:14 localhost sctpd[901301]: I0310 14:19:14.518592 901787 sctp_connection.cpp:193] Unhandled notification type 32777
Mar 10 14:19:14 localhost sctpd[901301]: I0310 14:19:14.629202 901787 sctp_connection.cpp:167] HandleClientSock sd = 69
Mar 10 14:19:14 localhost sctpd[901301]: I0310 14:19:14.629302 901787 sctp_connection.cpp:220] [sd:69] msg of len 42 on 3496:0
Mar 10 14:19:14 localhost sctpd[901301]: I0310 14:19:14.631181 901306 sctpd_downlink_impl.cpp:76] SctpdDownlinkImpl::SendDl starting
Mar 10 14:19:14 localhost sctpd[901301]: I0310 14:19:14.743155 901787 sctp_connection.cpp:167] HandleClientSock sd = 69
Mar 10 14:19:14 localhost sctpd[901301]: I0310 14:19:14.743247 901787 sctp_connection.cpp:193] Unhandled notification type 32777
Mar 10 14:19:14 localhost sctpd[901301]: I0310 14:19:14.743265 901787 sctp_connection.cpp:167] HandleClientSock sd = 69
Mar 10 14:19:14 localhost sctpd[901301]: I0310 14:19:14.743284 901787 sctp_connection.cpp:220] [sd:69] msg of len 83 on 3496:1
Mar 10 14:19:14 localhost sctpd[901301]: I0310 14:19:14.757097 901306 sctpd_downlink_impl.cpp:76] SctpdDownlinkImpl::SendDl starting
Mar 10 14:19:14 localhost sctpd[901301]: I0310 14:19:14.854168 901787 sctp_connection.cpp:167] HandleClientSock sd = 69
Mar 10 14:19:14 localhost sctpd[901301]: I0310 14:19:14.854290 901787 sctp_connection.cpp:193] Unhandled notification type 32777
Mar 10 14:19:14 localhost sctpd[901301]: I0310 14:19:14.854308 901787 sctp_connection.cpp:167] HandleClientSock sd = 69
Mar 10 14:19:14 localhost sctpd[901301]: I0310 14:19:14.854328 901787 sctp_connection.cpp:220] [sd:69] msg of len 67 on 3496:1
Mar 10 14:19:14 localhost sctpd[901301]: I0310 14:19:14.858528 901306 sctpd_downlink_impl.cpp:76] SctpdDownlinkImpl::SendDl starting
Mar 10 14:19:14 localhost sctpd[901301]: I0310 14:19:14.968864 901787 sctp_connection.cpp:167] HandleClientSock sd = 69
Mar 10 14:19:14 localhost sctpd[901301]: I0310 14:19:14.968950 901787 sctp_connection.cpp:193] Unhandled notification type 32777
Mar 10 14:19:14 localhost sctpd[901301]: I0310 14:19:14.968968 901787 sctp_connection.cpp:167] HandleClientSock sd = 69
Mar 10 14:19:14 localhost sctpd[901301]: I0310 14:19:14.968987 901787 sctp_connection.cpp:220] [sd:69] msg of len 56 on 3496:1
Mar 10 14:19:14 localhost mme[901718]: [DEBUG] Sending S6A-UPDATE_LOCATION_REQUEST with IMSI: 222700000000001
Mar 10 14:19:14 localhost sctpd[901301]: I0310 14:19:14.974452 901306 sctpd_downlink_impl.cpp:76] SctpdDownlinkImpl::SendDl starting
Mar 10 14:19:14 localhost mme[901718]: [INFO] Received S6A-LOCATION-UPDATE_ANSWER for IMSI: 222700000000001; Status: ; StatusCode: 2001
Mar 10 14:19:14 localhost mme[901718]: [INFO] sent itti S6A-LOCATION-UPDATE_ANSWER for IMSI: 222700000000001
Mar 10 14:19:15 localhost dhclient[601]: DHCPREQUEST for 172.16.5.121 on eth1 to 172.16.5.2 port 67 (xid=0x4b4058b5)
Mar 10 14:19:15 localhost sctpd[901301]: I0310 14:19:15.176846 901787 sctp_connection.cpp:167] HandleClientSock sd = 69
Mar 10 14:19:15 localhost sctpd[901301]: I0310 14:19:15.176939 901787 sctp_connection.cpp:193] Unhandled notification type 32777
Mar 10 14:19:18 localhost sctpd[901301]: I0310 14:19:18.137387 901306 sctpd_downlink_impl.cpp:76] SctpdDownlinkImpl::SendDl starting
Mar 10 14:19:18 localhost smsd[901134]: INFO:root:mme non_eps_service_config is not SMS_ORC8R, sleeping.
Mar 10 14:19:20 localhost dnsmasq-dhcp[901212]: DHCPDISCOVER(eth1) fa:16:3e:2a:89:3f 
Mar 10 14:19:20 localhost dnsmasq-dhcp[901212]: DHCPOFFER(eth1) 172.16.7.251 fa:16:3e:2a:89:3f 
Mar 10 14:19:20 localhost mme[901718]: [DEBUG] Sending S6A-UPDATE_LOCATION_REQUEST with IMSI: 222700000000001
Mar 10 14:19:20 localhost sctpd[901301]: I0310 14:19:20.980556 901306 sctpd_downlink_impl.cpp:76] SctpdDownlinkImpl::SendDl starting
Mar 10 14:19:20 localhost mme[901718]: [INFO] Received S6A-LOCATION-UPDATE_ANSWER for IMSI: 222700000000001; Status: ; StatusCode: 2001
Mar 10 14:19:20 localhost mme[901718]: [INFO] sent itti S6A-LOCATION-UPDATE_ANSWER for IMSI: 222700000000001
Mar 10 14:19:21 localhost sctpd[901301]: I0310 14:19:21.188958 901787 sctp_connection.cpp:167] HandleClientSock sd = 69
Mar 10 14:19:21 localhost sctpd[901301]: I0310 14:19:21.189049 901787 sctp_connection.cpp:193] Unhandled notification type 32777
Mar 10 14:19:23 localhost smsd[901134]: INFO:root:mme non_eps_service_config is not SMS_ORC8R, sleeping.
Mar 10 14:19:25 localhost sctpd[901301]: I0310 14:19:25.077898 901787 sctp_connection.cpp:167] HandleClientSock sd = 69
Mar 10 14:19:25 localhost sctpd[901301]: I0310 14:19:25.078008 901787 sctp_connection.cpp:220] [sd:69] msg of len 56 on 3496:1
Mar 10 14:19:25 localhost dhclient[601]: DHCPREQUEST for 172.16.5.121 on eth1 to 172.16.5.2 port 67 (xid=0x4b4058b5)
Mar 10 14:19:27 localhost magmad[900959]: INFO:root:Setting logging level to INFO
Mar 10 14:19:27 localhost dnsmasq-dhcp[901212]: DHCPDISCOVER(eth1) fa:16:3e:2a:89:3f 
Mar 10 14:19:27 localhost dnsmasq-dhcp[901212]: DHCPOFFER(eth1) 172.16.7.251 fa:16:3e:2a:89:3f 
Mar 10 14:19:28 localhost smsd[901134]: INFO:root:mme non_eps_service_config is not SMS_ORC8R, sleeping.
Mar 10 14:19:32 localhost sctpd[901301]: I0310 14:19:32.433670 901787 sctp_connection.cpp:167] HandleClientSock sd = 69
Mar 10 14:19:32 localhost sctpd[901301]: I0310 14:19:32.433748 901787 sctp_connection.cpp:185] SCTP_SHUTDOWN_EVENT received
Mar 10 14:19:32 localhost sctpd[901301]: I0310 14:19:32.433760 901787 sctp_connection.cpp:280] Sending close connection for assoc_id 3496
Mar 10 14:19:32 localhost magmad[900959]: INFO:root:[SyncRPC] Got heartBeat from cloud
Mar 10 14:19:33 localhost control_proxy[901175]: 2022-03-10T14:18:33.047Z [127.0.0.1 -> streamer-controller.magmasi.wavelabs.in,8443] "POST /magma.orc8r.Streamer/GetUpdates HTTP/2" 200 0bytes 60.255s
Mar 10 14:19:33 localhost magmad[900959]: ERROR:root:Error! Streaming from the cloud failed! [StatusCode.ABORTED] error while streaming updates: rpc error: code = DeadlineExceeded desc = context deadline exceeded
Mar 10 14:19:33 localhost mobilityd[901037]: INFO:root:Using GW info: {'default': {2: ('172.16.4.1', 'eth0')}, 2: [('172.16.4.1', 'eth0', True)]}
Mar 10 14:19:33 localhost mobilityd[901037]: INFO:root:GW-v6 probe: timer started
Mar 10 14:19:33 localhost smsd[901134]: INFO:root:mme non_eps_service_config is not SMS_ORC8R, sleeping.
Mar 10 14:19:34 localhost control_proxy[901175]: 2022-03-10T14:19:33.818Z [127.0.0.1 -> state-controller.magmasi.wavelabs.in,8443] "POST /magma.orc8r.StateService/ReportStates HTTP/2" 200 5bytes 0.273s
Mar 10 14:19:34 localhost sctpd[901301]: I0310 14:19:34.145200 901785 sctpd_downlink_impl.cpp:76] SctpdDownlinkImpl::SendDl starting
Mar 10 14:19:38 localhost dnsmasq-dhcp[901212]: DHCPDISCOVER(eth1) fa:16:3e:2a:89:3f 
Mar 10 14:19:38 localhost dnsmasq-dhcp[901212]: DHCPOFFER(eth1) 172.16.7.251 fa:16:3e:2a:89:3f 
Mar 10 14:19:38 localhost smsd[901134]: INFO:root:mme non_eps_service_config is not SMS_ORC8R, sleeping.
Mar 10 14:19:39 localhost dhclient[601]: DHCPREQUEST for 172.16.5.121 on eth1 to 172.16.5.2 port 67 (xid=0x4b4058b5)
Mar 10 14:19:41 localhost sctpd[901301]: I0310 14:19:41.625134 901787 sctp_connection.cpp:167] HandleClientSock sd = 70
Mar 10 14:19:41 localhost sctpd[901301]: I0310 14:19:41.625212 901787 sctp_connection.cpp:189] SCTP association change event received
Mar 10 14:19:41 localhost sctpd[901301]: I0310 14:19:41.626029 901787 sctp_connection.cpp:167] HandleClientSock sd = 70
Mar 10 14:19:41 localhost sctpd[901301]: I0310 14:19:41.626056 901787 sctp_connection.cpp:193] Unhandled notification type 32776
Mar 10 14:19:43 localhost smsd[901134]: INFO:root:mme non_eps_service_config is not SMS_ORC8R, sleeping.
Mar 10 14:19:46 localhost control_proxy[901175]: 2022-03-10T14:19:45.547Z [127.0.0.1 -> state-controller.magmasi.wavelabs.in,8443] "POST /magma.orc8r.StateService/ReportStates HTTP/2" 200 5bytes 0.518s
Mar 10 14:19:46 localhost magmad[900959]: INFO:root:Checkin Successful! Successfully sent states to the cloud!
Mar 10 14:19:48 localhost smsd[901134]: INFO:root:mme non_eps_service_config is not SMS_ORC8R, sleeping.
Mar 10 14:19:49 localhost dhclient[601]: DHCPREQUEST for 172.16.5.121 on eth1 to 172.16.5.2 port 67 (xid=0x4b4058b5)
Mar 10 14:19:50 localhost sctpd[901301]: I0310 14:19:50.161684 901306 sctpd_downlink_impl.cpp:76] SctpdDownlinkImpl::SendDl starting
Mar 10 14:19:51 localhost sctpd[901301]: I0310 14:19:51.399323 901787 sctp_connection.cpp:167] HandleClientSock sd = 70
Mar 10 14:19:51 localhost sctpd[901301]: I0310 14:19:51.399412 901787 sctp_connection.cpp:220] [sd:70] msg of len 42 on 3497:0
Mar 10 14:19:51 localhost sctpd[901301]: I0310 14:19:51.401257 901785 sctpd_downlink_impl.cpp:76] SctpdDownlinkImpl::SendDl starting
Mar 10 14:19:51 localhost sctpd[901301]: I0310 14:19:51.401715 901787 sctp_connection.cpp:167] HandleClientSock sd = 70
Mar 10 14:19:51 localhost sctpd[901301]: I0310 14:19:51.401764 901787 sctp_connection.cpp:193] Unhandled notification type 32777
Mar 10 14:19:51 localhost sctpd[901301]: I0310 14:19:51.509557 901787 sctp_connection.cpp:167] HandleClientSock sd = 70
Mar 10 14:19:51 localhost sctpd[901301]: I0310 14:19:51.509675 901787 sctp_connection.cpp:220] [sd:70] msg of len 42 on 3497:0
Mar 10 14:19:51 localhost sctpd[901301]: I0310 14:19:51.511202 901785 sctpd_downlink_impl.cpp:76] SctpdDownlinkImpl::SendDl starting
Mar 10 14:19:51 localhost dnsmasq-dhcp[901212]: DHCPDISCOVER(eth1) fa:16:3e:2a:89:3f 
Mar 10 14:19:51 localhost dnsmasq-dhcp[901212]: DHCPOFFER(eth1) 172.16.7.251 fa:16:3e:2a:89:3f 
Mar 10 14:19:51 localhost sctpd[901301]: I0310 14:19:51.624294 901787 sctp_connection.cpp:167] HandleClientSock sd = 70
Mar 10 14:19:51 localhost sctpd[901301]: I0310 14:19:51.624384 901787 sctp_connection.cpp:193] Unhandled notification type 32777
Mar 10 14:19:51 localhost sctpd[901301]: I0310 14:19:51.624403 901787 sctp_connection.cpp:167] HandleClientSock sd = 70
Mar 10 14:19:51 localhost sctpd[901301]: I0310 14:19:51.624423 901787 sctp_connection.cpp:220] [sd:70] msg of len 88 on 3497:1
Mar 10 14:19:51 localhost sctpd[901301]: I0310 14:19:51.639746 901785 sctpd_downlink_impl.cpp:76] SctpdDownlinkImpl::SendDl starting
Mar 10 14:19:51 localhost sctpd[901301]: I0310 14:19:51.734892 901787 sctp_connection.cpp:167] HandleClientSock sd = 70
Mar 10 14:19:51 localhost sctpd[901301]: I0310 14:19:51.735000 901787 sctp_connection.cpp:193] Unhandled notification type 32777
Mar 10 14:19:51 localhost sctpd[901301]: I0310 14:19:51.735019 901787 sctp_connection.cpp:167] HandleClientSock sd = 70
Mar 10 14:19:51 localhost sctpd[901301]: I0310 14:19:51.735038 901787 sctp_connection.cpp:220] [sd:70] msg of len 67 on 3497:1
Mar 10 14:19:51 localhost sctpd[901301]: I0310 14:19:51.739441 901785 sctpd_downlink_impl.cpp:76] SctpdDownlinkImpl::SendDl starting
Mar 10 14:19:51 localhost sctpd[901301]: I0310 14:19:51.848723 901787 sctp_connection.cpp:167] HandleClientSock sd = 70
Mar 10 14:19:51 localhost sctpd[901301]: I0310 14:19:51.848819 901787 sctp_connection.cpp:193] Unhandled notification type 32777
Mar 10 14:19:51 localhost sctpd[901301]: I0310 14:19:51.848836 901787 sctp_connection.cpp:167] HandleClientSock sd = 70
Mar 10 14:19:51 localhost sctpd[901301]: I0310 14:19:51.848855 901787 sctp_connection.cpp:220] [sd:70] msg of len 56 on 3497:1
Mar 10 14:19:51 localhost mme[901718]: [DEBUG] Sending S6A-UPDATE_LOCATION_REQUEST with IMSI: 222700000000001
Mar 10 14:19:51 localhost sctpd[901301]: I0310 14:19:51.855580 901785 sctpd_downlink_impl.cpp:76] SctpdDownlinkImpl::SendDl starting
Mar 10 14:19:51 localhost mme[901718]: [INFO] Received S6A-LOCATION-UPDATE_ANSWER for IMSI: 222700000000001; Status: ; StatusCode: 2001
Mar 10 14:19:51 localhost mme[901718]: [INFO] sent itti S6A-LOCATION-UPDATE_ANSWER for IMSI: 222700000000001
Mar 10 14:19:51 localhost sctpd[901301]: I0310 14:19:51.961117 901787 sctp_connection.cpp:167] HandleClientSock sd = 70
Mar 10 14:19:51 localhost sctpd[901301]: I0310 14:19:51.961166 901787 sctp_connection.cpp:193] Unhandled notification type 32777
Mar 10 14:19:51 localhost sctpd[901301]: I0310 14:19:51.961175 901787 sctp_connection.cpp:167] HandleClientSock sd = 70
Mar 10 14:19:51 localhost sctpd[901301]: I0310 14:19:51.961185 901787 sctp_connection.cpp:220] [sd:70] msg of len 22 on 3497:1
Mar 10 14:19:52 localhost sctpd[901301]: I0310 14:19:52.166872 901787 sctp_connection.cpp:167] HandleClientSock sd = 70
Mar 10 14:19:52 localhost sctpd[901301]: I0310 14:19:52.166963 901787 sctp_connection.cpp:220] [sd:70] msg of len 56 on 3497:1
Mar 10 14:19:53 localhost sctpd[901301]: I0310 14:19:53.124709 901787 sctp_connection.cpp:167] HandleClientSock sd = 70
Mar 10 14:19:53 localhost sctpd[901301]: I0310 14:19:53.124810 901787 sctp_connection.cpp:220] [sd:70] msg of len 70 on 3497:1
Mar 10 14:19:53 localhost mobilityd[901037]: INFO:root:Using GW info: {'default': {2: ('172.16.4.1', 'eth0')}, 2: [('172.16.4.1', 'eth0', True)]}
Mar 10 14:19:53 localhost mobilityd[901037]: INFO:root:GW-v6 probe: timer started
Mar 10 14:19:53 localhost smsd[901134]: INFO:root:mme non_eps_service_config is not SMS_ORC8R, sleeping.
Mar 10 14:19:54 localhost control_proxy[901175]: 2022-03-10T14:19:53.726Z [127.0.0.1 -> streamer-controller.magmasi.wavelabs.in,8443] "POST /magma.orc8r.Streamer/GetUpdates HTTP/2" 200 91bytes 0.524s
Mar 10 14:19:54 localhost policydb[901113]: INFO:root:Processing 2 policy updates (resync=True)
Mar 10 14:19:54 localhost control_proxy[901175]: 2022-03-10T14:19:54.253Z [127.0.0.1 -> streamer-controller.magmasi.wavelabs.in,8443] "POST /magma.orc8r.Streamer/GetUpdates HTTP/2" 200 7bytes 0.268s
Mar 10 14:19:54 localhost policydb[901113]: INFO:root:Processing 0 basename -> policy updates
Mar 10 14:19:54 localhost control_proxy[901175]: 2022-03-10T14:19:54.253Z [127.0.0.1 -> streamer-controller.magmasi.wavelabs.in,8443] "POST /magma.orc8r.Streamer/GetUpdates HTTP/2" 200 5113bytes 0.280s
Mar 10 14:19:54 localhost policydb[901113]: INFO:root:Processing 222 SID -> apn -> policy updates
Mar 10 14:19:55 localhost control_proxy[901175]: 2022-03-10T14:19:54.253Z [127.0.0.1 -> streamer-controller.magmasi.wavelabs.in,8443] "POST /magma.orc8r.Streamer/GetUpdates HTTP/2" 200 7bytes 0.268s
Mar 10 14:19:55 localhost policydb[901113]: INFO:root:Processing 0 rating group updates
Mar 10 14:19:55 localhost magmad[900959]: ERROR:root:Metrics upload error for service subscriberdb (chunk 0)! [StatusCode.DEADLINE_EXCEEDED] Deadline Exceeded
Mar 10 14:19:55 localhost magmad[900959]: ERROR:root:Metrics upload error for service mobilityd (chunk 0)! [StatusCode.DEADLINE_EXCEEDED] Deadline Exceeded
Mar 10 14:19:55 localhost magmad[900959]: ERROR:root:Metrics upload error for service mme (chunk 0)! [StatusCode.DEADLINE_EXCEEDED] Deadline Exceeded
Mar 10 14:19:55 localhost magmad[900959]: ERROR:root:Metrics upload error for service magmad (chunk 0)! [StatusCode.DEADLINE_EXCEEDED] Deadline Exceeded
Mar 10 14:19:55 localhost magmad[900959]: ERROR:root:Metrics upload error for service enodebd (chunk 0)! [StatusCode.DEADLINE_EXCEEDED] Deadline Exceeded
Mar 10 14:19:55 localhost magmad[900959]: ERROR:root:Metrics upload error for service pipelined (chunk 0)! [StatusCode.DEADLINE_EXCEEDED] Deadline Exceeded
Mar 10 14:19:55 localhost magmad[900959]: ERROR:root:Metrics upload error for service state (chunk 0)! [StatusCode.DEADLINE_EXCEEDED] Deadline Exceeded
Mar 10 14:19:55 localhost magmad[900959]: ERROR:root:Metrics upload error for service sessiond (chunk 0)! [StatusCode.DEADLINE_EXCEEDED] Deadline Exceeded
Mar 10 14:19:58 localhost smsd[901134]: INFO:root:mme non_eps_service_config is not SMS_ORC8R, sleeping.
Mar 10 14:19:59 localhost dnsmasq-dhcp[901212]: DHCPDISCOVER(eth1) fa:16:3e:2a:89:3f 
Mar 10 14:19:59 localhost dnsmasq-dhcp[901212]: DHCPOFFER(eth1) 172.16.7.251 fa:16:3e:2a:89:3f 
Mar 10 14:20:00 localhost dhclient[601]: DHCPREQUEST for 172.16.5.121 on eth1 to 172.16.5.2 port 67 (xid=0x4b4058b5)
Mar 10 14:20:03 localhost smsd[901134]: INFO:root:mme non_eps_service_config is not SMS_ORC8R, sleeping.
Mar 10 14:20:05 localhost sctpd[901301]: I0310 14:20:05.534148 901787 sctp_connection.cpp:167] HandleClientSock sd = 70
Mar 10 14:20:05 localhost sctpd[901301]: I0310 14:20:05.534330 901787 sctp_connection.cpp:185] SCTP_SHUTDOWN_EVENT received
Mar 10 14:20:05 localhost sctpd[901301]: I0310 14:20:05.534346 901787 sctp_connection.cpp:280] Sending close connection for assoc_id 3497
Mar 10 14:20:06 localhost sessiond[901043]: I0310 14:20:06.172843 901043 SetMessageManagerHandler.cpp:142] Release request for session from IMSI: IMSI222700000000001 pdu_id 1
Mar 10 14:20:06 localhost mobilityd[901037]: INFO:root:Released IP 192.168.128.170 for sid IMSI222700000000001
Mar 10 14:20:08 localhost smsd[901134]: INFO:root:mme non_eps_service_config is not SMS_ORC8R, sleeping.
Mar 10 14:20:09 localhost dnsmasq-dhcp[901212]: DHCPDISCOVER(eth1) fa:16:3e:2a:89:3f 
Mar 10 14:20:09 localhost dnsmasq-dhcp[901212]: DHCPOFFER(eth1) 172.16.7.251 fa:16:3e:2a:89:3f 
Mar 10 14:20:11 localhost policydb[901113]: INFO:root:Terminating session: IMSI222700000000001-51865
Mar 10 14:20:11 localhost eventd[901128]: DEBUG:root:Logging event: stream_name: "sessiond"
Mar 10 14:20:11 localhost eventd[901128]: event_type: "session_terminated"
Mar 10 14:20:11 localhost eventd[901128]: tag: "IMSI222700000000001"
Mar 10 14:20:11 localhost eventd[901128]: value: "{\"mac_addr\":\"\",\"user_location\":\"\",\"spgw_ip\":\"\",\"imei\":\"\",\"record_sequence_number\":1,\"pdp_end_time\":0,\"charging_rx\":0,\"duration\":-1,\"ip_addr\":\"192.168.128.170\",\"monitoring_tx\":0,\"ipv6_addr\":\"\",\"msisdn\":\"\",\"apn\":\"default\",\"session_id\":\"IMSI222700000000001-51865\",\"list_of_service_data\":[],\"charging_characteristics\":\"\",\"total_tx\":0,\"cause_for_rec_closing\":0,\"imsi\":\"IMSI222700000000001\",\"total_rx\":0,\"monitoring_rx\":0,\"charging_tx\":0,\"pdp_start_time\":1}"
Mar 10 14:20:11 localhost eventd[901128]: ERROR:root:Connection to FluentBit failed: [Errno 111] Connection refused
Mar 10 14:20:11 localhost eventd[901128]: INFO:root:FluentBit (td-agent-bit) may not be enabled or configured correctly
Mar 10 14:20:11 localhost sessiond[901043]: I0310 14:20:11.184896 901055 SessionEvents.cpp:291] Could not log session_terminated event {"mac_addr":"","user_location":"","spgw_ip":"","imei":"","record_sequence_number":1,"pdp_end_time":0,"charging_rx":0,"duration":-1,"ip_addr":"192.168.128.170","monitoring_tx":0,"ipv6_addr":"","msisdn":"","apn":"default","session_id":"IMSI222700000000001-51865","list_of_service_data":[],"charging_characteristics":"","total_tx":0,"cause_for_rec_closing":0,"imsi":"IMSI222700000000001","total_rx":0,"monitoring_rx":0,"charging_tx":0,"pdp_start_time":1}, Error Message: Could not connect to FluentBit locally, Details: [Errno 111] Connection refused
Mar 10 14:20:13 localhost mobilityd[901037]: INFO:root:Using GW info: {'default': {2: ('172.16.4.1', 'eth0')}, 2: [('172.16.4.1', 'eth0', True)]}
Mar 10 14:20:13 localhost mobilityd[901037]: INFO:root:GW-v6 probe: timer started
Mar 10 14:20:13 localhost smsd[901134]: INFO:root:mme non_eps_service_config is not SMS_ORC8R, sleeping.
Mar 10 14:20:14 localhost sctpd[901301]: I0310 14:20:14.883821 901787 sctp_connection.cpp:167] HandleClientSock sd = 71
Mar 10 14:20:14 localhost sctpd[901301]: I0310 14:20:14.883904 901787 sctp_connection.cpp:189] SCTP association change event received
Mar 10 14:20:14 localhost sctpd[901301]: I0310 14:20:14.884690 901787 sctp_connection.cpp:167] HandleClientSock sd = 71
Mar 10 14:20:14 localhost sctpd[901301]: I0310 14:20:14.884721 901787 sctp_connection.cpp:193] Unhandled notification type 32776
Mar 10 14:20:14 localhost sctpd[901301]: I0310 14:20:14.993721 901787 sctp_connection.cpp:167] HandleClientSock sd = 72
Mar 10 14:20:14 localhost sctpd[901301]: I0310 14:20:14.993798 901787 sctp_connection.cpp:189] SCTP association change event received
Mar 10 14:20:14 localhost sctpd[901301]: I0310 14:20:14.994588 901787 sctp_connection.cpp:167] HandleClientSock sd = 72
Mar 10 14:20:14 localhost sctpd[901301]: I0310 14:20:14.994623 901787 sctp_connection.cpp:193] Unhandled notification type 32776
Mar 10 14:20:16 localhost sctpd[901301]: I0310 14:20:16.051174 901787 sctp_connection.cpp:167] HandleClientSock sd = 71
Mar 10 14:20:16 localhost sctpd[901301]: I0310 14:20:16.051290 901787 sctp_connection.cpp:220] [sd:71] msg of len 42 on 3498:0
Mar 10 14:20:16 localhost sctpd[901301]: I0310 14:20:16.053689 901306 sctpd_downlink_impl.cpp:76] SctpdDownlinkImpl::SendDl starting
Mar 10 14:20:16 localhost sctpd[901301]: I0310 14:20:16.054189 901787 sctp_connection.cpp:167] HandleClientSock sd = 71
Mar 10 14:20:16 localhost sctpd[901301]: I0310 14:20:16.054307 901787 sctp_connection.cpp:193] Unhandled notification type 32777
Mar 10 14:20:16 localhost sctpd[901301]: I0310 14:20:16.167469 901787 sctp_connection.cpp:167] HandleClientSock sd = 72
Mar 10 14:20:16 localhost sctpd[901301]: I0310 14:20:16.167567 901787 sctp_connection.cpp:220] [sd:72] msg of len 42 on 3499:0
Mar 10 14:20:16 localhost sctpd[901301]: I0310 14:20:16.169157 901785 sctpd_downlink_impl.cpp:76] SctpdDownlinkImpl::SendDl starting
Mar 10 14:20:16 localhost sctpd[901301]: I0310 14:20:16.169785 901787 sctp_connection.cpp:167] HandleClientSock sd = 72
Mar 10 14:20:16 localhost sctpd[901301]: I0310 14:20:16.169843 901787 sctp_connection.cpp:193] Unhandled notification type 32777
Mar 10 14:20:16 localhost dhclient[601]: DHCPREQUEST for 172.16.5.121 on eth1 to 172.16.5.2 port 67 (xid=0x4b4058b5)
Mar 10 14:20:16 localhost sctpd[901301]: I0310 14:20:16.284313 901787 sctp_connection.cpp:167] HandleClientSock sd = 72
Mar 10 14:20:16 localhost sctpd[901301]: I0310 14:20:16.284415 901787 sctp_connection.cpp:220] [sd:72] msg of len 88 on 3499:1
Mar 10 14:20:16 localhost sctpd[901301]: I0310 14:20:16.299885 901785 sctpd_downlink_impl.cpp:76] SctpdDownlinkImpl::SendDl starting
Mar 10 14:20:16 localhost sctpd[901301]: I0310 14:20:16.402531 901787 sctp_connection.cpp:167] HandleClientSock sd = 72
Mar 10 14:20:16 localhost sctpd[901301]: I0310 14:20:16.402621 901787 sctp_connection.cpp:193] Unhandled notification type 32777
Mar 10 14:20:16 localhost sctpd[901301]: I0310 14:20:16.402639 901787 sctp_connection.cpp:167] HandleClientSock sd = 72
Mar 10 14:20:16 localhost sctpd[901301]: I0310 14:20:16.402659 901787 sctp_connection.cpp:220] [sd:72] msg of len 67 on 3499:1
Mar 10 14:20:16 localhost sctpd[901301]: I0310 14:20:16.406980 901785 sctpd_downlink_impl.cpp:76] SctpdDownlinkImpl::SendDl starting
Mar 10 14:20:16 localhost sctpd[901301]: I0310 14:20:16.516849 901787 sctp_connection.cpp:167] HandleClientSock sd = 72
Mar 10 14:20:16 localhost sctpd[901301]: I0310 14:20:16.516940 901787 sctp_connection.cpp:193] Unhandled notification type 32777
Mar 10 14:20:16 localhost sctpd[901301]: I0310 14:20:16.516957 901787 sctp_connection.cpp:167] HandleClientSock sd = 72
Mar 10 14:20:16 localhost sctpd[901301]: I0310 14:20:16.516978 901787 sctp_connection.cpp:220] [sd:72] msg of len 56 on 3499:1
Mar 10 14:20:16 localhost mme[901718]: [DEBUG] Sending S6A-UPDATE_LOCATION_REQUEST with IMSI: 222700000000001
Mar 10 14:20:16 localhost sctpd[901301]: I0310 14:20:16.523105 901785 sctpd_downlink_impl.cpp:76] SctpdDownlinkImpl::SendDl starting
Mar 10 14:20:16 localhost mme[901718]: [INFO] Received S6A-LOCATION-UPDATE_ANSWER for IMSI: 222700000000001; Status: ; StatusCode: 2001
Mar 10 14:20:16 localhost mme[901718]: [INFO] sent itti S6A-LOCATION-UPDATE_ANSWER for IMSI: 222700000000001
Mar 10 14:20:16 localhost sctpd[901301]: I0310 14:20:16.641364 901787 sctp_connection.cpp:167] HandleClientSock sd = 72
Mar 10 14:20:16 localhost sctpd[901301]: I0310 14:20:16.641463 901787 sctp_connection.cpp:193] Unhandled notification type 32777
Mar 10 14:20:16 localhost sctpd[901301]: I0310 14:20:16.641480 901787 sctp_connection.cpp:167] HandleClientSock sd = 72
Mar 10 14:20:16 localhost sctpd[901301]: I0310 14:20:16.641501 901787 sctp_connection.cpp:220] [sd:72] msg of len 22 on 3499:1
Mar 10 14:20:16 localhost sctpd[901301]: I0310 14:20:16.842833 901787 sctp_connection.cpp:167] HandleClientSock sd = 72
Mar 10 14:20:16 localhost sctpd[901301]: I0310 14:20:16.842936 901787 sctp_connection.cpp:220] [sd:72] msg of len 56 on 3499:1
Mar 10 14:20:18 localhost sctpd[901301]: I0310 14:20:18.866076 901787 sctp_connection.cpp:167] HandleClientSock sd = 72
Mar 10 14:20:18 localhost sctpd[901301]: I0310 14:20:18.866183 901787 sctp_connection.cpp:220] [sd:72] msg of len 82 on 3499:1
Mar 10 14:20:18 localhost mobilityd[901037]: INFO:root:Allocating the same IP 192.168.128.170 for sid IMSI222700000000001.default,ipv4
Mar 10 14:20:18 localhost mobilityd[901037]: INFO:root:Allocated IP 192.168.128.170 for sid IMSI222700000000001 for apn default
Mar 10 14:20:18 localhost policydb[901113]: INFO:root:Creating a session for subscriber ID: IMSI222700000000001
Mar 10 14:20:18 localhost sessiond[901043]: I0310 14:20:18.885779 901043 SetMessageManagerHandler.cpp:342] Processing a CreateSessionResponse for IMSI222700000000001-276113
Mar 10 14:20:18 localhost sessiond[901043]: I0310 14:20:18.885931 901043 SessionState.cpp:2774] RuleID allowlist_sid-IMSI222700000000001-default doesn't have a version registered for IMSI222700000000001-276113, this is unexpected
Mar 10 14:20:18 localhost mme[901718]: PDUSessionResourceSetupRequestTransfer ::= {
Mar 10 14:20:18 localhost mme[901718]:     protocolIEs: ProtocolIE-Container ::= {
Mar 10 14:20:18 localhost mme[901718]:         PDUSessionResourceSetupRequestTransferIEs ::= {
Mar 10 14:20:18 localhost mme[901718]:             id: 130
Mar 10 14:20:18 localhost mme[901718]:             criticality: 0 (reject)
Mar 10 14:20:18 localhost mme[901718]:             value: PDUSessionAggregateMaximumBitRate ::= {
Mar 10 14:20:18 localhost mme[901718]:                 pDUSessionAggregateMaximumBitRateDL: 100000000
Mar 10 14:20:18 localhost mme[901718]:                 pDUSessionAggregateMaximumBitRateUL: 100000000
Mar 10 14:20:18 localhost mme[901718]:             }
Mar 10 14:20:18 localhost mme[901718]:         }
Mar 10 14:20:18 localhost mme[901718]:         PDUSessionResourceSetupRequestTransferIEs ::= {
Mar 10 14:20:18 localhost mme[901718]:             id: 139
Mar 10 14:20:18 localhost mme[901718]:             criticality: 0 (reject)
Mar 10 14:20:18 localhost mme[901718]:             value: GTPTunnel ::= {
Mar 10 14:20:18 localhost mme[901718]:                 transportLayerAddress: AC 10 05 79
Mar 10 14:20:18 localhost mme[901718]:                 gTP-TEID: 80 00 00 07
Mar 10 14:20:18 localhost mme[901718]:             }
Mar 10 14:20:18 localhost mme[901718]:         }
Mar 10 14:20:18 localhost mme[901718]:         PDUSessionResourceSetupRequestTransferIEs ::= {
Mar 10 14:20:18 localhost mme[901718]:             id: 134
Mar 10 14:20:18 localhost mme[901718]:             criticality: 0 (reject)
Mar 10 14:20:18 localhost mme[901718]:             value: 0 (ipv4)
Mar 10 14:20:18 localhost mme[901718]:         }
Mar 10 14:20:18 localhost mme[901718]:         PDUSessionResourceSetupRequestTransferIEs ::= {
Mar 10 14:20:18 localhost mme[901718]:             id: 136
Mar 10 14:20:18 localhost mme[901718]:             criticality: 0 (reject)
Mar 10 14:20:18 localhost mme[901718]:             value: QosFlowSetupRequestList ::= {
Mar 10 14:20:18 localhost mme[901718]:                 QosFlowSetupRequestItem ::= {
Mar 10 14:20:18 localhost mme[901718]:                     qosFlowIdentifier: 9
Mar 10 14:20:18 localhost mme[901718]:                     qosFlowLevelQosParameters: QosFlowLevelQosParameters ::= {
Mar 10 14:20:18 localhost mme[901718]:                         qosCharacteristics: NonDynamic5QIDescriptor ::= {
Mar 10 14:20:18 localhost mme[901718]:                             fiveQI: 9
Mar 10 14:20:18 localhost mme[901718]:                         }
Mar 10 14:20:18 localhost mme[901718]:                         allocationAndRetentionPriority: AllocationAndRetentionPriority ::= {
Mar 10 14:20:18 localhost mme[901718]:                             priorityLevelARP: 15
Mar 10 14:20:18 localhost mme[901718]:                             pre-emptionCapability: 0 (shall-not-trigger-pre-emption)
Mar 10 14:20:18 localhost mme[901718]:                             pre-emptionVulnerability: 0 (not-pre-emptable)
Mar 10 14:20:18 localhost mme[901718]:                         }
Mar 10 14:20:18 localhost mme[901718]:                     }
Mar 10 14:20:18 localhost mme[901718]:                 }
Mar 10 14:20:18 localhost mme[901718]:             }
Mar 10 14:20:18 localhost mme[901718]:         }
Mar 10 14:20:18 localhost mme[901718]:     }
Mar 10 14:20:18 localhost mme[901718]: }
Mar 10 14:20:18 localhost sctpd[901301]: I0310 14:20:18.889901 901785 sctpd_downlink_impl.cpp:76] SctpdDownlinkImpl::SendDl starting
Mar 10 14:20:18 localhost smsd[901134]: INFO:root:mme non_eps_service_config is not SMS_ORC8R, sleeping.
Mar 10 14:20:18 localhost sctpd[901301]: I0310 14:20:18.993952 901787 sctp_connection.cpp:167] HandleClientSock sd = 72
Mar 10 14:20:18 localhost sctpd[901301]: I0310 14:20:18.994000 901787 sctp_connection.cpp:193] Unhandled notification type 32777
Mar 10 14:20:18 localhost sctpd[901301]: I0310 14:20:18.994009 901787 sctp_connection.cpp:167] HandleClientSock sd = 72
Mar 10 14:20:18 localhost sctpd[901301]: I0310 14:20:18.994019 901787 sctp_connection.cpp:220] [sd:72] msg of len 43 on 3499:1
Mar 10 14:20:18 localhost sessiond[901043]: I0310 14:20:18.995507 901043 SessionStateEnforcer.cpp:869]  AMF teid: 40000000 ip address 10.10.10.11 of imsi: IMSI222700000000001 fteid: 2147483655 pdu id: 1 UE ip address 192.168.128.170
Mar 10 14:20:18 localhost eventd[901128]: DEBUG:root:Logging event: stream_name: "sessiond"
Mar 10 14:20:18 localhost eventd[901128]: event_type: "session_created"
Mar 10 14:20:18 localhost eventd[901128]: tag: "IMSI222700000000001"
Mar 10 14:20:18 localhost eventd[901128]: value: "{\"mac_addr\":\"\",\"user_location\":\"\",\"spgw_ip\":\"\",\"imei\":\"\",\"pdp_start_time\":1,\"session_id\":\"IMSI222700000000001-276113\",\"apn\":\"default\",\"msisdn\":\"\",\"charging_characteristics\":\"\",\"ipv6_addr\":\"\",\"ip_addr\":\"192.168.128.170\",\"imsi\":\"IMSI222700000000001\"}"
Mar 10 14:20:18 localhost eventd[901128]: ERROR:root:Connection to FluentBit failed: [Errno 111] Connection refused
Mar 10 14:20:18 localhost eventd[901128]: INFO:root:FluentBit (td-agent-bit) may not be enabled or configured correctly
Mar 10 14:20:19 localhost sessiond[901043]: I0310 14:20:18.999078 901055 SessionEvents.cpp:131] Could not log session_created event {"mac_addr":"","user_location":"","spgw_ip":"","imei":"","pdp_start_time":1,"session_id":"IMSI222700000000001-276113","apn":"default","msisdn":"","charging_characteristics":"","ipv6_addr":"","ip_addr":"192.168.128.170","imsi":"IMSI222700000000001"}, Error Message: Could not connect to FluentBit locally, Details: [Errno 111] Connection refused
Mar 10 14:20:21 localhost sctpd[901301]: I0310 14:20:21.204607 901787 sctp_connection.cpp:167] HandleClientSock sd = 72
Mar 10 14:20:21 localhost sctpd[901301]: I0310 14:20:21.204708 901787 sctp_connection.cpp:220] [sd:72] msg of len 74 on 3499:1
Mar 10 14:20:21 localhost mme[901718]: InitiatingMessage ::= {
Mar 10 14:20:21 localhost mme[901718]:     procedureCode: 28
Mar 10 14:20:21 localhost mme[901718]:     criticality: 1 (ignore)
Mar 10 14:20:21 localhost mme[901718]:     value: PDUSessionResourceReleaseCommand ::= {
Mar 10 14:20:21 localhost mme[901718]:         protocolIEs: ProtocolIE-Container ::= {
Mar 10 14:20:21 localhost mme[901718]:             PDUSessionResourceReleaseCommandIEs ::= {
Mar 10 14:20:21 localhost mme[901718]:                 id: 10
Mar 10 14:20:21 localhost mme[901718]:                 criticality: 0 (reject)
Mar 10 14:20:21 localhost mme[901718]:                 value: 63
Mar 10 14:20:21 localhost mme[901718]:             }
Mar 10 14:20:21 localhost mme[901718]:             PDUSessionResourceReleaseCommandIEs ::= {
Mar 10 14:20:21 localhost mme[901718]:                 id: 85
Mar 10 14:20:21 localhost mme[901718]:                 criticality: 0 (reject)
Mar 10 14:20:21 localhost mme[901718]:                 value: 4294967295
Mar 10 14:20:21 localhost mme[901718]:             }
Mar 10 14:20:21 localhost mme[901718]:             PDUSessionResourceReleaseCommandIEs ::= {
Mar 10 14:20:21 localhost mme[901718]:                 id: 38
Mar 10 14:20:21 localhost mme[901718]:                 criticality: 0 (reject)
Mar 10 14:20:21 localhost mme[901718]:                 value:
Mar 10 14:20:21 localhost mme[901718]:                     7E 01 EE 70 D3 12 03 7E 00 68 01 00 05 2E 01 01
Mar 10 14:20:21 localhost mme[901718]:                     D3 24 12 01
Mar 10 14:20:21 localhost mme[901718]:             }
Mar 10 14:20:21 localhost mme[901718]:             PDUSessionResourceReleaseCommandIEs ::= {
Mar 10 14:20:21 localhost mme[901718]:                 id: 79
Mar 10 14:20:21 localhost mme[901718]:                 criticality: 0 (reject)
Mar 10 14:20:21 localhost mme[901718]:                 value: PDUSessionResourceToReleaseListRelCmd ::= {
Mar 10 14:20:21 localhost mme[901718]:                 }
Mar 10 14:20:21 localhost mme[901718]:             }
Mar 10 14:20:21 localhost mme[901718]:         }
Mar 10 14:20:21 localhost mme[901718]:     }
Mar 10 14:20:21 localhost mme[901718]: }
Mar 10 14:20:21 localhost sctpd[901301]: I0310 14:20:21.209244 901785 sctpd_downlink_impl.cpp:76] SctpdDownlinkImpl::SendDl starting
Mar 10 14:20:21 localhost sctpd[901301]: I0310 14:20:21.259524 901787 sctp_connection.cpp:167] HandleClientSock sd = 72
Mar 10 14:20:21 localhost sctpd[901301]: I0310 14:20:21.259603 901787 sctp_connection.cpp:193] Unhandled notification type 32777
Mar 10 14:20:21 localhost sctpd[901301]: I0310 14:20:21.259621 901787 sctp_connection.cpp:167] HandleClientSock sd = 72
Mar 10 14:20:21 localhost sctpd[901301]: I0310 14:20:21.259639 901787 sctp_connection.cpp:220] [sd:72] msg of len 70 on 3499:1
Mar 10 14:20:23 localhost dnsmasq-dhcp[901212]: DHCPDISCOVER(eth1) fa:16:3e:2a:89:3f 
Mar 10 14:20:23 localhost dnsmasq-dhcp[901212]: DHCPOFFER(eth1) 172.16.7.251 fa:16:3e:2a:89:3f 
Mar 10 14:20:24 localhost smsd[901134]: INFO:root:mme non_eps_service_config is not SMS_ORC8R, sleeping.
Mar 10 14:20:29 localhost smsd[901134]: INFO:root:mme non_eps_service_config is not SMS_ORC8R, sleeping.
Mar 10 14:20:30 localhost dhclient[601]: DHCPREQUEST for 172.16.5.121 on eth1 to 172.16.5.2 port 67 (xid=0x4b4058b5)
Mar 10 14:20:31 localhost dnsmasq-dhcp[901212]: DHCPDISCOVER(eth1) fa:16:3e:2a:89:3f 
Mar 10 14:20:31 localhost dnsmasq-dhcp[901212]: DHCPOFFER(eth1) 172.16.7.251 fa:16:3e:2a:89:3f 
Mar 10 14:20:32 localhost magmad[900959]: INFO:root:[SyncRPC] Got heartBeat from cloud
Mar 10 14:20:33 localhost mobilityd[901037]: INFO:root:Using GW info: {'default': {2: ('172.16.4.1', 'eth0')}, 2: [('172.16.4.1', 'eth0', True)]}
Mar 10 14:20:33 localhost mobilityd[901037]: INFO:root:GW-v6 probe: timer started
Mar 10 14:20:34 localhost smsd[901134]: INFO:root:mme non_eps_service_config is not SMS_ORC8R, sleeping.
Mar 10 14:20:37 localhost sctpd[901301]: I0310 14:20:37.215775 901785 sctpd_downlink_impl.cpp:76] SctpdDownlinkImpl::SendDl starting
Mar 10 14:20:37 localhost sctpd[901301]: I0310 14:20:37.416883 901787 sctp_connection.cpp:167] HandleClientSock sd = 72
Mar 10 14:20:37 localhost sctpd[901301]: I0310 14:20:37.416990 901787 sctp_connection.cpp:193] Unhandled notification type 32777
Mar 10 14:20:39 localhost smsd[901134]: INFO:root:mme non_eps_service_config is not SMS_ORC8R, sleeping.
Mar 10 14:20:41 localhost dnsmasq-dhcp[901212]: DHCPDISCOVER(eth1) fa:16:3e:2a:89:3f 
Mar 10 14:20:41 localhost dnsmasq-dhcp[901212]: DHCPOFFER(eth1) 172.16.7.251 fa:16:3e:2a:89:3f 
Mar 10 14:20:44 localhost smsd[901134]: INFO:root:mme non_eps_service_config is not SMS_ORC8R, sleeping.
Mar 10 14:20:46 localhost magmad[900959]: INFO:root:Setting logging level to INFO
Mar 10 14:20:48 localhost dhclient[601]: DHCPREQUEST for 172.16.5.121 on eth1 to 172.16.5.2 port 67 (xid=0x4b4058b5)
Mar 10 14:20:49 localhost smsd[901134]: INFO:root:mme non_eps_service_config is not SMS_ORC8R, sleeping.
Mar 10 14:20:53 localhost sctpd[901301]: I0310 14:20:53.220016 901306 sctpd_downlink_impl.cpp:76] SctpdDownlinkImpl::SendDl starting
Mar 10 14:20:53 localhost mobilityd[901037]: INFO:root:Using GW info: {'default': {2: ('172.16.4.1', 'eth0')}, 2: [('172.16.4.1', 'eth0', True)]}
Mar 10 14:20:53 localhost mobilityd[901037]: INFO:root:GW-v6 probe: timer started
Mar 10 14:20:53 localhost sctpd[901301]: I0310 14:20:53.424957 901787 sctp_connection.cpp:167] HandleClientSock sd = 72
Mar 10 14:20:53 localhost sctpd[901301]: I0310 14:20:53.425053 901787 sctp_connection.cpp:193] Unhandled notification type 32777
Mar 10 14:20:54 localhost smsd[901134]: INFO:root:mme non_eps_service_config is not SMS_ORC8R, sleeping.
Mar 10 14:20:55 localhost dnsmasq-dhcp[901212]: DHCPDISCOVER(eth1) fa:16:3e:2a:89:3f 
Mar 10 14:20:55 localhost dnsmasq-dhcp[901212]: DHCPOFFER(eth1) 172.16.7.251 fa:16:3e:2a:89:3f 
Mar 10 14:20:55 localhost control_proxy[901175]: 2022-03-10T14:20:55.135Z [127.0.0.1 -> streamer-controller.magmasi.wavelabs.in,8443] "POST /magma.orc8r.Streamer/GetUpdates HTTP/2" 200 91bytes 0.525s
Mar 10 14:20:55 localhost policydb[901113]: INFO:root:Processing 2 policy updates (resync=True)
Mar 10 14:20:55 localhost control_proxy[901175]: 2022-03-10T14:20:55.135Z [127.0.0.1 -> streamer-controller.magmasi.wavelabs.in,8443] "POST /magma.orc8r.Streamer/GetUpdates HTTP/2" 200 7bytes 0.267s
Mar 10 14:20:55 localhost policydb[901113]: INFO:root:Processing 0 basename -> policy updates
Mar 10 14:20:56 localhost control_proxy[901175]: 2022-03-10T14:20:55.135Z [127.0.0.1 -> streamer-controller.magmasi.wavelabs.in,8443] "POST /magma.orc8r.Streamer/GetUpdates HTTP/2" 200 5113bytes 0.277s
Mar 10 14:20:56 localhost policydb[901113]: INFO:root:Processing 222 SID -> apn -> policy updates
Mar 10 14:20:56 localhost control_proxy[901175]: 2022-03-10T14:20:56.219Z [127.0.0.1 -> streamer-controller.magmasi.wavelabs.in,8443] "POST /magma.orc8r.Streamer/GetUpdates HTTP/2" 200 7bytes 0.269s
Mar 10 14:20:56 localhost policydb[901113]: INFO:root:Processing 0 rating group updates
Mar 10 14:20:59 localhost smsd[901134]: INFO:root:mme non_eps_service_config is not SMS_ORC8R, sleeping.
Mar 10 14:21:02 localhost dnsmasq-dhcp[901212]: DHCPDISCOVER(eth1) fa:16:3e:2a:89:3f 
Mar 10 14:21:02 localhost dnsmasq-dhcp[901212]: DHCPOFFER(eth1) 172.16.7.251 fa:16:3e:2a:89:3f 
Mar 10 14:21:03 localhost dhclient[601]: DHCPREQUEST for 172.16.5.121 on eth1 to 172.16.5.2 port 67 (xid=0x4b4058b5)
Mar 10 14:21:04 localhost smsd[901134]: INFO:root:mme non_eps_service_config is not SMS_ORC8R, sleeping.
Mar 10 14:21:05 localhost magmad[900959]: ERROR:root:Metrics upload error for service subscriberdb (chunk 0)! [StatusCode.DEADLINE_EXCEEDED] Deadline Exceeded
Mar 10 14:21:05 localhost magmad[900959]: ERROR:root:Metrics upload error for service mobilityd (chunk 0)! [StatusCode.DEADLINE_EXCEEDED] Deadline Exceeded
Mar 10 14:21:05 localhost magmad[900959]: ERROR:root:Metrics upload error for service mme (chunk 0)! [StatusCode.DEADLINE_EXCEEDED] Deadline Exceeded
Mar 10 14:21:05 localhost magmad[900959]: ERROR:root:Metrics upload error for service magmad (chunk 0)! [StatusCode.DEADLINE_EXCEEDED] Deadline Exceeded
Mar 10 14:21:05 localhost magmad[900959]: ERROR:root:Metrics upload error for service enodebd (chunk 0)! [StatusCode.DEADLINE_EXCEEDED] Deadline Exceeded
Mar 10 14:21:05 localhost magmad[900959]: ERROR:root:Metrics upload error for service pipelined (chunk 0)! [StatusCode.DEADLINE_EXCEEDED] Deadline Exceeded
Mar 10 14:21:05 localhost magmad[900959]: ERROR:root:Metrics upload error for service state (chunk 0)! [StatusCode.DEADLINE_EXCEEDED] Deadline Exceeded
Mar 10 14:21:05 localhost magmad[900959]: ERROR:root:Metrics upload error for service sessiond (chunk 0)! [StatusCode.DEADLINE_EXCEEDED] Deadline Exceeded
Mar 10 14:21:05 localhost magmad[900959]: INFO:root:Checking for upgrade...
Mar 10 14:21:05 localhost magmad[900959]: WARNING:root:magmad package_version config missing or set to default 0.0.0-0, skipping upgrade
Mar 10 14:21:05 localhost control_proxy[901175]: 2022-03-10T14:21:05.151Z [127.0.0.1 -> state-controller.magmasi.wavelabs.in,8443] "POST /magma.orc8r.StateService/ReportStates HTTP/2" 200 5bytes 0.264s
Mar 10 14:21:05 localhost magmad[900959]: INFO:root:Checkin Successful! Successfully sent states to the cloud!
Mar 10 14:21:09 localhost sctpd[901301]: I0310 14:21:09.237186 901306 sctpd_downlink_impl.cpp:76] SctpdDownlinkImpl::SendDl starting
Mar 10 14:21:09 localhost smsd[901134]: INFO:root:mme non_eps_service_config is not SMS_ORC8R, sleeping.
Mar 10 14:21:09 localhost sctpd[901301]: I0310 14:21:09.440954 901787 sctp_connection.cpp:167] HandleClientSock sd = 72
Mar 10 14:21:09 localhost sctpd[901301]: I0310 14:21:09.441045 901787 sctp_connection.cpp:193] Unhandled notification type 32777
Mar 10 14:21:13 localhost dnsmasq-dhcp[901212]: DHCPDISCOVER(eth1) fa:16:3e:2a:89:3f 
Mar 10 14:21:13 localhost dnsmasq-dhcp[901212]: DHCPOFFER(eth1) 172.16.7.251 fa:16:3e:2a:89:3f 
Mar 10 14:21:13 localhost mobilityd[901037]: INFO:root:Using GW info: {'default': {2: ('172.16.4.1', 'eth0')}, 2: [('172.16.4.1', 'eth0', True)]}
Mar 10 14:21:13 localhost mobilityd[901037]: INFO:root:GW-v6 probe: timer started
Mar 10 14:21:14 localhost smsd[901134]: INFO:root:mme non_eps_service_config is not SMS_ORC8R, sleeping.
Mar 10 14:21:18 localhost dhclient[601]: DHCPREQUEST for 172.16.5.121 on eth1 to 172.16.5.2 port 67 (xid=0x4b4058b5)
Mar 10 14:21:19 localhost smsd[901134]: INFO:root:mme non_eps_service_config is not SMS_ORC8R, sleeping.
Mar 10 14:21:24 localhost smsd[901134]: INFO:root:mme non_eps_service_config is not SMS_ORC8R, sleeping.
Mar 10 14:21:25 localhost sctpd[901301]: I0310 14:21:25.256117 901785 sctpd_downlink_impl.cpp:76] SctpdDownlinkImpl::SendDl starting
Mar 10 14:21:25 localhost sctpd[901301]: I0310 14:21:25.461048 901787 sctp_connection.cpp:167] HandleClientSock sd = 72
Mar 10 14:21:25 localhost sctpd[901301]: I0310 14:21:25.461145 901787 sctp_connection.cpp:193] Unhandled notification type 32777
Mar 10 14:21:26 localhost dnsmasq-dhcp[901212]: DHCPDISCOVER(eth1) fa:16:3e:2a:89:3f 
Mar 10 14:21:26 localhost dnsmasq-dhcp[901212]: DHCPOFFER(eth1) 172.16.7.251 fa:16:3e:2a:89:3f 
Mar 10 14:21:28 localhost dhclient[601]: DHCPREQUEST for 172.16.5.121 on eth1 to 172.16.5.2 port 67 (xid=0x4b4058b5)
Mar 10 14:21:29 localhost smsd[901134]: INFO:root:mme non_eps_service_config is not SMS_ORC8R, sleeping.
Mar 10 14:21:31 localhost sctpd[901301]: I0310 14:21:31.533530 901787 sctp_connection.cpp:167] HandleClientSock sd = 72
Mar 10 14:21:31 localhost sctpd[901301]: I0310 14:21:31.533644 901787 sctp_connection.cpp:220] [sd:72] msg of len 72 on 3499:1
Mar 10 14:21:31 localhost sctpd[901301]: I0310 14:21:31.734941 901787 sctp_connection.cpp:167] HandleClientSock sd = 72
Mar 10 14:21:31 localhost sctpd[901301]: I0310 14:21:31.735041 901787 sctp_connection.cpp:220] [sd:72] msg of len 70 on 3499:1
Mar 10 14:21:31 localhost sessiond[901043]: I0310 14:21:31.741880 901043 SetMessageManagerHandler.cpp:142] Release request for session from IMSI: IMSI222700000000001 pdu_id 1
Mar 10 14:21:31 localhost sctpd[901301]: I0310 14:21:31.744199 901785 sctpd_downlink_impl.cpp:76] SctpdDownlinkImpl::SendDl starting
Mar 10 14:21:31 localhost sctpd[901301]: I0310 14:21:31.744990 901306 sctpd_downlink_impl.cpp:76] SctpdDownlinkImpl::SendDl starting
Mar 10 14:21:31 localhost mobilityd[901037]: INFO:root:Released IP 192.168.128.170 for sid IMSI222700000000001
Mar 10 14:21:31 localhost policydb[901113]: INFO:root:Terminating session: IMSI222700000000001-276113
Mar 10 14:21:31 localhost eventd[901128]: DEBUG:root:Logging event: stream_name: "sessiond"
Mar 10 14:21:31 localhost eventd[901128]: event_type: "session_terminated"
Mar 10 14:21:31 localhost eventd[901128]: tag: "IMSI222700000000001"
