Apr 27 00:30:45 localhost sctpd[3500334]: I0427 00:30:45.636618 3500778 sctp_connection.cpp:195] Unhandled notification type 32777
Apr 27 00:30:45 localhost sctpd[3500334]: I0427 00:30:45.742715 3500778 sctp_connection.cpp:195] Unhandled notification type 32777
Apr 27 00:30:45 localhost mme[3500735]: [DEBUG] Sending S6A-UPDATE_LOCATION_REQUEST with IMSI: 222700000000001
Apr 27 00:30:45 localhost mme[3500735]: [INFO] Received S6A-LOCATION-UPDATE_ANSWER for IMSI: 222700000000001; Status: ; StatusCode: 2001
Apr 27 00:30:45 localhost mme[3500735]: [INFO] sent itti S6A-LOCATION-UPDATE_ANSWER for IMSI: 222700000000001
Apr 27 00:30:45 localhost sctpd[3500334]: I0427 00:30:45.863489 3500778 sctp_connection.cpp:195] Unhandled notification type 32777
Apr 27 00:30:47 localhost mobilityd[3500058]: DEBUG:root:Received AllocateIPAddress
Apr 27 00:30:47 localhost mobilityd[3500058]: INFO:root:GRPC message:
Apr 27 00:30:47 localhost mobilityd[3500058]:   magma.lte.AllocateIPRequest {
Apr 27 00:30:47 localhost mobilityd[3500058]:     "sid": {
Apr 27 00:30:47 localhost mobilityd[3500058]:       "id": "222700000000001"
Apr 27 00:30:47 localhost mobilityd[3500058]:     },
Apr 27 00:30:47 localhost mobilityd[3500058]:     "apn": "default"
Apr 27 00:30:47 localhost mobilityd[3500058]:   }
Apr 27 00:30:47 localhost mobilityd[3500058]: DEBUG:root:Find APN config for: IMSI222700000000001.default,ipv4
Apr 27 00:30:47 localhost mobilityd[3500058]: DEBUG:root:APN config: service_selection: "default"
Apr 27 00:30:47 localhost mobilityd[3500058]: qos_profile {
Apr 27 00:30:47 localhost mobilityd[3500058]:   class_id: 9
Apr 27 00:30:47 localhost mobilityd[3500058]:   priority_level: 15
Apr 27 00:30:47 localhost mobilityd[3500058]: }
Apr 27 00:30:47 localhost mobilityd[3500058]: ambr {
Apr 27 00:30:47 localhost mobilityd[3500058]:   max_bandwidth_ul: 100000000
Apr 27 00:30:47 localhost mobilityd[3500058]:   max_bandwidth_dl: 100000000
Apr 27 00:30:47 localhost mobilityd[3500058]: }
Apr 27 00:30:47 localhost mobilityd[3500058]: DEBUG:root:vlan: Got APN: service_selection: "default"
Apr 27 00:30:47 localhost mobilityd[3500058]: qos_profile {
Apr 27 00:30:47 localhost mobilityd[3500058]:   class_id: 9
Apr 27 00:30:47 localhost mobilityd[3500058]:   priority_level: 15
Apr 27 00:30:47 localhost mobilityd[3500058]: }
Apr 27 00:30:47 localhost mobilityd[3500058]: ambr {
Apr 27 00:30:47 localhost mobilityd[3500058]:   max_bandwidth_ul: 100000000
Apr 27 00:30:47 localhost mobilityd[3500058]:   max_bandwidth_dl: 100000000
Apr 27 00:30:47 localhost mobilityd[3500058]: }
Apr 27 00:30:47 localhost mobilityd[3500058]: DEBUG:root:invalid internet gw ip: None
Apr 27 00:30:47 localhost mobilityd[3500058]: DEBUG:root:could not parse GW IP: None
Apr 27 00:30:47 localhost mobilityd[3500058]: DEBUG:root:Find APN config for: IMSI222700000000001.default,ipv4
Apr 27 00:30:47 localhost mobilityd[3500058]: DEBUG:root:APN config: service_selection: "default"
Apr 27 00:30:47 localhost mobilityd[3500058]: qos_profile {
Apr 27 00:30:47 localhost mobilityd[3500058]:   class_id: 9
Apr 27 00:30:47 localhost mobilityd[3500058]:   priority_level: 15
Apr 27 00:30:47 localhost mobilityd[3500058]: }
Apr 27 00:30:47 localhost mobilityd[3500058]: ambr {
Apr 27 00:30:47 localhost mobilityd[3500058]:   max_bandwidth_ul: 100000000
Apr 27 00:30:47 localhost mobilityd[3500058]:   max_bandwidth_dl: 100000000
Apr 27 00:30:47 localhost mobilityd[3500058]: }
Apr 27 00:30:47 localhost mobilityd[3500058]: DEBUG:root:ip: Got APN: service_selection: "default"
Apr 27 00:30:47 localhost mobilityd[3500058]: qos_profile {
Apr 27 00:30:47 localhost mobilityd[3500058]:   class_id: 9
Apr 27 00:30:47 localhost mobilityd[3500058]:   priority_level: 15
Apr 27 00:30:47 localhost mobilityd[3500058]: }
Apr 27 00:30:47 localhost mobilityd[3500058]: ambr {
Apr 27 00:30:47 localhost mobilityd[3500058]:   max_bandwidth_ul: 100000000
Apr 27 00:30:47 localhost mobilityd[3500058]:   max_bandwidth_dl: 100000000
Apr 27 00:30:47 localhost mobilityd[3500058]: }
Apr 27 00:30:47 localhost mobilityd[3500058]: DEBUG:root:Allocating New IP: <mobilityd.IPDesc {ip: 192.168.128.209, ip_block: 192.168.128.0/24, state: IPState.ALLOCATED, sid: IMSI222700000000001.default,ipv4, type: IPType.IP_POOL }}>
Apr 27 00:30:47 localhost mobilityd[3500058]: INFO:root:Allocated IP 192.168.128.209 for sid IMSI222700000000001 for apn default
Apr 27 00:30:47 localhost mobilityd[3500058]: INFO:root:GRPC message:
Apr 27 00:30:47 localhost mobilityd[3500058]:   magma.lte.AllocateIPAddressResponse {
Apr 27 00:30:47 localhost mobilityd[3500058]:     "ipList": [
Apr 27 00:30:47 localhost mobilityd[3500058]:       {
Apr 27 00:30:47 localhost mobilityd[3500058]:         "address": "wKiA0Q=="
Apr 27 00:30:47 localhost mobilityd[3500058]:       }
Apr 27 00:30:47 localhost mobilityd[3500058]:     ],
Apr 27 00:30:47 localhost mobilityd[3500058]:     "vlan": "0"
Apr 27 00:30:47 localhost mobilityd[3500058]:   }
Apr 27 00:30:47 localhost policydb[3500134]: INFO:root:Creating a session for subscriber ID: IMSI222700000000001
Apr 27 00:30:47 localhost sessiond[3500065]: I0427 00:30:47.064052 3500065 SetMessageManagerHandler.cpp:344] Processing a CreateSessionResponse for IMSI222700000000001-80986
Apr 27 00:30:47 localhost sessiond[3500065]: I0427 00:30:47.064219 3500065 SessionState.cpp:2775] RuleID allowlist_sid-IMSI222700000000001-default doesn't have a version registered for IMSI222700000000001-80986, this is unexpected
Apr 27 00:30:47 localhost mme[3500735]: PDUSessionResourceSetupRequestTransfer ::= {
Apr 27 00:30:47 localhost mme[3500735]:     protocolIEs: ProtocolIE-Container ::= {
Apr 27 00:30:47 localhost mme[3500735]:         PDUSessionResourceSetupRequestTransferIEs ::= {
Apr 27 00:30:47 localhost mme[3500735]:             id: 130
Apr 27 00:30:47 localhost mme[3500735]:             criticality: 0 (reject)
Apr 27 00:30:47 localhost mme[3500735]:             value: PDUSessionAggregateMaximumBitRate ::= {
Apr 27 00:30:47 localhost mme[3500735]:                 pDUSessionAggregateMaximumBitRateDL: 100000000
Apr 27 00:30:47 localhost mme[3500735]:                 pDUSessionAggregateMaximumBitRateUL: 100000000
Apr 27 00:30:47 localhost mme[3500735]:             }
Apr 27 00:30:47 localhost mme[3500735]:         }
Apr 27 00:30:47 localhost mme[3500735]:         PDUSessionResourceSetupRequestTransferIEs ::= {
Apr 27 00:30:47 localhost mme[3500735]:             id: 139
Apr 27 00:30:47 localhost mme[3500735]:             criticality: 0 (reject)
Apr 27 00:30:47 localhost mme[3500735]:             value: GTPTunnel ::= {
Apr 27 00:30:47 localhost mme[3500735]:                 transportLayerAddress: AC 10 05 79
Apr 27 00:30:47 localhost mme[3500735]:                 gTP-TEID: 80 00 00 01
Apr 27 00:30:47 localhost mme[3500735]:             }
Apr 27 00:30:47 localhost mme[3500735]:         }
Apr 27 00:30:47 localhost mme[3500735]:         PDUSessionResourceSetupRequestTransferIEs ::= {
Apr 27 00:30:47 localhost mme[3500735]:             id: 134
Apr 27 00:30:47 localhost mme[3500735]:             criticality: 0 (reject)
Apr 27 00:30:47 localhost mme[3500735]:             value: 0 (ipv4)
Apr 27 00:30:47 localhost mme[3500735]:         }
Apr 27 00:30:47 localhost mme[3500735]:         PDUSessionResourceSetupRequestTransferIEs ::= {
Apr 27 00:30:47 localhost mme[3500735]:             id: 136
Apr 27 00:30:47 localhost mme[3500735]:             criticality: 0 (reject)
Apr 27 00:30:47 localhost mme[3500735]:             value: QosFlowSetupRequestList ::= {
Apr 27 00:30:47 localhost mme[3500735]:                 QosFlowSetupRequestItem ::= {
Apr 27 00:30:47 localhost mme[3500735]:                     qosFlowIdentifier: 9
Apr 27 00:30:47 localhost mme[3500735]:                     qosFlowLevelQosParameters: QosFlowLevelQosParameters ::= {
Apr 27 00:30:47 localhost mme[3500735]:                         qosCharacteristics: NonDynamic5QIDescriptor ::= {
Apr 27 00:30:47 localhost mme[3500735]:                             fiveQI: 9
Apr 27 00:30:47 localhost mme[3500735]:                         }
Apr 27 00:30:47 localhost mme[3500735]:                         allocationAndRetentionPriority: AllocationAndRetentionPriority ::= {
Apr 27 00:30:47 localhost mme[3500735]:                             priorityLevelARP: 15
Apr 27 00:30:47 localhost mme[3500735]:                             pre-emptionCapability: 0 (shall-not-trigger-pre-emption)
Apr 27 00:30:47 localhost mme[3500735]:                             pre-emptionVulnerability: 0 (not-pre-emptable)
Apr 27 00:30:47 localhost mme[3500735]:                         }
Apr 27 00:30:47 localhost mme[3500735]:                     }
Apr 27 00:30:47 localhost mme[3500735]:                 }
Apr 27 00:30:47 localhost mme[3500735]:             }
Apr 27 00:30:47 localhost mme[3500735]:         }
Apr 27 00:30:47 localhost mme[3500735]:     }
Apr 27 00:30:47 localhost mme[3500735]: }
Apr 27 00:30:47 localhost sctpd[3500334]: I0427 00:30:47.271580 3500778 sctp_connection.cpp:195] Unhandled notification type 32777
Apr 27 00:30:48 localhost sessiond[3500065]: I0427 00:30:48.271538 3500065 SetMessageManagerHandler.cpp:144] Release request for session from IMSI: IMSI222700000000001 pdu_id 1
Apr 27 00:30:48 localhost mobilityd[3500058]: DEBUG:root:Received ReleaseIPAddress
Apr 27 00:30:48 localhost mobilityd[3500058]: INFO:root:GRPC message:
Apr 27 00:30:48 localhost mobilityd[3500058]:   magma.lte.ReleaseIPRequest {
Apr 27 00:30:48 localhost mobilityd[3500058]:     "sid": {
Apr 27 00:30:48 localhost mobilityd[3500058]:       "id": "222700000000001"
Apr 27 00:30:48 localhost mobilityd[3500058]:     },
Apr 27 00:30:48 localhost mobilityd[3500058]:     "ip": {
Apr 27 00:30:48 localhost mobilityd[3500058]:       "address": "wKiA0Q=="
Apr 27 00:30:48 localhost mobilityd[3500058]:     },
Apr 27 00:30:48 localhost mobilityd[3500058]:     "apn": "default"
Apr 27 00:30:48 localhost mobilityd[3500058]:   }
Apr 27 00:30:48 localhost mobilityd[3500058]: INFO:root:Released IP 192.168.128.209 for sid IMSI222700000000001
Apr 27 00:30:48 localhost smsd[3500148]: INFO:root:mme non_eps_service_config is not SMS_ORC8R, sleeping.
Apr 27 00:30:48 localhost sctpd[3500334]: I0427 00:30:48.532017 3500778 sctp_connection.cpp:195] Unhandled notification type 32777
Apr 27 00:30:53 localhost policydb[3500134]: INFO:root:Terminating session: IMSI222700000000001-80986
Apr 27 00:30:53 localhost eventd[3500141]: DEBUG:root:Logging event: stream_name: "sessiond"
Apr 27 00:30:53 localhost eventd[3500141]: event_type: "session_terminated"
Apr 27 00:30:53 localhost eventd[3500141]: tag: "IMSI222700000000001"
Apr 27 00:30:53 localhost eventd[3500141]: value: "{\"mac_addr\":\"\",\"user_location\":\"\",\"spgw_ip\":\"\",\"imei\":\"\",\"record_sequence_number\":1,\"pdp_end_time\":0,\"charging_rx\":0,\"duration\":-1,\"ip_addr\":\"192.168.128.209\",\"monitoring_tx\":0,\"ipv6_addr\":\"\",\"msisdn\":\"\",\"apn\":\"default\",\"session_id\":\"IMSI222700000000001-80986\",\"list_of_service_data\":[],\"charging_characteristics\":\"\",\"total_tx\":0,\"cause_for_rec_closing\":0,\"imsi\":\"IMSI222700000000001\",\"total_rx\":0,\"monitoring_rx\":0,\"charging_tx\":0,\"pdp_start_time\":1}"
Apr 27 00:30:53 localhost eventd[3500141]: ERROR:root:Connection to FluentBit failed: [Errno 111] Connection refused
Apr 27 00:30:53 localhost eventd[3500141]: INFO:root:FluentBit (td-agent-bit) may not be enabled or configured correctly
Apr 27 00:30:53 localhost sessiond[3500065]: I0427 00:30:53.281857 3500094 SessionEvents.cpp:292] Could not log session_terminated event {"mac_addr":"","user_location":"","spgw_ip":"","imei":"","record_sequence_number":1,"pdp_end_time":0,"charging_rx":0,"duration":-1,"ip_addr":"192.168.128.209","monitoring_tx":0,"ipv6_addr":"","msisdn":"","apn":"default","session_id":"IMSI222700000000001-80986","list_of_service_data":[],"charging_characteristics":"","total_tx":0,"cause_for_rec_closing":0,"imsi":"IMSI222700000000001","total_rx":0,"monitoring_rx":0,"charging_tx":0,"pdp_start_time":1}, Error Message: Could not connect to FluentBit locally, Details: [Errno 111] Connection refused
Apr 27 00:30:53 localhost smsd[3500148]: INFO:root:mme non_eps_service_config is not SMS_ORC8R, sleeping.
Apr 27 00:30:54 localhost dhclient[601]: DHCPREQUEST for 172.16.5.121 on eth1 to 172.16.5.2 port 67 (xid=0x1ea11b90)
Apr 27 00:30:57 localhost mobilityd[3500058]: INFO:root:Using GW info: {'default': {2: ('172.16.4.1', 'eth0')}, 2: [('172.16.4.1', 'eth0', True)]}
Apr 27 00:30:57 localhost mobilityd[3500058]: INFO:root:GW-v6 probe: timer started
Apr 27 00:30:58 localhost smsd[3500148]: INFO:root:mme non_eps_service_config is not SMS_ORC8R, sleeping.
Apr 27 00:31:02 localhost magmad[3499983]: ERROR:root:Metrics upload error for service subscriberdb (chunk 0)! [StatusCode.DEADLINE_EXCEEDED] Deadline Exceeded
Apr 27 00:31:02 localhost magmad[3499983]: ERROR:root:Metrics upload error for service mobilityd (chunk 0)! [StatusCode.DEADLINE_EXCEEDED] Deadline Exceeded
Apr 27 00:31:02 localhost magmad[3499983]: ERROR:root:Metrics upload error for service mme (chunk 0)! [StatusCode.DEADLINE_EXCEEDED] Deadline Exceeded
Apr 27 00:31:02 localhost magmad[3499983]: ERROR:root:Metrics upload error for service magmad (chunk 0)! [StatusCode.DEADLINE_EXCEEDED] Deadline Exceeded
Apr 27 00:31:02 localhost magmad[3499983]: ERROR:root:Metrics upload error for service enodebd (chunk 0)! [StatusCode.DEADLINE_EXCEEDED] Deadline Exceeded
Apr 27 00:31:02 localhost magmad[3499983]: ERROR:root:Metrics upload error for service pipelined (chunk 0)! [StatusCode.DEADLINE_EXCEEDED] Deadline Exceeded
Apr 27 00:31:02 localhost magmad[3499983]: ERROR:root:Metrics upload error for service state (chunk 0)! [StatusCode.DEADLINE_EXCEEDED] Deadline Exceeded
Apr 27 00:31:02 localhost magmad[3499983]: ERROR:root:Metrics upload error for service sessiond (chunk 0)! [StatusCode.DEADLINE_EXCEEDED] Deadline Exceeded
Apr 27 00:31:03 localhost mobilityd[3500058]: DEBUG:root:Release Reaped IP: <mobilityd.IPDesc {ip: 192.168.128.209, ip_block: 192.168.128.0/24, state: IPState.FREE, sid: IMSI222700000000001.default,ipv4, type: IPType.IP_POOL }}>
Apr 27 00:31:03 localhost smsd[3500148]: INFO:root:mme non_eps_service_config is not SMS_ORC8R, sleeping.
Apr 27 00:31:06 localhost dhclient[601]: DHCPREQUEST for 172.16.5.121 on eth1 to 172.16.5.2 port 67 (xid=0x1ea11b90)
Apr 27 00:31:08 localhost sctpd[3500334]: I0427 00:31:08.264281 3500778 sctp_connection.cpp:195] Unhandled notification type 32776
Apr 27 00:31:08 localhost smsd[3500148]: INFO:root:mme non_eps_service_config is not SMS_ORC8R, sleeping.
Apr 27 00:31:09 localhost sctpd[3500334]: I0427 00:31:09.324252 3500778 sctp_connection.cpp:195] Unhandled notification type 32777
Apr 27 00:31:09 localhost sctpd[3500334]: I0427 00:31:09.555733 3500778 sctp_connection.cpp:195] Unhandled notification type 32777
Apr 27 00:31:09 localhost sctpd[3500334]: I0427 00:31:09.680501 3500778 sctp_connection.cpp:195] Unhandled notification type 32777
Apr 27 00:31:09 localhost mme[3500735]: [DEBUG] Sending S6A-UPDATE_LOCATION_REQUEST with IMSI: 222700000000001
Apr 27 00:31:09 localhost mme[3500735]: [INFO] Received S6A-LOCATION-UPDATE_ANSWER for IMSI: 222700000000001; Status: ; StatusCode: 2001
Apr 27 00:31:09 localhost mme[3500735]: [INFO] sent itti S6A-LOCATION-UPDATE_ANSWER for IMSI: 222700000000001
Apr 27 00:31:09 localhost sctpd[3500334]: I0427 00:31:09.799113 3500778 sctp_connection.cpp:195] Unhandled notification type 32777
Apr 27 00:31:13 localhost smsd[3500148]: INFO:root:mme non_eps_service_config is not SMS_ORC8R, sleeping.
Apr 27 00:31:17 localhost mobilityd[3500058]: INFO:root:Using GW info: {'default': {2: ('172.16.4.1', 'eth0')}, 2: [('172.16.4.1', 'eth0', True)]}
Apr 27 00:31:17 localhost mobilityd[3500058]: INFO:root:GW-v6 probe: timer started
Apr 27 00:31:17 localhost magmad[3499983]: INFO:root:[SyncRPC] Got heartBeat from cloud
Apr 27 00:31:18 localhost smsd[3500148]: INFO:root:mme non_eps_service_config is not SMS_ORC8R, sleeping.
Apr 27 00:31:19 localhost subscriberdb[3500051]: INFO:root:get digest stored in gateway:
Apr 27 00:31:19 localhost control_proxy[3500225]: 2022-04-27T00:31:19.262Z [127.0.0.1 -> subscriberdb-controller.magmasi.wavelabs.in,8443] "POST /magma.lte.SubscriberDBCloud/CheckInSync HTTP/2" 200 0bytes 0.252s
Apr 27 00:31:19 localhost subscriberdb[3500051]: ERROR:root:Internal Error in subscriberdb-Orc8r communication. If AGW and Orc8r are deployed at a commit hash, upgrade AGW and Orc8r to latest commit hash.
Apr 27 00:31:19 localhost control_proxy[3500225]: 2022-04-27T00:31:19.262Z [127.0.0.1 -> subscriberdb-controller.magmasi.wavelabs.in,8443] "POST /magma.lte.SubscriberDBCloud/Sync HTTP/2" 200 0bytes 0.249s
Apr 27 00:31:19 localhost subscriberdb[3500051]: ERROR:root:Internal Error in subscriberdb-Orc8r communication. If AGW and Orc8r are deployed at a commit hash, upgrade AGW and Orc8r to latest commit hash.
Apr 27 00:31:20 localhost sctpd[3500334]: I0427 00:31:20.184435 3500778 sctp_connection.cpp:195] Unhandled notification type 32777
Apr 27 00:31:20 localhost control_proxy[3500225]: 2022-04-27T00:31:19.262Z [127.0.0.1 -> subscriberdb-controller.magmasi.wavelabs.in,8443] "POST /magma.lte.SubscriberDBCloud/ListSubscribers HTTP/2" 200 44180bytes 0.564s
Apr 27 00:31:20 localhost subscriberdb[3500051]: INFO:root:Successfully fetched all subscriber pages from the cloud!
Apr 27 00:31:20 localhost subscriberdb[3500051]: INFO:root:update root digest stored in gateway:
Apr 27 00:31:22 localhost sctpd[3500334]: I0427 00:31:22.405643 3500778 sctp_connection.cpp:195] Unhandled notification type 32777
Apr 27 00:31:22 localhost sctpd[3500334]: I0427 00:31:22.521535 3500778 sctp_connection.cpp:195] Unhandled notification type 32777
Apr 27 00:31:22 localhost dhclient[601]: DHCPREQUEST for 172.16.5.121 on eth1 to 172.16.5.2 port 67 (xid=0x1ea11b90)
Apr 27 00:31:22 localhost sctpd[3500334]: I0427 00:31:22.644467 3500778 sctp_connection.cpp:195] Unhandled notification type 32777
Apr 27 00:31:22 localhost mme[3500735]: [DEBUG] Sending S6A-UPDATE_LOCATION_REQUEST with IMSI: 222700000000001
Apr 27 00:31:22 localhost mme[3500735]: [INFO] Received S6A-LOCATION-UPDATE_ANSWER for IMSI: 222700000000001; Status: ; StatusCode: 2001
Apr 27 00:31:22 localhost mme[3500735]: [INFO] sent itti S6A-LOCATION-UPDATE_ANSWER for IMSI: 222700000000001
Apr 27 00:31:22 localhost sctpd[3500334]: I0427 00:31:22.760335 3500778 sctp_connection.cpp:195] Unhandled notification type 32777
Apr 27 00:31:23 localhost smsd[3500148]: INFO:root:mme non_eps_service_config is not SMS_ORC8R, sleeping.
Apr 27 00:31:24 localhost control_proxy[3500225]: 2022-04-27T00:31:23.773Z [127.0.0.1 -> streamer-controller.magmasi.wavelabs.in,8443] "POST /magma.orc8r.Streamer/GetUpdates HTTP/2" 200 173bytes 0.278s
Apr 27 00:31:24 localhost policydb[3500134]: INFO:root:Processing 4 policy updates (resync=True)
Apr 27 00:31:24 localhost control_proxy[3500225]: 2022-04-27T00:31:24.055Z [127.0.0.1 -> streamer-controller.magmasi.wavelabs.in,8443] "POST /magma.orc8r.Streamer/GetUpdates HTTP/2" 200 7bytes 0.272s
Apr 27 00:31:24 localhost policydb[3500134]: INFO:root:Processing 0 basename -> policy updates
Apr 27 00:31:24 localhost control_proxy[3500225]: 2022-04-27T00:31:24.055Z [127.0.0.1 -> streamer-controller.magmasi.wavelabs.in,8443] "POST /magma.orc8r.Streamer/GetUpdates HTTP/2" 200 13536bytes 0.309s
Apr 27 00:31:24 localhost policydb[3500134]: INFO:root:Processing 223 SID -> apn -> policy updates
Apr 27 00:31:24 localhost control_proxy[3500225]: 2022-04-27T00:31:24.055Z [127.0.0.1 -> streamer-controller.magmasi.wavelabs.in,8443] "POST /magma.orc8r.Streamer/GetUpdates HTTP/2" 200 7bytes 0.265s
Apr 27 00:31:24 localhost policydb[3500134]: INFO:root:Processing 0 rating group updates
Apr 27 00:31:25 localhost sctpd[3500334]: I0427 00:31:25.165103 3500778 sctp_connection.cpp:195] Unhandled notification type 32777
Apr 27 00:31:27 localhost sctpd[3500334]: I0427 00:31:27.393694 3500778 sctp_connection.cpp:195] Unhandled notification type 32777
Apr 27 00:31:27 localhost sctpd[3500334]: I0427 00:31:27.506858 3500778 sctp_connection.cpp:195] Unhandled notification type 32777
Apr 27 00:31:27 localhost sctpd[3500334]: I0427 00:31:27.626108 3500778 sctp_connection.cpp:195] Unhandled notification type 32777
Apr 27 00:31:27 localhost mme[3500735]: [DEBUG] Sending S6A-UPDATE_LOCATION_REQUEST with IMSI: 222700000000001
Apr 27 00:31:27 localhost mme[3500735]: [INFO] Received S6A-LOCATION-UPDATE_ANSWER for IMSI: 222700000000001; Status: ; StatusCode: 2001
Apr 27 00:31:27 localhost mme[3500735]: [INFO] sent itti S6A-LOCATION-UPDATE_ANSWER for IMSI: 222700000000001
Apr 27 00:31:27 localhost sctpd[3500334]: I0427 00:31:27.739082 3500778 sctp_connection.cpp:195] Unhandled notification type 32777
Apr 27 00:31:28 localhost smsd[3500148]: INFO:root:mme non_eps_service_config is not SMS_ORC8R, sleeping.
Apr 27 00:31:30 localhost sctpd[3500334]: I0427 00:31:30.124390 3500778 sctp_connection.cpp:195] Unhandled notification type 32777
Apr 27 00:31:30 localhost sctpd[3500334]: I0427 00:31:30.385968 3500778 sctp_connection.cpp:195] Unhandled notification type 32777
Apr 27 00:31:30 localhost sctpd[3500334]: I0427 00:31:30.503960 3500778 sctp_connection.cpp:195] Unhandled notification type 32777
Apr 27 00:31:30 localhost sctpd[3500334]: I0427 00:31:30.620854 3500778 sctp_connection.cpp:195] Unhandled notification type 32777
Apr 27 00:31:30 localhost mme[3500735]: [DEBUG] Sending S6A-UPDATE_LOCATION_REQUEST with IMSI: 222700000000001
Apr 27 00:31:30 localhost mme[3500735]: [INFO] Received S6A-LOCATION-UPDATE_ANSWER for IMSI: 222700000000001; Status: ; StatusCode: 2001
Apr 27 00:31:30 localhost mme[3500735]: [INFO] sent itti S6A-LOCATION-UPDATE_ANSWER for IMSI: 222700000000001
Apr 27 00:31:30 localhost sctpd[3500334]: I0427 00:31:30.735101 3500778 sctp_connection.cpp:195] Unhandled notification type 32777
Apr 27 00:31:33 localhost sctpd[3500334]: I0427 00:31:33.124024 3500778 sctp_connection.cpp:195] Unhandled notification type 32777
Apr 27 00:31:33 localhost sctpd[3500334]: I0427 00:31:33.389604 3500778 sctp_connection.cpp:195] Unhandled notification type 32777
Apr 27 00:31:33 localhost sctpd[3500334]: I0427 00:31:33.501374 3500778 sctp_connection.cpp:195] Unhandled notification type 32777
Apr 27 00:31:33 localhost sctpd[3500334]: I0427 00:31:33.617048 3500778 sctp_connection.cpp:195] Unhandled notification type 32777
Apr 27 00:31:33 localhost mme[3500735]: [DEBUG] Sending S6A-UPDATE_LOCATION_REQUEST with IMSI: 222700000000001
Apr 27 00:31:33 localhost mme[3500735]: [INFO] Received S6A-LOCATION-UPDATE_ANSWER for IMSI: 222700000000001; Status: ; StatusCode: 2001
Apr 27 00:31:33 localhost mme[3500735]: [INFO] sent itti S6A-LOCATION-UPDATE_ANSWER for IMSI: 222700000000001
Apr 27 00:31:33 localhost sctpd[3500334]: I0427 00:31:33.730068 3500778 sctp_connection.cpp:195] Unhandled notification type 32777
Apr 27 00:31:33 localhost smsd[3500148]: INFO:root:mme non_eps_service_config is not SMS_ORC8R, sleeping.
Apr 27 00:31:33 localhost magmad[3499983]: INFO:root:Setting logging level to INFO
Apr 27 00:31:36 localhost sctpd[3500334]: I0427 00:31:36.123999 3500778 sctp_connection.cpp:195] Unhandled notification type 32777
Apr 27 00:31:36 localhost sctpd[3500334]: I0427 00:31:36.385495 3500778 sctp_connection.cpp:195] Unhandled notification type 32777
Apr 27 00:31:36 localhost sctpd[3500334]: I0427 00:31:36.497710 3500778 sctp_connection.cpp:195] Unhandled notification type 32777
Apr 27 00:31:36 localhost sctpd[3500334]: I0427 00:31:36.608932 3500778 sctp_connection.cpp:195] Unhandled notification type 32777
Apr 27 00:31:36 localhost mme[3500735]: [DEBUG] Sending S6A-UPDATE_LOCATION_REQUEST with IMSI: 222700000000001
Apr 27 00:31:36 localhost mme[3500735]: [INFO] Received S6A-LOCATION-UPDATE_ANSWER for IMSI: 222700000000001; Status: ; StatusCode: 2001
Apr 27 00:31:36 localhost mme[3500735]: [INFO] sent itti S6A-LOCATION-UPDATE_ANSWER for IMSI: 222700000000001
Apr 27 00:31:36 localhost sctpd[3500334]: I0427 00:31:36.720441 3500778 sctp_connection.cpp:195] Unhandled notification type 32777
Apr 27 00:31:37 localhost mobilityd[3500058]: INFO:root:Using GW info: {'default': {2: ('172.16.4.1', 'eth0')}, 2: [('172.16.4.1', 'eth0', True)]}
Apr 27 00:31:37 localhost mobilityd[3500058]: INFO:root:GW-v6 probe: timer started
Apr 27 00:31:38 localhost smsd[3500148]: INFO:root:mme non_eps_service_config is not SMS_ORC8R, sleeping.
Apr 27 00:31:39 localhost sctpd[3500334]: I0427 00:31:39.115892 3500778 sctp_connection.cpp:195] Unhandled notification type 32777
Apr 27 00:31:39 localhost sctpd[3500334]: I0427 00:31:39.377758 3500778 sctp_connection.cpp:195] Unhandled notification type 32777
Apr 27 00:31:39 localhost sctpd[3500334]: I0427 00:31:39.493980 3500778 sctp_connection.cpp:195] Unhandled notification type 32777
Apr 27 00:31:39 localhost sctpd[3500334]: I0427 00:31:39.606092 3500778 sctp_connection.cpp:195] Unhandled notification type 32777
Apr 27 00:31:39 localhost mme[3500735]: [DEBUG] Sending S6A-UPDATE_LOCATION_REQUEST with IMSI: 222700000000001
Apr 27 00:31:39 localhost mme[3500735]: [INFO] Received S6A-LOCATION-UPDATE_ANSWER for IMSI: 222700000000001; Status: ; StatusCode: 2001
Apr 27 00:31:39 localhost mme[3500735]: [INFO] sent itti S6A-LOCATION-UPDATE_ANSWER for IMSI: 222700000000001
Apr 27 00:31:39 localhost sctpd[3500334]: I0427 00:31:39.712112 3500778 sctp_connection.cpp:195] Unhandled notification type 32777
Apr 27 00:31:42 localhost sctpd[3500334]: I0427 00:31:42.104573 3500778 sctp_connection.cpp:195] Unhandled notification type 32777
Apr 27 00:31:42 localhost dhclient[601]: DHCPREQUEST for 172.16.5.121 on eth1 to 172.16.5.2 port 67 (xid=0x1ea11b90)
Apr 27 00:31:42 localhost sctpd[3500334]: I0427 00:31:42.365839 3500778 sctp_connection.cpp:195] Unhandled notification type 32777
Apr 27 00:31:42 localhost sctpd[3500334]: I0427 00:31:42.482084 3500778 sctp_connection.cpp:195] Unhandled notification type 32777
Apr 27 00:31:42 localhost sctpd[3500334]: I0427 00:31:42.594007 3500778 sctp_connection.cpp:195] Unhandled notification type 32777
Apr 27 00:31:42 localhost mme[3500735]: [DEBUG] Sending S6A-UPDATE_LOCATION_REQUEST with IMSI: 222700000000001
Apr 27 00:31:42 localhost mme[3500735]: [INFO] Received S6A-LOCATION-UPDATE_ANSWER for IMSI: 222700000000001; Status: ; StatusCode: 2001
Apr 27 00:31:42 localhost mme[3500735]: [INFO] sent itti S6A-LOCATION-UPDATE_ANSWER for IMSI: 222700000000001
Apr 27 00:31:42 localhost sctpd[3500334]: I0427 00:31:42.710224 3500778 sctp_connection.cpp:195] Unhandled notification type 32777
Apr 27 00:31:43 localhost smsd[3500148]: INFO:root:mme non_eps_service_config is not SMS_ORC8R, sleeping.
Apr 27 00:31:45 localhost sctpd[3500334]: I0427 00:31:45.093510 3500778 sctp_connection.cpp:195] Unhandled notification type 32777
Apr 27 00:31:45 localhost sctpd[3500334]: I0427 00:31:45.354286 3500778 sctp_connection.cpp:195] Unhandled notification type 32777
Apr 27 00:31:45 localhost sctpd[3500334]: I0427 00:31:45.471438 3500778 sctp_connection.cpp:195] Unhandled notification type 32777
Apr 27 00:31:45 localhost sctpd[3500334]: I0427 00:31:45.588924 3500778 sctp_connection.cpp:195] Unhandled notification type 32777
Apr 27 00:31:45 localhost mme[3500735]: [DEBUG] Sending S6A-UPDATE_LOCATION_REQUEST with IMSI: 222700000000001
Apr 27 00:31:45 localhost mme[3500735]: [INFO] Received S6A-LOCATION-UPDATE_ANSWER for IMSI: 222700000000001; Status: ; StatusCode: 2001
Apr 27 00:31:45 localhost mme[3500735]: [INFO] sent itti S6A-LOCATION-UPDATE_ANSWER for IMSI: 222700000000001
Apr 27 00:31:45 localhost sctpd[3500334]: I0427 00:31:45.702968 3500778 sctp_connection.cpp:195] Unhandled notification type 32777
Apr 27 00:31:48 localhost sctpd[3500334]: I0427 00:31:48.083897 3500778 sctp_connection.cpp:195] Unhandled notification type 32777
Apr 27 00:31:48 localhost sctpd[3500334]: I0427 00:31:48.349437 3500778 sctp_connection.cpp:195] Unhandled notification type 32777
Apr 27 00:31:48 localhost sctpd[3500334]: I0427 00:31:48.462061 3500778 sctp_connection.cpp:195] Unhandled notification type 32777
Apr 27 00:31:48 localhost sctpd[3500334]: I0427 00:31:48.576062 3500778 sctp_connection.cpp:195] Unhandled notification type 32777
Apr 27 00:31:48 localhost mme[3500735]: [DEBUG] Sending S6A-UPDATE_LOCATION_REQUEST with IMSI: 222700000000001
Apr 27 00:31:48 localhost mme[3500735]: [INFO] Received S6A-LOCATION-UPDATE_ANSWER for IMSI: 222700000000001; Status: ; StatusCode: 2001
Apr 27 00:31:48 localhost mme[3500735]: [INFO] sent itti S6A-LOCATION-UPDATE_ANSWER for IMSI: 222700000000001
Apr 27 00:31:48 localhost sctpd[3500334]: I0427 00:31:48.695976 3500778 sctp_connection.cpp:195] Unhandled notification type 32777
Apr 27 00:31:48 localhost smsd[3500148]: INFO:root:mme non_eps_service_config is not SMS_ORC8R, sleeping.
Apr 27 00:31:51 localhost sctpd[3500334]: I0427 00:31:51.076432 3500778 sctp_connection.cpp:195] Unhandled notification type 32777
Apr 27 00:31:51 localhost sctpd[3500334]: I0427 00:31:51.342295 3500778 sctp_connection.cpp:195] Unhandled notification type 32777
Apr 27 00:31:51 localhost sctpd[3500334]: I0427 00:31:51.454641 3500778 sctp_connection.cpp:195] Unhandled notification type 32777
Apr 27 00:31:51 localhost sctpd[3500334]: I0427 00:31:51.575238 3500778 sctp_connection.cpp:195] Unhandled notification type 32777
Apr 27 00:31:51 localhost mme[3500735]: [DEBUG] Sending S6A-UPDATE_LOCATION_REQUEST with IMSI: 222700000000001
Apr 27 00:31:51 localhost mme[3500735]: [INFO] Received S6A-LOCATION-UPDATE_ANSWER for IMSI: 222700000000001; Status: ; StatusCode: 2001
Apr 27 00:31:51 localhost mme[3500735]: [INFO] sent itti S6A-LOCATION-UPDATE_ANSWER for IMSI: 222700000000001
Apr 27 00:31:51 localhost sctpd[3500334]: I0427 00:31:51.679947 3500778 sctp_connection.cpp:195] Unhandled notification type 32777
Apr 27 00:31:52 localhost control_proxy[3500225]: 2022-04-27T00:31:52.473Z [127.0.0.1 -> state-controller.magmasi.wavelabs.in,8443] "POST /magma.orc8r.StateService/ReportStates HTTP/2" 200 5bytes 0.512s
Apr 27 00:31:52 localhost magmad[3499983]: INFO:root:Checkin Successful! Successfully sent states to the cloud!
Apr 27 00:31:53 localhost dhclient[601]: DHCPREQUEST for 172.16.5.121 on eth1 to 172.16.5.2 port 67 (xid=0x1ea11b90)
Apr 27 00:31:53 localhost smsd[3500148]: INFO:root:mme non_eps_service_config is not SMS_ORC8R, sleeping.
Apr 27 00:31:54 localhost sctpd[3500334]: I0427 00:31:54.056828 3500778 sctp_connection.cpp:195] Unhandled notification type 32777
Apr 27 00:31:57 localhost mobilityd[3500058]: INFO:root:Using GW info: {'default': {2: ('172.16.4.1', 'eth0')}, 2: [('172.16.4.1', 'eth0', True)]}
Apr 27 00:31:57 localhost mobilityd[3500058]: INFO:root:GW-v6 probe: timer started
Apr 27 00:31:58 localhost smsd[3500148]: INFO:root:mme non_eps_service_config is not SMS_ORC8R, sleeping.
Apr 27 00:32:02 localhost magmad[3499983]: ERROR:root:Metrics upload error for service subscriberdb (chunk 0)! [StatusCode.DEADLINE_EXCEEDED] Deadline Exceeded
Apr 27 00:32:02 localhost magmad[3499983]: ERROR:root:Metrics upload error for service mobilityd (chunk 0)! [StatusCode.DEADLINE_EXCEEDED] Deadline Exceeded
Apr 27 00:32:02 localhost magmad[3499983]: ERROR:root:Metrics upload error for service mme (chunk 0)! [StatusCode.DEADLINE_EXCEEDED] Deadline Exceeded
Apr 27 00:32:02 localhost magmad[3499983]: ERROR:root:Metrics upload error for service magmad (chunk 0)! [StatusCode.DEADLINE_EXCEEDED] Deadline Exceeded
Apr 27 00:32:02 localhost magmad[3499983]: ERROR:root:Metrics upload error for service enodebd (chunk 0)! [StatusCode.DEADLINE_EXCEEDED] Deadline Exceeded
Apr 27 00:32:02 localhost magmad[3499983]: ERROR:root:Metrics upload error for service pipelined (chunk 0)! [StatusCode.DEADLINE_EXCEEDED] Deadline Exceeded
Apr 27 00:32:02 localhost magmad[3499983]: ERROR:root:Metrics upload error for service state (chunk 0)! [StatusCode.DEADLINE_EXCEEDED] Deadline Exceeded
Apr 27 00:32:02 localhost magmad[3499983]: ERROR:root:Metrics upload error for service sessiond (chunk 0)! [StatusCode.DEADLINE_EXCEEDED] Deadline Exceeded
Apr 27 00:32:03 localhost smsd[3500148]: INFO:root:mme non_eps_service_config is not SMS_ORC8R, sleeping.
Apr 27 00:32:08 localhost smsd[3500148]: INFO:root:mme non_eps_service_config is not SMS_ORC8R, sleeping.
Apr 27 00:32:13 localhost sctpd[3500334]: I0427 00:32:13.695369 3500778 sctp_connection.cpp:195] Unhandled notification type 32776
Apr 27 00:32:13 localhost dhclient[601]: DHCPREQUEST for 172.16.5.121 on eth1 to 172.16.5.2 port 67 (xid=0x1ea11b90)
Apr 27 00:32:13 localhost smsd[3500148]: INFO:root:mme non_eps_service_config is not SMS_ORC8R, sleeping.
Apr 27 00:32:14 localhost sctpd[3500334]: I0427 00:32:14.757000 3500778 sctp_connection.cpp:195] Unhandled notification type 32777
Apr 27 00:32:15 localhost sctpd[3500334]: I0427 00:32:15.079651 3500778 sctp_connection.cpp:195] Unhandled notification type 32777
Apr 27 00:32:15 localhost control_proxy[3500225]: 2022-04-27T00:31:15.209Z [127.0.0.1 -> streamer-controller.magmasi.wavelabs.in,8443] "POST /magma.orc8r.Streamer/GetUpdates HTTP/2" 200 0bytes 60.503s
Apr 27 00:32:15 localhost magmad[3499983]: ERROR:root:Error! Streaming from the cloud failed! [StatusCode.ABORTED] error while streaming updates: rpc error: code = DeadlineExceeded desc = context deadline exceeded
Apr 27 00:32:17 localhost mobilityd[3500058]: INFO:root:Using GW info: {'default': {2: ('172.16.4.1', 'eth0')}, 2: [('172.16.4.1', 'eth0', True)]}
Apr 27 00:32:17 localhost mobilityd[3500058]: INFO:root:GW-v6 probe: timer started
Apr 27 00:32:17 localhost magmad[3499983]: INFO:root:[SyncRPC] Got heartBeat from cloud
Apr 27 00:32:19 localhost smsd[3500148]: INFO:root:mme non_eps_service_config is not SMS_ORC8R, sleeping.
Apr 27 00:32:24 localhost smsd[3500148]: INFO:root:mme non_eps_service_config is not SMS_ORC8R, sleeping.
Apr 27 00:32:25 localhost control_proxy[3500225]: 2022-04-27T00:32:24.962Z [127.0.0.1 -> streamer-controller.magmasi.wavelabs.in,8443] "POST /magma.orc8r.Streamer/GetUpdates HTTP/2" 200 173bytes 0.528s
Apr 27 00:32:25 localhost policydb[3500134]: INFO:root:Processing 4 policy updates (resync=True)
Apr 27 00:32:25 localhost control_proxy[3500225]: 2022-04-27T00:32:25.495Z [127.0.0.1 -> streamer-controller.magmasi.wavelabs.in,8443] "POST /magma.orc8r.Streamer/GetUpdates HTTP/2" 200 7bytes 0.273s
Apr 27 00:32:25 localhost policydb[3500134]: INFO:root:Processing 0 basename -> policy updates
Apr 27 00:32:26 localhost control_proxy[3500225]: 2022-04-27T00:32:25.495Z [127.0.0.1 -> streamer-controller.magmasi.wavelabs.in,8443] "POST /magma.orc8r.Streamer/GetUpdates HTTP/2" 200 13536bytes 0.298s
Apr 27 00:32:26 localhost policydb[3500134]: INFO:root:Processing 223 SID -> apn -> policy updates
Apr 27 00:32:26 localhost control_proxy[3500225]: 2022-04-27T00:32:26.077Z [127.0.0.1 -> streamer-controller.magmasi.wavelabs.in,8443] "POST /magma.orc8r.Streamer/GetUpdates HTTP/2" 200 7bytes 0.262s
Apr 27 00:32:26 localhost policydb[3500134]: INFO:root:Processing 0 rating group updates
Apr 27 00:32:28 localhost dhclient[601]: DHCPREQUEST for 172.16.5.121 on eth1 to 172.16.5.2 port 67 (xid=0x1ea11b90)
Apr 27 00:32:29 localhost smsd[3500148]: INFO:root:mme non_eps_service_config is not SMS_ORC8R, sleeping.
Apr 27 00:32:34 localhost smsd[3500148]: INFO:root:mme non_eps_service_config is not SMS_ORC8R, sleeping.
Apr 27 00:32:34 localhost sctpd[3500334]: I0427 00:32:34.473379 3500778 sctp_connection.cpp:195] Unhandled notification type 32776
Apr 27 00:32:35 localhost sctpd[3500334]: I0427 00:32:35.537569 3500778 sctp_connection.cpp:195] Unhandled notification type 32777
Apr 27 00:32:35 localhost subscriberdb[3500051]: WARNING:root:Subscriber not found: IMSI222700000003333
Apr 27 00:32:35 localhost sctpd[3500334]: I0427 00:32:35.867624 3500778 sctp_connection.cpp:195] Unhandled notification type 32777
Apr 27 00:32:37 localhost mobilityd[3500058]: INFO:root:Using GW info: {'default': {2: ('172.16.4.1', 'eth0')}, 2: [('172.16.4.1', 'eth0', True)]}
Apr 27 00:32:37 localhost mobilityd[3500058]: INFO:root:GW-v6 probe: timer started
Apr 27 00:32:39 localhost smsd[3500148]: INFO:root:mme non_eps_service_config is not SMS_ORC8R, sleeping.
Apr 27 00:32:43 localhost dhclient[601]: DHCPREQUEST for 172.16.5.121 on eth1 to 172.16.5.2 port 67 (xid=0x1ea11b90)
Apr 27 00:32:44 localhost smsd[3500148]: INFO:root:mme non_eps_service_config is not SMS_ORC8R, sleeping.
Apr 27 00:32:49 localhost smsd[3500148]: INFO:root:mme non_eps_service_config is not SMS_ORC8R, sleeping.
Apr 27 00:32:53 localhost magmad[3499983]: INFO:root:Setting logging level to INFO
Apr 27 00:32:54 localhost smsd[3500148]: INFO:root:mme non_eps_service_config is not SMS_ORC8R, sleeping.
Apr 27 00:32:55 localhost sctpd[3500334]: I0427 00:32:55.289027 3500778 sctp_connection.cpp:195] Unhandled notification type 32776
Apr 27 00:32:56 localhost sctpd[3500334]: I0427 00:32:56.357183 3500778 sctp_connection.cpp:195] Unhandled notification type 32777
Apr 27 00:32:57 localhost mobilityd[3500058]: INFO:root:Using GW info: {'default': {2: ('172.16.4.1', 'eth0')}, 2: [('172.16.4.1', 'eth0', True)]}
Apr 27 00:32:57 localhost mobilityd[3500058]: INFO:root:GW-v6 probe: timer started
Apr 27 00:32:59 localhost smsd[3500148]: INFO:root:mme non_eps_service_config is not SMS_ORC8R, sleeping.
Apr 27 00:32:59 localhost sctpd[3500334]: I0427 00:32:59.647900 3500778 sctp_connection.cpp:195] Unhandled notification type 32777
Apr 27 00:32:59 localhost sctpd[3500334]: I0427 00:32:59.855569 3500778 sctp_connection.cpp:195] Unhandled notification type 32777
Apr 27 00:33:03 localhost dhclient[601]: DHCPREQUEST for 172.16.5.121 on eth1 to 172.16.5.2 port 67 (xid=0x1ea11b90)
Apr 27 00:33:04 localhost smsd[3500148]: INFO:root:mme non_eps_service_config is not SMS_ORC8R, sleeping.
Apr 27 00:33:09 localhost smsd[3500148]: INFO:root:mme non_eps_service_config is not SMS_ORC8R, sleeping.
Apr 27 00:33:11 localhost magmad[3499983]: ERROR:root:Metrics upload error for service subscriberdb (chunk 0)! [StatusCode.DEADLINE_EXCEEDED] Deadline Exceeded
Apr 27 00:33:11 localhost magmad[3499983]: ERROR:root:Metrics upload error for service mobilityd (chunk 0)! [StatusCode.DEADLINE_EXCEEDED] Deadline Exceeded
Apr 27 00:33:11 localhost magmad[3499983]: ERROR:root:Metrics upload error for service mme (chunk 0)! [StatusCode.DEADLINE_EXCEEDED] Deadline Exceeded
Apr 27 00:33:11 localhost magmad[3499983]: ERROR:root:Metrics upload error for service magmad (chunk 0)! [StatusCode.DEADLINE_EXCEEDED] Deadline Exceeded
Apr 27 00:33:11 localhost magmad[3499983]: ERROR:root:Metrics upload error for service enodebd (chunk 0)! [StatusCode.DEADLINE_EXCEEDED] Deadline Exceeded
Apr 27 00:33:11 localhost magmad[3499983]: ERROR:root:Metrics upload error for service pipelined (chunk 0)! [StatusCode.DEADLINE_EXCEEDED] Deadline Exceeded
Apr 27 00:33:11 localhost magmad[3499983]: ERROR:root:Metrics upload error for service state (chunk 0)! [StatusCode.DEADLINE_EXCEEDED] Deadline Exceeded
Apr 27 00:33:11 localhost magmad[3499983]: ERROR:root:Metrics upload error for service sessiond (chunk 0)! [StatusCode.DEADLINE_EXCEEDED] Deadline Exceeded
Apr 27 00:33:12 localhost control_proxy[3500225]: 2022-04-27T00:33:12.040Z [127.0.0.1 -> state-controller.magmasi.wavelabs.in,8443] "POST /magma.orc8r.StateService/ReportStates HTTP/2" 200 5bytes 0.505s
Apr 27 00:33:12 localhost magmad[3499983]: INFO:root:Checkin Successful! Successfully sent states to the cloud!
Apr 27 00:33:14 localhost smsd[3500148]: INFO:root:mme non_eps_service_config is not SMS_ORC8R, sleeping.
Apr 27 00:33:14 localhost magmad[3499983]: INFO:root:Checking for upgrade...
Apr 27 00:33:14 localhost magmad[3499983]: WARNING:root:magmad package_version config missing or set to default 0.0.0-0, skipping upgrade
Apr 27 00:33:17 localhost mobilityd[3500058]: INFO:root:Using GW info: {'default': {2: ('172.16.4.1', 'eth0')}, 2: [('172.16.4.1', 'eth0', True)]}
Apr 27 00:33:17 localhost mobilityd[3500058]: INFO:root:GW-v6 probe: timer started
Apr 27 00:33:17 localhost magmad[3499983]: INFO:root:[SyncRPC] Got heartBeat from cloud
Apr 27 00:33:19 localhost smsd[3500148]: INFO:root:mme non_eps_service_config is not SMS_ORC8R, sleeping.
Apr 27 00:33:19 localhost sctpd[3500334]: I0427 00:33:19.930603 3500778 sctp_connection.cpp:195] Unhandled notification type 32776
Apr 27 00:33:20 localhost sctpd[3500334]: I0427 00:33:20.987111 3500778 sctp_connection.cpp:195] Unhandled notification type 32777
Apr 27 00:33:21 localhost sctpd[3500334]: I0427 00:33:21.319656 3500778 sctp_connection.cpp:195] Unhandled notification type 32777
Apr 27 00:33:23 localhost dhclient[601]: DHCPREQUEST for 172.16.5.121 on eth1 to 172.16.5.2 port 67 (xid=0x1ea11b90)
Apr 27 00:33:24 localhost smsd[3500148]: INFO:root:mme non_eps_service_config is not SMS_ORC8R, sleeping.
Apr 27 00:33:26 localhost control_proxy[3500225]: 2022-04-27T00:33:26.400Z [127.0.0.1 -> streamer-controller.magmasi.wavelabs.in,8443] "POST /magma.orc8r.Streamer/GetUpdates HTTP/2" 200 173bytes 0.535s
Apr 27 00:33:26 localhost policydb[3500134]: INFO:root:Processing 4 policy updates (resync=True)
Apr 27 00:33:27 localhost control_proxy[3500225]: 2022-04-27T00:33:26.400Z [127.0.0.1 -> streamer-controller.magmasi.wavelabs.in,8443] "POST /magma.orc8r.Streamer/GetUpdates HTTP/2" 200 7bytes 0.267s
Apr 27 00:33:27 localhost policydb[3500134]: INFO:root:Processing 0 basename -> policy updates
Apr 27 00:33:27 localhost sctpd[3500334]: I0427 00:33:27.319569 3500778 sctp_connection.cpp:195] Unhandled notification type 32777
Apr 27 00:33:27 localhost control_proxy[3500225]: 2022-04-27T00:33:27.208Z [127.0.0.1 -> streamer-controller.magmasi.wavelabs.in,8443] "POST /magma.orc8r.Streamer/GetUpdates HTTP/2" 200 13536bytes 0.303s
Apr 27 00:33:27 localhost policydb[3500134]: INFO:root:Processing 223 SID -> apn -> policy updates
Apr 27 00:33:27 localhost control_proxy[3500225]: 2022-04-27T00:33:27.208Z [127.0.0.1 -> streamer-controller.magmasi.wavelabs.in,8443] "POST /magma.orc8r.Streamer/GetUpdates HTTP/2" 200 7bytes 0.262s
Apr 27 00:33:27 localhost policydb[3500134]: INFO:root:Processing 0 rating group updates
Apr 27 00:33:29 localhost smsd[3500148]: INFO:root:mme non_eps_service_config is not SMS_ORC8R, sleeping.
Apr 27 00:33:33 localhost sctpd[3500334]: I0427 00:33:33.327692 3500778 sctp_connection.cpp:195] Unhandled notification type 32777
Apr 27 00:33:34 localhost smsd[3500148]: INFO:root:mme non_eps_service_config is not SMS_ORC8R, sleeping.
Apr 27 00:33:34 localhost dhclient[601]: DHCPREQUEST for 172.16.5.121 on eth1 to 172.16.5.2 port 67 (xid=0x1ea11b90)
Apr 27 00:33:37 localhost mobilityd[3500058]: INFO:root:Using GW info: {'default': {2: ('172.16.4.1', 'eth0')}, 2: [('172.16.4.1', 'eth0', True)]}
Apr 27 00:33:37 localhost mobilityd[3500058]: INFO:root:GW-v6 probe: timer started
Apr 27 00:33:39 localhost sctpd[3500334]: I0427 00:33:39.335731 3500778 sctp_connection.cpp:195] Unhandled notification type 32777
Apr 27 00:33:39 localhost smsd[3500148]: INFO:root:mme non_eps_service_config is not SMS_ORC8R, sleeping.
Apr 27 00:33:44 localhost smsd[3500148]: INFO:root:mme non_eps_service_config is not SMS_ORC8R, sleeping.
Apr 27 00:33:45 localhost sctpd[3500334]: I0427 00:33:45.339680 3500778 sctp_connection.cpp:195] Unhandled notification type 32777
Apr 27 00:33:46 localhost dhclient[601]: DHCPREQUEST for 172.16.5.121 on eth1 to 172.16.5.2 port 67 (xid=0x1ea11b90)
Apr 27 00:33:49 localhost smsd[3500148]: INFO:root:mme non_eps_service_config is not SMS_ORC8R, sleeping.
Apr 27 00:33:51 localhost sctpd[3500334]: I0427 00:33:51.305455 3500778 sctp_connection.cpp:195] Unhandled notification type 32777
Apr 27 00:33:54 localhost smsd[3500148]: INFO:root:mme non_eps_service_config is not SMS_ORC8R, sleeping.
Apr 27 00:33:57 localhost mobilityd[3500058]: INFO:root:Using GW info: {'default': {2: ('172.16.4.1', 'eth0')}, 2: [('172.16.4.1', 'eth0', True)]}
Apr 27 00:33:57 localhost mobilityd[3500058]: INFO:root:GW-v6 probe: timer started
Apr 27 00:33:59 localhost smsd[3500148]: INFO:root:mme non_eps_service_config is not SMS_ORC8R, sleeping.
Apr 27 00:33:59 localhost dhclient[601]: DHCPREQUEST for 172.16.5.121 on eth1 to 172.16.5.2 port 67 (xid=0x1ea11b90)
Apr 27 00:34:02 localhost magmad[3499983]: ERROR:root:Metrics upload error for service subscriberdb (chunk 0)! [StatusCode.DEADLINE_EXCEEDED] Deadline Exceeded
Apr 27 00:34:02 localhost magmad[3499983]: ERROR:root:Metrics upload error for service mobilityd (chunk 0)! [StatusCode.DEADLINE_EXCEEDED] Deadline Exceeded
Apr 27 00:34:02 localhost magmad[3499983]: ERROR:root:Metrics upload error for service mme (chunk 0)! [StatusCode.DEADLINE_EXCEEDED] Deadline Exceeded
Apr 27 00:34:02 localhost magmad[3499983]: ERROR:root:Metrics upload error for service magmad (chunk 0)! [StatusCode.DEADLINE_EXCEEDED] Deadline Exceeded
Apr 27 00:34:02 localhost magmad[3499983]: ERROR:root:Metrics upload error for service enodebd (chunk 0)! [StatusCode.DEADLINE_EXCEEDED] Deadline Exceeded
Apr 27 00:34:02 localhost magmad[3499983]: ERROR:root:Metrics upload error for service pipelined (chunk 0)! [StatusCode.DEADLINE_EXCEEDED] Deadline Exceeded
Apr 27 00:34:02 localhost magmad[3499983]: ERROR:root:Metrics upload error for service state (chunk 0)! [StatusCode.DEADLINE_EXCEEDED] Deadline Exceeded
Apr 27 00:34:02 localhost magmad[3499983]: ERROR:root:Metrics upload error for service sessiond (chunk 0)! [StatusCode.DEADLINE_EXCEEDED] Deadline Exceeded
Apr 27 00:34:04 localhost smsd[3500148]: INFO:root:mme non_eps_service_config is not SMS_ORC8R, sleeping.
Apr 27 00:34:09 localhost smsd[3500148]: INFO:root:mme non_eps_service_config is not SMS_ORC8R, sleeping.
Apr 27 00:34:10 localhost sctpd[3500334]: I0427 00:34:10.862124 3500778 sctp_connection.cpp:195] Unhandled notification type 32776
Apr 27 00:34:11 localhost sctpd[3500334]: I0427 00:34:11.921849 3500778 sctp_connection.cpp:195] Unhandled notification type 32777
Apr 27 00:34:12 localhost sctpd[3500334]: I0427 00:34:12.150307 3500778 sctp_connection.cpp:195] Unhandled notification type 32777
Apr 27 00:34:12 localhost sctpd[3500334]: I0427 00:34:12.264192 3500778 sctp_connection.cpp:195] Unhandled notification type 32777
Apr 27 00:34:12 localhost mme[3500735]: [DEBUG] Sending S6A-UPDATE_LOCATION_REQUEST with IMSI: 222700000000001
Apr 27 00:34:12 localhost mme[3500735]: [INFO] Received S6A-LOCATION-UPDATE_ANSWER for IMSI: 222700000000001; Status: ; StatusCode: 2001
Apr 27 00:34:12 localhost mme[3500735]: [INFO] sent itti S6A-LOCATION-UPDATE_ANSWER for IMSI: 222700000000001
Apr 27 00:34:12 localhost sctpd[3500334]: I0427 00:34:12.372303 3500778 sctp_connection.cpp:195] Unhandled notification type 32777
Apr 27 00:34:13 localhost magmad[3499983]: INFO:root:Setting logging level to INFO
Apr 27 00:34:13 localhost sctpd[3500334]: I0427 00:34:13.783425 3500778 sctp_connection.cpp:195] Unhandled notification type 32777
Apr 27 00:34:14 localhost smsd[3500148]: INFO:root:mme non_eps_service_config is not SMS_ORC8R, sleeping.
Apr 27 00:34:16 localhost sctpd[3500334]: I0427 00:34:16.011315 3500778 sctp_connection.cpp:195] Unhandled notification type 32777
Apr 27 00:34:16 localhost control_proxy[3500225]: 2022-04-27T00:33:15.770Z [127.0.0.1 -> streamer-controller.magmasi.wavelabs.in,8443] "POST /magma.orc8r.Streamer/GetUpdates HTTP/2" 200 0bytes 60.259s
Apr 27 00:34:16 localhost magmad[3499983]: ERROR:root:Error! Streaming from the cloud failed! [StatusCode.ABORTED] error while streaming updates: rpc error: code = DeadlineExceeded desc = context deadline exceeded
Apr 27 00:34:16 localhost sctpd[3500334]: I0427 00:34:16.134953 3500778 sctp_connection.cpp:195] Unhandled notification type 32777
Apr 27 00:34:16 localhost sctpd[3500334]: I0427 00:34:16.256717 3500778 sctp_connection.cpp:195] Unhandled notification type 32777
Apr 27 00:34:16 localhost mme[3500735]: [DEBUG] Sending S6A-UPDATE_LOCATION_REQUEST with IMSI: 222700000000001
Apr 27 00:34:16 localhost mme[3500735]: [INFO] Received S6A-LOCATION-UPDATE_ANSWER for IMSI: 222700000000001; Status: ; StatusCode: 2001
Apr 27 00:34:16 localhost mme[3500735]: [INFO] sent itti S6A-LOCATION-UPDATE_ANSWER for IMSI: 222700000000001
Apr 27 00:34:16 localhost sctpd[3500334]: I0427 00:34:16.377439 3500778 sctp_connection.cpp:195] Unhandled notification type 32777
Apr 27 00:34:17 localhost mobilityd[3500058]: INFO:root:Using GW info: {'default': {2: ('172.16.4.1', 'eth0')}, 2: [('172.16.4.1', 'eth0', True)]}
Apr 27 00:34:17 localhost mobilityd[3500058]: INFO:root:GW-v6 probe: timer started
Apr 27 00:34:17 localhost magmad[3499983]: INFO:root:[SyncRPC] Got heartBeat from cloud
Apr 27 00:34:17 localhost sctpd[3500334]: I0427 00:34:17.789171 3500778 sctp_connection.cpp:195] Unhandled notification type 32777
Apr 27 00:34:19 localhost smsd[3500148]: INFO:root:mme non_eps_service_config is not SMS_ORC8R, sleeping.
Apr 27 00:34:20 localhost dhclient[601]: DHCPREQUEST for 172.16.5.121 on eth1 to 172.16.5.2 port 67 (xid=0x1ea11b90)
Apr 27 00:34:24 localhost smsd[3500148]: INFO:root:mme non_eps_service_config is not SMS_ORC8R, sleeping.
Apr 27 00:34:28 localhost control_proxy[3500225]: 2022-04-27T00:34:27.844Z [127.0.0.1 -> streamer-controller.magmasi.wavelabs.in,8443] "POST /magma.orc8r.Streamer/GetUpdates HTTP/2" 200 173bytes 0.525s
Apr 27 00:34:28 localhost policydb[3500134]: INFO:root:Processing 4 policy updates (resync=True)
Apr 27 00:34:28 localhost control_proxy[3500225]: 2022-04-27T00:34:28.374Z [127.0.0.1 -> streamer-controller.magmasi.wavelabs.in,8443] "POST /magma.orc8r.Streamer/GetUpdates HTTP/2" 200 7bytes 0.270s
Apr 27 00:34:28 localhost policydb[3500134]: INFO:root:Processing 0 basename -> policy updates
Apr 27 00:34:28 localhost control_proxy[3500225]: 2022-04-27T00:34:28.374Z [127.0.0.1 -> streamer-controller.magmasi.wavelabs.in,8443] "POST /magma.orc8r.Streamer/GetUpdates HTTP/2" 200 13536bytes 0.292s
