Apr 27 00:48:58 localhost mobilityd[3500058]:   max_bandwidth_ul: 100000000
Apr 27 00:48:58 localhost mobilityd[3500058]:   max_bandwidth_dl: 100000000
Apr 27 00:48:58 localhost mobilityd[3500058]: }
Apr 27 00:48:58 localhost mobilityd[3500058]: DEBUG:root:invalid internet gw ip: None
Apr 27 00:48:58 localhost mobilityd[3500058]: DEBUG:root:could not parse GW IP: None
Apr 27 00:48:58 localhost mobilityd[3500058]: DEBUG:root:Find APN config for: IMSI222700000000001.default,ipv4
Apr 27 00:48:58 localhost mobilityd[3500058]: DEBUG:root:APN config: service_selection: "default"
Apr 27 00:48:58 localhost mobilityd[3500058]: qos_profile {
Apr 27 00:48:58 localhost mobilityd[3500058]:   class_id: 9
Apr 27 00:48:58 localhost mobilityd[3500058]:   priority_level: 15
Apr 27 00:48:58 localhost mobilityd[3500058]: }
Apr 27 00:48:58 localhost mobilityd[3500058]: ambr {
Apr 27 00:48:58 localhost mobilityd[3500058]:   max_bandwidth_ul: 100000000
Apr 27 00:48:58 localhost mobilityd[3500058]:   max_bandwidth_dl: 100000000
Apr 27 00:48:58 localhost mobilityd[3500058]: }
Apr 27 00:48:58 localhost mobilityd[3500058]: DEBUG:root:ip: Got APN: service_selection: "default"
Apr 27 00:48:58 localhost mobilityd[3500058]: qos_profile {
Apr 27 00:48:58 localhost mobilityd[3500058]:   class_id: 9
Apr 27 00:48:58 localhost mobilityd[3500058]:   priority_level: 15
Apr 27 00:48:58 localhost mobilityd[3500058]: }
Apr 27 00:48:58 localhost mobilityd[3500058]: ambr {
Apr 27 00:48:58 localhost mobilityd[3500058]:   max_bandwidth_ul: 100000000
Apr 27 00:48:58 localhost mobilityd[3500058]:   max_bandwidth_dl: 100000000
Apr 27 00:48:58 localhost mobilityd[3500058]: }
Apr 27 00:48:58 localhost mobilityd[3500058]: DEBUG:root:Allocating New IP: <mobilityd.IPDesc {ip: 192.168.128.218, ip_block: 192.168.128.0/24, state: IPState.ALLOCATED, sid: IMSI222700000000001.default,ipv4, type: IPType.IP_POOL }}>
Apr 27 00:48:58 localhost mobilityd[3500058]: INFO:root:Allocated IP 192.168.128.218 for sid IMSI222700000000001 for apn default
Apr 27 00:48:58 localhost mobilityd[3500058]: INFO:root:GRPC message:
Apr 27 00:48:58 localhost mobilityd[3500058]:   magma.lte.AllocateIPAddressResponse {
Apr 27 00:48:58 localhost mobilityd[3500058]:     "ipList": [
Apr 27 00:48:58 localhost mobilityd[3500058]:       {
Apr 27 00:48:58 localhost mobilityd[3500058]:         "address": "wKiA2g=="
Apr 27 00:48:58 localhost mobilityd[3500058]:       }
Apr 27 00:48:58 localhost mobilityd[3500058]:     ],
Apr 27 00:48:58 localhost mobilityd[3500058]:     "vlan": "0"
Apr 27 00:48:58 localhost mobilityd[3500058]:   }
Apr 27 00:48:58 localhost policydb[3500134]: INFO:root:Creating a session for subscriber ID: IMSI222700000000001
Apr 27 00:48:58 localhost sessiond[3500065]: I0427 00:48:58.946411 3500065 SetMessageManagerHandler.cpp:344] Processing a CreateSessionResponse for IMSI222700000000001-493245
Apr 27 00:48:58 localhost sessiond[3500065]: I0427 00:48:58.946736 3500065 SessionState.cpp:2775] RuleID allowlist_sid-IMSI222700000000001-default doesn't have a version registered for IMSI222700000000001-493245, this is unexpected
Apr 27 00:48:58 localhost mme[3500735]: PDUSessionResourceSetupRequestTransfer ::= {
Apr 27 00:48:58 localhost mme[3500735]:     protocolIEs: ProtocolIE-Container ::= {
Apr 27 00:48:58 localhost mme[3500735]:         PDUSessionResourceSetupRequestTransferIEs ::= {
Apr 27 00:48:58 localhost mme[3500735]:             id: 130
Apr 27 00:48:58 localhost mme[3500735]:             criticality: 0 (reject)
Apr 27 00:48:58 localhost mme[3500735]:             value: PDUSessionAggregateMaximumBitRate ::= {
Apr 27 00:48:58 localhost mme[3500735]:                 pDUSessionAggregateMaximumBitRateDL: 100000000
Apr 27 00:48:58 localhost mme[3500735]:                 pDUSessionAggregateMaximumBitRateUL: 100000000
Apr 27 00:48:58 localhost mme[3500735]:             }
Apr 27 00:48:58 localhost mme[3500735]:         }
Apr 27 00:48:58 localhost mme[3500735]:         PDUSessionResourceSetupRequestTransferIEs ::= {
Apr 27 00:48:58 localhost mme[3500735]:             id: 139
Apr 27 00:48:58 localhost mme[3500735]:             criticality: 0 (reject)
Apr 27 00:48:58 localhost mme[3500735]:             value: GTPTunnel ::= {
Apr 27 00:48:58 localhost mme[3500735]:                 transportLayerAddress: AC 10 05 79
Apr 27 00:48:58 localhost mme[3500735]:                 gTP-TEID: 80 00 00 08
Apr 27 00:48:58 localhost mme[3500735]:             }
Apr 27 00:48:58 localhost mme[3500735]:         }
Apr 27 00:48:58 localhost mme[3500735]:         PDUSessionResourceSetupRequestTransferIEs ::= {
Apr 27 00:48:58 localhost mme[3500735]:             id: 134
Apr 27 00:48:58 localhost mme[3500735]:             criticality: 0 (reject)
Apr 27 00:48:58 localhost mme[3500735]:             value: 0 (ipv4)
Apr 27 00:48:58 localhost mme[3500735]:         }
Apr 27 00:48:58 localhost mme[3500735]:         PDUSessionResourceSetupRequestTransferIEs ::= {
Apr 27 00:48:58 localhost mme[3500735]:             id: 136
Apr 27 00:48:58 localhost mme[3500735]:             criticality: 0 (reject)
Apr 27 00:48:58 localhost mme[3500735]:             value: QosFlowSetupRequestList ::= {
Apr 27 00:48:58 localhost mme[3500735]:                 QosFlowSetupRequestItem ::= {
Apr 27 00:48:58 localhost mme[3500735]:                     qosFlowIdentifier: 9
Apr 27 00:48:58 localhost mme[3500735]:                     qosFlowLevelQosParameters: QosFlowLevelQosParameters ::= {
Apr 27 00:48:58 localhost mme[3500735]:                         qosCharacteristics: NonDynamic5QIDescriptor ::= {
Apr 27 00:48:58 localhost mme[3500735]:                             fiveQI: 9
Apr 27 00:48:58 localhost mme[3500735]:                         }
Apr 27 00:48:58 localhost mme[3500735]:                         allocationAndRetentionPriority: AllocationAndRetentionPriority ::= {
Apr 27 00:48:58 localhost mme[3500735]:                             priorityLevelARP: 15
Apr 27 00:48:58 localhost mme[3500735]:                             pre-emptionCapability: 0 (shall-not-trigger-pre-emption)
Apr 27 00:48:58 localhost mme[3500735]:                             pre-emptionVulnerability: 0 (not-pre-emptable)
Apr 27 00:48:58 localhost mme[3500735]:                         }
Apr 27 00:48:58 localhost mme[3500735]:                     }
Apr 27 00:48:58 localhost mme[3500735]:                 }
Apr 27 00:48:58 localhost mme[3500735]:             }
Apr 27 00:48:58 localhost mme[3500735]:         }
Apr 27 00:48:58 localhost mme[3500735]:     }
Apr 27 00:48:58 localhost mme[3500735]: }
Apr 27 00:48:59 localhost sctpd[3500334]: I0427 00:48:59.011412 3500778 sctp_connection.cpp:195] Unhandled notification type 32777
Apr 27 00:48:59 localhost sessiond[3500065]: I0427 00:48:59.014983 3500065 SessionStateEnforcer.cpp:873]  AMF teid: 40000000 ip address 10.10.10.11 of imsi: IMSI222700000000001 fteid: 2147483656 pdu id: 1 UE ip address 192.168.128.218
Apr 27 00:48:59 localhost eventd[3500141]: DEBUG:root:Logging event: stream_name: "sessiond"
Apr 27 00:48:59 localhost eventd[3500141]: event_type: "session_created"
Apr 27 00:48:59 localhost eventd[3500141]: tag: "IMSI222700000000001"
Apr 27 00:48:59 localhost eventd[3500141]: value: "{\"mac_addr\":\"\",\"user_location\":\"\",\"spgw_ip\":\"\",\"imei\":\"\",\"pdp_start_time\":1,\"session_id\":\"IMSI222700000000001-493245\",\"apn\":\"default\",\"msisdn\":\"\",\"charging_characteristics\":\"\",\"ipv6_addr\":\"\",\"ip_addr\":\"192.168.128.218\",\"imsi\":\"IMSI222700000000001\"}"
Apr 27 00:48:59 localhost eventd[3500141]: ERROR:root:Connection to FluentBit failed: [Errno 111] Connection refused
Apr 27 00:48:59 localhost eventd[3500141]: INFO:root:FluentBit (td-agent-bit) may not be enabled or configured correctly
Apr 27 00:48:59 localhost sessiond[3500065]: I0427 00:48:59.025527 3500094 SessionEvents.cpp:132] Could not log session_created event {"mac_addr":"","user_location":"","spgw_ip":"","imei":"","pdp_start_time":1,"session_id":"IMSI222700000000001-493245","apn":"default","msisdn":"","charging_characteristics":"","ipv6_addr":"","ip_addr":"192.168.128.218","imsi":"IMSI222700000000001"}, Error Message: Could not connect to FluentBit locally, Details: [Errno 111] Connection refused
Apr 27 00:48:59 localhost smsd[3500148]: INFO:root:mme non_eps_service_config is not SMS_ORC8R, sleeping.
Apr 27 00:49:01 localhost mme[3500735]: InitiatingMessage ::= {
Apr 27 00:49:01 localhost mme[3500735]:     procedureCode: 28
Apr 27 00:49:01 localhost mme[3500735]:     criticality: 1 (ignore)
Apr 27 00:49:01 localhost mme[3500735]:     value: PDUSessionResourceReleaseCommand ::= {
Apr 27 00:49:01 localhost mme[3500735]:         protocolIEs: ProtocolIE-Container ::= {
Apr 27 00:49:01 localhost mme[3500735]:             PDUSessionResourceReleaseCommandIEs ::= {
Apr 27 00:49:01 localhost mme[3500735]:                 id: 10
Apr 27 00:49:01 localhost mme[3500735]:                 criticality: 0 (reject)
Apr 27 00:49:01 localhost mme[3500735]:                 value: 55
Apr 27 00:49:01 localhost mme[3500735]:             }
Apr 27 00:49:01 localhost mme[3500735]:             PDUSessionResourceReleaseCommandIEs ::= {
Apr 27 00:49:01 localhost mme[3500735]:                 id: 85
Apr 27 00:49:01 localhost mme[3500735]:                 criticality: 0 (reject)
Apr 27 00:49:01 localhost mme[3500735]:                 value: 4294967295
Apr 27 00:49:01 localhost mme[3500735]:             }
Apr 27 00:49:01 localhost mme[3500735]:             PDUSessionResourceReleaseCommandIEs ::= {
Apr 27 00:49:01 localhost mme[3500735]:                 id: 38
Apr 27 00:49:01 localhost mme[3500735]:                 criticality: 0 (reject)
Apr 27 00:49:01 localhost mme[3500735]:                 value:
Apr 27 00:49:01 localhost mme[3500735]:                     7E 01 C8 0F 00 EF 03 7E 00 68 01 00 05 2E 01 01
Apr 27 00:49:01 localhost mme[3500735]:                     D3 24 12 01
Apr 27 00:49:01 localhost mme[3500735]:             }
Apr 27 00:49:01 localhost mme[3500735]:             PDUSessionResourceReleaseCommandIEs ::= {
Apr 27 00:49:01 localhost mme[3500735]:                 id: 79
Apr 27 00:49:01 localhost mme[3500735]:                 criticality: 0 (reject)
Apr 27 00:49:01 localhost mme[3500735]:                 value: PDUSessionResourceToReleaseListRelCmd ::= {
Apr 27 00:49:01 localhost mme[3500735]:                 }
Apr 27 00:49:01 localhost mme[3500735]:             }
Apr 27 00:49:01 localhost mme[3500735]:         }
Apr 27 00:49:01 localhost mme[3500735]:     }
Apr 27 00:49:01 localhost mme[3500735]: }
Apr 27 00:49:01 localhost sctpd[3500334]: I0427 00:49:01.327052 3500778 sctp_connection.cpp:195] Unhandled notification type 32777
Apr 27 00:49:02 localhost sessiond[3500065]: I0427 00:49:02.492583 3500065 SetMessageManagerHandler.cpp:144] Release request for session from IMSI: IMSI222700000000001 pdu_id 1
Apr 27 00:49:02 localhost mobilityd[3500058]: DEBUG:root:Received ReleaseIPAddress
Apr 27 00:49:02 localhost mobilityd[3500058]: INFO:root:GRPC message:
Apr 27 00:49:02 localhost mobilityd[3500058]:   magma.lte.ReleaseIPRequest {
Apr 27 00:49:02 localhost mobilityd[3500058]:     "sid": {
Apr 27 00:49:02 localhost mobilityd[3500058]:       "id": "222700000000001"
Apr 27 00:49:02 localhost mobilityd[3500058]:     },
Apr 27 00:49:02 localhost mobilityd[3500058]:     "ip": {
Apr 27 00:49:02 localhost mobilityd[3500058]:       "address": "wKiA2g=="
Apr 27 00:49:02 localhost mobilityd[3500058]:     },
Apr 27 00:49:02 localhost mobilityd[3500058]:     "apn": "default"
Apr 27 00:49:02 localhost mobilityd[3500058]:   }
Apr 27 00:49:02 localhost mobilityd[3500058]: INFO:root:Released IP 192.168.128.218 for sid IMSI222700000000001
Apr 27 00:49:02 localhost eventd[3500141]: DEBUG:root:Logging event: stream_name: "sessiond"
Apr 27 00:49:02 localhost eventd[3500141]: event_type: "session_terminated"
Apr 27 00:49:02 localhost eventd[3500141]: tag: "IMSI222700000000001"
Apr 27 00:49:02 localhost eventd[3500141]: value: "{\"mac_addr\":\"\",\"user_location\":\"\",\"spgw_ip\":\"\",\"imei\":\"\",\"record_sequence_number\":1,\"pdp_end_time\":0,\"charging_rx\":0,\"duration\":-1,\"ip_addr\":\"192.168.128.218\",\"monitoring_tx\":0,\"ipv6_addr\":\"\",\"msisdn\":\"\",\"apn\":\"default\",\"session_id\":\"IMSI222700000000001-493245\",\"list_of_service_data\":[],\"charging_characteristics\":\"\",\"total_tx\":0,\"cause_for_rec_closing\":0,\"imsi\":\"IMSI222700000000001\",\"total_rx\":0,\"monitoring_rx\":0,\"charging_tx\":0,\"pdp_start_time\":1}"
Apr 27 00:49:02 localhost policydb[3500134]: INFO:root:Terminating session: IMSI222700000000001-493245
Apr 27 00:49:02 localhost eventd[3500141]: ERROR:root:Connection to FluentBit failed: [Errno 111] Connection refused
Apr 27 00:49:02 localhost eventd[3500141]: INFO:root:FluentBit (td-agent-bit) may not be enabled or configured correctly
Apr 27 00:49:02 localhost sessiond[3500065]: I0427 00:49:02.516304 3500094 SessionEvents.cpp:292] Could not log session_terminated event {"mac_addr":"","user_location":"","spgw_ip":"","imei":"","record_sequence_number":1,"pdp_end_time":0,"charging_rx":0,"duration":-1,"ip_addr":"192.168.128.218","monitoring_tx":0,"ipv6_addr":"","msisdn":"","apn":"default","session_id":"IMSI222700000000001-493245","list_of_service_data":[],"charging_characteristics":"","total_tx":0,"cause_for_rec_closing":0,"imsi":"IMSI222700000000001","total_rx":0,"monitoring_rx":0,"charging_tx":0,"pdp_start_time":1}, Error Message: Could not connect to FluentBit locally, Details: [Errno 111] Connection refused
Apr 27 00:49:02 localhost sctpd[3500334]: I0427 00:49:02.899571 3500778 sctp_connection.cpp:195] Unhandled notification type 32777
Apr 27 00:49:04 localhost smsd[3500148]: INFO:root:mme non_eps_service_config is not SMS_ORC8R, sleeping.
Apr 27 00:49:07 localhost magmad[3499983]: ERROR:root:Metrics upload error for service subscriberdb (chunk 0)! [StatusCode.DEADLINE_EXCEEDED] Deadline Exceeded
Apr 27 00:49:07 localhost magmad[3499983]: ERROR:root:Metrics upload error for service mobilityd (chunk 0)! [StatusCode.DEADLINE_EXCEEDED] Deadline Exceeded
Apr 27 00:49:07 localhost magmad[3499983]: ERROR:root:Metrics upload error for service mme (chunk 0)! [StatusCode.DEADLINE_EXCEEDED] Deadline Exceeded
Apr 27 00:49:07 localhost magmad[3499983]: ERROR:root:Metrics upload error for service magmad (chunk 0)! [StatusCode.DEADLINE_EXCEEDED] Deadline Exceeded
Apr 27 00:49:07 localhost magmad[3499983]: ERROR:root:Metrics upload error for service enodebd (chunk 0)! [StatusCode.DEADLINE_EXCEEDED] Deadline Exceeded
Apr 27 00:49:07 localhost magmad[3499983]: ERROR:root:Metrics upload error for service pipelined (chunk 0)! [StatusCode.DEADLINE_EXCEEDED] Deadline Exceeded
Apr 27 00:49:07 localhost magmad[3499983]: ERROR:root:Metrics upload error for service state (chunk 0)! [StatusCode.DEADLINE_EXCEEDED] Deadline Exceeded
Apr 27 00:49:07 localhost magmad[3499983]: ERROR:root:Metrics upload error for service sessiond (chunk 0)! [StatusCode.DEADLINE_EXCEEDED] Deadline Exceeded
Apr 27 00:49:07 localhost magmad[3499983]: INFO:root:Checking for upgrade...
Apr 27 00:49:07 localhost magmad[3499983]: WARNING:root:magmad package_version config missing or set to default 0.0.0-0, skipping upgrade
Apr 27 00:49:07 localhost sessiond[3500065]: I0427 00:49:07.495321 3500065 SessionStateEnforcer.cpp:381] Nothing to remove as no respective entry found for session id IMSI222700000000001-493245 of IMSI IMSI222700000000001
Apr 27 00:49:07 localhost control_proxy[3500225]: 2022-04-27T00:49:07.185Z [127.0.0.1 -> state-controller.magmasi.wavelabs.in,8443] "POST /magma.orc8r.StateService/ReportStates HTTP/2" 200 5bytes 0.513s
Apr 27 00:49:07 localhost magmad[3499983]: INFO:root:Checkin Successful! Successfully sent states to the cloud!
Apr 27 00:49:09 localhost smsd[3500148]: INFO:root:mme non_eps_service_config is not SMS_ORC8R, sleeping.
Apr 27 00:49:12 localhost dhclient[601]: DHCPREQUEST for 172.16.5.121 on eth1 to 172.16.5.2 port 67 (xid=0x1ea11b90)
Apr 27 00:49:14 localhost smsd[3500148]: INFO:root:mme non_eps_service_config is not SMS_ORC8R, sleeping.
Apr 27 00:49:17 localhost mobilityd[3500058]: INFO:root:Using GW info: {'default': {2: ('172.16.4.1', 'eth0')}, 2: [('172.16.4.1', 'eth0', True)]}
Apr 27 00:49:17 localhost mobilityd[3500058]: INFO:root:GW-v6 probe: timer started
Apr 27 00:49:17 localhost mobilityd[3500058]: DEBUG:root:Release Reaped IP: <mobilityd.IPDesc {ip: 192.168.128.218, ip_block: 192.168.128.0/24, state: IPState.FREE, sid: IMSI222700000000001.default,ipv4, type: IPType.IP_POOL }}>
Apr 27 00:49:17 localhost magmad[3499983]: INFO:root:[SyncRPC] Got heartBeat from cloud
Apr 27 00:49:19 localhost smsd[3500148]: INFO:root:mme non_eps_service_config is not SMS_ORC8R, sleeping.
Apr 27 00:49:25 localhost smsd[3500148]: INFO:root:mme non_eps_service_config is not SMS_ORC8R, sleeping.
Apr 27 00:49:25 localhost sctpd[3500334]: I0427 00:49:25.546640 3500778 sctp_connection.cpp:195] Unhandled notification type 32776
Apr 27 00:49:26 localhost sctpd[3500334]: I0427 00:49:26.609105 3500778 sctp_connection.cpp:195] Unhandled notification type 32777
Apr 27 00:49:29 localhost sctpd[3500334]: I0427 00:49:29.898962 3500778 sctp_connection.cpp:195] Unhandled notification type 32777
Apr 27 00:49:30 localhost dhclient[601]: DHCPREQUEST for 172.16.5.121 on eth1 to 172.16.5.2 port 67 (xid=0x1ea11b90)
Apr 27 00:49:30 localhost smsd[3500148]: INFO:root:mme non_eps_service_config is not SMS_ORC8R, sleeping.
Apr 27 00:49:35 localhost smsd[3500148]: INFO:root:mme non_eps_service_config is not SMS_ORC8R, sleeping.
Apr 27 00:49:37 localhost mobilityd[3500058]: INFO:root:Using GW info: {'default': {2: ('172.16.4.1', 'eth0')}, 2: [('172.16.4.1', 'eth0', True)]}
Apr 27 00:49:37 localhost mobilityd[3500058]: INFO:root:GW-v6 probe: timer started
Apr 27 00:49:40 localhost smsd[3500148]: INFO:root:mme non_eps_service_config is not SMS_ORC8R, sleeping.
Apr 27 00:49:45 localhost smsd[3500148]: INFO:root:mme non_eps_service_config is not SMS_ORC8R, sleeping.
Apr 27 00:49:49 localhost control_proxy[3500225]: 2022-04-27T00:49:48.881Z [127.0.0.1 -> streamer-controller.magmasi.wavelabs.in,8443] "POST /magma.orc8r.Streamer/GetUpdates HTTP/2" 200 173bytes 0.267s
Apr 27 00:49:49 localhost policydb[3500134]: INFO:root:Processing 4 policy updates (resync=True)
Apr 27 00:49:49 localhost control_proxy[3500225]: 2022-04-27T00:49:49.151Z [127.0.0.1 -> streamer-controller.magmasi.wavelabs.in,8443] "POST /magma.orc8r.Streamer/GetUpdates HTTP/2" 200 7bytes 0.272s
Apr 27 00:49:49 localhost policydb[3500134]: INFO:root:Processing 0 basename -> policy updates
Apr 27 00:49:49 localhost control_proxy[3500225]: 2022-04-27T00:49:49.151Z [127.0.0.1 -> streamer-controller.magmasi.wavelabs.in,8443] "POST /magma.orc8r.Streamer/GetUpdates HTTP/2" 200 13536bytes 0.305s
Apr 27 00:49:49 localhost policydb[3500134]: INFO:root:Processing 223 SID -> apn -> policy updates
Apr 27 00:49:50 localhost control_proxy[3500225]: 2022-04-27T00:49:49.151Z [127.0.0.1 -> streamer-controller.magmasi.wavelabs.in,8443] "POST /magma.orc8r.Streamer/GetUpdates HTTP/2" 200 7bytes 0.293s
Apr 27 00:49:50 localhost policydb[3500134]: INFO:root:Processing 0 rating group updates
Apr 27 00:49:50 localhost smsd[3500148]: INFO:root:mme non_eps_service_config is not SMS_ORC8R, sleeping.
Apr 27 00:49:50 localhost dhclient[601]: DHCPREQUEST for 172.16.5.121 on eth1 to 172.16.5.2 port 67 (xid=0x1ea11b90)
Apr 27 00:49:51 localhost sctpd[3500334]: I0427 00:49:51.853519 3500778 sctp_connection.cpp:195] Unhandled notification type 32776
Apr 27 00:49:55 localhost smsd[3500148]: INFO:root:mme non_eps_service_config is not SMS_ORC8R, sleeping.
Apr 27 00:49:57 localhost mobilityd[3500058]: INFO:root:Using GW info: {'default': {2: ('172.16.4.1', 'eth0')}, 2: [('172.16.4.1', 'eth0', True)]}
Apr 27 00:49:57 localhost mobilityd[3500058]: INFO:root:GW-v6 probe: timer started
Apr 27 00:49:58 localhost magmad[3499983]: ERROR:root:Metrics upload error for service subscriberdb (chunk 0)! [StatusCode.DEADLINE_EXCEEDED] Deadline Exceeded
Apr 27 00:49:58 localhost magmad[3499983]: ERROR:root:Metrics upload error for service mobilityd (chunk 0)! [StatusCode.DEADLINE_EXCEEDED] Deadline Exceeded
Apr 27 00:49:58 localhost magmad[3499983]: ERROR:root:Metrics upload error for service mme (chunk 0)! [StatusCode.DEADLINE_EXCEEDED] Deadline Exceeded
Apr 27 00:49:58 localhost magmad[3499983]: ERROR:root:Metrics upload error for service magmad (chunk 0)! [StatusCode.DEADLINE_EXCEEDED] Deadline Exceeded
Apr 27 00:49:58 localhost magmad[3499983]: ERROR:root:Metrics upload error for service enodebd (chunk 0)! [StatusCode.DEADLINE_EXCEEDED] Deadline Exceeded
Apr 27 00:49:58 localhost magmad[3499983]: ERROR:root:Metrics upload error for service pipelined (chunk 0)! [StatusCode.DEADLINE_EXCEEDED] Deadline Exceeded
Apr 27 00:49:58 localhost magmad[3499983]: ERROR:root:Metrics upload error for service state (chunk 0)! [StatusCode.DEADLINE_EXCEEDED] Deadline Exceeded
Apr 27 00:49:58 localhost magmad[3499983]: ERROR:root:Metrics upload error for service sessiond (chunk 0)! [StatusCode.DEADLINE_EXCEEDED] Deadline Exceeded
Apr 27 00:50:00 localhost smsd[3500148]: INFO:root:mme non_eps_service_config is not SMS_ORC8R, sleeping.
Apr 27 00:50:01 localhost sctpd[3500334]: I0427 00:50:01.658881 3500778 sctp_connection.cpp:195] Unhandled notification type 32777
Apr 27 00:50:04 localhost dhclient[601]: DHCPREQUEST for 172.16.5.121 on eth1 to 172.16.5.2 port 67 (xid=0x1ea11b90)
Apr 27 00:50:04 localhost sctpd[3500334]: I0427 00:50:04.934651 3500778 sctp_connection.cpp:195] Unhandled notification type 32777
Apr 27 00:50:05 localhost smsd[3500148]: INFO:root:mme non_eps_service_config is not SMS_ORC8R, sleeping.
Apr 27 00:50:08 localhost magmad[3499983]: INFO:root:Setting logging level to INFO
Apr 27 00:50:10 localhost smsd[3500148]: INFO:root:mme non_eps_service_config is not SMS_ORC8R, sleeping.
Apr 27 00:50:15 localhost dhclient[601]: DHCPREQUEST for 172.16.5.121 on eth1 to 172.16.5.2 port 67 (xid=0x1ea11b90)
Apr 27 00:50:15 localhost smsd[3500148]: INFO:root:mme non_eps_service_config is not SMS_ORC8R, sleeping.
Apr 27 00:50:17 localhost mobilityd[3500058]: INFO:root:Using GW info: {'default': {2: ('172.16.4.1', 'eth0')}, 2: [('172.16.4.1', 'eth0', True)]}
Apr 27 00:50:17 localhost mobilityd[3500058]: INFO:root:GW-v6 probe: timer started
Apr 27 00:50:17 localhost magmad[3499983]: INFO:root:[SyncRPC] Got heartBeat from cloud
Apr 27 00:50:19 localhost control_proxy[3500225]: 2022-04-27T00:49:18.798Z [127.0.0.1 -> streamer-controller.magmasi.wavelabs.in,8443] "POST /magma.orc8r.Streamer/GetUpdates HTTP/2" 200 0bytes 60.255s
Apr 27 00:50:19 localhost magmad[3499983]: ERROR:root:Error! Streaming from the cloud failed! [StatusCode.ABORTED] error while streaming updates: rpc error: code = DeadlineExceeded desc = context deadline exceeded
Apr 27 00:50:20 localhost smsd[3500148]: INFO:root:mme non_eps_service_config is not SMS_ORC8R, sleeping.
Apr 27 00:50:24 localhost dhclient[601]: DHCPREQUEST for 172.16.5.121 on eth1 to 172.16.5.2 port 67 (xid=0x1ea11b90)
Apr 27 00:50:25 localhost smsd[3500148]: INFO:root:mme non_eps_service_config is not SMS_ORC8R, sleeping.
Apr 27 00:50:27 localhost sctpd[3500334]: I0427 00:50:27.229120 3500778 sctp_connection.cpp:195] Unhandled notification type 32776
Apr 27 00:50:27 localhost control_proxy[3500225]: 2022-04-27T00:50:26.754Z [127.0.0.1 -> state-controller.magmasi.wavelabs.in,8443] "POST /magma.orc8r.StateService/ReportStates HTTP/2" 200 5bytes 0.513s
Apr 27 00:50:27 localhost magmad[3499983]: INFO:root:Checkin Successful! Successfully sent states to the cloud!
Apr 27 00:50:28 localhost sctpd[3500334]: I0427 00:50:28.289499 3500778 sctp_connection.cpp:195] Unhandled notification type 32777
Apr 27 00:50:30 localhost smsd[3500148]: INFO:root:mme non_eps_service_config is not SMS_ORC8R, sleeping.
Apr 27 00:50:34 localhost dhclient[601]: DHCPREQUEST for 172.16.5.121 on eth1 to 172.16.5.2 port 67 (xid=0x1ea11b90)
Apr 27 00:50:35 localhost smsd[3500148]: INFO:root:mme non_eps_service_config is not SMS_ORC8R, sleeping.
Apr 27 00:50:37 localhost mobilityd[3500058]: INFO:root:Using GW info: {'default': {2: ('172.16.4.1', 'eth0')}, 2: [('172.16.4.1', 'eth0', True)]}
Apr 27 00:50:37 localhost mobilityd[3500058]: INFO:root:GW-v6 probe: timer started
Apr 27 00:50:40 localhost smsd[3500148]: INFO:root:mme non_eps_service_config is not SMS_ORC8R, sleeping.
Apr 27 00:50:45 localhost smsd[3500148]: INFO:root:mme non_eps_service_config is not SMS_ORC8R, sleeping.
Apr 27 00:50:50 localhost control_proxy[3500225]: 2022-04-27T00:50:50.091Z [127.0.0.1 -> streamer-controller.magmasi.wavelabs.in,8443] "POST /magma.orc8r.Streamer/GetUpdates HTTP/2" 200 173bytes 0.273s
Apr 27 00:50:50 localhost policydb[3500134]: INFO:root:Processing 4 policy updates (resync=True)
Apr 27 00:50:50 localhost smsd[3500148]: INFO:root:mme non_eps_service_config is not SMS_ORC8R, sleeping.
Apr 27 00:50:50 localhost control_proxy[3500225]: 2022-04-27T00:50:50.091Z [127.0.0.1 -> streamer-controller.magmasi.wavelabs.in,8443] "POST /magma.orc8r.Streamer/GetUpdates HTTP/2" 200 7bytes 0.260s
Apr 27 00:50:50 localhost policydb[3500134]: INFO:root:Processing 0 basename -> policy updates
Apr 27 00:50:50 localhost control_proxy[3500225]: 2022-04-27T00:50:50.091Z [127.0.0.1 -> streamer-controller.magmasi.wavelabs.in,8443] "POST /magma.orc8r.Streamer/GetUpdates HTTP/2" 200 13536bytes 0.290s
Apr 27 00:50:50 localhost policydb[3500134]: INFO:root:Processing 223 SID -> apn -> policy updates
Apr 27 00:50:50 localhost sctpd[3500334]: I0427 00:50:50.933385 3500778 sctp_connection.cpp:195] Unhandled notification type 32776
Apr 27 00:50:51 localhost control_proxy[3500225]: 2022-04-27T00:50:50.091Z [127.0.0.1 -> streamer-controller.magmasi.wavelabs.in,8443] "POST /magma.orc8r.Streamer/GetUpdates HTTP/2" 200 7bytes 0.263s
Apr 27 00:50:51 localhost policydb[3500134]: INFO:root:Processing 0 rating group updates
Apr 27 00:50:51 localhost sctpd[3500334]: I0427 00:50:51.995883 3500778 sctp_connection.cpp:195] Unhandled notification type 32777
Apr 27 00:50:54 localhost dhclient[601]: DHCPREQUEST for 172.16.5.121 on eth1 to 172.16.5.2 port 67 (xid=0x1ea11b90)
Apr 27 00:50:55 localhost smsd[3500148]: INFO:root:mme non_eps_service_config is not SMS_ORC8R, sleeping.
Apr 27 00:50:57 localhost mobilityd[3500058]: INFO:root:Using GW info: {'default': {2: ('172.16.4.1', 'eth0')}, 2: [('172.16.4.1', 'eth0', True)]}
Apr 27 00:50:57 localhost mobilityd[3500058]: INFO:root:GW-v6 probe: timer started
Apr 27 00:50:58 localhost magmad[3499983]: ERROR:root:Metrics upload error for service subscriberdb (chunk 0)! [StatusCode.DEADLINE_EXCEEDED] Deadline Exceeded
Apr 27 00:50:58 localhost magmad[3499983]: ERROR:root:Metrics upload error for service mobilityd (chunk 0)! [StatusCode.DEADLINE_EXCEEDED] Deadline Exceeded
Apr 27 00:50:58 localhost magmad[3499983]: ERROR:root:Metrics upload error for service mme (chunk 0)! [StatusCode.DEADLINE_EXCEEDED] Deadline Exceeded
Apr 27 00:50:58 localhost magmad[3499983]: ERROR:root:Metrics upload error for service magmad (chunk 0)! [StatusCode.DEADLINE_EXCEEDED] Deadline Exceeded
Apr 27 00:50:58 localhost magmad[3499983]: ERROR:root:Metrics upload error for service enodebd (chunk 0)! [StatusCode.DEADLINE_EXCEEDED] Deadline Exceeded
Apr 27 00:50:58 localhost magmad[3499983]: ERROR:root:Metrics upload error for service pipelined (chunk 0)! [StatusCode.DEADLINE_EXCEEDED] Deadline Exceeded
Apr 27 00:50:58 localhost magmad[3499983]: ERROR:root:Metrics upload error for service state (chunk 0)! [StatusCode.DEADLINE_EXCEEDED] Deadline Exceeded
Apr 27 00:50:58 localhost magmad[3499983]: ERROR:root:Metrics upload error for service sessiond (chunk 0)! [StatusCode.DEADLINE_EXCEEDED] Deadline Exceeded
Apr 27 00:51:00 localhost smsd[3500148]: INFO:root:mme non_eps_service_config is not SMS_ORC8R, sleeping.
Apr 27 00:51:01 localhost dhclient[601]: DHCPREQUEST for 172.16.5.121 on eth1 to 172.16.5.2 port 67 (xid=0x1ea11b90)
Apr 27 00:51:05 localhost smsd[3500148]: INFO:root:mme non_eps_service_config is not SMS_ORC8R, sleeping.
Apr 27 00:51:10 localhost smsd[3500148]: INFO:root:mme non_eps_service_config is not SMS_ORC8R, sleeping.
Apr 27 00:51:12 localhost dhclient[601]: DHCPREQUEST for 172.16.5.121 on eth1 to 172.16.5.2 port 67 (xid=0x1ea11b90)
Apr 27 00:51:14 localhost sctpd[3500334]: I0427 00:51:14.469945 3500778 sctp_connection.cpp:195] Unhandled notification type 32776
Apr 27 00:51:15 localhost sctpd[3500334]: I0427 00:51:15.529904 3500778 sctp_connection.cpp:195] Unhandled notification type 32777
Apr 27 00:51:15 localhost smsd[3500148]: INFO:root:mme non_eps_service_config is not SMS_ORC8R, sleeping.
Apr 27 00:51:17 localhost mobilityd[3500058]: INFO:root:Using GW info: {'default': {2: ('172.16.4.1', 'eth0')}, 2: [('172.16.4.1', 'eth0', True)]}
Apr 27 00:51:17 localhost mobilityd[3500058]: INFO:root:GW-v6 probe: timer started
Apr 27 00:51:17 localhost magmad[3499983]: INFO:root:[SyncRPC] Got heartBeat from cloud
Apr 27 00:51:20 localhost smsd[3500148]: INFO:root:mme non_eps_service_config is not SMS_ORC8R, sleeping.
Apr 27 00:51:24 localhost dhclient[601]: DHCPREQUEST for 172.16.5.121 on eth1 to 172.16.5.2 port 67 (xid=0x1ea11b90)
Apr 27 00:51:25 localhost subscriberdb[3500051]: INFO:root:get digest stored in gateway:
Apr 27 00:51:25 localhost smsd[3500148]: INFO:root:mme non_eps_service_config is not SMS_ORC8R, sleeping.
Apr 27 00:51:25 localhost control_proxy[3500225]: 2022-04-27T00:51:25.331Z [127.0.0.1 -> subscriberdb-controller.magmasi.wavelabs.in,8443] "POST /magma.lte.SubscriberDBCloud/CheckInSync HTTP/2" 200 0bytes 0.498s
Apr 27 00:51:25 localhost subscriberdb[3500051]: ERROR:root:Internal Error in subscriberdb-Orc8r communication. If AGW and Orc8r are deployed at a commit hash, upgrade AGW and Orc8r to latest commit hash.
Apr 27 00:51:26 localhost control_proxy[3500225]: 2022-04-27T00:51:25.331Z [127.0.0.1 -> subscriberdb-controller.magmasi.wavelabs.in,8443] "POST /magma.lte.SubscriberDBCloud/Sync HTTP/2" 200 0bytes 0.249s
Apr 27 00:51:26 localhost subscriberdb[3500051]: ERROR:root:Internal Error in subscriberdb-Orc8r communication. If AGW and Orc8r are deployed at a commit hash, upgrade AGW and Orc8r to latest commit hash.
Apr 27 00:51:26 localhost control_proxy[3500225]: 2022-04-27T00:51:26.085Z [127.0.0.1 -> subscriberdb-controller.magmasi.wavelabs.in,8443] "POST /magma.lte.SubscriberDBCloud/ListSubscribers HTTP/2" 200 44180bytes 0.320s
Apr 27 00:51:26 localhost subscriberdb[3500051]: INFO:root:Successfully fetched all subscriber pages from the cloud!
Apr 27 00:51:26 localhost subscriberdb[3500051]: INFO:root:update root digest stored in gateway:
Apr 27 00:51:27 localhost magmad[3499983]: INFO:root:Setting logging level to INFO
Apr 27 00:51:30 localhost smsd[3500148]: INFO:root:mme non_eps_service_config is not SMS_ORC8R, sleeping.
Apr 27 00:51:35 localhost smsd[3500148]: INFO:root:mme non_eps_service_config is not SMS_ORC8R, sleeping.
Apr 27 00:51:36 localhost dhclient[601]: DHCPREQUEST for 172.16.5.121 on eth1 to 172.16.5.2 port 67 (xid=0x1ea11b90)
Apr 27 00:51:37 localhost sctpd[3500334]: I0427 00:51:37.411892 3500778 sctp_connection.cpp:195] Unhandled notification type 32776
Apr 27 00:51:37 localhost mobilityd[3500058]: INFO:root:Using GW info: {'default': {2: ('172.16.4.1', 'eth0')}, 2: [('172.16.4.1', 'eth0', True)]}
Apr 27 00:51:37 localhost mobilityd[3500058]: INFO:root:GW-v6 probe: timer started
Apr 27 00:51:38 localhost sctpd[3500334]: I0427 00:51:38.473266 3500778 sctp_connection.cpp:195] Unhandled notification type 32777
Apr 27 00:51:40 localhost smsd[3500148]: INFO:root:mme non_eps_service_config is not SMS_ORC8R, sleeping.
Apr 27 00:51:45 localhost dhclient[601]: DHCPREQUEST for 172.16.5.121 on eth1 to 172.16.5.2 port 67 (xid=0x1ea11b90)
Apr 27 00:51:45 localhost smsd[3500148]: INFO:root:mme non_eps_service_config is not SMS_ORC8R, sleeping.
Apr 27 00:51:47 localhost control_proxy[3500225]: 2022-04-27T00:51:46.294Z [127.0.0.1 -> state-controller.magmasi.wavelabs.in,8443] "POST /magma.orc8r.StateService/ReportStates HTTP/2" 200 5bytes 0.638s
Apr 27 00:51:47 localhost magmad[3499983]: INFO:root:Checkin Successful! Successfully sent states to the cloud!
Apr 27 00:51:50 localhost smsd[3500148]: INFO:root:mme non_eps_service_config is not SMS_ORC8R, sleeping.
Apr 27 00:51:51 localhost control_proxy[3500225]: 2022-04-27T00:51:51.233Z [127.0.0.1 -> streamer-controller.magmasi.wavelabs.in,8443] "POST /magma.orc8r.Streamer/GetUpdates HTTP/2" 200 173bytes 0.267s
Apr 27 00:51:51 localhost policydb[3500134]: INFO:root:Processing 4 policy updates (resync=True)
Apr 27 00:51:51 localhost control_proxy[3500225]: 2022-04-27T00:51:51.233Z [127.0.0.1 -> streamer-controller.magmasi.wavelabs.in,8443] "POST /magma.orc8r.Streamer/GetUpdates HTTP/2" 200 7bytes 0.266s
Apr 27 00:51:51 localhost policydb[3500134]: INFO:root:Processing 0 basename -> policy updates
Apr 27 00:51:52 localhost control_proxy[3500225]: 2022-04-27T00:51:51.233Z [127.0.0.1 -> streamer-controller.magmasi.wavelabs.in,8443] "POST /magma.orc8r.Streamer/GetUpdates HTTP/2" 200 13536bytes 0.314s
Apr 27 00:51:52 localhost policydb[3500134]: INFO:root:Processing 223 SID -> apn -> policy updates
Apr 27 00:51:52 localhost control_proxy[3500225]: 2022-04-27T00:51:52.097Z [127.0.0.1 -> streamer-controller.magmasi.wavelabs.in,8443] "POST /magma.orc8r.Streamer/GetUpdates HTTP/2" 200 7bytes 0.272s
Apr 27 00:51:52 localhost policydb[3500134]: INFO:root:Processing 0 rating group updates
Apr 27 00:51:55 localhost smsd[3500148]: INFO:root:mme non_eps_service_config is not SMS_ORC8R, sleeping.
Apr 27 00:51:57 localhost mobilityd[3500058]: INFO:root:Using GW info: {'default': {2: ('172.16.4.1', 'eth0')}, 2: [('172.16.4.1', 'eth0', True)]}
Apr 27 00:51:57 localhost mobilityd[3500058]: INFO:root:GW-v6 probe: timer started
Apr 27 00:51:58 localhost dhclient[601]: DHCPREQUEST for 172.16.5.121 on eth1 to 172.16.5.2 port 67 (xid=0x1ea11b90)
Apr 27 00:52:00 localhost sctpd[3500334]: I0427 00:52:00.370257 3500778 sctp_connection.cpp:195] Unhandled notification type 32776
Apr 27 00:52:00 localhost smsd[3500148]: INFO:root:mme non_eps_service_config is not SMS_ORC8R, sleeping.
Apr 27 00:52:01 localhost sctpd[3500334]: I0427 00:52:01.433449 3500778 sctp_connection.cpp:195] Unhandled notification type 32777
Apr 27 00:52:05 localhost smsd[3500148]: INFO:root:mme non_eps_service_config is not SMS_ORC8R, sleeping.
Apr 27 00:52:09 localhost dhclient[601]: DHCPREQUEST for 172.16.5.121 on eth1 to 172.16.5.2 port 67 (xid=0x1ea11b90)
Apr 27 00:52:11 localhost smsd[3500148]: INFO:root:mme non_eps_service_config is not SMS_ORC8R, sleeping.
Apr 27 00:52:16 localhost smsd[3500148]: INFO:root:mme non_eps_service_config is not SMS_ORC8R, sleeping.
Apr 27 00:52:16 localhost magmad[3499983]: ERROR:root:Metrics upload error for service subscriberdb (chunk 0)! [StatusCode.DEADLINE_EXCEEDED] Deadline Exceeded
Apr 27 00:52:16 localhost magmad[3499983]: ERROR:root:Metrics upload error for service mobilityd (chunk 0)! [StatusCode.DEADLINE_EXCEEDED] Deadline Exceeded
Apr 27 00:52:16 localhost magmad[3499983]: ERROR:root:Metrics upload error for service mme (chunk 0)! [StatusCode.DEADLINE_EXCEEDED] Deadline Exceeded
Apr 27 00:52:16 localhost magmad[3499983]: ERROR:root:Metrics upload error for service magmad (chunk 0)! [StatusCode.DEADLINE_EXCEEDED] Deadline Exceeded
Apr 27 00:52:16 localhost magmad[3499983]: ERROR:root:Metrics upload error for service enodebd (chunk 0)! [StatusCode.DEADLINE_EXCEEDED] Deadline Exceeded
Apr 27 00:52:16 localhost magmad[3499983]: ERROR:root:Metrics upload error for service pipelined (chunk 0)! [StatusCode.DEADLINE_EXCEEDED] Deadline Exceeded
Apr 27 00:52:16 localhost magmad[3499983]: ERROR:root:Metrics upload error for service state (chunk 0)! [StatusCode.DEADLINE_EXCEEDED] Deadline Exceeded
Apr 27 00:52:16 localhost magmad[3499983]: ERROR:root:Metrics upload error for service sessiond (chunk 0)! [StatusCode.DEADLINE_EXCEEDED] Deadline Exceeded
Apr 27 00:52:17 localhost mobilityd[3500058]: INFO:root:Using GW info: {'default': {2: ('172.16.4.1', 'eth0')}, 2: [('172.16.4.1', 'eth0', True)]}
Apr 27 00:52:17 localhost mobilityd[3500058]: INFO:root:GW-v6 probe: timer started
Apr 27 00:52:17 localhost magmad[3499983]: INFO:root:[SyncRPC] Got heartBeat from cloud
Apr 27 00:52:19 localhost dhclient[601]: DHCPREQUEST for 172.16.5.121 on eth1 to 172.16.5.2 port 67 (xid=0x1ea11b90)
Apr 27 00:52:19 localhost control_proxy[3500225]: 2022-04-27T00:51:19.120Z [127.0.0.1 -> streamer-controller.magmasi.wavelabs.in,8443] "POST /magma.orc8r.Streamer/GetUpdates HTTP/2" 200 0bytes 60.256s
Apr 27 00:52:19 localhost magmad[3499983]: ERROR:root:Error! Streaming from the cloud failed! [StatusCode.ABORTED] error while streaming updates: rpc error: code = DeadlineExceeded desc = context deadline exceeded
Apr 27 00:52:21 localhost smsd[3500148]: INFO:root:mme non_eps_service_config is not SMS_ORC8R, sleeping.
Apr 27 00:52:21 localhost sctpd[3500334]: I0427 00:52:21.393733 3500778 sctp_connection.cpp:195] Unhandled notification type 32776
Apr 27 00:52:26 localhost smsd[3500148]: INFO:root:mme non_eps_service_config is not SMS_ORC8R, sleeping.
Apr 27 00:52:31 localhost smsd[3500148]: INFO:root:mme non_eps_service_config is not SMS_ORC8R, sleeping.
Apr 27 00:52:31 localhost sctpd[3500334]: I0427 00:52:31.453694 3500778 sctp_connection.cpp:195] Unhandled notification type 32777
Apr 27 00:52:33 localhost dhclient[601]: DHCPREQUEST for 172.16.5.121 on eth1 to 172.16.5.2 port 67 (xid=0x1ea11b90)
Apr 27 00:52:34 localhost sctpd[3500334]: I0427 00:52:34.738538 3500778 sctp_connection.cpp:195] Unhandled notification type 32777
Apr 27 00:52:36 localhost smsd[3500148]: INFO:root:mme non_eps_service_config is not SMS_ORC8R, sleeping.
Apr 27 00:52:37 localhost mobilityd[3500058]: INFO:root:Using GW info: {'default': {2: ('172.16.4.1', 'eth0')}, 2: [('172.16.4.1', 'eth0', True)]}
Apr 27 00:52:37 localhost mobilityd[3500058]: INFO:root:GW-v6 probe: timer started
Apr 27 00:52:41 localhost smsd[3500148]: INFO:root:mme non_eps_service_config is not SMS_ORC8R, sleeping.
Apr 27 00:52:46 localhost smsd[3500148]: INFO:root:mme non_eps_service_config is not SMS_ORC8R, sleeping.
Apr 27 00:52:46 localhost dhclient[601]: DHCPREQUEST for 172.16.5.121 on eth1 to 172.16.5.2 port 67 (xid=0x1ea11b90)
Apr 27 00:52:47 localhost magmad[3499983]: INFO:root:Setting logging level to INFO
Apr 27 00:52:51 localhost smsd[3500148]: INFO:root:mme non_eps_service_config is not SMS_ORC8R, sleeping.
Apr 27 00:52:52 localhost control_proxy[3500225]: 2022-04-27T00:52:52.428Z [127.0.0.1 -> streamer-controller.magmasi.wavelabs.in,8443] "POST /magma.orc8r.Streamer/GetUpdates HTTP/2" 200 173bytes 0.513s
Apr 27 00:52:52 localhost policydb[3500134]: INFO:root:Processing 4 policy updates (resync=True)
Apr 27 00:52:53 localhost control_proxy[3500225]: 2022-04-27T00:52:52.428Z [127.0.0.1 -> streamer-controller.magmasi.wavelabs.in,8443] "POST /magma.orc8r.Streamer/GetUpdates HTTP/2" 200 7bytes 0.268s
Apr 27 00:52:53 localhost policydb[3500134]: INFO:root:Processing 0 basename -> policy updates
Apr 27 00:52:53 localhost control_proxy[3500225]: 2022-04-27T00:52:53.218Z [127.0.0.1 -> streamer-controller.magmasi.wavelabs.in,8443] "POST /magma.orc8r.Streamer/GetUpdates HTTP/2" 200 13536bytes 0.292s
Apr 27 00:52:53 localhost policydb[3500134]: INFO:root:Processing 223 SID -> apn -> policy updates
Apr 27 00:52:53 localhost control_proxy[3500225]: 2022-04-27T00:52:53.218Z [127.0.0.1 -> streamer-controller.magmasi.wavelabs.in,8443] "POST /magma.orc8r.Streamer/GetUpdates HTTP/2" 200 7bytes 0.260s
Apr 27 00:52:53 localhost policydb[3500134]: INFO:root:Processing 0 rating group updates
Apr 27 00:52:56 localhost smsd[3500148]: INFO:root:mme non_eps_service_config is not SMS_ORC8R, sleeping.
Apr 27 00:52:56 localhost sctpd[3500334]: I0427 00:52:56.728085 3500778 sctp_connection.cpp:195] Unhandled notification type 32776
Apr 27 00:52:56 localhost sctpd[3500334]: I0427 00:52:56.857977 3500778 sctp_connection.cpp:195] Unhandled notification type 32776
Apr 27 00:52:57 localhost dhclient[601]: DHCPREQUEST for 172.16.5.121 on eth1 to 172.16.5.2 port 67 (xid=0x1ea11b90)
Apr 27 00:52:57 localhost mobilityd[3500058]: INFO:root:Using GW info: {'default': {2: ('172.16.4.1', 'eth0')}, 2: [('172.16.4.1', 'eth0', True)]}
Apr 27 00:52:57 localhost mobilityd[3500058]: INFO:root:GW-v6 probe: timer started
Apr 27 00:52:57 localhost sctpd[3500334]: I0427 00:52:57.913640 3500778 sctp_connection.cpp:195] Unhandled notification type 32777
Apr 27 00:52:58 localhost sctpd[3500334]: I0427 00:52:58.017639 3500778 sctp_connection.cpp:195] Unhandled notification type 32777
Apr 27 00:52:58 localhost sctpd[3500334]: I0427 00:52:58.248780 3500778 sctp_connection.cpp:195] Unhandled notification type 32777
Apr 27 00:52:58 localhost sctpd[3500334]: I0427 00:52:58.359604 3500778 sctp_connection.cpp:195] Unhandled notification type 32777
Apr 27 00:52:58 localhost mme[3500735]: [DEBUG] Sending S6A-UPDATE_LOCATION_REQUEST with IMSI: 222700000000001
Apr 27 00:52:58 localhost mme[3500735]: [INFO] Received S6A-LOCATION-UPDATE_ANSWER for IMSI: 222700000000001; Status: ; StatusCode: 2001
Apr 27 00:52:58 localhost mme[3500735]: [INFO] sent itti S6A-LOCATION-UPDATE_ANSWER for IMSI: 222700000000001
Apr 27 00:52:58 localhost sctpd[3500334]: I0427 00:52:58.417912 3500778 sctp_connection.cpp:195] Unhandled notification type 32777
Apr 27 00:52:59 localhost mobilityd[3500058]: DEBUG:root:Received AllocateIPAddress
Apr 27 00:52:59 localhost mobilityd[3500058]: INFO:root:GRPC message:
Apr 27 00:52:59 localhost mobilityd[3500058]:   magma.lte.AllocateIPRequest {
Apr 27 00:52:59 localhost mobilityd[3500058]:     "sid": {
Apr 27 00:52:59 localhost mobilityd[3500058]:       "id": "222700000000001"
Apr 27 00:52:59 localhost mobilityd[3500058]:     },
Apr 27 00:52:59 localhost mobilityd[3500058]:     "apn": "default"
Apr 27 00:52:59 localhost mobilityd[3500058]:   }
Apr 27 00:52:59 localhost mobilityd[3500058]: DEBUG:root:Find APN config for: IMSI222700000000001.default,ipv4
Apr 27 00:52:59 localhost mobilityd[3500058]: DEBUG:root:APN config: service_selection: "default"
Apr 27 00:52:59 localhost mobilityd[3500058]: qos_profile {
Apr 27 00:52:59 localhost mobilityd[3500058]:   class_id: 9
Apr 27 00:52:59 localhost mobilityd[3500058]:   priority_level: 15
Apr 27 00:52:59 localhost mobilityd[3500058]: }
Apr 27 00:52:59 localhost mobilityd[3500058]: ambr {
Apr 27 00:52:59 localhost mobilityd[3500058]:   max_bandwidth_ul: 100000000
Apr 27 00:52:59 localhost mobilityd[3500058]:   max_bandwidth_dl: 100000000
Apr 27 00:52:59 localhost mobilityd[3500058]: }
Apr 27 00:52:59 localhost mobilityd[3500058]: DEBUG:root:vlan: Got APN: service_selection: "default"
Apr 27 00:52:59 localhost mobilityd[3500058]: qos_profile {
Apr 27 00:52:59 localhost mobilityd[3500058]:   class_id: 9
Apr 27 00:52:59 localhost mobilityd[3500058]:   priority_level: 15
Apr 27 00:52:59 localhost mobilityd[3500058]: }
Apr 27 00:52:59 localhost mobilityd[3500058]: ambr {
Apr 27 00:52:59 localhost mobilityd[3500058]:   max_bandwidth_ul: 100000000
Apr 27 00:52:59 localhost mobilityd[3500058]:   max_bandwidth_dl: 100000000
Apr 27 00:52:59 localhost mobilityd[3500058]: }
Apr 27 00:52:59 localhost mobilityd[3500058]: DEBUG:root:invalid internet gw ip: None
Apr 27 00:52:59 localhost mobilityd[3500058]: DEBUG:root:could not parse GW IP: None
Apr 27 00:52:59 localhost mobilityd[3500058]: DEBUG:root:Find APN config for: IMSI222700000000001.default,ipv4
Apr 27 00:52:59 localhost mobilityd[3500058]: DEBUG:root:APN config: service_selection: "default"
Apr 27 00:52:59 localhost mobilityd[3500058]: qos_profile {
Apr 27 00:52:59 localhost mobilityd[3500058]:   class_id: 9
Apr 27 00:52:59 localhost mobilityd[3500058]:   priority_level: 15
Apr 27 00:52:59 localhost mobilityd[3500058]: }
Apr 27 00:52:59 localhost mobilityd[3500058]: ambr {
Apr 27 00:52:59 localhost mobilityd[3500058]:   max_bandwidth_ul: 100000000
Apr 27 00:52:59 localhost mobilityd[3500058]:   max_bandwidth_dl: 100000000
Apr 27 00:52:59 localhost mobilityd[3500058]: }
Apr 27 00:52:59 localhost mobilityd[3500058]: DEBUG:root:ip: Got APN: service_selection: "default"
Apr 27 00:52:59 localhost mobilityd[3500058]: qos_profile {
Apr 27 00:52:59 localhost mobilityd[3500058]:   class_id: 9
Apr 27 00:52:59 localhost mobilityd[3500058]:   priority_level: 15
Apr 27 00:52:59 localhost mobilityd[3500058]: }
Apr 27 00:52:59 localhost mobilityd[3500058]: ambr {
Apr 27 00:52:59 localhost mobilityd[3500058]:   max_bandwidth_ul: 100000000
Apr 27 00:52:59 localhost mobilityd[3500058]:   max_bandwidth_dl: 100000000
Apr 27 00:52:59 localhost mobilityd[3500058]: }
Apr 27 00:52:59 localhost mobilityd[3500058]: DEBUG:root:Allocating New IP: <mobilityd.IPDesc {ip: 192.168.128.220, ip_block: 192.168.128.0/24, state: IPState.ALLOCATED, sid: IMSI222700000000001.default,ipv4, type: IPType.IP_POOL }}>
Apr 27 00:52:59 localhost mobilityd[3500058]: INFO:root:Allocated IP 192.168.128.220 for sid IMSI222700000000001 for apn default
Apr 27 00:52:59 localhost mobilityd[3500058]: INFO:root:GRPC message:
Apr 27 00:52:59 localhost mobilityd[3500058]:   magma.lte.AllocateIPAddressResponse {
Apr 27 00:52:59 localhost mobilityd[3500058]:     "ipList": [
Apr 27 00:52:59 localhost mobilityd[3500058]:       {
Apr 27 00:52:59 localhost mobilityd[3500058]:         "address": "wKiA3A=="
Apr 27 00:52:59 localhost mobilityd[3500058]:       }
Apr 27 00:52:59 localhost mobilityd[3500058]:     ],
Apr 27 00:52:59 localhost mobilityd[3500058]:     "vlan": "0"
Apr 27 00:52:59 localhost mobilityd[3500058]:   }
Apr 27 00:52:59 localhost policydb[3500134]: INFO:root:Creating a session for subscriber ID: IMSI222700000000001
Apr 27 00:52:59 localhost sessiond[3500065]: I0427 00:52:59.617516 3500065 SetMessageManagerHandler.cpp:344] Processing a CreateSessionResponse for IMSI222700000000001-396190
Apr 27 00:52:59 localhost sessiond[3500065]: I0427 00:52:59.617705 3500065 SessionState.cpp:2775] RuleID allowlist_sid-IMSI222700000000001-default doesn't have a version registered for IMSI222700000000001-396190, this is unexpected
Apr 27 00:52:59 localhost mme[3500735]: PDUSessionResourceSetupRequestTransfer ::= {
Apr 27 00:52:59 localhost mme[3500735]:     protocolIEs: ProtocolIE-Container ::= {
Apr 27 00:52:59 localhost mme[3500735]:         PDUSessionResourceSetupRequestTransferIEs ::= {
Apr 27 00:52:59 localhost mme[3500735]:             id: 130
Apr 27 00:52:59 localhost mme[3500735]:             criticality: 0 (reject)
Apr 27 00:52:59 localhost mme[3500735]:             value: PDUSessionAggregateMaximumBitRate ::= {
Apr 27 00:52:59 localhost mme[3500735]:                 pDUSessionAggregateMaximumBitRateDL: 100000000
Apr 27 00:52:59 localhost mme[3500735]:                 pDUSessionAggregateMaximumBitRateUL: 100000000
Apr 27 00:52:59 localhost mme[3500735]:             }
Apr 27 00:52:59 localhost mme[3500735]:         }
Apr 27 00:52:59 localhost mme[3500735]:         PDUSessionResourceSetupRequestTransferIEs ::= {
Apr 27 00:52:59 localhost mme[3500735]:             id: 139
Apr 27 00:52:59 localhost mme[3500735]:             criticality: 0 (reject)
Apr 27 00:52:59 localhost mme[3500735]:             value: GTPTunnel ::= {
Apr 27 00:52:59 localhost mme[3500735]:                 transportLayerAddress: AC 10 05 79
Apr 27 00:52:59 localhost mme[3500735]:                 gTP-TEID: 80 00 00 09
Apr 27 00:52:59 localhost mme[3500735]:             }
Apr 27 00:52:59 localhost mme[3500735]:         }
Apr 27 00:52:59 localhost mme[3500735]:         PDUSessionResourceSetupRequestTransferIEs ::= {
Apr 27 00:52:59 localhost mme[3500735]:             id: 134
Apr 27 00:52:59 localhost mme[3500735]:             criticality: 0 (reject)
Apr 27 00:52:59 localhost mme[3500735]:             value: 0 (ipv4)
Apr 27 00:52:59 localhost mme[3500735]:         }
Apr 27 00:52:59 localhost mme[3500735]:         PDUSessionResourceSetupRequestTransferIEs ::= {
Apr 27 00:52:59 localhost mme[3500735]:             id: 136
Apr 27 00:52:59 localhost mme[3500735]:             criticality: 0 (reject)
Apr 27 00:52:59 localhost mme[3500735]:             value: QosFlowSetupRequestList ::= {
Apr 27 00:52:59 localhost mme[3500735]:                 QosFlowSetupRequestItem ::= {
Apr 27 00:52:59 localhost mme[3500735]:                     qosFlowIdentifier: 9
Apr 27 00:52:59 localhost mme[3500735]:                     qosFlowLevelQosParameters: QosFlowLevelQosParameters ::= {
Apr 27 00:52:59 localhost mme[3500735]:                         qosCharacteristics: NonDynamic5QIDescriptor ::= {
Apr 27 00:52:59 localhost mme[3500735]:                             fiveQI: 9
Apr 27 00:52:59 localhost mme[3500735]:                         }
Apr 27 00:52:59 localhost mme[3500735]:                         allocationAndRetentionPriority: AllocationAndRetentionPriority ::= {
Apr 27 00:52:59 localhost mme[3500735]:                             priorityLevelARP: 15
Apr 27 00:52:59 localhost mme[3500735]:                             pre-emptionCapability: 0 (shall-not-trigger-pre-emption)
Apr 27 00:52:59 localhost mme[3500735]:                             pre-emptionVulnerability: 0 (not-pre-emptable)
Apr 27 00:52:59 localhost mme[3500735]:                         }
Apr 27 00:52:59 localhost mme[3500735]:                     }
Apr 27 00:52:59 localhost mme[3500735]:                 }
Apr 27 00:52:59 localhost mme[3500735]:             }
Apr 27 00:52:59 localhost mme[3500735]:         }
Apr 27 00:52:59 localhost mme[3500735]:     }
Apr 27 00:52:59 localhost mme[3500735]: }
Apr 27 00:52:59 localhost sctpd[3500334]: I0427 00:52:59.827836 3500778 sctp_connection.cpp:195] Unhandled notification type 32777
Apr 27 00:53:01 localhost smsd[3500148]: INFO:root:mme non_eps_service_config is not SMS_ORC8R, sleeping.
Apr 27 00:53:01 localhost mme[3500735]: InitiatingMessage ::= {
