Apr  4 20:48:19 localhost mobilityd[2814061]: INFO:root:Using GW info: {'default': {2: ('172.16.4.1', 'eth0')}, 2: [('172.16.4.1', 'eth0', True)]}
Apr  4 20:48:19 localhost mobilityd[2814061]: INFO:root:GW-v6 probe: timer started
Apr  4 20:48:20 localhost smsd[2814155]: INFO:root:mme non_eps_service_config is not SMS_ORC8R, sleeping.
Apr  4 20:48:22 localhost sctpd[2814340]: I0404 20:48:22.955730 2814785 sctp_connection.cpp:195] Unhandled notification type 32776
Apr  4 20:48:24 localhost sctpd[2814340]: I0404 20:48:24.010941 2814785 sctp_connection.cpp:195] Unhandled notification type 32777
Apr  4 20:48:25 localhost smsd[2814155]: INFO:root:mme non_eps_service_config is not SMS_ORC8R, sleeping.
Apr  4 20:48:30 localhost smsd[2814155]: INFO:root:mme non_eps_service_config is not SMS_ORC8R, sleeping.
Apr  4 20:48:34 localhost control_proxy[2814227]: 2022-04-04T20:48:34.441Z [127.0.0.1 -> state-controller.magmasi.wavelabs.in,8443] "POST /magma.orc8r.StateService/ReportStates HTTP/2" 200 5bytes 0.261s
Apr  4 20:48:34 localhost magmad[2813991]: INFO:root:Checkin Successful! Successfully sent states to the cloud!
Apr  4 20:48:35 localhost smsd[2814155]: INFO:root:mme non_eps_service_config is not SMS_ORC8R, sleeping.
Apr  4 20:48:35 localhost dhclient[601]: DHCPREQUEST for 172.16.5.121 on eth1 to 172.16.5.2 port 67 (xid=0x25c866c5)
Apr  4 20:48:39 localhost mobilityd[2814061]: INFO:root:Using GW info: {'default': {2: ('172.16.4.1', 'eth0')}, 2: [('172.16.4.1', 'eth0', True)]}
Apr  4 20:48:39 localhost mobilityd[2814061]: INFO:root:GW-v6 probe: timer started
Apr  4 20:48:40 localhost smsd[2814155]: INFO:root:mme non_eps_service_config is not SMS_ORC8R, sleeping.
Apr  4 20:48:43 localhost dhclient[601]: DHCPREQUEST for 172.16.5.121 on eth1 to 172.16.5.2 port 67 (xid=0x25c866c5)
Apr  4 20:48:44 localhost magmad[2813991]: ERROR:root:Metrics upload error for service subscriberdb (chunk 0)! [StatusCode.DEADLINE_EXCEEDED] Deadline Exceeded
Apr  4 20:48:44 localhost magmad[2813991]: ERROR:root:Metrics upload error for service mobilityd (chunk 0)! [StatusCode.DEADLINE_EXCEEDED] Deadline Exceeded
Apr  4 20:48:44 localhost magmad[2813991]: ERROR:root:Metrics upload error for service mme (chunk 0)! [StatusCode.DEADLINE_EXCEEDED] Deadline Exceeded
Apr  4 20:48:44 localhost magmad[2813991]: ERROR:root:Metrics upload error for service magmad (chunk 0)! [StatusCode.DEADLINE_EXCEEDED] Deadline Exceeded
Apr  4 20:48:44 localhost magmad[2813991]: ERROR:root:Metrics upload error for service enodebd (chunk 0)! [StatusCode.DEADLINE_EXCEEDED] Deadline Exceeded
Apr  4 20:48:44 localhost magmad[2813991]: ERROR:root:Metrics upload error for service pipelined (chunk 0)! [StatusCode.DEADLINE_EXCEEDED] Deadline Exceeded
Apr  4 20:48:44 localhost magmad[2813991]: ERROR:root:Metrics upload error for service state (chunk 0)! [StatusCode.DEADLINE_EXCEEDED] Deadline Exceeded
Apr  4 20:48:44 localhost magmad[2813991]: ERROR:root:Metrics upload error for service sessiond (chunk 0)! [StatusCode.DEADLINE_EXCEEDED] Deadline Exceeded
Apr  4 20:48:45 localhost smsd[2814155]: INFO:root:mme non_eps_service_config is not SMS_ORC8R, sleeping.
Apr  4 20:48:46 localhost sctpd[2814340]: I0404 20:48:46.050101 2814785 sctp_connection.cpp:195] Unhandled notification type 32776
Apr  4 20:48:46 localhost sctpd[2814340]: I0404 20:48:46.181995 2814785 sctp_connection.cpp:195] Unhandled notification type 32776
Apr  4 20:48:46 localhost sctpd[2814340]: I0404 20:48:46.330791 2814785 sctp_connection.cpp:195] Unhandled notification type 32776
Apr  4 20:48:46 localhost sctpd[2814340]: I0404 20:48:46.461604 2814785 sctp_connection.cpp:195] Unhandled notification type 32776
Apr  4 20:48:46 localhost sctpd[2814340]: I0404 20:48:46.601034 2814785 sctp_connection.cpp:195] Unhandled notification type 32776
Apr  4 20:48:46 localhost sctpd[2814340]: I0404 20:48:46.737668 2814785 sctp_connection.cpp:195] Unhandled notification type 32776
Apr  4 20:48:46 localhost sctpd[2814340]: I0404 20:48:46.910818 2814785 sctp_connection.cpp:195] Unhandled notification type 32776
Apr  4 20:48:47 localhost sctpd[2814340]: I0404 20:48:47.056454 2814785 sctp_connection.cpp:195] Unhandled notification type 32776
Apr  4 20:48:47 localhost sctpd[2814340]: I0404 20:48:47.202709 2814785 sctp_connection.cpp:195] Unhandled notification type 32776
Apr  4 20:48:47 localhost sctpd[2814340]: I0404 20:48:47.354435 2814785 sctp_connection.cpp:195] Unhandled notification type 32776
Apr  4 20:48:47 localhost sctpd[2814340]: I0404 20:48:47.479880 2814785 sctp_connection.cpp:195] Unhandled notification type 32776
Apr  4 20:48:47 localhost sctpd[2814340]: I0404 20:48:47.592741 2814785 sctp_connection.cpp:195] Unhandled notification type 32776
Apr  4 20:48:48 localhost sctpd[2814340]: I0404 20:48:48.661310 2814785 sctp_connection.cpp:195] Unhandled notification type 32777
Apr  4 20:48:50 localhost smsd[2814155]: INFO:root:mme non_eps_service_config is not SMS_ORC8R, sleeping.
Apr  4 20:48:53 localhost dhclient[601]: DHCPREQUEST for 172.16.5.121 on eth1 to 172.16.5.2 port 67 (xid=0x25c866c5)
Apr  4 20:48:55 localhost smsd[2814155]: INFO:root:mme non_eps_service_config is not SMS_ORC8R, sleeping.
Apr  4 20:48:57 localhost control_proxy[2814227]: 2022-04-04T20:47:57.149Z [127.0.0.1 -> streamer-controller.magmasi.wavelabs.in,8443] "POST /magma.orc8r.Streamer/GetUpdates HTTP/2" 200 0bytes 60.506s
Apr  4 20:48:57 localhost magmad[2813991]: ERROR:root:Error! Streaming from the cloud failed! [StatusCode.ABORTED] error while streaming updates: rpc error: code = Unknown desc = get mconfig from configurator: rpc error: code = DeadlineExceeded desc = context deadline exceeded
Apr  4 20:48:59 localhost mobilityd[2814061]: INFO:root:Using GW info: {'default': {2: ('172.16.4.1', 'eth0')}, 2: [('172.16.4.1', 'eth0', True)]}
Apr  4 20:48:59 localhost mobilityd[2814061]: INFO:root:GW-v6 probe: timer started
Apr  4 20:48:59 localhost magmad[2813991]: INFO:root:[SyncRPC] Got heartBeat from cloud
Apr  4 20:49:00 localhost smsd[2814155]: INFO:root:mme non_eps_service_config is not SMS_ORC8R, sleeping.
Apr  4 20:49:05 localhost smsd[2814155]: INFO:root:mme non_eps_service_config is not SMS_ORC8R, sleeping.
Apr  4 20:49:07 localhost control_proxy[2814227]: 2022-04-04T20:49:06.980Z [127.0.0.1 -> streamer-controller.magmasi.wavelabs.in,8443] "POST /magma.orc8r.Streamer/GetUpdates HTTP/2" 200 173bytes 0.526s
Apr  4 20:49:07 localhost policydb[2814134]: INFO:root:Processing 4 policy updates (resync=True)
Apr  4 20:49:07 localhost control_proxy[2814227]: 2022-04-04T20:49:07.509Z [127.0.0.1 -> streamer-controller.magmasi.wavelabs.in,8443] "POST /magma.orc8r.Streamer/GetUpdates HTTP/2" 200 7bytes 0.263s
Apr  4 20:49:07 localhost policydb[2814134]: INFO:root:Processing 0 basename -> policy updates
Apr  4 20:49:08 localhost control_proxy[2814227]: 2022-04-04T20:49:07.509Z [127.0.0.1 -> streamer-controller.magmasi.wavelabs.in,8443] "POST /magma.orc8r.Streamer/GetUpdates HTTP/2" 200 13513bytes 0.341s
Apr  4 20:49:08 localhost policydb[2814134]: INFO:root:Processing 222 SID -> apn -> policy updates
Apr  4 20:49:08 localhost control_proxy[2814227]: 2022-04-04T20:49:08.124Z [127.0.0.1 -> streamer-controller.magmasi.wavelabs.in,8443] "POST /magma.orc8r.Streamer/GetUpdates HTTP/2" 200 7bytes 0.267s
Apr  4 20:49:08 localhost policydb[2814134]: INFO:root:Processing 0 rating group updates
Apr  4 20:49:10 localhost sctpd[2814340]: I0404 20:49:10.642779 2814785 sctp_connection.cpp:195] Unhandled notification type 32776
Apr  4 20:49:10 localhost smsd[2814155]: INFO:root:mme non_eps_service_config is not SMS_ORC8R, sleeping.
Apr  4 20:49:11 localhost dhclient[601]: DHCPREQUEST for 172.16.5.121 on eth1 to 172.16.5.2 port 67 (xid=0x25c866c5)
Apr  4 20:49:15 localhost smsd[2814155]: INFO:root:mme non_eps_service_config is not SMS_ORC8R, sleeping.
Apr  4 20:49:18 localhost dhclient[601]: DHCPREQUEST for 172.16.5.121 on eth1 to 172.16.5.2 port 67 (xid=0x25c866c5)
Apr  4 20:49:19 localhost mobilityd[2814061]: INFO:root:Using GW info: {'default': {2: ('172.16.4.1', 'eth0')}, 2: [('172.16.4.1', 'eth0', True)]}
Apr  4 20:49:19 localhost mobilityd[2814061]: INFO:root:GW-v6 probe: timer started
Apr  4 20:49:20 localhost sctpd[2814340]: I0404 20:49:20.490222 2814785 sctp_connection.cpp:195] Unhandled notification type 32777
Apr  4 20:49:20 localhost sctpd[2814340]: I0404 20:49:20.727308 2814785 sctp_connection.cpp:195] Unhandled notification type 32777
Apr  4 20:49:20 localhost smsd[2814155]: INFO:root:mme non_eps_service_config is not SMS_ORC8R, sleeping.
Apr  4 20:49:30 localhost smsd[2814155]: message repeated 2 times: [ INFO:root:mme non_eps_service_config is not SMS_ORC8R, sleeping.]
Apr  4 20:49:35 localhost magmad[2813991]: INFO:root:Setting logging level to INFO
Apr  4 20:49:35 localhost smsd[2814155]: INFO:root:mme non_eps_service_config is not SMS_ORC8R, sleeping.
Apr  4 20:49:39 localhost mobilityd[2814061]: INFO:root:Using GW info: {'default': {2: ('172.16.4.1', 'eth0')}, 2: [('172.16.4.1', 'eth0', True)]}
Apr  4 20:49:39 localhost mobilityd[2814061]: INFO:root:GW-v6 probe: timer started
Apr  4 20:49:39 localhost dhclient[601]: DHCPREQUEST for 172.16.5.121 on eth1 to 172.16.5.2 port 67 (xid=0x25c866c5)
Apr  4 20:49:41 localhost smsd[2814155]: INFO:root:mme non_eps_service_config is not SMS_ORC8R, sleeping.
Apr  4 20:49:42 localhost sctpd[2814340]: I0404 20:49:42.133333 2814785 sctp_connection.cpp:195] Unhandled notification type 32776
Apr  4 20:49:46 localhost smsd[2814155]: INFO:root:mme non_eps_service_config is not SMS_ORC8R, sleeping.
Apr  4 20:49:49 localhost dhclient[601]: DHCPREQUEST for 172.16.5.121 on eth1 to 172.16.5.2 port 67 (xid=0x25c866c5)
Apr  4 20:49:51 localhost smsd[2814155]: INFO:root:mme non_eps_service_config is not SMS_ORC8R, sleeping.
Apr  4 20:49:51 localhost sctpd[2814340]: I0404 20:49:51.836892 2814785 sctp_connection.cpp:195] Unhandled notification type 32777
Apr  4 20:49:52 localhost sctpd[2814340]: I0404 20:49:52.070165 2814785 sctp_connection.cpp:195] Unhandled notification type 32777
Apr  4 20:49:53 localhost magmad[2813991]: ERROR:root:Metrics upload error for service subscriberdb (chunk 0)! [StatusCode.DEADLINE_EXCEEDED] Deadline Exceeded
Apr  4 20:49:53 localhost magmad[2813991]: ERROR:root:Metrics upload error for service mobilityd (chunk 0)! [StatusCode.DEADLINE_EXCEEDED] Deadline Exceeded
Apr  4 20:49:53 localhost magmad[2813991]: ERROR:root:Metrics upload error for service mme (chunk 0)! [StatusCode.DEADLINE_EXCEEDED] Deadline Exceeded
Apr  4 20:49:53 localhost magmad[2813991]: ERROR:root:Metrics upload error for service magmad (chunk 0)! [StatusCode.DEADLINE_EXCEEDED] Deadline Exceeded
Apr  4 20:49:53 localhost magmad[2813991]: ERROR:root:Metrics upload error for service enodebd (chunk 0)! [StatusCode.DEADLINE_EXCEEDED] Deadline Exceeded
Apr  4 20:49:53 localhost magmad[2813991]: ERROR:root:Metrics upload error for service pipelined (chunk 0)! [StatusCode.DEADLINE_EXCEEDED] Deadline Exceeded
Apr  4 20:49:53 localhost magmad[2813991]: ERROR:root:Metrics upload error for service state (chunk 0)! [StatusCode.DEADLINE_EXCEEDED] Deadline Exceeded
Apr  4 20:49:53 localhost magmad[2813991]: ERROR:root:Metrics upload error for service sessiond (chunk 0)! [StatusCode.DEADLINE_EXCEEDED] Deadline Exceeded
Apr  4 20:49:54 localhost control_proxy[2814227]: 2022-04-04T20:49:54.037Z [127.0.0.1 -> state-controller.magmasi.wavelabs.in,8443] "POST /magma.orc8r.StateService/ReportStates HTTP/2" 200 5bytes 0.508s
Apr  4 20:49:54 localhost magmad[2813991]: INFO:root:Checkin Successful! Successfully sent states to the cloud!
Apr  4 20:49:56 localhost smsd[2814155]: INFO:root:mme non_eps_service_config is not SMS_ORC8R, sleeping.
Apr  4 20:49:56 localhost magmad[2813991]: INFO:root:Checking for upgrade...
Apr  4 20:49:56 localhost magmad[2813991]: WARNING:root:magmad package_version config missing or set to default 0.0.0-0, skipping upgrade
Apr  4 20:49:59 localhost mobilityd[2814061]: INFO:root:Using GW info: {'default': {2: ('172.16.4.1', 'eth0')}, 2: [('172.16.4.1', 'eth0', True)]}
Apr  4 20:49:59 localhost mobilityd[2814061]: INFO:root:GW-v6 probe: timer started
Apr  4 20:49:59 localhost dhclient[601]: DHCPREQUEST for 172.16.5.121 on eth1 to 172.16.5.2 port 67 (xid=0x25c866c5)
Apr  4 20:49:59 localhost magmad[2813991]: INFO:root:[SyncRPC] Got heartBeat from cloud
Apr  4 20:50:01 localhost smsd[2814155]: INFO:root:mme non_eps_service_config is not SMS_ORC8R, sleeping.
Apr  4 20:50:06 localhost smsd[2814155]: INFO:root:mme non_eps_service_config is not SMS_ORC8R, sleeping.
Apr  4 20:50:08 localhost control_proxy[2814227]: 2022-04-04T20:50:08.419Z [127.0.0.1 -> streamer-controller.magmasi.wavelabs.in,8443] "POST /magma.orc8r.Streamer/GetUpdates HTTP/2" 200 173bytes 0.530s
Apr  4 20:50:08 localhost policydb[2814134]: INFO:root:Processing 4 policy updates (resync=True)
Apr  4 20:50:09 localhost control_proxy[2814227]: 2022-04-04T20:50:08.419Z [127.0.0.1 -> streamer-controller.magmasi.wavelabs.in,8443] "POST /magma.orc8r.Streamer/GetUpdates HTTP/2" 200 7bytes 0.262s
Apr  4 20:50:09 localhost policydb[2814134]: INFO:root:Processing 0 basename -> policy updates
Apr  4 20:50:09 localhost control_proxy[2814227]: 2022-04-04T20:50:09.218Z [127.0.0.1 -> streamer-controller.magmasi.wavelabs.in,8443] "POST /magma.orc8r.Streamer/GetUpdates HTTP/2" 200 13513bytes 0.381s
Apr  4 20:50:09 localhost policydb[2814134]: INFO:root:Processing 222 SID -> apn -> policy updates
Apr  4 20:50:09 localhost control_proxy[2814227]: 2022-04-04T20:50:09.218Z [127.0.0.1 -> streamer-controller.magmasi.wavelabs.in,8443] "POST /magma.orc8r.Streamer/GetUpdates HTTP/2" 200 7bytes 0.282s
Apr  4 20:50:09 localhost policydb[2814134]: INFO:root:Processing 0 rating group updates
Apr  4 20:50:10 localhost dhclient[601]: DHCPREQUEST for 172.16.5.121 on eth1 to 172.16.5.2 port 67 (xid=0x25c866c5)
Apr  4 20:50:11 localhost smsd[2814155]: INFO:root:mme non_eps_service_config is not SMS_ORC8R, sleeping.
Apr  4 20:50:13 localhost sctpd[2814340]: I0404 20:50:13.550220 2814785 sctp_connection.cpp:195] Unhandled notification type 32776
Apr  4 20:50:13 localhost sctpd[2814340]: I0404 20:50:13.686933 2814785 sctp_connection.cpp:195] Unhandled notification type 32776
Apr  4 20:50:14 localhost sctpd[2814340]: I0404 20:50:14.747670 2814785 sctp_connection.cpp:195] Unhandled notification type 32777
Apr  4 20:50:14 localhost sctpd[2814340]: I0404 20:50:14.853652 2814785 sctp_connection.cpp:195] Unhandled notification type 32777
Apr  4 20:50:15 localhost sctpd[2814340]: I0404 20:50:15.085472 2814785 sctp_connection.cpp:195] Unhandled notification type 32777
Apr  4 20:50:15 localhost sctpd[2814340]: I0404 20:50:15.194427 2814785 sctp_connection.cpp:195] Unhandled notification type 32777
Apr  4 20:50:15 localhost mme[2814743]: [DEBUG] Sending S6A-UPDATE_LOCATION_REQUEST with IMSI: 222700000000001
Apr  4 20:50:15 localhost mme[2814743]: [INFO] Received S6A-LOCATION-UPDATE_ANSWER for IMSI: 222700000000001; Status: ; StatusCode: 2001
Apr  4 20:50:15 localhost mme[2814743]: [INFO] sent itti S6A-LOCATION-UPDATE_ANSWER for IMSI: 222700000000001
Apr  4 20:50:15 localhost sctpd[2814340]: I0404 20:50:15.312016 2814785 sctp_connection.cpp:195] Unhandled notification type 32777
Apr  4 20:50:16 localhost smsd[2814155]: INFO:root:mme non_eps_service_config is not SMS_ORC8R, sleeping.
Apr  4 20:50:17 localhost mobilityd[2814061]: INFO:root:Allocated IP 192.168.128.73 for sid IMSI222700000000001 for apn default
Apr  4 20:50:17 localhost policydb[2814134]: INFO:root:Creating a session for subscriber ID: IMSI222700000000001
Apr  4 20:50:17 localhost sessiond[2814068]: I0404 20:50:17.567132 2814068 SetMessageManagerHandler.cpp:342] Processing a CreateSessionResponse for IMSI222700000000001-699872
Apr  4 20:50:17 localhost sessiond[2814068]: I0404 20:50:17.567476 2814068 SessionState.cpp:2774] RuleID allowlist_sid-IMSI222700000000001-default doesn't have a version registered for IMSI222700000000001-699872, this is unexpected
Apr  4 20:50:17 localhost mme[2814743]: PDUSessionResourceSetupRequestTransfer ::= {
Apr  4 20:50:17 localhost mme[2814743]:     protocolIEs: ProtocolIE-Container ::= {
Apr  4 20:50:17 localhost mme[2814743]:         PDUSessionResourceSetupRequestTransferIEs ::= {
Apr  4 20:50:17 localhost mme[2814743]:             id: 130
Apr  4 20:50:17 localhost mme[2814743]:             criticality: 0 (reject)
Apr  4 20:50:17 localhost mme[2814743]:             value: PDUSessionAggregateMaximumBitRate ::= {
Apr  4 20:50:17 localhost mme[2814743]:                 pDUSessionAggregateMaximumBitRateDL: 100000000
Apr  4 20:50:17 localhost mme[2814743]:                 pDUSessionAggregateMaximumBitRateUL: 100000000
Apr  4 20:50:17 localhost mme[2814743]:             }
Apr  4 20:50:17 localhost mme[2814743]:         }
Apr  4 20:50:17 localhost mme[2814743]:         PDUSessionResourceSetupRequestTransferIEs ::= {
Apr  4 20:50:17 localhost mme[2814743]:             id: 139
Apr  4 20:50:17 localhost mme[2814743]:             criticality: 0 (reject)
Apr  4 20:50:17 localhost mme[2814743]:             value: GTPTunnel ::= {
Apr  4 20:50:17 localhost mme[2814743]:                 transportLayerAddress: AC 10 05 79
Apr  4 20:50:17 localhost mme[2814743]:                 gTP-TEID: 80 00 00 00
Apr  4 20:50:17 localhost mme[2814743]:             }
Apr  4 20:50:17 localhost mme[2814743]:         }
Apr  4 20:50:17 localhost mme[2814743]:         PDUSessionResourceSetupRequestTransferIEs ::= {
Apr  4 20:50:17 localhost mme[2814743]:             id: 134
Apr  4 20:50:17 localhost mme[2814743]:             criticality: 0 (reject)
Apr  4 20:50:17 localhost mme[2814743]:             value: 0 (ipv4)
Apr  4 20:50:17 localhost mme[2814743]:         }
Apr  4 20:50:17 localhost mme[2814743]:         PDUSessionResourceSetupRequestTransferIEs ::= {
Apr  4 20:50:17 localhost mme[2814743]:             id: 136
Apr  4 20:50:17 localhost mme[2814743]:             criticality: 0 (reject)
Apr  4 20:50:17 localhost mme[2814743]:             value: QosFlowSetupRequestList ::= {
Apr  4 20:50:17 localhost mme[2814743]:                 QosFlowSetupRequestItem ::= {
Apr  4 20:50:17 localhost mme[2814743]:                     qosFlowIdentifier: 9
Apr  4 20:50:17 localhost mme[2814743]:                     qosFlowLevelQosParameters: QosFlowLevelQosParameters ::= {
Apr  4 20:50:17 localhost mme[2814743]:                         qosCharacteristics: NonDynamic5QIDescriptor ::= {
Apr  4 20:50:17 localhost mme[2814743]:                             fiveQI: 9
Apr  4 20:50:17 localhost mme[2814743]:                         }
Apr  4 20:50:17 localhost mme[2814743]:                         allocationAndRetentionPriority: AllocationAndRetentionPriority ::= {
Apr  4 20:50:17 localhost mme[2814743]:                             priorityLevelARP: 15
Apr  4 20:50:17 localhost mme[2814743]:                             pre-emptionCapability: 0 (shall-not-trigger-pre-emption)
Apr  4 20:50:17 localhost mme[2814743]:                             pre-emptionVulnerability: 0 (not-pre-emptable)
Apr  4 20:50:17 localhost mme[2814743]:                         }
Apr  4 20:50:17 localhost mme[2814743]:                     }
Apr  4 20:50:17 localhost mme[2814743]:                 }
Apr  4 20:50:17 localhost mme[2814743]:             }
Apr  4 20:50:17 localhost mme[2814743]:         }
Apr  4 20:50:17 localhost mme[2814743]:     }
Apr  4 20:50:17 localhost mme[2814743]: }
Apr  4 20:50:17 localhost sctpd[2814340]: I0404 20:50:17.652608 2814785 sctp_connection.cpp:195] Unhandled notification type 32777
Apr  4 20:50:17 localhost sessiond[2814068]: I0404 20:50:17.655748 2814068 SessionStateEnforcer.cpp:869]  AMF teid: 40000000 ip address 10.10.10.11 of imsi: IMSI222700000000001 fteid: 2147483648 pdu id: 1 UE ip address 192.168.128.73
Apr  4 20:50:17 localhost eventd[2814147]: DEBUG:root:Logging event: stream_name: "sessiond"
Apr  4 20:50:17 localhost eventd[2814147]: event_type: "session_created"
Apr  4 20:50:17 localhost eventd[2814147]: tag: "IMSI222700000000001"
Apr  4 20:50:17 localhost eventd[2814147]: value: "{\"mac_addr\":\"\",\"user_location\":\"\",\"spgw_ip\":\"\",\"imei\":\"\",\"pdp_start_time\":140019557744920,\"session_id\":\"IMSI222700000000001-699872\",\"apn\":\"default\",\"msisdn\":\"\",\"charging_characteristics\":\"\",\"ipv6_addr\":\"\",\"ip_addr\":\"192.168.128.73\",\"imsi\":\"IMSI222700000000001\"}"
Apr  4 20:50:17 localhost eventd[2814147]: ERROR:root:Connection to FluentBit failed: [Errno 111] Connection refused
Apr  4 20:50:17 localhost eventd[2814147]: INFO:root:FluentBit (td-agent-bit) may not be enabled or configured correctly
Apr  4 20:50:17 localhost sessiond[2814068]: I0404 20:50:17.666500 2814083 SessionEvents.cpp:131] Could not log session_created event {"mac_addr":"","user_location":"","spgw_ip":"","imei":"","pdp_start_time":140019557744920,"session_id":"IMSI222700000000001-699872","apn":"default","msisdn":"","charging_characteristics":"","ipv6_addr":"","ip_addr":"192.168.128.73","imsi":"IMSI222700000000001"}, Error Message: Could not connect to FluentBit locally, Details: [Errno 111] Connection refused
Apr  4 20:50:19 localhost mobilityd[2814061]: INFO:root:Using GW info: {'default': {2: ('172.16.4.1', 'eth0')}, 2: [('172.16.4.1', 'eth0', True)]}
Apr  4 20:50:19 localhost mobilityd[2814061]: INFO:root:GW-v6 probe: timer started
Apr  4 20:50:19 localhost mme[2814743]: InitiatingMessage ::= {
Apr  4 20:50:19 localhost mme[2814743]:     procedureCode: 28
Apr  4 20:50:19 localhost mme[2814743]:     criticality: 1 (ignore)
Apr  4 20:50:19 localhost mme[2814743]:     value: PDUSessionResourceReleaseCommand ::= {
Apr  4 20:50:19 localhost mme[2814743]:         protocolIEs: ProtocolIE-Container ::= {
Apr  4 20:50:19 localhost mme[2814743]:             PDUSessionResourceReleaseCommandIEs ::= {
Apr  4 20:50:19 localhost mme[2814743]:                 id: 10
Apr  4 20:50:19 localhost mme[2814743]:                 criticality: 0 (reject)
Apr  4 20:50:19 localhost mme[2814743]:                 value: 23
Apr  4 20:50:19 localhost mme[2814743]:             }
Apr  4 20:50:19 localhost mme[2814743]:             PDUSessionResourceReleaseCommandIEs ::= {
Apr  4 20:50:19 localhost mme[2814743]:                 id: 85
Apr  4 20:50:19 localhost mme[2814743]:                 criticality: 0 (reject)
Apr  4 20:50:19 localhost mme[2814743]:                 value: 4294967295
Apr  4 20:50:19 localhost mme[2814743]:             }
Apr  4 20:50:19 localhost mme[2814743]:             PDUSessionResourceReleaseCommandIEs ::= {
Apr  4 20:50:19 localhost mme[2814743]:                 id: 38
Apr  4 20:50:19 localhost mme[2814743]:                 criticality: 0 (reject)
Apr  4 20:50:19 localhost mme[2814743]:                 value:
Apr  4 20:50:19 localhost mme[2814743]:                     7E 01 8B 61 B2 04 03 7E 00 68 01 00 05 2E 01 01
Apr  4 20:50:19 localhost mme[2814743]:                     D3 24 12 01
Apr  4 20:50:19 localhost mme[2814743]:             }
Apr  4 20:50:19 localhost mme[2814743]:             PDUSessionResourceReleaseCommandIEs ::= {
Apr  4 20:50:19 localhost mme[2814743]:                 id: 79
Apr  4 20:50:19 localhost mme[2814743]:                 criticality: 0 (reject)
Apr  4 20:50:19 localhost mme[2814743]:                 value: PDUSessionResourceToReleaseListRelCmd ::= {
Apr  4 20:50:19 localhost mme[2814743]:                 }
Apr  4 20:50:19 localhost mme[2814743]:             }
Apr  4 20:50:19 localhost mme[2814743]:         }
Apr  4 20:50:19 localhost mme[2814743]:     }
Apr  4 20:50:19 localhost mme[2814743]: }
Apr  4 20:50:19 localhost sctpd[2814340]: I0404 20:50:19.934072 2814785 sctp_connection.cpp:195] Unhandled notification type 32777
Apr  4 20:50:21 localhost smsd[2814155]: INFO:root:mme non_eps_service_config is not SMS_ORC8R, sleeping.
Apr  4 20:50:31 localhost smsd[2814155]: message repeated 2 times: [ INFO:root:mme non_eps_service_config is not SMS_ORC8R, sleeping.]
Apr  4 20:50:31 localhost dhclient[601]: DHCPREQUEST for 172.16.5.121 on eth1 to 172.16.5.2 port 67 (xid=0x25c866c5)
Apr  4 20:50:36 localhost sctpd[2814340]: I0404 20:50:36.087159 2814785 sctp_connection.cpp:195] Unhandled notification type 32777
Apr  4 20:50:36 localhost smsd[2814155]: INFO:root:mme non_eps_service_config is not SMS_ORC8R, sleeping.
Apr  4 20:50:38 localhost dhclient[601]: DHCPREQUEST for 172.16.5.121 on eth1 to 172.16.5.2 port 67 (xid=0x25c866c5)
Apr  4 20:50:39 localhost mobilityd[2814061]: INFO:root:Using GW info: {'default': {2: ('172.16.4.1', 'eth0')}, 2: [('172.16.4.1', 'eth0', True)]}
Apr  4 20:50:39 localhost mobilityd[2814061]: INFO:root:GW-v6 probe: timer started
Apr  4 20:50:41 localhost smsd[2814155]: INFO:root:mme non_eps_service_config is not SMS_ORC8R, sleeping.
Apr  4 20:50:44 localhost magmad[2813991]: ERROR:root:Metrics upload error for service subscriberdb (chunk 0)! [StatusCode.DEADLINE_EXCEEDED] Deadline Exceeded
Apr  4 20:50:44 localhost magmad[2813991]: ERROR:root:Metrics upload error for service mobilityd (chunk 0)! [StatusCode.DEADLINE_EXCEEDED] Deadline Exceeded
Apr  4 20:50:44 localhost magmad[2813991]: ERROR:root:Metrics upload error for service mme (chunk 0)! [StatusCode.DEADLINE_EXCEEDED] Deadline Exceeded
Apr  4 20:50:44 localhost magmad[2813991]: ERROR:root:Metrics upload error for service magmad (chunk 0)! [StatusCode.DEADLINE_EXCEEDED] Deadline Exceeded
Apr  4 20:50:44 localhost magmad[2813991]: ERROR:root:Metrics upload error for service enodebd (chunk 0)! [StatusCode.DEADLINE_EXCEEDED] Deadline Exceeded
Apr  4 20:50:44 localhost magmad[2813991]: ERROR:root:Metrics upload error for service pipelined (chunk 0)! [StatusCode.DEADLINE_EXCEEDED] Deadline Exceeded
Apr  4 20:50:44 localhost magmad[2813991]: ERROR:root:Metrics upload error for service state (chunk 0)! [StatusCode.DEADLINE_EXCEEDED] Deadline Exceeded
Apr  4 20:50:44 localhost magmad[2813991]: ERROR:root:Metrics upload error for service sessiond (chunk 0)! [StatusCode.DEADLINE_EXCEEDED] Deadline Exceeded
Apr  4 20:50:46 localhost smsd[2814155]: INFO:root:mme non_eps_service_config is not SMS_ORC8R, sleeping.
Apr  4 20:50:51 localhost smsd[2814155]: INFO:root:mme non_eps_service_config is not SMS_ORC8R, sleeping.
Apr  4 20:50:52 localhost sctpd[2814340]: I0404 20:50:52.099110 2814785 sctp_connection.cpp:195] Unhandled notification type 32777
Apr  4 20:50:55 localhost magmad[2813991]: INFO:root:Setting logging level to INFO
Apr  4 20:50:56 localhost dhclient[601]: DHCPREQUEST for 172.16.5.121 on eth1 to 172.16.5.2 port 67 (xid=0x25c866c5)
Apr  4 20:50:56 localhost smsd[2814155]: INFO:root:mme non_eps_service_config is not SMS_ORC8R, sleeping.
Apr  4 20:50:57 localhost control_proxy[2814227]: 2022-04-04T20:49:57.684Z [127.0.0.1 -> streamer-controller.magmasi.wavelabs.in,8443] "POST /magma.orc8r.Streamer/GetUpdates HTTP/2" 200 0bytes 60.255s
Apr  4 20:50:57 localhost magmad[2813991]: ERROR:root:Error! Streaming from the cloud failed! [StatusCode.ABORTED] error while streaming updates: rpc error: code = DeadlineExceeded desc = context deadline exceeded
Apr  4 20:50:59 localhost mobilityd[2814061]: INFO:root:Using GW info: {'default': {2: ('172.16.4.1', 'eth0')}, 2: [('172.16.4.1', 'eth0', True)]}
Apr  4 20:50:59 localhost mobilityd[2814061]: INFO:root:GW-v6 probe: timer started
Apr  4 20:50:59 localhost control_proxy[2814227]: 2022-04-04T20:50:59.003Z [127.0.0.1 -> state-controller.magmasi.wavelabs.in,8443] "POST /magma.orc8r.StateService/SyncStates HTTP/2" 200 5bytes 0.258s
Apr  4 20:50:59 localhost state[2814146]: INFO:root:Successfully resynced state with Orchestrator!
Apr  4 20:50:59 localhost magmad[2813991]: INFO:root:[SyncRPC] Got heartBeat from cloud
Apr  4 20:51:01 localhost smsd[2814155]: INFO:root:mme non_eps_service_config is not SMS_ORC8R, sleeping.
Apr  4 20:51:06 localhost smsd[2814155]: INFO:root:mme non_eps_service_config is not SMS_ORC8R, sleeping.
Apr  4 20:51:08 localhost sctpd[2814340]: I0404 20:51:08.115365 2814785 sctp_connection.cpp:195] Unhandled notification type 32777
Apr  4 20:51:10 localhost control_proxy[2814227]: 2022-04-04T20:51:09.953Z [127.0.0.1 -> streamer-controller.magmasi.wavelabs.in,8443] "POST /magma.orc8r.Streamer/GetUpdates HTTP/2" 200 173bytes 0.514s
Apr  4 20:51:10 localhost policydb[2814134]: INFO:root:Processing 4 policy updates (resync=True)
Apr  4 20:51:10 localhost control_proxy[2814227]: 2022-04-04T20:51:10.474Z [127.0.0.1 -> streamer-controller.magmasi.wavelabs.in,8443] "POST /magma.orc8r.Streamer/GetUpdates HTTP/2" 200 7bytes 0.270s
Apr  4 20:51:10 localhost policydb[2814134]: INFO:root:Processing 0 basename -> policy updates
Apr  4 20:51:11 localhost control_proxy[2814227]: 2022-04-04T20:51:10.474Z [127.0.0.1 -> streamer-controller.magmasi.wavelabs.in,8443] "POST /magma.orc8r.Streamer/GetUpdates HTTP/2" 200 13513bytes 0.289s
Apr  4 20:51:11 localhost policydb[2814134]: INFO:root:Processing 222 SID -> apn -> policy updates
Apr  4 20:51:11 localhost control_proxy[2814227]: 2022-04-04T20:51:11.045Z [127.0.0.1 -> streamer-controller.magmasi.wavelabs.in,8443] "POST /magma.orc8r.Streamer/GetUpdates HTTP/2" 200 7bytes 0.266s
Apr  4 20:51:11 localhost policydb[2814134]: INFO:root:Processing 0 rating group updates
Apr  4 20:51:11 localhost smsd[2814155]: INFO:root:mme non_eps_service_config is not SMS_ORC8R, sleeping.
Apr  4 20:51:13 localhost control_proxy[2814227]: 2022-04-04T20:51:13.636Z [127.0.0.1 -> state-controller.magmasi.wavelabs.in,8443] "POST /magma.orc8r.StateService/ReportStates HTTP/2" 200 5bytes 0.265s
Apr  4 20:51:13 localhost dhclient[601]: DHCPREQUEST for 172.16.5.121 on eth1 to 172.16.5.2 port 67 (xid=0x25c866c5)
Apr  4 20:51:13 localhost magmad[2813991]: INFO:root:Checkin Successful! Successfully sent states to the cloud!
Apr  4 20:51:16 localhost smsd[2814155]: INFO:root:mme non_eps_service_config is not SMS_ORC8R, sleeping.
Apr  4 20:51:19 localhost mobilityd[2814061]: INFO:root:Using GW info: {'default': {2: ('172.16.4.1', 'eth0')}, 2: [('172.16.4.1', 'eth0', True)]}
Apr  4 20:51:19 localhost mobilityd[2814061]: INFO:root:GW-v6 probe: timer started
Apr  4 20:51:21 localhost smsd[2814155]: INFO:root:mme non_eps_service_config is not SMS_ORC8R, sleeping.
Apr  4 20:51:24 localhost sctpd[2814340]: I0404 20:51:24.127079 2814785 sctp_connection.cpp:195] Unhandled notification type 32777
Apr  4 20:51:26 localhost dhclient[601]: DHCPREQUEST for 172.16.5.121 on eth1 to 172.16.5.2 port 67 (xid=0x25c866c5)
Apr  4 20:51:26 localhost smsd[2814155]: INFO:root:mme non_eps_service_config is not SMS_ORC8R, sleeping.
Apr  4 20:51:31 localhost smsd[2814155]: INFO:root:mme non_eps_service_config is not SMS_ORC8R, sleeping.
Apr  4 20:51:34 localhost dhclient[601]: DHCPREQUEST for 172.16.5.121 on eth1 to 172.16.5.2 port 67 (xid=0x25c866c5)
Apr  4 20:51:36 localhost smsd[2814155]: INFO:root:mme non_eps_service_config is not SMS_ORC8R, sleeping.
Apr  4 20:51:39 localhost mobilityd[2814061]: INFO:root:Using GW info: {'default': {2: ('172.16.4.1', 'eth0')}, 2: [('172.16.4.1', 'eth0', True)]}
Apr  4 20:51:39 localhost mobilityd[2814061]: INFO:root:GW-v6 probe: timer started
Apr  4 20:51:39 localhost sessiond[2814068]: I0404 20:51:39.926542 2814068 SetMessageManagerHandler.cpp:142] Release request for session from IMSI: IMSI222700000000001 pdu_id 1
Apr  4 20:51:39 localhost mobilityd[2814061]: INFO:root:Released IP 192.168.128.73 for sid IMSI222700000000001
Apr  4 20:51:39 localhost policydb[2814134]: INFO:root:Terminating session: IMSI222700000000001-699872
Apr  4 20:51:39 localhost eventd[2814147]: DEBUG:root:Logging event: stream_name: "sessiond"
Apr  4 20:51:39 localhost eventd[2814147]: event_type: "session_terminated"
Apr  4 20:51:39 localhost eventd[2814147]: tag: "IMSI222700000000001"
Apr  4 20:51:39 localhost eventd[2814147]: value: "{\"mac_addr\":\"\",\"user_location\":\"\",\"spgw_ip\":\"\",\"imei\":\"\",\"record_sequence_number\":1,\"pdp_end_time\":140020106065488,\"charging_rx\":0,\"duration\":548320568,\"ip_addr\":\"192.168.128.73\",\"monitoring_tx\":0,\"ipv6_addr\":\"\",\"msisdn\":\"\",\"apn\":\"default\",\"session_id\":\"IMSI222700000000001-699872\",\"list_of_service_data\":[],\"charging_characteristics\":\"\",\"total_tx\":0,\"cause_for_rec_closing\":0,\"imsi\":\"IMSI222700000000001\",\"total_rx\":0,\"monitoring_rx\":0,\"charging_tx\":0,\"pdp_start_time\":140019557744920}"
Apr  4 20:51:39 localhost eventd[2814147]: ERROR:root:Connection to FluentBit failed: [Errno 111] Connection refused
Apr  4 20:51:39 localhost eventd[2814147]: INFO:root:FluentBit (td-agent-bit) may not be enabled or configured correctly
Apr  4 20:51:39 localhost sessiond[2814068]: I0404 20:51:39.950853 2814083 SessionEvents.cpp:291] Could not log session_terminated event {"mac_addr":"","user_location":"","spgw_ip":"","imei":"","record_sequence_number":1,"pdp_end_time":140020106065488,"charging_rx":0,"duration":548320568,"ip_addr":"192.168.128.73","monitoring_tx":0,"ipv6_addr":"","msisdn":"","apn":"default","session_id":"IMSI222700000000001-699872","list_of_service_data":[],"charging_characteristics":"","total_tx":0,"cause_for_rec_closing":0,"imsi":"IMSI222700000000001","total_rx":0,"monitoring_rx":0,"charging_tx":0,"pdp_start_time":140019557744920}, Error Message: Could not connect to FluentBit locally, Details: [Errno 111] Connection refused
Apr  4 20:51:41 localhost smsd[2814155]: INFO:root:mme non_eps_service_config is not SMS_ORC8R, sleeping.
Apr  4 20:51:44 localhost magmad[2813991]: ERROR:root:Metrics upload error for service subscriberdb (chunk 0)! [StatusCode.DEADLINE_EXCEEDED] Deadline Exceeded
Apr  4 20:51:44 localhost magmad[2813991]: ERROR:root:Metrics upload error for service mobilityd (chunk 0)! [StatusCode.DEADLINE_EXCEEDED] Deadline Exceeded
Apr  4 20:51:44 localhost magmad[2813991]: ERROR:root:Metrics upload error for service mme (chunk 0)! [StatusCode.DEADLINE_EXCEEDED] Deadline Exceeded
Apr  4 20:51:44 localhost magmad[2813991]: ERROR:root:Metrics upload error for service magmad (chunk 0)! [StatusCode.DEADLINE_EXCEEDED] Deadline Exceeded
Apr  4 20:51:44 localhost magmad[2813991]: ERROR:root:Metrics upload error for service enodebd (chunk 0)! [StatusCode.DEADLINE_EXCEEDED] Deadline Exceeded
Apr  4 20:51:44 localhost magmad[2813991]: ERROR:root:Metrics upload error for service pipelined (chunk 0)! [StatusCode.DEADLINE_EXCEEDED] Deadline Exceeded
Apr  4 20:51:44 localhost magmad[2813991]: ERROR:root:Metrics upload error for service state (chunk 0)! [StatusCode.DEADLINE_EXCEEDED] Deadline Exceeded
Apr  4 20:51:44 localhost magmad[2813991]: ERROR:root:Metrics upload error for service sessiond (chunk 0)! [StatusCode.DEADLINE_EXCEEDED] Deadline Exceeded
Apr  4 20:51:44 localhost sessiond[2814068]: I0404 20:51:44.934077 2814068 SessionStateEnforcer.cpp:377] Nothing to remove as no respective entry found for session id IMSI222700000000001-699872 of IMSI IMSI222700000000001
Apr  4 20:51:46 localhost smsd[2814155]: INFO:root:mme non_eps_service_config is not SMS_ORC8R, sleeping.
Apr  4 20:51:49 localhost sctpd[2814340]: I0404 20:51:49.589740 2814785 sctp_connection.cpp:195] Unhandled notification type 32776
Apr  4 20:51:50 localhost sctpd[2814340]: I0404 20:51:50.649194 2814785 sctp_connection.cpp:195] Unhandled notification type 32777
Apr  4 20:51:50 localhost sctpd[2814340]: I0404 20:51:50.891485 2814785 sctp_connection.cpp:195] Unhandled notification type 32777
Apr  4 20:51:51 localhost sctpd[2814340]: I0404 20:51:51.010839 2814785 sctp_connection.cpp:195] Unhandled notification type 32777
Apr  4 20:51:51 localhost mme[2814743]: [DEBUG] Sending S6A-UPDATE_LOCATION_REQUEST with IMSI: 222700000000001
Apr  4 20:51:51 localhost mme[2814743]: [INFO] Received S6A-LOCATION-UPDATE_ANSWER for IMSI: 222700000000001; Status: ; StatusCode: 2001
Apr  4 20:51:51 localhost mme[2814743]: [INFO] sent itti S6A-LOCATION-UPDATE_ANSWER for IMSI: 222700000000001
Apr  4 20:51:51 localhost sctpd[2814340]: I0404 20:51:51.129004 2814785 sctp_connection.cpp:195] Unhandled notification type 32777
Apr  4 20:51:51 localhost sctpd[2814340]: I0404 20:51:51.543231 2814785 sctp_connection.cpp:195] Unhandled notification type 32777
Apr  4 20:51:51 localhost smsd[2814155]: INFO:root:mme non_eps_service_config is not SMS_ORC8R, sleeping.
Apr  4 20:51:52 localhost dhclient[601]: DHCPREQUEST for 172.16.5.121 on eth1 to 172.16.5.2 port 67 (xid=0x25c866c5)
Apr  4 20:51:56 localhost smsd[2814155]: INFO:root:mme non_eps_service_config is not SMS_ORC8R, sleeping.
Apr  4 20:51:57 localhost mme[2814743]: [DEBUG] Sending S6A-UPDATE_LOCATION_REQUEST with IMSI: 222700000000001
Apr  4 20:51:57 localhost mme[2814743]: [INFO] Received S6A-LOCATION-UPDATE_ANSWER for IMSI: 222700000000001; Status: ; StatusCode: 2001
Apr  4 20:51:57 localhost mme[2814743]: [INFO] sent itti S6A-LOCATION-UPDATE_ANSWER for IMSI: 222700000000001
Apr  4 20:51:57 localhost sctpd[2814340]: I0404 20:51:57.227099 2814785 sctp_connection.cpp:195] Unhandled notification type 32777
Apr  4 20:51:59 localhost mobilityd[2814061]: INFO:root:Using GW info: {'default': {2: ('172.16.4.1', 'eth0')}, 2: [('172.16.4.1', 'eth0', True)]}
Apr  4 20:51:59 localhost mobilityd[2814061]: INFO:root:GW-v6 probe: timer started
Apr  4 20:51:59 localhost magmad[2813991]: INFO:root:[SyncRPC] Got heartBeat from cloud
Apr  4 20:52:01 localhost smsd[2814155]: INFO:root:mme non_eps_service_config is not SMS_ORC8R, sleeping.
Apr  4 20:52:03 localhost mme[2814743]: [DEBUG] Sending S6A-UPDATE_LOCATION_REQUEST with IMSI: 222700000000001
Apr  4 20:52:03 localhost mme[2814743]: [INFO] Received S6A-LOCATION-UPDATE_ANSWER for IMSI: 222700000000001; Status: ; StatusCode: 2001
Apr  4 20:52:03 localhost mme[2814743]: [INFO] sent itti S6A-LOCATION-UPDATE_ANSWER for IMSI: 222700000000001
Apr  4 20:52:06 localhost smsd[2814155]: INFO:root:mme non_eps_service_config is not SMS_ORC8R, sleeping.
Apr  4 20:52:07 localhost sctpd[2814340]: I0404 20:52:07.458570 2814785 sctp_connection.cpp:195] Unhandled notification type 32776
Apr  4 20:52:08 localhost sctpd[2814340]: I0404 20:52:08.520277 2814785 sctp_connection.cpp:195] Unhandled notification type 32777
Apr  4 20:52:08 localhost dhclient[601]: DHCPREQUEST for 172.16.5.121 on eth1 to 172.16.5.2 port 67 (xid=0x25c866c5)
Apr  4 20:52:09 localhost mme[2814743]: [DEBUG] Sending S6A-UPDATE_LOCATION_REQUEST with IMSI: 222700000000001
Apr  4 20:52:09 localhost mme[2814743]: [INFO] Received S6A-LOCATION-UPDATE_ANSWER for IMSI: 222700000000001; Status: ; StatusCode: 2001
Apr  4 20:52:09 localhost mme[2814743]: [INFO] sent itti S6A-LOCATION-UPDATE_ANSWER for IMSI: 222700000000001
Apr  4 20:52:11 localhost smsd[2814155]: INFO:root:mme non_eps_service_config is not SMS_ORC8R, sleeping.
Apr  4 20:52:12 localhost control_proxy[2814227]: 2022-04-04T20:52:11.371Z [127.0.0.1 -> streamer-controller.magmasi.wavelabs.in,8443] "POST /magma.orc8r.Streamer/GetUpdates HTTP/2" 200 173bytes 0.687s
Apr  4 20:52:12 localhost policydb[2814134]: INFO:root:Processing 4 policy updates (resync=True)
Apr  4 20:52:12 localhost control_proxy[2814227]: 2022-04-04T20:52:12.061Z [127.0.0.1 -> streamer-controller.magmasi.wavelabs.in,8443] "POST /magma.orc8r.Streamer/GetUpdates HTTP/2" 200 7bytes 0.286s
Apr  4 20:52:12 localhost policydb[2814134]: INFO:root:Processing 0 basename -> policy updates
Apr  4 20:52:12 localhost control_proxy[2814227]: 2022-04-04T20:52:12.061Z [127.0.0.1 -> streamer-controller.magmasi.wavelabs.in,8443] "POST /magma.orc8r.Streamer/GetUpdates HTTP/2" 200 13513bytes 0.345s
Apr  4 20:52:12 localhost policydb[2814134]: INFO:root:Processing 222 SID -> apn -> policy updates
Apr  4 20:52:12 localhost control_proxy[2814227]: 2022-04-04T20:52:12.061Z [127.0.0.1 -> streamer-controller.magmasi.wavelabs.in,8443] "POST /magma.orc8r.Streamer/GetUpdates HTTP/2" 200 7bytes 0.278s
Apr  4 20:52:12 localhost policydb[2814134]: INFO:root:Processing 0 rating group updates
Apr  4 20:52:14 localhost magmad[2813991]: INFO:root:Setting logging level to INFO
Apr  4 20:52:15 localhost mme[2814743]: [DEBUG] Sending S6A-UPDATE_LOCATION_REQUEST with IMSI: 222700000000001
Apr  4 20:52:15 localhost mme[2814743]: [INFO] Received S6A-LOCATION-UPDATE_ANSWER for IMSI: 222700000000001; Status: ; StatusCode: 2001
Apr  4 20:52:15 localhost mme[2814743]: [INFO] sent itti S6A-LOCATION-UPDATE_ANSWER for IMSI: 222700000000001
Apr  4 20:52:16 localhost smsd[2814155]: INFO:root:mme non_eps_service_config is not SMS_ORC8R, sleeping.
Apr  4 20:52:19 localhost mobilityd[2814061]: INFO:root:Using GW info: {'default': {2: ('172.16.4.1', 'eth0')}, 2: [('172.16.4.1', 'eth0', True)]}
Apr  4 20:52:19 localhost mobilityd[2814061]: INFO:root:GW-v6 probe: timer started
Apr  4 20:52:21 localhost smsd[2814155]: INFO:root:mme non_eps_service_config is not SMS_ORC8R, sleeping.
Apr  4 20:52:26 localhost smsd[2814155]: INFO:root:mme non_eps_service_config is not SMS_ORC8R, sleeping.
Apr  4 20:52:29 localhost dhclient[601]: DHCPREQUEST for 172.16.5.121 on eth1 to 172.16.5.2 port 67 (xid=0x25c866c5)
Apr  4 20:52:30 localhost sctpd[2814340]: I0404 20:52:30.101480 2814785 sctp_connection.cpp:195] Unhandled notification type 32776
Apr  4 20:52:31 localhost sctpd[2814340]: I0404 20:52:31.160243 2814785 sctp_connection.cpp:195] Unhandled notification type 32777
Apr  4 20:52:31 localhost sctpd[2814340]: I0404 20:52:31.380383 2814785 sctp_connection.cpp:195] Unhandled notification type 32777
Apr  4 20:52:31 localhost sctpd[2814340]: I0404 20:52:31.494678 2814785 sctp_connection.cpp:195] Unhandled notification type 32777
Apr  4 20:52:31 localhost mme[2814743]: [DEBUG] Sending S6A-UPDATE_LOCATION_REQUEST with IMSI: 222700000000001
Apr  4 20:52:31 localhost mme[2814743]: [INFO] Received S6A-LOCATION-UPDATE_ANSWER for IMSI: 222700000000001; Status: ; StatusCode: 2001
Apr  4 20:52:31 localhost mme[2814743]: [INFO] sent itti S6A-LOCATION-UPDATE_ANSWER for IMSI: 222700000000001
Apr  4 20:52:31 localhost sctpd[2814340]: I0404 20:52:31.611795 2814785 sctp_connection.cpp:195] Unhandled notification type 32777
Apr  4 20:52:31 localhost smsd[2814155]: INFO:root:mme non_eps_service_config is not SMS_ORC8R, sleeping.
Apr  4 20:52:33 localhost control_proxy[2814227]: 2022-04-04T20:52:33.133Z [127.0.0.1 -> state-controller.magmasi.wavelabs.in,8443] "POST /magma.orc8r.StateService/ReportStates HTTP/2" 200 5bytes 0.590s
Apr  4 20:52:33 localhost magmad[2813991]: INFO:root:Checkin Successful! Successfully sent states to the cloud!
Apr  4 20:52:33 localhost sctpd[2814340]: I0404 20:52:33.995174 2814785 sctp_connection.cpp:195] Unhandled notification type 32777
Apr  4 20:52:36 localhost sctpd[2814340]: I0404 20:52:36.222582 2814785 sctp_connection.cpp:195] Unhandled notification type 32777
Apr  4 20:52:36 localhost sctpd[2814340]: I0404 20:52:36.335680 2814785 sctp_connection.cpp:195] Unhandled notification type 32777
Apr  4 20:52:36 localhost sctpd[2814340]: I0404 20:52:36.451901 2814785 sctp_connection.cpp:195] Unhandled notification type 32777
Apr  4 20:52:36 localhost mme[2814743]: [DEBUG] Sending S6A-UPDATE_LOCATION_REQUEST with IMSI: 222700000000001
Apr  4 20:52:36 localhost mme[2814743]: [INFO] Received S6A-LOCATION-UPDATE_ANSWER for IMSI: 222700000000001; Status: ; StatusCode: 2001
Apr  4 20:52:36 localhost mme[2814743]: [INFO] sent itti S6A-LOCATION-UPDATE_ANSWER for IMSI: 222700000000001
Apr  4 20:52:36 localhost sctpd[2814340]: I0404 20:52:36.571264 2814785 sctp_connection.cpp:195] Unhandled notification type 32777
Apr  4 20:52:37 localhost smsd[2814155]: INFO:root:mme non_eps_service_config is not SMS_ORC8R, sleeping.
Apr  4 20:52:39 localhost mobilityd[2814061]: INFO:root:Using GW info: {'default': {2: ('172.16.4.1', 'eth0')}, 2: [('172.16.4.1', 'eth0', True)]}
Apr  4 20:52:39 localhost mobilityd[2814061]: INFO:root:GW-v6 probe: timer started
Apr  4 20:52:42 localhost smsd[2814155]: INFO:root:mme non_eps_service_config is not SMS_ORC8R, sleeping.
Apr  4 20:52:45 localhost dhclient[601]: DHCPREQUEST for 172.16.5.121 on eth1 to 172.16.5.2 port 67 (xid=0x25c866c5)
Apr  4 20:52:47 localhost smsd[2814155]: INFO:root:mme non_eps_service_config is not SMS_ORC8R, sleeping.
Apr  4 20:52:52 localhost smsd[2814155]: INFO:root:mme non_eps_service_config is not SMS_ORC8R, sleeping.
Apr  4 20:52:55 localhost sctpd[2814340]: I0404 20:52:55.236913 2814785 sctp_connection.cpp:195] Unhandled notification type 32776
Apr  4 20:52:55 localhost sctpd[2814340]: I0404 20:52:55.369635 2814785 sctp_connection.cpp:195] Unhandled notification type 32776
Apr  4 20:52:56 localhost sctpd[2814340]: I0404 20:52:56.427915 2814785 sctp_connection.cpp:195] Unhandled notification type 32777
Apr  4 20:52:56 localhost sctpd[2814340]: I0404 20:52:56.545420 2814785 sctp_connection.cpp:195] Unhandled notification type 32777
Apr  4 20:52:56 localhost sctpd[2814340]: I0404 20:52:56.855032 2814785 sctp_connection.cpp:195] Unhandled notification type 32777
Apr  4 20:52:56 localhost sctpd[2814340]: I0404 20:52:56.882359 2814785 sctp_connection.cpp:195] Unhandled notification type 32777
Apr  4 20:52:57 localhost sctpd[2814340]: I0404 20:52:57.001055 2814785 sctp_connection.cpp:195] Unhandled notification type 32777
Apr  4 20:52:57 localhost sctpd[2814340]: I0404 20:52:57.118997 2814785 sctp_connection.cpp:195] Unhandled notification type 32777
Apr  4 20:52:57 localhost mme[2814743]: [DEBUG] Sending S6A-UPDATE_LOCATION_REQUEST with IMSI: 222700000000001
Apr  4 20:52:57 localhost mme[2814743]: [INFO] Received S6A-LOCATION-UPDATE_ANSWER for IMSI: 222700000000001; Status: ; StatusCode: 2001
Apr  4 20:52:57 localhost mme[2814743]: [INFO] sent itti S6A-LOCATION-UPDATE_ANSWER for IMSI: 222700000000001
Apr  4 20:52:57 localhost smsd[2814155]: INFO:root:mme non_eps_service_config is not SMS_ORC8R, sleeping.
Apr  4 20:52:57 localhost sctpd[2814340]: I0404 20:52:57.231717 2814785 sctp_connection.cpp:195] Unhandled notification type 32777
Apr  4 20:52:58 localhost control_proxy[2814227]: 2022-04-04T20:51:57.985Z [127.0.0.1 -> streamer-controller.magmasi.wavelabs.in,8443] "POST /magma.orc8r.Streamer/GetUpdates HTTP/2" 200 0bytes 60.516s
Apr  4 20:52:58 localhost magmad[2813991]: ERROR:root:Error! Streaming from the cloud failed! [StatusCode.ABORTED] error while streaming updates: rpc error: code = DeadlineExceeded desc = context deadline exceeded
Apr  4 20:52:59 localhost mobilityd[2814061]: INFO:root:Using GW info: {'default': {2: ('172.16.4.1', 'eth0')}, 2: [('172.16.4.1', 'eth0', True)]}
Apr  4 20:52:59 localhost mobilityd[2814061]: INFO:root:GW-v6 probe: timer started
Apr  4 20:52:59 localhost magmad[2813991]: INFO:root:[SyncRPC] Got heartBeat from cloud
Apr  4 20:52:59 localhost sctpd[2814340]: I0404 20:52:59.663621 2814785 sctp_connection.cpp:195] Unhandled notification type 32777
Apr  4 20:53:01 localhost sctpd[2814340]: I0404 20:53:01.936879 2814785 sctp_connection.cpp:195] Unhandled notification type 32777
Apr  4 20:53:02 localhost sctpd[2814340]: I0404 20:53:02.055132 2814785 sctp_connection.cpp:195] Unhandled notification type 32777
Apr  4 20:53:02 localhost mme[2814743]: [DEBUG] Sending S6A-UPDATE_LOCATION_REQUEST with IMSI: 222700000000001
Apr  4 20:53:02 localhost mme[2814743]: [INFO] Received S6A-LOCATION-UPDATE_ANSWER for IMSI: 222700000000001; Status: ; StatusCode: 2001
Apr  4 20:53:02 localhost mme[2814743]: [INFO] sent itti S6A-LOCATION-UPDATE_ANSWER for IMSI: 222700000000001
Apr  4 20:53:02 localhost smsd[2814155]: INFO:root:mme non_eps_service_config is not SMS_ORC8R, sleeping.
Apr  4 20:53:02 localhost sctpd[2814340]: I0404 20:53:02.174042 2814785 sctp_connection.cpp:195] Unhandled notification type 32777
Apr  4 20:53:02 localhost sctpd[2814340]: I0404 20:53:02.547966 2814785 sctp_connection.cpp:195] Unhandled notification type 32777
Apr  4 20:53:02 localhost subscriberdb[2814058]: INFO:root:get digest stored in gateway:
Apr  4 20:53:02 localhost control_proxy[2814227]: 2022-04-04T20:53:02.597Z [127.0.0.1 -> subscriberdb-controller.magmasi.wavelabs.in,8443] "POST /magma.lte.SubscriberDBCloud/CheckInSync HTTP/2" 200 0bytes 0.253s
Apr  4 20:53:02 localhost subscriberdb[2814058]: ERROR:root:Internal Error in subscriberdb-Orc8r communication. If AGW and Orc8r are deployed at a commit hash, upgrade AGW and Orc8r to latest commit hash.
Apr  4 20:53:03 localhost control_proxy[2814227]: 2022-04-04T20:53:02.597Z [127.0.0.1 -> subscriberdb-controller.magmasi.wavelabs.in,8443] "POST /magma.lte.SubscriberDBCloud/Sync HTTP/2" 200 0bytes 0.250s
Apr  4 20:53:03 localhost subscriberdb[2814058]: ERROR:root:Internal Error in subscriberdb-Orc8r communication. If AGW and Orc8r are deployed at a commit hash, upgrade AGW and Orc8r to latest commit hash.
Apr  4 20:53:03 localhost magmad[2813991]: ERROR:root:Metrics upload error for service subscriberdb (chunk 0)! [StatusCode.DEADLINE_EXCEEDED] Deadline Exceeded
Apr  4 20:53:03 localhost magmad[2813991]: ERROR:root:Metrics upload error for service mobilityd (chunk 0)! [StatusCode.DEADLINE_EXCEEDED] Deadline Exceeded
Apr  4 20:53:03 localhost magmad[2813991]: ERROR:root:Metrics upload error for service mme (chunk 0)! [StatusCode.DEADLINE_EXCEEDED] Deadline Exceeded
Apr  4 20:53:03 localhost magmad[2813991]: ERROR:root:Metrics upload error for service magmad (chunk 0)! [StatusCode.DEADLINE_EXCEEDED] Deadline Exceeded
Apr  4 20:53:03 localhost magmad[2813991]: ERROR:root:Metrics upload error for service enodebd (chunk 0)! [StatusCode.DEADLINE_EXCEEDED] Deadline Exceeded
Apr  4 20:53:03 localhost magmad[2813991]: ERROR:root:Metrics upload error for service pipelined (chunk 0)! [StatusCode.DEADLINE_EXCEEDED] Deadline Exceeded
Apr  4 20:53:03 localhost magmad[2813991]: ERROR:root:Metrics upload error for service state (chunk 0)! [StatusCode.DEADLINE_EXCEEDED] Deadline Exceeded
Apr  4 20:53:03 localhost magmad[2813991]: ERROR:root:Metrics upload error for service sessiond (chunk 0)! [StatusCode.DEADLINE_EXCEEDED] Deadline Exceeded
Apr  4 20:53:03 localhost dhclient[601]: DHCPREQUEST for 172.16.5.121 on eth1 to 172.16.5.2 port 67 (xid=0x25c866c5)
