Apr 15 17:09:42 localhost mme[1081088]:                 pDUSessionAggregateMaximumBitRateUL: 1000000
Apr 15 17:09:42 localhost mme[1081088]:             }
Apr 15 17:09:42 localhost mme[1081088]:         }
Apr 15 17:09:42 localhost mme[1081088]:         PDUSessionResourceSetupRequestTransferIEs ::= {
Apr 15 17:09:42 localhost mme[1081088]:             id: 139
Apr 15 17:09:42 localhost mme[1081088]:             criticality: 0 (reject)
Apr 15 17:09:42 localhost mme[1081088]:             value: GTPTunnel ::= {
Apr 15 17:09:42 localhost mme[1081088]:                 transportLayerAddress: AC 10 05 79
Apr 15 17:09:42 localhost mme[1081088]:                 gTP-TEID: 80 00 00 0A
Apr 15 17:09:42 localhost mme[1081088]:             }
Apr 15 17:09:42 localhost mme[1081088]:         }
Apr 15 17:09:42 localhost mme[1081088]:         PDUSessionResourceSetupRequestTransferIEs ::= {
Apr 15 17:09:42 localhost mme[1081088]:             id: 134
Apr 15 17:09:42 localhost mme[1081088]:             criticality: 0 (reject)
Apr 15 17:09:42 localhost mme[1081088]:             value: 0 (ipv4)
Apr 15 17:09:42 localhost mme[1081088]:         }
Apr 15 17:09:42 localhost mme[1081088]:         PDUSessionResourceSetupRequestTransferIEs ::= {
Apr 15 17:09:42 localhost mme[1081088]:             id: 136
Apr 15 17:09:42 localhost mme[1081088]:             criticality: 0 (reject)
Apr 15 17:09:42 localhost mme[1081088]:             value: QosFlowSetupRequestList ::= {
Apr 15 17:09:42 localhost mme[1081088]:                 QosFlowSetupRequestItem ::= {
Apr 15 17:09:42 localhost mme[1081088]:                     qosFlowIdentifier: 9
Apr 15 17:09:42 localhost mme[1081088]:                     qosFlowLevelQosParameters: QosFlowLevelQosParameters ::= {
Apr 15 17:09:42 localhost mme[1081088]:                         qosCharacteristics: NonDynamic5QIDescriptor ::= {
Apr 15 17:09:42 localhost mme[1081088]:                             fiveQI: 9
Apr 15 17:09:42 localhost mme[1081088]:                         }
Apr 15 17:09:42 localhost mme[1081088]:                         allocationAndRetentionPriority: AllocationAndRetentionPriority ::= {
Apr 15 17:09:42 localhost mme[1081088]:                             priorityLevelARP: 15
Apr 15 17:09:42 localhost mme[1081088]:                             pre-emptionCapability: 1 (may-trigger-pre-emption)
Apr 15 17:09:42 localhost mme[1081088]:                             pre-emptionVulnerability: 1 (pre-emptable)
Apr 15 17:09:42 localhost mme[1081088]:                         }
Apr 15 17:09:42 localhost mme[1081088]:                     }
Apr 15 17:09:42 localhost mme[1081088]:                 }
Apr 15 17:09:42 localhost mme[1081088]:             }
Apr 15 17:09:42 localhost mme[1081088]:         }
Apr 15 17:09:42 localhost mme[1081088]:     }
Apr 15 17:09:42 localhost mme[1081088]: }
Apr 15 17:09:42 localhost sctpd[1080680]: I0415 17:09:42.140117 1081128 sctp_connection.cpp:195] Unhandled notification type 32777
Apr 15 17:09:42 localhost sessiond[1080406]: I0415 17:09:42.142944 1080406 SessionStateEnforcer.cpp:869]  AMF teid: 40000000 ip address 10.10.10.11 of imsi: IMSI222700000000001 fteid: 2147483658 pdu id: 1 UE ip address 192.168.128.168
Apr 15 17:09:42 localhost eventd[1080489]: DEBUG:root:Logging event: stream_name: "sessiond"
Apr 15 17:09:42 localhost eventd[1080489]: event_type: "session_created"
Apr 15 17:09:42 localhost eventd[1080489]: tag: "IMSI222700000000001"
Apr 15 17:09:42 localhost eventd[1080489]: value: "{\"mac_addr\":\"\",\"user_location\":\"\",\"spgw_ip\":\"\",\"imei\":\"\",\"pdp_start_time\":0,\"session_id\":\"IMSI222700000000001-166009\",\"apn\":\"internet\",\"msisdn\":\"\",\"charging_characteristics\":\"\",\"ipv6_addr\":\"\",\"ip_addr\":\"192.168.128.168\",\"imsi\":\"IMSI222700000000001\"}"
Apr 15 17:09:42 localhost eventd[1080489]: ERROR:root:Connection to FluentBit failed: [Errno 111] Connection refused
Apr 15 17:09:42 localhost eventd[1080489]: INFO:root:FluentBit (td-agent-bit) may not be enabled or configured correctly
Apr 15 17:09:42 localhost sessiond[1080406]: I0415 17:09:42.148937 1080421 SessionEvents.cpp:131] Could not log session_created event {"mac_addr":"","user_location":"","spgw_ip":"","imei":"","pdp_start_time":0,"session_id":"IMSI222700000000001-166009","apn":"internet","msisdn":"","charging_characteristics":"","ipv6_addr":"","ip_addr":"192.168.128.168","imsi":"IMSI222700000000001"}, Error Message: Could not connect to FluentBit locally, Details: [Errno 111] Connection refused
Apr 15 17:09:43 localhost smsd[1080506]: INFO:root:mme non_eps_service_config is not SMS_ORC8R, sleeping.
Apr 15 17:09:44 localhost magmad[1080329]: ERROR:root:Metrics upload error for service subscriberdb (chunk 0)! [StatusCode.DEADLINE_EXCEEDED] Deadline Exceeded
Apr 15 17:09:44 localhost magmad[1080329]: ERROR:root:Metrics upload error for service mobilityd (chunk 0)! [StatusCode.DEADLINE_EXCEEDED] Deadline Exceeded
Apr 15 17:09:44 localhost magmad[1080329]: ERROR:root:Metrics upload error for service mme (chunk 0)! [StatusCode.DEADLINE_EXCEEDED] Deadline Exceeded
Apr 15 17:09:44 localhost magmad[1080329]: ERROR:root:Metrics upload error for service magmad (chunk 0)! [StatusCode.DEADLINE_EXCEEDED] Deadline Exceeded
Apr 15 17:09:44 localhost magmad[1080329]: ERROR:root:Metrics upload error for service enodebd (chunk 0)! [StatusCode.DEADLINE_EXCEEDED] Deadline Exceeded
Apr 15 17:09:44 localhost magmad[1080329]: ERROR:root:Metrics upload error for service pipelined (chunk 0)! [StatusCode.DEADLINE_EXCEEDED] Deadline Exceeded
Apr 15 17:09:44 localhost magmad[1080329]: ERROR:root:Metrics upload error for service state (chunk 0)! [StatusCode.DEADLINE_EXCEEDED] Deadline Exceeded
Apr 15 17:09:44 localhost magmad[1080329]: ERROR:root:Metrics upload error for service sessiond (chunk 0)! [StatusCode.DEADLINE_EXCEEDED] Deadline Exceeded
Apr 15 17:09:45 localhost mobilityd[1080398]: INFO:root:Using GW info: {'default': {2: ('172.16.4.1', 'eth0')}, 2: [('172.16.4.1', 'eth0', True)]}
Apr 15 17:09:45 localhost mobilityd[1080398]: INFO:root:GW-v6 probe: timer started
Apr 15 17:09:46 localhost dhclient[601]: DHCPREQUEST for 172.16.5.121 on eth1 to 172.16.5.2 port 67 (xid=0x1858e024)
Apr 15 17:09:47 localhost magmad[1080329]: INFO:root:[SyncRPC] Got heartBeat from cloud
Apr 15 17:09:47 localhost control_proxy[1080568]: 2022-04-15T17:08:46.084Z [127.0.0.1 -> streamer-controller.magmasi.wavelabs.in,8443] "POST /magma.orc8r.Streamer/GetUpdates HTTP/2" 200 0bytes 60.256s
Apr 15 17:09:47 localhost magmad[1080329]: ERROR:root:Error! Streaming from the cloud failed! [StatusCode.ABORTED] error while streaming updates: rpc error: code = DeadlineExceeded desc = context deadline exceeded
Apr 15 17:09:48 localhost smsd[1080506]: INFO:root:mme non_eps_service_config is not SMS_ORC8R, sleeping.
Apr 15 17:09:53 localhost smsd[1080506]: INFO:root:mme non_eps_service_config is not SMS_ORC8R, sleeping.
Apr 15 17:09:54 localhost dhclient[601]: DHCPREQUEST for 172.16.5.121 on eth1 to 172.16.5.2 port 67 (xid=0x1858e024)
Apr 15 17:09:58 localhost smsd[1080506]: INFO:root:mme non_eps_service_config is not SMS_ORC8R, sleeping.
Apr 15 17:10:03 localhost smsd[1080506]: INFO:root:mme non_eps_service_config is not SMS_ORC8R, sleeping.
Apr 15 17:10:05 localhost mobilityd[1080398]: INFO:root:Using GW info: {'default': {2: ('172.16.4.1', 'eth0')}, 2: [('172.16.4.1', 'eth0', True)]}
Apr 15 17:10:05 localhost mobilityd[1080398]: INFO:root:GW-v6 probe: timer started
Apr 15 17:10:06 localhost dhclient[601]: DHCPREQUEST for 172.16.5.121 on eth1 to 172.16.5.2 port 67 (xid=0x1858e024)
Apr 15 17:10:08 localhost smsd[1080506]: INFO:root:mme non_eps_service_config is not SMS_ORC8R, sleeping.
Apr 15 17:10:13 localhost smsd[1080506]: INFO:root:mme non_eps_service_config is not SMS_ORC8R, sleeping.
Apr 15 17:10:16 localhost magmad[1080329]: INFO:root:Setting logging level to INFO
Apr 15 17:10:19 localhost smsd[1080506]: INFO:root:mme non_eps_service_config is not SMS_ORC8R, sleeping.
Apr 15 17:10:19 localhost dhclient[601]: DHCPREQUEST for 172.16.5.121 on eth1 to 172.16.5.2 port 67 (xid=0x1858e024)
Apr 15 17:10:22 localhost control_proxy[1080568]: 2022-04-15T17:10:21.975Z [127.0.0.1 -> streamer-controller.magmasi.wavelabs.in,8443] "POST /magma.orc8r.Streamer/GetUpdates HTTP/2" 200 173bytes 0.517s
Apr 15 17:10:22 localhost policydb[1080479]: INFO:root:Processing 4 policy updates (resync=True)
Apr 15 17:10:22 localhost control_proxy[1080568]: 2022-04-15T17:10:22.496Z [127.0.0.1 -> streamer-controller.magmasi.wavelabs.in,8443] "POST /magma.orc8r.Streamer/GetUpdates HTTP/2" 200 7bytes 0.262s
Apr 15 17:10:22 localhost policydb[1080479]: INFO:root:Processing 0 basename -> policy updates
Apr 15 17:10:23 localhost control_proxy[1080568]: 2022-04-15T17:10:22.496Z [127.0.0.1 -> streamer-controller.magmasi.wavelabs.in,8443] "POST /magma.orc8r.Streamer/GetUpdates HTTP/2" 200 13513bytes 0.290s
Apr 15 17:10:23 localhost policydb[1080479]: INFO:root:Processing 222 SID -> apn -> policy updates
Apr 15 17:10:23 localhost control_proxy[1080568]: 2022-04-15T17:10:23.061Z [127.0.0.1 -> streamer-controller.magmasi.wavelabs.in,8443] "POST /magma.orc8r.Streamer/GetUpdates HTTP/2" 200 7bytes 0.260s
Apr 15 17:10:23 localhost policydb[1080479]: INFO:root:Processing 0 rating group updates
Apr 15 17:10:24 localhost smsd[1080506]: INFO:root:mme non_eps_service_config is not SMS_ORC8R, sleeping.
Apr 15 17:10:25 localhost mobilityd[1080398]: INFO:root:Using GW info: {'default': {2: ('172.16.4.1', 'eth0')}, 2: [('172.16.4.1', 'eth0', True)]}
Apr 15 17:10:25 localhost mobilityd[1080398]: INFO:root:GW-v6 probe: timer started
Apr 15 17:10:29 localhost smsd[1080506]: INFO:root:mme non_eps_service_config is not SMS_ORC8R, sleeping.
Apr 15 17:10:34 localhost smsd[1080506]: INFO:root:mme non_eps_service_config is not SMS_ORC8R, sleeping.
Apr 15 17:10:35 localhost control_proxy[1080568]: 2022-04-15T17:10:34.597Z [127.0.0.1 -> state-controller.magmasi.wavelabs.in,8443] "POST /magma.orc8r.StateService/ReportStates HTTP/2" 200 5bytes 0.513s
Apr 15 17:10:35 localhost magmad[1080329]: INFO:root:Checkin Successful! Successfully sent states to the cloud!
Apr 15 17:10:38 localhost dhclient[601]: DHCPREQUEST for 172.16.5.121 on eth1 to 172.16.5.2 port 67 (xid=0x1858e024)
Apr 15 17:10:39 localhost smsd[1080506]: INFO:root:mme non_eps_service_config is not SMS_ORC8R, sleeping.
Apr 15 17:10:44 localhost smsd[1080506]: INFO:root:mme non_eps_service_config is not SMS_ORC8R, sleeping.
Apr 15 17:10:44 localhost magmad[1080329]: ERROR:root:Metrics upload error for service subscriberdb (chunk 0)! [StatusCode.DEADLINE_EXCEEDED] Deadline Exceeded
Apr 15 17:10:44 localhost magmad[1080329]: ERROR:root:Metrics upload error for service mobilityd (chunk 0)! [StatusCode.DEADLINE_EXCEEDED] Deadline Exceeded
Apr 15 17:10:44 localhost magmad[1080329]: ERROR:root:Metrics upload error for service mme (chunk 0)! [StatusCode.DEADLINE_EXCEEDED] Deadline Exceeded
Apr 15 17:10:44 localhost magmad[1080329]: ERROR:root:Metrics upload error for service magmad (chunk 0)! [StatusCode.DEADLINE_EXCEEDED] Deadline Exceeded
Apr 15 17:10:44 localhost magmad[1080329]: ERROR:root:Metrics upload error for service enodebd (chunk 0)! [StatusCode.DEADLINE_EXCEEDED] Deadline Exceeded
Apr 15 17:10:44 localhost magmad[1080329]: ERROR:root:Metrics upload error for service pipelined (chunk 0)! [StatusCode.DEADLINE_EXCEEDED] Deadline Exceeded
Apr 15 17:10:44 localhost magmad[1080329]: ERROR:root:Metrics upload error for service state (chunk 0)! [StatusCode.DEADLINE_EXCEEDED] Deadline Exceeded
Apr 15 17:10:44 localhost magmad[1080329]: ERROR:root:Metrics upload error for service sessiond (chunk 0)! [StatusCode.DEADLINE_EXCEEDED] Deadline Exceeded
Apr 15 17:10:45 localhost mobilityd[1080398]: INFO:root:Using GW info: {'default': {2: ('172.16.4.1', 'eth0')}, 2: [('172.16.4.1', 'eth0', True)]}
Apr 15 17:10:45 localhost mobilityd[1080398]: INFO:root:GW-v6 probe: timer started
Apr 15 17:10:47 localhost magmad[1080329]: INFO:root:[SyncRPC] Got heartBeat from cloud
Apr 15 17:10:49 localhost smsd[1080506]: INFO:root:mme non_eps_service_config is not SMS_ORC8R, sleeping.
Apr 15 17:10:54 localhost smsd[1080506]: INFO:root:mme non_eps_service_config is not SMS_ORC8R, sleeping.
Apr 15 17:10:58 localhost dhclient[601]: DHCPREQUEST for 172.16.5.121 on eth1 to 172.16.5.2 port 67 (xid=0x1858e024)
Apr 15 17:10:59 localhost smsd[1080506]: INFO:root:mme non_eps_service_config is not SMS_ORC8R, sleeping.
Apr 15 17:11:03 localhost sctpd[1080680]: I0415 17:11:03.275512 1081128 sctp_connection.cpp:195] Unhandled notification type 32777
Apr 15 17:11:03 localhost sessiond[1080406]: I0415 17:11:03.282655 1080406 SetMessageManagerHandler.cpp:142] Release request for session from IMSI: IMSI222700000000001 pdu_id 1
Apr 15 17:11:03 localhost mobilityd[1080398]: INFO:root:Released IP 192.168.128.168 for sid IMSI222700000000001
Apr 15 17:11:03 localhost eventd[1080489]: DEBUG:root:Logging event: stream_name: "sessiond"
Apr 15 17:11:03 localhost eventd[1080489]: event_type: "session_terminated"
Apr 15 17:11:03 localhost eventd[1080489]: tag: "IMSI222700000000001"
Apr 15 17:11:03 localhost eventd[1080489]: value: "{\"mac_addr\":\"\",\"user_location\":\"\",\"spgw_ip\":\"\",\"imei\":\"\",\"record_sequence_number\":1,\"pdp_end_time\":33,\"charging_rx\":0,\"duration\":33,\"ip_addr\":\"192.168.128.168\",\"monitoring_tx\":0,\"ipv6_addr\":\"\",\"msisdn\":\"\",\"apn\":\"internet\",\"session_id\":\"IMSI222700000000001-166009\",\"list_of_service_data\":[],\"charging_characteristics\":\"\",\"total_tx\":0,\"cause_for_rec_closing\":0,\"imsi\":\"IMSI222700000000001\",\"total_rx\":0,\"monitoring_rx\":0,\"charging_tx\":0,\"pdp_start_time\":0}"
Apr 15 17:11:03 localhost eventd[1080489]: ERROR:root:Connection to FluentBit failed: [Errno 111] Connection refused
Apr 15 17:11:03 localhost eventd[1080489]: INFO:root:FluentBit (td-agent-bit) may not be enabled or configured correctly
Apr 15 17:11:03 localhost sessiond[1080406]: I0415 17:11:03.307860 1080421 SessionEvents.cpp:291] Could not log session_terminated event {"mac_addr":"","user_location":"","spgw_ip":"","imei":"","record_sequence_number":1,"pdp_end_time":33,"charging_rx":0,"duration":33,"ip_addr":"192.168.128.168","monitoring_tx":0,"ipv6_addr":"","msisdn":"","apn":"internet","session_id":"IMSI222700000000001-166009","list_of_service_data":[],"charging_characteristics":"","total_tx":0,"cause_for_rec_closing":0,"imsi":"IMSI222700000000001","total_rx":0,"monitoring_rx":0,"charging_tx":0,"pdp_start_time":0}, Error Message: Could not connect to FluentBit locally, Details: [Errno 111] Connection refused
Apr 15 17:11:03 localhost policydb[1080479]: INFO:root:Terminating session: IMSI222700000000001-166009
Apr 15 17:11:03 localhost sctpd[1080680]: I0415 17:11:03.686769 1081128 sctp_connection.cpp:195] Unhandled notification type 32777
Apr 15 17:11:04 localhost smsd[1080506]: INFO:root:mme non_eps_service_config is not SMS_ORC8R, sleeping.
Apr 15 17:11:05 localhost mobilityd[1080398]: INFO:root:Using GW info: {'default': {2: ('172.16.4.1', 'eth0')}, 2: [('172.16.4.1', 'eth0', True)]}
Apr 15 17:11:05 localhost mobilityd[1080398]: INFO:root:GW-v6 probe: timer started
Apr 15 17:11:08 localhost sessiond[1080406]: I0415 17:11:08.286532 1080406 SessionStateEnforcer.cpp:377] Nothing to remove as no respective entry found for session id IMSI222700000000001-166009 of IMSI IMSI222700000000001
Apr 15 17:11:09 localhost smsd[1080506]: INFO:root:mme non_eps_service_config is not SMS_ORC8R, sleeping.
Apr 15 17:11:14 localhost smsd[1080506]: INFO:root:mme non_eps_service_config is not SMS_ORC8R, sleeping.
Apr 15 17:11:19 localhost dhclient[601]: DHCPREQUEST for 172.16.5.121 on eth1 to 172.16.5.2 port 67 (xid=0x1858e024)
Apr 15 17:11:19 localhost smsd[1080506]: INFO:root:mme non_eps_service_config is not SMS_ORC8R, sleeping.
Apr 15 17:11:20 localhost sctpd[1080680]: I0415 17:11:20.549614 1081128 sctp_connection.cpp:195] Unhandled notification type 32776
Apr 15 17:11:21 localhost sctpd[1080680]: I0415 17:11:21.612040 1081128 sctp_connection.cpp:195] Unhandled notification type 32777
Apr 15 17:11:21 localhost sctpd[1080680]: I0415 17:11:21.843494 1081128 sctp_connection.cpp:195] Unhandled notification type 32777
Apr 15 17:11:21 localhost sctpd[1080680]: I0415 17:11:21.958496 1081128 sctp_connection.cpp:195] Unhandled notification type 32777
Apr 15 17:11:21 localhost mme[1081088]: [DEBUG] Sending S6A-UPDATE_LOCATION_REQUEST with IMSI: 222700000000001
Apr 15 17:11:21 localhost mme[1081088]: [INFO] Received S6A-LOCATION-UPDATE_ANSWER for IMSI: 222700000000001; Status: ; StatusCode: 2001
Apr 15 17:11:21 localhost mme[1081088]: [INFO] sent itti S6A-LOCATION-UPDATE_ANSWER for IMSI: 222700000000001
Apr 15 17:11:22 localhost sctpd[1080680]: I0415 17:11:22.079504 1081128 sctp_connection.cpp:195] Unhandled notification type 32777
Apr 15 17:11:22 localhost mobilityd[1080398]: INFO:root:Allocated IP 192.168.128.170 for sid IMSI222700000000001 for apn internet
Apr 15 17:11:22 localhost policydb[1080479]: INFO:root:Creating a session for subscriber ID: IMSI222700000000001
Apr 15 17:11:22 localhost sessiond[1080406]: I0415 17:11:22.305785 1080406 SetMessageManagerHandler.cpp:342] Processing a CreateSessionResponse for IMSI222700000000001-175067
Apr 15 17:11:22 localhost sessiond[1080406]: I0415 17:11:22.305860 1080406 SessionState.cpp:2774] RuleID allowlist_sid-IMSI222700000000001-internet doesn't have a version registered for IMSI222700000000001-175067, this is unexpected
Apr 15 17:11:22 localhost mme[1081088]: PDUSessionResourceSetupRequestTransfer ::= {
Apr 15 17:11:22 localhost mme[1081088]:     protocolIEs: ProtocolIE-Container ::= {
Apr 15 17:11:22 localhost mme[1081088]:         PDUSessionResourceSetupRequestTransferIEs ::= {
Apr 15 17:11:22 localhost mme[1081088]:             id: 130
Apr 15 17:11:22 localhost mme[1081088]:             criticality: 0 (reject)
Apr 15 17:11:22 localhost mme[1081088]:             value: PDUSessionAggregateMaximumBitRate ::= {
Apr 15 17:11:22 localhost mme[1081088]:                 pDUSessionAggregateMaximumBitRateDL: 1000000
Apr 15 17:11:22 localhost mme[1081088]:                 pDUSessionAggregateMaximumBitRateUL: 1000000
Apr 15 17:11:22 localhost mme[1081088]:             }
Apr 15 17:11:22 localhost mme[1081088]:         }
Apr 15 17:11:22 localhost mme[1081088]:         PDUSessionResourceSetupRequestTransferIEs ::= {
Apr 15 17:11:22 localhost mme[1081088]:             id: 139
Apr 15 17:11:22 localhost mme[1081088]:             criticality: 0 (reject)
Apr 15 17:11:22 localhost mme[1081088]:             value: GTPTunnel ::= {
Apr 15 17:11:22 localhost mme[1081088]:                 transportLayerAddress: AC 10 05 79
Apr 15 17:11:22 localhost mme[1081088]:                 gTP-TEID: 80 00 00 0B
Apr 15 17:11:22 localhost mme[1081088]:             }
Apr 15 17:11:22 localhost mme[1081088]:         }
Apr 15 17:11:22 localhost mme[1081088]:         PDUSessionResourceSetupRequestTransferIEs ::= {
Apr 15 17:11:22 localhost mme[1081088]:             id: 134
Apr 15 17:11:22 localhost mme[1081088]:             criticality: 0 (reject)
Apr 15 17:11:22 localhost mme[1081088]:             value: 0 (ipv4)
Apr 15 17:11:22 localhost mme[1081088]:         }
Apr 15 17:11:22 localhost mme[1081088]:         PDUSessionResourceSetupRequestTransferIEs ::= {
Apr 15 17:11:22 localhost mme[1081088]:             id: 136
Apr 15 17:11:22 localhost mme[1081088]:             criticality: 0 (reject)
Apr 15 17:11:22 localhost mme[1081088]:             value: QosFlowSetupRequestList ::= {
Apr 15 17:11:22 localhost mme[1081088]:                 QosFlowSetupRequestItem ::= {
Apr 15 17:11:22 localhost mme[1081088]:                     qosFlowIdentifier: 9
Apr 15 17:11:22 localhost mme[1081088]:                     qosFlowLevelQosParameters: QosFlowLevelQosParameters ::= {
Apr 15 17:11:22 localhost mme[1081088]:                         qosCharacteristics: NonDynamic5QIDescriptor ::= {
Apr 15 17:11:22 localhost mme[1081088]:                             fiveQI: 9
Apr 15 17:11:22 localhost mme[1081088]:                         }
Apr 15 17:11:22 localhost mme[1081088]:                         allocationAndRetentionPriority: AllocationAndRetentionPriority ::= {
Apr 15 17:11:22 localhost mme[1081088]:                             priorityLevelARP: 15
Apr 15 17:11:22 localhost mme[1081088]:                             pre-emptionCapability: 1 (may-trigger-pre-emption)
Apr 15 17:11:22 localhost mme[1081088]:                             pre-emptionVulnerability: 1 (pre-emptable)
Apr 15 17:11:22 localhost mme[1081088]:                         }
Apr 15 17:11:22 localhost mme[1081088]:                     }
Apr 15 17:11:22 localhost mme[1081088]:                 }
Apr 15 17:11:22 localhost mme[1081088]:             }
Apr 15 17:11:22 localhost mme[1081088]:         }
Apr 15 17:11:22 localhost mme[1081088]:     }
Apr 15 17:11:22 localhost mme[1081088]: }
Apr 15 17:11:22 localhost sctpd[1080680]: I0415 17:11:22.376801 1081128 sctp_connection.cpp:195] Unhandled notification type 32777
Apr 15 17:11:22 localhost sctpd[1080680]: I0415 17:11:22.582739 1081128 sctp_connection.cpp:195] Unhandled notification type 32777
Apr 15 17:11:23 localhost control_proxy[1080568]: 2022-04-15T17:11:23.383Z [127.0.0.1 -> streamer-controller.magmasi.wavelabs.in,8443] "POST /magma.orc8r.Streamer/GetUpdates HTTP/2" 200 173bytes 0.543s
Apr 15 17:11:23 localhost policydb[1080479]: INFO:root:Processing 4 policy updates (resync=True)
Apr 15 17:11:24 localhost control_proxy[1080568]: 2022-04-15T17:11:23.383Z [127.0.0.1 -> streamer-controller.magmasi.wavelabs.in,8443] "POST /magma.orc8r.Streamer/GetUpdates HTTP/2" 200 7bytes 0.265s
Apr 15 17:11:24 localhost policydb[1080479]: INFO:root:Processing 0 basename -> policy updates
Apr 15 17:11:24 localhost smsd[1080506]: INFO:root:mme non_eps_service_config is not SMS_ORC8R, sleeping.
Apr 15 17:11:24 localhost control_proxy[1080568]: 2022-04-15T17:11:24.197Z [127.0.0.1 -> streamer-controller.magmasi.wavelabs.in,8443] "POST /magma.orc8r.Streamer/GetUpdates HTTP/2" 200 13513bytes 0.297s
Apr 15 17:11:24 localhost policydb[1080479]: INFO:root:Processing 222 SID -> apn -> policy updates
Apr 15 17:11:24 localhost control_proxy[1080568]: 2022-04-15T17:11:24.197Z [127.0.0.1 -> streamer-controller.magmasi.wavelabs.in,8443] "POST /magma.orc8r.Streamer/GetUpdates HTTP/2" 200 7bytes 0.259s
Apr 15 17:11:24 localhost policydb[1080479]: INFO:root:Processing 0 rating group updates
Apr 15 17:11:25 localhost mobilityd[1080398]: INFO:root:Using GW info: {'default': {2: ('172.16.4.1', 'eth0')}, 2: [('172.16.4.1', 'eth0', True)]}
Apr 15 17:11:25 localhost mobilityd[1080398]: INFO:root:GW-v6 probe: timer started
Apr 15 17:11:27 localhost sessiond[1080406]: I0415 17:11:27.491077 1080406 SetMessageManagerHandler.cpp:142] Release request for session from IMSI: IMSI222700000000001 pdu_id 1
Apr 15 17:11:27 localhost mobilityd[1080398]: INFO:root:Released IP 192.168.128.170 for sid IMSI222700000000001
Apr 15 17:11:27 localhost sctpd[1080680]: I0415 17:11:27.898784 1081128 sctp_connection.cpp:195] Unhandled notification type 32777
Apr 15 17:11:29 localhost smsd[1080506]: INFO:root:mme non_eps_service_config is not SMS_ORC8R, sleeping.
Apr 15 17:11:32 localhost eventd[1080489]: DEBUG:root:Logging event: stream_name: "sessiond"
Apr 15 17:11:32 localhost eventd[1080489]: event_type: "session_terminated"
Apr 15 17:11:32 localhost eventd[1080489]: tag: "IMSI222700000000001"
Apr 15 17:11:32 localhost eventd[1080489]: value: "{\"mac_addr\":\"\",\"user_location\":\"\",\"spgw_ip\":\"\",\"imei\":\"\",\"record_sequence_number\":1,\"pdp_end_time\":33,\"charging_rx\":0,\"duration\":33,\"ip_addr\":\"192.168.128.170\",\"monitoring_tx\":0,\"ipv6_addr\":\"\",\"msisdn\":\"\",\"apn\":\"internet\",\"session_id\":\"IMSI222700000000001-175067\",\"list_of_service_data\":[],\"charging_characteristics\":\"\",\"total_tx\":0,\"cause_for_rec_closing\":0,\"imsi\":\"IMSI222700000000001\",\"total_rx\":0,\"monitoring_rx\":0,\"charging_tx\":0,\"pdp_start_time\":0}"
Apr 15 17:11:32 localhost eventd[1080489]: ERROR:root:Connection to FluentBit failed: [Errno 111] Connection refused
Apr 15 17:11:32 localhost eventd[1080489]: INFO:root:FluentBit (td-agent-bit) may not be enabled or configured correctly
Apr 15 17:11:32 localhost sessiond[1080406]: I0415 17:11:32.499861 1080421 SessionEvents.cpp:291] Could not log session_terminated event {"mac_addr":"","user_location":"","spgw_ip":"","imei":"","record_sequence_number":1,"pdp_end_time":33,"charging_rx":0,"duration":33,"ip_addr":"192.168.128.170","monitoring_tx":0,"ipv6_addr":"","msisdn":"","apn":"internet","session_id":"IMSI222700000000001-175067","list_of_service_data":[],"charging_characteristics":"","total_tx":0,"cause_for_rec_closing":0,"imsi":"IMSI222700000000001","total_rx":0,"monitoring_rx":0,"charging_tx":0,"pdp_start_time":0}, Error Message: Could not connect to FluentBit locally, Details: [Errno 111] Connection refused
Apr 15 17:11:32 localhost policydb[1080479]: INFO:root:Terminating session: IMSI222700000000001-175067
Apr 15 17:11:34 localhost smsd[1080506]: INFO:root:mme non_eps_service_config is not SMS_ORC8R, sleeping.
Apr 15 17:11:35 localhost magmad[1080329]: INFO:root:Setting logging level to INFO
Apr 15 17:11:37 localhost dhclient[601]: DHCPREQUEST for 172.16.5.121 on eth1 to 172.16.5.2 port 67 (xid=0x1858e024)
Apr 15 17:11:39 localhost smsd[1080506]: INFO:root:mme non_eps_service_config is not SMS_ORC8R, sleeping.
Apr 15 17:11:44 localhost smsd[1080506]: INFO:root:mme non_eps_service_config is not SMS_ORC8R, sleeping.
Apr 15 17:11:44 localhost sctpd[1080680]: I0415 17:11:44.560392 1081128 sctp_connection.cpp:195] Unhandled notification type 32776
Apr 15 17:11:45 localhost mobilityd[1080398]: INFO:root:Using GW info: {'default': {2: ('172.16.4.1', 'eth0')}, 2: [('172.16.4.1', 'eth0', True)]}
Apr 15 17:11:45 localhost mobilityd[1080398]: INFO:root:GW-v6 probe: timer started
Apr 15 17:11:45 localhost sctpd[1080680]: I0415 17:11:45.624274 1081128 sctp_connection.cpp:195] Unhandled notification type 32777
Apr 15 17:11:45 localhost sctpd[1080680]: I0415 17:11:45.861577 1081128 sctp_connection.cpp:195] Unhandled notification type 32777
Apr 15 17:11:45 localhost sctpd[1080680]: I0415 17:11:45.979872 1081128 sctp_connection.cpp:195] Unhandled notification type 32777
Apr 15 17:11:45 localhost mme[1081088]: [DEBUG] Sending S6A-UPDATE_LOCATION_REQUEST with IMSI: 222700000000001
Apr 15 17:11:45 localhost mme[1081088]: [INFO] Received S6A-LOCATION-UPDATE_ANSWER for IMSI: 222700000000001; Status: ; StatusCode: 2001
Apr 15 17:11:45 localhost mme[1081088]: [INFO] sent itti S6A-LOCATION-UPDATE_ANSWER for IMSI: 222700000000001
Apr 15 17:11:46 localhost sctpd[1080680]: I0415 17:11:46.099670 1081128 sctp_connection.cpp:195] Unhandled notification type 32777
Apr 15 17:11:46 localhost mobilityd[1080398]: INFO:root:Allocated IP 192.168.128.171 for sid IMSI222700000000001 for apn internet
Apr 15 17:11:46 localhost policydb[1080479]: INFO:root:Creating a session for subscriber ID: IMSI222700000000001
Apr 15 17:11:46 localhost sessiond[1080406]: I0415 17:11:46.337162 1080406 SetMessageManagerHandler.cpp:342] Processing a CreateSessionResponse for IMSI222700000000001-208297
Apr 15 17:11:46 localhost sessiond[1080406]: I0415 17:11:46.337332 1080406 SessionState.cpp:2774] RuleID allowlist_sid-IMSI222700000000001-internet doesn't have a version registered for IMSI222700000000001-208297, this is unexpected
Apr 15 17:11:46 localhost mme[1081088]: PDUSessionResourceSetupRequestTransfer ::= {
Apr 15 17:11:46 localhost mme[1081088]:     protocolIEs: ProtocolIE-Container ::= {
Apr 15 17:11:46 localhost mme[1081088]:         PDUSessionResourceSetupRequestTransferIEs ::= {
Apr 15 17:11:46 localhost mme[1081088]:             id: 130
Apr 15 17:11:46 localhost mme[1081088]:             criticality: 0 (reject)
Apr 15 17:11:46 localhost mme[1081088]:             value: PDUSessionAggregateMaximumBitRate ::= {
Apr 15 17:11:46 localhost mme[1081088]:                 pDUSessionAggregateMaximumBitRateDL: 1000000
Apr 15 17:11:46 localhost mme[1081088]:                 pDUSessionAggregateMaximumBitRateUL: 1000000
Apr 15 17:11:46 localhost mme[1081088]:             }
Apr 15 17:11:46 localhost mme[1081088]:         }
Apr 15 17:11:46 localhost mme[1081088]:         PDUSessionResourceSetupRequestTransferIEs ::= {
Apr 15 17:11:46 localhost mme[1081088]:             id: 139
Apr 15 17:11:46 localhost mme[1081088]:             criticality: 0 (reject)
Apr 15 17:11:46 localhost mme[1081088]:             value: GTPTunnel ::= {
Apr 15 17:11:46 localhost mme[1081088]:                 transportLayerAddress: AC 10 05 79
Apr 15 17:11:46 localhost mme[1081088]:                 gTP-TEID: 80 00 00 0C
Apr 15 17:11:46 localhost mme[1081088]:             }
Apr 15 17:11:46 localhost mme[1081088]:         }
Apr 15 17:11:46 localhost mme[1081088]:         PDUSessionResourceSetupRequestTransferIEs ::= {
Apr 15 17:11:46 localhost mme[1081088]:             id: 134
Apr 15 17:11:46 localhost mme[1081088]:             criticality: 0 (reject)
Apr 15 17:11:46 localhost mme[1081088]:             value: 0 (ipv4)
Apr 15 17:11:46 localhost mme[1081088]:         }
Apr 15 17:11:46 localhost mme[1081088]:         PDUSessionResourceSetupRequestTransferIEs ::= {
Apr 15 17:11:46 localhost mme[1081088]:             id: 136
Apr 15 17:11:46 localhost mme[1081088]:             criticality: 0 (reject)
Apr 15 17:11:46 localhost mme[1081088]:             value: QosFlowSetupRequestList ::= {
Apr 15 17:11:46 localhost mme[1081088]:                 QosFlowSetupRequestItem ::= {
Apr 15 17:11:46 localhost mme[1081088]:                     qosFlowIdentifier: 9
Apr 15 17:11:46 localhost mme[1081088]:                     qosFlowLevelQosParameters: QosFlowLevelQosParameters ::= {
Apr 15 17:11:46 localhost mme[1081088]:                         qosCharacteristics: NonDynamic5QIDescriptor ::= {
Apr 15 17:11:46 localhost mme[1081088]:                             fiveQI: 9
Apr 15 17:11:46 localhost mme[1081088]:                         }
Apr 15 17:11:46 localhost mme[1081088]:                         allocationAndRetentionPriority: AllocationAndRetentionPriority ::= {
Apr 15 17:11:46 localhost mme[1081088]:                             priorityLevelARP: 15
Apr 15 17:11:46 localhost mme[1081088]:                             pre-emptionCapability: 1 (may-trigger-pre-emption)
Apr 15 17:11:46 localhost mme[1081088]:                             pre-emptionVulnerability: 1 (pre-emptable)
Apr 15 17:11:46 localhost mme[1081088]:                         }
Apr 15 17:11:46 localhost mme[1081088]:                     }
Apr 15 17:11:46 localhost mme[1081088]:                 }
Apr 15 17:11:46 localhost mme[1081088]:             }
Apr 15 17:11:46 localhost mme[1081088]:         }
Apr 15 17:11:46 localhost mme[1081088]:     }
Apr 15 17:11:46 localhost mme[1081088]: }
Apr 15 17:11:46 localhost sctpd[1080680]: I0415 17:11:46.401190 1081128 sctp_connection.cpp:195] Unhandled notification type 32777
Apr 15 17:11:46 localhost sessiond[1080406]: I0415 17:11:46.403697 1080406 SessionStateEnforcer.cpp:869]  AMF teid: 40000000 ip address 0.0.0.0 of imsi: IMSI222700000000001 fteid: 2147483660 pdu id: 1 UE ip address 192.168.128.171
Apr 15 17:11:46 localhost eventd[1080489]: DEBUG:root:Logging event: stream_name: "sessiond"
Apr 15 17:11:46 localhost eventd[1080489]: event_type: "session_created"
Apr 15 17:11:46 localhost eventd[1080489]: tag: "IMSI222700000000001"
Apr 15 17:11:46 localhost eventd[1080489]: value: "{\"mac_addr\":\"\",\"user_location\":\"\",\"spgw_ip\":\"\",\"imei\":\"\",\"pdp_start_time\":0,\"session_id\":\"IMSI222700000000001-208297\",\"apn\":\"internet\",\"msisdn\":\"\",\"charging_characteristics\":\"\",\"ipv6_addr\":\"\",\"ip_addr\":\"192.168.128.171\",\"imsi\":\"IMSI222700000000001\"}"
Apr 15 17:11:46 localhost eventd[1080489]: ERROR:root:Connection to FluentBit failed: [Errno 111] Connection refused
Apr 15 17:11:46 localhost eventd[1080489]: INFO:root:FluentBit (td-agent-bit) may not be enabled or configured correctly
Apr 15 17:11:46 localhost sessiond[1080406]: I0415 17:11:46.409183 1080421 SessionEvents.cpp:131] Could not log session_created event {"mac_addr":"","user_location":"","spgw_ip":"","imei":"","pdp_start_time":0,"session_id":"IMSI222700000000001-208297","apn":"internet","msisdn":"","charging_characteristics":"","ipv6_addr":"","ip_addr":"192.168.128.171","imsi":"IMSI222700000000001"}, Error Message: Could not connect to FluentBit locally, Details: [Errno 111] Connection refused
Apr 15 17:11:46 localhost sctpd[1080680]: I0415 17:11:46.810927 1081128 sctp_connection.cpp:195] Unhandled notification type 32777
Apr 15 17:11:47 localhost magmad[1080329]: INFO:root:[SyncRPC] Got heartBeat from cloud
Apr 15 17:11:47 localhost control_proxy[1080568]: 2022-04-15T17:10:47.297Z [127.0.0.1 -> streamer-controller.magmasi.wavelabs.in,8443] "POST /magma.orc8r.Streamer/GetUpdates HTTP/2" 200 0bytes 60.252s
Apr 15 17:11:47 localhost magmad[1080329]: ERROR:root:Error! Streaming from the cloud failed! [StatusCode.ABORTED] error while streaming updates: rpc error: code = DeadlineExceeded desc = context deadline exceeded
Apr 15 17:11:49 localhost smsd[1080506]: INFO:root:mme non_eps_service_config is not SMS_ORC8R, sleeping.
Apr 15 17:11:51 localhost sessiond[1080406]: I0415 17:11:51.580507 1080406 SetMessageManagerHandler.cpp:142] Release request for session from IMSI: IMSI222700000000001 pdu_id 1
Apr 15 17:11:51 localhost mobilityd[1080398]: INFO:root:Released IP 192.168.128.171 for sid IMSI222700000000001
Apr 15 17:11:51 localhost policydb[1080479]: INFO:root:Terminating session: IMSI222700000000001-208297
Apr 15 17:11:51 localhost eventd[1080489]: DEBUG:root:Logging event: stream_name: "sessiond"
Apr 15 17:11:51 localhost eventd[1080489]: event_type: "session_terminated"
Apr 15 17:11:51 localhost eventd[1080489]: tag: "IMSI222700000000001"
Apr 15 17:11:51 localhost eventd[1080489]: value: "{\"mac_addr\":\"\",\"user_location\":\"\",\"spgw_ip\":\"\",\"imei\":\"\",\"record_sequence_number\":1,\"pdp_end_time\":33,\"charging_rx\":0,\"duration\":33,\"ip_addr\":\"192.168.128.171\",\"monitoring_tx\":0,\"ipv6_addr\":\"\",\"msisdn\":\"\",\"apn\":\"internet\",\"session_id\":\"IMSI222700000000001-208297\",\"list_of_service_data\":[],\"charging_characteristics\":\"\",\"total_tx\":0,\"cause_for_rec_closing\":0,\"imsi\":\"IMSI222700000000001\",\"total_rx\":0,\"monitoring_rx\":0,\"charging_tx\":0,\"pdp_start_time\":0}"
Apr 15 17:11:51 localhost eventd[1080489]: ERROR:root:Connection to FluentBit failed: [Errno 111] Connection refused
Apr 15 17:11:51 localhost eventd[1080489]: INFO:root:FluentBit (td-agent-bit) may not be enabled or configured correctly
Apr 15 17:11:51 localhost sessiond[1080406]: I0415 17:11:51.606669 1080421 SessionEvents.cpp:291] Could not log session_terminated event {"mac_addr":"","user_location":"","spgw_ip":"","imei":"","record_sequence_number":1,"pdp_end_time":33,"charging_rx":0,"duration":33,"ip_addr":"192.168.128.171","monitoring_tx":0,"ipv6_addr":"","msisdn":"","apn":"internet","session_id":"IMSI222700000000001-208297","list_of_service_data":[],"charging_characteristics":"","total_tx":0,"cause_for_rec_closing":0,"imsi":"IMSI222700000000001","total_rx":0,"monitoring_rx":0,"charging_tx":0,"pdp_start_time":0}, Error Message: Could not connect to FluentBit locally, Details: [Errno 111] Connection refused
Apr 15 17:11:51 localhost sctpd[1080680]: I0415 17:11:51.986856 1081128 sctp_connection.cpp:195] Unhandled notification type 32777
Apr 15 17:11:54 localhost magmad[1080329]: ERROR:root:Metrics upload error for service subscriberdb (chunk 0)! [StatusCode.DEADLINE_EXCEEDED] Deadline Exceeded
Apr 15 17:11:54 localhost magmad[1080329]: ERROR:root:Metrics upload error for service mobilityd (chunk 0)! [StatusCode.DEADLINE_EXCEEDED] Deadline Exceeded
Apr 15 17:11:54 localhost magmad[1080329]: ERROR:root:Metrics upload error for service mme (chunk 0)! [StatusCode.DEADLINE_EXCEEDED] Deadline Exceeded
Apr 15 17:11:54 localhost magmad[1080329]: ERROR:root:Metrics upload error for service magmad (chunk 0)! [StatusCode.DEADLINE_EXCEEDED] Deadline Exceeded
Apr 15 17:11:54 localhost magmad[1080329]: ERROR:root:Metrics upload error for service enodebd (chunk 0)! [StatusCode.DEADLINE_EXCEEDED] Deadline Exceeded
Apr 15 17:11:54 localhost magmad[1080329]: ERROR:root:Metrics upload error for service pipelined (chunk 0)! [StatusCode.DEADLINE_EXCEEDED] Deadline Exceeded
Apr 15 17:11:54 localhost magmad[1080329]: ERROR:root:Metrics upload error for service state (chunk 0)! [StatusCode.DEADLINE_EXCEEDED] Deadline Exceeded
Apr 15 17:11:54 localhost magmad[1080329]: ERROR:root:Metrics upload error for service sessiond (chunk 0)! [StatusCode.DEADLINE_EXCEEDED] Deadline Exceeded
Apr 15 17:11:54 localhost magmad[1080329]: INFO:root:Checking for upgrade...
Apr 15 17:11:54 localhost magmad[1080329]: WARNING:root:magmad package_version config missing or set to default 0.0.0-0, skipping upgrade
Apr 15 17:11:54 localhost smsd[1080506]: INFO:root:mme non_eps_service_config is not SMS_ORC8R, sleeping.
Apr 15 17:11:54 localhost control_proxy[1080568]: 2022-04-15T17:11:54.197Z [127.0.0.1 -> state-controller.magmasi.wavelabs.in,8443] "POST /magma.orc8r.StateService/ReportStates HTTP/2" 200 5bytes 0.508s
Apr 15 17:11:54 localhost magmad[1080329]: INFO:root:Checkin Successful! Successfully sent states to the cloud!
Apr 15 17:11:56 localhost sessiond[1080406]: I0415 17:11:56.583438 1080406 SessionStateEnforcer.cpp:377] Nothing to remove as no respective entry found for session id IMSI222700000000001-208297 of IMSI IMSI222700000000001
Apr 15 17:11:56 localhost dhclient[601]: DHCPREQUEST for 172.16.5.121 on eth1 to 172.16.5.2 port 67 (xid=0x1858e024)
Apr 15 17:11:59 localhost smsd[1080506]: INFO:root:mme non_eps_service_config is not SMS_ORC8R, sleeping.
Apr 15 17:12:04 localhost smsd[1080506]: INFO:root:mme non_eps_service_config is not SMS_ORC8R, sleeping.
Apr 15 17:12:05 localhost mobilityd[1080398]: INFO:root:Using GW info: {'default': {2: ('172.16.4.1', 'eth0')}, 2: [('172.16.4.1', 'eth0', True)]}
Apr 15 17:12:05 localhost mobilityd[1080398]: INFO:root:GW-v6 probe: timer started
Apr 15 17:12:07 localhost dhclient[601]: DHCPREQUEST for 172.16.5.121 on eth1 to 172.16.5.2 port 67 (xid=0x1858e024)
Apr 15 17:12:08 localhost sctpd[1080680]: I0415 17:12:08.637048 1081128 sctp_connection.cpp:195] Unhandled notification type 32776
Apr 15 17:12:09 localhost smsd[1080506]: INFO:root:mme non_eps_service_config is not SMS_ORC8R, sleeping.
Apr 15 17:12:09 localhost sctpd[1080680]: I0415 17:12:09.700325 1081128 sctp_connection.cpp:195] Unhandled notification type 32777
Apr 15 17:12:10 localhost sctpd[1080680]: I0415 17:12:10.034874 1081128 sctp_connection.cpp:195] Unhandled notification type 32777
Apr 15 17:12:14 localhost smsd[1080506]: INFO:root:mme non_eps_service_config is not SMS_ORC8R, sleeping.
Apr 15 17:12:16 localhost sctpd[1080680]: I0415 17:12:16.042809 1081128 sctp_connection.cpp:195] Unhandled notification type 32777
Apr 15 17:12:19 localhost smsd[1080506]: INFO:root:mme non_eps_service_config is not SMS_ORC8R, sleeping.
Apr 15 17:12:21 localhost dhclient[601]: DHCPREQUEST for 172.16.5.121 on eth1 to 172.16.5.2 port 67 (xid=0x1858e024)
Apr 15 17:12:24 localhost smsd[1080506]: INFO:root:mme non_eps_service_config is not SMS_ORC8R, sleeping.
Apr 15 17:12:25 localhost mobilityd[1080398]: INFO:root:Using GW info: {'default': {2: ('172.16.4.1', 'eth0')}, 2: [('172.16.4.1', 'eth0', True)]}
Apr 15 17:12:25 localhost mobilityd[1080398]: INFO:root:GW-v6 probe: timer started
Apr 15 17:12:25 localhost control_proxy[1080568]: 2022-04-15T17:12:24.819Z [127.0.0.1 -> streamer-controller.magmasi.wavelabs.in,8443] "POST /magma.orc8r.Streamer/GetUpdates HTTP/2" 200 173bytes 0.973s
Apr 15 17:12:25 localhost policydb[1080479]: INFO:root:Processing 4 policy updates (resync=True)
Apr 15 17:12:26 localhost control_proxy[1080568]: 2022-04-15T17:12:25.795Z [127.0.0.1 -> streamer-controller.magmasi.wavelabs.in,8443] "POST /magma.orc8r.Streamer/GetUpdates HTTP/2" 200 7bytes 0.260s
Apr 15 17:12:26 localhost policydb[1080479]: INFO:root:Processing 0 basename -> policy updates
Apr 15 17:12:26 localhost control_proxy[1080568]: 2022-04-15T17:12:26.058Z [127.0.0.1 -> streamer-controller.magmasi.wavelabs.in,8443] "POST /magma.orc8r.Streamer/GetUpdates HTTP/2" 200 13513bytes 0.296s
Apr 15 17:12:26 localhost policydb[1080479]: INFO:root:Processing 222 SID -> apn -> policy updates
Apr 15 17:12:26 localhost control_proxy[1080568]: 2022-04-15T17:12:26.058Z [127.0.0.1 -> streamer-controller.magmasi.wavelabs.in,8443] "POST /magma.orc8r.Streamer/GetUpdates HTTP/2" 200 7bytes 0.260s
Apr 15 17:12:26 localhost policydb[1080479]: INFO:root:Processing 0 rating group updates
Apr 15 17:12:26 localhost sctpd[1080680]: I0415 17:12:26.812273 1081128 sctp_connection.cpp:195] Unhandled notification type 32776
Apr 15 17:12:27 localhost sctpd[1080680]: I0415 17:12:27.867481 1081128 sctp_connection.cpp:195] Unhandled notification type 32777
Apr 15 17:12:29 localhost smsd[1080506]: INFO:root:mme non_eps_service_config is not SMS_ORC8R, sleeping.
Apr 15 17:12:39 localhost smsd[1080506]: message repeated 2 times: [ INFO:root:mme non_eps_service_config is not SMS_ORC8R, sleeping.]
Apr 15 17:12:41 localhost dhclient[601]: DHCPREQUEST for 172.16.5.121 on eth1 to 172.16.5.2 port 67 (xid=0x1858e024)
Apr 15 17:12:44 localhost magmad[1080329]: ERROR:root:Metrics upload error for service subscriberdb (chunk 0)! [StatusCode.DEADLINE_EXCEEDED] Deadline Exceeded
Apr 15 17:12:44 localhost magmad[1080329]: ERROR:root:Metrics upload error for service mobilityd (chunk 0)! [StatusCode.DEADLINE_EXCEEDED] Deadline Exceeded
Apr 15 17:12:44 localhost smsd[1080506]: INFO:root:mme non_eps_service_config is not SMS_ORC8R, sleeping.
Apr 15 17:12:44 localhost magmad[1080329]: ERROR:root:Metrics upload error for service mme (chunk 0)! [StatusCode.DEADLINE_EXCEEDED] Deadline Exceeded
Apr 15 17:12:44 localhost magmad[1080329]: ERROR:root:Metrics upload error for service magmad (chunk 0)! [StatusCode.DEADLINE_EXCEEDED] Deadline Exceeded
Apr 15 17:12:44 localhost magmad[1080329]: ERROR:root:Metrics upload error for service enodebd (chunk 0)! [StatusCode.DEADLINE_EXCEEDED] Deadline Exceeded
Apr 15 17:12:44 localhost magmad[1080329]: ERROR:root:Metrics upload error for service pipelined (chunk 0)! [StatusCode.DEADLINE_EXCEEDED] Deadline Exceeded
Apr 15 17:12:44 localhost magmad[1080329]: ERROR:root:Metrics upload error for service state (chunk 0)! [StatusCode.DEADLINE_EXCEEDED] Deadline Exceeded
Apr 15 17:12:44 localhost magmad[1080329]: ERROR:root:Metrics upload error for service sessiond (chunk 0)! [StatusCode.DEADLINE_EXCEEDED] Deadline Exceeded
Apr 15 17:12:45 localhost mobilityd[1080398]: INFO:root:Using GW info: {'default': {2: ('172.16.4.1', 'eth0')}, 2: [('172.16.4.1', 'eth0', True)]}
Apr 15 17:12:45 localhost mobilityd[1080398]: INFO:root:GW-v6 probe: timer started
Apr 15 17:12:47 localhost magmad[1080329]: INFO:root:[SyncRPC] Got heartBeat from cloud
Apr 15 17:12:49 localhost smsd[1080506]: INFO:root:mme non_eps_service_config is not SMS_ORC8R, sleeping.
Apr 15 17:12:50 localhost sctpd[1080680]: I0415 17:12:50.455569 1081128 sctp_connection.cpp:195] Unhandled notification type 32776
Apr 15 17:12:51 localhost sctpd[1080680]: I0415 17:12:51.520323 1081128 sctp_connection.cpp:195] Unhandled notification type 32777
Apr 15 17:12:54 localhost smsd[1080506]: INFO:root:mme non_eps_service_config is not SMS_ORC8R, sleeping.
Apr 15 17:12:55 localhost magmad[1080329]: INFO:root:Setting logging level to INFO
Apr 15 17:12:59 localhost smsd[1080506]: INFO:root:mme non_eps_service_config is not SMS_ORC8R, sleeping.
Apr 15 17:13:01 localhost dhclient[601]: DHCPREQUEST for 172.16.5.121 on eth1 to 172.16.5.2 port 67 (xid=0x1858e024)
Apr 15 17:13:04 localhost smsd[1080506]: INFO:root:mme non_eps_service_config is not SMS_ORC8R, sleeping.
Apr 15 17:13:05 localhost mobilityd[1080398]: INFO:root:Using GW info: {'default': {2: ('172.16.4.1', 'eth0')}, 2: [('172.16.4.1', 'eth0', True)]}
Apr 15 17:13:05 localhost mobilityd[1080398]: INFO:root:GW-v6 probe: timer started
Apr 15 17:13:08 localhost sctpd[1080680]: I0415 17:13:08.638108 1081128 sctp_connection.cpp:195] Unhandled notification type 32776
Apr 15 17:13:09 localhost sctpd[1080680]: I0415 17:13:09.702033 1081128 sctp_connection.cpp:195] Unhandled notification type 32777
Apr 15 17:13:09 localhost sctpd[1080680]: I0415 17:13:09.945787 1081128 sctp_connection.cpp:195] Unhandled notification type 32777
Apr 15 17:13:10 localhost smsd[1080506]: INFO:root:mme non_eps_service_config is not SMS_ORC8R, sleeping.
Apr 15 17:13:10 localhost sctpd[1080680]: I0415 17:13:10.150970 1081128 sctp_connection.cpp:195] Unhandled notification type 32777
Apr 15 17:13:10 localhost dhclient[601]: DHCPREQUEST for 172.16.5.121 on eth1 to 172.16.5.2 port 67 (xid=0x1858e024)
Apr 15 17:13:14 localhost control_proxy[1080568]: 2022-04-15T17:13:13.765Z [127.0.0.1 -> state-controller.magmasi.wavelabs.in,8443] "POST /magma.orc8r.StateService/ReportStates HTTP/2" 200 5bytes 0.509s
Apr 15 17:13:14 localhost magmad[1080329]: INFO:root:Checkin Successful! Successfully sent states to the cloud!
Apr 15 17:13:15 localhost smsd[1080506]: INFO:root:mme non_eps_service_config is not SMS_ORC8R, sleeping.
Apr 15 17:13:20 localhost smsd[1080506]: INFO:root:mme non_eps_service_config is not SMS_ORC8R, sleeping.
Apr 15 17:13:24 localhost dhclient[601]: DHCPREQUEST for 172.16.5.121 on eth1 to 172.16.5.2 port 67 (xid=0x1858e024)
Apr 15 17:13:25 localhost smsd[1080506]: INFO:root:mme non_eps_service_config is not SMS_ORC8R, sleeping.
Apr 15 17:13:25 localhost mobilityd[1080398]: INFO:root:Using GW info: {'default': {2: ('172.16.4.1', 'eth0')}, 2: [('172.16.4.1', 'eth0', True)]}
Apr 15 17:13:25 localhost mobilityd[1080398]: INFO:root:GW-v6 probe: timer started
Apr 15 17:13:27 localhost control_proxy[1080568]: 2022-04-15T17:13:26.684Z [127.0.0.1 -> streamer-controller.magmasi.wavelabs.in,8443] "POST /magma.orc8r.Streamer/GetUpdates HTTP/2" 200 173bytes 0.516s
Apr 15 17:13:27 localhost policydb[1080479]: INFO:root:Processing 4 policy updates (resync=True)
Apr 15 17:13:27 localhost control_proxy[1080568]: 2022-04-15T17:13:27.205Z [127.0.0.1 -> streamer-controller.magmasi.wavelabs.in,8443] "POST /magma.orc8r.Streamer/GetUpdates HTTP/2" 200 7bytes 0.261s
Apr 15 17:13:27 localhost policydb[1080479]: INFO:root:Processing 0 basename -> policy updates
Apr 15 17:13:27 localhost sctpd[1080680]: I0415 17:13:27.505877 1081128 sctp_connection.cpp:195] Unhandled notification type 32776
Apr 15 17:13:27 localhost control_proxy[1080568]: 2022-04-15T17:13:27.205Z [127.0.0.1 -> streamer-controller.magmasi.wavelabs.in,8443] "POST /magma.orc8r.Streamer/GetUpdates HTTP/2" 200 13513bytes 0.296s
Apr 15 17:13:27 localhost policydb[1080479]: INFO:root:Processing 222 SID -> apn -> policy updates
Apr 15 17:13:28 localhost control_proxy[1080568]: 2022-04-15T17:13:27.205Z [127.0.0.1 -> streamer-controller.magmasi.wavelabs.in,8443] "POST /magma.orc8r.Streamer/GetUpdates HTTP/2" 200 7bytes 0.265s
Apr 15 17:13:28 localhost policydb[1080479]: INFO:root:Processing 0 rating group updates
Apr 15 17:13:28 localhost sctpd[1080680]: I0415 17:13:28.568204 1081128 sctp_connection.cpp:195] Unhandled notification type 32777
Apr 15 17:13:28 localhost sctpd[1080680]: I0415 17:13:28.804497 1081128 sctp_connection.cpp:195] Unhandled notification type 32777
Apr 15 17:13:29 localhost sctpd[1080680]: I0415 17:13:29.014941 1081128 sctp_connection.cpp:195] Unhandled notification type 32777
Apr 15 17:13:30 localhost smsd[1080506]: INFO:root:mme non_eps_service_config is not SMS_ORC8R, sleeping.
Apr 15 17:13:35 localhost sctpd[1080680]: I0415 17:13:35.018909 1081128 sctp_connection.cpp:195] Unhandled notification type 32777
Apr 15 17:13:35 localhost smsd[1080506]: INFO:root:mme non_eps_service_config is not SMS_ORC8R, sleeping.
Apr 15 17:13:35 localhost dhclient[601]: DHCPREQUEST for 172.16.5.121 on eth1 to 172.16.5.2 port 67 (xid=0x1858e024)
Apr 15 17:13:40 localhost smsd[1080506]: INFO:root:mme non_eps_service_config is not SMS_ORC8R, sleeping.
Apr 15 17:13:44 localhost magmad[1080329]: ERROR:root:Metrics upload error for service subscriberdb (chunk 0)! [StatusCode.DEADLINE_EXCEEDED] Deadline Exceeded
Apr 15 17:13:44 localhost magmad[1080329]: ERROR:root:Metrics upload error for service mobilityd (chunk 0)! [StatusCode.DEADLINE_EXCEEDED] Deadline Exceeded
Apr 15 17:13:44 localhost magmad[1080329]: ERROR:root:Metrics upload error for service mme (chunk 0)! [StatusCode.DEADLINE_EXCEEDED] Deadline Exceeded
Apr 15 17:13:44 localhost magmad[1080329]: ERROR:root:Metrics upload error for service magmad (chunk 0)! [StatusCode.DEADLINE_EXCEEDED] Deadline Exceeded
Apr 15 17:13:44 localhost magmad[1080329]: ERROR:root:Metrics upload error for service enodebd (chunk 0)! [StatusCode.DEADLINE_EXCEEDED] Deadline Exceeded
Apr 15 17:13:44 localhost magmad[1080329]: ERROR:root:Metrics upload error for service pipelined (chunk 0)! [StatusCode.DEADLINE_EXCEEDED] Deadline Exceeded
Apr 15 17:13:44 localhost magmad[1080329]: ERROR:root:Metrics upload error for service state (chunk 0)! [StatusCode.DEADLINE_EXCEEDED] Deadline Exceeded
Apr 15 17:13:44 localhost magmad[1080329]: ERROR:root:Metrics upload error for service sessiond (chunk 0)! [StatusCode.DEADLINE_EXCEEDED] Deadline Exceeded
Apr 15 17:13:45 localhost smsd[1080506]: INFO:root:mme non_eps_service_config is not SMS_ORC8R, sleeping.
Apr 15 17:13:45 localhost mobilityd[1080398]: INFO:root:Using GW info: {'default': {2: ('172.16.4.1', 'eth0')}, 2: [('172.16.4.1', 'eth0', True)]}
Apr 15 17:13:45 localhost mobilityd[1080398]: INFO:root:GW-v6 probe: timer started
Apr 15 17:13:45 localhost sctpd[1080680]: I0415 17:13:45.664283 1081128 sctp_connection.cpp:195] Unhandled notification type 32776
