Mar 10 18:21:10 localhost sctpd[976221]: I0310 18:21:10.035187 976734 sctp_connection.cpp:167] HandleClientSock sd = 68
Mar 10 18:21:10 localhost sctpd[976221]: I0310 18:21:10.035310 976734 sctp_connection.cpp:220] [sd:68] msg of len 72 on 3971:1
Mar 10 18:21:14 localhost dnsmasq-dhcp[976131]: DHCPDISCOVER(eth1) fa:16:3e:2a:89:3f 
Mar 10 18:21:14 localhost dnsmasq-dhcp[976131]: DHCPOFFER(eth1) 172.16.7.251 fa:16:3e:2a:89:3f 
Mar 10 18:21:14 localhost smsd[976053]: INFO:root:mme non_eps_service_config is not SMS_ORC8R, sleeping.
Mar 10 18:21:19 localhost sctpd[976221]: I0310 18:21:19.312893 976734 sctp_connection.cpp:167] HandleClientSock sd = 67
Mar 10 18:21:19 localhost sctpd[976221]: I0310 18:21:19.313025 976734 sctp_connection.cpp:185] SCTP_SHUTDOWN_EVENT received
Mar 10 18:21:19 localhost sctpd[976221]: I0310 18:21:19.313040 976734 sctp_connection.cpp:280] Sending close connection for assoc_id 3970
Mar 10 18:21:19 localhost sctpd[976221]: I0310 18:21:19.358924 976734 sctp_connection.cpp:167] HandleClientSock sd = 68
Mar 10 18:21:19 localhost sctpd[976221]: I0310 18:21:19.359001 976734 sctp_connection.cpp:185] SCTP_SHUTDOWN_EVENT received
Mar 10 18:21:19 localhost sctpd[976221]: I0310 18:21:19.359012 976734 sctp_connection.cpp:280] Sending close connection for assoc_id 3971
Mar 10 18:21:19 localhost mobilityd[975951]: INFO:root:Using GW info: {'default': {2: ('172.16.4.1', 'eth0')}, 2: [('172.16.4.1', 'eth0', True)]}
Mar 10 18:21:19 localhost mobilityd[975951]: INFO:root:GW-v6 probe: timer started
Mar 10 18:21:19 localhost smsd[976053]: INFO:root:mme non_eps_service_config is not SMS_ORC8R, sleeping.
Mar 10 18:21:21 localhost control_proxy[976123]: 2022-03-10T18:21:20.864Z [127.0.0.1 -> streamer-controller.magmasi.wavelabs.in,8443] "POST /magma.orc8r.Streamer/GetUpdates HTTP/2" 200 91bytes 0.551s
Mar 10 18:21:21 localhost policydb[976031]: INFO:root:Processing 2 policy updates (resync=True)
Mar 10 18:21:21 localhost control_proxy[976123]: 2022-03-10T18:21:21.419Z [127.0.0.1 -> streamer-controller.magmasi.wavelabs.in,8443] "POST /magma.orc8r.Streamer/GetUpdates HTTP/2" 200 7bytes 0.287s
Mar 10 18:21:21 localhost policydb[976031]: INFO:root:Processing 0 basename -> policy updates
Mar 10 18:21:22 localhost control_proxy[976123]: 2022-03-10T18:21:21.419Z [127.0.0.1 -> streamer-controller.magmasi.wavelabs.in,8443] "POST /magma.orc8r.Streamer/GetUpdates HTTP/2" 200 5113bytes 0.291s
Mar 10 18:21:22 localhost policydb[976031]: INFO:root:Processing 222 SID -> apn -> policy updates
Mar 10 18:21:22 localhost magmad[975882]: ERROR:root:Metrics upload error for service subscriberdb (chunk 0)! [StatusCode.DEADLINE_EXCEEDED] Deadline Exceeded
Mar 10 18:21:22 localhost magmad[975882]: ERROR:root:Metrics upload error for service mobilityd (chunk 0)! [StatusCode.DEADLINE_EXCEEDED] Deadline Exceeded
Mar 10 18:21:22 localhost magmad[975882]: ERROR:root:Metrics upload error for service mme (chunk 0)! [StatusCode.DEADLINE_EXCEEDED] Deadline Exceeded
Mar 10 18:21:22 localhost magmad[975882]: ERROR:root:Metrics upload error for service magmad (chunk 0)! [StatusCode.DEADLINE_EXCEEDED] Deadline Exceeded
Mar 10 18:21:22 localhost magmad[975882]: ERROR:root:Metrics upload error for service enodebd (chunk 0)! [StatusCode.DEADLINE_EXCEEDED] Deadline Exceeded
Mar 10 18:21:22 localhost magmad[975882]: ERROR:root:Metrics upload error for service pipelined (chunk 0)! [StatusCode.DEADLINE_EXCEEDED] Deadline Exceeded
Mar 10 18:21:22 localhost magmad[975882]: ERROR:root:Metrics upload error for service state (chunk 0)! [StatusCode.DEADLINE_EXCEEDED] Deadline Exceeded
Mar 10 18:21:22 localhost magmad[975882]: ERROR:root:Metrics upload error for service sessiond (chunk 0)! [StatusCode.DEADLINE_EXCEEDED] Deadline Exceeded
Mar 10 18:21:22 localhost control_proxy[976123]: 2022-03-10T18:21:22.009Z [127.0.0.1 -> streamer-controller.magmasi.wavelabs.in,8443] "POST /magma.orc8r.Streamer/GetUpdates HTTP/2" 200 7bytes 0.281s
Mar 10 18:21:22 localhost policydb[976031]: INFO:root:Processing 0 rating group updates
Mar 10 18:21:22 localhost dhclient[601]: DHCPREQUEST for 172.16.5.121 on eth1 to 255.255.255.255 port 67 (xid=0x4b4058b5)
Mar 10 18:21:24 localhost smsd[976053]: INFO:root:mme non_eps_service_config is not SMS_ORC8R, sleeping.
Mar 10 18:21:25 localhost dnsmasq-dhcp[976131]: DHCPDISCOVER(eth1) fa:16:3e:2a:89:3f 
Mar 10 18:21:25 localhost dnsmasq-dhcp[976131]: DHCPOFFER(eth1) 172.16.7.251 fa:16:3e:2a:89:3f 
Mar 10 18:21:25 localhost sctpd[976221]: I0310 18:21:25.790555 976727 sctpd_downlink_impl.cpp:76] SctpdDownlinkImpl::SendDl starting
Mar 10 18:21:28 localhost sctpd[976221]: I0310 18:21:28.248396 976734 sctp_connection.cpp:167] HandleClientSock sd = 69
Mar 10 18:21:28 localhost sctpd[976221]: I0310 18:21:28.248478 976734 sctp_connection.cpp:189] SCTP association change event received
Mar 10 18:21:28 localhost sctpd[976221]: I0310 18:21:28.250212 976734 sctp_connection.cpp:167] HandleClientSock sd = 69
Mar 10 18:21:28 localhost sctpd[976221]: I0310 18:21:28.250304 976734 sctp_connection.cpp:193] Unhandled notification type 32776
Mar 10 18:21:29 localhost dhclient[601]: DHCPREQUEST for 172.16.5.121 on eth1 to 255.255.255.255 port 67 (xid=0x4b4058b5)
Mar 10 18:21:29 localhost smsd[976053]: INFO:root:mme non_eps_service_config is not SMS_ORC8R, sleeping.
Mar 10 18:21:34 localhost smsd[976053]: INFO:root:mme non_eps_service_config is not SMS_ORC8R, sleeping.
Mar 10 18:21:37 localhost sctpd[976221]: I0310 18:21:37.822968 976734 sctp_connection.cpp:167] HandleClientSock sd = 69
Mar 10 18:21:37 localhost sctpd[976221]: I0310 18:21:37.823072 976734 sctp_connection.cpp:220] [sd:69] msg of len 42 on 3972:0
Mar 10 18:21:37 localhost sctpd[976221]: I0310 18:21:37.825407 976226 sctpd_downlink_impl.cpp:76] SctpdDownlinkImpl::SendDl starting
Mar 10 18:21:37 localhost sctpd[976221]: I0310 18:21:37.826193 976734 sctp_connection.cpp:167] HandleClientSock sd = 69
Mar 10 18:21:37 localhost sctpd[976221]: I0310 18:21:37.826301 976734 sctp_connection.cpp:193] Unhandled notification type 32777
Mar 10 18:21:37 localhost sctpd[976221]: I0310 18:21:37.933465 976734 sctp_connection.cpp:167] HandleClientSock sd = 69
Mar 10 18:21:37 localhost sctpd[976221]: I0310 18:21:37.933571 976734 sctp_connection.cpp:220] [sd:69] msg of len 42 on 3972:0
Mar 10 18:21:37 localhost sctpd[976221]: I0310 18:21:37.935730 976727 sctpd_downlink_impl.cpp:76] SctpdDownlinkImpl::SendDl starting
Mar 10 18:21:38 localhost sctpd[976221]: I0310 18:21:38.047329 976734 sctp_connection.cpp:167] HandleClientSock sd = 69
Mar 10 18:21:38 localhost sctpd[976221]: I0310 18:21:38.047433 976734 sctp_connection.cpp:193] Unhandled notification type 32777
Mar 10 18:21:38 localhost sctpd[976221]: I0310 18:21:38.047451 976734 sctp_connection.cpp:167] HandleClientSock sd = 69
Mar 10 18:21:38 localhost sctpd[976221]: I0310 18:21:38.047472 976734 sctp_connection.cpp:220] [sd:69] msg of len 83 on 3972:1
Mar 10 18:21:38 localhost sctpd[976221]: I0310 18:21:38.063745 976727 sctpd_downlink_impl.cpp:76] SctpdDownlinkImpl::SendDl starting
Mar 10 18:21:38 localhost sctpd[976221]: I0310 18:21:38.158885 976734 sctp_connection.cpp:167] HandleClientSock sd = 69
Mar 10 18:21:38 localhost sctpd[976221]: I0310 18:21:38.158985 976734 sctp_connection.cpp:193] Unhandled notification type 32777
Mar 10 18:21:38 localhost sctpd[976221]: I0310 18:21:38.159003 976734 sctp_connection.cpp:167] HandleClientSock sd = 69
Mar 10 18:21:38 localhost sctpd[976221]: I0310 18:21:38.159024 976734 sctp_connection.cpp:220] [sd:69] msg of len 67 on 3972:1
Mar 10 18:21:38 localhost sctpd[976221]: I0310 18:21:38.163347 976727 sctpd_downlink_impl.cpp:76] SctpdDownlinkImpl::SendDl starting
Mar 10 18:21:38 localhost sctpd[976221]: I0310 18:21:38.268572 976734 sctp_connection.cpp:167] HandleClientSock sd = 69
Mar 10 18:21:38 localhost sctpd[976221]: I0310 18:21:38.268661 976734 sctp_connection.cpp:193] Unhandled notification type 32777
Mar 10 18:21:38 localhost sctpd[976221]: I0310 18:21:38.268678 976734 sctp_connection.cpp:167] HandleClientSock sd = 69
Mar 10 18:21:38 localhost sctpd[976221]: I0310 18:21:38.268698 976734 sctp_connection.cpp:220] [sd:69] msg of len 56 on 3972:1
Mar 10 18:21:38 localhost mme[976649]: [DEBUG] Sending S6A-UPDATE_LOCATION_REQUEST with IMSI: 222700000000001
Mar 10 18:21:38 localhost sctpd[976221]: I0310 18:21:38.274171 976727 sctpd_downlink_impl.cpp:76] SctpdDownlinkImpl::SendDl starting
Mar 10 18:21:38 localhost mme[976649]: [INFO] Received S6A-LOCATION-UPDATE_ANSWER for IMSI: 222700000000001; Status: ; StatusCode: 2001
Mar 10 18:21:38 localhost mme[976649]: [INFO] sent itti S6A-LOCATION-UPDATE_ANSWER for IMSI: 222700000000001
Mar 10 18:21:38 localhost sctpd[976221]: I0310 18:21:38.476464 976734 sctp_connection.cpp:167] HandleClientSock sd = 69
Mar 10 18:21:38 localhost sctpd[976221]: I0310 18:21:38.476567 976734 sctp_connection.cpp:193] Unhandled notification type 32777
Mar 10 18:21:38 localhost dnsmasq-dhcp[976131]: DHCPDISCOVER(eth1) fa:16:3e:2a:89:3f 
Mar 10 18:21:38 localhost dnsmasq-dhcp[976131]: DHCPOFFER(eth1) 172.16.7.251 fa:16:3e:2a:89:3f 
Mar 10 18:21:39 localhost mobilityd[975951]: INFO:root:Using GW info: {'default': {2: ('172.16.4.1', 'eth0')}, 2: [('172.16.4.1', 'eth0', True)]}
Mar 10 18:21:39 localhost mobilityd[975951]: INFO:root:GW-v6 probe: timer started
Mar 10 18:21:39 localhost smsd[976053]: INFO:root:mme non_eps_service_config is not SMS_ORC8R, sleeping.
Mar 10 18:21:41 localhost sctpd[976221]: I0310 18:21:41.793414 976727 sctpd_downlink_impl.cpp:76] SctpdDownlinkImpl::SendDl starting
Mar 10 18:21:42 localhost dhclient[601]: DHCPREQUEST for 172.16.5.121 on eth1 to 255.255.255.255 port 67 (xid=0x4b4058b5)
Mar 10 18:21:44 localhost mme[976649]: [DEBUG] Sending S6A-UPDATE_LOCATION_REQUEST with IMSI: 222700000000001
Mar 10 18:21:44 localhost sctpd[976221]: I0310 18:21:44.280426 976727 sctpd_downlink_impl.cpp:76] SctpdDownlinkImpl::SendDl starting
Mar 10 18:21:44 localhost mme[976649]: [INFO] Received S6A-LOCATION-UPDATE_ANSWER for IMSI: 222700000000001; Status: ; StatusCode: 2001
Mar 10 18:21:44 localhost mme[976649]: [INFO] sent itti S6A-LOCATION-UPDATE_ANSWER for IMSI: 222700000000001
Mar 10 18:21:44 localhost sctpd[976221]: I0310 18:21:44.484424 976734 sctp_connection.cpp:167] HandleClientSock sd = 69
Mar 10 18:21:44 localhost sctpd[976221]: I0310 18:21:44.484524 976734 sctp_connection.cpp:193] Unhandled notification type 32777
Mar 10 18:21:44 localhost smsd[976053]: INFO:root:mme non_eps_service_config is not SMS_ORC8R, sleeping.
Mar 10 18:21:46 localhost dnsmasq-dhcp[976131]: DHCPDISCOVER(eth1) fa:16:3e:2a:89:3f 
Mar 10 18:21:46 localhost dnsmasq-dhcp[976131]: DHCPOFFER(eth1) 172.16.7.251 fa:16:3e:2a:89:3f 
Mar 10 18:21:48 localhost sctpd[976221]: I0310 18:21:48.377382 976734 sctp_connection.cpp:167] HandleClientSock sd = 69
Mar 10 18:21:48 localhost sctpd[976221]: I0310 18:21:48.377496 976734 sctp_connection.cpp:220] [sd:69] msg of len 56 on 3972:1
Mar 10 18:21:49 localhost smsd[976053]: INFO:root:mme non_eps_service_config is not SMS_ORC8R, sleeping.
Mar 10 18:21:53 localhost magmad[975882]: INFO:root:Setting logging level to INFO
Mar 10 18:21:55 localhost smsd[976053]: INFO:root:mme non_eps_service_config is not SMS_ORC8R, sleeping.
Mar 10 18:21:55 localhost sctpd[976221]: I0310 18:21:55.760140 976734 sctp_connection.cpp:167] HandleClientSock sd = 69
Mar 10 18:21:55 localhost sctpd[976221]: I0310 18:21:55.760340 976734 sctp_connection.cpp:185] SCTP_SHUTDOWN_EVENT received
Mar 10 18:21:55 localhost sctpd[976221]: I0310 18:21:55.760356 976734 sctp_connection.cpp:280] Sending close connection for assoc_id 3972
Mar 10 18:21:57 localhost dnsmasq-dhcp[976131]: DHCPDISCOVER(eth1) fa:16:3e:2a:89:3f 
Mar 10 18:21:57 localhost dnsmasq-dhcp[976131]: DHCPOFFER(eth1) 172.16.7.251 fa:16:3e:2a:89:3f 
Mar 10 18:21:57 localhost sctpd[976221]: I0310 18:21:57.801782 976226 sctpd_downlink_impl.cpp:76] SctpdDownlinkImpl::SendDl starting
Mar 10 18:21:59 localhost mobilityd[975951]: INFO:root:Using GW info: {'default': {2: ('172.16.4.1', 'eth0')}, 2: [('172.16.4.1', 'eth0', True)]}
Mar 10 18:21:59 localhost mobilityd[975951]: INFO:root:GW-v6 probe: timer started
Mar 10 18:22:00 localhost smsd[976053]: INFO:root:mme non_eps_service_config is not SMS_ORC8R, sleeping.
Mar 10 18:22:00 localhost control_proxy[976123]: 2022-03-10T18:21:00.066Z [127.0.0.1 -> streamer-controller.magmasi.wavelabs.in,8443] "POST /magma.orc8r.Streamer/GetUpdates HTTP/2" 200 0bytes 60.270s
Mar 10 18:22:00 localhost magmad[975882]: ERROR:root:Error! Streaming from the cloud failed! [StatusCode.ABORTED] error while streaming updates: rpc error: code = DeadlineExceeded desc = context deadline exceeded
Mar 10 18:22:00 localhost magmad[975882]: INFO:root:[SyncRPC] Got heartBeat from cloud
Mar 10 18:22:01 localhost control_proxy[976123]: 2022-03-10T18:22:01.173Z [127.0.0.1 -> state-controller.magmasi.wavelabs.in,8443] "POST /magma.orc8r.StateService/ReportStates HTTP/2" 200 5bytes 0.281s
Mar 10 18:22:01 localhost dhclient[601]: DHCPREQUEST for 172.16.5.121 on eth1 to 255.255.255.255 port 67 (xid=0x4b4058b5)
Mar 10 18:22:04 localhost sctpd[976221]: I0310 18:22:04.879175 976734 sctp_connection.cpp:167] HandleClientSock sd = 70
Mar 10 18:22:04 localhost sctpd[976221]: I0310 18:22:04.879235 976734 sctp_connection.cpp:189] SCTP association change event received
Mar 10 18:22:04 localhost sctpd[976221]: I0310 18:22:04.880245 976734 sctp_connection.cpp:167] HandleClientSock sd = 70
Mar 10 18:22:04 localhost sctpd[976221]: I0310 18:22:04.880259 976734 sctp_connection.cpp:193] Unhandled notification type 32776
Mar 10 18:22:05 localhost smsd[976053]: INFO:root:mme non_eps_service_config is not SMS_ORC8R, sleeping.
Mar 10 18:22:10 localhost smsd[976053]: INFO:root:mme non_eps_service_config is not SMS_ORC8R, sleeping.
Mar 10 18:22:10 localhost dnsmasq-dhcp[976131]: DHCPDISCOVER(eth1) fa:16:3e:2a:89:3f 
Mar 10 18:22:10 localhost dnsmasq-dhcp[976131]: DHCPOFFER(eth1) 172.16.7.251 fa:16:3e:2a:89:3f 
Mar 10 18:22:12 localhost control_proxy[976123]: 2022-03-10T18:22:11.977Z [127.0.0.1 -> state-controller.magmasi.wavelabs.in,8443] "POST /magma.orc8r.StateService/ReportStates HTTP/2" 200 5bytes 0.540s
Mar 10 18:22:12 localhost magmad[975882]: INFO:root:Checkin Successful! Successfully sent states to the cloud!
Mar 10 18:22:13 localhost sctpd[976221]: I0310 18:22:13.818639 976727 sctpd_downlink_impl.cpp:76] SctpdDownlinkImpl::SendDl starting
Mar 10 18:22:14 localhost sctpd[976221]: I0310 18:22:14.439527 976734 sctp_connection.cpp:167] HandleClientSock sd = 70
Mar 10 18:22:14 localhost sctpd[976221]: I0310 18:22:14.439628 976734 sctp_connection.cpp:220] [sd:70] msg of len 42 on 3973:0
Mar 10 18:22:14 localhost sctpd[976221]: I0310 18:22:14.441726 976226 sctpd_downlink_impl.cpp:76] SctpdDownlinkImpl::SendDl starting
Mar 10 18:22:14 localhost sctpd[976221]: I0310 18:22:14.442363 976734 sctp_connection.cpp:167] HandleClientSock sd = 70
Mar 10 18:22:14 localhost sctpd[976221]: I0310 18:22:14.442425 976734 sctp_connection.cpp:193] Unhandled notification type 32777
Mar 10 18:22:14 localhost sctpd[976221]: I0310 18:22:14.552417 976734 sctp_connection.cpp:167] HandleClientSock sd = 70
Mar 10 18:22:14 localhost sctpd[976221]: I0310 18:22:14.552527 976734 sctp_connection.cpp:220] [sd:70] msg of len 42 on 3973:0
Mar 10 18:22:14 localhost sctpd[976221]: I0310 18:22:14.554338 976226 sctpd_downlink_impl.cpp:76] SctpdDownlinkImpl::SendDl starting
Mar 10 18:22:14 localhost sctpd[976221]: I0310 18:22:14.668032 976734 sctp_connection.cpp:167] HandleClientSock sd = 70
Mar 10 18:22:14 localhost sctpd[976221]: I0310 18:22:14.668130 976734 sctp_connection.cpp:193] Unhandled notification type 32777
Mar 10 18:22:14 localhost sctpd[976221]: I0310 18:22:14.668154 976734 sctp_connection.cpp:167] HandleClientSock sd = 70
Mar 10 18:22:14 localhost sctpd[976221]: I0310 18:22:14.668184 976734 sctp_connection.cpp:220] [sd:70] msg of len 88 on 3973:1
Mar 10 18:22:14 localhost sctpd[976221]: I0310 18:22:14.684847 976226 sctpd_downlink_impl.cpp:76] SctpdDownlinkImpl::SendDl starting
Mar 10 18:22:14 localhost sctpd[976221]: I0310 18:22:14.781742 976734 sctp_connection.cpp:167] HandleClientSock sd = 70
Mar 10 18:22:14 localhost sctpd[976221]: I0310 18:22:14.781842 976734 sctp_connection.cpp:193] Unhandled notification type 32777
Mar 10 18:22:14 localhost sctpd[976221]: I0310 18:22:14.781862 976734 sctp_connection.cpp:167] HandleClientSock sd = 70
Mar 10 18:22:14 localhost sctpd[976221]: I0310 18:22:14.781883 976734 sctp_connection.cpp:220] [sd:70] msg of len 67 on 3973:1
Mar 10 18:22:14 localhost sctpd[976221]: I0310 18:22:14.786060 976226 sctpd_downlink_impl.cpp:76] SctpdDownlinkImpl::SendDl starting
Mar 10 18:22:14 localhost sctpd[976221]: I0310 18:22:14.890630 976734 sctp_connection.cpp:167] HandleClientSock sd = 70
Mar 10 18:22:14 localhost sctpd[976221]: I0310 18:22:14.890712 976734 sctp_connection.cpp:193] Unhandled notification type 32777
Mar 10 18:22:14 localhost sctpd[976221]: I0310 18:22:14.890730 976734 sctp_connection.cpp:167] HandleClientSock sd = 70
Mar 10 18:22:14 localhost sctpd[976221]: I0310 18:22:14.890749 976734 sctp_connection.cpp:220] [sd:70] msg of len 56 on 3973:1
Mar 10 18:22:14 localhost mme[976649]: [DEBUG] Sending S6A-UPDATE_LOCATION_REQUEST with IMSI: 222700000000001
Mar 10 18:22:14 localhost sctpd[976221]: I0310 18:22:14.896483 976226 sctpd_downlink_impl.cpp:76] SctpdDownlinkImpl::SendDl starting
Mar 10 18:22:14 localhost mme[976649]: [INFO] Received S6A-LOCATION-UPDATE_ANSWER for IMSI: 222700000000001; Status: ; StatusCode: 2001
Mar 10 18:22:14 localhost mme[976649]: [INFO] sent itti S6A-LOCATION-UPDATE_ANSWER for IMSI: 222700000000001
Mar 10 18:22:14 localhost sctpd[976221]: I0310 18:22:14.998839 976734 sctp_connection.cpp:167] HandleClientSock sd = 70
Mar 10 18:22:14 localhost sctpd[976221]: I0310 18:22:14.998921 976734 sctp_connection.cpp:193] Unhandled notification type 32777
Mar 10 18:22:14 localhost sctpd[976221]: I0310 18:22:14.998940 976734 sctp_connection.cpp:167] HandleClientSock sd = 70
Mar 10 18:22:15 localhost sctpd[976221]: I0310 18:22:14.998960 976734 sctp_connection.cpp:220] [sd:70] msg of len 22 on 3973:1
Mar 10 18:22:15 localhost smsd[976053]: INFO:root:mme non_eps_service_config is not SMS_ORC8R, sleeping.
Mar 10 18:22:15 localhost sctpd[976221]: I0310 18:22:15.202854 976734 sctp_connection.cpp:167] HandleClientSock sd = 70
Mar 10 18:22:15 localhost sctpd[976221]: I0310 18:22:15.202948 976734 sctp_connection.cpp:220] [sd:70] msg of len 56 on 3973:1
Mar 10 18:22:16 localhost sctpd[976221]: I0310 18:22:16.170107 976734 sctp_connection.cpp:167] HandleClientSock sd = 70
Mar 10 18:22:16 localhost sctpd[976221]: I0310 18:22:16.170222 976734 sctp_connection.cpp:220] [sd:70] msg of len 70 on 3973:1
Mar 10 18:22:18 localhost dnsmasq-dhcp[976131]: DHCPDISCOVER(eth1) fa:16:3e:2a:89:3f 
Mar 10 18:22:18 localhost dnsmasq-dhcp[976131]: DHCPOFFER(eth1) 172.16.7.251 fa:16:3e:2a:89:3f 
Mar 10 18:22:19 localhost mobilityd[975951]: INFO:root:Using GW info: {'default': {2: ('172.16.4.1', 'eth0')}, 2: [('172.16.4.1', 'eth0', True)]}
Mar 10 18:22:19 localhost mobilityd[975951]: INFO:root:GW-v6 probe: timer started
Mar 10 18:22:20 localhost smsd[976053]: INFO:root:mme non_eps_service_config is not SMS_ORC8R, sleeping.
Mar 10 18:22:21 localhost dhclient[601]: DHCPREQUEST for 172.16.5.121 on eth1 to 255.255.255.255 port 67 (xid=0x4b4058b5)
Mar 10 18:22:22 localhost magmad[975882]: ERROR:root:Metrics upload error for service subscriberdb (chunk 0)! [StatusCode.DEADLINE_EXCEEDED] Deadline Exceeded
Mar 10 18:22:22 localhost magmad[975882]: ERROR:root:Metrics upload error for service mobilityd (chunk 0)! [StatusCode.DEADLINE_EXCEEDED] Deadline Exceeded
Mar 10 18:22:22 localhost magmad[975882]: ERROR:root:Metrics upload error for service mme (chunk 0)! [StatusCode.DEADLINE_EXCEEDED] Deadline Exceeded
Mar 10 18:22:22 localhost magmad[975882]: ERROR:root:Metrics upload error for service magmad (chunk 0)! [StatusCode.DEADLINE_EXCEEDED] Deadline Exceeded
Mar 10 18:22:22 localhost magmad[975882]: ERROR:root:Metrics upload error for service enodebd (chunk 0)! [StatusCode.DEADLINE_EXCEEDED] Deadline Exceeded
Mar 10 18:22:22 localhost magmad[975882]: ERROR:root:Metrics upload error for service pipelined (chunk 0)! [StatusCode.DEADLINE_EXCEEDED] Deadline Exceeded
Mar 10 18:22:22 localhost magmad[975882]: ERROR:root:Metrics upload error for service state (chunk 0)! [StatusCode.DEADLINE_EXCEEDED] Deadline Exceeded
Mar 10 18:22:22 localhost magmad[975882]: ERROR:root:Metrics upload error for service sessiond (chunk 0)! [StatusCode.DEADLINE_EXCEEDED] Deadline Exceeded
Mar 10 18:22:22 localhost control_proxy[976123]: 2022-03-10T18:22:22.352Z [127.0.0.1 -> streamer-controller.magmasi.wavelabs.in,8443] "POST /magma.orc8r.Streamer/GetUpdates HTTP/2" 200 91bytes 0.558s
Mar 10 18:22:22 localhost policydb[976031]: INFO:root:Processing 2 policy updates (resync=True)
Mar 10 18:22:23 localhost control_proxy[976123]: 2022-03-10T18:22:22.352Z [127.0.0.1 -> streamer-controller.magmasi.wavelabs.in,8443] "POST /magma.orc8r.Streamer/GetUpdates HTTP/2" 200 7bytes 0.287s
Mar 10 18:22:23 localhost policydb[976031]: INFO:root:Processing 0 basename -> policy updates
Mar 10 18:22:23 localhost control_proxy[976123]: 2022-03-10T18:22:23.204Z [127.0.0.1 -> streamer-controller.magmasi.wavelabs.in,8443] "POST /magma.orc8r.Streamer/GetUpdates HTTP/2" 200 5113bytes 0.290s
Mar 10 18:22:23 localhost policydb[976031]: INFO:root:Processing 222 SID -> apn -> policy updates
Mar 10 18:22:23 localhost control_proxy[976123]: 2022-03-10T18:22:23.204Z [127.0.0.1 -> streamer-controller.magmasi.wavelabs.in,8443] "POST /magma.orc8r.Streamer/GetUpdates HTTP/2" 200 7bytes 0.276s
Mar 10 18:22:23 localhost policydb[976031]: INFO:root:Processing 0 rating group updates
Mar 10 18:22:25 localhost smsd[976053]: INFO:root:mme non_eps_service_config is not SMS_ORC8R, sleeping.
Mar 10 18:22:28 localhost sctpd[976221]: I0310 18:22:28.578632 976734 sctp_connection.cpp:167] HandleClientSock sd = 70
Mar 10 18:22:28 localhost sctpd[976221]: I0310 18:22:28.578728 976734 sctp_connection.cpp:185] SCTP_SHUTDOWN_EVENT received
Mar 10 18:22:28 localhost sctpd[976221]: I0310 18:22:28.578740 976734 sctp_connection.cpp:280] Sending close connection for assoc_id 3973
Mar 10 18:22:29 localhost dnsmasq-dhcp[976131]: DHCPDISCOVER(eth1) fa:16:3e:2a:89:3f 
Mar 10 18:22:29 localhost dnsmasq-dhcp[976131]: DHCPOFFER(eth1) 172.16.7.251 fa:16:3e:2a:89:3f 
Mar 10 18:22:29 localhost sessiond[975960]: I0310 18:22:29.822713 975960 SetMessageManagerHandler.cpp:142] Release request for session from IMSI: IMSI222700000000001 pdu_id 1
Mar 10 18:22:29 localhost mobilityd[975951]: INFO:root:Released IP 192.168.128.243 for sid IMSI222700000000001
Mar 10 18:22:30 localhost smsd[976053]: INFO:root:mme non_eps_service_config is not SMS_ORC8R, sleeping.
Mar 10 18:22:34 localhost policydb[976031]: INFO:root:Terminating session: IMSI222700000000001-125542
Mar 10 18:22:34 localhost eventd[976044]: DEBUG:root:Logging event: stream_name: "sessiond"
Mar 10 18:22:34 localhost eventd[976044]: event_type: "session_terminated"
Mar 10 18:22:34 localhost eventd[976044]: tag: "IMSI222700000000001"
Mar 10 18:22:34 localhost eventd[976044]: value: "{\"mac_addr\":\"\",\"user_location\":\"\",\"spgw_ip\":\"\",\"imei\":\"\",\"record_sequence_number\":1,\"pdp_end_time\":33,\"charging_rx\":0,\"duration\":33,\"ip_addr\":\"192.168.128.243\",\"monitoring_tx\":0,\"ipv6_addr\":\"\",\"msisdn\":\"\",\"apn\":\"default\",\"session_id\":\"IMSI222700000000001-125542\",\"list_of_service_data\":[],\"charging_characteristics\":\"\",\"total_tx\":0,\"cause_for_rec_closing\":0,\"imsi\":\"IMSI222700000000001\",\"total_rx\":0,\"monitoring_rx\":0,\"charging_tx\":0,\"pdp_start_time\":0}"
Mar 10 18:22:34 localhost eventd[976044]: ERROR:root:Connection to FluentBit failed: [Errno 111] Connection refused
Mar 10 18:22:34 localhost eventd[976044]: INFO:root:FluentBit (td-agent-bit) may not be enabled or configured correctly
Mar 10 18:22:34 localhost sessiond[975960]: I0310 18:22:34.834488 975972 SessionEvents.cpp:291] Could not log session_terminated event {"mac_addr":"","user_location":"","spgw_ip":"","imei":"","record_sequence_number":1,"pdp_end_time":33,"charging_rx":0,"duration":33,"ip_addr":"192.168.128.243","monitoring_tx":0,"ipv6_addr":"","msisdn":"","apn":"default","session_id":"IMSI222700000000001-125542","list_of_service_data":[],"charging_characteristics":"","total_tx":0,"cause_for_rec_closing":0,"imsi":"IMSI222700000000001","total_rx":0,"monitoring_rx":0,"charging_tx":0,"pdp_start_time":0}, Error Message: Could not connect to FluentBit locally, Details: [Errno 111] Connection refused
Mar 10 18:22:35 localhost smsd[976053]: INFO:root:mme non_eps_service_config is not SMS_ORC8R, sleeping.
Mar 10 18:22:36 localhost dhclient[601]: DHCPREQUEST for 172.16.5.121 on eth1 to 255.255.255.255 port 67 (xid=0x4b4058b5)
Mar 10 18:22:37 localhost sctpd[976221]: I0310 18:22:37.802090 976734 sctp_connection.cpp:167] HandleClientSock sd = 71
Mar 10 18:22:37 localhost sctpd[976221]: I0310 18:22:37.802186 976734 sctp_connection.cpp:189] SCTP association change event received
Mar 10 18:22:37 localhost sctpd[976221]: I0310 18:22:37.803304 976734 sctp_connection.cpp:167] HandleClientSock sd = 71
Mar 10 18:22:37 localhost sctpd[976221]: I0310 18:22:37.803341 976734 sctp_connection.cpp:193] Unhandled notification type 32776
Mar 10 18:22:37 localhost sctpd[976221]: I0310 18:22:37.912127 976734 sctp_connection.cpp:167] HandleClientSock sd = 72
Mar 10 18:22:37 localhost sctpd[976221]: I0310 18:22:37.912212 976734 sctp_connection.cpp:189] SCTP association change event received
Mar 10 18:22:37 localhost sctpd[976221]: I0310 18:22:37.912993 976734 sctp_connection.cpp:167] HandleClientSock sd = 72
Mar 10 18:22:37 localhost sctpd[976221]: I0310 18:22:37.913041 976734 sctp_connection.cpp:193] Unhandled notification type 32776
Mar 10 18:22:38 localhost sctpd[976221]: I0310 18:22:38.968680 976734 sctp_connection.cpp:167] HandleClientSock sd = 71
Mar 10 18:22:38 localhost sctpd[976221]: I0310 18:22:38.968794 976734 sctp_connection.cpp:220] [sd:71] msg of len 42 on 3974:0
Mar 10 18:22:38 localhost sctpd[976221]: I0310 18:22:38.971490 976727 sctpd_downlink_impl.cpp:76] SctpdDownlinkImpl::SendDl starting
Mar 10 18:22:38 localhost sctpd[976221]: I0310 18:22:38.972064 976734 sctp_connection.cpp:167] HandleClientSock sd = 71
Mar 10 18:22:38 localhost sctpd[976221]: I0310 18:22:38.972115 976734 sctp_connection.cpp:193] Unhandled notification type 32777
Mar 10 18:22:39 localhost sctpd[976221]: I0310 18:22:39.082494 976734 sctp_connection.cpp:167] HandleClientSock sd = 72
Mar 10 18:22:39 localhost sctpd[976221]: I0310 18:22:39.082592 976734 sctp_connection.cpp:220] [sd:72] msg of len 42 on 3975:0
Mar 10 18:22:39 localhost sctpd[976221]: I0310 18:22:39.084425 976727 sctpd_downlink_impl.cpp:76] SctpdDownlinkImpl::SendDl starting
Mar 10 18:22:39 localhost sctpd[976221]: I0310 18:22:39.084830 976734 sctp_connection.cpp:167] HandleClientSock sd = 72
Mar 10 18:22:39 localhost sctpd[976221]: I0310 18:22:39.084875 976734 sctp_connection.cpp:193] Unhandled notification type 32777
Mar 10 18:22:39 localhost sctpd[976221]: I0310 18:22:39.200090 976734 sctp_connection.cpp:167] HandleClientSock sd = 72
Mar 10 18:22:39 localhost sctpd[976221]: I0310 18:22:39.200199 976734 sctp_connection.cpp:220] [sd:72] msg of len 88 on 3975:1
Mar 10 18:22:39 localhost sctpd[976221]: I0310 18:22:39.218797 976727 sctpd_downlink_impl.cpp:76] SctpdDownlinkImpl::SendDl starting
Mar 10 18:22:39 localhost sctpd[976221]: I0310 18:22:39.314656 976734 sctp_connection.cpp:167] HandleClientSock sd = 72
Mar 10 18:22:39 localhost sctpd[976221]: I0310 18:22:39.314764 976734 sctp_connection.cpp:193] Unhandled notification type 32777
Mar 10 18:22:39 localhost sctpd[976221]: I0310 18:22:39.314783 976734 sctp_connection.cpp:167] HandleClientSock sd = 72
Mar 10 18:22:39 localhost sctpd[976221]: I0310 18:22:39.314805 976734 sctp_connection.cpp:220] [sd:72] msg of len 67 on 3975:1
Mar 10 18:22:39 localhost sctpd[976221]: I0310 18:22:39.319317 976727 sctpd_downlink_impl.cpp:76] SctpdDownlinkImpl::SendDl starting
Mar 10 18:22:39 localhost sctpd[976221]: I0310 18:22:39.424574 976734 sctp_connection.cpp:167] HandleClientSock sd = 72
Mar 10 18:22:39 localhost sctpd[976221]: I0310 18:22:39.424665 976734 sctp_connection.cpp:193] Unhandled notification type 32777
Mar 10 18:22:39 localhost sctpd[976221]: I0310 18:22:39.424685 976734 sctp_connection.cpp:167] HandleClientSock sd = 72
Mar 10 18:22:39 localhost sctpd[976221]: I0310 18:22:39.424703 976734 sctp_connection.cpp:220] [sd:72] msg of len 56 on 3975:1
Mar 10 18:22:39 localhost mme[976649]: [DEBUG] Sending S6A-UPDATE_LOCATION_REQUEST with IMSI: 222700000000001
Mar 10 18:22:39 localhost sctpd[976221]: I0310 18:22:39.430707 976727 sctpd_downlink_impl.cpp:76] SctpdDownlinkImpl::SendDl starting
Mar 10 18:22:39 localhost mme[976649]: [INFO] Received S6A-LOCATION-UPDATE_ANSWER for IMSI: 222700000000001; Status: ; StatusCode: 2001
Mar 10 18:22:39 localhost mme[976649]: [INFO] sent itti S6A-LOCATION-UPDATE_ANSWER for IMSI: 222700000000001
Mar 10 18:22:39 localhost sctpd[976221]: I0310 18:22:39.541489 976734 sctp_connection.cpp:167] HandleClientSock sd = 72
Mar 10 18:22:39 localhost sctpd[976221]: I0310 18:22:39.541577 976734 sctp_connection.cpp:193] Unhandled notification type 32777
Mar 10 18:22:39 localhost sctpd[976221]: I0310 18:22:39.541596 976734 sctp_connection.cpp:167] HandleClientSock sd = 72
Mar 10 18:22:39 localhost sctpd[976221]: I0310 18:22:39.541616 976734 sctp_connection.cpp:220] [sd:72] msg of len 22 on 3975:1
Mar 10 18:22:39 localhost sctpd[976221]: I0310 18:22:39.743022 976734 sctp_connection.cpp:167] HandleClientSock sd = 72
Mar 10 18:22:39 localhost sctpd[976221]: I0310 18:22:39.743119 976734 sctp_connection.cpp:220] [sd:72] msg of len 56 on 3975:1
Mar 10 18:22:39 localhost mobilityd[975951]: INFO:root:Using GW info: {'default': {2: ('172.16.4.1', 'eth0')}, 2: [('172.16.4.1', 'eth0', True)]}
Mar 10 18:22:39 localhost mobilityd[975951]: INFO:root:GW-v6 probe: timer started
Mar 10 18:22:40 localhost smsd[976053]: INFO:root:mme non_eps_service_config is not SMS_ORC8R, sleeping.
Mar 10 18:22:41 localhost sctpd[976221]: I0310 18:22:41.753990 976734 sctp_connection.cpp:167] HandleClientSock sd = 72
Mar 10 18:22:41 localhost sctpd[976221]: I0310 18:22:41.754094 976734 sctp_connection.cpp:220] [sd:72] msg of len 82 on 3975:1
Mar 10 18:22:41 localhost mobilityd[975951]: INFO:root:Allocating the same IP 192.168.128.243 for sid IMSI222700000000001.default,ipv4
Mar 10 18:22:41 localhost mobilityd[975951]: INFO:root:Allocated IP 192.168.128.243 for sid IMSI222700000000001 for apn default
Mar 10 18:22:41 localhost policydb[976031]: INFO:root:Creating a session for subscriber ID: IMSI222700000000001
Mar 10 18:22:41 localhost sessiond[975960]: I0310 18:22:41.775451 975960 SetMessageManagerHandler.cpp:342] Processing a CreateSessionResponse for IMSI222700000000001-828512
Mar 10 18:22:41 localhost sessiond[975960]: I0310 18:22:41.775547 975960 SessionState.cpp:2774] RuleID allowlist_sid-IMSI222700000000001-default doesn't have a version registered for IMSI222700000000001-828512, this is unexpected
Mar 10 18:22:41 localhost mme[976649]: PDUSessionResourceSetupRequestTransfer ::= {
Mar 10 18:22:41 localhost mme[976649]:     protocolIEs: ProtocolIE-Container ::= {
Mar 10 18:22:41 localhost mme[976649]:         PDUSessionResourceSetupRequestTransferIEs ::= {
Mar 10 18:22:41 localhost mme[976649]:             id: 130
Mar 10 18:22:41 localhost mme[976649]:             criticality: 0 (reject)
Mar 10 18:22:41 localhost mme[976649]:             value: PDUSessionAggregateMaximumBitRate ::= {
Mar 10 18:22:41 localhost mme[976649]:                 pDUSessionAggregateMaximumBitRateDL: 100000000
Mar 10 18:22:41 localhost mme[976649]:                 pDUSessionAggregateMaximumBitRateUL: 100000000
Mar 10 18:22:41 localhost mme[976649]:             }
Mar 10 18:22:41 localhost mme[976649]:         }
Mar 10 18:22:41 localhost mme[976649]:         PDUSessionResourceSetupRequestTransferIEs ::= {
Mar 10 18:22:41 localhost mme[976649]:             id: 139
Mar 10 18:22:41 localhost mme[976649]:             criticality: 0 (reject)
Mar 10 18:22:41 localhost mme[976649]:             value: GTPTunnel ::= {
Mar 10 18:22:41 localhost mme[976649]:                 transportLayerAddress: AC 10 05 79
Mar 10 18:22:41 localhost mme[976649]:                 gTP-TEID: 80 00 00 07
Mar 10 18:22:41 localhost mme[976649]:             }
Mar 10 18:22:41 localhost mme[976649]:         }
Mar 10 18:22:41 localhost mme[976649]:         PDUSessionResourceSetupRequestTransferIEs ::= {
Mar 10 18:22:41 localhost mme[976649]:             id: 134
Mar 10 18:22:41 localhost mme[976649]:             criticality: 0 (reject)
Mar 10 18:22:41 localhost mme[976649]:             value: 0 (ipv4)
Mar 10 18:22:41 localhost mme[976649]:         }
Mar 10 18:22:41 localhost mme[976649]:         PDUSessionResourceSetupRequestTransferIEs ::= {
Mar 10 18:22:41 localhost mme[976649]:             id: 136
Mar 10 18:22:41 localhost mme[976649]:             criticality: 0 (reject)
Mar 10 18:22:41 localhost mme[976649]:             value: QosFlowSetupRequestList ::= {
Mar 10 18:22:41 localhost mme[976649]:                 QosFlowSetupRequestItem ::= {
Mar 10 18:22:41 localhost mme[976649]:                     qosFlowIdentifier: 9
Mar 10 18:22:41 localhost mme[976649]:                     qosFlowLevelQosParameters: QosFlowLevelQosParameters ::= {
Mar 10 18:22:41 localhost mme[976649]:                         qosCharacteristics: NonDynamic5QIDescriptor ::= {
Mar 10 18:22:41 localhost mme[976649]:                             fiveQI: 9
Mar 10 18:22:41 localhost mme[976649]:                         }
Mar 10 18:22:41 localhost mme[976649]:                         allocationAndRetentionPriority: AllocationAndRetentionPriority ::= {
Mar 10 18:22:41 localhost mme[976649]:                             priorityLevelARP: 15
Mar 10 18:22:41 localhost mme[976649]:                             pre-emptionCapability: 0 (shall-not-trigger-pre-emption)
Mar 10 18:22:41 localhost mme[976649]:                             pre-emptionVulnerability: 0 (not-pre-emptable)
Mar 10 18:22:41 localhost mme[976649]:                         }
Mar 10 18:22:41 localhost mme[976649]:                     }
Mar 10 18:22:41 localhost mme[976649]:                 }
Mar 10 18:22:41 localhost mme[976649]:             }
Mar 10 18:22:41 localhost mme[976649]:         }
Mar 10 18:22:41 localhost mme[976649]:     }
Mar 10 18:22:41 localhost mme[976649]: }
Mar 10 18:22:41 localhost sctpd[976221]: I0310 18:22:41.780730 976727 sctpd_downlink_impl.cpp:76] SctpdDownlinkImpl::SendDl starting
Mar 10 18:22:41 localhost sctpd[976221]: I0310 18:22:41.869920 976734 sctp_connection.cpp:167] HandleClientSock sd = 72
Mar 10 18:22:41 localhost sctpd[976221]: I0310 18:22:41.870007 976734 sctp_connection.cpp:193] Unhandled notification type 32777
Mar 10 18:22:41 localhost sctpd[976221]: I0310 18:22:41.870024 976734 sctp_connection.cpp:167] HandleClientSock sd = 72
Mar 10 18:22:41 localhost sctpd[976221]: I0310 18:22:41.870044 976734 sctp_connection.cpp:220] [sd:72] msg of len 43 on 3975:1
Mar 10 18:22:41 localhost sessiond[975960]: I0310 18:22:41.872526 975960 SessionStateEnforcer.cpp:869]  AMF teid: 40000000 ip address 10.10.10.11 of imsi: IMSI222700000000001 fteid: 2147483655 pdu id: 1 UE ip address 192.168.128.243
Mar 10 18:22:41 localhost eventd[976044]: DEBUG:root:Logging event: stream_name: "sessiond"
Mar 10 18:22:41 localhost eventd[976044]: event_type: "session_created"
Mar 10 18:22:41 localhost eventd[976044]: tag: "IMSI222700000000001"
Mar 10 18:22:41 localhost eventd[976044]: value: "{\"mac_addr\":\"\",\"user_location\":\"\",\"spgw_ip\":\"\",\"imei\":\"\",\"pdp_start_time\":0,\"session_id\":\"IMSI222700000000001-828512\",\"apn\":\"default\",\"msisdn\":\"\",\"charging_characteristics\":\"\",\"ipv6_addr\":\"\",\"ip_addr\":\"192.168.128.243\",\"imsi\":\"IMSI222700000000001\"}"
Mar 10 18:22:41 localhost eventd[976044]: ERROR:root:Connection to FluentBit failed: [Errno 111] Connection refused
Mar 10 18:22:41 localhost eventd[976044]: INFO:root:FluentBit (td-agent-bit) may not be enabled or configured correctly
Mar 10 18:22:41 localhost sessiond[975960]: I0310 18:22:41.877633 975972 SessionEvents.cpp:131] Could not log session_created event {"mac_addr":"","user_location":"","spgw_ip":"","imei":"","pdp_start_time":0,"session_id":"IMSI222700000000001-828512","apn":"default","msisdn":"","charging_characteristics":"","ipv6_addr":"","ip_addr":"192.168.128.243","imsi":"IMSI222700000000001"}, Error Message: Could not connect to FluentBit locally, Details: [Errno 111] Connection refused
Mar 10 18:22:43 localhost dnsmasq-dhcp[976131]: DHCPDISCOVER(eth1) fa:16:3e:2a:89:3f 
Mar 10 18:22:43 localhost dnsmasq-dhcp[976131]: DHCPOFFER(eth1) 172.16.7.251 fa:16:3e:2a:89:3f 
Mar 10 18:22:44 localhost sctpd[976221]: I0310 18:22:44.085774 976734 sctp_connection.cpp:167] HandleClientSock sd = 72
Mar 10 18:22:44 localhost sctpd[976221]: I0310 18:22:44.085888 976734 sctp_connection.cpp:220] [sd:72] msg of len 74 on 3975:1
Mar 10 18:22:44 localhost mme[976649]: InitiatingMessage ::= {
Mar 10 18:22:44 localhost mme[976649]:     procedureCode: 28
Mar 10 18:22:44 localhost mme[976649]:     criticality: 1 (ignore)
Mar 10 18:22:44 localhost mme[976649]:     value: PDUSessionResourceReleaseCommand ::= {
Mar 10 18:22:44 localhost mme[976649]:         protocolIEs: ProtocolIE-Container ::= {
Mar 10 18:22:44 localhost mme[976649]:             PDUSessionResourceReleaseCommandIEs ::= {
Mar 10 18:22:44 localhost mme[976649]:                 id: 10
Mar 10 18:22:44 localhost mme[976649]:                 criticality: 0 (reject)
Mar 10 18:22:44 localhost mme[976649]:                 value: 63
Mar 10 18:22:44 localhost mme[976649]:             }
Mar 10 18:22:44 localhost mme[976649]:             PDUSessionResourceReleaseCommandIEs ::= {
Mar 10 18:22:44 localhost mme[976649]:                 id: 85
Mar 10 18:22:44 localhost mme[976649]:                 criticality: 0 (reject)
Mar 10 18:22:44 localhost mme[976649]:                 value: 4294967295
Mar 10 18:22:44 localhost mme[976649]:             }
Mar 10 18:22:44 localhost mme[976649]:             PDUSessionResourceReleaseCommandIEs ::= {
Mar 10 18:22:44 localhost mme[976649]:                 id: 38
Mar 10 18:22:44 localhost mme[976649]:                 criticality: 0 (reject)
Mar 10 18:22:44 localhost mme[976649]:                 value:
Mar 10 18:22:44 localhost mme[976649]:                     7E 01 69 32 49 A7 03 7E 00 68 01 00 05 2E 01 01
Mar 10 18:22:44 localhost mme[976649]:                     D3 24 12 01
Mar 10 18:22:44 localhost mme[976649]:             }
Mar 10 18:22:44 localhost mme[976649]:             PDUSessionResourceReleaseCommandIEs ::= {
Mar 10 18:22:44 localhost mme[976649]:                 id: 79
Mar 10 18:22:44 localhost mme[976649]:                 criticality: 0 (reject)
Mar 10 18:22:44 localhost mme[976649]:                 value: PDUSessionResourceToReleaseListRelCmd ::= {
Mar 10 18:22:44 localhost mme[976649]:                 }
Mar 10 18:22:44 localhost mme[976649]:             }
Mar 10 18:22:44 localhost mme[976649]:         }
Mar 10 18:22:44 localhost mme[976649]:     }
Mar 10 18:22:44 localhost mme[976649]: }
Mar 10 18:22:44 localhost sctpd[976221]: I0310 18:22:44.091599 976727 sctpd_downlink_impl.cpp:76] SctpdDownlinkImpl::SendDl starting
Mar 10 18:22:44 localhost sctpd[976221]: I0310 18:22:44.142369 976734 sctp_connection.cpp:167] HandleClientSock sd = 72
Mar 10 18:22:44 localhost sctpd[976221]: I0310 18:22:44.142462 976734 sctp_connection.cpp:193] Unhandled notification type 32777
Mar 10 18:22:44 localhost sctpd[976221]: I0310 18:22:44.142482 976734 sctp_connection.cpp:167] HandleClientSock sd = 72
Mar 10 18:22:44 localhost sctpd[976221]: I0310 18:22:44.142501 976734 sctp_connection.cpp:220] [sd:72] msg of len 70 on 3975:1
Mar 10 18:22:45 localhost smsd[976053]: INFO:root:mme non_eps_service_config is not SMS_ORC8R, sleeping.
Mar 10 18:22:50 localhost smsd[976053]: INFO:root:mme non_eps_service_config is not SMS_ORC8R, sleeping.
Mar 10 18:22:50 localhost dnsmasq-dhcp[976131]: DHCPDISCOVER(eth1) fa:16:3e:2a:89:3f 
Mar 10 18:22:50 localhost dnsmasq-dhcp[976131]: DHCPOFFER(eth1) 172.16.7.251 fa:16:3e:2a:89:3f 
Mar 10 18:22:52 localhost dhclient[601]: DHCPREQUEST for 172.16.5.121 on eth1 to 255.255.255.255 port 67 (xid=0x4b4058b5)
Mar 10 18:22:55 localhost smsd[976053]: INFO:root:mme non_eps_service_config is not SMS_ORC8R, sleeping.
Mar 10 18:22:59 localhost mobilityd[975951]: INFO:root:Using GW info: {'default': {2: ('172.16.4.1', 'eth0')}, 2: [('172.16.4.1', 'eth0', True)]}
Mar 10 18:22:59 localhost mobilityd[975951]: INFO:root:GW-v6 probe: timer started
Mar 10 18:23:00 localhost sctpd[976221]: I0310 18:23:00.102715 976727 sctpd_downlink_impl.cpp:76] SctpdDownlinkImpl::SendDl starting
Mar 10 18:23:00 localhost sctpd[976221]: I0310 18:23:00.304730 976734 sctp_connection.cpp:167] HandleClientSock sd = 72
Mar 10 18:23:00 localhost sctpd[976221]: I0310 18:23:00.304842 976734 sctp_connection.cpp:193] Unhandled notification type 32777
Mar 10 18:23:00 localhost smsd[976053]: INFO:root:mme non_eps_service_config is not SMS_ORC8R, sleeping.
Mar 10 18:23:00 localhost magmad[975882]: INFO:root:[SyncRPC] Got heartBeat from cloud
Mar 10 18:23:01 localhost dnsmasq-dhcp[976131]: DHCPDISCOVER(eth1) fa:16:3e:2a:89:3f 
Mar 10 18:23:01 localhost dnsmasq-dhcp[976131]: DHCPOFFER(eth1) 172.16.7.251 fa:16:3e:2a:89:3f 
Mar 10 18:23:04 localhost dhclient[601]: DHCPREQUEST for 172.16.5.121 on eth1 to 255.255.255.255 port 67 (xid=0x4b4058b5)
Mar 10 18:23:05 localhost smsd[976053]: INFO:root:mme non_eps_service_config is not SMS_ORC8R, sleeping.
Mar 10 18:23:10 localhost smsd[976053]: INFO:root:mme non_eps_service_config is not SMS_ORC8R, sleeping.
Mar 10 18:23:13 localhost magmad[975882]: INFO:root:Setting logging level to INFO
Mar 10 18:23:15 localhost dnsmasq-dhcp[976131]: DHCPDISCOVER(eth1) fa:16:3e:2a:89:3f 
Mar 10 18:23:15 localhost dnsmasq-dhcp[976131]: DHCPOFFER(eth1) 172.16.7.251 fa:16:3e:2a:89:3f 
Mar 10 18:23:15 localhost smsd[976053]: INFO:root:mme non_eps_service_config is not SMS_ORC8R, sleeping.
Mar 10 18:23:16 localhost sctpd[976221]: I0310 18:23:16.120855 976727 sctpd_downlink_impl.cpp:76] SctpdDownlinkImpl::SendDl starting
Mar 10 18:23:16 localhost sctpd[976221]: I0310 18:23:16.324419 976734 sctp_connection.cpp:167] HandleClientSock sd = 72
Mar 10 18:23:16 localhost sctpd[976221]: I0310 18:23:16.324527 976734 sctp_connection.cpp:193] Unhandled notification type 32777
Mar 10 18:23:19 localhost mobilityd[975951]: INFO:root:Using GW info: {'default': {2: ('172.16.4.1', 'eth0')}, 2: [('172.16.4.1', 'eth0', True)]}
Mar 10 18:23:19 localhost mobilityd[975951]: INFO:root:GW-v6 probe: timer started
Mar 10 18:23:20 localhost smsd[976053]: INFO:root:mme non_eps_service_config is not SMS_ORC8R, sleeping.
Mar 10 18:23:22 localhost dnsmasq-dhcp[976131]: DHCPDISCOVER(eth1) fa:16:3e:2a:89:3f 
Mar 10 18:23:22 localhost dnsmasq-dhcp[976131]: DHCPOFFER(eth1) 172.16.7.251 fa:16:3e:2a:89:3f 
Mar 10 18:23:23 localhost dhclient[601]: DHCPREQUEST for 172.16.5.121 on eth1 to 255.255.255.255 port 67 (xid=0x4b4058b5)
Mar 10 18:23:24 localhost control_proxy[976123]: 2022-03-10T18:23:23.841Z [127.0.0.1 -> streamer-controller.magmasi.wavelabs.in,8443] "POST /magma.orc8r.Streamer/GetUpdates HTTP/2" 200 91bytes 0.550s
Mar 10 18:23:24 localhost policydb[976031]: INFO:root:Processing 2 policy updates (resync=True)
Mar 10 18:23:24 localhost control_proxy[976123]: 2022-03-10T18:23:24.395Z [127.0.0.1 -> streamer-controller.magmasi.wavelabs.in,8443] "POST /magma.orc8r.Streamer/GetUpdates HTTP/2" 200 7bytes 0.281s
Mar 10 18:23:24 localhost policydb[976031]: INFO:root:Processing 0 basename -> policy updates
Mar 10 18:23:24 localhost control_proxy[976123]: 2022-03-10T18:23:24.395Z [127.0.0.1 -> streamer-controller.magmasi.wavelabs.in,8443] "POST /magma.orc8r.Streamer/GetUpdates HTTP/2" 200 5113bytes 0.290s
Mar 10 18:23:24 localhost policydb[976031]: INFO:root:Processing 222 SID -> apn -> policy updates
Mar 10 18:23:25 localhost control_proxy[976123]: 2022-03-10T18:23:24.395Z [127.0.0.1 -> streamer-controller.magmasi.wavelabs.in,8443] "POST /magma.orc8r.Streamer/GetUpdates HTTP/2" 200 7bytes 0.280s
Mar 10 18:23:25 localhost policydb[976031]: INFO:root:Processing 0 rating group updates
Mar 10 18:23:25 localhost smsd[976053]: INFO:root:mme non_eps_service_config is not SMS_ORC8R, sleeping.
Mar 10 18:23:30 localhost smsd[976053]: INFO:root:mme non_eps_service_config is not SMS_ORC8R, sleeping.
Mar 10 18:23:31 localhost magmad[975882]: ERROR:root:Metrics upload error for service subscriberdb (chunk 0)! [StatusCode.DEADLINE_EXCEEDED] Deadline Exceeded
Mar 10 18:23:31 localhost magmad[975882]: ERROR:root:Metrics upload error for service mobilityd (chunk 0)! [StatusCode.DEADLINE_EXCEEDED] Deadline Exceeded
Mar 10 18:23:31 localhost magmad[975882]: ERROR:root:Metrics upload error for service mme (chunk 0)! [StatusCode.DEADLINE_EXCEEDED] Deadline Exceeded
Mar 10 18:23:31 localhost magmad[975882]: ERROR:root:Metrics upload error for service magmad (chunk 0)! [StatusCode.DEADLINE_EXCEEDED] Deadline Exceeded
Mar 10 18:23:31 localhost magmad[975882]: ERROR:root:Metrics upload error for service enodebd (chunk 0)! [StatusCode.DEADLINE_EXCEEDED] Deadline Exceeded
Mar 10 18:23:31 localhost magmad[975882]: ERROR:root:Metrics upload error for service pipelined (chunk 0)! [StatusCode.DEADLINE_EXCEEDED] Deadline Exceeded
Mar 10 18:23:31 localhost magmad[975882]: ERROR:root:Metrics upload error for service state (chunk 0)! [StatusCode.DEADLINE_EXCEEDED] Deadline Exceeded
Mar 10 18:23:31 localhost magmad[975882]: ERROR:root:Metrics upload error for service sessiond (chunk 0)! [StatusCode.DEADLINE_EXCEEDED] Deadline Exceeded
Mar 10 18:23:31 localhost magmad[975882]: INFO:root:Checking for upgrade...
Mar 10 18:23:31 localhost magmad[975882]: WARNING:root:magmad package_version config missing or set to default 0.0.0-0, skipping upgrade
Mar 10 18:23:31 localhost control_proxy[976123]: 2022-03-10T18:23:31.588Z [127.0.0.1 -> state-controller.magmasi.wavelabs.in,8443] "POST /magma.orc8r.StateService/ReportStates HTTP/2" 200 5bytes 0.294s
Mar 10 18:23:31 localhost magmad[975882]: INFO:root:Checkin Successful! Successfully sent states to the cloud!
Mar 10 18:23:32 localhost sctpd[976221]: I0310 18:23:32.138032 976226 sctpd_downlink_impl.cpp:76] SctpdDownlinkImpl::SendDl starting
Mar 10 18:23:32 localhost sctpd[976221]: I0310 18:23:32.340412 976734 sctp_connection.cpp:167] HandleClientSock sd = 72
Mar 10 18:23:32 localhost sctpd[976221]: I0310 18:23:32.340510 976734 sctp_connection.cpp:193] Unhandled notification type 32777
Mar 10 18:23:33 localhost dnsmasq-dhcp[976131]: DHCPDISCOVER(eth1) fa:16:3e:2a:89:3f 
Mar 10 18:23:33 localhost dnsmasq-dhcp[976131]: DHCPOFFER(eth1) 172.16.7.251 fa:16:3e:2a:89:3f 
Mar 10 18:23:35 localhost smsd[976053]: INFO:root:mme non_eps_service_config is not SMS_ORC8R, sleeping.
Mar 10 18:23:38 localhost dhclient[601]: DHCPREQUEST for 172.16.5.121 on eth1 to 255.255.255.255 port 67 (xid=0x4b4058b5)
Mar 10 18:23:39 localhost mobilityd[975951]: INFO:root:Using GW info: {'default': {2: ('172.16.4.1', 'eth0')}, 2: [('172.16.4.1', 'eth0', True)]}
Mar 10 18:23:39 localhost mobilityd[975951]: INFO:root:GW-v6 probe: timer started
Mar 10 18:23:40 localhost smsd[976053]: INFO:root:mme non_eps_service_config is not SMS_ORC8R, sleeping.
Mar 10 18:23:45 localhost smsd[976053]: INFO:root:mme non_eps_service_config is not SMS_ORC8R, sleeping.
Mar 10 18:23:47 localhost dnsmasq-dhcp[976131]: DHCPDISCOVER(eth1) fa:16:3e:2a:89:3f 
Mar 10 18:23:47 localhost dnsmasq-dhcp[976131]: DHCPOFFER(eth1) 172.16.7.251 fa:16:3e:2a:89:3f 
Mar 10 18:23:48 localhost sctpd[976221]: I0310 18:23:48.156226 976226 sctpd_downlink_impl.cpp:76] SctpdDownlinkImpl::SendDl starting
Mar 10 18:23:48 localhost sctpd[976221]: I0310 18:23:48.360553 976734 sctp_connection.cpp:167] HandleClientSock sd = 72
Mar 10 18:23:48 localhost sctpd[976221]: I0310 18:23:48.360668 976734 sctp_connection.cpp:193] Unhandled notification type 32777
Mar 10 18:23:50 localhost smsd[976053]: INFO:root:mme non_eps_service_config is not SMS_ORC8R, sleeping.
Mar 10 18:23:52 localhost dhclient[601]: DHCPREQUEST for 172.16.5.121 on eth1 to 255.255.255.255 port 67 (xid=0x4b4058b5)
Mar 10 18:23:54 localhost sctpd[976221]: I0310 18:23:54.419194 976734 sctp_connection.cpp:167] HandleClientSock sd = 72
Mar 10 18:23:54 localhost sctpd[976221]: I0310 18:23:54.419435 976734 sctp_connection.cpp:220] [sd:72] msg of len 72 on 3975:1
Mar 10 18:23:54 localhost sctpd[976221]: I0310 18:23:54.622900 976734 sctp_connection.cpp:167] HandleClientSock sd = 72
Mar 10 18:23:54 localhost sctpd[976221]: I0310 18:23:54.623000 976734 sctp_connection.cpp:220] [sd:72] msg of len 70 on 3975:1
Mar 10 18:23:54 localhost sctpd[976221]: I0310 18:23:54.629384 976226 sctpd_downlink_impl.cpp:76] SctpdDownlinkImpl::SendDl starting
Mar 10 18:23:54 localhost sctpd[976221]: I0310 18:23:54.630211 976226 sctpd_downlink_impl.cpp:76] SctpdDownlinkImpl::SendDl starting
Mar 10 18:23:54 localhost sessiond[975960]: I0310 18:23:54.631397 975960 SetMessageManagerHandler.cpp:142] Release request for session from IMSI: IMSI222700000000001 pdu_id 1
Mar 10 18:23:54 localhost mobilityd[975951]: INFO:root:Released IP 192.168.128.243 for sid IMSI222700000000001
Mar 10 18:23:54 localhost policydb[976031]: INFO:root:Terminating session: IMSI222700000000001-828512
Mar 10 18:23:54 localhost eventd[976044]: DEBUG:root:Logging event: stream_name: "sessiond"
Mar 10 18:23:54 localhost eventd[976044]: event_type: "session_terminated"
Mar 10 18:23:54 localhost eventd[976044]: tag: "IMSI222700000000001"
