Apr 15 16:13:47 localhost mme[1069107]: }
Apr 15 16:13:48 localhost sctpd[1068704]: I0415 16:13:48.026284 1069220 sctp_connection.cpp:195] Unhandled notification type 32777
Apr 15 16:13:48 localhost sessiond[1068440]: I0415 16:13:48.032435 1068440 SetMessageManagerHandler.cpp:142] Release request for session from IMSI: IMSI222700000000001 pdu_id 1
Apr 15 16:13:48 localhost mobilityd[1068431]: INFO:root:Released IP 192.168.128.145 for sid IMSI222700000000001
Apr 15 16:13:48 localhost sctpd[1068704]: I0415 16:13:48.287536 1069220 sctp_connection.cpp:195] Unhandled notification type 32777
Apr 15 16:13:48 localhost smsd[1068528]: INFO:root:mme non_eps_service_config is not SMS_ORC8R, sleeping.
Apr 15 16:13:50 localhost dhclient[601]: DHCPREQUEST for 172.16.5.121 on eth1 to 172.16.5.2 port 67 (xid=0x1858e024)
Apr 15 16:13:53 localhost policydb[1068506]: INFO:root:Terminating session: IMSI222700000000001-423937
Apr 15 16:13:53 localhost eventd[1068520]: DEBUG:root:Logging event: stream_name: "sessiond"
Apr 15 16:13:53 localhost eventd[1068520]: event_type: "session_terminated"
Apr 15 16:13:53 localhost eventd[1068520]: tag: "IMSI222700000000001"
Apr 15 16:13:53 localhost eventd[1068520]: value: "{\"mac_addr\":\"\",\"user_location\":\"\",\"spgw_ip\":\"\",\"imei\":\"\",\"record_sequence_number\":1,\"pdp_end_time\":19,\"charging_rx\":0,\"duration\":-94222059512653,\"ip_addr\":\"192.168.128.145\",\"monitoring_tx\":0,\"ipv6_addr\":\"\",\"msisdn\":\"\",\"apn\":\"default\",\"session_id\":\"IMSI222700000000001-423937\",\"list_of_service_data\":[],\"charging_characteristics\":\"\",\"total_tx\":0,\"cause_for_rec_closing\":0,\"imsi\":\"IMSI222700000000001\",\"total_rx\":0,\"monitoring_rx\":0,\"charging_tx\":0,\"pdp_start_time\":94222059512672}"
Apr 15 16:13:53 localhost eventd[1068520]: ERROR:root:Connection to FluentBit failed: [Errno 111] Connection refused
Apr 15 16:13:53 localhost eventd[1068520]: INFO:root:FluentBit (td-agent-bit) may not be enabled or configured correctly
Apr 15 16:13:53 localhost sessiond[1068440]: I0415 16:13:53.039440 1068450 SessionEvents.cpp:291] Could not log session_terminated event {"mac_addr":"","user_location":"","spgw_ip":"","imei":"","record_sequence_number":1,"pdp_end_time":19,"charging_rx":0,"duration":-94222059512653,"ip_addr":"192.168.128.145","monitoring_tx":0,"ipv6_addr":"","msisdn":"","apn":"default","session_id":"IMSI222700000000001-423937","list_of_service_data":[],"charging_characteristics":"","total_tx":0,"cause_for_rec_closing":0,"imsi":"IMSI222700000000001","total_rx":0,"monitoring_rx":0,"charging_tx":0,"pdp_start_time":94222059512672}, Error Message: Could not connect to FluentBit locally, Details: [Errno 111] Connection refused
Apr 15 16:13:53 localhost smsd[1068528]: INFO:root:mme non_eps_service_config is not SMS_ORC8R, sleeping.
Apr 15 16:13:58 localhost smsd[1068528]: INFO:root:mme non_eps_service_config is not SMS_ORC8R, sleeping.
Apr 15 16:13:59 localhost mobilityd[1068431]: INFO:root:Using GW info: {'default': {2: ('172.16.4.1', 'eth0')}, 2: [('172.16.4.1', 'eth0', True)]}
Apr 15 16:13:59 localhost mobilityd[1068431]: INFO:root:GW-v6 probe: timer started
Apr 15 16:13:59 localhost control_proxy[1068590]: 2022-04-15T16:13:59.324Z [127.0.0.1 -> streamer-controller.magmasi.wavelabs.in,8443] "POST /magma.orc8r.Streamer/GetUpdates HTTP/2" 200 173bytes 0.541s
Apr 15 16:13:59 localhost policydb[1068506]: INFO:root:Processing 4 policy updates (resync=True)
Apr 15 16:14:00 localhost control_proxy[1068590]: 2022-04-15T16:13:59.324Z [127.0.0.1 -> streamer-controller.magmasi.wavelabs.in,8443] "POST /magma.orc8r.Streamer/GetUpdates HTTP/2" 200 7bytes 0.313s
Apr 15 16:14:00 localhost policydb[1068506]: INFO:root:Processing 0 basename -> policy updates
Apr 15 16:14:00 localhost control_proxy[1068590]: 2022-04-15T16:14:00.185Z [127.0.0.1 -> streamer-controller.magmasi.wavelabs.in,8443] "POST /magma.orc8r.Streamer/GetUpdates HTTP/2" 200 13513bytes 0.308s
Apr 15 16:14:00 localhost policydb[1068506]: INFO:root:Processing 222 SID -> apn -> policy updates
Apr 15 16:14:00 localhost control_proxy[1068590]: 2022-04-15T16:14:00.185Z [127.0.0.1 -> streamer-controller.magmasi.wavelabs.in,8443] "POST /magma.orc8r.Streamer/GetUpdates HTTP/2" 200 7bytes 0.271s
Apr 15 16:14:00 localhost policydb[1068506]: INFO:root:Processing 0 rating group updates
Apr 15 16:14:03 localhost smsd[1068528]: INFO:root:mme non_eps_service_config is not SMS_ORC8R, sleeping.
Apr 15 16:14:05 localhost sctpd[1068704]: I0415 16:14:05.080701 1069220 sctp_connection.cpp:195] Unhandled notification type 32776
Apr 15 16:14:06 localhost sctpd[1068704]: I0415 16:14:06.144315 1069220 sctp_connection.cpp:195] Unhandled notification type 32777
Apr 15 16:14:06 localhost sctpd[1068704]: I0415 16:14:06.372433 1069220 sctp_connection.cpp:195] Unhandled notification type 32777
Apr 15 16:14:06 localhost sctpd[1068704]: I0415 16:14:06.503633 1069220 sctp_connection.cpp:195] Unhandled notification type 32777
Apr 15 16:14:06 localhost sctpd[1068704]: I0415 16:14:06.622010 1069220 sctp_connection.cpp:195] Unhandled notification type 32777
Apr 15 16:14:06 localhost mme[1069107]: [DEBUG] Sending S6A-UPDATE_LOCATION_REQUEST with IMSI: 222700000000001
Apr 15 16:14:06 localhost mme[1069107]: [INFO] Received S6A-LOCATION-UPDATE_ANSWER for IMSI: 222700000000001; Status: ; StatusCode: 2001
Apr 15 16:14:06 localhost mme[1069107]: [INFO] sent itti S6A-LOCATION-UPDATE_ANSWER for IMSI: 222700000000001
Apr 15 16:14:06 localhost sctpd[1068704]: I0415 16:14:06.737915 1069220 sctp_connection.cpp:195] Unhandled notification type 32777
Apr 15 16:14:06 localhost mobilityd[1068431]: INFO:root:Allocated IP 192.168.128.147 for sid IMSI222700000000001 for apn default
Apr 15 16:14:06 localhost policydb[1068506]: INFO:root:Creating a session for subscriber ID: IMSI222700000000001
Apr 15 16:14:06 localhost sessiond[1068440]: I0415 16:14:06.968086 1068440 SetMessageManagerHandler.cpp:342] Processing a CreateSessionResponse for IMSI222700000000001-160749
Apr 15 16:14:06 localhost sessiond[1068440]: I0415 16:14:06.968163 1068440 SessionState.cpp:2774] RuleID allowlist_sid-IMSI222700000000001-default doesn't have a version registered for IMSI222700000000001-160749, this is unexpected
Apr 15 16:14:06 localhost mme[1069107]: PDUSessionResourceSetupRequestTransfer ::= {
Apr 15 16:14:06 localhost mme[1069107]:     protocolIEs: ProtocolIE-Container ::= {
Apr 15 16:14:06 localhost mme[1069107]:         PDUSessionResourceSetupRequestTransferIEs ::= {
Apr 15 16:14:06 localhost mme[1069107]:             id: 130
Apr 15 16:14:06 localhost mme[1069107]:             criticality: 0 (reject)
Apr 15 16:14:06 localhost mme[1069107]:             value: PDUSessionAggregateMaximumBitRate ::= {
Apr 15 16:14:06 localhost mme[1069107]:                 pDUSessionAggregateMaximumBitRateDL: 100000000
Apr 15 16:14:06 localhost mme[1069107]:                 pDUSessionAggregateMaximumBitRateUL: 100000000
Apr 15 16:14:06 localhost mme[1069107]:             }
Apr 15 16:14:06 localhost mme[1069107]:         }
Apr 15 16:14:06 localhost mme[1069107]:         PDUSessionResourceSetupRequestTransferIEs ::= {
Apr 15 16:14:06 localhost mme[1069107]:             id: 139
Apr 15 16:14:06 localhost mme[1069107]:             criticality: 0 (reject)
Apr 15 16:14:06 localhost mme[1069107]:             value: GTPTunnel ::= {
Apr 15 16:14:06 localhost mme[1069107]:                 transportLayerAddress: AC 10 05 79
Apr 15 16:14:06 localhost mme[1069107]:                 gTP-TEID: 80 00 00 03
Apr 15 16:14:06 localhost mme[1069107]:             }
Apr 15 16:14:06 localhost mme[1069107]:         }
Apr 15 16:14:06 localhost mme[1069107]:         PDUSessionResourceSetupRequestTransferIEs ::= {
Apr 15 16:14:06 localhost mme[1069107]:             id: 134
Apr 15 16:14:06 localhost mme[1069107]:             criticality: 0 (reject)
Apr 15 16:14:06 localhost mme[1069107]:             value: 0 (ipv4)
Apr 15 16:14:06 localhost mme[1069107]:         }
Apr 15 16:14:06 localhost mme[1069107]:         PDUSessionResourceSetupRequestTransferIEs ::= {
Apr 15 16:14:06 localhost mme[1069107]:             id: 136
Apr 15 16:14:06 localhost mme[1069107]:             criticality: 0 (reject)
Apr 15 16:14:06 localhost mme[1069107]:             value: QosFlowSetupRequestList ::= {
Apr 15 16:14:06 localhost mme[1069107]:                 QosFlowSetupRequestItem ::= {
Apr 15 16:14:06 localhost mme[1069107]:                     qosFlowIdentifier: 9
Apr 15 16:14:06 localhost mme[1069107]:                     qosFlowLevelQosParameters: QosFlowLevelQosParameters ::= {
Apr 15 16:14:06 localhost mme[1069107]:                         qosCharacteristics: NonDynamic5QIDescriptor ::= {
Apr 15 16:14:06 localhost mme[1069107]:                             fiveQI: 9
Apr 15 16:14:06 localhost mme[1069107]:                         }
Apr 15 16:14:06 localhost mme[1069107]:                         allocationAndRetentionPriority: AllocationAndRetentionPriority ::= {
Apr 15 16:14:06 localhost mme[1069107]:                             priorityLevelARP: 15
Apr 15 16:14:06 localhost mme[1069107]:                             pre-emptionCapability: 0 (shall-not-trigger-pre-emption)
Apr 15 16:14:06 localhost mme[1069107]:                             pre-emptionVulnerability: 0 (not-pre-emptable)
Apr 15 16:14:06 localhost mme[1069107]:                         }
Apr 15 16:14:06 localhost mme[1069107]:                     }
Apr 15 16:14:06 localhost mme[1069107]:                 }
Apr 15 16:14:06 localhost mme[1069107]:             }
Apr 15 16:14:06 localhost mme[1069107]:         }
Apr 15 16:14:06 localhost mme[1069107]:     }
Apr 15 16:14:06 localhost mme[1069107]: }
Apr 15 16:14:07 localhost sctpd[1068704]: I0415 16:14:07.039490 1069220 sctp_connection.cpp:195] Unhandled notification type 32777
Apr 15 16:14:07 localhost sessiond[1068440]: I0415 16:14:07.042573 1068440 SessionStateEnforcer.cpp:869]  AMF teid: 40000000 ip address 0.0.0.0 of imsi: IMSI222700000000001 fteid: 2147483651 pdu id: 1 UE ip address 192.168.128.147
Apr 15 16:14:07 localhost eventd[1068520]: DEBUG:root:Logging event: stream_name: "sessiond"
Apr 15 16:14:07 localhost eventd[1068520]: event_type: "session_created"
Apr 15 16:14:07 localhost eventd[1068520]: tag: "IMSI222700000000001"
Apr 15 16:14:07 localhost eventd[1068520]: value: "{\"mac_addr\":\"\",\"user_location\":\"\",\"spgw_ip\":\"\",\"imei\":\"\",\"pdp_start_time\":94222059512672,\"session_id\":\"IMSI222700000000001-160749\",\"apn\":\"default\",\"msisdn\":\"\",\"charging_characteristics\":\"\",\"ipv6_addr\":\"\",\"ip_addr\":\"192.168.128.147\",\"imsi\":\"IMSI222700000000001\"}"
Apr 15 16:14:07 localhost eventd[1068520]: ERROR:root:Connection to FluentBit failed: [Errno 111] Connection refused
Apr 15 16:14:07 localhost eventd[1068520]: INFO:root:FluentBit (td-agent-bit) may not be enabled or configured correctly
Apr 15 16:14:07 localhost sessiond[1068440]: I0415 16:14:07.049665 1068450 SessionEvents.cpp:131] Could not log session_created event {"mac_addr":"","user_location":"","spgw_ip":"","imei":"","pdp_start_time":94222059512672,"session_id":"IMSI222700000000001-160749","apn":"default","msisdn":"","charging_characteristics":"","ipv6_addr":"","ip_addr":"192.168.128.147","imsi":"IMSI222700000000001"}, Error Message: Could not connect to FluentBit locally, Details: [Errno 111] Connection refused
Apr 15 16:14:07 localhost dhclient[601]: DHCPREQUEST for 172.16.5.121 on eth1 to 172.16.5.2 port 67 (xid=0x1858e024)
Apr 15 16:14:08 localhost sessiond[1068440]: I0415 16:14:08.207135 1068440 SetMessageManagerHandler.cpp:142] Release request for session from IMSI: IMSI222700000000001 pdu_id 1
Apr 15 16:14:08 localhost mobilityd[1068431]: INFO:root:Released IP 192.168.128.147 for sid IMSI222700000000001
Apr 15 16:14:08 localhost policydb[1068506]: INFO:root:Terminating session: IMSI222700000000001-160749
Apr 15 16:14:08 localhost eventd[1068520]: DEBUG:root:Logging event: stream_name: "sessiond"
Apr 15 16:14:08 localhost eventd[1068520]: event_type: "session_terminated"
Apr 15 16:14:08 localhost eventd[1068520]: tag: "IMSI222700000000001"
Apr 15 16:14:08 localhost eventd[1068520]: value: "{\"mac_addr\":\"\",\"user_location\":\"\",\"spgw_ip\":\"\",\"imei\":\"\",\"record_sequence_number\":1,\"pdp_end_time\":19,\"charging_rx\":0,\"duration\":-94222059512653,\"ip_addr\":\"192.168.128.147\",\"monitoring_tx\":0,\"ipv6_addr\":\"\",\"msisdn\":\"\",\"apn\":\"default\",\"session_id\":\"IMSI222700000000001-160749\",\"list_of_service_data\":[],\"charging_characteristics\":\"\",\"total_tx\":0,\"cause_for_rec_closing\":0,\"imsi\":\"IMSI222700000000001\",\"total_rx\":0,\"monitoring_rx\":0,\"charging_tx\":0,\"pdp_start_time\":94222059512672}"
Apr 15 16:14:08 localhost eventd[1068520]: ERROR:root:Connection to FluentBit failed: [Errno 111] Connection refused
Apr 15 16:14:08 localhost eventd[1068520]: INFO:root:FluentBit (td-agent-bit) may not be enabled or configured correctly
Apr 15 16:14:08 localhost sessiond[1068440]: I0415 16:14:08.235175 1068450 SessionEvents.cpp:291] Could not log session_terminated event {"mac_addr":"","user_location":"","spgw_ip":"","imei":"","record_sequence_number":1,"pdp_end_time":19,"charging_rx":0,"duration":-94222059512653,"ip_addr":"192.168.128.147","monitoring_tx":0,"ipv6_addr":"","msisdn":"","apn":"default","session_id":"IMSI222700000000001-160749","list_of_service_data":[],"charging_characteristics":"","total_tx":0,"cause_for_rec_closing":0,"imsi":"IMSI222700000000001","total_rx":0,"monitoring_rx":0,"charging_tx":0,"pdp_start_time":94222059512672}, Error Message: Could not connect to FluentBit locally, Details: [Errno 111] Connection refused
Apr 15 16:14:08 localhost sctpd[1068704]: I0415 16:14:08.462164 1069220 sctp_connection.cpp:195] Unhandled notification type 32777
Apr 15 16:14:08 localhost smsd[1068528]: INFO:root:mme non_eps_service_config is not SMS_ORC8R, sleeping.
Apr 15 16:14:13 localhost sessiond[1068440]: I0415 16:14:13.212342 1068440 SessionStateEnforcer.cpp:377] Nothing to remove as no respective entry found for session id IMSI222700000000001-160749 of IMSI IMSI222700000000001
Apr 15 16:14:13 localhost magmad[1068362]: INFO:root:Setting logging level to INFO
Apr 15 16:14:13 localhost smsd[1068528]: INFO:root:mme non_eps_service_config is not SMS_ORC8R, sleeping.
Apr 15 16:14:16 localhost dhclient[601]: DHCPREQUEST for 172.16.5.121 on eth1 to 172.16.5.2 port 67 (xid=0x1858e024)
Apr 15 16:14:19 localhost smsd[1068528]: INFO:root:mme non_eps_service_config is not SMS_ORC8R, sleeping.
Apr 15 16:14:19 localhost mobilityd[1068431]: INFO:root:Using GW info: {'default': {2: ('172.16.4.1', 'eth0')}, 2: [('172.16.4.1', 'eth0', True)]}
Apr 15 16:14:19 localhost mobilityd[1068431]: INFO:root:GW-v6 probe: timer started
Apr 15 16:14:24 localhost smsd[1068528]: INFO:root:mme non_eps_service_config is not SMS_ORC8R, sleeping.
Apr 15 16:14:25 localhost sctpd[1068704]: I0415 16:14:25.477993 1069220 sctp_connection.cpp:195] Unhandled notification type 32776
Apr 15 16:14:25 localhost sctpd[1068704]: I0415 16:14:25.625176 1069220 sctp_connection.cpp:195] Unhandled notification type 32776
Apr 15 16:14:26 localhost sctpd[1068704]: I0415 16:14:26.686691 1069220 sctp_connection.cpp:195] Unhandled notification type 32777
Apr 15 16:14:26 localhost dhclient[601]: DHCPREQUEST for 172.16.5.121 on eth1 to 172.16.5.2 port 67 (xid=0x1858e024)
Apr 15 16:14:26 localhost sctpd[1068704]: I0415 16:14:26.797927 1069220 sctp_connection.cpp:195] Unhandled notification type 32777
Apr 15 16:14:27 localhost sctpd[1068704]: I0415 16:14:27.022588 1069220 sctp_connection.cpp:195] Unhandled notification type 32777
Apr 15 16:14:27 localhost sctpd[1068704]: I0415 16:14:27.136096 1069220 sctp_connection.cpp:195] Unhandled notification type 32777
Apr 15 16:14:27 localhost mme[1069107]: [DEBUG] Sending S6A-UPDATE_LOCATION_REQUEST with IMSI: 222700000000001
Apr 15 16:14:27 localhost mme[1069107]: [INFO] Received S6A-LOCATION-UPDATE_ANSWER for IMSI: 222700000000001; Status: ; StatusCode: 2001
Apr 15 16:14:27 localhost mme[1069107]: [INFO] sent itti S6A-LOCATION-UPDATE_ANSWER for IMSI: 222700000000001
Apr 15 16:14:27 localhost sctpd[1068704]: I0415 16:14:27.253608 1069220 sctp_connection.cpp:195] Unhandled notification type 32777
Apr 15 16:14:29 localhost smsd[1068528]: INFO:root:mme non_eps_service_config is not SMS_ORC8R, sleeping.
Apr 15 16:14:29 localhost mobilityd[1068431]: INFO:root:Allocated IP 192.168.128.149 for sid IMSI222700000000001 for apn default
Apr 15 16:14:29 localhost policydb[1068506]: INFO:root:Creating a session for subscriber ID: IMSI222700000000001
Apr 15 16:14:29 localhost sessiond[1068440]: I0415 16:14:29.517001 1068440 SetMessageManagerHandler.cpp:342] Processing a CreateSessionResponse for IMSI222700000000001-732988
Apr 15 16:14:29 localhost sessiond[1068440]: I0415 16:14:29.517135 1068440 SessionState.cpp:2774] RuleID allowlist_sid-IMSI222700000000001-default doesn't have a version registered for IMSI222700000000001-732988, this is unexpected
Apr 15 16:14:29 localhost mme[1069107]: PDUSessionResourceSetupRequestTransfer ::= {
Apr 15 16:14:29 localhost mme[1069107]:     protocolIEs: ProtocolIE-Container ::= {
Apr 15 16:14:29 localhost mme[1069107]:         PDUSessionResourceSetupRequestTransferIEs ::= {
Apr 15 16:14:29 localhost mme[1069107]:             id: 130
Apr 15 16:14:29 localhost mme[1069107]:             criticality: 0 (reject)
Apr 15 16:14:29 localhost mme[1069107]:             value: PDUSessionAggregateMaximumBitRate ::= {
Apr 15 16:14:29 localhost mme[1069107]:                 pDUSessionAggregateMaximumBitRateDL: 100000000
Apr 15 16:14:29 localhost mme[1069107]:                 pDUSessionAggregateMaximumBitRateUL: 100000000
Apr 15 16:14:29 localhost mme[1069107]:             }
Apr 15 16:14:29 localhost mme[1069107]:         }
Apr 15 16:14:29 localhost mme[1069107]:         PDUSessionResourceSetupRequestTransferIEs ::= {
Apr 15 16:14:29 localhost mme[1069107]:             id: 139
Apr 15 16:14:29 localhost mme[1069107]:             criticality: 0 (reject)
Apr 15 16:14:29 localhost mme[1069107]:             value: GTPTunnel ::= {
Apr 15 16:14:29 localhost mme[1069107]:                 transportLayerAddress: AC 10 05 79
Apr 15 16:14:29 localhost mme[1069107]:                 gTP-TEID: 80 00 00 04
Apr 15 16:14:29 localhost mme[1069107]:             }
Apr 15 16:14:29 localhost mme[1069107]:         }
Apr 15 16:14:29 localhost mme[1069107]:         PDUSessionResourceSetupRequestTransferIEs ::= {
Apr 15 16:14:29 localhost mme[1069107]:             id: 134
Apr 15 16:14:29 localhost mme[1069107]:             criticality: 0 (reject)
Apr 15 16:14:29 localhost mme[1069107]:             value: 0 (ipv4)
Apr 15 16:14:29 localhost mme[1069107]:         }
Apr 15 16:14:29 localhost mme[1069107]:         PDUSessionResourceSetupRequestTransferIEs ::= {
Apr 15 16:14:29 localhost mme[1069107]:             id: 136
Apr 15 16:14:29 localhost mme[1069107]:             criticality: 0 (reject)
Apr 15 16:14:29 localhost mme[1069107]:             value: QosFlowSetupRequestList ::= {
Apr 15 16:14:29 localhost mme[1069107]:                 QosFlowSetupRequestItem ::= {
Apr 15 16:14:29 localhost mme[1069107]:                     qosFlowIdentifier: 9
Apr 15 16:14:29 localhost mme[1069107]:                     qosFlowLevelQosParameters: QosFlowLevelQosParameters ::= {
Apr 15 16:14:29 localhost mme[1069107]:                         qosCharacteristics: NonDynamic5QIDescriptor ::= {
Apr 15 16:14:29 localhost mme[1069107]:                             fiveQI: 9
Apr 15 16:14:29 localhost mme[1069107]:                         }
Apr 15 16:14:29 localhost mme[1069107]:                         allocationAndRetentionPriority: AllocationAndRetentionPriority ::= {
Apr 15 16:14:29 localhost mme[1069107]:                             priorityLevelARP: 15
Apr 15 16:14:29 localhost mme[1069107]:                             pre-emptionCapability: 0 (shall-not-trigger-pre-emption)
Apr 15 16:14:29 localhost mme[1069107]:                             pre-emptionVulnerability: 0 (not-pre-emptable)
Apr 15 16:14:29 localhost mme[1069107]:                         }
Apr 15 16:14:29 localhost mme[1069107]:                     }
Apr 15 16:14:29 localhost mme[1069107]:                 }
Apr 15 16:14:29 localhost mme[1069107]:             }
Apr 15 16:14:29 localhost mme[1069107]:         }
Apr 15 16:14:29 localhost mme[1069107]:     }
Apr 15 16:14:29 localhost mme[1069107]: }
Apr 15 16:14:29 localhost sctpd[1068704]: I0415 16:14:29.606848 1069220 sctp_connection.cpp:195] Unhandled notification type 32777
Apr 15 16:14:29 localhost sessiond[1068440]: I0415 16:14:29.609073 1068440 SessionStateEnforcer.cpp:869]  AMF teid: 40000000 ip address 10.10.10.11 of imsi: IMSI222700000000001 fteid: 2147483652 pdu id: 1 UE ip address 192.168.128.149
Apr 15 16:14:29 localhost eventd[1068520]: DEBUG:root:Logging event: stream_name: "sessiond"
Apr 15 16:14:29 localhost eventd[1068520]: event_type: "session_created"
Apr 15 16:14:29 localhost eventd[1068520]: tag: "IMSI222700000000001"
Apr 15 16:14:29 localhost eventd[1068520]: value: "{\"mac_addr\":\"\",\"user_location\":\"\",\"spgw_ip\":\"\",\"imei\":\"\",\"pdp_start_time\":94222059512672,\"session_id\":\"IMSI222700000000001-732988\",\"apn\":\"default\",\"msisdn\":\"\",\"charging_characteristics\":\"\",\"ipv6_addr\":\"\",\"ip_addr\":\"192.168.128.149\",\"imsi\":\"IMSI222700000000001\"}"
Apr 15 16:14:29 localhost eventd[1068520]: ERROR:root:Connection to FluentBit failed: [Errno 111] Connection refused
Apr 15 16:14:29 localhost eventd[1068520]: INFO:root:FluentBit (td-agent-bit) may not be enabled or configured correctly
Apr 15 16:14:29 localhost sessiond[1068440]: I0415 16:14:29.613945 1068450 SessionEvents.cpp:131] Could not log session_created event {"mac_addr":"","user_location":"","spgw_ip":"","imei":"","pdp_start_time":94222059512672,"session_id":"IMSI222700000000001-732988","apn":"default","msisdn":"","charging_characteristics":"","ipv6_addr":"","ip_addr":"192.168.128.149","imsi":"IMSI222700000000001"}, Error Message: Could not connect to FluentBit locally, Details: [Errno 111] Connection refused
Apr 15 16:14:31 localhost mme[1069107]: InitiatingMessage ::= {
Apr 15 16:14:31 localhost mme[1069107]:     procedureCode: 28
Apr 15 16:14:31 localhost mme[1069107]:     criticality: 1 (ignore)
Apr 15 16:14:31 localhost mme[1069107]:     value: PDUSessionResourceReleaseCommand ::= {
Apr 15 16:14:31 localhost mme[1069107]:         protocolIEs: ProtocolIE-Container ::= {
Apr 15 16:14:31 localhost mme[1069107]:             PDUSessionResourceReleaseCommandIEs ::= {
Apr 15 16:14:31 localhost mme[1069107]:                 id: 10
Apr 15 16:14:31 localhost mme[1069107]:                 criticality: 0 (reject)
Apr 15 16:14:31 localhost mme[1069107]:                 value: 45
Apr 15 16:14:31 localhost mme[1069107]:             }
Apr 15 16:14:31 localhost mme[1069107]:             PDUSessionResourceReleaseCommandIEs ::= {
Apr 15 16:14:31 localhost mme[1069107]:                 id: 85
Apr 15 16:14:31 localhost mme[1069107]:                 criticality: 0 (reject)
Apr 15 16:14:31 localhost mme[1069107]:                 value: 4294967295
Apr 15 16:14:31 localhost mme[1069107]:             }
Apr 15 16:14:31 localhost mme[1069107]:             PDUSessionResourceReleaseCommandIEs ::= {
Apr 15 16:14:31 localhost mme[1069107]:                 id: 38
Apr 15 16:14:31 localhost mme[1069107]:                 criticality: 0 (reject)
Apr 15 16:14:31 localhost mme[1069107]:                 value:
Apr 15 16:14:31 localhost mme[1069107]:                     7E 01 9E A8 82 05 03 7E 00 68 01 00 05 2E 01 01
Apr 15 16:14:31 localhost mme[1069107]:                     D3 24 12 01
Apr 15 16:14:31 localhost mme[1069107]:             }
Apr 15 16:14:31 localhost mme[1069107]:             PDUSessionResourceReleaseCommandIEs ::= {
Apr 15 16:14:31 localhost mme[1069107]:                 id: 79
Apr 15 16:14:31 localhost mme[1069107]:                 criticality: 0 (reject)
Apr 15 16:14:31 localhost mme[1069107]:                 value: PDUSessionResourceToReleaseListRelCmd ::= {
Apr 15 16:14:31 localhost mme[1069107]:                 }
Apr 15 16:14:31 localhost mme[1069107]:             }
Apr 15 16:14:31 localhost mme[1069107]:         }
Apr 15 16:14:31 localhost mme[1069107]:     }
Apr 15 16:14:31 localhost mme[1069107]: }
Apr 15 16:14:31 localhost sctpd[1068704]: I0415 16:14:31.884646 1069220 sctp_connection.cpp:195] Unhandled notification type 32777
Apr 15 16:14:32 localhost sessiond[1068440]: I0415 16:14:32.093979 1068440 SetMessageManagerHandler.cpp:142] Release request for session from IMSI: IMSI222700000000001 pdu_id 1
Apr 15 16:14:32 localhost mobilityd[1068431]: INFO:root:Released IP 192.168.128.149 for sid IMSI222700000000001
Apr 15 16:14:32 localhost eventd[1068520]: DEBUG:root:Logging event: stream_name: "sessiond"
Apr 15 16:14:32 localhost eventd[1068520]: event_type: "session_terminated"
Apr 15 16:14:32 localhost eventd[1068520]: tag: "IMSI222700000000001"
Apr 15 16:14:32 localhost eventd[1068520]: value: "{\"mac_addr\":\"\",\"user_location\":\"\",\"spgw_ip\":\"\",\"imei\":\"\",\"record_sequence_number\":1,\"pdp_end_time\":19,\"charging_rx\":0,\"duration\":-94222059512653,\"ip_addr\":\"192.168.128.149\",\"monitoring_tx\":0,\"ipv6_addr\":\"\",\"msisdn\":\"\",\"apn\":\"default\",\"session_id\":\"IMSI222700000000001-732988\",\"list_of_service_data\":[],\"charging_characteristics\":\"\",\"total_tx\":0,\"cause_for_rec_closing\":0,\"imsi\":\"IMSI222700000000001\",\"total_rx\":0,\"monitoring_rx\":0,\"charging_tx\":0,\"pdp_start_time\":94222059512672}"
Apr 15 16:14:32 localhost eventd[1068520]: ERROR:root:Connection to FluentBit failed: [Errno 111] Connection refused
Apr 15 16:14:32 localhost eventd[1068520]: INFO:root:FluentBit (td-agent-bit) may not be enabled or configured correctly
Apr 15 16:14:32 localhost sessiond[1068440]: I0415 16:14:32.116348 1068450 SessionEvents.cpp:291] Could not log session_terminated event {"mac_addr":"","user_location":"","spgw_ip":"","imei":"","record_sequence_number":1,"pdp_end_time":19,"charging_rx":0,"duration":-94222059512653,"ip_addr":"192.168.128.149","monitoring_tx":0,"ipv6_addr":"","msisdn":"","apn":"default","session_id":"IMSI222700000000001-732988","list_of_service_data":[],"charging_characteristics":"","total_tx":0,"cause_for_rec_closing":0,"imsi":"IMSI222700000000001","total_rx":0,"monitoring_rx":0,"charging_tx":0,"pdp_start_time":94222059512672}, Error Message: Could not connect to FluentBit locally, Details: [Errno 111] Connection refused
Apr 15 16:14:32 localhost policydb[1068506]: INFO:root:Terminating session: IMSI222700000000001-732988
Apr 15 16:14:32 localhost sctpd[1068704]: I0415 16:14:32.290470 1069220 sctp_connection.cpp:195] Unhandled notification type 32777
Apr 15 16:14:32 localhost control_proxy[1068590]: 2022-04-15T16:14:31.760Z [127.0.0.1 -> state-controller.magmasi.wavelabs.in,8443] "POST /magma.orc8r.StateService/ReportStates HTTP/2" 200 5bytes 0.874s
Apr 15 16:14:32 localhost magmad[1068362]: INFO:root:Checkin Successful! Successfully sent states to the cloud!
Apr 15 16:14:34 localhost smsd[1068528]: INFO:root:mme non_eps_service_config is not SMS_ORC8R, sleeping.
Apr 15 16:14:37 localhost sessiond[1068440]: I0415 16:14:37.094503 1068440 SessionStateEnforcer.cpp:377] Nothing to remove as no respective entry found for session id IMSI222700000000001-732988 of IMSI IMSI222700000000001
Apr 15 16:14:39 localhost smsd[1068528]: INFO:root:mme non_eps_service_config is not SMS_ORC8R, sleeping.
Apr 15 16:14:39 localhost mobilityd[1068431]: INFO:root:Using GW info: {'default': {2: ('172.16.4.1', 'eth0')}, 2: [('172.16.4.1', 'eth0', True)]}
Apr 15 16:14:39 localhost mobilityd[1068431]: INFO:root:GW-v6 probe: timer started
Apr 15 16:14:39 localhost magmad[1068362]: INFO:root:[SyncRPC] Got heartBeat from cloud
Apr 15 16:14:39 localhost control_proxy[1068590]: 2022-04-15T16:14:39.051Z [127.0.0.1 -> state-controller.magmasi.wavelabs.in,8443] "POST /magma.orc8r.StateService/ReportStates HTTP/2" 200 5bytes 0.520s
Apr 15 16:14:44 localhost smsd[1068528]: INFO:root:mme non_eps_service_config is not SMS_ORC8R, sleeping.
Apr 15 16:14:44 localhost dhclient[601]: DHCPREQUEST for 172.16.5.121 on eth1 to 172.16.5.2 port 67 (xid=0x1858e024)
Apr 15 16:14:44 localhost subscriberdb[1068427]: INFO:root:get digest stored in gateway:
Apr 15 16:14:45 localhost control_proxy[1068590]: 2022-04-15T16:14:44.602Z [127.0.0.1 -> subscriberdb-controller.magmasi.wavelabs.in,8443] "POST /magma.lte.SubscriberDBCloud/CheckInSync HTTP/2" 200 0bytes 0.508s
Apr 15 16:14:45 localhost subscriberdb[1068427]: ERROR:root:Internal Error in subscriberdb-Orc8r communication. If AGW and Orc8r are deployed at a commit hash, upgrade AGW and Orc8r to latest commit hash.
Apr 15 16:14:45 localhost control_proxy[1068590]: 2022-04-15T16:14:45.115Z [127.0.0.1 -> subscriberdb-controller.magmasi.wavelabs.in,8443] "POST /magma.lte.SubscriberDBCloud/Sync HTTP/2" 200 0bytes 0.252s
Apr 15 16:14:45 localhost subscriberdb[1068427]: ERROR:root:Internal Error in subscriberdb-Orc8r communication. If AGW and Orc8r are deployed at a commit hash, upgrade AGW and Orc8r to latest commit hash.
Apr 15 16:14:45 localhost control_proxy[1068590]: 2022-04-15T16:14:45.115Z [127.0.0.1 -> subscriberdb-controller.magmasi.wavelabs.in,8443] "POST /magma.lte.SubscriberDBCloud/ListSubscribers HTTP/2" 200 44088bytes 0.309s
Apr 15 16:14:45 localhost subscriberdb[1068427]: INFO:root:Successfully fetched all subscriber pages from the cloud!
Apr 15 16:14:46 localhost subscriberdb[1068427]: INFO:root:update root digest stored in gateway:
Apr 15 16:14:49 localhost smsd[1068528]: INFO:root:mme non_eps_service_config is not SMS_ORC8R, sleeping.
Apr 15 16:14:51 localhost sctpd[1068704]: I0415 16:14:51.185947 1069220 sctp_connection.cpp:195] Unhandled notification type 32776
Apr 15 16:14:54 localhost smsd[1068528]: INFO:root:mme non_eps_service_config is not SMS_ORC8R, sleeping.
Apr 15 16:14:58 localhost dhclient[601]: DHCPREQUEST for 172.16.5.121 on eth1 to 172.16.5.2 port 67 (xid=0x1858e024)
Apr 15 16:14:59 localhost mobilityd[1068431]: INFO:root:Using GW info: {'default': {2: ('172.16.4.1', 'eth0')}, 2: [('172.16.4.1', 'eth0', True)]}
Apr 15 16:14:59 localhost mobilityd[1068431]: INFO:root:GW-v6 probe: timer started
Apr 15 16:14:59 localhost smsd[1068528]: INFO:root:mme non_eps_service_config is not SMS_ORC8R, sleeping.
Apr 15 16:15:01 localhost sctpd[1068704]: I0415 16:15:01.002816 1069220 sctp_connection.cpp:195] Unhandled notification type 32777
Apr 15 16:15:01 localhost sctpd[1068704]: I0415 16:15:01.236498 1069220 sctp_connection.cpp:195] Unhandled notification type 32777
Apr 15 16:15:01 localhost sctpd[1068704]: I0415 16:15:01.359915 1069220 sctp_connection.cpp:195] Unhandled notification type 32777
Apr 15 16:15:01 localhost control_proxy[1068590]: 2022-04-15T16:15:00.835Z [127.0.0.1 -> streamer-controller.magmasi.wavelabs.in,8443] "POST /magma.orc8r.Streamer/GetUpdates HTTP/2" 200 173bytes 0.524s
Apr 15 16:15:01 localhost policydb[1068506]: INFO:root:Processing 4 policy updates (resync=True)
Apr 15 16:15:01 localhost sctpd[1068704]: I0415 16:15:01.476361 1069220 sctp_connection.cpp:195] Unhandled notification type 32777
Apr 15 16:15:01 localhost mme[1069107]: [DEBUG] Sending S6A-UPDATE_LOCATION_REQUEST with IMSI: 222700000000001
Apr 15 16:15:01 localhost mme[1069107]: [INFO] Received S6A-LOCATION-UPDATE_ANSWER for IMSI: 222700000000001; Status: ; StatusCode: 2001
Apr 15 16:15:01 localhost mme[1069107]: [INFO] sent itti S6A-LOCATION-UPDATE_ANSWER for IMSI: 222700000000001
Apr 15 16:15:01 localhost sctpd[1068704]: I0415 16:15:01.588299 1069220 sctp_connection.cpp:195] Unhandled notification type 32777
Apr 15 16:15:01 localhost control_proxy[1068590]: 2022-04-15T16:15:01.362Z [127.0.0.1 -> streamer-controller.magmasi.wavelabs.in,8443] "POST /magma.orc8r.Streamer/GetUpdates HTTP/2" 200 7bytes 0.303s
Apr 15 16:15:01 localhost policydb[1068506]: INFO:root:Processing 0 basename -> policy updates
Apr 15 16:15:01 localhost magmad[1068362]: ERROR:root:Metrics upload error for service subscriberdb (chunk 0)! [StatusCode.DEADLINE_EXCEEDED] Deadline Exceeded
Apr 15 16:15:01 localhost magmad[1068362]: ERROR:root:Metrics upload error for service mobilityd (chunk 0)! [StatusCode.DEADLINE_EXCEEDED] Deadline Exceeded
Apr 15 16:15:01 localhost magmad[1068362]: ERROR:root:Metrics upload error for service mme (chunk 0)! [StatusCode.DEADLINE_EXCEEDED] Deadline Exceeded
Apr 15 16:15:01 localhost magmad[1068362]: ERROR:root:Metrics upload error for service magmad (chunk 0)! [StatusCode.DEADLINE_EXCEEDED] Deadline Exceeded
Apr 15 16:15:01 localhost magmad[1068362]: ERROR:root:Metrics upload error for service enodebd (chunk 0)! [StatusCode.DEADLINE_EXCEEDED] Deadline Exceeded
Apr 15 16:15:01 localhost magmad[1068362]: ERROR:root:Metrics upload error for service pipelined (chunk 0)! [StatusCode.DEADLINE_EXCEEDED] Deadline Exceeded
Apr 15 16:15:01 localhost magmad[1068362]: ERROR:root:Metrics upload error for service state (chunk 0)! [StatusCode.DEADLINE_EXCEEDED] Deadline Exceeded
Apr 15 16:15:01 localhost magmad[1068362]: ERROR:root:Metrics upload error for service sessiond (chunk 0)! [StatusCode.DEADLINE_EXCEEDED] Deadline Exceeded
Apr 15 16:15:01 localhost control_proxy[1068590]: 2022-04-15T16:15:01.362Z [127.0.0.1 -> streamer-controller.magmasi.wavelabs.in,8443] "POST /magma.orc8r.Streamer/GetUpdates HTTP/2" 200 13513bytes 0.302s
Apr 15 16:15:01 localhost policydb[1068506]: INFO:root:Processing 222 SID -> apn -> policy updates
Apr 15 16:15:02 localhost control_proxy[1068590]: 2022-04-15T16:15:01.362Z [127.0.0.1 -> streamer-controller.magmasi.wavelabs.in,8443] "POST /magma.orc8r.Streamer/GetUpdates HTTP/2" 200 7bytes 0.271s
Apr 15 16:15:02 localhost policydb[1068506]: INFO:root:Processing 0 rating group updates
Apr 15 16:15:03 localhost sctpd[1068704]: I0415 16:15:03.021972 1069220 sctp_connection.cpp:195] Unhandled notification type 32777
Apr 15 16:15:04 localhost smsd[1068528]: INFO:root:mme non_eps_service_config is not SMS_ORC8R, sleeping.
Apr 15 16:15:09 localhost smsd[1068528]: INFO:root:mme non_eps_service_config is not SMS_ORC8R, sleeping.
Apr 15 16:15:10 localhost dhclient[601]: DHCPREQUEST for 172.16.5.121 on eth1 to 172.16.5.2 port 67 (xid=0x1858e024)
Apr 15 16:15:14 localhost smsd[1068528]: INFO:root:mme non_eps_service_config is not SMS_ORC8R, sleeping.
Apr 15 16:15:19 localhost mobilityd[1068431]: INFO:root:Using GW info: {'default': {2: ('172.16.4.1', 'eth0')}, 2: [('172.16.4.1', 'eth0', True)]}
Apr 15 16:15:19 localhost mobilityd[1068431]: INFO:root:GW-v6 probe: timer started
Apr 15 16:15:19 localhost smsd[1068528]: INFO:root:mme non_eps_service_config is not SMS_ORC8R, sleeping.
Apr 15 16:15:19 localhost sctpd[1068704]: I0415 16:15:19.899627 1069220 sctp_connection.cpp:195] Unhandled notification type 32776
Apr 15 16:15:20 localhost sctpd[1068704]: I0415 16:15:20.957882 1069220 sctp_connection.cpp:195] Unhandled notification type 32777
Apr 15 16:15:21 localhost sctpd[1068704]: I0415 16:15:21.195276 1069220 sctp_connection.cpp:195] Unhandled notification type 32777
Apr 15 16:15:21 localhost sctpd[1068704]: I0415 16:15:21.401006 1069220 sctp_connection.cpp:195] Unhandled notification type 32777
Apr 15 16:15:24 localhost smsd[1068528]: INFO:root:mme non_eps_service_config is not SMS_ORC8R, sleeping.
Apr 15 16:15:26 localhost dhclient[601]: DHCPREQUEST for 172.16.5.121 on eth1 to 172.16.5.2 port 67 (xid=0x1858e024)
Apr 15 16:15:27 localhost sctpd[1068704]: I0415 16:15:27.409013 1069220 sctp_connection.cpp:195] Unhandled notification type 32777
Apr 15 16:15:29 localhost smsd[1068528]: INFO:root:mme non_eps_service_config is not SMS_ORC8R, sleeping.
Apr 15 16:15:33 localhost magmad[1068362]: INFO:root:Setting logging level to INFO
Apr 15 16:15:33 localhost sctpd[1068704]: I0415 16:15:33.416965 1069220 sctp_connection.cpp:195] Unhandled notification type 32777
Apr 15 16:15:34 localhost smsd[1068528]: INFO:root:mme non_eps_service_config is not SMS_ORC8R, sleeping.
Apr 15 16:15:39 localhost mobilityd[1068431]: INFO:root:Using GW info: {'default': {2: ('172.16.4.1', 'eth0')}, 2: [('172.16.4.1', 'eth0', True)]}
Apr 15 16:15:39 localhost mobilityd[1068431]: INFO:root:GW-v6 probe: timer started
Apr 15 16:15:39 localhost sctpd[1068704]: I0415 16:15:39.424921 1069220 sctp_connection.cpp:195] Unhandled notification type 32777
Apr 15 16:15:39 localhost smsd[1068528]: INFO:root:mme non_eps_service_config is not SMS_ORC8R, sleeping.
Apr 15 16:15:39 localhost magmad[1068362]: INFO:root:[SyncRPC] Got heartBeat from cloud
Apr 15 16:15:39 localhost control_proxy[1068590]: 2022-04-15T16:14:39.051Z [127.0.0.1 -> streamer-controller.magmasi.wavelabs.in,8443] "POST /magma.orc8r.Streamer/GetUpdates HTTP/2" 200 0bytes 60.404s
Apr 15 16:15:39 localhost magmad[1068362]: ERROR:root:Error! Streaming from the cloud failed! [StatusCode.ABORTED] error while streaming updates: rpc error: code = DeadlineExceeded desc = context deadline exceeded
Apr 15 16:15:42 localhost dhclient[601]: DHCPREQUEST for 172.16.5.121 on eth1 to 172.16.5.2 port 67 (xid=0x1858e024)
Apr 15 16:15:44 localhost smsd[1068528]: INFO:root:mme non_eps_service_config is not SMS_ORC8R, sleeping.
Apr 15 16:15:45 localhost sctpd[1068704]: I0415 16:15:45.432934 1069220 sctp_connection.cpp:195] Unhandled notification type 32777
Apr 15 16:15:49 localhost smsd[1068528]: INFO:root:mme non_eps_service_config is not SMS_ORC8R, sleeping.
Apr 15 16:15:51 localhost sctpd[1068704]: I0415 16:15:51.440903 1069220 sctp_connection.cpp:195] Unhandled notification type 32777
Apr 15 16:15:52 localhost control_proxy[1068590]: 2022-04-15T16:15:51.543Z [127.0.0.1 -> state-controller.magmasi.wavelabs.in,8443] "POST /magma.orc8r.StateService/ReportStates HTTP/2" 200 5bytes 0.520s
Apr 15 16:15:52 localhost magmad[1068362]: INFO:root:Checkin Successful! Successfully sent states to the cloud!
Apr 15 16:15:54 localhost smsd[1068528]: INFO:root:mme non_eps_service_config is not SMS_ORC8R, sleeping.
Apr 15 16:15:59 localhost mobilityd[1068431]: INFO:root:Using GW info: {'default': {2: ('172.16.4.1', 'eth0')}, 2: [('172.16.4.1', 'eth0', True)]}
Apr 15 16:15:59 localhost mobilityd[1068431]: INFO:root:GW-v6 probe: timer started
Apr 15 16:15:59 localhost dhclient[601]: DHCPREQUEST for 172.16.5.121 on eth1 to 172.16.5.2 port 67 (xid=0x1858e024)
Apr 15 16:15:59 localhost smsd[1068528]: INFO:root:mme non_eps_service_config is not SMS_ORC8R, sleeping.
Apr 15 16:16:01 localhost magmad[1068362]: ERROR:root:Metrics upload error for service subscriberdb (chunk 0)! [StatusCode.DEADLINE_EXCEEDED] Deadline Exceeded
Apr 15 16:16:01 localhost magmad[1068362]: ERROR:root:Metrics upload error for service mobilityd (chunk 0)! [StatusCode.DEADLINE_EXCEEDED] Deadline Exceeded
Apr 15 16:16:01 localhost magmad[1068362]: ERROR:root:Metrics upload error for service mme (chunk 0)! [StatusCode.DEADLINE_EXCEEDED] Deadline Exceeded
Apr 15 16:16:01 localhost magmad[1068362]: ERROR:root:Metrics upload error for service magmad (chunk 0)! [StatusCode.DEADLINE_EXCEEDED] Deadline Exceeded
Apr 15 16:16:01 localhost magmad[1068362]: ERROR:root:Metrics upload error for service enodebd (chunk 0)! [StatusCode.DEADLINE_EXCEEDED] Deadline Exceeded
Apr 15 16:16:01 localhost magmad[1068362]: ERROR:root:Metrics upload error for service pipelined (chunk 0)! [StatusCode.DEADLINE_EXCEEDED] Deadline Exceeded
Apr 15 16:16:01 localhost magmad[1068362]: ERROR:root:Metrics upload error for service state (chunk 0)! [StatusCode.DEADLINE_EXCEEDED] Deadline Exceeded
Apr 15 16:16:01 localhost magmad[1068362]: ERROR:root:Metrics upload error for service sessiond (chunk 0)! [StatusCode.DEADLINE_EXCEEDED] Deadline Exceeded
Apr 15 16:16:02 localhost control_proxy[1068590]: 2022-04-15T16:16:02.313Z [127.0.0.1 -> streamer-controller.magmasi.wavelabs.in,8443] "POST /magma.orc8r.Streamer/GetUpdates HTTP/2" 200 173bytes 0.524s
Apr 15 16:16:02 localhost policydb[1068506]: INFO:root:Processing 4 policy updates (resync=True)
Apr 15 16:16:03 localhost control_proxy[1068590]: 2022-04-15T16:16:02.313Z [127.0.0.1 -> streamer-controller.magmasi.wavelabs.in,8443] "POST /magma.orc8r.Streamer/GetUpdates HTTP/2" 200 7bytes 0.267s
Apr 15 16:16:03 localhost policydb[1068506]: INFO:root:Processing 0 basename -> policy updates
Apr 15 16:16:03 localhost control_proxy[1068590]: 2022-04-15T16:16:03.113Z [127.0.0.1 -> streamer-controller.magmasi.wavelabs.in,8443] "POST /magma.orc8r.Streamer/GetUpdates HTTP/2" 200 13513bytes 0.296s
Apr 15 16:16:03 localhost policydb[1068506]: INFO:root:Processing 222 SID -> apn -> policy updates
Apr 15 16:16:03 localhost control_proxy[1068590]: 2022-04-15T16:16:03.113Z [127.0.0.1 -> streamer-controller.magmasi.wavelabs.in,8443] "POST /magma.orc8r.Streamer/GetUpdates HTTP/2" 200 7bytes 0.269s
Apr 15 16:16:03 localhost policydb[1068506]: INFO:root:Processing 0 rating group updates
Apr 15 16:16:04 localhost smsd[1068528]: INFO:root:mme non_eps_service_config is not SMS_ORC8R, sleeping.
Apr 15 16:16:09 localhost smsd[1068528]: INFO:root:mme non_eps_service_config is not SMS_ORC8R, sleeping.
Apr 15 16:16:10 localhost sctpd[1068704]: I0415 16:16:10.517472 1069220 sctp_connection.cpp:195] Unhandled notification type 32776
Apr 15 16:16:11 localhost sctpd[1068704]: I0415 16:16:11.578364 1069220 sctp_connection.cpp:195] Unhandled notification type 32777
Apr 15 16:16:11 localhost sctpd[1068704]: I0415 16:16:11.813992 1069220 sctp_connection.cpp:195] Unhandled notification type 32777
Apr 15 16:16:11 localhost sctpd[1068704]: I0415 16:16:11.933751 1069220 sctp_connection.cpp:195] Unhandled notification type 32777
Apr 15 16:16:11 localhost mme[1069107]: [DEBUG] Sending S6A-UPDATE_LOCATION_REQUEST with IMSI: 222700000000001
Apr 15 16:16:11 localhost mme[1069107]: [INFO] Received S6A-LOCATION-UPDATE_ANSWER for IMSI: 222700000000001; Status: ; StatusCode: 2001
Apr 15 16:16:11 localhost mme[1069107]: [INFO] sent itti S6A-LOCATION-UPDATE_ANSWER for IMSI: 222700000000001
Apr 15 16:16:12 localhost sctpd[1068704]: I0415 16:16:12.054047 1069220 sctp_connection.cpp:195] Unhandled notification type 32777
Apr 15 16:16:12 localhost sctpd[1068704]: I0415 16:16:12.464900 1069220 sctp_connection.cpp:195] Unhandled notification type 32777
Apr 15 16:16:14 localhost smsd[1068528]: INFO:root:mme non_eps_service_config is not SMS_ORC8R, sleeping.
Apr 15 16:16:18 localhost dhclient[601]: DHCPREQUEST for 172.16.5.121 on eth1 to 172.16.5.2 port 67 (xid=0x1858e024)
Apr 15 16:16:19 localhost mobilityd[1068431]: INFO:root:Using GW info: {'default': {2: ('172.16.4.1', 'eth0')}, 2: [('172.16.4.1', 'eth0', True)]}
Apr 15 16:16:19 localhost mobilityd[1068431]: INFO:root:GW-v6 probe: timer started
Apr 15 16:16:19 localhost smsd[1068528]: INFO:root:mme non_eps_service_config is not SMS_ORC8R, sleeping.
Apr 15 16:16:24 localhost smsd[1068528]: INFO:root:mme non_eps_service_config is not SMS_ORC8R, sleeping.
Apr 15 16:16:28 localhost sctpd[1068704]: I0415 16:16:28.819388 1069220 sctp_connection.cpp:195] Unhandled notification type 32776
Apr 15 16:16:29 localhost smsd[1068528]: INFO:root:mme non_eps_service_config is not SMS_ORC8R, sleeping.
Apr 15 16:16:29 localhost sctpd[1068704]: I0415 16:16:29.874003 1069220 sctp_connection.cpp:195] Unhandled notification type 32777
Apr 15 16:16:34 localhost smsd[1068528]: INFO:root:mme non_eps_service_config is not SMS_ORC8R, sleeping.
Apr 15 16:16:38 localhost dhclient[601]: DHCPREQUEST for 172.16.5.121 on eth1 to 172.16.5.2 port 67 (xid=0x1858e024)
Apr 15 16:16:39 localhost mobilityd[1068431]: INFO:root:Using GW info: {'default': {2: ('172.16.4.1', 'eth0')}, 2: [('172.16.4.1', 'eth0', True)]}
Apr 15 16:16:39 localhost mobilityd[1068431]: INFO:root:GW-v6 probe: timer started
Apr 15 16:16:39 localhost magmad[1068362]: INFO:root:[SyncRPC] Got heartBeat from cloud
Apr 15 16:16:39 localhost smsd[1068528]: INFO:root:mme non_eps_service_config is not SMS_ORC8R, sleeping.
Apr 15 16:16:49 localhost smsd[1068528]: message repeated 2 times: [ INFO:root:mme non_eps_service_config is not SMS_ORC8R, sleeping.]
Apr 15 16:16:50 localhost dhclient[601]: DHCPREQUEST for 172.16.5.121 on eth1 to 172.16.5.2 port 67 (xid=0x1858e024)
Apr 15 16:16:51 localhost sctpd[1068704]: I0415 16:16:51.754755 1069220 sctp_connection.cpp:195] Unhandled notification type 32776
Apr 15 16:16:52 localhost magmad[1068362]: INFO:root:Setting logging level to INFO
Apr 15 16:16:52 localhost sctpd[1068704]: I0415 16:16:52.818835 1069220 sctp_connection.cpp:195] Unhandled notification type 32777
Apr 15 16:16:54 localhost smsd[1068528]: INFO:root:mme non_eps_service_config is not SMS_ORC8R, sleeping.
Apr 15 16:16:59 localhost mobilityd[1068431]: INFO:root:Using GW info: {'default': {2: ('172.16.4.1', 'eth0')}, 2: [('172.16.4.1', 'eth0', True)]}
Apr 15 16:16:59 localhost mobilityd[1068431]: INFO:root:GW-v6 probe: timer started
Apr 15 16:16:59 localhost smsd[1068528]: INFO:root:mme non_eps_service_config is not SMS_ORC8R, sleeping.
Apr 15 16:17:01 localhost CRON[1071160]: (root) CMD (   cd / && run-parts --report /etc/cron.hourly)
Apr 15 16:17:01 localhost dhclient[601]: DHCPREQUEST for 172.16.5.121 on eth1 to 172.16.5.2 port 67 (xid=0x1858e024)
Apr 15 16:17:04 localhost control_proxy[1068590]: 2022-04-15T16:17:03.741Z [127.0.0.1 -> streamer-controller.magmasi.wavelabs.in,8443] "POST /magma.orc8r.Streamer/GetUpdates HTTP/2" 200 173bytes 0.531s
Apr 15 16:17:04 localhost policydb[1068506]: INFO:root:Processing 4 policy updates (resync=True)
Apr 15 16:17:04 localhost control_proxy[1068590]: 2022-04-15T16:17:04.276Z [127.0.0.1 -> streamer-controller.magmasi.wavelabs.in,8443] "POST /magma.orc8r.Streamer/GetUpdates HTTP/2" 200 7bytes 0.266s
Apr 15 16:17:04 localhost policydb[1068506]: INFO:root:Processing 0 basename -> policy updates
Apr 15 16:17:04 localhost control_proxy[1068590]: 2022-04-15T16:17:04.276Z [127.0.0.1 -> streamer-controller.magmasi.wavelabs.in,8443] "POST /magma.orc8r.Streamer/GetUpdates HTTP/2" 200 13513bytes 0.309s
Apr 15 16:17:04 localhost policydb[1068506]: INFO:root:Processing 222 SID -> apn -> policy updates
Apr 15 16:17:04 localhost smsd[1068528]: INFO:root:mme non_eps_service_config is not SMS_ORC8R, sleeping.
Apr 15 16:17:05 localhost control_proxy[1068590]: 2022-04-15T16:17:04.276Z [127.0.0.1 -> streamer-controller.magmasi.wavelabs.in,8443] "POST /magma.orc8r.Streamer/GetUpdates HTTP/2" 200 7bytes 0.269s
Apr 15 16:17:05 localhost policydb[1068506]: INFO:root:Processing 0 rating group updates
Apr 15 16:17:09 localhost smsd[1068528]: INFO:root:mme non_eps_service_config is not SMS_ORC8R, sleeping.
Apr 15 16:17:11 localhost magmad[1068362]: ERROR:root:Metrics upload error for service subscriberdb (chunk 0)! [StatusCode.DEADLINE_EXCEEDED] Deadline Exceeded
Apr 15 16:17:11 localhost magmad[1068362]: ERROR:root:Metrics upload error for service mobilityd (chunk 0)! [StatusCode.DEADLINE_EXCEEDED] Deadline Exceeded
Apr 15 16:17:11 localhost magmad[1068362]: ERROR:root:Metrics upload error for service mme (chunk 0)! [StatusCode.DEADLINE_EXCEEDED] Deadline Exceeded
Apr 15 16:17:11 localhost magmad[1068362]: ERROR:root:Metrics upload error for service magmad (chunk 0)! [StatusCode.DEADLINE_EXCEEDED] Deadline Exceeded
Apr 15 16:17:11 localhost magmad[1068362]: ERROR:root:Metrics upload error for service enodebd (chunk 0)! [StatusCode.DEADLINE_EXCEEDED] Deadline Exceeded
Apr 15 16:17:11 localhost magmad[1068362]: ERROR:root:Metrics upload error for service pipelined (chunk 0)! [StatusCode.DEADLINE_EXCEEDED] Deadline Exceeded
Apr 15 16:17:11 localhost magmad[1068362]: ERROR:root:Metrics upload error for service state (chunk 0)! [StatusCode.DEADLINE_EXCEEDED] Deadline Exceeded
Apr 15 16:17:11 localhost magmad[1068362]: ERROR:root:Metrics upload error for service sessiond (chunk 0)! [StatusCode.DEADLINE_EXCEEDED] Deadline Exceeded
Apr 15 16:17:11 localhost magmad[1068362]: INFO:root:Checking for upgrade...
Apr 15 16:17:11 localhost magmad[1068362]: WARNING:root:magmad package_version config missing or set to default 0.0.0-0, skipping upgrade
Apr 15 16:17:11 localhost control_proxy[1068590]: 2022-04-15T16:17:11.154Z [127.0.0.1 -> state-controller.magmasi.wavelabs.in,8443] "POST /magma.orc8r.StateService/ReportStates HTTP/2" 200 5bytes 0.267s
Apr 15 16:17:11 localhost magmad[1068362]: INFO:root:Checkin Successful! Successfully sent states to the cloud!
Apr 15 16:17:14 localhost sctpd[1068704]: I0415 16:17:14.777633 1069220 sctp_connection.cpp:195] Unhandled notification type 32776
Apr 15 16:17:15 localhost smsd[1068528]: INFO:root:mme non_eps_service_config is not SMS_ORC8R, sleeping.
Apr 15 16:17:15 localhost sctpd[1068704]: I0415 16:17:15.838390 1069220 sctp_connection.cpp:195] Unhandled notification type 32777
Apr 15 16:17:19 localhost mobilityd[1068431]: INFO:root:Using GW info: {'default': {2: ('172.16.4.1', 'eth0')}, 2: [('172.16.4.1', 'eth0', True)]}
Apr 15 16:17:19 localhost mobilityd[1068431]: INFO:root:GW-v6 probe: timer started
Apr 15 16:17:20 localhost smsd[1068528]: INFO:root:mme non_eps_service_config is not SMS_ORC8R, sleeping.
Apr 15 16:17:21 localhost dhclient[601]: DHCPREQUEST for 172.16.5.121 on eth1 to 172.16.5.2 port 67 (xid=0x1858e024)
Apr 15 16:17:25 localhost smsd[1068528]: INFO:root:mme non_eps_service_config is not SMS_ORC8R, sleeping.
Apr 15 16:17:30 localhost smsd[1068528]: INFO:root:mme non_eps_service_config is not SMS_ORC8R, sleeping.
Apr 15 16:17:32 localhost sctpd[1068704]: I0415 16:17:32.948863 1069220 sctp_connection.cpp:195] Unhandled notification type 32776
Apr 15 16:17:34 localhost dhclient[601]: DHCPREQUEST for 172.16.5.121 on eth1 to 172.16.5.2 port 67 (xid=0x1858e024)
Apr 15 16:17:35 localhost smsd[1068528]: INFO:root:mme non_eps_service_config is not SMS_ORC8R, sleeping.
Apr 15 16:17:39 localhost mobilityd[1068431]: INFO:root:Using GW info: {'default': {2: ('172.16.4.1', 'eth0')}, 2: [('172.16.4.1', 'eth0', True)]}
