Mar 10 19:29:23 localhost mme[998439]:             }
Mar 10 19:29:23 localhost mme[998439]:             PDUSessionResourceReleaseCommandIEs ::= {
Mar 10 19:29:23 localhost mme[998439]:                 id: 79
Mar 10 19:29:23 localhost mme[998439]:                 criticality: 0 (reject)
Mar 10 19:29:23 localhost mme[998439]:                 value: PDUSessionResourceToReleaseListRelCmd ::= {
Mar 10 19:29:23 localhost mme[998439]:                 }
Mar 10 19:29:23 localhost mme[998439]:             }
Mar 10 19:29:23 localhost mme[998439]:         }
Mar 10 19:29:23 localhost mme[998439]:     }
Mar 10 19:29:23 localhost mme[998439]: }
Mar 10 19:29:23 localhost sctpd[998018]: I0310 19:29:23.759099 998023 sctpd_downlink_impl.cpp:76] SctpdDownlinkImpl::SendDl starting
Mar 10 19:29:23 localhost sctpd[998018]: I0310 19:29:23.813661 998500 sctp_connection.cpp:167] HandleClientSock sd = 68
Mar 10 19:29:23 localhost sctpd[998018]: I0310 19:29:23.813751 998500 sctp_connection.cpp:193] Unhandled notification type 32777
Mar 10 19:29:23 localhost sctpd[998018]: I0310 19:29:23.813771 998500 sctp_connection.cpp:167] HandleClientSock sd = 68
Mar 10 19:29:23 localhost sctpd[998018]: I0310 19:29:23.813791 998500 sctp_connection.cpp:220] [sd:68] msg of len 70 on 4107:1
Mar 10 19:29:24 localhost sctpd[998018]: I0310 19:29:24.014921 998500 sctp_connection.cpp:167] HandleClientSock sd = 68
Mar 10 19:29:24 localhost sctpd[998018]: I0310 19:29:24.015022 998500 sctp_connection.cpp:220] [sd:68] msg of len 72 on 4107:1
Mar 10 19:29:24 localhost dhclient[601]: DHCPREQUEST for 172.16.5.121 on eth1 to 255.255.255.255 port 67 (xid=0x4b4058b5)
Mar 10 19:29:27 localhost smsd[997831]: INFO:root:mme non_eps_service_config is not SMS_ORC8R, sleeping.
Mar 10 19:29:30 localhost dnsmasq-dhcp[997925]: DHCPDISCOVER(eth1) fa:16:3e:2a:89:3f 
Mar 10 19:29:30 localhost dnsmasq-dhcp[997925]: DHCPOFFER(eth1) 172.16.7.251 fa:16:3e:2a:89:3f 
Mar 10 19:29:32 localhost smsd[997831]: INFO:root:mme non_eps_service_config is not SMS_ORC8R, sleeping.
Mar 10 19:29:32 localhost mobilityd[997744]: INFO:root:Using GW info: {'default': {2: ('172.16.4.1', 'eth0')}, 2: [('172.16.4.1', 'eth0', True)]}
Mar 10 19:29:32 localhost mobilityd[997744]: INFO:root:GW-v6 probe: timer started
Mar 10 19:29:33 localhost sctpd[998018]: I0310 19:29:33.302786 998500 sctp_connection.cpp:167] HandleClientSock sd = 67
Mar 10 19:29:33 localhost sctpd[998018]: I0310 19:29:33.302978 998500 sctp_connection.cpp:185] SCTP_SHUTDOWN_EVENT received
Mar 10 19:29:33 localhost sctpd[998018]: I0310 19:29:33.302991 998500 sctp_connection.cpp:280] Sending close connection for assoc_id 4106
Mar 10 19:29:33 localhost sctpd[998018]: I0310 19:29:33.350440 998500 sctp_connection.cpp:167] HandleClientSock sd = 68
Mar 10 19:29:33 localhost sctpd[998018]: I0310 19:29:33.350524 998500 sctp_connection.cpp:185] SCTP_SHUTDOWN_EVENT received
Mar 10 19:29:33 localhost sctpd[998018]: I0310 19:29:33.350535 998500 sctp_connection.cpp:280] Sending close connection for assoc_id 4107
Mar 10 19:29:33 localhost control_proxy[997910]: 2022-03-10T19:29:33.360Z [127.0.0.1 -> streamer-controller.magmasi.wavelabs.in,8443] "POST /magma.orc8r.Streamer/GetUpdates HTTP/2" 200 91bytes 0.533s
Mar 10 19:29:33 localhost policydb[997798]: INFO:root:Processing 2 policy updates (resync=True)
Mar 10 19:29:34 localhost control_proxy[997910]: 2022-03-10T19:29:33.360Z [127.0.0.1 -> streamer-controller.magmasi.wavelabs.in,8443] "POST /magma.orc8r.Streamer/GetUpdates HTTP/2" 200 7bytes 0.269s
Mar 10 19:29:34 localhost policydb[997798]: INFO:root:Processing 0 basename -> policy updates
Mar 10 19:29:34 localhost control_proxy[997910]: 2022-03-10T19:29:34.168Z [127.0.0.1 -> streamer-controller.magmasi.wavelabs.in,8443] "POST /magma.orc8r.Streamer/GetUpdates HTTP/2" 200 5113bytes 0.283s
Mar 10 19:29:34 localhost policydb[997798]: INFO:root:Processing 222 SID -> apn -> policy updates
Mar 10 19:29:34 localhost magmad[997674]: ERROR:root:Metrics upload error for service subscriberdb (chunk 0)! [StatusCode.DEADLINE_EXCEEDED] Deadline Exceeded
Mar 10 19:29:34 localhost magmad[997674]: ERROR:root:Metrics upload error for service mobilityd (chunk 0)! [StatusCode.DEADLINE_EXCEEDED] Deadline Exceeded
Mar 10 19:29:34 localhost magmad[997674]: ERROR:root:Metrics upload error for service mme (chunk 0)! [StatusCode.DEADLINE_EXCEEDED] Deadline Exceeded
Mar 10 19:29:34 localhost magmad[997674]: ERROR:root:Metrics upload error for service magmad (chunk 0)! [StatusCode.DEADLINE_EXCEEDED] Deadline Exceeded
Mar 10 19:29:34 localhost magmad[997674]: ERROR:root:Metrics upload error for service enodebd (chunk 0)! [StatusCode.DEADLINE_EXCEEDED] Deadline Exceeded
Mar 10 19:29:34 localhost magmad[997674]: ERROR:root:Metrics upload error for service pipelined (chunk 0)! [StatusCode.DEADLINE_EXCEEDED] Deadline Exceeded
Mar 10 19:29:34 localhost magmad[997674]: ERROR:root:Metrics upload error for service state (chunk 0)! [StatusCode.DEADLINE_EXCEEDED] Deadline Exceeded
Mar 10 19:29:34 localhost magmad[997674]: ERROR:root:Metrics upload error for service sessiond (chunk 0)! [StatusCode.DEADLINE_EXCEEDED] Deadline Exceeded
Mar 10 19:29:34 localhost control_proxy[997910]: 2022-03-10T19:29:34.168Z [127.0.0.1 -> streamer-controller.magmasi.wavelabs.in,8443] "POST /magma.orc8r.Streamer/GetUpdates HTTP/2" 200 7bytes 0.267s
Mar 10 19:29:34 localhost policydb[997798]: INFO:root:Processing 0 rating group updates
Mar 10 19:29:35 localhost dhclient[601]: DHCPREQUEST for 172.16.5.121 on eth1 to 255.255.255.255 port 67 (xid=0x4b4058b5)
Mar 10 19:29:37 localhost smsd[997831]: INFO:root:mme non_eps_service_config is not SMS_ORC8R, sleeping.
Mar 10 19:29:39 localhost sctpd[998018]: I0310 19:29:39.762661 998496 sctpd_downlink_impl.cpp:76] SctpdDownlinkImpl::SendDl starting
Mar 10 19:29:42 localhost smsd[997831]: INFO:root:mme non_eps_service_config is not SMS_ORC8R, sleeping.
Mar 10 19:29:42 localhost sctpd[998018]: I0310 19:29:42.408807 998500 sctp_connection.cpp:167] HandleClientSock sd = 69
Mar 10 19:29:42 localhost sctpd[998018]: I0310 19:29:42.408897 998500 sctp_connection.cpp:189] SCTP association change event received
Mar 10 19:29:42 localhost sctpd[998018]: I0310 19:29:42.410015 998500 sctp_connection.cpp:167] HandleClientSock sd = 69
Mar 10 19:29:42 localhost sctpd[998018]: I0310 19:29:42.410064 998500 sctp_connection.cpp:193] Unhandled notification type 32776
Mar 10 19:29:43 localhost dnsmasq-dhcp[997925]: DHCPDISCOVER(eth1) fa:16:3e:2a:89:3f 
Mar 10 19:29:43 localhost dnsmasq-dhcp[997925]: DHCPOFFER(eth1) 172.16.7.251 fa:16:3e:2a:89:3f 
Mar 10 19:29:47 localhost smsd[997831]: INFO:root:mme non_eps_service_config is not SMS_ORC8R, sleeping.
Mar 10 19:29:47 localhost dhclient[601]: DHCPREQUEST for 172.16.5.121 on eth1 to 255.255.255.255 port 67 (xid=0x4b4058b5)
Mar 10 19:29:51 localhost dnsmasq-dhcp[997925]: DHCPDISCOVER(eth1) fa:16:3e:2a:89:3f 
Mar 10 19:29:51 localhost dnsmasq-dhcp[997925]: DHCPOFFER(eth1) 172.16.7.251 fa:16:3e:2a:89:3f 
Mar 10 19:29:52 localhost sctpd[998018]: I0310 19:29:52.115651 998500 sctp_connection.cpp:167] HandleClientSock sd = 69
Mar 10 19:29:52 localhost sctpd[998018]: I0310 19:29:52.115768 998500 sctp_connection.cpp:220] [sd:69] msg of len 42 on 4108:0
Mar 10 19:29:52 localhost sctpd[998018]: I0310 19:29:52.118021 998023 sctpd_downlink_impl.cpp:76] SctpdDownlinkImpl::SendDl starting
Mar 10 19:29:52 localhost sctpd[998018]: I0310 19:29:52.118728 998500 sctp_connection.cpp:167] HandleClientSock sd = 69
Mar 10 19:29:52 localhost sctpd[998018]: I0310 19:29:52.118784 998500 sctp_connection.cpp:193] Unhandled notification type 32777
Mar 10 19:29:52 localhost sctpd[998018]: I0310 19:29:52.224761 998500 sctp_connection.cpp:167] HandleClientSock sd = 69
Mar 10 19:29:52 localhost sctpd[998018]: I0310 19:29:52.224874 998500 sctp_connection.cpp:220] [sd:69] msg of len 42 on 4108:0
Mar 10 19:29:52 localhost sctpd[998018]: I0310 19:29:52.226905 998496 sctpd_downlink_impl.cpp:76] SctpdDownlinkImpl::SendDl starting
Mar 10 19:29:52 localhost smsd[997831]: INFO:root:mme non_eps_service_config is not SMS_ORC8R, sleeping.
Mar 10 19:29:52 localhost sctpd[998018]: I0310 19:29:52.338392 998500 sctp_connection.cpp:167] HandleClientSock sd = 69
Mar 10 19:29:52 localhost sctpd[998018]: I0310 19:29:52.338490 998500 sctp_connection.cpp:193] Unhandled notification type 32777
Mar 10 19:29:52 localhost sctpd[998018]: I0310 19:29:52.338510 998500 sctp_connection.cpp:167] HandleClientSock sd = 69
Mar 10 19:29:52 localhost sctpd[998018]: I0310 19:29:52.338533 998500 sctp_connection.cpp:220] [sd:69] msg of len 83 on 4108:1
Mar 10 19:29:52 localhost sctpd[998018]: I0310 19:29:52.357069 998496 sctpd_downlink_impl.cpp:76] SctpdDownlinkImpl::SendDl starting
Mar 10 19:29:52 localhost mobilityd[997744]: INFO:root:Using GW info: {'default': {2: ('172.16.4.1', 'eth0')}, 2: [('172.16.4.1', 'eth0', True)]}
Mar 10 19:29:52 localhost mobilityd[997744]: INFO:root:GW-v6 probe: timer started
Mar 10 19:29:52 localhost sctpd[998018]: I0310 19:29:52.457921 998500 sctp_connection.cpp:167] HandleClientSock sd = 69
Mar 10 19:29:52 localhost sctpd[998018]: I0310 19:29:52.458016 998500 sctp_connection.cpp:193] Unhandled notification type 32777
Mar 10 19:29:52 localhost sctpd[998018]: I0310 19:29:52.458035 998500 sctp_connection.cpp:167] HandleClientSock sd = 69
Mar 10 19:29:52 localhost sctpd[998018]: I0310 19:29:52.458057 998500 sctp_connection.cpp:220] [sd:69] msg of len 67 on 4108:1
Mar 10 19:29:52 localhost sctpd[998018]: I0310 19:29:52.462184 998496 sctpd_downlink_impl.cpp:76] SctpdDownlinkImpl::SendDl starting
Mar 10 19:29:52 localhost sctpd[998018]: I0310 19:29:52.576617 998500 sctp_connection.cpp:167] HandleClientSock sd = 69
Mar 10 19:29:52 localhost sctpd[998018]: I0310 19:29:52.576714 998500 sctp_connection.cpp:193] Unhandled notification type 32777
Mar 10 19:29:52 localhost sctpd[998018]: I0310 19:29:52.576733 998500 sctp_connection.cpp:167] HandleClientSock sd = 69
Mar 10 19:29:52 localhost sctpd[998018]: I0310 19:29:52.576756 998500 sctp_connection.cpp:220] [sd:69] msg of len 56 on 4108:1
Mar 10 19:29:52 localhost mme[998439]: [DEBUG] Sending S6A-UPDATE_LOCATION_REQUEST with IMSI: 222700000000001
Mar 10 19:29:52 localhost sctpd[998018]: I0310 19:29:52.583528 998496 sctpd_downlink_impl.cpp:76] SctpdDownlinkImpl::SendDl starting
Mar 10 19:29:52 localhost mme[998439]: [INFO] Received S6A-LOCATION-UPDATE_ANSWER for IMSI: 222700000000001; Status: ; StatusCode: 2001
Mar 10 19:29:52 localhost mme[998439]: [INFO] sent itti S6A-LOCATION-UPDATE_ANSWER for IMSI: 222700000000001
Mar 10 19:29:52 localhost sctpd[998018]: I0310 19:29:52.787611 998500 sctp_connection.cpp:167] HandleClientSock sd = 69
Mar 10 19:29:52 localhost sctpd[998018]: I0310 19:29:52.787717 998500 sctp_connection.cpp:193] Unhandled notification type 32777
Mar 10 19:29:55 localhost sctpd[998018]: I0310 19:29:55.767288 998496 sctpd_downlink_impl.cpp:76] SctpdDownlinkImpl::SendDl starting
Mar 10 19:29:57 localhost smsd[997831]: INFO:root:mme non_eps_service_config is not SMS_ORC8R, sleeping.
Mar 10 19:29:58 localhost mme[998439]: [DEBUG] Sending S6A-UPDATE_LOCATION_REQUEST with IMSI: 222700000000001
Mar 10 19:29:58 localhost sctpd[998018]: I0310 19:29:58.588860 998496 sctpd_downlink_impl.cpp:76] SctpdDownlinkImpl::SendDl starting
Mar 10 19:29:58 localhost mme[998439]: [INFO] Received S6A-LOCATION-UPDATE_ANSWER for IMSI: 222700000000001; Status: ; StatusCode: 2001
Mar 10 19:29:58 localhost mme[998439]: [INFO] sent itti S6A-LOCATION-UPDATE_ANSWER for IMSI: 222700000000001
Mar 10 19:29:58 localhost sctpd[998018]: I0310 19:29:58.791656 998500 sctp_connection.cpp:167] HandleClientSock sd = 69
Mar 10 19:29:58 localhost sctpd[998018]: I0310 19:29:58.791766 998500 sctp_connection.cpp:193] Unhandled notification type 32777
Mar 10 19:30:02 localhost dnsmasq-dhcp[997925]: DHCPDISCOVER(eth1) fa:16:3e:2a:89:3f 
Mar 10 19:30:02 localhost dnsmasq-dhcp[997925]: DHCPOFFER(eth1) 172.16.7.251 fa:16:3e:2a:89:3f 
Mar 10 19:30:02 localhost smsd[997831]: INFO:root:mme non_eps_service_config is not SMS_ORC8R, sleeping.
Mar 10 19:30:02 localhost sctpd[998018]: I0310 19:30:02.684653 998500 sctp_connection.cpp:167] HandleClientSock sd = 69
Mar 10 19:30:02 localhost sctpd[998018]: I0310 19:30:02.684767 998500 sctp_connection.cpp:220] [sd:69] msg of len 56 on 4108:1
Mar 10 19:30:05 localhost magmad[997674]: INFO:root:Setting logging level to INFO
Mar 10 19:30:07 localhost dhclient[601]: DHCPREQUEST for 172.16.5.121 on eth1 to 255.255.255.255 port 67 (xid=0x4b4058b5)
Mar 10 19:30:07 localhost smsd[997831]: INFO:root:mme non_eps_service_config is not SMS_ORC8R, sleeping.
Mar 10 19:30:10 localhost sctpd[998018]: I0310 19:30:10.011729 998500 sctp_connection.cpp:167] HandleClientSock sd = 69
Mar 10 19:30:10 localhost sctpd[998018]: I0310 19:30:10.011832 998500 sctp_connection.cpp:185] SCTP_SHUTDOWN_EVENT received
Mar 10 19:30:10 localhost sctpd[998018]: I0310 19:30:10.011844 998500 sctp_connection.cpp:280] Sending close connection for assoc_id 4108
Mar 10 19:30:11 localhost sctpd[998018]: I0310 19:30:11.778345 998023 sctpd_downlink_impl.cpp:76] SctpdDownlinkImpl::SendDl starting
Mar 10 19:30:12 localhost mobilityd[997744]: INFO:root:Using GW info: {'default': {2: ('172.16.4.1', 'eth0')}, 2: [('172.16.4.1', 'eth0', True)]}
Mar 10 19:30:12 localhost mobilityd[997744]: INFO:root:GW-v6 probe: timer started
Mar 10 19:30:12 localhost smsd[997831]: INFO:root:mme non_eps_service_config is not SMS_ORC8R, sleeping.
Mar 10 19:30:13 localhost control_proxy[997910]: 2022-03-10T19:29:12.724Z [127.0.0.1 -> streamer-controller.magmasi.wavelabs.in,8443] "POST /magma.orc8r.Streamer/GetUpdates HTTP/2" 200 0bytes 60.343s
Mar 10 19:30:13 localhost magmad[997674]: ERROR:root:Error! Streaming from the cloud failed! [StatusCode.ABORTED] error while streaming updates: rpc error: code = DeadlineExceeded desc = context deadline exceeded
Mar 10 19:30:13 localhost magmad[997674]: INFO:root:[SyncRPC] Got heartBeat from cloud
Mar 10 19:30:13 localhost control_proxy[997910]: 2022-03-10T19:30:12.956Z [127.0.0.1 -> state-controller.magmasi.wavelabs.in,8443] "POST /magma.orc8r.StateService/ReportStates HTTP/2" 200 5bytes 0.272s
Mar 10 19:30:15 localhost dnsmasq-dhcp[997925]: DHCPDISCOVER(eth1) fa:16:3e:2a:89:3f 
Mar 10 19:30:15 localhost dnsmasq-dhcp[997925]: DHCPOFFER(eth1) 172.16.7.251 fa:16:3e:2a:89:3f 
Mar 10 19:30:16 localhost dhclient[601]: DHCPREQUEST for 172.16.5.121 on eth1 to 255.255.255.255 port 67 (xid=0x4b4058b5)
Mar 10 19:30:17 localhost smsd[997831]: INFO:root:mme non_eps_service_config is not SMS_ORC8R, sleeping.
Mar 10 19:30:18 localhost sctpd[998018]: I0310 19:30:18.965806 998500 sctp_connection.cpp:167] HandleClientSock sd = 70
Mar 10 19:30:18 localhost sctpd[998018]: I0310 19:30:18.965895 998500 sctp_connection.cpp:189] SCTP association change event received
Mar 10 19:30:18 localhost sctpd[998018]: I0310 19:30:18.966662 998500 sctp_connection.cpp:167] HandleClientSock sd = 70
Mar 10 19:30:18 localhost sctpd[998018]: I0310 19:30:18.966699 998500 sctp_connection.cpp:193] Unhandled notification type 32776
Mar 10 19:30:22 localhost smsd[997831]: INFO:root:mme non_eps_service_config is not SMS_ORC8R, sleeping.
Mar 10 19:30:23 localhost dnsmasq-dhcp[997925]: DHCPDISCOVER(eth1) fa:16:3e:2a:89:3f 
Mar 10 19:30:23 localhost dnsmasq-dhcp[997925]: DHCPOFFER(eth1) 172.16.7.251 fa:16:3e:2a:89:3f 
Mar 10 19:30:24 localhost control_proxy[997910]: 2022-03-10T19:30:24.344Z [127.0.0.1 -> state-controller.magmasi.wavelabs.in,8443] "POST /magma.orc8r.StateService/ReportStates HTTP/2" 200 5bytes 0.516s
Mar 10 19:30:24 localhost magmad[997674]: INFO:root:Checkin Successful! Successfully sent states to the cloud!
Mar 10 19:30:27 localhost smsd[997831]: INFO:root:mme non_eps_service_config is not SMS_ORC8R, sleeping.
Mar 10 19:30:27 localhost dhclient[601]: DHCPREQUEST for 172.16.5.121 on eth1 to 255.255.255.255 port 67 (xid=0x4b4058b5)
Mar 10 19:30:27 localhost sctpd[998018]: I0310 19:30:27.796418 998496 sctpd_downlink_impl.cpp:76] SctpdDownlinkImpl::SendDl starting
Mar 10 19:30:28 localhost sctpd[998018]: I0310 19:30:28.608333 998500 sctp_connection.cpp:167] HandleClientSock sd = 70
Mar 10 19:30:28 localhost sctpd[998018]: I0310 19:30:28.608433 998500 sctp_connection.cpp:220] [sd:70] msg of len 42 on 4109:0
Mar 10 19:30:28 localhost sctpd[998018]: I0310 19:30:28.610476 998023 sctpd_downlink_impl.cpp:76] SctpdDownlinkImpl::SendDl starting
Mar 10 19:30:28 localhost sctpd[998018]: I0310 19:30:28.611024 998500 sctp_connection.cpp:167] HandleClientSock sd = 70
Mar 10 19:30:28 localhost sctpd[998018]: I0310 19:30:28.611081 998500 sctp_connection.cpp:193] Unhandled notification type 32777
Mar 10 19:30:28 localhost sctpd[998018]: I0310 19:30:28.725029 998500 sctp_connection.cpp:167] HandleClientSock sd = 70
Mar 10 19:30:28 localhost sctpd[998018]: I0310 19:30:28.725136 998500 sctp_connection.cpp:220] [sd:70] msg of len 42 on 4109:0
Mar 10 19:30:28 localhost sctpd[998018]: I0310 19:30:28.727037 998023 sctpd_downlink_impl.cpp:76] SctpdDownlinkImpl::SendDl starting
Mar 10 19:30:28 localhost sctpd[998018]: I0310 19:30:28.837491 998500 sctp_connection.cpp:167] HandleClientSock sd = 70
Mar 10 19:30:28 localhost sctpd[998018]: I0310 19:30:28.837586 998500 sctp_connection.cpp:193] Unhandled notification type 32777
Mar 10 19:30:28 localhost sctpd[998018]: I0310 19:30:28.837604 998500 sctp_connection.cpp:167] HandleClientSock sd = 70
Mar 10 19:30:28 localhost sctpd[998018]: I0310 19:30:28.837625 998500 sctp_connection.cpp:220] [sd:70] msg of len 88 on 4109:1
Mar 10 19:30:28 localhost sctpd[998018]: I0310 19:30:28.853807 998023 sctpd_downlink_impl.cpp:76] SctpdDownlinkImpl::SendDl starting
Mar 10 19:30:28 localhost sctpd[998018]: I0310 19:30:28.952858 998500 sctp_connection.cpp:167] HandleClientSock sd = 70
Mar 10 19:30:28 localhost sctpd[998018]: I0310 19:30:28.952956 998500 sctp_connection.cpp:193] Unhandled notification type 32777
Mar 10 19:30:28 localhost sctpd[998018]: I0310 19:30:28.952975 998500 sctp_connection.cpp:167] HandleClientSock sd = 70
Mar 10 19:30:28 localhost sctpd[998018]: I0310 19:30:28.952997 998500 sctp_connection.cpp:220] [sd:70] msg of len 67 on 4109:1
Mar 10 19:30:28 localhost sctpd[998018]: I0310 19:30:28.957238 998023 sctpd_downlink_impl.cpp:76] SctpdDownlinkImpl::SendDl starting
Mar 10 19:30:29 localhost sctpd[998018]: I0310 19:30:29.067955 998500 sctp_connection.cpp:167] HandleClientSock sd = 70
Mar 10 19:30:29 localhost sctpd[998018]: I0310 19:30:29.068076 998500 sctp_connection.cpp:193] Unhandled notification type 32777
Mar 10 19:30:29 localhost sctpd[998018]: I0310 19:30:29.068099 998500 sctp_connection.cpp:167] HandleClientSock sd = 70
Mar 10 19:30:29 localhost sctpd[998018]: I0310 19:30:29.068120 998500 sctp_connection.cpp:220] [sd:70] msg of len 56 on 4109:1
Mar 10 19:30:29 localhost mme[998439]: [DEBUG] Sending S6A-UPDATE_LOCATION_REQUEST with IMSI: 222700000000001
Mar 10 19:30:29 localhost sctpd[998018]: I0310 19:30:29.074344 998023 sctpd_downlink_impl.cpp:76] SctpdDownlinkImpl::SendDl starting
Mar 10 19:30:29 localhost mme[998439]: [INFO] Received S6A-LOCATION-UPDATE_ANSWER for IMSI: 222700000000001; Status: ; StatusCode: 2001
Mar 10 19:30:29 localhost mme[998439]: [INFO] sent itti S6A-LOCATION-UPDATE_ANSWER for IMSI: 222700000000001
Mar 10 19:30:29 localhost sctpd[998018]: I0310 19:30:29.187834 998500 sctp_connection.cpp:167] HandleClientSock sd = 70
Mar 10 19:30:29 localhost sctpd[998018]: I0310 19:30:29.187943 998500 sctp_connection.cpp:193] Unhandled notification type 32777
Mar 10 19:30:29 localhost sctpd[998018]: I0310 19:30:29.187961 998500 sctp_connection.cpp:167] HandleClientSock sd = 70
Mar 10 19:30:29 localhost sctpd[998018]: I0310 19:30:29.188004 998500 sctp_connection.cpp:220] [sd:70] msg of len 22 on 4109:1
Mar 10 19:30:29 localhost sctpd[998018]: I0310 19:30:29.391227 998500 sctp_connection.cpp:167] HandleClientSock sd = 70
Mar 10 19:30:29 localhost sctpd[998018]: I0310 19:30:29.391357 998500 sctp_connection.cpp:220] [sd:70] msg of len 56 on 4109:1
Mar 10 19:30:30 localhost sctpd[998018]: I0310 19:30:30.360488 998500 sctp_connection.cpp:167] HandleClientSock sd = 70
Mar 10 19:30:30 localhost sctpd[998018]: I0310 19:30:30.360610 998500 sctp_connection.cpp:220] [sd:70] msg of len 70 on 4109:1
Mar 10 19:30:32 localhost mobilityd[997744]: INFO:root:Using GW info: {'default': {2: ('172.16.4.1', 'eth0')}, 2: [('172.16.4.1', 'eth0', True)]}
Mar 10 19:30:32 localhost mobilityd[997744]: INFO:root:GW-v6 probe: timer started
Mar 10 19:30:32 localhost smsd[997831]: INFO:root:mme non_eps_service_config is not SMS_ORC8R, sleeping.
Mar 10 19:30:33 localhost dnsmasq-dhcp[997925]: DHCPDISCOVER(eth1) fa:16:3e:2a:89:3f 
Mar 10 19:30:33 localhost dnsmasq-dhcp[997925]: DHCPOFFER(eth1) 172.16.7.251 fa:16:3e:2a:89:3f 
Mar 10 19:30:34 localhost magmad[997674]: ERROR:root:Metrics upload error for service subscriberdb (chunk 0)! [StatusCode.DEADLINE_EXCEEDED] Deadline Exceeded
Mar 10 19:30:34 localhost magmad[997674]: ERROR:root:Metrics upload error for service mobilityd (chunk 0)! [StatusCode.DEADLINE_EXCEEDED] Deadline Exceeded
Mar 10 19:30:34 localhost magmad[997674]: ERROR:root:Metrics upload error for service mme (chunk 0)! [StatusCode.DEADLINE_EXCEEDED] Deadline Exceeded
Mar 10 19:30:34 localhost magmad[997674]: ERROR:root:Metrics upload error for service magmad (chunk 0)! [StatusCode.DEADLINE_EXCEEDED] Deadline Exceeded
Mar 10 19:30:34 localhost magmad[997674]: ERROR:root:Metrics upload error for service enodebd (chunk 0)! [StatusCode.DEADLINE_EXCEEDED] Deadline Exceeded
Mar 10 19:30:34 localhost magmad[997674]: ERROR:root:Metrics upload error for service pipelined (chunk 0)! [StatusCode.DEADLINE_EXCEEDED] Deadline Exceeded
Mar 10 19:30:34 localhost magmad[997674]: ERROR:root:Metrics upload error for service state (chunk 0)! [StatusCode.DEADLINE_EXCEEDED] Deadline Exceeded
Mar 10 19:30:34 localhost magmad[997674]: ERROR:root:Metrics upload error for service sessiond (chunk 0)! [StatusCode.DEADLINE_EXCEEDED] Deadline Exceeded
Mar 10 19:30:35 localhost control_proxy[997910]: 2022-03-10T19:30:34.779Z [127.0.0.1 -> streamer-controller.magmasi.wavelabs.in,8443] "POST /magma.orc8r.Streamer/GetUpdates HTTP/2" 200 91bytes 0.528s
Mar 10 19:30:35 localhost policydb[997798]: INFO:root:Processing 2 policy updates (resync=True)
Mar 10 19:30:35 localhost control_proxy[997910]: 2022-03-10T19:30:35.309Z [127.0.0.1 -> streamer-controller.magmasi.wavelabs.in,8443] "POST /magma.orc8r.Streamer/GetUpdates HTTP/2" 200 7bytes 0.276s
Mar 10 19:30:35 localhost policydb[997798]: INFO:root:Processing 0 basename -> policy updates
Mar 10 19:30:35 localhost control_proxy[997910]: 2022-03-10T19:30:35.309Z [127.0.0.1 -> streamer-controller.magmasi.wavelabs.in,8443] "POST /magma.orc8r.Streamer/GetUpdates HTTP/2" 200 5113bytes 0.295s
Mar 10 19:30:35 localhost policydb[997798]: INFO:root:Processing 222 SID -> apn -> policy updates
Mar 10 19:30:36 localhost control_proxy[997910]: 2022-03-10T19:30:35.309Z [127.0.0.1 -> streamer-controller.magmasi.wavelabs.in,8443] "POST /magma.orc8r.Streamer/GetUpdates HTTP/2" 200 7bytes 0.267s
Mar 10 19:30:36 localhost policydb[997798]: INFO:root:Processing 0 rating group updates
Mar 10 19:30:37 localhost smsd[997831]: INFO:root:mme non_eps_service_config is not SMS_ORC8R, sleeping.
Mar 10 19:30:42 localhost smsd[997831]: INFO:root:mme non_eps_service_config is not SMS_ORC8R, sleeping.
Mar 10 19:30:42 localhost sctpd[998018]: I0310 19:30:42.743319 998500 sctp_connection.cpp:167] HandleClientSock sd = 70
Mar 10 19:30:42 localhost sctpd[998018]: I0310 19:30:42.743415 998500 sctp_connection.cpp:185] SCTP_SHUTDOWN_EVENT received
Mar 10 19:30:42 localhost sctpd[998018]: I0310 19:30:42.743427 998500 sctp_connection.cpp:280] Sending close connection for assoc_id 4109
Mar 10 19:30:43 localhost sessiond[997753]: I0310 19:30:43.799038 997753 SetMessageManagerHandler.cpp:142] Release request for session from IMSI: IMSI222700000000001 pdu_id 1
Mar 10 19:30:43 localhost mobilityd[997744]: INFO:root:Released IP 192.168.128.23 for sid IMSI222700000000001
Mar 10 19:30:47 localhost dnsmasq-dhcp[997925]: DHCPDISCOVER(eth1) fa:16:3e:2a:89:3f 
Mar 10 19:30:47 localhost dnsmasq-dhcp[997925]: DHCPOFFER(eth1) 172.16.7.251 fa:16:3e:2a:89:3f 
Mar 10 19:30:47 localhost smsd[997831]: INFO:root:mme non_eps_service_config is not SMS_ORC8R, sleeping.
Mar 10 19:30:48 localhost dhclient[601]: DHCPREQUEST for 172.16.5.121 on eth1 to 255.255.255.255 port 67 (xid=0x4b4058b5)
Mar 10 19:30:48 localhost policydb[997798]: INFO:root:Terminating session: IMSI222700000000001-215169
Mar 10 19:30:48 localhost eventd[997829]: DEBUG:root:Logging event: stream_name: "sessiond"
Mar 10 19:30:48 localhost eventd[997829]: event_type: "session_terminated"
Mar 10 19:30:48 localhost eventd[997829]: tag: "IMSI222700000000001"
Mar 10 19:30:48 localhost eventd[997829]: value: "{\"mac_addr\":\"\",\"user_location\":\"\",\"spgw_ip\":\"\",\"imei\":\"\",\"record_sequence_number\":1,\"pdp_end_time\":94033795080112,\"charging_rx\":0,\"duration\":224,\"ip_addr\":\"192.168.128.23\",\"monitoring_tx\":0,\"ipv6_addr\":\"\",\"msisdn\":\"\",\"apn\":\"default\",\"session_id\":\"IMSI222700000000001-215169\",\"list_of_service_data\":[],\"charging_characteristics\":\"\",\"total_tx\":0,\"cause_for_rec_closing\":0,\"imsi\":\"IMSI222700000000001\",\"total_rx\":0,\"monitoring_rx\":0,\"charging_tx\":0,\"pdp_start_time\":94033795079888}"
Mar 10 19:30:48 localhost eventd[997829]: ERROR:root:Connection to FluentBit failed: [Errno 111] Connection refused
Mar 10 19:30:48 localhost eventd[997829]: INFO:root:FluentBit (td-agent-bit) may not be enabled or configured correctly
Mar 10 19:30:48 localhost sessiond[997753]: I0310 19:30:48.813247 997782 SessionEvents.cpp:291] Could not log session_terminated event {"mac_addr":"","user_location":"","spgw_ip":"","imei":"","record_sequence_number":1,"pdp_end_time":94033795080112,"charging_rx":0,"duration":224,"ip_addr":"192.168.128.23","monitoring_tx":0,"ipv6_addr":"","msisdn":"","apn":"default","session_id":"IMSI222700000000001-215169","list_of_service_data":[],"charging_characteristics":"","total_tx":0,"cause_for_rec_closing":0,"imsi":"IMSI222700000000001","total_rx":0,"monitoring_rx":0,"charging_tx":0,"pdp_start_time":94033795079888}, Error Message: Could not connect to FluentBit locally, Details: [Errno 111] Connection refused
Mar 10 19:30:51 localhost sctpd[998018]: I0310 19:30:51.990273 998500 sctp_connection.cpp:167] HandleClientSock sd = 71
Mar 10 19:30:51 localhost sctpd[998018]: I0310 19:30:51.990366 998500 sctp_connection.cpp:189] SCTP association change event received
Mar 10 19:30:51 localhost sctpd[998018]: I0310 19:30:51.991219 998500 sctp_connection.cpp:167] HandleClientSock sd = 71
Mar 10 19:30:51 localhost sctpd[998018]: I0310 19:30:51.991255 998500 sctp_connection.cpp:193] Unhandled notification type 32776
Mar 10 19:30:52 localhost sctpd[998018]: I0310 19:30:52.115895 998500 sctp_connection.cpp:167] HandleClientSock sd = 72
Mar 10 19:30:52 localhost sctpd[998018]: I0310 19:30:52.115986 998500 sctp_connection.cpp:189] SCTP association change event received
Mar 10 19:30:52 localhost sctpd[998018]: I0310 19:30:52.117003 998500 sctp_connection.cpp:167] HandleClientSock sd = 72
Mar 10 19:30:52 localhost sctpd[998018]: I0310 19:30:52.117081 998500 sctp_connection.cpp:193] Unhandled notification type 32776
Mar 10 19:30:52 localhost mobilityd[997744]: INFO:root:Using GW info: {'default': {2: ('172.16.4.1', 'eth0')}, 2: [('172.16.4.1', 'eth0', True)]}
Mar 10 19:30:52 localhost mobilityd[997744]: INFO:root:GW-v6 probe: timer started
Mar 10 19:30:52 localhost smsd[997831]: INFO:root:mme non_eps_service_config is not SMS_ORC8R, sleeping.
Mar 10 19:30:53 localhost sctpd[998018]: I0310 19:30:53.168089 998500 sctp_connection.cpp:167] HandleClientSock sd = 71
Mar 10 19:30:53 localhost sctpd[998018]: I0310 19:30:53.168150 998500 sctp_connection.cpp:220] [sd:71] msg of len 42 on 4110:0
Mar 10 19:30:53 localhost sctpd[998018]: I0310 19:30:53.169869 998496 sctpd_downlink_impl.cpp:76] SctpdDownlinkImpl::SendDl starting
Mar 10 19:30:53 localhost sctpd[998018]: I0310 19:30:53.170358 998500 sctp_connection.cpp:167] HandleClientSock sd = 71
Mar 10 19:30:53 localhost sctpd[998018]: I0310 19:30:53.170384 998500 sctp_connection.cpp:193] Unhandled notification type 32777
Mar 10 19:30:53 localhost sctpd[998018]: I0310 19:30:53.280651 998500 sctp_connection.cpp:167] HandleClientSock sd = 72
Mar 10 19:30:53 localhost sctpd[998018]: I0310 19:30:53.280768 998500 sctp_connection.cpp:220] [sd:72] msg of len 42 on 4111:0
Mar 10 19:30:53 localhost sctpd[998018]: I0310 19:30:53.282855 998023 sctpd_downlink_impl.cpp:76] SctpdDownlinkImpl::SendDl starting
Mar 10 19:30:53 localhost sctpd[998018]: I0310 19:30:53.283581 998500 sctp_connection.cpp:167] HandleClientSock sd = 72
Mar 10 19:30:53 localhost sctpd[998018]: I0310 19:30:53.283643 998500 sctp_connection.cpp:193] Unhandled notification type 32777
Mar 10 19:30:53 localhost sctpd[998018]: I0310 19:30:53.395584 998500 sctp_connection.cpp:167] HandleClientSock sd = 72
Mar 10 19:30:53 localhost sctpd[998018]: I0310 19:30:53.395697 998500 sctp_connection.cpp:220] [sd:72] msg of len 88 on 4111:1
Mar 10 19:30:53 localhost sctpd[998018]: I0310 19:30:53.412554 998023 sctpd_downlink_impl.cpp:76] SctpdDownlinkImpl::SendDl starting
Mar 10 19:30:53 localhost sctpd[998018]: I0310 19:30:53.509805 998500 sctp_connection.cpp:167] HandleClientSock sd = 72
Mar 10 19:30:53 localhost sctpd[998018]: I0310 19:30:53.509918 998500 sctp_connection.cpp:193] Unhandled notification type 32777
Mar 10 19:30:53 localhost sctpd[998018]: I0310 19:30:53.509938 998500 sctp_connection.cpp:167] HandleClientSock sd = 72
Mar 10 19:30:53 localhost sctpd[998018]: I0310 19:30:53.509961 998500 sctp_connection.cpp:220] [sd:72] msg of len 67 on 4111:1
Mar 10 19:30:53 localhost sctpd[998018]: I0310 19:30:53.515065 998023 sctpd_downlink_impl.cpp:76] SctpdDownlinkImpl::SendDl starting
Mar 10 19:30:53 localhost sctpd[998018]: I0310 19:30:53.624752 998500 sctp_connection.cpp:167] HandleClientSock sd = 72
Mar 10 19:30:53 localhost sctpd[998018]: I0310 19:30:53.624869 998500 sctp_connection.cpp:193] Unhandled notification type 32777
Mar 10 19:30:53 localhost sctpd[998018]: I0310 19:30:53.624891 998500 sctp_connection.cpp:167] HandleClientSock sd = 72
Mar 10 19:30:53 localhost sctpd[998018]: I0310 19:30:53.624913 998500 sctp_connection.cpp:220] [sd:72] msg of len 56 on 4111:1
Mar 10 19:30:53 localhost mme[998439]: [DEBUG] Sending S6A-UPDATE_LOCATION_REQUEST with IMSI: 222700000000001
Mar 10 19:30:53 localhost sctpd[998018]: I0310 19:30:53.631269 998023 sctpd_downlink_impl.cpp:76] SctpdDownlinkImpl::SendDl starting
Mar 10 19:30:53 localhost mme[998439]: [INFO] Received S6A-LOCATION-UPDATE_ANSWER for IMSI: 222700000000001; Status: ; StatusCode: 2001
Mar 10 19:30:53 localhost mme[998439]: [INFO] sent itti S6A-LOCATION-UPDATE_ANSWER for IMSI: 222700000000001
Mar 10 19:30:53 localhost sctpd[998018]: I0310 19:30:53.744231 998500 sctp_connection.cpp:167] HandleClientSock sd = 72
Mar 10 19:30:53 localhost sctpd[998018]: I0310 19:30:53.744340 998500 sctp_connection.cpp:193] Unhandled notification type 32777
Mar 10 19:30:53 localhost sctpd[998018]: I0310 19:30:53.744359 998500 sctp_connection.cpp:167] HandleClientSock sd = 72
Mar 10 19:30:53 localhost sctpd[998018]: I0310 19:30:53.744379 998500 sctp_connection.cpp:220] [sd:72] msg of len 22 on 4111:1
Mar 10 19:30:53 localhost sctpd[998018]: I0310 19:30:53.951259 998500 sctp_connection.cpp:167] HandleClientSock sd = 72
Mar 10 19:30:53 localhost sctpd[998018]: I0310 19:30:53.951385 998500 sctp_connection.cpp:220] [sd:72] msg of len 56 on 4111:1
Mar 10 19:30:55 localhost dnsmasq-dhcp[997925]: DHCPDISCOVER(eth1) fa:16:3e:2a:89:3f 
Mar 10 19:30:55 localhost dnsmasq-dhcp[997925]: DHCPOFFER(eth1) 172.16.7.251 fa:16:3e:2a:89:3f 
Mar 10 19:30:55 localhost sctpd[998018]: I0310 19:30:55.965698 998500 sctp_connection.cpp:167] HandleClientSock sd = 72
Mar 10 19:30:55 localhost sctpd[998018]: I0310 19:30:55.965811 998500 sctp_connection.cpp:220] [sd:72] msg of len 82 on 4111:1
Mar 10 19:30:55 localhost mobilityd[997744]: INFO:root:Allocating the same IP 192.168.128.23 for sid IMSI222700000000001.default,ipv4
Mar 10 19:30:55 localhost mobilityd[997744]: INFO:root:Allocated IP 192.168.128.23 for sid IMSI222700000000001 for apn default
Mar 10 19:30:55 localhost policydb[997798]: INFO:root:Creating a session for subscriber ID: IMSI222700000000001
Mar 10 19:30:55 localhost sessiond[997753]: I0310 19:30:55.984218 997753 SetMessageManagerHandler.cpp:333] Processing a CreateSessionResponse for IMSI222700000000001-97017
Mar 10 19:30:55 localhost sessiond[997753]: I0310 19:30:55.984372 997753 SessionState.cpp:2774] RuleID allowlist_sid-IMSI222700000000001-default doesn't have a version registered for IMSI222700000000001-97017, this is unexpected
Mar 10 19:30:55 localhost mme[998439]: PDUSessionResourceSetupRequestTransfer ::= {
Mar 10 19:30:55 localhost mme[998439]:     protocolIEs: ProtocolIE-Container ::= {
Mar 10 19:30:55 localhost mme[998439]:         PDUSessionResourceSetupRequestTransferIEs ::= {
Mar 10 19:30:55 localhost mme[998439]:             id: 130
Mar 10 19:30:55 localhost mme[998439]:             criticality: 0 (reject)
Mar 10 19:30:55 localhost mme[998439]:             value: PDUSessionAggregateMaximumBitRate ::= {
Mar 10 19:30:55 localhost mme[998439]:                 pDUSessionAggregateMaximumBitRateDL: 100000000
Mar 10 19:30:55 localhost mme[998439]:                 pDUSessionAggregateMaximumBitRateUL: 100000000
Mar 10 19:30:55 localhost mme[998439]:             }
Mar 10 19:30:55 localhost mme[998439]:         }
Mar 10 19:30:55 localhost mme[998439]:         PDUSessionResourceSetupRequestTransferIEs ::= {
Mar 10 19:30:55 localhost mme[998439]:             id: 139
Mar 10 19:30:55 localhost mme[998439]:             criticality: 0 (reject)
Mar 10 19:30:55 localhost mme[998439]:             value: GTPTunnel ::= {
Mar 10 19:30:55 localhost mme[998439]:                 transportLayerAddress: AC 10 05 79
Mar 10 19:30:55 localhost mme[998439]:                 gTP-TEID: 80 00 00 07
Mar 10 19:30:55 localhost mme[998439]:             }
Mar 10 19:30:55 localhost mme[998439]:         }
Mar 10 19:30:55 localhost mme[998439]:         PDUSessionResourceSetupRequestTransferIEs ::= {
Mar 10 19:30:55 localhost mme[998439]:             id: 134
Mar 10 19:30:55 localhost mme[998439]:             criticality: 0 (reject)
Mar 10 19:30:55 localhost mme[998439]:             value: 0 (ipv4)
Mar 10 19:30:55 localhost mme[998439]:         }
Mar 10 19:30:55 localhost mme[998439]:         PDUSessionResourceSetupRequestTransferIEs ::= {
Mar 10 19:30:55 localhost mme[998439]:             id: 136
Mar 10 19:30:55 localhost mme[998439]:             criticality: 0 (reject)
Mar 10 19:30:55 localhost mme[998439]:             value: QosFlowSetupRequestList ::= {
Mar 10 19:30:55 localhost mme[998439]:                 QosFlowSetupRequestItem ::= {
Mar 10 19:30:55 localhost mme[998439]:                     qosFlowIdentifier: 9
Mar 10 19:30:55 localhost mme[998439]:                     qosFlowLevelQosParameters: QosFlowLevelQosParameters ::= {
Mar 10 19:30:55 localhost mme[998439]:                         qosCharacteristics: NonDynamic5QIDescriptor ::= {
Mar 10 19:30:55 localhost mme[998439]:                             fiveQI: 9
Mar 10 19:30:55 localhost mme[998439]:                         }
Mar 10 19:30:55 localhost mme[998439]:                         allocationAndRetentionPriority: AllocationAndRetentionPriority ::= {
Mar 10 19:30:55 localhost mme[998439]:                             priorityLevelARP: 15
Mar 10 19:30:55 localhost mme[998439]:                             pre-emptionCapability: 0 (shall-not-trigger-pre-emption)
Mar 10 19:30:55 localhost mme[998439]:                             pre-emptionVulnerability: 0 (not-pre-emptable)
Mar 10 19:30:55 localhost mme[998439]:                         }
Mar 10 19:30:55 localhost mme[998439]:                     }
Mar 10 19:30:55 localhost mme[998439]:                 }
Mar 10 19:30:55 localhost mme[998439]:             }
Mar 10 19:30:55 localhost mme[998439]:         }
Mar 10 19:30:55 localhost mme[998439]:     }
Mar 10 19:30:55 localhost mme[998439]: }
Mar 10 19:30:55 localhost sctpd[998018]: I0310 19:30:55.987597 998023 sctpd_downlink_impl.cpp:76] SctpdDownlinkImpl::SendDl starting
Mar 10 19:30:56 localhost sctpd[998018]: I0310 19:30:56.076372 998500 sctp_connection.cpp:167] HandleClientSock sd = 72
Mar 10 19:30:56 localhost sctpd[998018]: I0310 19:30:56.076470 998500 sctp_connection.cpp:193] Unhandled notification type 32777
Mar 10 19:30:56 localhost sctpd[998018]: I0310 19:30:56.076489 998500 sctp_connection.cpp:167] HandleClientSock sd = 72
Mar 10 19:30:56 localhost sctpd[998018]: I0310 19:30:56.076511 998500 sctp_connection.cpp:220] [sd:72] msg of len 43 on 4111:1
Mar 10 19:30:56 localhost sessiond[997753]: I0310 19:30:56.078976 997753 SessionStateEnforcer.cpp:869]  AMF teid: 40000000 ip address 10.10.10.11 of imsi: IMSI222700000000001 fteid: 2147483655 pdu id: 1 UE ip address 192.168.128.23
Mar 10 19:30:56 localhost eventd[997829]: DEBUG:root:Logging event: stream_name: "sessiond"
Mar 10 19:30:56 localhost eventd[997829]: event_type: "session_created"
Mar 10 19:30:56 localhost eventd[997829]: tag: "IMSI222700000000001"
Mar 10 19:30:56 localhost eventd[997829]: value: "{\"mac_addr\":\"\",\"user_location\":\"\",\"spgw_ip\":\"\",\"imei\":\"\",\"pdp_start_time\":94033795079888,\"session_id\":\"IMSI222700000000001-97017\",\"apn\":\"default\",\"msisdn\":\"\",\"charging_characteristics\":\"\",\"ipv6_addr\":\"\",\"ip_addr\":\"192.168.128.23\",\"imsi\":\"IMSI222700000000001\"}"
Mar 10 19:30:56 localhost eventd[997829]: ERROR:root:Connection to FluentBit failed: [Errno 111] Connection refused
Mar 10 19:30:56 localhost eventd[997829]: INFO:root:FluentBit (td-agent-bit) may not be enabled or configured correctly
Mar 10 19:30:56 localhost sessiond[997753]: I0310 19:30:56.083987 997782 SessionEvents.cpp:131] Could not log session_created event {"mac_addr":"","user_location":"","spgw_ip":"","imei":"","pdp_start_time":94033795079888,"session_id":"IMSI222700000000001-97017","apn":"default","msisdn":"","charging_characteristics":"","ipv6_addr":"","ip_addr":"192.168.128.23","imsi":"IMSI222700000000001"}, Error Message: Could not connect to FluentBit locally, Details: [Errno 111] Connection refused
Mar 10 19:30:57 localhost smsd[997831]: INFO:root:mme non_eps_service_config is not SMS_ORC8R, sleeping.
Mar 10 19:30:58 localhost sctpd[998018]: I0310 19:30:58.287668 998500 sctp_connection.cpp:167] HandleClientSock sd = 72
Mar 10 19:30:58 localhost sctpd[998018]: I0310 19:30:58.287778 998500 sctp_connection.cpp:220] [sd:72] msg of len 74 on 4111:1
Mar 10 19:30:58 localhost mme[998439]: InitiatingMessage ::= {
Mar 10 19:30:58 localhost mme[998439]:     procedureCode: 28
Mar 10 19:30:58 localhost mme[998439]:     criticality: 1 (ignore)
Mar 10 19:30:58 localhost mme[998439]:     value: PDUSessionResourceReleaseCommand ::= {
Mar 10 19:30:58 localhost mme[998439]:         protocolIEs: ProtocolIE-Container ::= {
Mar 10 19:30:58 localhost mme[998439]:             PDUSessionResourceReleaseCommandIEs ::= {
Mar 10 19:30:58 localhost mme[998439]:                 id: 10
Mar 10 19:30:58 localhost mme[998439]:                 criticality: 0 (reject)
Mar 10 19:30:58 localhost mme[998439]:                 value: 63
Mar 10 19:30:58 localhost mme[998439]:             }
Mar 10 19:30:58 localhost mme[998439]:             PDUSessionResourceReleaseCommandIEs ::= {
Mar 10 19:30:58 localhost mme[998439]:                 id: 85
Mar 10 19:30:58 localhost mme[998439]:                 criticality: 0 (reject)
Mar 10 19:30:58 localhost mme[998439]:                 value: 4294967295
Mar 10 19:30:58 localhost mme[998439]:             }
Mar 10 19:30:58 localhost mme[998439]:             PDUSessionResourceReleaseCommandIEs ::= {
Mar 10 19:30:58 localhost mme[998439]:                 id: 38
Mar 10 19:30:58 localhost mme[998439]:                 criticality: 0 (reject)
Mar 10 19:30:58 localhost mme[998439]:                 value:
Mar 10 19:30:58 localhost mme[998439]:                     7E 01 46 05 82 FB 03 7E 00 68 01 00 05 2E 01 01
Mar 10 19:30:58 localhost mme[998439]:                     D3 24 12 01
Mar 10 19:30:58 localhost mme[998439]:             }
Mar 10 19:30:58 localhost mme[998439]:             PDUSessionResourceReleaseCommandIEs ::= {
Mar 10 19:30:58 localhost mme[998439]:                 id: 79
Mar 10 19:30:58 localhost mme[998439]:                 criticality: 0 (reject)
Mar 10 19:30:58 localhost mme[998439]:                 value: PDUSessionResourceToReleaseListRelCmd ::= {
Mar 10 19:30:58 localhost mme[998439]:                 }
Mar 10 19:30:58 localhost mme[998439]:             }
Mar 10 19:30:58 localhost mme[998439]:         }
Mar 10 19:30:58 localhost mme[998439]:     }
Mar 10 19:30:58 localhost mme[998439]: }
Mar 10 19:30:58 localhost sctpd[998018]: I0310 19:30:58.292534 998023 sctpd_downlink_impl.cpp:76] SctpdDownlinkImpl::SendDl starting
Mar 10 19:30:58 localhost sctpd[998018]: I0310 19:30:58.346817 998500 sctp_connection.cpp:167] HandleClientSock sd = 72
Mar 10 19:30:58 localhost sctpd[998018]: I0310 19:30:58.346904 998500 sctp_connection.cpp:193] Unhandled notification type 32777
Mar 10 19:30:58 localhost sctpd[998018]: I0310 19:30:58.346923 998500 sctp_connection.cpp:167] HandleClientSock sd = 72
Mar 10 19:30:58 localhost sctpd[998018]: I0310 19:30:58.346943 998500 sctp_connection.cpp:220] [sd:72] msg of len 70 on 4111:1
Mar 10 19:31:02 localhost smsd[997831]: INFO:root:mme non_eps_service_config is not SMS_ORC8R, sleeping.
Mar 10 19:31:05 localhost dnsmasq-dhcp[997925]: DHCPDISCOVER(eth1) fa:16:3e:2a:89:3f 
Mar 10 19:31:05 localhost dnsmasq-dhcp[997925]: DHCPOFFER(eth1) 172.16.7.251 fa:16:3e:2a:89:3f 
Mar 10 19:31:07 localhost smsd[997831]: INFO:root:mme non_eps_service_config is not SMS_ORC8R, sleeping.
Mar 10 19:31:08 localhost dhclient[601]: DHCPREQUEST for 172.16.5.121 on eth1 to 255.255.255.255 port 67 (xid=0x4b4058b5)
Mar 10 19:31:12 localhost mobilityd[997744]: INFO:root:Using GW info: {'default': {2: ('172.16.4.1', 'eth0')}, 2: [('172.16.4.1', 'eth0', True)]}
Mar 10 19:31:12 localhost mobilityd[997744]: INFO:root:GW-v6 probe: timer started
Mar 10 19:31:12 localhost smsd[997831]: INFO:root:mme non_eps_service_config is not SMS_ORC8R, sleeping.
Mar 10 19:31:13 localhost magmad[997674]: INFO:root:[SyncRPC] Got heartBeat from cloud
Mar 10 19:31:14 localhost sctpd[998018]: I0310 19:31:14.309955 998023 sctpd_downlink_impl.cpp:76] SctpdDownlinkImpl::SendDl starting
Mar 10 19:31:14 localhost sctpd[998018]: I0310 19:31:14.511683 998500 sctp_connection.cpp:167] HandleClientSock sd = 72
Mar 10 19:31:14 localhost sctpd[998018]: I0310 19:31:14.511745 998500 sctp_connection.cpp:193] Unhandled notification type 32777
Mar 10 19:31:17 localhost smsd[997831]: INFO:root:mme non_eps_service_config is not SMS_ORC8R, sleeping.
Mar 10 19:31:17 localhost dhclient[601]: DHCPREQUEST for 172.16.5.121 on eth1 to 255.255.255.255 port 67 (xid=0x4b4058b5)
Mar 10 19:31:19 localhost dnsmasq-dhcp[997925]: DHCPDISCOVER(eth1) fa:16:3e:2a:89:3f 
Mar 10 19:31:19 localhost dnsmasq-dhcp[997925]: DHCPOFFER(eth1) 172.16.7.251 fa:16:3e:2a:89:3f 
Mar 10 19:31:22 localhost smsd[997831]: INFO:root:mme non_eps_service_config is not SMS_ORC8R, sleeping.
Mar 10 19:31:25 localhost magmad[997674]: INFO:root:Setting logging level to INFO
Mar 10 19:31:27 localhost dnsmasq-dhcp[997925]: DHCPDISCOVER(eth1) fa:16:3e:2a:89:3f 
Mar 10 19:31:27 localhost dnsmasq-dhcp[997925]: DHCPOFFER(eth1) 172.16.7.251 fa:16:3e:2a:89:3f 
Mar 10 19:31:27 localhost dhclient[601]: DHCPREQUEST for 172.16.5.121 on eth1 to 255.255.255.255 port 67 (xid=0x4b4058b5)
Mar 10 19:31:27 localhost smsd[997831]: INFO:root:mme non_eps_service_config is not SMS_ORC8R, sleeping.
Mar 10 19:31:30 localhost sctpd[998018]: I0310 19:31:30.313751 998496 sctpd_downlink_impl.cpp:76] SctpdDownlinkImpl::SendDl starting
Mar 10 19:31:30 localhost sctpd[998018]: I0310 19:31:30.515763 998500 sctp_connection.cpp:167] HandleClientSock sd = 72
Mar 10 19:31:30 localhost sctpd[998018]: I0310 19:31:30.515877 998500 sctp_connection.cpp:193] Unhandled notification type 32777
Mar 10 19:31:32 localhost mobilityd[997744]: INFO:root:Using GW info: {'default': {2: ('172.16.4.1', 'eth0')}, 2: [('172.16.4.1', 'eth0', True)]}
Mar 10 19:31:32 localhost mobilityd[997744]: INFO:root:GW-v6 probe: timer started
Mar 10 19:31:32 localhost smsd[997831]: INFO:root:mme non_eps_service_config is not SMS_ORC8R, sleeping.
Mar 10 19:31:34 localhost dhclient[601]: DHCPREQUEST for 172.16.5.121 on eth1 to 255.255.255.255 port 67 (xid=0x4b4058b5)
Mar 10 19:31:36 localhost control_proxy[997910]: 2022-03-10T19:31:36.200Z [127.0.0.1 -> streamer-controller.magmasi.wavelabs.in,8443] "POST /magma.orc8r.Streamer/GetUpdates HTTP/2" 200 91bytes 0.527s
Mar 10 19:31:36 localhost policydb[997798]: INFO:root:Processing 2 policy updates (resync=True)
Mar 10 19:31:37 localhost control_proxy[997910]: 2022-03-10T19:31:36.200Z [127.0.0.1 -> streamer-controller.magmasi.wavelabs.in,8443] "POST /magma.orc8r.Streamer/GetUpdates HTTP/2" 200 7bytes 0.271s
Mar 10 19:31:37 localhost policydb[997798]: INFO:root:Processing 0 basename -> policy updates
Mar 10 19:31:37 localhost control_proxy[997910]: 2022-03-10T19:31:37.006Z [127.0.0.1 -> streamer-controller.magmasi.wavelabs.in,8443] "POST /magma.orc8r.Streamer/GetUpdates HTTP/2" 200 5113bytes 0.293s
Mar 10 19:31:37 localhost policydb[997798]: INFO:root:Processing 222 SID -> apn -> policy updates
Mar 10 19:31:37 localhost control_proxy[997910]: 2022-03-10T19:31:37.006Z [127.0.0.1 -> streamer-controller.magmasi.wavelabs.in,8443] "POST /magma.orc8r.Streamer/GetUpdates HTTP/2" 200 7bytes 0.265s
Mar 10 19:31:37 localhost policydb[997798]: INFO:root:Processing 0 rating group updates
Mar 10 19:31:37 localhost smsd[997831]: INFO:root:mme non_eps_service_config is not SMS_ORC8R, sleeping.
Mar 10 19:31:37 localhost dnsmasq-dhcp[997925]: DHCPDISCOVER(eth1) fa:16:3e:2a:89:3f 
Mar 10 19:31:37 localhost dnsmasq-dhcp[997925]: DHCPOFFER(eth1) 172.16.7.251 fa:16:3e:2a:89:3f 
Mar 10 19:31:42 localhost smsd[997831]: INFO:root:mme non_eps_service_config is not SMS_ORC8R, sleeping.
Mar 10 19:31:43 localhost magmad[997674]: ERROR:root:Metrics upload error for service subscriberdb (chunk 0)! [StatusCode.DEADLINE_EXCEEDED] Deadline Exceeded
Mar 10 19:31:43 localhost magmad[997674]: ERROR:root:Metrics upload error for service mobilityd (chunk 0)! [StatusCode.DEADLINE_EXCEEDED] Deadline Exceeded
Mar 10 19:31:43 localhost magmad[997674]: ERROR:root:Metrics upload error for service mme (chunk 0)! [StatusCode.DEADLINE_EXCEEDED] Deadline Exceeded
Mar 10 19:31:43 localhost magmad[997674]: ERROR:root:Metrics upload error for service magmad (chunk 0)! [StatusCode.DEADLINE_EXCEEDED] Deadline Exceeded
Mar 10 19:31:43 localhost magmad[997674]: ERROR:root:Metrics upload error for service enodebd (chunk 0)! [StatusCode.DEADLINE_EXCEEDED] Deadline Exceeded
Mar 10 19:31:43 localhost magmad[997674]: ERROR:root:Metrics upload error for service pipelined (chunk 0)! [StatusCode.DEADLINE_EXCEEDED] Deadline Exceeded
Mar 10 19:31:43 localhost magmad[997674]: ERROR:root:Metrics upload error for service state (chunk 0)! [StatusCode.DEADLINE_EXCEEDED] Deadline Exceeded
Mar 10 19:31:43 localhost magmad[997674]: ERROR:root:Metrics upload error for service sessiond (chunk 0)! [StatusCode.DEADLINE_EXCEEDED] Deadline Exceeded
Mar 10 19:31:43 localhost magmad[997674]: INFO:root:Checking for upgrade...
Mar 10 19:31:43 localhost magmad[997674]: WARNING:root:magmad package_version config missing or set to default 0.0.0-0, skipping upgrade
Mar 10 19:31:44 localhost control_proxy[997910]: 2022-03-10T19:31:43.935Z [127.0.0.1 -> state-controller.magmasi.wavelabs.in,8443] "POST /magma.orc8r.StateService/ReportStates HTTP/2" 200 5bytes 0.272s
Mar 10 19:31:44 localhost magmad[997674]: INFO:root:Checkin Successful! Successfully sent states to the cloud!
Mar 10 19:31:46 localhost sctpd[998018]: I0310 19:31:46.329967 998496 sctpd_downlink_impl.cpp:76] SctpdDownlinkImpl::SendDl starting
Mar 10 19:31:46 localhost sctpd[998018]: I0310 19:31:46.531659 998500 sctp_connection.cpp:167] HandleClientSock sd = 72
Mar 10 19:31:46 localhost sctpd[998018]: I0310 19:31:46.531764 998500 sctp_connection.cpp:193] Unhandled notification type 32777
Mar 10 19:31:47 localhost smsd[997831]: INFO:root:mme non_eps_service_config is not SMS_ORC8R, sleeping.
Mar 10 19:31:49 localhost dhclient[601]: DHCPREQUEST for 172.16.5.121 on eth1 to 255.255.255.255 port 67 (xid=0x4b4058b5)
Mar 10 19:31:51 localhost dnsmasq-dhcp[997925]: DHCPDISCOVER(eth1) fa:16:3e:2a:89:3f 
Mar 10 19:31:51 localhost dnsmasq-dhcp[997925]: DHCPOFFER(eth1) 172.16.7.251 fa:16:3e:2a:89:3f 
Mar 10 19:31:52 localhost mobilityd[997744]: INFO:root:Using GW info: {'default': {2: ('172.16.4.1', 'eth0')}, 2: [('172.16.4.1', 'eth0', True)]}
Mar 10 19:31:52 localhost mobilityd[997744]: INFO:root:GW-v6 probe: timer started
Mar 10 19:31:52 localhost smsd[997831]: INFO:root:mme non_eps_service_config is not SMS_ORC8R, sleeping.
Mar 10 19:31:57 localhost smsd[997831]: INFO:root:mme non_eps_service_config is not SMS_ORC8R, sleeping.
Mar 10 19:31:59 localhost dnsmasq-dhcp[997925]: DHCPDISCOVER(eth1) fa:16:3e:2a:89:3f 
Mar 10 19:31:59 localhost dnsmasq-dhcp[997925]: DHCPOFFER(eth1) 172.16.7.251 fa:16:3e:2a:89:3f 
Mar 10 19:32:02 localhost sctpd[998018]: I0310 19:32:02.348764 998023 sctpd_downlink_impl.cpp:76] SctpdDownlinkImpl::SendDl starting
Mar 10 19:32:02 localhost sctpd[998018]: I0310 19:32:02.551748 998500 sctp_connection.cpp:167] HandleClientSock sd = 72
Mar 10 19:32:02 localhost sctpd[998018]: I0310 19:32:02.551863 998500 sctp_connection.cpp:193] Unhandled notification type 32777
