May 13 17:28:29 localhost subscriberdb[403301]: INFO:root:Successfully fetched all subscriber pages from the cloud!
May 13 17:28:30 localhost subscriberdb[403301]: INFO:root:update root digest stored in gateway:
May 13 17:28:32 localhost control_proxy[403480]: 2022-05-13T17:28:32.104Z [127.0.0.1 -> state-controller.magmasi.wavelabs.in,8443] "POST /magma.orc8r.StateService/ReportStates HTTP/2" 200 5bytes 0.334s
May 13 17:28:32 localhost magmad[403231]: INFO:root:Checkin Successful! Successfully sent states to the cloud!
May 13 17:28:33 localhost smsd[403400]: INFO:root:mme non_eps_service_config is not SMS_ORC8R, sleeping.
May 13 17:28:39 localhost smsd[403400]: INFO:root:mme non_eps_service_config is not SMS_ORC8R, sleeping.
May 13 17:28:42 localhost mobilityd[403303]: INFO:root:Using GW info: {'default': {2: ('172.16.4.1', 'eth0')}, 2: [('172.16.4.1', 'eth0', True)]}
May 13 17:28:42 localhost mobilityd[403303]: INFO:root:GW-v6 probe: timer started
May 13 17:28:44 localhost smsd[403400]: INFO:root:mme non_eps_service_config is not SMS_ORC8R, sleeping.
May 13 17:28:49 localhost smsd[403400]: INFO:root:mme non_eps_service_config is not SMS_ORC8R, sleeping.
May 13 17:28:50 localhost control_proxy[403480]: 2022-05-13T17:28:49.686Z [127.0.0.1 -> streamer-controller.magmasi.wavelabs.in,8443] "POST /magma.orc8r.Streamer/GetUpdates HTTP/2" 200 173bytes 0.519s
May 13 17:28:50 localhost policydb[403377]: INFO:root:Processing 4 policy updates (resync=True)
May 13 17:28:50 localhost sctpd[403589]: I0513 17:28:50.366645 404075 sctp_connection.cpp:195] Unhandled notification type 32776
May 13 17:28:50 localhost control_proxy[403480]: 2022-05-13T17:28:50.208Z [127.0.0.1 -> streamer-controller.magmasi.wavelabs.in,8443] "POST /magma.orc8r.Streamer/GetUpdates HTTP/2" 200 7bytes 0.267s
May 13 17:28:50 localhost policydb[403377]: INFO:root:Processing 0 basename -> policy updates
May 13 17:28:50 localhost control_proxy[403480]: 2022-05-13T17:28:50.208Z [127.0.0.1 -> streamer-controller.magmasi.wavelabs.in,8443] "POST /magma.orc8r.Streamer/GetUpdates HTTP/2" 200 13536bytes 0.290s
May 13 17:28:50 localhost policydb[403377]: INFO:root:Processing 223 SID -> apn -> policy updates
May 13 17:28:51 localhost control_proxy[403480]: 2022-05-13T17:28:50.208Z [127.0.0.1 -> streamer-controller.magmasi.wavelabs.in,8443] "POST /magma.orc8r.Streamer/GetUpdates HTTP/2" 200 7bytes 0.284s
May 13 17:28:51 localhost policydb[403377]: INFO:root:Processing 0 rating group updates
May 13 17:28:54 localhost smsd[403400]: INFO:root:mme non_eps_service_config is not SMS_ORC8R, sleeping.
May 13 17:28:59 localhost smsd[403400]: INFO:root:mme non_eps_service_config is not SMS_ORC8R, sleeping.
May 13 17:29:02 localhost magmad[403231]: ERROR:root:Metrics upload error for service subscriberdb (chunk 0)! [StatusCode.DEADLINE_EXCEEDED] Deadline Exceeded
May 13 17:29:02 localhost magmad[403231]: ERROR:root:Metrics upload error for service mobilityd (chunk 0)! [StatusCode.DEADLINE_EXCEEDED] Deadline Exceeded
May 13 17:29:02 localhost magmad[403231]: ERROR:root:Metrics upload error for service mme (chunk 0)! [StatusCode.DEADLINE_EXCEEDED] Deadline Exceeded
May 13 17:29:02 localhost magmad[403231]: ERROR:root:Metrics upload error for service magmad (chunk 0)! [StatusCode.DEADLINE_EXCEEDED] Deadline Exceeded
May 13 17:29:02 localhost magmad[403231]: ERROR:root:Metrics upload error for service enodebd (chunk 0)! [StatusCode.DEADLINE_EXCEEDED] Deadline Exceeded
May 13 17:29:02 localhost magmad[403231]: ERROR:root:Metrics upload error for service pipelined (chunk 0)! [StatusCode.DEADLINE_EXCEEDED] Deadline Exceeded
May 13 17:29:02 localhost magmad[403231]: ERROR:root:Metrics upload error for service state (chunk 0)! [StatusCode.DEADLINE_EXCEEDED] Deadline Exceeded
May 13 17:29:02 localhost magmad[403231]: ERROR:root:Metrics upload error for service sessiond (chunk 0)! [StatusCode.DEADLINE_EXCEEDED] Deadline Exceeded
May 13 17:29:02 localhost mobilityd[403303]: INFO:root:Using GW info: {'default': {2: ('172.16.4.1', 'eth0')}, 2: [('172.16.4.1', 'eth0', True)]}
May 13 17:29:02 localhost mobilityd[403303]: INFO:root:GW-v6 probe: timer started
May 13 17:29:04 localhost smsd[403400]: INFO:root:mme non_eps_service_config is not SMS_ORC8R, sleeping.
May 13 17:29:09 localhost smsd[403400]: INFO:root:mme non_eps_service_config is not SMS_ORC8R, sleeping.
May 13 17:29:12 localhost sctpd[403589]: I0513 17:29:12.408910 404075 sctp_connection.cpp:195] Unhandled notification type 32776
May 13 17:29:14 localhost smsd[403400]: INFO:root:mme non_eps_service_config is not SMS_ORC8R, sleeping.
May 13 17:29:19 localhost smsd[403400]: INFO:root:mme non_eps_service_config is not SMS_ORC8R, sleeping.
May 13 17:29:22 localhost mobilityd[403303]: INFO:root:Using GW info: {'default': {2: ('172.16.4.1', 'eth0')}, 2: [('172.16.4.1', 'eth0', True)]}
May 13 17:29:22 localhost mobilityd[403303]: INFO:root:GW-v6 probe: timer started
May 13 17:29:22 localhost magmad[403231]: INFO:root:[SyncRPC] Got heartBeat from cloud
May 13 17:29:24 localhost smsd[403400]: INFO:root:mme non_eps_service_config is not SMS_ORC8R, sleeping.
May 13 17:29:29 localhost smsd[403400]: INFO:root:mme non_eps_service_config is not SMS_ORC8R, sleeping.
May 13 17:29:33 localhost magmad[403231]: INFO:root:Setting logging level to INFO
May 13 17:29:34 localhost smsd[403400]: INFO:root:mme non_eps_service_config is not SMS_ORC8R, sleeping.
May 13 17:29:39 localhost smsd[403400]: INFO:root:mme non_eps_service_config is not SMS_ORC8R, sleeping.
May 13 17:29:42 localhost mobilityd[403303]: INFO:root:Using GW info: {'default': {2: ('172.16.4.1', 'eth0')}, 2: [('172.16.4.1', 'eth0', True)]}
May 13 17:29:42 localhost mobilityd[403303]: INFO:root:GW-v6 probe: timer started
May 13 17:29:44 localhost smsd[403400]: INFO:root:mme non_eps_service_config is not SMS_ORC8R, sleeping.
May 13 17:29:46 localhost sctpd[403589]: I0513 17:29:46.518607 404075 sctp_connection.cpp:195] Unhandled notification type 32776
May 13 17:29:49 localhost smsd[403400]: INFO:root:mme non_eps_service_config is not SMS_ORC8R, sleeping.
May 13 17:29:51 localhost control_proxy[403480]: 2022-05-13T17:29:51.105Z [127.0.0.1 -> streamer-controller.magmasi.wavelabs.in,8443] "POST /magma.orc8r.Streamer/GetUpdates HTTP/2" 200 173bytes 0.527s
May 13 17:29:51 localhost policydb[403377]: INFO:root:Processing 4 policy updates (resync=True)
May 13 17:29:51 localhost control_proxy[403480]: 2022-05-13T17:29:51.105Z [127.0.0.1 -> streamer-controller.magmasi.wavelabs.in,8443] "POST /magma.orc8r.Streamer/GetUpdates HTTP/2" 200 7bytes 0.264s
May 13 17:29:51 localhost policydb[403377]: INFO:root:Processing 0 basename -> policy updates
May 13 17:29:51 localhost control_proxy[403480]: 2022-05-13T17:29:51.105Z [127.0.0.1 -> state-controller.magmasi.wavelabs.in,8443] "POST /magma.orc8r.StateService/ReportStates HTTP/2" 200 5bytes 0.262s
May 13 17:29:52 localhost magmad[403231]: INFO:root:Checkin Successful! Successfully sent states to the cloud!
May 13 17:29:52 localhost control_proxy[403480]: 2022-05-13T17:29:51.105Z [127.0.0.1 -> streamer-controller.magmasi.wavelabs.in,8443] "POST /magma.orc8r.Streamer/GetUpdates HTTP/2" 200 13536bytes 0.298s
May 13 17:29:52 localhost policydb[403377]: INFO:root:Processing 223 SID -> apn -> policy updates
May 13 17:29:52 localhost control_proxy[403480]: 2022-05-13T17:29:52.207Z [127.0.0.1 -> streamer-controller.magmasi.wavelabs.in,8443] "POST /magma.orc8r.Streamer/GetUpdates HTTP/2" 200 7bytes 0.283s
May 13 17:29:52 localhost policydb[403377]: INFO:root:Processing 0 rating group updates
May 13 17:29:54 localhost smsd[403400]: INFO:root:mme non_eps_service_config is not SMS_ORC8R, sleeping.
May 13 17:29:59 localhost smsd[403400]: INFO:root:mme non_eps_service_config is not SMS_ORC8R, sleeping.
May 13 17:30:02 localhost magmad[403231]: ERROR:root:Metrics upload error for service subscriberdb (chunk 0)! [StatusCode.DEADLINE_EXCEEDED] Deadline Exceeded
May 13 17:30:02 localhost magmad[403231]: ERROR:root:Metrics upload error for service mobilityd (chunk 0)! [StatusCode.DEADLINE_EXCEEDED] Deadline Exceeded
May 13 17:30:02 localhost magmad[403231]: ERROR:root:Metrics upload error for service mme (chunk 0)! [StatusCode.DEADLINE_EXCEEDED] Deadline Exceeded
May 13 17:30:02 localhost magmad[403231]: ERROR:root:Metrics upload error for service magmad (chunk 0)! [StatusCode.DEADLINE_EXCEEDED] Deadline Exceeded
May 13 17:30:02 localhost magmad[403231]: ERROR:root:Metrics upload error for service enodebd (chunk 0)! [StatusCode.DEADLINE_EXCEEDED] Deadline Exceeded
May 13 17:30:02 localhost mobilityd[403303]: INFO:root:Using GW info: {'default': {2: ('172.16.4.1', 'eth0')}, 2: [('172.16.4.1', 'eth0', True)]}
May 13 17:30:02 localhost mobilityd[403303]: INFO:root:GW-v6 probe: timer started
May 13 17:30:04 localhost smsd[403400]: INFO:root:mme non_eps_service_config is not SMS_ORC8R, sleeping.
May 13 17:30:14 localhost smsd[403400]: message repeated 2 times: [ INFO:root:mme non_eps_service_config is not SMS_ORC8R, sleeping.]
May 13 17:30:14 localhost sctpd[403589]: I0513 17:30:14.722769 404075 sctp_connection.cpp:195] Unhandled notification type 32776
May 13 17:30:19 localhost smsd[403400]: INFO:root:mme non_eps_service_config is not SMS_ORC8R, sleeping.
May 13 17:30:21 localhost magmad[403231]: ERROR:root:Metrics upload error for service pipelined (chunk 0)! [StatusCode.DEADLINE_EXCEEDED] Deadline Exceeded
May 13 17:30:21 localhost magmad[403231]: ERROR:root:Metrics upload error for service state (chunk 0)! [StatusCode.DEADLINE_EXCEEDED] Deadline Exceeded
May 13 17:30:21 localhost magmad[403231]: ERROR:root:Metrics upload error for service sessiond (chunk 0)! [StatusCode.DEADLINE_EXCEEDED] Deadline Exceeded
May 13 17:30:22 localhost mobilityd[403303]: INFO:root:Using GW info: {'default': {2: ('172.16.4.1', 'eth0')}, 2: [('172.16.4.1', 'eth0', True)]}
May 13 17:30:22 localhost mobilityd[403303]: INFO:root:GW-v6 probe: timer started
May 13 17:30:22 localhost magmad[403231]: INFO:root:[SyncRPC] Got heartBeat from cloud
May 13 17:30:24 localhost control_proxy[403480]: 2022-05-13T17:29:24.046Z [127.0.0.1 -> streamer-controller.magmasi.wavelabs.in,8443] "POST /magma.orc8r.Streamer/GetUpdates HTTP/2" 200 0bytes 60.253s
May 13 17:30:24 localhost magmad[403231]: ERROR:root:Error! Streaming from the cloud failed! [StatusCode.ABORTED] error while streaming updates: rpc error: code = DeadlineExceeded desc = context deadline exceeded
May 13 17:30:24 localhost smsd[403400]: INFO:root:mme non_eps_service_config is not SMS_ORC8R, sleeping.
May 13 17:30:39 localhost smsd[403400]: message repeated 3 times: [ INFO:root:mme non_eps_service_config is not SMS_ORC8R, sleeping.]
May 13 17:30:42 localhost mobilityd[403303]: INFO:root:Using GW info: {'default': {2: ('172.16.4.1', 'eth0')}, 2: [('172.16.4.1', 'eth0', True)]}
May 13 17:30:42 localhost mobilityd[403303]: INFO:root:GW-v6 probe: timer started
May 13 17:30:42 localhost sctpd[403589]: I0513 17:30:42.949110 404075 sctp_connection.cpp:195] Unhandled notification type 32776
May 13 17:30:44 localhost smsd[403400]: INFO:root:mme non_eps_service_config is not SMS_ORC8R, sleeping.
May 13 17:30:49 localhost smsd[403400]: INFO:root:mme non_eps_service_config is not SMS_ORC8R, sleeping.
May 13 17:30:52 localhost magmad[403231]: INFO:root:Setting logging level to INFO
May 13 17:30:52 localhost control_proxy[403480]: 2022-05-13T17:30:52.549Z [127.0.0.1 -> streamer-controller.magmasi.wavelabs.in,8443] "POST /magma.orc8r.Streamer/GetUpdates HTTP/2" 200 173bytes 0.294s
May 13 17:30:52 localhost policydb[403377]: INFO:root:Processing 4 policy updates (resync=True)
May 13 17:30:53 localhost control_proxy[403480]: 2022-05-13T17:30:52.549Z [127.0.0.1 -> streamer-controller.magmasi.wavelabs.in,8443] "POST /magma.orc8r.Streamer/GetUpdates HTTP/2" 200 7bytes 0.269s
May 13 17:30:53 localhost policydb[403377]: INFO:root:Processing 0 basename -> policy updates
May 13 17:30:53 localhost control_proxy[403480]: 2022-05-13T17:30:53.118Z [127.0.0.1 -> streamer-controller.magmasi.wavelabs.in,8443] "POST /magma.orc8r.Streamer/GetUpdates HTTP/2" 200 13536bytes 0.316s
May 13 17:30:53 localhost policydb[403377]: INFO:root:Processing 223 SID -> apn -> policy updates
May 13 17:30:53 localhost control_proxy[403480]: 2022-05-13T17:30:53.118Z [127.0.0.1 -> streamer-controller.magmasi.wavelabs.in,8443] "POST /magma.orc8r.Streamer/GetUpdates HTTP/2" 200 7bytes 0.267s
May 13 17:30:53 localhost policydb[403377]: INFO:root:Processing 0 rating group updates
May 13 17:30:54 localhost smsd[403400]: INFO:root:mme non_eps_service_config is not SMS_ORC8R, sleeping.
May 13 17:30:59 localhost smsd[403400]: INFO:root:mme non_eps_service_config is not SMS_ORC8R, sleeping.
May 13 17:31:02 localhost mobilityd[403303]: INFO:root:Using GW info: {'default': {2: ('172.16.4.1', 'eth0')}, 2: [('172.16.4.1', 'eth0', True)]}
May 13 17:31:02 localhost mobilityd[403303]: INFO:root:GW-v6 probe: timer started
May 13 17:31:04 localhost smsd[403400]: INFO:root:mme non_eps_service_config is not SMS_ORC8R, sleeping.
May 13 17:31:09 localhost smsd[403400]: INFO:root:mme non_eps_service_config is not SMS_ORC8R, sleeping.
May 13 17:31:11 localhost magmad[403231]: ERROR:root:Metrics upload error for service subscriberdb (chunk 0)! [StatusCode.DEADLINE_EXCEEDED] Deadline Exceeded
May 13 17:31:11 localhost magmad[403231]: ERROR:root:Metrics upload error for service mobilityd (chunk 0)! [StatusCode.DEADLINE_EXCEEDED] Deadline Exceeded
May 13 17:31:11 localhost magmad[403231]: ERROR:root:Metrics upload error for service mme (chunk 0)! [StatusCode.DEADLINE_EXCEEDED] Deadline Exceeded
May 13 17:31:11 localhost magmad[403231]: ERROR:root:Metrics upload error for service magmad (chunk 0)! [StatusCode.DEADLINE_EXCEEDED] Deadline Exceeded
May 13 17:31:11 localhost magmad[403231]: ERROR:root:Metrics upload error for service enodebd (chunk 0)! [StatusCode.DEADLINE_EXCEEDED] Deadline Exceeded
May 13 17:31:11 localhost magmad[403231]: INFO:root:Checking for upgrade...
May 13 17:31:11 localhost magmad[403231]: WARNING:root:magmad package_version config missing or set to default 0.0.0-0, skipping upgrade
May 13 17:31:11 localhost sctpd[403589]: I0513 17:31:11.244051 404075 sctp_connection.cpp:195] Unhandled notification type 32776
May 13 17:31:11 localhost control_proxy[403480]: 2022-05-13T17:31:11.225Z [127.0.0.1 -> state-controller.magmasi.wavelabs.in,8443] "POST /magma.orc8r.StateService/ReportStates HTTP/2" 200 5bytes 0.503s
May 13 17:31:11 localhost magmad[403231]: INFO:root:Checkin Successful! Successfully sent states to the cloud!
May 13 17:31:14 localhost smsd[403400]: INFO:root:mme non_eps_service_config is not SMS_ORC8R, sleeping.
May 13 17:31:19 localhost smsd[403400]: INFO:root:mme non_eps_service_config is not SMS_ORC8R, sleeping.
May 13 17:31:21 localhost magmad[403231]: ERROR:root:Metrics upload error for service pipelined (chunk 0)! [StatusCode.DEADLINE_EXCEEDED] Deadline Exceeded
May 13 17:31:21 localhost magmad[403231]: ERROR:root:Metrics upload error for service state (chunk 0)! [StatusCode.DEADLINE_EXCEEDED] Deadline Exceeded
May 13 17:31:21 localhost magmad[403231]: ERROR:root:Metrics upload error for service sessiond (chunk 0)! [StatusCode.DEADLINE_EXCEEDED] Deadline Exceeded
May 13 17:31:22 localhost mobilityd[403303]: INFO:root:Using GW info: {'default': {2: ('172.16.4.1', 'eth0')}, 2: [('172.16.4.1', 'eth0', True)]}
May 13 17:31:22 localhost mobilityd[403303]: INFO:root:GW-v6 probe: timer started
May 13 17:31:22 localhost magmad[403231]: INFO:root:[SyncRPC] Got heartBeat from cloud
May 13 17:31:24 localhost smsd[403400]: INFO:root:mme non_eps_service_config is not SMS_ORC8R, sleeping.
May 13 17:31:30 localhost smsd[403400]: INFO:root:mme non_eps_service_config is not SMS_ORC8R, sleeping.
May 13 17:31:34 localhost sctpd[403589]: I0513 17:31:34.836869 404075 sctp_connection.cpp:195] Unhandled notification type 32776
May 13 17:31:35 localhost smsd[403400]: INFO:root:mme non_eps_service_config is not SMS_ORC8R, sleeping.
May 13 17:31:40 localhost smsd[403400]: INFO:root:mme non_eps_service_config is not SMS_ORC8R, sleeping.
May 13 17:31:42 localhost mobilityd[403303]: INFO:root:Using GW info: {'default': {2: ('172.16.4.1', 'eth0')}, 2: [('172.16.4.1', 'eth0', True)]}
May 13 17:31:42 localhost mobilityd[403303]: INFO:root:GW-v6 probe: timer started
May 13 17:31:45 localhost smsd[403400]: INFO:root:mme non_eps_service_config is not SMS_ORC8R, sleeping.
May 13 17:31:50 localhost smsd[403400]: INFO:root:mme non_eps_service_config is not SMS_ORC8R, sleeping.
May 13 17:31:51 localhost dnsmasq-dhcp[403482]: DHCPDISCOVER(eth1) 48:bf:74:03:3d:72 
May 13 17:31:51 localhost dnsmasq-dhcp[403482]: DHCPOFFER(eth1) 172.16.7.250 48:bf:74:03:3d:72 
May 13 17:31:51 localhost dnsmasq-dhcp[403482]: DHCPREQUEST(eth1) 172.16.7.250 48:bf:74:03:3d:72 
May 13 17:31:51 localhost dnsmasq-dhcp[403482]: DHCPACK(eth1) 172.16.7.250 48:bf:74:03:3d:72 
May 13 17:31:54 localhost control_proxy[403480]: 2022-05-13T17:31:53.751Z [127.0.0.1 -> streamer-controller.magmasi.wavelabs.in,8443] "POST /magma.orc8r.Streamer/GetUpdates HTTP/2" 200 173bytes 0.269s
May 13 17:31:54 localhost policydb[403377]: INFO:root:Processing 4 policy updates (resync=True)
May 13 17:31:54 localhost control_proxy[403480]: 2022-05-13T17:31:54.023Z [127.0.0.1 -> streamer-controller.magmasi.wavelabs.in,8443] "POST /magma.orc8r.Streamer/GetUpdates HTTP/2" 200 7bytes 0.263s
May 13 17:31:54 localhost policydb[403377]: INFO:root:Processing 0 basename -> policy updates
May 13 17:31:54 localhost control_proxy[403480]: 2022-05-13T17:31:54.023Z [127.0.0.1 -> streamer-controller.magmasi.wavelabs.in,8443] "POST /magma.orc8r.Streamer/GetUpdates HTTP/2" 200 13536bytes 0.297s
May 13 17:31:54 localhost policydb[403377]: INFO:root:Processing 223 SID -> apn -> policy updates
May 13 17:31:54 localhost control_proxy[403480]: 2022-05-13T17:31:54.023Z [127.0.0.1 -> streamer-controller.magmasi.wavelabs.in,8443] "POST /magma.orc8r.Streamer/GetUpdates HTTP/2" 200 7bytes 0.267s
May 13 17:31:54 localhost policydb[403377]: INFO:root:Processing 0 rating group updates
May 13 17:31:55 localhost smsd[403400]: INFO:root:mme non_eps_service_config is not SMS_ORC8R, sleeping.
May 13 17:32:00 localhost smsd[403400]: INFO:root:mme non_eps_service_config is not SMS_ORC8R, sleeping.
May 13 17:32:02 localhost magmad[403231]: ERROR:root:Metrics upload error for service subscriberdb (chunk 0)! [StatusCode.DEADLINE_EXCEEDED] Deadline Exceeded
May 13 17:32:02 localhost magmad[403231]: ERROR:root:Metrics upload error for service mobilityd (chunk 0)! [StatusCode.DEADLINE_EXCEEDED] Deadline Exceeded
May 13 17:32:02 localhost magmad[403231]: ERROR:root:Metrics upload error for service mme (chunk 0)! [StatusCode.DEADLINE_EXCEEDED] Deadline Exceeded
May 13 17:32:02 localhost magmad[403231]: ERROR:root:Metrics upload error for service magmad (chunk 0)! [StatusCode.DEADLINE_EXCEEDED] Deadline Exceeded
May 13 17:32:02 localhost magmad[403231]: ERROR:root:Metrics upload error for service enodebd (chunk 0)! [StatusCode.DEADLINE_EXCEEDED] Deadline Exceeded
May 13 17:32:02 localhost mobilityd[403303]: INFO:root:Using GW info: {'default': {2: ('172.16.4.1', 'eth0')}, 2: [('172.16.4.1', 'eth0', True)]}
May 13 17:32:02 localhost mobilityd[403303]: INFO:root:GW-v6 probe: timer started
May 13 17:32:05 localhost smsd[403400]: INFO:root:mme non_eps_service_config is not SMS_ORC8R, sleeping.
May 13 17:32:07 localhost sctpd[403589]: I0513 17:32:07.779660 404075 sctp_connection.cpp:195] Unhandled notification type 32776
May 13 17:32:10 localhost smsd[403400]: INFO:root:mme non_eps_service_config is not SMS_ORC8R, sleeping.
May 13 17:32:12 localhost magmad[403231]: INFO:root:Setting logging level to INFO
May 13 17:32:15 localhost smsd[403400]: INFO:root:mme non_eps_service_config is not SMS_ORC8R, sleeping.
May 13 17:32:15 localhost dnsmasq-dhcp[403482]: DHCPDISCOVER(eth1) 48:bf:74:03:3d:72 
May 13 17:32:15 localhost dnsmasq-dhcp[403482]: DHCPOFFER(eth1) 172.16.7.250 48:bf:74:03:3d:72 
May 13 17:32:20 localhost smsd[403400]: INFO:root:mme non_eps_service_config is not SMS_ORC8R, sleeping.
May 13 17:32:22 localhost mobilityd[403303]: INFO:root:Using GW info: {'default': {2: ('172.16.4.1', 'eth0')}, 2: [('172.16.4.1', 'eth0', True)]}
May 13 17:32:22 localhost mobilityd[403303]: INFO:root:GW-v6 probe: timer started
May 13 17:32:22 localhost magmad[403231]: INFO:root:[SyncRPC] Got heartBeat from cloud
May 13 17:32:24 localhost control_proxy[403480]: 2022-05-13T17:31:24.362Z [127.0.0.1 -> streamer-controller.magmasi.wavelabs.in,8443] "POST /magma.orc8r.Streamer/GetUpdates HTTP/2" 200 0bytes 60.252s
May 13 17:32:24 localhost magmad[403231]: ERROR:root:Error! Streaming from the cloud failed! [StatusCode.ABORTED] error while streaming updates: rpc error: code = DeadlineExceeded desc = context deadline exceeded
May 13 17:32:25 localhost smsd[403400]: INFO:root:mme non_eps_service_config is not SMS_ORC8R, sleeping.
May 13 17:32:29 localhost sctpd[403589]: I0513 17:32:29.914593 404075 sctp_connection.cpp:195] Unhandled notification type 32776
May 13 17:32:30 localhost smsd[403400]: INFO:root:mme non_eps_service_config is not SMS_ORC8R, sleeping.
May 13 17:32:30 localhost magmad[403231]: ERROR:root:Metrics upload error for service pipelined (chunk 0)! [StatusCode.DEADLINE_EXCEEDED] Deadline Exceeded
May 13 17:32:30 localhost magmad[403231]: ERROR:root:Metrics upload error for service state (chunk 0)! [StatusCode.DEADLINE_EXCEEDED] Deadline Exceeded
May 13 17:32:30 localhost magmad[403231]: ERROR:root:Metrics upload error for service sessiond (chunk 0)! [StatusCode.DEADLINE_EXCEEDED] Deadline Exceeded
May 13 17:32:31 localhost control_proxy[403480]: 2022-05-13T17:32:30.792Z [127.0.0.1 -> state-controller.magmasi.wavelabs.in,8443] "POST /magma.orc8r.StateService/ReportStates HTTP/2" 200 5bytes 0.502s
May 13 17:32:31 localhost magmad[403231]: INFO:root:Checkin Successful! Successfully sent states to the cloud!
May 13 17:32:35 localhost smsd[403400]: INFO:root:mme non_eps_service_config is not SMS_ORC8R, sleeping.
May 13 17:32:40 localhost smsd[403400]: INFO:root:mme non_eps_service_config is not SMS_ORC8R, sleeping.
May 13 17:32:42 localhost mobilityd[403303]: INFO:root:Using GW info: {'default': {2: ('172.16.4.1', 'eth0')}, 2: [('172.16.4.1', 'eth0', True)]}
May 13 17:32:42 localhost mobilityd[403303]: INFO:root:GW-v6 probe: timer started
May 13 17:32:45 localhost smsd[403400]: INFO:root:mme non_eps_service_config is not SMS_ORC8R, sleeping.
May 13 17:32:50 localhost smsd[403400]: INFO:root:mme non_eps_service_config is not SMS_ORC8R, sleeping.
May 13 17:32:55 localhost control_proxy[403480]: 2022-05-13T17:32:54.866Z [127.0.0.1 -> streamer-controller.magmasi.wavelabs.in,8443] "POST /magma.orc8r.Streamer/GetUpdates HTTP/2" 200 173bytes 0.273s
May 13 17:32:55 localhost policydb[403377]: INFO:root:Processing 4 policy updates (resync=True)
May 13 17:32:55 localhost control_proxy[403480]: 2022-05-13T17:32:55.148Z [127.0.0.1 -> streamer-controller.magmasi.wavelabs.in,8443] "POST /magma.orc8r.Streamer/GetUpdates HTTP/2" 200 7bytes 0.261s
May 13 17:32:55 localhost policydb[403377]: INFO:root:Processing 0 basename -> policy updates
May 13 17:32:55 localhost smsd[403400]: INFO:root:mme non_eps_service_config is not SMS_ORC8R, sleeping.
May 13 17:32:55 localhost control_proxy[403480]: 2022-05-13T17:32:55.148Z [127.0.0.1 -> streamer-controller.magmasi.wavelabs.in,8443] "POST /magma.orc8r.Streamer/GetUpdates HTTP/2" 200 13536bytes 0.300s
May 13 17:32:55 localhost policydb[403377]: INFO:root:Processing 223 SID -> apn -> policy updates
May 13 17:32:55 localhost control_proxy[403480]: 2022-05-13T17:32:55.148Z [127.0.0.1 -> streamer-controller.magmasi.wavelabs.in,8443] "POST /magma.orc8r.Streamer/GetUpdates HTTP/2" 200 7bytes 0.261s
May 13 17:32:55 localhost policydb[403377]: INFO:root:Processing 0 rating group updates
May 13 17:33:00 localhost smsd[403400]: INFO:root:mme non_eps_service_config is not SMS_ORC8R, sleeping.
May 13 17:33:02 localhost magmad[403231]: ERROR:root:Metrics upload error for service subscriberdb (chunk 0)! [StatusCode.DEADLINE_EXCEEDED] Deadline Exceeded
May 13 17:33:02 localhost magmad[403231]: ERROR:root:Metrics upload error for service mobilityd (chunk 0)! [StatusCode.DEADLINE_EXCEEDED] Deadline Exceeded
May 13 17:33:02 localhost magmad[403231]: ERROR:root:Metrics upload error for service mme (chunk 0)! [StatusCode.DEADLINE_EXCEEDED] Deadline Exceeded
May 13 17:33:02 localhost magmad[403231]: ERROR:root:Metrics upload error for service magmad (chunk 0)! [StatusCode.DEADLINE_EXCEEDED] Deadline Exceeded
May 13 17:33:02 localhost magmad[403231]: ERROR:root:Metrics upload error for service enodebd (chunk 0)! [StatusCode.DEADLINE_EXCEEDED] Deadline Exceeded
May 13 17:33:02 localhost mobilityd[403303]: INFO:root:Using GW info: {'default': {2: ('172.16.4.1', 'eth0')}, 2: [('172.16.4.1', 'eth0', True)]}
May 13 17:33:02 localhost mobilityd[403303]: INFO:root:GW-v6 probe: timer started
May 13 17:33:04 localhost sctpd[403589]: I0513 17:33:04.213523 404075 sctp_connection.cpp:195] Unhandled notification type 32776
May 13 17:33:05 localhost smsd[403400]: INFO:root:mme non_eps_service_config is not SMS_ORC8R, sleeping.
May 13 17:33:20 localhost smsd[403400]: message repeated 3 times: [ INFO:root:mme non_eps_service_config is not SMS_ORC8R, sleeping.]
May 13 17:33:21 localhost magmad[403231]: ERROR:root:Metrics upload error for service pipelined (chunk 0)! [StatusCode.DEADLINE_EXCEEDED] Deadline Exceeded
May 13 17:33:21 localhost magmad[403231]: ERROR:root:Metrics upload error for service state (chunk 0)! [StatusCode.DEADLINE_EXCEEDED] Deadline Exceeded
May 13 17:33:21 localhost magmad[403231]: ERROR:root:Metrics upload error for service sessiond (chunk 0)! [StatusCode.DEADLINE_EXCEEDED] Deadline Exceeded
May 13 17:33:22 localhost mobilityd[403303]: INFO:root:Using GW info: {'default': {2: ('172.16.4.1', 'eth0')}, 2: [('172.16.4.1', 'eth0', True)]}
May 13 17:33:22 localhost mobilityd[403303]: INFO:root:GW-v6 probe: timer started
May 13 17:33:22 localhost magmad[403231]: INFO:root:[SyncRPC] Got heartBeat from cloud
May 13 17:33:25 localhost smsd[403400]: INFO:root:mme non_eps_service_config is not SMS_ORC8R, sleeping.
May 13 17:33:30 localhost subscriberdb[403301]: INFO:root:get digest stored in gateway:
May 13 17:33:30 localhost control_proxy[403480]: 2022-05-13T17:33:30.128Z [127.0.0.1 -> subscriberdb-controller.magmasi.wavelabs.in,8443] "POST /magma.lte.SubscriberDBCloud/CheckInSync HTTP/2" 200 0bytes 0.489s
May 13 17:33:30 localhost subscriberdb[403301]: ERROR:root:Internal Error in subscriberdb-Orc8r communication. If AGW and Orc8r are deployed at a commit hash, upgrade AGW and Orc8r to latest commit hash.
May 13 17:33:30 localhost smsd[403400]: INFO:root:mme non_eps_service_config is not SMS_ORC8R, sleeping.
May 13 17:33:30 localhost control_proxy[403480]: 2022-05-13T17:33:30.128Z [127.0.0.1 -> subscriberdb-controller.magmasi.wavelabs.in,8443] "POST /magma.lte.SubscriberDBCloud/Sync HTTP/2" 200 0bytes 0.247s
May 13 17:33:30 localhost subscriberdb[403301]: ERROR:root:Internal Error in subscriberdb-Orc8r communication. If AGW and Orc8r are deployed at a commit hash, upgrade AGW and Orc8r to latest commit hash.
May 13 17:33:31 localhost control_proxy[403480]: 2022-05-13T17:33:30.128Z [127.0.0.1 -> subscriberdb-controller.magmasi.wavelabs.in,8443] "POST /magma.lte.SubscriberDBCloud/ListSubscribers HTTP/2" 200 44653bytes 0.332s
May 13 17:33:31 localhost subscriberdb[403301]: INFO:root:Successfully fetched all subscriber pages from the cloud!
May 13 17:33:31 localhost subscriberdb[403301]: INFO:root:update root digest stored in gateway:
May 13 17:33:31 localhost magmad[403231]: INFO:root:Setting logging level to INFO
May 13 17:33:32 localhost sctpd[403589]: I0513 17:33:32.272856 404075 sctp_connection.cpp:195] Unhandled notification type 32776
May 13 17:33:35 localhost smsd[403400]: INFO:root:mme non_eps_service_config is not SMS_ORC8R, sleeping.
May 13 17:33:40 localhost smsd[403400]: INFO:root:mme non_eps_service_config is not SMS_ORC8R, sleeping.
May 13 17:33:42 localhost mobilityd[403303]: INFO:root:Using GW info: {'default': {2: ('172.16.4.1', 'eth0')}, 2: [('172.16.4.1', 'eth0', True)]}
May 13 17:33:42 localhost mobilityd[403303]: INFO:root:GW-v6 probe: timer started
May 13 17:33:45 localhost smsd[403400]: INFO:root:mme non_eps_service_config is not SMS_ORC8R, sleeping.
May 13 17:33:50 localhost smsd[403400]: INFO:root:mme non_eps_service_config is not SMS_ORC8R, sleeping.
May 13 17:33:51 localhost control_proxy[403480]: 2022-05-13T17:33:50.250Z [127.0.0.1 -> state-controller.magmasi.wavelabs.in,8443] "POST /magma.orc8r.StateService/ReportStates HTTP/2" 200 5bytes 0.671s
May 13 17:33:51 localhost magmad[403231]: INFO:root:Checkin Successful! Successfully sent states to the cloud!
May 13 17:33:55 localhost smsd[403400]: INFO:root:mme non_eps_service_config is not SMS_ORC8R, sleeping.
May 13 17:33:56 localhost control_proxy[403480]: 2022-05-13T17:33:56.033Z [127.0.0.1 -> streamer-controller.magmasi.wavelabs.in,8443] "POST /magma.orc8r.Streamer/GetUpdates HTTP/2" 200 173bytes 0.264s
May 13 17:33:56 localhost policydb[403377]: INFO:root:Processing 4 policy updates (resync=True)
May 13 17:33:56 localhost control_proxy[403480]: 2022-05-13T17:33:56.033Z [127.0.0.1 -> streamer-controller.magmasi.wavelabs.in,8443] "POST /magma.orc8r.Streamer/GetUpdates HTTP/2" 200 7bytes 0.258s
May 13 17:33:56 localhost policydb[403377]: INFO:root:Processing 0 basename -> policy updates
May 13 17:33:56 localhost control_proxy[403480]: 2022-05-13T17:33:56.033Z [127.0.0.1 -> streamer-controller.magmasi.wavelabs.in,8443] "POST /magma.orc8r.Streamer/GetUpdates HTTP/2" 200 13536bytes 0.283s
May 13 17:33:56 localhost policydb[403377]: INFO:root:Processing 223 SID -> apn -> policy updates
May 13 17:33:57 localhost control_proxy[403480]: 2022-05-13T17:33:56.033Z [127.0.0.1 -> streamer-controller.magmasi.wavelabs.in,8443] "POST /magma.orc8r.Streamer/GetUpdates HTTP/2" 200 7bytes 0.255s
May 13 17:33:57 localhost policydb[403377]: INFO:root:Processing 0 rating group updates
May 13 17:34:00 localhost sctpd[403589]: I0513 17:34:00.522282 404075 sctp_connection.cpp:195] Unhandled notification type 32776
May 13 17:34:00 localhost smsd[403400]: INFO:root:mme non_eps_service_config is not SMS_ORC8R, sleeping.
May 13 17:34:02 localhost mobilityd[403303]: INFO:root:Using GW info: {'default': {2: ('172.16.4.1', 'eth0')}, 2: [('172.16.4.1', 'eth0', True)]}
May 13 17:34:02 localhost mobilityd[403303]: INFO:root:GW-v6 probe: timer started
May 13 17:34:05 localhost smsd[403400]: INFO:root:mme non_eps_service_config is not SMS_ORC8R, sleeping.
May 13 17:34:15 localhost smsd[403400]: message repeated 2 times: [ INFO:root:mme non_eps_service_config is not SMS_ORC8R, sleeping.]
May 13 17:34:20 localhost magmad[403231]: ERROR:root:Metrics upload error for service subscriberdb (chunk 0)! [StatusCode.DEADLINE_EXCEEDED] Deadline Exceeded
May 13 17:34:20 localhost magmad[403231]: ERROR:root:Metrics upload error for service mobilityd (chunk 0)! [StatusCode.DEADLINE_EXCEEDED] Deadline Exceeded
May 13 17:34:20 localhost magmad[403231]: ERROR:root:Metrics upload error for service mme (chunk 0)! [StatusCode.DEADLINE_EXCEEDED] Deadline Exceeded
May 13 17:34:20 localhost magmad[403231]: ERROR:root:Metrics upload error for service magmad (chunk 0)! [StatusCode.DEADLINE_EXCEEDED] Deadline Exceeded
May 13 17:34:20 localhost magmad[403231]: ERROR:root:Metrics upload error for service enodebd (chunk 0)! [StatusCode.DEADLINE_EXCEEDED] Deadline Exceeded
May 13 17:34:21 localhost smsd[403400]: INFO:root:mme non_eps_service_config is not SMS_ORC8R, sleeping.
May 13 17:34:21 localhost magmad[403231]: ERROR:root:Metrics upload error for service pipelined (chunk 0)! [StatusCode.DEADLINE_EXCEEDED] Deadline Exceeded
May 13 17:34:21 localhost magmad[403231]: ERROR:root:Metrics upload error for service state (chunk 0)! [StatusCode.DEADLINE_EXCEEDED] Deadline Exceeded
May 13 17:34:21 localhost magmad[403231]: ERROR:root:Metrics upload error for service sessiond (chunk 0)! [StatusCode.DEADLINE_EXCEEDED] Deadline Exceeded
May 13 17:34:22 localhost mobilityd[403303]: INFO:root:Using GW info: {'default': {2: ('172.16.4.1', 'eth0')}, 2: [('172.16.4.1', 'eth0', True)]}
May 13 17:34:22 localhost mobilityd[403303]: INFO:root:GW-v6 probe: timer started
May 13 17:34:22 localhost magmad[403231]: INFO:root:[SyncRPC] Got heartBeat from cloud
May 13 17:34:24 localhost control_proxy[403480]: 2022-05-13T17:33:24.658Z [127.0.0.1 -> streamer-controller.magmasi.wavelabs.in,8443] "POST /magma.orc8r.Streamer/GetUpdates HTTP/2" 200 0bytes 60.252s
May 13 17:34:24 localhost magmad[403231]: ERROR:root:Error! Streaming from the cloud failed! [StatusCode.ABORTED] error while streaming updates: rpc error: code = DeadlineExceeded desc = context deadline exceeded
May 13 17:34:26 localhost smsd[403400]: INFO:root:mme non_eps_service_config is not SMS_ORC8R, sleeping.
May 13 17:34:28 localhost sctpd[403589]: I0513 17:34:28.891108 404075 sctp_connection.cpp:195] Unhandled notification type 32776
May 13 17:34:31 localhost smsd[403400]: INFO:root:mme non_eps_service_config is not SMS_ORC8R, sleeping.
May 13 17:34:41 localhost smsd[403400]: message repeated 2 times: [ INFO:root:mme non_eps_service_config is not SMS_ORC8R, sleeping.]
May 13 17:34:42 localhost mobilityd[403303]: INFO:root:Using GW info: {'default': {2: ('172.16.4.1', 'eth0')}, 2: [('172.16.4.1', 'eth0', True)]}
May 13 17:34:42 localhost mobilityd[403303]: INFO:root:GW-v6 probe: timer started
May 13 17:34:46 localhost smsd[403400]: INFO:root:mme non_eps_service_config is not SMS_ORC8R, sleeping.
May 13 17:34:51 localhost smsd[403400]: INFO:root:mme non_eps_service_config is not SMS_ORC8R, sleeping.
May 13 17:34:51 localhost magmad[403231]: INFO:root:Setting logging level to INFO
May 13 17:34:52 localhost sctpd[403589]: I0513 17:34:52.340559 404075 sctp_connection.cpp:195] Unhandled notification type 32776
May 13 17:34:56 localhost smsd[403400]: INFO:root:mme non_eps_service_config is not SMS_ORC8R, sleeping.
May 13 17:34:57 localhost control_proxy[403480]: 2022-05-13T17:34:57.170Z [127.0.0.1 -> streamer-controller.magmasi.wavelabs.in,8443] "POST /magma.orc8r.Streamer/GetUpdates HTTP/2" 200 173bytes 0.264s
May 13 17:34:57 localhost policydb[403377]: INFO:root:Processing 4 policy updates (resync=True)
May 13 17:34:57 localhost control_proxy[403480]: 2022-05-13T17:34:57.170Z [127.0.0.1 -> streamer-controller.magmasi.wavelabs.in,8443] "POST /magma.orc8r.Streamer/GetUpdates HTTP/2" 200 7bytes 0.262s
May 13 17:34:57 localhost policydb[403377]: INFO:root:Processing 0 basename -> policy updates
May 13 17:34:58 localhost control_proxy[403480]: 2022-05-13T17:34:57.170Z [127.0.0.1 -> streamer-controller.magmasi.wavelabs.in,8443] "POST /magma.orc8r.Streamer/GetUpdates HTTP/2" 200 13536bytes 0.328s
May 13 17:34:58 localhost policydb[403377]: INFO:root:Processing 223 SID -> apn -> policy updates
May 13 17:34:58 localhost control_proxy[403480]: 2022-05-13T17:34:58.037Z [127.0.0.1 -> streamer-controller.magmasi.wavelabs.in,8443] "POST /magma.orc8r.Streamer/GetUpdates HTTP/2" 200 7bytes 0.261s
May 13 17:34:58 localhost policydb[403377]: INFO:root:Processing 0 rating group updates
May 13 17:35:01 localhost smsd[403400]: INFO:root:mme non_eps_service_config is not SMS_ORC8R, sleeping.
May 13 17:35:02 localhost mobilityd[403303]: INFO:root:Using GW info: {'default': {2: ('172.16.4.1', 'eth0')}, 2: [('172.16.4.1', 'eth0', True)]}
May 13 17:35:02 localhost mobilityd[403303]: INFO:root:GW-v6 probe: timer started
May 13 17:35:06 localhost smsd[403400]: INFO:root:mme non_eps_service_config is not SMS_ORC8R, sleeping.
May 13 17:35:10 localhost control_proxy[403480]: 2022-05-13T17:35:09.762Z [127.0.0.1 -> state-controller.magmasi.wavelabs.in,8443] "POST /magma.orc8r.StateService/ReportStates HTTP/2" 200 5bytes 0.436s
May 13 17:35:10 localhost magmad[403231]: INFO:root:Checkin Successful! Successfully sent states to the cloud!
May 13 17:35:11 localhost smsd[403400]: INFO:root:mme non_eps_service_config is not SMS_ORC8R, sleeping.
May 13 17:35:16 localhost smsd[403400]: INFO:root:mme non_eps_service_config is not SMS_ORC8R, sleeping.
May 13 17:35:20 localhost magmad[403231]: ERROR:root:Metrics upload error for service subscriberdb (chunk 0)! [StatusCode.DEADLINE_EXCEEDED] Deadline Exceeded
May 13 17:35:20 localhost magmad[403231]: ERROR:root:Metrics upload error for service mobilityd (chunk 0)! [StatusCode.DEADLINE_EXCEEDED] Deadline Exceeded
May 13 17:35:20 localhost magmad[403231]: ERROR:root:Metrics upload error for service mme (chunk 0)! [StatusCode.DEADLINE_EXCEEDED] Deadline Exceeded
May 13 17:35:20 localhost magmad[403231]: ERROR:root:Metrics upload error for service magmad (chunk 0)! [StatusCode.DEADLINE_EXCEEDED] Deadline Exceeded
May 13 17:35:20 localhost magmad[403231]: ERROR:root:Metrics upload error for service enodebd (chunk 0)! [StatusCode.DEADLINE_EXCEEDED] Deadline Exceeded
May 13 17:35:21 localhost smsd[403400]: INFO:root:mme non_eps_service_config is not SMS_ORC8R, sleeping.
May 13 17:35:22 localhost mobilityd[403303]: INFO:root:Using GW info: {'default': {2: ('172.16.4.1', 'eth0')}, 2: [('172.16.4.1', 'eth0', True)]}
May 13 17:35:22 localhost mobilityd[403303]: INFO:root:GW-v6 probe: timer started
May 13 17:35:22 localhost magmad[403231]: INFO:root:[SyncRPC] Got heartBeat from cloud
May 13 17:35:25 localhost sctpd[403589]: I0513 17:35:25.201368 404075 sctp_connection.cpp:195] Unhandled notification type 32776
May 13 17:35:26 localhost smsd[403400]: INFO:root:mme non_eps_service_config is not SMS_ORC8R, sleeping.
May 13 17:35:36 localhost smsd[403400]: message repeated 2 times: [ INFO:root:mme non_eps_service_config is not SMS_ORC8R, sleeping.]
May 13 17:35:39 localhost magmad[403231]: ERROR:root:Metrics upload error for service pipelined (chunk 0)! [StatusCode.DEADLINE_EXCEEDED] Deadline Exceeded
May 13 17:35:39 localhost magmad[403231]: ERROR:root:Metrics upload error for service state (chunk 0)! [StatusCode.DEADLINE_EXCEEDED] Deadline Exceeded
May 13 17:35:39 localhost magmad[403231]: ERROR:root:Metrics upload error for service sessiond (chunk 0)! [StatusCode.DEADLINE_EXCEEDED] Deadline Exceeded
May 13 17:35:41 localhost smsd[403400]: INFO:root:mme non_eps_service_config is not SMS_ORC8R, sleeping.
May 13 17:35:42 localhost mobilityd[403303]: INFO:root:Using GW info: {'default': {2: ('172.16.4.1', 'eth0')}, 2: [('172.16.4.1', 'eth0', True)]}
May 13 17:35:42 localhost mobilityd[403303]: INFO:root:GW-v6 probe: timer started
May 13 17:35:46 localhost smsd[403400]: INFO:root:mme non_eps_service_config is not SMS_ORC8R, sleeping.
May 13 17:35:47 localhost sctpd[403589]: I0513 17:35:47.341388 404075 sctp_connection.cpp:195] Unhandled notification type 32776
May 13 17:35:51 localhost smsd[403400]: INFO:root:mme non_eps_service_config is not SMS_ORC8R, sleeping.
May 13 17:35:56 localhost smsd[403400]: INFO:root:mme non_eps_service_config is not SMS_ORC8R, sleeping.
May 13 17:35:58 localhost control_proxy[403480]: 2022-05-13T17:35:58.357Z [127.0.0.1 -> streamer-controller.magmasi.wavelabs.in,8443] "POST /magma.orc8r.Streamer/GetUpdates HTTP/2" 200 173bytes 0.520s
May 13 17:35:58 localhost policydb[403377]: INFO:root:Processing 4 policy updates (resync=True)
May 13 17:35:59 localhost control_proxy[403480]: 2022-05-13T17:35:58.357Z [127.0.0.1 -> streamer-controller.magmasi.wavelabs.in,8443] "POST /magma.orc8r.Streamer/GetUpdates HTTP/2" 200 7bytes 0.262s
May 13 17:35:59 localhost policydb[403377]: INFO:root:Processing 0 basename -> policy updates
May 13 17:35:59 localhost control_proxy[403480]: 2022-05-13T17:35:59.146Z [127.0.0.1 -> streamer-controller.magmasi.wavelabs.in,8443] "POST /magma.orc8r.Streamer/GetUpdates HTTP/2" 200 13536bytes 0.300s
May 13 17:35:59 localhost policydb[403377]: INFO:root:Processing 223 SID -> apn -> policy updates
May 13 17:35:59 localhost control_proxy[403480]: 2022-05-13T17:35:59.146Z [127.0.0.1 -> streamer-controller.magmasi.wavelabs.in,8443] "POST /magma.orc8r.Streamer/GetUpdates HTTP/2" 200 7bytes 0.258s
May 13 17:35:59 localhost policydb[403377]: INFO:root:Processing 0 rating group updates
May 13 17:36:01 localhost smsd[403400]: INFO:root:mme non_eps_service_config is not SMS_ORC8R, sleeping.
May 13 17:36:02 localhost mobilityd[403303]: INFO:root:Using GW info: {'default': {2: ('172.16.4.1', 'eth0')}, 2: [('172.16.4.1', 'eth0', True)]}
May 13 17:36:02 localhost mobilityd[403303]: INFO:root:GW-v6 probe: timer started
May 13 17:36:06 localhost smsd[403400]: INFO:root:mme non_eps_service_config is not SMS_ORC8R, sleeping.
May 13 17:36:10 localhost magmad[403231]: INFO:root:Setting logging level to INFO
May 13 17:36:11 localhost smsd[403400]: INFO:root:mme non_eps_service_config is not SMS_ORC8R, sleeping.
May 13 17:36:21 localhost smsd[403400]: message repeated 2 times: [ INFO:root:mme non_eps_service_config is not SMS_ORC8R, sleeping.]
May 13 17:36:21 localhost sctpd[403589]: I0513 17:36:21.729351 404075 sctp_connection.cpp:195] Unhandled notification type 32776
May 13 17:36:22 localhost mobilityd[403303]: INFO:root:Using GW info: {'default': {2: ('172.16.4.1', 'eth0')}, 2: [('172.16.4.1', 'eth0', True)]}
May 13 17:36:22 localhost mobilityd[403303]: INFO:root:GW-v6 probe: timer started
May 13 17:36:22 localhost magmad[403231]: INFO:root:[SyncRPC] Got heartBeat from cloud
May 13 17:36:25 localhost control_proxy[403480]: 2022-05-13T17:35:24.914Z [127.0.0.1 -> streamer-controller.magmasi.wavelabs.in,8443] "POST /magma.orc8r.Streamer/GetUpdates HTTP/2" 200 0bytes 60.252s
May 13 17:36:25 localhost magmad[403231]: ERROR:root:Error! Streaming from the cloud failed! [StatusCode.ABORTED] error while streaming updates: rpc error: code = DeadlineExceeded desc = context deadline exceeded
May 13 17:36:26 localhost smsd[403400]: INFO:root:mme non_eps_service_config is not SMS_ORC8R, sleeping.
May 13 17:36:29 localhost magmad[403231]: ERROR:root:Metrics upload error for service subscriberdb (chunk 0)! [StatusCode.DEADLINE_EXCEEDED] Deadline Exceeded
May 13 17:36:29 localhost magmad[403231]: ERROR:root:Metrics upload error for service mobilityd (chunk 0)! [StatusCode.DEADLINE_EXCEEDED] Deadline Exceeded
May 13 17:36:29 localhost magmad[403231]: ERROR:root:Metrics upload error for service mme (chunk 0)! [StatusCode.DEADLINE_EXCEEDED] Deadline Exceeded
May 13 17:36:29 localhost magmad[403231]: ERROR:root:Metrics upload error for service magmad (chunk 0)! [StatusCode.DEADLINE_EXCEEDED] Deadline Exceeded
May 13 17:36:29 localhost magmad[403231]: ERROR:root:Metrics upload error for service enodebd (chunk 0)! [StatusCode.DEADLINE_EXCEEDED] Deadline Exceeded
May 13 17:36:29 localhost magmad[403231]: INFO:root:Checking for upgrade...
May 13 17:36:29 localhost magmad[403231]: WARNING:root:magmad package_version config missing or set to default 0.0.0-0, skipping upgrade
May 13 17:36:29 localhost control_proxy[403480]: 2022-05-13T17:36:29.448Z [127.0.0.1 -> state-controller.magmasi.wavelabs.in,8443] "POST /magma.orc8r.StateService/ReportStates HTTP/2" 200 5bytes 0.257s
May 13 17:36:29 localhost magmad[403231]: INFO:root:Checkin Successful! Successfully sent states to the cloud!
May 13 17:36:31 localhost smsd[403400]: INFO:root:mme non_eps_service_config is not SMS_ORC8R, sleeping.
May 13 17:36:36 localhost smsd[403400]: INFO:root:mme non_eps_service_config is not SMS_ORC8R, sleeping.
May 13 17:36:39 localhost magmad[403231]: ERROR:root:Metrics upload error for service pipelined (chunk 0)! [StatusCode.DEADLINE_EXCEEDED] Deadline Exceeded
May 13 17:36:39 localhost magmad[403231]: ERROR:root:Metrics upload error for service state (chunk 0)! [StatusCode.DEADLINE_EXCEEDED] Deadline Exceeded
May 13 17:36:39 localhost magmad[403231]: ERROR:root:Metrics upload error for service sessiond (chunk 0)! [StatusCode.DEADLINE_EXCEEDED] Deadline Exceeded
May 13 17:36:41 localhost smsd[403400]: INFO:root:mme non_eps_service_config is not SMS_ORC8R, sleeping.
May 13 17:36:42 localhost mobilityd[403303]: INFO:root:Using GW info: {'default': {2: ('172.16.4.1', 'eth0')}, 2: [('172.16.4.1', 'eth0', True)]}
May 13 17:36:42 localhost mobilityd[403303]: INFO:root:GW-v6 probe: timer started
May 13 17:36:46 localhost smsd[403400]: INFO:root:mme non_eps_service_config is not SMS_ORC8R, sleeping.
May 13 17:36:50 localhost sctpd[403589]: I0513 17:36:50.103189 404075 sctp_connection.cpp:195] Unhandled notification type 32776
May 13 17:36:51 localhost smsd[403400]: INFO:root:mme non_eps_service_config is not SMS_ORC8R, sleeping.
May 13 17:36:56 localhost smsd[403400]: INFO:root:mme non_eps_service_config is not SMS_ORC8R, sleeping.
May 13 17:37:00 localhost control_proxy[403480]: 2022-05-13T17:36:59.774Z [127.0.0.1 -> streamer-controller.magmasi.wavelabs.in,8443] "POST /magma.orc8r.Streamer/GetUpdates HTTP/2" 200 173bytes 0.509s
May 13 17:37:00 localhost policydb[403377]: INFO:root:Processing 4 policy updates (resync=True)
May 13 17:37:00 localhost control_proxy[403480]: 2022-05-13T17:37:00.286Z [127.0.0.1 -> streamer-controller.magmasi.wavelabs.in,8443] "POST /magma.orc8r.Streamer/GetUpdates HTTP/2" 200 7bytes 0.258s
May 13 17:37:00 localhost policydb[403377]: INFO:root:Processing 0 basename -> policy updates
May 13 17:37:00 localhost control_proxy[403480]: 2022-05-13T17:37:00.286Z [127.0.0.1 -> streamer-controller.magmasi.wavelabs.in,8443] "POST /magma.orc8r.Streamer/GetUpdates HTTP/2" 200 13536bytes 0.305s
May 13 17:37:00 localhost policydb[403377]: INFO:root:Processing 223 SID -> apn -> policy updates
May 13 17:37:01 localhost control_proxy[403480]: 2022-05-13T17:37:00.286Z [127.0.0.1 -> streamer-controller.magmasi.wavelabs.in,8443] "POST /magma.orc8r.Streamer/GetUpdates HTTP/2" 200 7bytes 0.257s
May 13 17:37:01 localhost policydb[403377]: INFO:root:Processing 0 rating group updates
May 13 17:37:01 localhost smsd[403400]: INFO:root:mme non_eps_service_config is not SMS_ORC8R, sleeping.
May 13 17:37:02 localhost mobilityd[403303]: INFO:root:Using GW info: {'default': {2: ('172.16.4.1', 'eth0')}, 2: [('172.16.4.1', 'eth0', True)]}
May 13 17:37:02 localhost mobilityd[403303]: INFO:root:GW-v6 probe: timer started
May 13 17:37:06 localhost smsd[403400]: INFO:root:mme non_eps_service_config is not SMS_ORC8R, sleeping.
May 13 17:37:17 localhost smsd[403400]: message repeated 2 times: [ INFO:root:mme non_eps_service_config is not SMS_ORC8R, sleeping.]
May 13 17:37:18 localhost sctpd[403589]: I0513 17:37:18.277041 404075 sctp_connection.cpp:195] Unhandled notification type 32776
May 13 17:37:20 localhost magmad[403231]: ERROR:root:Metrics upload error for service subscriberdb (chunk 0)! [StatusCode.DEADLINE_EXCEEDED] Deadline Exceeded
May 13 17:37:20 localhost magmad[403231]: ERROR:root:Metrics upload error for service mobilityd (chunk 0)! [StatusCode.DEADLINE_EXCEEDED] Deadline Exceeded
May 13 17:37:20 localhost magmad[403231]: ERROR:root:Metrics upload error for service mme (chunk 0)! [StatusCode.DEADLINE_EXCEEDED] Deadline Exceeded
May 13 17:37:20 localhost magmad[403231]: ERROR:root:Metrics upload error for service magmad (chunk 0)! [StatusCode.DEADLINE_EXCEEDED] Deadline Exceeded
May 13 17:37:20 localhost magmad[403231]: ERROR:root:Metrics upload error for service enodebd (chunk 0)! [StatusCode.DEADLINE_EXCEEDED] Deadline Exceeded
May 13 17:37:22 localhost smsd[403400]: INFO:root:mme non_eps_service_config is not SMS_ORC8R, sleeping.
May 13 17:37:22 localhost mobilityd[403303]: INFO:root:Using GW info: {'default': {2: ('172.16.4.1', 'eth0')}, 2: [('172.16.4.1', 'eth0', True)]}
May 13 17:37:22 localhost mobilityd[403303]: INFO:root:GW-v6 probe: timer started
May 13 17:37:22 localhost magmad[403231]: INFO:root:[SyncRPC] Got heartBeat from cloud
May 13 17:37:27 localhost smsd[403400]: INFO:root:mme non_eps_service_config is not SMS_ORC8R, sleeping.
May 13 17:37:30 localhost magmad[403231]: INFO:root:Setting logging level to INFO
May 13 17:37:32 localhost smsd[403400]: INFO:root:mme non_eps_service_config is not SMS_ORC8R, sleeping.
May 13 17:37:42 localhost smsd[403400]: message repeated 2 times: [ INFO:root:mme non_eps_service_config is not SMS_ORC8R, sleeping.]
May 13 17:37:42 localhost mobilityd[403303]: INFO:root:Using GW info: {'default': {2: ('172.16.4.1', 'eth0')}, 2: [('172.16.4.1', 'eth0', True)]}
May 13 17:37:42 localhost mobilityd[403303]: INFO:root:GW-v6 probe: timer started
May 13 17:37:46 localhost sctpd[403589]: I0513 17:37:46.938153 404075 sctp_connection.cpp:195] Unhandled notification type 32776
May 13 17:37:47 localhost smsd[403400]: INFO:root:mme non_eps_service_config is not SMS_ORC8R, sleeping.
May 13 17:37:48 localhost magmad[403231]: ERROR:root:Metrics upload error for service pipelined (chunk 0)! [StatusCode.DEADLINE_EXCEEDED] Deadline Exceeded
May 13 17:37:48 localhost magmad[403231]: ERROR:root:Metrics upload error for service state (chunk 0)! [StatusCode.DEADLINE_EXCEEDED] Deadline Exceeded
May 13 17:37:48 localhost magmad[403231]: ERROR:root:Metrics upload error for service sessiond (chunk 0)! [StatusCode.DEADLINE_EXCEEDED] Deadline Exceeded
May 13 17:37:49 localhost control_proxy[403480]: 2022-05-13T17:37:49.026Z [127.0.0.1 -> state-controller.magmasi.wavelabs.in,8443] "POST /magma.orc8r.StateService/ReportStates HTTP/2" 200 5bytes 0.501s
May 13 17:37:49 localhost magmad[403231]: INFO:root:Checkin Successful! Successfully sent states to the cloud!
May 13 17:37:52 localhost smsd[403400]: INFO:root:mme non_eps_service_config is not SMS_ORC8R, sleeping.
May 13 17:37:57 localhost smsd[403400]: INFO:root:mme non_eps_service_config is not SMS_ORC8R, sleeping.
May 13 17:38:01 localhost control_proxy[403480]: 2022-05-13T17:38:01.125Z [127.0.0.1 -> streamer-controller.magmasi.wavelabs.in,8443] "POST /magma.orc8r.Streamer/GetUpdates HTTP/2" 200 173bytes 0.525s
May 13 17:38:01 localhost policydb[403377]: INFO:root:Processing 4 policy updates (resync=True)
