Apr 12 18:24:29 localhost control_proxy[419590]: 2022-04-12T18:24:28.197Z [127.0.0.1 -> streamer-controller.magmasi.wavelabs.in,8443] "POST /magma.orc8r.Streamer/GetUpdates HTTP/2" 200 7bytes 0.269s
Apr 12 18:24:29 localhost policydb[419541]: INFO:root:Processing 0 rating group updates
Apr 12 18:24:32 localhost smsd[419555]: INFO:root:mme non_eps_service_config is not SMS_ORC8R, sleeping.
Apr 12 18:24:34 localhost mobilityd[419462]: INFO:root:Using GW info: {'default': {2: ('172.16.4.1', 'eth0')}, 2: [('172.16.4.1', 'eth0', True)]}
Apr 12 18:24:34 localhost mobilityd[419462]: INFO:root:GW-v6 probe: timer started
Apr 12 18:24:35 localhost magmad[419393]: ERROR:root:Metrics upload error for service subscriberdb (chunk 0)! [StatusCode.DEADLINE_EXCEEDED] Deadline Exceeded
Apr 12 18:24:35 localhost magmad[419393]: ERROR:root:Metrics upload error for service mobilityd (chunk 0)! [StatusCode.DEADLINE_EXCEEDED] Deadline Exceeded
Apr 12 18:24:35 localhost magmad[419393]: ERROR:root:Metrics upload error for service mme (chunk 0)! [StatusCode.DEADLINE_EXCEEDED] Deadline Exceeded
Apr 12 18:24:35 localhost magmad[419393]: ERROR:root:Metrics upload error for service magmad (chunk 0)! [StatusCode.DEADLINE_EXCEEDED] Deadline Exceeded
Apr 12 18:24:35 localhost magmad[419393]: ERROR:root:Metrics upload error for service enodebd (chunk 0)! [StatusCode.DEADLINE_EXCEEDED] Deadline Exceeded
Apr 12 18:24:35 localhost magmad[419393]: ERROR:root:Metrics upload error for service pipelined (chunk 0)! [StatusCode.DEADLINE_EXCEEDED] Deadline Exceeded
Apr 12 18:24:35 localhost magmad[419393]: ERROR:root:Metrics upload error for service state (chunk 0)! [StatusCode.DEADLINE_EXCEEDED] Deadline Exceeded
Apr 12 18:24:35 localhost magmad[419393]: ERROR:root:Metrics upload error for service sessiond (chunk 0)! [StatusCode.DEADLINE_EXCEEDED] Deadline Exceeded
Apr 12 18:24:37 localhost smsd[419555]: INFO:root:mme non_eps_service_config is not SMS_ORC8R, sleeping.
Apr 12 18:24:40 localhost sctpd[419727]: I0412 18:24:40.868714 420169 sctp_connection.cpp:195] Unhandled notification type 32776
Apr 12 18:24:41 localhost sctpd[419727]: I0412 18:24:41.925513 420169 sctp_connection.cpp:195] Unhandled notification type 32777
Apr 12 18:24:42 localhost smsd[419555]: INFO:root:mme non_eps_service_config is not SMS_ORC8R, sleeping.
Apr 12 18:24:43 localhost dhclient[601]: DHCPREQUEST for 172.16.5.121 on eth1 to 255.255.255.255 port 67 (xid=0x6123bf67)
Apr 12 18:24:47 localhost smsd[419555]: INFO:root:mme non_eps_service_config is not SMS_ORC8R, sleeping.
Apr 12 18:24:52 localhost dhclient[601]: DHCPREQUEST for 172.16.5.121 on eth1 to 255.255.255.255 port 67 (xid=0x6123bf67)
Apr 12 18:24:52 localhost smsd[419555]: INFO:root:mme non_eps_service_config is not SMS_ORC8R, sleeping.
Apr 12 18:24:54 localhost mobilityd[419462]: INFO:root:Using GW info: {'default': {2: ('172.16.4.1', 'eth0')}, 2: [('172.16.4.1', 'eth0', True)]}
Apr 12 18:24:54 localhost mobilityd[419462]: INFO:root:GW-v6 probe: timer started
Apr 12 18:24:55 localhost control_proxy[419590]: 2022-04-12T18:23:55.696Z [127.0.0.1 -> streamer-controller.magmasi.wavelabs.in,8443] "POST /magma.orc8r.Streamer/GetUpdates HTTP/2" 200 0bytes 60.256s
Apr 12 18:24:55 localhost magmad[419393]: ERROR:root:Error! Streaming from the cloud failed! [StatusCode.ABORTED] error while streaming updates: rpc error: code = DeadlineExceeded desc = context deadline exceeded
Apr 12 18:24:57 localhost smsd[419555]: INFO:root:mme non_eps_service_config is not SMS_ORC8R, sleeping.
Apr 12 18:24:59 localhost magmad[419393]: INFO:root:[SyncRPC] Got heartBeat from cloud
Apr 12 18:25:02 localhost smsd[419555]: INFO:root:mme non_eps_service_config is not SMS_ORC8R, sleeping.
Apr 12 18:25:03 localhost dhclient[601]: DHCPREQUEST for 172.16.5.121 on eth1 to 255.255.255.255 port 67 (xid=0x6123bf67)
Apr 12 18:25:04 localhost sctpd[419727]: I0412 18:25:04.182994 420169 sctp_connection.cpp:195] Unhandled notification type 32776
Apr 12 18:25:05 localhost sctpd[419727]: I0412 18:25:05.239847 420169 sctp_connection.cpp:195] Unhandled notification type 32777
Apr 12 18:25:07 localhost smsd[419555]: INFO:root:mme non_eps_service_config is not SMS_ORC8R, sleeping.
Apr 12 18:25:12 localhost smsd[419555]: INFO:root:mme non_eps_service_config is not SMS_ORC8R, sleeping.
Apr 12 18:25:14 localhost mobilityd[419462]: INFO:root:Using GW info: {'default': {2: ('172.16.4.1', 'eth0')}, 2: [('172.16.4.1', 'eth0', True)]}
Apr 12 18:25:14 localhost mobilityd[419462]: INFO:root:GW-v6 probe: timer started
Apr 12 18:25:15 localhost dhclient[601]: DHCPREQUEST for 172.16.5.121 on eth1 to 255.255.255.255 port 67 (xid=0x6123bf67)
Apr 12 18:25:17 localhost smsd[419555]: INFO:root:mme non_eps_service_config is not SMS_ORC8R, sleeping.
Apr 12 18:25:22 localhost smsd[419555]: INFO:root:mme non_eps_service_config is not SMS_ORC8R, sleeping.
Apr 12 18:25:26 localhost magmad[419393]: INFO:root:Setting logging level to INFO
Apr 12 18:25:27 localhost smsd[419555]: INFO:root:mme non_eps_service_config is not SMS_ORC8R, sleeping.
Apr 12 18:25:27 localhost sctpd[419727]: I0412 18:25:27.674032 420169 sctp_connection.cpp:195] Unhandled notification type 32776
Apr 12 18:25:28 localhost sctpd[419727]: I0412 18:25:28.738481 420169 sctp_connection.cpp:195] Unhandled notification type 32777
Apr 12 18:25:29 localhost control_proxy[419590]: 2022-04-12T18:25:29.112Z [127.0.0.1 -> streamer-controller.magmasi.wavelabs.in,8443] "POST /magma.orc8r.Streamer/GetUpdates HTTP/2" 200 173bytes 0.528s
Apr 12 18:25:29 localhost policydb[419541]: INFO:root:Processing 4 policy updates (resync=True)
Apr 12 18:25:29 localhost control_proxy[419590]: 2022-04-12T18:25:29.112Z [127.0.0.1 -> streamer-controller.magmasi.wavelabs.in,8443] "POST /magma.orc8r.Streamer/GetUpdates HTTP/2" 200 7bytes 0.278s
Apr 12 18:25:29 localhost policydb[419541]: INFO:root:Processing 0 basename -> policy updates
Apr 12 18:25:30 localhost control_proxy[419590]: 2022-04-12T18:25:29.112Z [127.0.0.1 -> streamer-controller.magmasi.wavelabs.in,8443] "POST /magma.orc8r.Streamer/GetUpdates HTTP/2" 200 13513bytes 0.307s
Apr 12 18:25:30 localhost policydb[419541]: INFO:root:Processing 222 SID -> apn -> policy updates
Apr 12 18:25:30 localhost control_proxy[419590]: 2022-04-12T18:25:30.242Z [127.0.0.1 -> streamer-controller.magmasi.wavelabs.in,8443] "POST /magma.orc8r.Streamer/GetUpdates HTTP/2" 200 7bytes 0.267s
Apr 12 18:25:30 localhost policydb[419541]: INFO:root:Processing 0 rating group updates
Apr 12 18:25:32 localhost smsd[419555]: INFO:root:mme non_eps_service_config is not SMS_ORC8R, sleeping.
Apr 12 18:25:34 localhost mobilityd[419462]: INFO:root:Using GW info: {'default': {2: ('172.16.4.1', 'eth0')}, 2: [('172.16.4.1', 'eth0', True)]}
Apr 12 18:25:34 localhost mobilityd[419462]: INFO:root:GW-v6 probe: timer started
Apr 12 18:25:35 localhost dhclient[601]: DHCPREQUEST for 172.16.5.121 on eth1 to 255.255.255.255 port 67 (xid=0x6123bf67)
Apr 12 18:25:37 localhost smsd[419555]: INFO:root:mme non_eps_service_config is not SMS_ORC8R, sleeping.
Apr 12 18:25:42 localhost smsd[419555]: INFO:root:mme non_eps_service_config is not SMS_ORC8R, sleeping.
Apr 12 18:25:44 localhost magmad[419393]: ERROR:root:Metrics upload error for service subscriberdb (chunk 0)! [StatusCode.DEADLINE_EXCEEDED] Deadline Exceeded
Apr 12 18:25:44 localhost magmad[419393]: ERROR:root:Metrics upload error for service mobilityd (chunk 0)! [StatusCode.DEADLINE_EXCEEDED] Deadline Exceeded
Apr 12 18:25:44 localhost magmad[419393]: ERROR:root:Metrics upload error for service mme (chunk 0)! [StatusCode.DEADLINE_EXCEEDED] Deadline Exceeded
Apr 12 18:25:44 localhost magmad[419393]: ERROR:root:Metrics upload error for service magmad (chunk 0)! [StatusCode.DEADLINE_EXCEEDED] Deadline Exceeded
Apr 12 18:25:44 localhost magmad[419393]: ERROR:root:Metrics upload error for service enodebd (chunk 0)! [StatusCode.DEADLINE_EXCEEDED] Deadline Exceeded
Apr 12 18:25:44 localhost magmad[419393]: ERROR:root:Metrics upload error for service pipelined (chunk 0)! [StatusCode.DEADLINE_EXCEEDED] Deadline Exceeded
Apr 12 18:25:44 localhost magmad[419393]: ERROR:root:Metrics upload error for service state (chunk 0)! [StatusCode.DEADLINE_EXCEEDED] Deadline Exceeded
Apr 12 18:25:44 localhost magmad[419393]: ERROR:root:Metrics upload error for service sessiond (chunk 0)! [StatusCode.DEADLINE_EXCEEDED] Deadline Exceeded
Apr 12 18:25:44 localhost magmad[419393]: INFO:root:Checking for upgrade...
Apr 12 18:25:44 localhost magmad[419393]: WARNING:root:magmad package_version config missing or set to default 0.0.0-0, skipping upgrade
Apr 12 18:25:45 localhost control_proxy[419590]: 2022-04-12T18:25:44.891Z [127.0.0.1 -> state-controller.magmasi.wavelabs.in,8443] "POST /magma.orc8r.StateService/ReportStates HTTP/2" 200 5bytes 0.566s
Apr 12 18:25:45 localhost magmad[419393]: INFO:root:Checkin Successful! Successfully sent states to the cloud!
Apr 12 18:25:47 localhost smsd[419555]: INFO:root:mme non_eps_service_config is not SMS_ORC8R, sleeping.
Apr 12 18:25:52 localhost dhclient[601]: DHCPREQUEST for 172.16.5.121 on eth1 to 255.255.255.255 port 67 (xid=0x6123bf67)
Apr 12 18:25:52 localhost smsd[419555]: INFO:root:mme non_eps_service_config is not SMS_ORC8R, sleeping.
Apr 12 18:25:54 localhost mobilityd[419462]: INFO:root:Using GW info: {'default': {2: ('172.16.4.1', 'eth0')}, 2: [('172.16.4.1', 'eth0', True)]}
Apr 12 18:25:54 localhost mobilityd[419462]: INFO:root:GW-v6 probe: timer started
Apr 12 18:25:57 localhost smsd[419555]: INFO:root:mme non_eps_service_config is not SMS_ORC8R, sleeping.
Apr 12 18:25:59 localhost magmad[419393]: INFO:root:[SyncRPC] Got heartBeat from cloud
Apr 12 18:26:02 localhost smsd[419555]: INFO:root:mme non_eps_service_config is not SMS_ORC8R, sleeping.
Apr 12 18:26:03 localhost dhclient[601]: DHCPREQUEST for 172.16.5.121 on eth1 to 255.255.255.255 port 67 (xid=0x6123bf67)
Apr 12 18:26:07 localhost smsd[419555]: INFO:root:mme non_eps_service_config is not SMS_ORC8R, sleeping.
Apr 12 18:26:12 localhost smsd[419555]: INFO:root:mme non_eps_service_config is not SMS_ORC8R, sleeping.
Apr 12 18:26:14 localhost mobilityd[419462]: INFO:root:Using GW info: {'default': {2: ('172.16.4.1', 'eth0')}, 2: [('172.16.4.1', 'eth0', True)]}
Apr 12 18:26:14 localhost mobilityd[419462]: INFO:root:GW-v6 probe: timer started
Apr 12 18:26:16 localhost sctpd[419727]: I0412 18:26:16.097513 420169 sctp_connection.cpp:195] Unhandled notification type 32776
Apr 12 18:26:16 localhost sctpd[419727]: I0412 18:26:16.240590 420169 sctp_connection.cpp:195] Unhandled notification type 32776
Apr 12 18:26:17 localhost sctpd[419727]: I0412 18:26:17.295794 420169 sctp_connection.cpp:195] Unhandled notification type 32777
Apr 12 18:26:17 localhost sctpd[419727]: I0412 18:26:17.401769 420169 sctp_connection.cpp:195] Unhandled notification type 32777
Apr 12 18:26:17 localhost sessiond[419471]: I0412 18:26:17.522866 419471 SetMessageManagerHandler.cpp:142] Release request for session from IMSI: IMSI222700000000001 pdu_id 1
Apr 12 18:26:17 localhost mobilityd[419462]: INFO:root:Released IP 192.168.128.111 for sid IMSI222700000000001
Apr 12 18:26:17 localhost sctpd[419727]: I0412 18:26:17.639554 420169 sctp_connection.cpp:195] Unhandled notification type 32777
Apr 12 18:26:17 localhost sctpd[419727]: I0412 18:26:17.753165 420169 sctp_connection.cpp:195] Unhandled notification type 32777
Apr 12 18:26:17 localhost mme[420130]: [DEBUG] Sending S6A-UPDATE_LOCATION_REQUEST with IMSI: 222700000000001
Apr 12 18:26:17 localhost mme[420130]: [INFO] Received S6A-LOCATION-UPDATE_ANSWER for IMSI: 222700000000001; Status: ; StatusCode: 2001
Apr 12 18:26:17 localhost mme[420130]: [INFO] sent itti S6A-LOCATION-UPDATE_ANSWER for IMSI: 222700000000001
Apr 12 18:26:17 localhost smsd[419555]: INFO:root:mme non_eps_service_config is not SMS_ORC8R, sleeping.
Apr 12 18:26:17 localhost sctpd[419727]: I0412 18:26:17.873993 420169 sctp_connection.cpp:195] Unhandled notification type 32777
Apr 12 18:26:20 localhost sctpd[419727]: I0412 18:26:20.496645 420169 sctp_connection.cpp:195] Unhandled notification type 32777
Apr 12 18:26:22 localhost policydb[419541]: INFO:root:Terminating session: IMSI222700000000001-964192
Apr 12 18:26:22 localhost eventd[419546]: DEBUG:root:Logging event: stream_name: "sessiond"
Apr 12 18:26:22 localhost eventd[419546]: event_type: "session_terminated"
Apr 12 18:26:22 localhost eventd[419546]: tag: "IMSI222700000000001"
Apr 12 18:26:22 localhost eventd[419546]: value: "{\"mac_addr\":\"\",\"user_location\":\"\",\"spgw_ip\":\"\",\"imei\":\"\",\"record_sequence_number\":1,\"pdp_end_time\":0,\"charging_rx\":0,\"duration\":-1,\"ip_addr\":\"192.168.128.111\",\"monitoring_tx\":0,\"ipv6_addr\":\"\",\"msisdn\":\"\",\"apn\":\"default\",\"session_id\":\"IMSI222700000000001-964192\",\"list_of_service_data\":[],\"charging_characteristics\":\"\",\"total_tx\":0,\"cause_for_rec_closing\":0,\"imsi\":\"IMSI222700000000001\",\"total_rx\":0,\"monitoring_rx\":0,\"charging_tx\":0,\"pdp_start_time\":1}"
Apr 12 18:26:22 localhost eventd[419546]: ERROR:root:Connection to FluentBit failed: [Errno 111] Connection refused
Apr 12 18:26:22 localhost eventd[419546]: INFO:root:FluentBit (td-agent-bit) may not be enabled or configured correctly
Apr 12 18:26:22 localhost sessiond[419471]: I0412 18:26:22.533376 419484 SessionEvents.cpp:291] Could not log session_terminated event {"mac_addr":"","user_location":"","spgw_ip":"","imei":"","record_sequence_number":1,"pdp_end_time":0,"charging_rx":0,"duration":-1,"ip_addr":"192.168.128.111","monitoring_tx":0,"ipv6_addr":"","msisdn":"","apn":"default","session_id":"IMSI222700000000001-964192","list_of_service_data":[],"charging_characteristics":"","total_tx":0,"cause_for_rec_closing":0,"imsi":"IMSI222700000000001","total_rx":0,"monitoring_rx":0,"charging_tx":0,"pdp_start_time":1}, Error Message: Could not connect to FluentBit locally, Details: [Errno 111] Connection refused
Apr 12 18:26:22 localhost smsd[419555]: INFO:root:mme non_eps_service_config is not SMS_ORC8R, sleeping.
Apr 12 18:26:23 localhost dhclient[601]: DHCPREQUEST for 172.16.5.121 on eth1 to 255.255.255.255 port 67 (xid=0x6123bf67)
Apr 12 18:26:24 localhost sctpd[419727]: I0412 18:26:24.670686 420169 sctp_connection.cpp:195] Unhandled notification type 32777
Apr 12 18:26:24 localhost sctpd[419727]: I0412 18:26:24.785408 420169 sctp_connection.cpp:195] Unhandled notification type 32777
Apr 12 18:26:24 localhost mme[420130]: [DEBUG] Sending S6A-UPDATE_LOCATION_REQUEST with IMSI: 222700000000001
Apr 12 18:26:24 localhost mme[420130]: [INFO] Received S6A-LOCATION-UPDATE_ANSWER for IMSI: 222700000000001; Status: ; StatusCode: 2001
Apr 12 18:26:24 localhost mme[420130]: [INFO] sent itti S6A-LOCATION-UPDATE_ANSWER for IMSI: 222700000000001
Apr 12 18:26:24 localhost sctpd[419727]: I0412 18:26:24.900023 420169 sctp_connection.cpp:195] Unhandled notification type 32777
Apr 12 18:26:27 localhost sctpd[419727]: I0412 18:26:27.332656 420169 sctp_connection.cpp:195] Unhandled notification type 32777
Apr 12 18:26:27 localhost smsd[419555]: INFO:root:mme non_eps_service_config is not SMS_ORC8R, sleeping.
Apr 12 18:26:31 localhost control_proxy[419590]: 2022-04-12T18:26:30.550Z [127.0.0.1 -> streamer-controller.magmasi.wavelabs.in,8443] "POST /magma.orc8r.Streamer/GetUpdates HTTP/2" 200 173bytes 0.528s
Apr 12 18:26:31 localhost policydb[419541]: INFO:root:Processing 4 policy updates (resync=True)
Apr 12 18:26:31 localhost control_proxy[419590]: 2022-04-12T18:26:31.082Z [127.0.0.1 -> streamer-controller.magmasi.wavelabs.in,8443] "POST /magma.orc8r.Streamer/GetUpdates HTTP/2" 200 7bytes 0.273s
Apr 12 18:26:31 localhost policydb[419541]: INFO:root:Processing 0 basename -> policy updates
Apr 12 18:26:31 localhost control_proxy[419590]: 2022-04-12T18:26:31.082Z [127.0.0.1 -> streamer-controller.magmasi.wavelabs.in,8443] "POST /magma.orc8r.Streamer/GetUpdates HTTP/2" 200 13513bytes 0.304s
Apr 12 18:26:31 localhost policydb[419541]: INFO:root:Processing 222 SID -> apn -> policy updates
Apr 12 18:26:31 localhost control_proxy[419590]: 2022-04-12T18:26:31.082Z [127.0.0.1 -> streamer-controller.magmasi.wavelabs.in,8443] "POST /magma.orc8r.Streamer/GetUpdates HTTP/2" 200 7bytes 0.266s
Apr 12 18:26:31 localhost policydb[419541]: INFO:root:Processing 0 rating group updates
Apr 12 18:26:32 localhost smsd[419555]: INFO:root:mme non_eps_service_config is not SMS_ORC8R, sleeping.
Apr 12 18:26:34 localhost mobilityd[419462]: INFO:root:Using GW info: {'default': {2: ('172.16.4.1', 'eth0')}, 2: [('172.16.4.1', 'eth0', True)]}
Apr 12 18:26:34 localhost mobilityd[419462]: INFO:root:GW-v6 probe: timer started
Apr 12 18:26:35 localhost magmad[419393]: ERROR:root:Metrics upload error for service subscriberdb (chunk 0)! [StatusCode.DEADLINE_EXCEEDED] Deadline Exceeded
Apr 12 18:26:35 localhost magmad[419393]: ERROR:root:Metrics upload error for service mobilityd (chunk 0)! [StatusCode.DEADLINE_EXCEEDED] Deadline Exceeded
Apr 12 18:26:35 localhost magmad[419393]: ERROR:root:Metrics upload error for service mme (chunk 0)! [StatusCode.DEADLINE_EXCEEDED] Deadline Exceeded
Apr 12 18:26:35 localhost magmad[419393]: ERROR:root:Metrics upload error for service magmad (chunk 0)! [StatusCode.DEADLINE_EXCEEDED] Deadline Exceeded
Apr 12 18:26:35 localhost magmad[419393]: ERROR:root:Metrics upload error for service enodebd (chunk 0)! [StatusCode.DEADLINE_EXCEEDED] Deadline Exceeded
Apr 12 18:26:35 localhost magmad[419393]: ERROR:root:Metrics upload error for service pipelined (chunk 0)! [StatusCode.DEADLINE_EXCEEDED] Deadline Exceeded
Apr 12 18:26:35 localhost magmad[419393]: ERROR:root:Metrics upload error for service state (chunk 0)! [StatusCode.DEADLINE_EXCEEDED] Deadline Exceeded
Apr 12 18:26:35 localhost magmad[419393]: ERROR:root:Metrics upload error for service sessiond (chunk 0)! [StatusCode.DEADLINE_EXCEEDED] Deadline Exceeded
Apr 12 18:26:37 localhost smsd[419555]: INFO:root:mme non_eps_service_config is not SMS_ORC8R, sleeping.
Apr 12 18:26:42 localhost smsd[419555]: INFO:root:mme non_eps_service_config is not SMS_ORC8R, sleeping.
Apr 12 18:26:43 localhost dhclient[601]: DHCPREQUEST for 172.16.5.121 on eth1 to 255.255.255.255 port 67 (xid=0x6123bf67)
Apr 12 18:26:44 localhost sctpd[419727]: I0412 18:26:44.552325 420169 sctp_connection.cpp:195] Unhandled notification type 32776
Apr 12 18:26:45 localhost magmad[419393]: INFO:root:Setting logging level to INFO
Apr 12 18:26:47 localhost smsd[419555]: INFO:root:mme non_eps_service_config is not SMS_ORC8R, sleeping.
Apr 12 18:26:53 localhost smsd[419555]: INFO:root:mme non_eps_service_config is not SMS_ORC8R, sleeping.
Apr 12 18:26:54 localhost sctpd[419727]: I0412 18:26:54.769117 420169 sctp_connection.cpp:195] Unhandled notification type 32777
Apr 12 18:26:54 localhost mobilityd[419462]: INFO:root:Using GW info: {'default': {2: ('172.16.4.1', 'eth0')}, 2: [('172.16.4.1', 'eth0', True)]}
Apr 12 18:26:54 localhost mobilityd[419462]: INFO:root:GW-v6 probe: timer started
Apr 12 18:26:54 localhost sctpd[419727]: I0412 18:26:54.996055 420169 sctp_connection.cpp:195] Unhandled notification type 32777
Apr 12 18:26:55 localhost sctpd[419727]: I0412 18:26:55.119275 420169 sctp_connection.cpp:195] Unhandled notification type 32777
Apr 12 18:26:55 localhost sctpd[419727]: I0412 18:26:55.239148 420169 sctp_connection.cpp:195] Unhandled notification type 32777
Apr 12 18:26:55 localhost mme[420130]: [DEBUG] Sending S6A-UPDATE_LOCATION_REQUEST with IMSI: 222700000000001
Apr 12 18:26:55 localhost mme[420130]: [INFO] Received S6A-LOCATION-UPDATE_ANSWER for IMSI: 222700000000001; Status: ; StatusCode: 2001
Apr 12 18:26:55 localhost mme[420130]: [INFO] sent itti S6A-LOCATION-UPDATE_ANSWER for IMSI: 222700000000001
Apr 12 18:26:55 localhost sctpd[419727]: I0412 18:26:55.357205 420169 sctp_connection.cpp:195] Unhandled notification type 32777
Apr 12 18:26:55 localhost mobilityd[419462]: INFO:root:Allocated IP 192.168.128.112 for sid IMSI222700000000001 for apn internet
Apr 12 18:26:55 localhost policydb[419541]: INFO:root:Creating a session for subscriber ID: IMSI222700000000001
Apr 12 18:26:55 localhost sessiond[419471]: I0412 18:26:55.590214 419471 SetMessageManagerHandler.cpp:342] Processing a CreateSessionResponse for IMSI222700000000001-576805
Apr 12 18:26:55 localhost sessiond[419471]: I0412 18:26:55.590413 419471 SessionState.cpp:2774] RuleID allowlist_sid-IMSI222700000000001-internet doesn't have a version registered for IMSI222700000000001-576805, this is unexpected
Apr 12 18:26:55 localhost mme[420130]: PDUSessionResourceSetupRequestTransfer ::= {
Apr 12 18:26:55 localhost mme[420130]:     protocolIEs: ProtocolIE-Container ::= {
Apr 12 18:26:55 localhost mme[420130]:         PDUSessionResourceSetupRequestTransferIEs ::= {
Apr 12 18:26:55 localhost mme[420130]:             id: 130
Apr 12 18:26:55 localhost mme[420130]:             criticality: 0 (reject)
Apr 12 18:26:55 localhost mme[420130]:             value: PDUSessionAggregateMaximumBitRate ::= {
Apr 12 18:26:55 localhost mme[420130]:                 pDUSessionAggregateMaximumBitRateDL: 1000000
Apr 12 18:26:55 localhost mme[420130]:                 pDUSessionAggregateMaximumBitRateUL: 1000000
Apr 12 18:26:55 localhost mme[420130]:             }
Apr 12 18:26:55 localhost mme[420130]:         }
Apr 12 18:26:55 localhost mme[420130]:         PDUSessionResourceSetupRequestTransferIEs ::= {
Apr 12 18:26:55 localhost mme[420130]:             id: 139
Apr 12 18:26:55 localhost mme[420130]:             criticality: 0 (reject)
Apr 12 18:26:55 localhost mme[420130]:             value: GTPTunnel ::= {
Apr 12 18:26:55 localhost mme[420130]:                 transportLayerAddress: AC 10 05 79
Apr 12 18:26:55 localhost mme[420130]:                 gTP-TEID: 80 00 00 08
Apr 12 18:26:55 localhost mme[420130]:             }
Apr 12 18:26:55 localhost mme[420130]:         }
Apr 12 18:26:55 localhost mme[420130]:         PDUSessionResourceSetupRequestTransferIEs ::= {
Apr 12 18:26:55 localhost mme[420130]:             id: 134
Apr 12 18:26:55 localhost mme[420130]:             criticality: 0 (reject)
Apr 12 18:26:55 localhost mme[420130]:             value: 0 (ipv4)
Apr 12 18:26:55 localhost mme[420130]:         }
Apr 12 18:26:55 localhost mme[420130]:         PDUSessionResourceSetupRequestTransferIEs ::= {
Apr 12 18:26:55 localhost mme[420130]:             id: 136
Apr 12 18:26:55 localhost mme[420130]:             criticality: 0 (reject)
Apr 12 18:26:55 localhost mme[420130]:             value: QosFlowSetupRequestList ::= {
Apr 12 18:26:55 localhost mme[420130]:                 QosFlowSetupRequestItem ::= {
Apr 12 18:26:55 localhost mme[420130]:                     qosFlowIdentifier: 9
Apr 12 18:26:55 localhost mme[420130]:                     qosFlowLevelQosParameters: QosFlowLevelQosParameters ::= {
Apr 12 18:26:55 localhost mme[420130]:                         qosCharacteristics: NonDynamic5QIDescriptor ::= {
Apr 12 18:26:55 localhost mme[420130]:                             fiveQI: 9
Apr 12 18:26:55 localhost mme[420130]:                         }
Apr 12 18:26:55 localhost mme[420130]:                         allocationAndRetentionPriority: AllocationAndRetentionPriority ::= {
Apr 12 18:26:55 localhost mme[420130]:                             priorityLevelARP: 15
Apr 12 18:26:55 localhost mme[420130]:                             pre-emptionCapability: 1 (may-trigger-pre-emption)
Apr 12 18:26:55 localhost mme[420130]:                             pre-emptionVulnerability: 1 (pre-emptable)
Apr 12 18:26:55 localhost mme[420130]:                         }
Apr 12 18:26:55 localhost mme[420130]:                     }
Apr 12 18:26:55 localhost mme[420130]:                 }
Apr 12 18:26:55 localhost mme[420130]:             }
Apr 12 18:26:55 localhost mme[420130]:         }
Apr 12 18:26:55 localhost mme[420130]:     }
Apr 12 18:26:55 localhost mme[420130]: }
Apr 12 18:26:55 localhost sctpd[419727]: I0412 18:26:55.663305 420169 sctp_connection.cpp:195] Unhandled notification type 32777
Apr 12 18:26:55 localhost mobilityd[419462]: INFO:root:Allocated IP 192.168.128.114 for sid IMSI222700000000001 for apn default
Apr 12 18:26:55 localhost policydb[419541]: INFO:root:Creating a session for subscriber ID: IMSI222700000000001
Apr 12 18:26:55 localhost sessiond[419471]: I0412 18:26:55.689679 419471 SetMessageManagerHandler.cpp:342] Processing a CreateSessionResponse for IMSI222700000000001-789057
Apr 12 18:26:55 localhost sessiond[419471]: I0412 18:26:55.689833 419471 SessionState.cpp:2774] RuleID allowlist_sid-IMSI222700000000001-default doesn't have a version registered for IMSI222700000000001-789057, this is unexpected
Apr 12 18:26:55 localhost mme[420130]: PDUSessionResourceSetupRequestTransfer ::= {
Apr 12 18:26:55 localhost mme[420130]:     protocolIEs: ProtocolIE-Container ::= {
Apr 12 18:26:55 localhost mme[420130]:         PDUSessionResourceSetupRequestTransferIEs ::= {
Apr 12 18:26:55 localhost mme[420130]:             id: 130
Apr 12 18:26:55 localhost mme[420130]:             criticality: 0 (reject)
Apr 12 18:26:55 localhost mme[420130]:             value: PDUSessionAggregateMaximumBitRate ::= {
Apr 12 18:26:55 localhost mme[420130]:                 pDUSessionAggregateMaximumBitRateDL: 100000000
Apr 12 18:26:55 localhost mme[420130]:                 pDUSessionAggregateMaximumBitRateUL: 100000000
Apr 12 18:26:55 localhost mme[420130]:             }
Apr 12 18:26:55 localhost mme[420130]:         }
Apr 12 18:26:55 localhost mme[420130]:         PDUSessionResourceSetupRequestTransferIEs ::= {
Apr 12 18:26:55 localhost mme[420130]:             id: 139
Apr 12 18:26:55 localhost mme[420130]:             criticality: 0 (reject)
Apr 12 18:26:55 localhost mme[420130]:             value: GTPTunnel ::= {
Apr 12 18:26:55 localhost mme[420130]:                 transportLayerAddress: AC 10 05 79
Apr 12 18:26:55 localhost mme[420130]:                 gTP-TEID: 80 00 00 09
Apr 12 18:26:55 localhost mme[420130]:             }
Apr 12 18:26:55 localhost mme[420130]:         }
Apr 12 18:26:55 localhost mme[420130]:         PDUSessionResourceSetupRequestTransferIEs ::= {
Apr 12 18:26:55 localhost mme[420130]:             id: 134
Apr 12 18:26:55 localhost mme[420130]:             criticality: 0 (reject)
Apr 12 18:26:55 localhost mme[420130]:             value: 0 (ipv4)
Apr 12 18:26:55 localhost mme[420130]:         }
Apr 12 18:26:55 localhost mme[420130]:         PDUSessionResourceSetupRequestTransferIEs ::= {
Apr 12 18:26:55 localhost mme[420130]:             id: 136
Apr 12 18:26:55 localhost mme[420130]:             criticality: 0 (reject)
Apr 12 18:26:55 localhost mme[420130]:             value: QosFlowSetupRequestList ::= {
Apr 12 18:26:55 localhost mme[420130]:                 QosFlowSetupRequestItem ::= {
Apr 12 18:26:55 localhost mme[420130]:                     qosFlowIdentifier: 9
Apr 12 18:26:55 localhost mme[420130]:                     qosFlowLevelQosParameters: QosFlowLevelQosParameters ::= {
Apr 12 18:26:55 localhost mme[420130]:                         qosCharacteristics: NonDynamic5QIDescriptor ::= {
Apr 12 18:26:55 localhost mme[420130]:                             fiveQI: 9
Apr 12 18:26:55 localhost mme[420130]:                         }
Apr 12 18:26:55 localhost mme[420130]:                         allocationAndRetentionPriority: AllocationAndRetentionPriority ::= {
Apr 12 18:26:55 localhost mme[420130]:                             priorityLevelARP: 15
Apr 12 18:26:55 localhost mme[420130]:                             pre-emptionCapability: 0 (shall-not-trigger-pre-emption)
Apr 12 18:26:55 localhost mme[420130]:                             pre-emptionVulnerability: 0 (not-pre-emptable)
Apr 12 18:26:55 localhost mme[420130]:                         }
Apr 12 18:26:55 localhost mme[420130]:                     }
Apr 12 18:26:55 localhost mme[420130]:                 }
Apr 12 18:26:55 localhost mme[420130]:             }
Apr 12 18:26:55 localhost mme[420130]:         }
Apr 12 18:26:55 localhost mme[420130]:     }
Apr 12 18:26:55 localhost mme[420130]: }
Apr 12 18:26:55 localhost sctpd[419727]: I0412 18:26:55.896733 420169 sctp_connection.cpp:195] Unhandled notification type 32777
Apr 12 18:26:56 localhost control_proxy[419590]: 2022-04-12T18:26:55.898Z [127.0.0.1 -> state-controller.magmasi.wavelabs.in,8443] "POST /magma.orc8r.StateService/ReportStates HTTP/2" 200 5bytes 0.268s
Apr 12 18:26:56 localhost control_proxy[419590]: 2022-04-12T18:25:55.996Z [127.0.0.1 -> streamer-controller.magmasi.wavelabs.in,8443] "POST /magma.orc8r.Streamer/GetUpdates HTTP/2" 200 0bytes 60.259s
Apr 12 18:26:56 localhost magmad[419393]: ERROR:root:Error! Streaming from the cloud failed! [StatusCode.ABORTED] error while streaming updates: rpc error: code = DeadlineExceeded desc = context deadline exceeded
Apr 12 18:26:56 localhost sessiond[419471]: I0412 18:26:56.906980 419471 SetMessageManagerHandler.cpp:142] Release request for session from IMSI: IMSI222700000000001 pdu_id 2
Apr 12 18:26:56 localhost sessiond[419471]: I0412 18:26:56.908653 419471 SetMessageManagerHandler.cpp:142] Release request for session from IMSI: IMSI222700000000001 pdu_id 1
Apr 12 18:26:56 localhost mobilityd[419462]: INFO:root:Released IP 192.168.128.114 for sid IMSI222700000000001
Apr 12 18:26:56 localhost mobilityd[419462]: INFO:root:Released IP 192.168.128.112 for sid IMSI222700000000001
Apr 12 18:26:57 localhost sctpd[419727]: I0412 18:26:57.165061 420169 sctp_connection.cpp:195] Unhandled notification type 32777
Apr 12 18:26:58 localhost smsd[419555]: INFO:root:mme non_eps_service_config is not SMS_ORC8R, sleeping.
Apr 12 18:26:59 localhost magmad[419393]: INFO:root:[SyncRPC] Got heartBeat from cloud
Apr 12 18:27:00 localhost dhclient[601]: DHCPREQUEST for 172.16.5.121 on eth1 to 255.255.255.255 port 67 (xid=0x6123bf67)
Apr 12 18:27:01 localhost policydb[419541]: INFO:root:Terminating session: IMSI222700000000001-576805
Apr 12 18:27:01 localhost policydb[419541]: INFO:root:Terminating session: IMSI222700000000001-789057
Apr 12 18:27:01 localhost eventd[419546]: DEBUG:root:Logging event: stream_name: "sessiond"
Apr 12 18:27:01 localhost eventd[419546]: event_type: "session_terminated"
Apr 12 18:27:01 localhost eventd[419546]: tag: "IMSI222700000000001"
Apr 12 18:27:01 localhost eventd[419546]: value: "{\"mac_addr\":\"\",\"user_location\":\"\",\"spgw_ip\":\"\",\"imei\":\"\",\"record_sequence_number\":1,\"pdp_end_time\":0,\"charging_rx\":0,\"duration\":-1,\"ip_addr\":\"192.168.128.114\",\"monitoring_tx\":0,\"ipv6_addr\":\"\",\"msisdn\":\"\",\"apn\":\"default\",\"session_id\":\"IMSI222700000000001-789057\",\"list_of_service_data\":[],\"charging_characteristics\":\"\",\"total_tx\":0,\"cause_for_rec_closing\":0,\"imsi\":\"IMSI222700000000001\",\"total_rx\":0,\"monitoring_rx\":0,\"charging_tx\":0,\"pdp_start_time\":1}"
Apr 12 18:27:01 localhost eventd[419546]: DEBUG:root:Logging event: stream_name: "sessiond"
Apr 12 18:27:01 localhost eventd[419546]: event_type: "session_terminated"
Apr 12 18:27:01 localhost eventd[419546]: tag: "IMSI222700000000001"
Apr 12 18:27:01 localhost eventd[419546]: value: "{\"mac_addr\":\"\",\"user_location\":\"\",\"spgw_ip\":\"\",\"imei\":\"\",\"record_sequence_number\":1,\"pdp_end_time\":0,\"charging_rx\":0,\"duration\":-1,\"ip_addr\":\"192.168.128.112\",\"monitoring_tx\":0,\"ipv6_addr\":\"\",\"msisdn\":\"\",\"apn\":\"internet\",\"session_id\":\"IMSI222700000000001-576805\",\"list_of_service_data\":[],\"charging_characteristics\":\"\",\"total_tx\":0,\"cause_for_rec_closing\":0,\"imsi\":\"IMSI222700000000001\",\"total_rx\":0,\"monitoring_rx\":0,\"charging_tx\":0,\"pdp_start_time\":1}"
Apr 12 18:27:01 localhost eventd[419546]: ERROR:root:Connection to FluentBit failed: [Errno 111] Connection refused
Apr 12 18:27:01 localhost eventd[419546]: INFO:root:FluentBit (td-agent-bit) may not be enabled or configured correctly
Apr 12 18:27:01 localhost sessiond[419471]: I0412 18:27:01.923646 419484 SessionEvents.cpp:291] Could not log session_terminated event {"mac_addr":"","user_location":"","spgw_ip":"","imei":"","record_sequence_number":1,"pdp_end_time":0,"charging_rx":0,"duration":-1,"ip_addr":"192.168.128.114","monitoring_tx":0,"ipv6_addr":"","msisdn":"","apn":"default","session_id":"IMSI222700000000001-789057","list_of_service_data":[],"charging_characteristics":"","total_tx":0,"cause_for_rec_closing":0,"imsi":"IMSI222700000000001","total_rx":0,"monitoring_rx":0,"charging_tx":0,"pdp_start_time":1}, Error Message: Could not connect to FluentBit locally, Details: [Errno 111] Connection refused
Apr 12 18:27:01 localhost sessiond[419471]: I0412 18:27:01.924446 419484 SessionEvents.cpp:291] Could not log session_terminated event {"mac_addr":"","user_location":"","spgw_ip":"","imei":"","record_sequence_number":1,"pdp_end_time":0,"charging_rx":0,"duration":-1,"ip_addr":"192.168.128.112","monitoring_tx":0,"ipv6_addr":"","msisdn":"","apn":"internet","session_id":"IMSI222700000000001-576805","list_of_service_data":[],"charging_characteristics":"","total_tx":0,"cause_for_rec_closing":0,"imsi":"IMSI222700000000001","total_rx":0,"monitoring_rx":0,"charging_tx":0,"pdp_start_time":1}, Error Message: Could not connect to FluentBit locally, Details: [Errno 111] Connection refused
Apr 12 18:27:01 localhost eventd[419546]: ERROR:root:Connection to FluentBit failed: [Errno 111] Connection refused
Apr 12 18:27:01 localhost eventd[419546]: INFO:root:FluentBit (td-agent-bit) may not be enabled or configured correctly
Apr 12 18:27:03 localhost smsd[419555]: INFO:root:mme non_eps_service_config is not SMS_ORC8R, sleeping.
Apr 12 18:27:04 localhost control_proxy[419590]: 2022-04-12T18:27:04.478Z [127.0.0.1 -> state-controller.magmasi.wavelabs.in,8443] "POST /magma.orc8r.StateService/ReportStates HTTP/2" 200 5bytes 0.269s
Apr 12 18:27:04 localhost magmad[419393]: INFO:root:Checkin Successful! Successfully sent states to the cloud!
Apr 12 18:27:08 localhost smsd[419555]: INFO:root:mme non_eps_service_config is not SMS_ORC8R, sleeping.
Apr 12 18:27:11 localhost dhclient[601]: DHCPREQUEST for 172.16.5.121 on eth1 to 255.255.255.255 port 67 (xid=0x6123bf67)
Apr 12 18:27:13 localhost smsd[419555]: INFO:root:mme non_eps_service_config is not SMS_ORC8R, sleeping.
Apr 12 18:27:14 localhost sctpd[419727]: I0412 18:27:14.268934 420169 sctp_connection.cpp:195] Unhandled notification type 32776
Apr 12 18:27:14 localhost mobilityd[419462]: INFO:root:Using GW info: {'default': {2: ('172.16.4.1', 'eth0')}, 2: [('172.16.4.1', 'eth0', True)]}
Apr 12 18:27:14 localhost mobilityd[419462]: INFO:root:GW-v6 probe: timer started
Apr 12 18:27:15 localhost sctpd[419727]: I0412 18:27:15.330018 420169 sctp_connection.cpp:195] Unhandled notification type 32777
Apr 12 18:27:15 localhost sctpd[419727]: I0412 18:27:15.570648 420169 sctp_connection.cpp:195] Unhandled notification type 32777
Apr 12 18:27:15 localhost sctpd[419727]: I0412 18:27:15.689994 420169 sctp_connection.cpp:195] Unhandled notification type 32777
Apr 12 18:27:18 localhost smsd[419555]: INFO:root:mme non_eps_service_config is not SMS_ORC8R, sleeping.
Apr 12 18:27:19 localhost dhclient[601]: DHCPREQUEST for 172.16.5.121 on eth1 to 255.255.255.255 port 67 (xid=0x6123bf67)
Apr 12 18:27:23 localhost smsd[419555]: INFO:root:mme non_eps_service_config is not SMS_ORC8R, sleeping.
Apr 12 18:27:28 localhost smsd[419555]: INFO:root:mme non_eps_service_config is not SMS_ORC8R, sleeping.
Apr 12 18:27:29 localhost dhclient[601]: DHCPREQUEST for 172.16.5.121 on eth1 to 255.255.255.255 port 67 (xid=0x6123bf67)
Apr 12 18:27:32 localhost control_proxy[419590]: 2022-04-12T18:27:31.964Z [127.0.0.1 -> streamer-controller.magmasi.wavelabs.in,8443] "POST /magma.orc8r.Streamer/GetUpdates HTTP/2" 200 173bytes 0.527s
Apr 12 18:27:32 localhost policydb[419541]: INFO:root:Processing 4 policy updates (resync=True)
Apr 12 18:27:32 localhost control_proxy[419590]: 2022-04-12T18:27:32.494Z [127.0.0.1 -> streamer-controller.magmasi.wavelabs.in,8443] "POST /magma.orc8r.Streamer/GetUpdates HTTP/2" 200 7bytes 0.276s
Apr 12 18:27:32 localhost policydb[419541]: INFO:root:Processing 0 basename -> policy updates
Apr 12 18:27:33 localhost control_proxy[419590]: 2022-04-12T18:27:32.494Z [127.0.0.1 -> streamer-controller.magmasi.wavelabs.in,8443] "POST /magma.orc8r.Streamer/GetUpdates HTTP/2" 200 13513bytes 0.296s
Apr 12 18:27:33 localhost policydb[419541]: INFO:root:Processing 222 SID -> apn -> policy updates
Apr 12 18:27:33 localhost smsd[419555]: INFO:root:mme non_eps_service_config is not SMS_ORC8R, sleeping.
Apr 12 18:27:33 localhost control_proxy[419590]: 2022-04-12T18:27:33.079Z [127.0.0.1 -> streamer-controller.magmasi.wavelabs.in,8443] "POST /magma.orc8r.Streamer/GetUpdates HTTP/2" 200 7bytes 0.264s
Apr 12 18:27:33 localhost policydb[419541]: INFO:root:Processing 0 rating group updates
Apr 12 18:27:33 localhost sctpd[419727]: I0412 18:27:33.440872 420169 sctp_connection.cpp:195] Unhandled notification type 32776
Apr 12 18:27:34 localhost sctpd[419727]: I0412 18:27:34.498198 420169 sctp_connection.cpp:195] Unhandled notification type 32777
Apr 12 18:27:34 localhost sctpd[419727]: I0412 18:27:34.714399 420169 sctp_connection.cpp:195] Unhandled notification type 32777
Apr 12 18:27:34 localhost mobilityd[419462]: INFO:root:Using GW info: {'default': {2: ('172.16.4.1', 'eth0')}, 2: [('172.16.4.1', 'eth0', True)]}
Apr 12 18:27:34 localhost mobilityd[419462]: INFO:root:GW-v6 probe: timer started
Apr 12 18:27:34 localhost sctpd[419727]: I0412 18:27:34.828227 420169 sctp_connection.cpp:195] Unhandled notification type 32777
Apr 12 18:27:34 localhost mme[420130]: [DEBUG] Sending S6A-UPDATE_LOCATION_REQUEST with IMSI: 222700000000001
Apr 12 18:27:34 localhost mme[420130]: [INFO] Received S6A-LOCATION-UPDATE_ANSWER for IMSI: 222700000000001; Status: ; StatusCode: 2001
Apr 12 18:27:34 localhost mme[420130]: [INFO] sent itti S6A-LOCATION-UPDATE_ANSWER for IMSI: 222700000000001
Apr 12 18:27:34 localhost sctpd[419727]: I0412 18:27:34.955755 420169 sctp_connection.cpp:195] Unhandled notification type 32777
Apr 12 18:27:35 localhost magmad[419393]: ERROR:root:Metrics upload error for service subscriberdb (chunk 0)! [StatusCode.DEADLINE_EXCEEDED] Deadline Exceeded
Apr 12 18:27:35 localhost magmad[419393]: ERROR:root:Metrics upload error for service mobilityd (chunk 0)! [StatusCode.DEADLINE_EXCEEDED] Deadline Exceeded
Apr 12 18:27:35 localhost magmad[419393]: ERROR:root:Metrics upload error for service mme (chunk 0)! [StatusCode.DEADLINE_EXCEEDED] Deadline Exceeded
Apr 12 18:27:35 localhost magmad[419393]: ERROR:root:Metrics upload error for service magmad (chunk 0)! [StatusCode.DEADLINE_EXCEEDED] Deadline Exceeded
Apr 12 18:27:35 localhost magmad[419393]: ERROR:root:Metrics upload error for service enodebd (chunk 0)! [StatusCode.DEADLINE_EXCEEDED] Deadline Exceeded
Apr 12 18:27:35 localhost magmad[419393]: ERROR:root:Metrics upload error for service pipelined (chunk 0)! [StatusCode.DEADLINE_EXCEEDED] Deadline Exceeded
Apr 12 18:27:35 localhost magmad[419393]: ERROR:root:Metrics upload error for service state (chunk 0)! [StatusCode.DEADLINE_EXCEEDED] Deadline Exceeded
Apr 12 18:27:35 localhost magmad[419393]: ERROR:root:Metrics upload error for service sessiond (chunk 0)! [StatusCode.DEADLINE_EXCEEDED] Deadline Exceeded
Apr 12 18:27:37 localhost sctpd[419727]: I0412 18:27:37.353154 420169 sctp_connection.cpp:195] Unhandled notification type 32777
Apr 12 18:27:38 localhost smsd[419555]: INFO:root:mme non_eps_service_config is not SMS_ORC8R, sleeping.
Apr 12 18:27:39 localhost sctpd[419727]: I0412 18:27:39.583475 420169 sctp_connection.cpp:195] Unhandled notification type 32777
Apr 12 18:27:39 localhost sctpd[419727]: I0412 18:27:39.694916 420169 sctp_connection.cpp:195] Unhandled notification type 32777
Apr 12 18:27:39 localhost sctpd[419727]: I0412 18:27:39.817672 420169 sctp_connection.cpp:195] Unhandled notification type 32777
Apr 12 18:27:39 localhost mme[420130]: [DEBUG] Sending S6A-UPDATE_LOCATION_REQUEST with IMSI: 222700000000001
Apr 12 18:27:39 localhost mme[420130]: [INFO] Received S6A-LOCATION-UPDATE_ANSWER for IMSI: 222700000000001; Status: ; StatusCode: 2001
Apr 12 18:27:39 localhost mme[420130]: [INFO] sent itti S6A-LOCATION-UPDATE_ANSWER for IMSI: 222700000000001
Apr 12 18:27:39 localhost sctpd[419727]: I0412 18:27:39.936612 420169 sctp_connection.cpp:195] Unhandled notification type 32777
Apr 12 18:27:40 localhost dhclient[601]: DHCPREQUEST for 172.16.5.121 on eth1 to 255.255.255.255 port 67 (xid=0x6123bf67)
Apr 12 18:27:42 localhost sctpd[419727]: I0412 18:27:42.318287 420169 sctp_connection.cpp:195] Unhandled notification type 32777
Apr 12 18:27:43 localhost smsd[419555]: INFO:root:mme non_eps_service_config is not SMS_ORC8R, sleeping.
Apr 12 18:27:48 localhost smsd[419555]: INFO:root:mme non_eps_service_config is not SMS_ORC8R, sleeping.
Apr 12 18:27:51 localhost dhclient[601]: DHCPREQUEST for 172.16.5.121 on eth1 to 255.255.255.255 port 67 (xid=0x6123bf67)
Apr 12 18:27:53 localhost smsd[419555]: INFO:root:mme non_eps_service_config is not SMS_ORC8R, sleeping.
Apr 12 18:27:54 localhost mobilityd[419462]: INFO:root:Using GW info: {'default': {2: ('172.16.4.1', 'eth0')}, 2: [('172.16.4.1', 'eth0', True)]}
Apr 12 18:27:54 localhost mobilityd[419462]: INFO:root:GW-v6 probe: timer started
Apr 12 18:27:58 localhost smsd[419555]: INFO:root:mme non_eps_service_config is not SMS_ORC8R, sleeping.
Apr 12 18:27:59 localhost magmad[419393]: INFO:root:[SyncRPC] Got heartBeat from cloud
Apr 12 18:28:01 localhost sctpd[419727]: I0412 18:28:01.350500 420169 sctp_connection.cpp:195] Unhandled notification type 32776
Apr 12 18:28:02 localhost sctpd[419727]: I0412 18:28:02.409976 420169 sctp_connection.cpp:195] Unhandled notification type 32777
Apr 12 18:28:02 localhost sctpd[419727]: I0412 18:28:02.654659 420169 sctp_connection.cpp:195] Unhandled notification type 32777
Apr 12 18:28:02 localhost sctpd[419727]: I0412 18:28:02.774562 420169 sctp_connection.cpp:195] Unhandled notification type 32777
Apr 12 18:28:02 localhost mme[420130]: [DEBUG] Sending S6A-UPDATE_LOCATION_REQUEST with IMSI: 222700000000001
Apr 12 18:28:02 localhost mme[420130]: [INFO] Received S6A-LOCATION-UPDATE_ANSWER for IMSI: 222700000000001; Status: ; StatusCode: 2001
Apr 12 18:28:02 localhost mme[420130]: [INFO] sent itti S6A-LOCATION-UPDATE_ANSWER for IMSI: 222700000000001
Apr 12 18:28:02 localhost sctpd[419727]: I0412 18:28:02.885001 420169 sctp_connection.cpp:195] Unhandled notification type 32777
Apr 12 18:28:03 localhost mobilityd[419462]: INFO:root:Allocated IP 192.168.128.100 for sid IMSI222700000000001 for apn internet
Apr 12 18:28:03 localhost policydb[419541]: INFO:root:Creating a session for subscriber ID: IMSI222700000000001
Apr 12 18:28:03 localhost sessiond[419471]: I0412 18:28:03.120246 419471 SetMessageManagerHandler.cpp:342] Processing a CreateSessionResponse for IMSI222700000000001-319794
Apr 12 18:28:03 localhost sessiond[419471]: I0412 18:28:03.120340 419471 SessionState.cpp:2774] RuleID allowlist_sid-IMSI222700000000001-internet doesn't have a version registered for IMSI222700000000001-319794, this is unexpected
Apr 12 18:28:03 localhost mme[420130]: PDUSessionResourceSetupRequestTransfer ::= {
Apr 12 18:28:03 localhost mme[420130]:     protocolIEs: ProtocolIE-Container ::= {
Apr 12 18:28:03 localhost mme[420130]:         PDUSessionResourceSetupRequestTransferIEs ::= {
Apr 12 18:28:03 localhost mme[420130]:             id: 130
Apr 12 18:28:03 localhost mme[420130]:             criticality: 0 (reject)
Apr 12 18:28:03 localhost mme[420130]:             value: PDUSessionAggregateMaximumBitRate ::= {
Apr 12 18:28:03 localhost mme[420130]:                 pDUSessionAggregateMaximumBitRateDL: 1000000
Apr 12 18:28:03 localhost mme[420130]:                 pDUSessionAggregateMaximumBitRateUL: 1000000
Apr 12 18:28:03 localhost mme[420130]:             }
Apr 12 18:28:03 localhost mme[420130]:         }
Apr 12 18:28:03 localhost mme[420130]:         PDUSessionResourceSetupRequestTransferIEs ::= {
Apr 12 18:28:03 localhost mme[420130]:             id: 139
Apr 12 18:28:03 localhost mme[420130]:             criticality: 0 (reject)
Apr 12 18:28:03 localhost mme[420130]:             value: GTPTunnel ::= {
Apr 12 18:28:03 localhost mme[420130]:                 transportLayerAddress: AC 10 05 79
Apr 12 18:28:03 localhost mme[420130]:                 gTP-TEID: 80 00 00 0A
Apr 12 18:28:03 localhost mme[420130]:             }
Apr 12 18:28:03 localhost mme[420130]:         }
Apr 12 18:28:03 localhost mme[420130]:         PDUSessionResourceSetupRequestTransferIEs ::= {
Apr 12 18:28:03 localhost mme[420130]:             id: 134
Apr 12 18:28:03 localhost mme[420130]:             criticality: 0 (reject)
Apr 12 18:28:03 localhost mme[420130]:             value: 0 (ipv4)
Apr 12 18:28:03 localhost mme[420130]:         }
Apr 12 18:28:03 localhost mme[420130]:         PDUSessionResourceSetupRequestTransferIEs ::= {
Apr 12 18:28:03 localhost mme[420130]:             id: 136
Apr 12 18:28:03 localhost mme[420130]:             criticality: 0 (reject)
Apr 12 18:28:03 localhost mme[420130]:             value: QosFlowSetupRequestList ::= {
Apr 12 18:28:03 localhost mme[420130]:                 QosFlowSetupRequestItem ::= {
Apr 12 18:28:03 localhost mme[420130]:                     qosFlowIdentifier: 9
Apr 12 18:28:03 localhost mme[420130]:                     qosFlowLevelQosParameters: QosFlowLevelQosParameters ::= {
Apr 12 18:28:03 localhost mme[420130]:                         qosCharacteristics: NonDynamic5QIDescriptor ::= {
Apr 12 18:28:03 localhost mme[420130]:                             fiveQI: 9
Apr 12 18:28:03 localhost mme[420130]:                         }
Apr 12 18:28:03 localhost mme[420130]:                         allocationAndRetentionPriority: AllocationAndRetentionPriority ::= {
Apr 12 18:28:03 localhost mme[420130]:                             priorityLevelARP: 15
Apr 12 18:28:03 localhost mme[420130]:                             pre-emptionCapability: 1 (may-trigger-pre-emption)
Apr 12 18:28:03 localhost mme[420130]:                             pre-emptionVulnerability: 1 (pre-emptable)
Apr 12 18:28:03 localhost mme[420130]:                         }
Apr 12 18:28:03 localhost mme[420130]:                     }
Apr 12 18:28:03 localhost mme[420130]:                 }
Apr 12 18:28:03 localhost mme[420130]:             }
Apr 12 18:28:03 localhost mme[420130]:         }
Apr 12 18:28:03 localhost mme[420130]:     }
Apr 12 18:28:03 localhost mme[420130]: }
Apr 12 18:28:03 localhost sctpd[419727]: I0412 18:28:03.194173 420169 sctp_connection.cpp:195] Unhandled notification type 32777
Apr 12 18:28:03 localhost smsd[419555]: INFO:root:mme non_eps_service_config is not SMS_ORC8R, sleeping.
Apr 12 18:28:05 localhost magmad[419393]: INFO:root:Setting logging level to INFO
Apr 12 18:28:07 localhost subscriberdb[419460]: INFO:root:get digest stored in gateway:
Apr 12 18:28:07 localhost control_proxy[419590]: 2022-04-12T18:28:07.185Z [127.0.0.1 -> subscriberdb-controller.magmasi.wavelabs.in,8443] "POST /magma.lte.SubscriberDBCloud/CheckInSync HTTP/2" 200 0bytes 0.503s
Apr 12 18:28:07 localhost subscriberdb[419460]: ERROR:root:Internal Error in subscriberdb-Orc8r communication. If AGW and Orc8r are deployed at a commit hash, upgrade AGW and Orc8r to latest commit hash.
Apr 12 18:28:07 localhost control_proxy[419590]: 2022-04-12T18:28:07.185Z [127.0.0.1 -> subscriberdb-controller.magmasi.wavelabs.in,8443] "POST /magma.lte.SubscriberDBCloud/Sync HTTP/2" 200 0bytes 0.261s
Apr 12 18:28:07 localhost subscriberdb[419460]: ERROR:root:Internal Error in subscriberdb-Orc8r communication. If AGW and Orc8r are deployed at a commit hash, upgrade AGW and Orc8r to latest commit hash.
Apr 12 18:28:08 localhost control_proxy[419590]: 2022-04-12T18:28:07.185Z [127.0.0.1 -> subscriberdb-controller.magmasi.wavelabs.in,8443] "POST /magma.lte.SubscriberDBCloud/ListSubscribers HTTP/2" 200 44088bytes 0.354s
Apr 12 18:28:08 localhost sessiond[419471]: I0412 18:28:08.313417 419471 SetMessageManagerHandler.cpp:142] Release request for session from IMSI: IMSI222700000000001 pdu_id 1
Apr 12 18:28:08 localhost mobilityd[419462]: INFO:root:Released IP 192.168.128.100 for sid IMSI222700000000001
Apr 12 18:28:08 localhost subscriberdb[419460]: INFO:root:Successfully fetched all subscriber pages from the cloud!
Apr 12 18:28:08 localhost smsd[419555]: INFO:root:mme non_eps_service_config is not SMS_ORC8R, sleeping.
Apr 12 18:28:08 localhost sctpd[419727]: I0412 18:28:08.720657 420169 sctp_connection.cpp:195] Unhandled notification type 32777
Apr 12 18:28:08 localhost subscriberdb[419460]: INFO:root:update root digest stored in gateway:
Apr 12 18:28:11 localhost dhclient[601]: DHCPREQUEST for 172.16.5.121 on eth1 to 255.255.255.255 port 67 (xid=0x6123bf67)
Apr 12 18:28:13 localhost policydb[419541]: INFO:root:Terminating session: IMSI222700000000001-319794
Apr 12 18:28:13 localhost eventd[419546]: DEBUG:root:Logging event: stream_name: "sessiond"
Apr 12 18:28:13 localhost eventd[419546]: event_type: "session_terminated"
Apr 12 18:28:13 localhost eventd[419546]: tag: "IMSI222700000000001"
Apr 12 18:28:13 localhost eventd[419546]: value: "{\"mac_addr\":\"\",\"user_location\":\"\",\"spgw_ip\":\"\",\"imei\":\"\",\"record_sequence_number\":1,\"pdp_end_time\":0,\"charging_rx\":0,\"duration\":-1,\"ip_addr\":\"192.168.128.100\",\"monitoring_tx\":0,\"ipv6_addr\":\"\",\"msisdn\":\"\",\"apn\":\"internet\",\"session_id\":\"IMSI222700000000001-319794\",\"list_of_service_data\":[],\"charging_characteristics\":\"\",\"total_tx\":0,\"cause_for_rec_closing\":0,\"imsi\":\"IMSI222700000000001\",\"total_rx\":0,\"monitoring_rx\":0,\"charging_tx\":0,\"pdp_start_time\":1}"
Apr 12 18:28:13 localhost eventd[419546]: ERROR:root:Connection to FluentBit failed: [Errno 111] Connection refused
Apr 12 18:28:13 localhost eventd[419546]: INFO:root:FluentBit (td-agent-bit) may not be enabled or configured correctly
