Mar 10 18:41:16 localhost smsd[986686]: INFO:root:mme non_eps_service_config is not SMS_ORC8R, sleeping.
Mar 10 18:41:19 localhost dnsmasq-dhcp[986777]: DHCPDISCOVER(eth1) fa:16:3e:2a:89:3f 
Mar 10 18:41:19 localhost dnsmasq-dhcp[986777]: DHCPOFFER(eth1) 172.16.7.251 fa:16:3e:2a:89:3f 
Mar 10 18:41:19 localhost dhclient[601]: DHCPREQUEST for 172.16.5.121 on eth1 to 255.255.255.255 port 67 (xid=0x4b4058b5)
Mar 10 18:41:21 localhost sctpd[986860]: I0310 18:41:21.027971 987332 sctp_connection.cpp:167] HandleClientSock sd = 19
Mar 10 18:41:21 localhost sctpd[986860]: I0310 18:41:21.028249 987332 sctp_connection.cpp:189] SCTP association change event received
Mar 10 18:41:21 localhost sctpd[986860]: I0310 18:41:21.034703 987332 sctp_connection.cpp:167] HandleClientSock sd = 19
Mar 10 18:41:21 localhost sctpd[986860]: I0310 18:41:21.034763 987332 sctp_connection.cpp:193] Unhandled notification type 32776
Mar 10 18:41:21 localhost smsd[986686]: INFO:root:mme non_eps_service_config is not SMS_ORC8R, sleeping.
Mar 10 18:41:22 localhost sctpd[986860]: I0310 18:41:22.093797 987332 sctp_connection.cpp:167] HandleClientSock sd = 19
Mar 10 18:41:22 localhost sctpd[986860]: I0310 18:41:22.093904 987332 sctp_connection.cpp:220] [sd:19] msg of len 42 on 3993:0
Mar 10 18:41:22 localhost sctpd[986860]: I0310 18:41:22.098556 986865 sctpd_downlink_impl.cpp:76] SctpdDownlinkImpl::SendDl starting
Mar 10 18:41:22 localhost sctpd[986860]: I0310 18:41:22.099347 987332 sctp_connection.cpp:167] HandleClientSock sd = 19
Mar 10 18:41:22 localhost sctpd[986860]: I0310 18:41:22.099431 987332 sctp_connection.cpp:193] Unhandled notification type 32777
Mar 10 18:41:24 localhost magmad[986515]: INFO:root:Setting logging level to INFO
Mar 10 18:41:26 localhost mobilityd[986590]: INFO:root:Using GW info: {'default': {2: ('172.16.4.1', 'eth0')}, 2: [('172.16.4.1', 'eth0', True)]}
Mar 10 18:41:26 localhost mobilityd[986590]: INFO:root:GW-v6 probe: timer started
Mar 10 18:41:26 localhost dhclient[601]: DHCPREQUEST for 172.16.5.121 on eth1 to 255.255.255.255 port 67 (xid=0x4b4058b5)
Mar 10 18:41:26 localhost smsd[986686]: INFO:root:mme non_eps_service_config is not SMS_ORC8R, sleeping.
Mar 10 18:41:26 localhost dnsmasq-dhcp[986777]: DHCPDISCOVER(eth1) fa:16:3e:2a:89:3f 
Mar 10 18:41:26 localhost dnsmasq-dhcp[986777]: DHCPOFFER(eth1) 172.16.7.251 fa:16:3e:2a:89:3f 
Mar 10 18:41:29 localhost sctpd[986860]: I0310 18:41:29.421001 987332 sctp_connection.cpp:167] HandleClientSock sd = 19
Mar 10 18:41:29 localhost sctpd[986860]: I0310 18:41:29.421095 987332 sctp_connection.cpp:185] SCTP_SHUTDOWN_EVENT received
Mar 10 18:41:29 localhost sctpd[986860]: I0310 18:41:29.421108 987332 sctp_connection.cpp:280] Sending close connection for assoc_id 3993
Mar 10 18:41:31 localhost smsd[986686]: INFO:root:mme non_eps_service_config is not SMS_ORC8R, sleeping.
Mar 10 18:41:34 localhost dhclient[601]: DHCPREQUEST for 172.16.5.121 on eth1 to 255.255.255.255 port 67 (xid=0x4b4058b5)
Mar 10 18:41:36 localhost smsd[986686]: INFO:root:mme non_eps_service_config is not SMS_ORC8R, sleeping.
Mar 10 18:41:37 localhost dnsmasq-dhcp[986777]: DHCPDISCOVER(eth1) fa:16:3e:2a:89:3f 
Mar 10 18:41:37 localhost dnsmasq-dhcp[986777]: DHCPOFFER(eth1) 172.16.7.251 fa:16:3e:2a:89:3f 
Mar 10 18:41:38 localhost sctpd[986860]: I0310 18:41:38.114862 987332 sctp_connection.cpp:167] HandleClientSock sd = 23
Mar 10 18:41:38 localhost sctpd[986860]: I0310 18:41:38.114939 987332 sctp_connection.cpp:189] SCTP association change event received
Mar 10 18:41:38 localhost sctpd[986860]: I0310 18:41:38.116004 987332 sctp_connection.cpp:167] HandleClientSock sd = 23
Mar 10 18:41:38 localhost sctpd[986860]: I0310 18:41:38.116065 987332 sctp_connection.cpp:193] Unhandled notification type 32776
Mar 10 18:41:41 localhost dhclient[601]: DHCPREQUEST for 172.16.5.121 on eth1 to 255.255.255.255 port 67 (xid=0x4b4058b5)
Mar 10 18:41:41 localhost smsd[986686]: INFO:root:mme non_eps_service_config is not SMS_ORC8R, sleeping.
Mar 10 18:41:42 localhost magmad[986515]: ERROR:root:Metrics upload error for service subscriberdb (chunk 0)! [StatusCode.DEADLINE_EXCEEDED] Deadline Exceeded
Mar 10 18:41:42 localhost magmad[986515]: ERROR:root:Metrics upload error for service mobilityd (chunk 0)! [StatusCode.DEADLINE_EXCEEDED] Deadline Exceeded
Mar 10 18:41:42 localhost magmad[986515]: ERROR:root:Metrics upload error for service mme (chunk 0)! [StatusCode.DEADLINE_EXCEEDED] Deadline Exceeded
Mar 10 18:41:42 localhost magmad[986515]: ERROR:root:Metrics upload error for service magmad (chunk 0)! [StatusCode.DEADLINE_EXCEEDED] Deadline Exceeded
Mar 10 18:41:42 localhost magmad[986515]: ERROR:root:Metrics upload error for service enodebd (chunk 0)! [StatusCode.DEADLINE_EXCEEDED] Deadline Exceeded
Mar 10 18:41:42 localhost magmad[986515]: ERROR:root:Metrics upload error for service pipelined (chunk 0)! [StatusCode.DEADLINE_EXCEEDED] Deadline Exceeded
Mar 10 18:41:42 localhost magmad[986515]: ERROR:root:Metrics upload error for service state (chunk 0)! [StatusCode.DEADLINE_EXCEEDED] Deadline Exceeded
Mar 10 18:41:42 localhost magmad[986515]: ERROR:root:Metrics upload error for service sessiond (chunk 0)! [StatusCode.DEADLINE_EXCEEDED] Deadline Exceeded
Mar 10 18:41:43 localhost control_proxy[986748]: 2022-03-10T18:41:42.618Z [127.0.0.1 -> state-controller.magmasi.wavelabs.in,8443] "POST /magma.orc8r.StateService/ReportStates HTTP/2" 200 5bytes 0.506s
Mar 10 18:41:43 localhost magmad[986515]: INFO:root:Checkin Successful! Successfully sent states to the cloud!
Mar 10 18:41:46 localhost mobilityd[986590]: INFO:root:Using GW info: {'default': {2: ('172.16.4.1', 'eth0')}, 2: [('172.16.4.1', 'eth0', True)]}
Mar 10 18:41:46 localhost mobilityd[986590]: INFO:root:GW-v6 probe: timer started
Mar 10 18:41:46 localhost smsd[986686]: INFO:root:mme non_eps_service_config is not SMS_ORC8R, sleeping.
Mar 10 18:41:47 localhost sctpd[986860]: I0310 18:41:47.946985 987332 sctp_connection.cpp:167] HandleClientSock sd = 23
Mar 10 18:41:47 localhost sctpd[986860]: I0310 18:41:47.947093 987332 sctp_connection.cpp:220] [sd:23] msg of len 42 on 3994:0
Mar 10 18:41:47 localhost sctpd[986860]: I0310 18:41:47.949779 986865 sctpd_downlink_impl.cpp:76] SctpdDownlinkImpl::SendDl starting
Mar 10 18:41:47 localhost sctpd[986860]: I0310 18:41:47.950454 987332 sctp_connection.cpp:167] HandleClientSock sd = 23
Mar 10 18:41:47 localhost sctpd[986860]: I0310 18:41:47.950516 987332 sctp_connection.cpp:193] Unhandled notification type 32777
Mar 10 18:41:48 localhost sctpd[986860]: I0310 18:41:48.081068 987332 sctp_connection.cpp:167] HandleClientSock sd = 23
Mar 10 18:41:48 localhost sctpd[986860]: I0310 18:41:48.081169 987332 sctp_connection.cpp:220] [sd:23] msg of len 88 on 3994:1
Mar 10 18:41:48 localhost sctpd[986860]: I0310 18:41:48.106580 987328 sctpd_downlink_impl.cpp:76] SctpdDownlinkImpl::SendDl starting
Mar 10 18:41:48 localhost sctpd[986860]: I0310 18:41:48.202065 987332 sctp_connection.cpp:167] HandleClientSock sd = 23
Mar 10 18:41:48 localhost sctpd[986860]: I0310 18:41:48.202164 987332 sctp_connection.cpp:193] Unhandled notification type 32777
Mar 10 18:41:48 localhost sctpd[986860]: I0310 18:41:48.202183 987332 sctp_connection.cpp:167] HandleClientSock sd = 23
Mar 10 18:41:48 localhost sctpd[986860]: I0310 18:41:48.202206 987332 sctp_connection.cpp:220] [sd:23] msg of len 67 on 3994:1
Mar 10 18:41:48 localhost sctpd[986860]: I0310 18:41:48.208055 987328 sctpd_downlink_impl.cpp:76] SctpdDownlinkImpl::SendDl starting
Mar 10 18:41:48 localhost sctpd[986860]: I0310 18:41:48.331527 987332 sctp_connection.cpp:167] HandleClientSock sd = 23
Mar 10 18:41:48 localhost sctpd[986860]: I0310 18:41:48.331626 987332 sctp_connection.cpp:193] Unhandled notification type 32777
Mar 10 18:41:48 localhost sctpd[986860]: I0310 18:41:48.331646 987332 sctp_connection.cpp:167] HandleClientSock sd = 23
Mar 10 18:41:48 localhost sctpd[986860]: I0310 18:41:48.331667 987332 sctp_connection.cpp:220] [sd:23] msg of len 56 on 3994:1
Mar 10 18:41:48 localhost mme[987274]: [SIG][D]MME_UNIT_TEST Flag is Disabled
Mar 10 18:41:48 localhost mme[987274]: filename /var/run/mme.pid failed to be written
Mar 10 18:41:48 localhost mme[987274]: [DEBUG] Sending S6A-UPDATE_LOCATION_REQUEST with IMSI: 222700000000001
Mar 10 18:41:48 localhost sctpd[986860]: I0310 18:41:48.341034 987328 sctpd_downlink_impl.cpp:76] SctpdDownlinkImpl::SendDl starting
Mar 10 18:41:48 localhost mme[987274]: [INFO] Received S6A-LOCATION-UPDATE_ANSWER for IMSI: 222700000000001; Status: ; StatusCode: 2001
Mar 10 18:41:48 localhost mme[987274]: [INFO] sent itti S6A-LOCATION-UPDATE_ANSWER for IMSI: 222700000000001
Mar 10 18:41:48 localhost sctpd[986860]: I0310 18:41:48.443670 987332 sctp_connection.cpp:167] HandleClientSock sd = 23
Mar 10 18:41:48 localhost sctpd[986860]: I0310 18:41:48.443814 987332 sctp_connection.cpp:193] Unhandled notification type 32777
Mar 10 18:41:48 localhost sctpd[986860]: I0310 18:41:48.443837 987332 sctp_connection.cpp:167] HandleClientSock sd = 23
Mar 10 18:41:48 localhost sctpd[986860]: I0310 18:41:48.443858 987332 sctp_connection.cpp:220] [sd:23] msg of len 22 on 3994:1
Mar 10 18:41:48 localhost sctpd[986860]: I0310 18:41:48.646970 987332 sctp_connection.cpp:167] HandleClientSock sd = 23
Mar 10 18:41:48 localhost sctpd[986860]: I0310 18:41:48.647090 987332 sctp_connection.cpp:220] [sd:23] msg of len 56 on 3994:1
Mar 10 18:41:50 localhost dnsmasq-dhcp[986777]: DHCPDISCOVER(eth1) fa:16:3e:2a:89:3f 
Mar 10 18:41:50 localhost dnsmasq-dhcp[986777]: DHCPOFFER(eth1) 172.16.7.251 fa:16:3e:2a:89:3f 
Mar 10 18:41:51 localhost smsd[986686]: INFO:root:mme non_eps_service_config is not SMS_ORC8R, sleeping.
Mar 10 18:41:51 localhost dhclient[601]: DHCPREQUEST for 172.16.5.121 on eth1 to 255.255.255.255 port 67 (xid=0x4b4058b5)
Mar 10 18:41:55 localhost sctpd[986860]: I0310 18:41:55.846916 987332 sctp_connection.cpp:167] HandleClientSock sd = 23
Mar 10 18:41:55 localhost sctpd[986860]: I0310 18:41:55.847019 987332 sctp_connection.cpp:185] SCTP_SHUTDOWN_EVENT received
Mar 10 18:41:55 localhost sctpd[986860]: I0310 18:41:55.847031 987332 sctp_connection.cpp:280] Sending close connection for assoc_id 3994
Mar 10 18:41:56 localhost smsd[986686]: INFO:root:mme non_eps_service_config is not SMS_ORC8R, sleeping.
Mar 10 18:41:58 localhost dnsmasq-dhcp[986777]: DHCPDISCOVER(eth1) fa:16:3e:2a:89:3f 
Mar 10 18:41:58 localhost dnsmasq-dhcp[986777]: DHCPOFFER(eth1) 172.16.7.251 fa:16:3e:2a:89:3f 
Mar 10 18:41:59 localhost dhclient[601]: DHCPREQUEST for 172.16.5.121 on eth1 to 255.255.255.255 port 67 (xid=0x4b4058b5)
Mar 10 18:42:01 localhost smsd[986686]: INFO:root:mme non_eps_service_config is not SMS_ORC8R, sleeping.
Mar 10 18:42:03 localhost magmad[986515]: INFO:root:Checking for upgrade...
Mar 10 18:42:03 localhost magmad[986515]: WARNING:root:magmad package_version config missing or set to default 0.0.0-0, skipping upgrade
Mar 10 18:42:03 localhost control_proxy[986748]: 2022-03-10T18:41:03.226Z [127.0.0.1 -> streamer-controller.magmasi.wavelabs.in,8443] "POST /magma.orc8r.Streamer/GetUpdates HTTP/2" 200 0bytes 60.344s
Mar 10 18:42:03 localhost magmad[986515]: ERROR:root:Error! Streaming from the cloud failed! [StatusCode.ABORTED] error while streaming updates: rpc error: code = DeadlineExceeded desc = context deadline exceeded
Mar 10 18:42:05 localhost sctpd[986860]: I0310 18:42:05.184568 987332 sctp_connection.cpp:167] HandleClientSock sd = 24
Mar 10 18:42:05 localhost sctpd[986860]: I0310 18:42:05.184654 987332 sctp_connection.cpp:189] SCTP association change event received
Mar 10 18:42:05 localhost sctpd[986860]: I0310 18:42:05.185639 987332 sctp_connection.cpp:167] HandleClientSock sd = 24
Mar 10 18:42:05 localhost sctpd[986860]: I0310 18:42:05.185675 987332 sctp_connection.cpp:193] Unhandled notification type 32776
Mar 10 18:42:06 localhost mobilityd[986590]: INFO:root:Using GW info: {'default': {2: ('172.16.4.1', 'eth0')}, 2: [('172.16.4.1', 'eth0', True)]}
Mar 10 18:42:06 localhost mobilityd[986590]: INFO:root:GW-v6 probe: timer started
Mar 10 18:42:06 localhost sctpd[986860]: I0310 18:42:06.242799 987332 sctp_connection.cpp:167] HandleClientSock sd = 24
Mar 10 18:42:06 localhost sctpd[986860]: I0310 18:42:06.242923 987332 sctp_connection.cpp:220] [sd:24] msg of len 42 on 3995:0
Mar 10 18:42:06 localhost sctpd[986860]: I0310 18:42:06.244900 986865 sctpd_downlink_impl.cpp:76] SctpdDownlinkImpl::SendDl starting
Mar 10 18:42:06 localhost sctpd[986860]: I0310 18:42:06.245473 987332 sctp_connection.cpp:167] HandleClientSock sd = 24
Mar 10 18:42:06 localhost sctpd[986860]: I0310 18:42:06.245532 987332 sctp_connection.cpp:193] Unhandled notification type 32777
Mar 10 18:42:06 localhost sctpd[986860]: I0310 18:42:06.360245 987332 sctp_connection.cpp:167] HandleClientSock sd = 24
Mar 10 18:42:06 localhost sctpd[986860]: I0310 18:42:06.360343 987332 sctp_connection.cpp:220] [sd:24] msg of len 88 on 3995:1
Mar 10 18:42:06 localhost sctpd[986860]: I0310 18:42:06.375985 986865 sctpd_downlink_impl.cpp:76] SctpdDownlinkImpl::SendDl starting
Mar 10 18:42:06 localhost sctpd[986860]: I0310 18:42:06.473206 987332 sctp_connection.cpp:167] HandleClientSock sd = 24
Mar 10 18:42:06 localhost sctpd[986860]: I0310 18:42:06.473304 987332 sctp_connection.cpp:193] Unhandled notification type 32777
Mar 10 18:42:06 localhost sctpd[986860]: I0310 18:42:06.473325 987332 sctp_connection.cpp:167] HandleClientSock sd = 24
Mar 10 18:42:06 localhost sctpd[986860]: I0310 18:42:06.473346 987332 sctp_connection.cpp:220] [sd:24] msg of len 67 on 3995:1
Mar 10 18:42:06 localhost sctpd[986860]: I0310 18:42:06.477424 986865 sctpd_downlink_impl.cpp:76] SctpdDownlinkImpl::SendDl starting
Mar 10 18:42:06 localhost sctpd[986860]: I0310 18:42:06.584354 987332 sctp_connection.cpp:167] HandleClientSock sd = 24
Mar 10 18:42:06 localhost sctpd[986860]: I0310 18:42:06.584467 987332 sctp_connection.cpp:193] Unhandled notification type 32777
Mar 10 18:42:06 localhost sctpd[986860]: I0310 18:42:06.584488 987332 sctp_connection.cpp:167] HandleClientSock sd = 24
Mar 10 18:42:06 localhost sctpd[986860]: I0310 18:42:06.584509 987332 sctp_connection.cpp:220] [sd:24] msg of len 56 on 3995:1
Mar 10 18:42:06 localhost mme[987274]: [DEBUG] Sending S6A-UPDATE_LOCATION_REQUEST with IMSI: 222700000000001
Mar 10 18:42:06 localhost sctpd[986860]: I0310 18:42:06.590083 986865 sctpd_downlink_impl.cpp:76] SctpdDownlinkImpl::SendDl starting
Mar 10 18:42:06 localhost mme[987274]: [INFO] Received S6A-LOCATION-UPDATE_ANSWER for IMSI: 222700000000001; Status: ; StatusCode: 2001
Mar 10 18:42:06 localhost mme[987274]: [INFO] sent itti S6A-LOCATION-UPDATE_ANSWER for IMSI: 222700000000001
Mar 10 18:42:06 localhost smsd[986686]: INFO:root:mme non_eps_service_config is not SMS_ORC8R, sleeping.
Mar 10 18:42:06 localhost sctpd[986860]: I0310 18:42:06.708361 987332 sctp_connection.cpp:167] HandleClientSock sd = 24
Mar 10 18:42:06 localhost sctpd[986860]: I0310 18:42:06.708465 987332 sctp_connection.cpp:193] Unhandled notification type 32777
Mar 10 18:42:06 localhost sctpd[986860]: I0310 18:42:06.708485 987332 sctp_connection.cpp:167] HandleClientSock sd = 24
Mar 10 18:42:06 localhost sctpd[986860]: I0310 18:42:06.708508 987332 sctp_connection.cpp:220] [sd:24] msg of len 22 on 3995:1
Mar 10 18:42:06 localhost magmad[986515]: INFO:root:[SyncRPC] Got heartBeat from cloud
Mar 10 18:42:06 localhost sctpd[986860]: I0310 18:42:06.910904 987332 sctp_connection.cpp:167] HandleClientSock sd = 24
Mar 10 18:42:06 localhost sctpd[986860]: I0310 18:42:06.911010 987332 sctp_connection.cpp:220] [sd:24] msg of len 56 on 3995:1
Mar 10 18:42:06 localhost sctpd[986860]: I0310 18:42:06.911916 987332 sctp_connection.cpp:167] HandleClientSock sd = 24
Mar 10 18:42:06 localhost sctpd[986860]: I0310 18:42:06.911967 987332 sctp_connection.cpp:220] [sd:24] msg of len 70 on 3995:1
Mar 10 18:42:06 localhost sctpd[986860]: I0310 18:42:06.919339 986865 sctpd_downlink_impl.cpp:76] SctpdDownlinkImpl::SendDl starting
Mar 10 18:42:06 localhost sctpd[986860]: I0310 18:42:06.919994 986865 sctpd_downlink_impl.cpp:76] SctpdDownlinkImpl::SendDl starting
Mar 10 18:42:07 localhost sctpd[986860]: I0310 18:42:07.175650 987332 sctp_connection.cpp:167] HandleClientSock sd = 24
Mar 10 18:42:07 localhost sctpd[986860]: I0310 18:42:07.175760 987332 sctp_connection.cpp:193] Unhandled notification type 32777
Mar 10 18:42:07 localhost sctpd[986860]: I0310 18:42:07.175778 987332 sctp_connection.cpp:167] HandleClientSock sd = 24
Mar 10 18:42:07 localhost sctpd[986860]: I0310 18:42:07.175799 987332 sctp_connection.cpp:220] [sd:24] msg of len 22 on 3995:1
Mar 10 18:42:07 localhost dhclient[601]: DHCPREQUEST for 172.16.5.121 on eth1 to 255.255.255.255 port 67 (xid=0x4b4058b5)
Mar 10 18:42:09 localhost control_proxy[986748]: 2022-03-10T18:42:08.850Z [127.0.0.1 -> streamer-controller.magmasi.wavelabs.in,8443] "POST /magma.orc8r.Streamer/GetUpdates HTTP/2" 200 91bytes 0.267s
Mar 10 18:42:09 localhost policydb[986650]: INFO:root:Processing 2 policy updates (resync=True)
Mar 10 18:42:09 localhost dnsmasq-dhcp[986777]: DHCPDISCOVER(eth1) fa:16:3e:2a:89:3f 
Mar 10 18:42:09 localhost dnsmasq-dhcp[986777]: DHCPOFFER(eth1) 172.16.7.251 fa:16:3e:2a:89:3f 
Mar 10 18:42:09 localhost control_proxy[986748]: 2022-03-10T18:42:09.121Z [127.0.0.1 -> streamer-controller.magmasi.wavelabs.in,8443] "POST /magma.orc8r.Streamer/GetUpdates HTTP/2" 200 7bytes 0.264s
Mar 10 18:42:09 localhost policydb[986650]: INFO:root:Processing 0 basename -> policy updates
Mar 10 18:42:09 localhost control_proxy[986748]: 2022-03-10T18:42:09.121Z [127.0.0.1 -> streamer-controller.magmasi.wavelabs.in,8443] "POST /magma.orc8r.Streamer/GetUpdates HTTP/2" 200 5113bytes 0.280s
Mar 10 18:42:09 localhost policydb[986650]: INFO:root:Processing 222 SID -> apn -> policy updates
Mar 10 18:42:09 localhost control_proxy[986748]: 2022-03-10T18:42:09.121Z [127.0.0.1 -> streamer-controller.magmasi.wavelabs.in,8443] "POST /magma.orc8r.Streamer/GetUpdates HTTP/2" 200 7bytes 0.259s
Mar 10 18:42:09 localhost policydb[986650]: INFO:root:Processing 0 rating group updates
Mar 10 18:42:11 localhost smsd[986686]: INFO:root:mme non_eps_service_config is not SMS_ORC8R, sleeping.
Mar 10 18:42:14 localhost sctpd[986860]: I0310 18:42:14.460214 987332 sctp_connection.cpp:167] HandleClientSock sd = 24
Mar 10 18:42:14 localhost sctpd[986860]: I0310 18:42:14.460310 987332 sctp_connection.cpp:185] SCTP_SHUTDOWN_EVENT received
Mar 10 18:42:14 localhost sctpd[986860]: I0310 18:42:14.460322 987332 sctp_connection.cpp:280] Sending close connection for assoc_id 3995
Mar 10 18:42:16 localhost smsd[986686]: INFO:root:mme non_eps_service_config is not SMS_ORC8R, sleeping.
Mar 10 18:42:19 localhost dhclient[601]: DHCPREQUEST for 172.16.5.121 on eth1 to 255.255.255.255 port 67 (xid=0x4b4058b5)
Mar 10 18:42:21 localhost smsd[986686]: INFO:root:mme non_eps_service_config is not SMS_ORC8R, sleeping.
Mar 10 18:42:22 localhost dnsmasq-dhcp[986777]: DHCPDISCOVER(eth1) fa:16:3e:2a:89:3f 
Mar 10 18:42:22 localhost dnsmasq-dhcp[986777]: DHCPOFFER(eth1) 172.16.7.251 fa:16:3e:2a:89:3f 
Mar 10 18:42:23 localhost sctpd[986860]: I0310 18:42:23.307314 987332 sctp_connection.cpp:167] HandleClientSock sd = 25
Mar 10 18:42:23 localhost sctpd[986860]: I0310 18:42:23.307406 987332 sctp_connection.cpp:189] SCTP association change event received
Mar 10 18:42:23 localhost sctpd[986860]: I0310 18:42:23.308254 987332 sctp_connection.cpp:167] HandleClientSock sd = 25
Mar 10 18:42:23 localhost sctpd[986860]: I0310 18:42:23.308286 987332 sctp_connection.cpp:193] Unhandled notification type 32776
Mar 10 18:42:23 localhost sctpd[986860]: I0310 18:42:23.437613 987332 sctp_connection.cpp:167] HandleClientSock sd = 26
Mar 10 18:42:23 localhost sctpd[986860]: I0310 18:42:23.437705 987332 sctp_connection.cpp:189] SCTP association change event received
Mar 10 18:42:23 localhost sctpd[986860]: I0310 18:42:23.438695 987332 sctp_connection.cpp:167] HandleClientSock sd = 26
Mar 10 18:42:23 localhost sctpd[986860]: I0310 18:42:23.438747 987332 sctp_connection.cpp:193] Unhandled notification type 32776
Mar 10 18:42:24 localhost sctpd[986860]: I0310 18:42:24.495460 987332 sctp_connection.cpp:167] HandleClientSock sd = 25
Mar 10 18:42:24 localhost sctpd[986860]: I0310 18:42:24.495601 987332 sctp_connection.cpp:220] [sd:25] msg of len 42 on 3996:0
Mar 10 18:42:24 localhost sctpd[986860]: I0310 18:42:24.497854 986865 sctpd_downlink_impl.cpp:76] SctpdDownlinkImpl::SendDl starting
Mar 10 18:42:24 localhost sctpd[986860]: I0310 18:42:24.498600 987332 sctp_connection.cpp:167] HandleClientSock sd = 25
Mar 10 18:42:24 localhost sctpd[986860]: I0310 18:42:24.498687 987332 sctp_connection.cpp:193] Unhandled notification type 32777
Mar 10 18:42:24 localhost sctpd[986860]: I0310 18:42:24.610450 987332 sctp_connection.cpp:167] HandleClientSock sd = 26
Mar 10 18:42:24 localhost sctpd[986860]: I0310 18:42:24.610579 987332 sctp_connection.cpp:220] [sd:26] msg of len 42 on 3997:0
Mar 10 18:42:24 localhost sctpd[986860]: I0310 18:42:24.612309 986865 sctpd_downlink_impl.cpp:76] SctpdDownlinkImpl::SendDl starting
Mar 10 18:42:24 localhost sctpd[986860]: I0310 18:42:24.612795 987332 sctp_connection.cpp:167] HandleClientSock sd = 26
Mar 10 18:42:24 localhost sctpd[986860]: I0310 18:42:24.612828 987332 sctp_connection.cpp:193] Unhandled notification type 32777
Mar 10 18:42:26 localhost mobilityd[986590]: INFO:root:Using GW info: {'default': {2: ('172.16.4.1', 'eth0')}, 2: [('172.16.4.1', 'eth0', True)]}
Mar 10 18:42:26 localhost mobilityd[986590]: INFO:root:GW-v6 probe: timer started
Mar 10 18:42:26 localhost smsd[986686]: INFO:root:mme non_eps_service_config is not SMS_ORC8R, sleeping.
Mar 10 18:42:30 localhost dnsmasq-dhcp[986777]: DHCPDISCOVER(eth1) fa:16:3e:2a:89:3f 
Mar 10 18:42:30 localhost dnsmasq-dhcp[986777]: DHCPOFFER(eth1) 172.16.7.251 fa:16:3e:2a:89:3f 
Mar 10 18:42:30 localhost dhclient[601]: DHCPREQUEST for 172.16.5.121 on eth1 to 255.255.255.255 port 67 (xid=0x4b4058b5)
Mar 10 18:42:31 localhost smsd[986686]: INFO:root:mme non_eps_service_config is not SMS_ORC8R, sleeping.
Mar 10 18:42:31 localhost sctpd[986860]: I0310 18:42:31.939003 987332 sctp_connection.cpp:167] HandleClientSock sd = 25
Mar 10 18:42:31 localhost sctpd[986860]: I0310 18:42:31.939113 987332 sctp_connection.cpp:185] SCTP_SHUTDOWN_EVENT received
Mar 10 18:42:31 localhost sctpd[986860]: I0310 18:42:31.939129 987332 sctp_connection.cpp:280] Sending close connection for assoc_id 3996
Mar 10 18:42:31 localhost sctpd[986860]: I0310 18:42:31.987139 987332 sctp_connection.cpp:167] HandleClientSock sd = 26
Mar 10 18:42:31 localhost sctpd[986860]: I0310 18:42:31.987236 987332 sctp_connection.cpp:185] SCTP_SHUTDOWN_EVENT received
Mar 10 18:42:31 localhost sctpd[986860]: I0310 18:42:31.987247 987332 sctp_connection.cpp:280] Sending close connection for assoc_id 3997
Mar 10 18:42:33 localhost magmad[986515]: ERROR:root:Metrics upload error for service subscriberdb (chunk 0)! [StatusCode.DEADLINE_EXCEEDED] Deadline Exceeded
Mar 10 18:42:33 localhost magmad[986515]: ERROR:root:Metrics upload error for service mobilityd (chunk 0)! [StatusCode.DEADLINE_EXCEEDED] Deadline Exceeded
Mar 10 18:42:33 localhost magmad[986515]: ERROR:root:Metrics upload error for service mme (chunk 0)! [StatusCode.DEADLINE_EXCEEDED] Deadline Exceeded
Mar 10 18:42:33 localhost magmad[986515]: ERROR:root:Metrics upload error for service magmad (chunk 0)! [StatusCode.DEADLINE_EXCEEDED] Deadline Exceeded
Mar 10 18:42:33 localhost magmad[986515]: ERROR:root:Metrics upload error for service enodebd (chunk 0)! [StatusCode.DEADLINE_EXCEEDED] Deadline Exceeded
Mar 10 18:42:33 localhost magmad[986515]: ERROR:root:Metrics upload error for service pipelined (chunk 0)! [StatusCode.DEADLINE_EXCEEDED] Deadline Exceeded
Mar 10 18:42:33 localhost magmad[986515]: ERROR:root:Metrics upload error for service state (chunk 0)! [StatusCode.DEADLINE_EXCEEDED] Deadline Exceeded
Mar 10 18:42:33 localhost magmad[986515]: ERROR:root:Metrics upload error for service sessiond (chunk 0)! [StatusCode.DEADLINE_EXCEEDED] Deadline Exceeded
Mar 10 18:42:36 localhost smsd[986686]: INFO:root:mme non_eps_service_config is not SMS_ORC8R, sleeping.
Mar 10 18:42:40 localhost sctpd[986860]: I0310 18:42:40.772115 987332 sctp_connection.cpp:167] HandleClientSock sd = 27
Mar 10 18:42:40 localhost sctpd[986860]: I0310 18:42:40.772244 987332 sctp_connection.cpp:189] SCTP association change event received
Mar 10 18:42:40 localhost sctpd[986860]: I0310 18:42:40.773241 987332 sctp_connection.cpp:167] HandleClientSock sd = 27
Mar 10 18:42:40 localhost sctpd[986860]: I0310 18:42:40.773272 987332 sctp_connection.cpp:193] Unhandled notification type 32776
Mar 10 18:42:40 localhost dnsmasq-dhcp[986777]: DHCPDISCOVER(eth1) fa:16:3e:2a:89:3f 
Mar 10 18:42:40 localhost dnsmasq-dhcp[986777]: DHCPOFFER(eth1) 172.16.7.251 fa:16:3e:2a:89:3f 
Mar 10 18:42:41 localhost sctpd[986860]: I0310 18:42:41.830029 987332 sctp_connection.cpp:167] HandleClientSock sd = 27
Mar 10 18:42:41 localhost sctpd[986860]: I0310 18:42:41.830094 987332 sctp_connection.cpp:220] [sd:27] msg of len 42 on 3998:0
Mar 10 18:42:41 localhost sctpd[986860]: I0310 18:42:41.831730 986865 sctpd_downlink_impl.cpp:76] SctpdDownlinkImpl::SendDl starting
Mar 10 18:42:41 localhost sctpd[986860]: I0310 18:42:41.832249 987332 sctp_connection.cpp:167] HandleClientSock sd = 27
Mar 10 18:42:41 localhost sctpd[986860]: I0310 18:42:41.832275 987332 sctp_connection.cpp:193] Unhandled notification type 32777
Mar 10 18:42:41 localhost smsd[986686]: INFO:root:mme non_eps_service_config is not SMS_ORC8R, sleeping.
Mar 10 18:42:41 localhost sctpd[986860]: I0310 18:42:41.947746 987332 sctp_connection.cpp:167] HandleClientSock sd = 27
Mar 10 18:42:41 localhost sctpd[986860]: I0310 18:42:41.947847 987332 sctp_connection.cpp:220] [sd:27] msg of len 88 on 3998:1
Mar 10 18:42:41 localhost sctpd[986860]: I0310 18:42:41.963137 986865 sctpd_downlink_impl.cpp:76] SctpdDownlinkImpl::SendDl starting
Mar 10 18:42:42 localhost sctpd[986860]: I0310 18:42:42.065814 987332 sctp_connection.cpp:167] HandleClientSock sd = 27
Mar 10 18:42:42 localhost sctpd[986860]: I0310 18:42:42.065907 987332 sctp_connection.cpp:193] Unhandled notification type 32777
Mar 10 18:42:42 localhost sctpd[986860]: I0310 18:42:42.065928 987332 sctp_connection.cpp:167] HandleClientSock sd = 27
Mar 10 18:42:42 localhost sctpd[986860]: I0310 18:42:42.065949 987332 sctp_connection.cpp:220] [sd:27] msg of len 67 on 3998:1
Mar 10 18:42:42 localhost sctpd[986860]: I0310 18:42:42.071488 986865 sctpd_downlink_impl.cpp:76] SctpdDownlinkImpl::SendDl starting
Mar 10 18:42:42 localhost sctpd[986860]: I0310 18:42:42.189884 987332 sctp_connection.cpp:167] HandleClientSock sd = 27
Mar 10 18:42:42 localhost sctpd[986860]: I0310 18:42:42.189975 987332 sctp_connection.cpp:193] Unhandled notification type 32777
Mar 10 18:42:42 localhost sctpd[986860]: I0310 18:42:42.189996 987332 sctp_connection.cpp:167] HandleClientSock sd = 27
Mar 10 18:42:42 localhost sctpd[986860]: I0310 18:42:42.190014 987332 sctp_connection.cpp:220] [sd:27] msg of len 56 on 3998:1
Mar 10 18:42:42 localhost mme[987274]: [DEBUG] Sending S6A-UPDATE_LOCATION_REQUEST with IMSI: 222700000000001
Mar 10 18:42:42 localhost sctpd[986860]: I0310 18:42:42.195957 986865 sctpd_downlink_impl.cpp:76] SctpdDownlinkImpl::SendDl starting
Mar 10 18:42:42 localhost mme[987274]: [INFO] Received S6A-LOCATION-UPDATE_ANSWER for IMSI: 222700000000001; Status: ; StatusCode: 2001
Mar 10 18:42:42 localhost mme[987274]: [INFO] sent itti S6A-LOCATION-UPDATE_ANSWER for IMSI: 222700000000001
Mar 10 18:42:42 localhost sctpd[986860]: I0310 18:42:42.310911 987332 sctp_connection.cpp:167] HandleClientSock sd = 27
Mar 10 18:42:42 localhost sctpd[986860]: I0310 18:42:42.311007 987332 sctp_connection.cpp:193] Unhandled notification type 32777
Mar 10 18:42:42 localhost sctpd[986860]: I0310 18:42:42.311025 987332 sctp_connection.cpp:167] HandleClientSock sd = 27
Mar 10 18:42:42 localhost sctpd[986860]: I0310 18:42:42.311045 987332 sctp_connection.cpp:220] [sd:27] msg of len 22 on 3998:1
Mar 10 18:42:42 localhost sctpd[986860]: I0310 18:42:42.515095 987332 sctp_connection.cpp:167] HandleClientSock sd = 27
Mar 10 18:42:42 localhost sctpd[986860]: I0310 18:42:42.515206 987332 sctp_connection.cpp:220] [sd:27] msg of len 56 on 3998:1
Mar 10 18:42:43 localhost magmad[986515]: INFO:root:Setting logging level to INFO
Mar 10 18:42:44 localhost dhclient[601]: DHCPREQUEST for 172.16.5.121 on eth1 to 255.255.255.255 port 67 (xid=0x4b4058b5)
Mar 10 18:42:44 localhost sctpd[986860]: I0310 18:42:44.481981 987332 sctp_connection.cpp:167] HandleClientSock sd = 27
Mar 10 18:42:44 localhost sctpd[986860]: I0310 18:42:44.482043 987332 sctp_connection.cpp:220] [sd:27] msg of len 70 on 3998:1
Mar 10 18:42:44 localhost sctpd[986860]: I0310 18:42:44.486835 986865 sctpd_downlink_impl.cpp:76] SctpdDownlinkImpl::SendDl starting
Mar 10 18:42:44 localhost sctpd[986860]: I0310 18:42:44.487259 987328 sctpd_downlink_impl.cpp:76] SctpdDownlinkImpl::SendDl starting
Mar 10 18:42:44 localhost sctpd[986860]: I0310 18:42:44.592895 987332 sctp_connection.cpp:167] HandleClientSock sd = 27
Mar 10 18:42:44 localhost sctpd[986860]: I0310 18:42:44.593030 987332 sctp_connection.cpp:220] [sd:27] msg of len 28 on 3998:1
Mar 10 18:42:44 localhost sctpd[986860]: I0310 18:42:44.699306 987332 sctp_connection.cpp:167] HandleClientSock sd = 27
Mar 10 18:42:44 localhost sctpd[986860]: I0310 18:42:44.699381 987332 sctp_connection.cpp:193] Unhandled notification type 32777
Mar 10 18:42:44 localhost sctpd[986860]: I0310 18:42:44.699395 987332 sctp_connection.cpp:167] HandleClientSock sd = 27
Mar 10 18:42:44 localhost sctpd[986860]: I0310 18:42:44.699410 987332 sctp_connection.cpp:220] [sd:27] msg of len 22 on 3998:1
Mar 10 18:42:46 localhost mobilityd[986590]: INFO:root:Using GW info: {'default': {2: ('172.16.4.1', 'eth0')}, 2: [('172.16.4.1', 'eth0', True)]}
Mar 10 18:42:46 localhost mobilityd[986590]: INFO:root:GW-v6 probe: timer started
Mar 10 18:42:46 localhost sctpd[986860]: I0310 18:42:46.812418 987332 sctp_connection.cpp:167] HandleClientSock sd = 27
Mar 10 18:42:46 localhost sctpd[986860]: I0310 18:42:46.812520 987332 sctp_connection.cpp:220] [sd:27] msg of len 86 on 3998:1
Mar 10 18:42:46 localhost sctpd[986860]: I0310 18:42:46.816048 987328 sctpd_downlink_impl.cpp:76] SctpdDownlinkImpl::SendDl starting
Mar 10 18:42:46 localhost smsd[986686]: INFO:root:mme non_eps_service_config is not SMS_ORC8R, sleeping.
Mar 10 18:42:46 localhost sctpd[986860]: I0310 18:42:46.930747 987332 sctp_connection.cpp:167] HandleClientSock sd = 27
Mar 10 18:42:46 localhost sctpd[986860]: I0310 18:42:46.930842 987332 sctp_connection.cpp:193] Unhandled notification type 32777
Mar 10 18:42:46 localhost sctpd[986860]: I0310 18:42:46.930860 987332 sctp_connection.cpp:167] HandleClientSock sd = 27
Mar 10 18:42:46 localhost sctpd[986860]: I0310 18:42:46.930881 987332 sctp_connection.cpp:220] [sd:27] msg of len 64 on 3998:1
Mar 10 18:42:46 localhost sctpd[986860]: I0310 18:42:46.944487 986865 sctpd_downlink_impl.cpp:76] SctpdDownlinkImpl::SendDl starting
Mar 10 18:42:47 localhost sctpd[986860]: I0310 18:42:47.043363 987332 sctp_connection.cpp:167] HandleClientSock sd = 27
Mar 10 18:42:47 localhost sctpd[986860]: I0310 18:42:47.043473 987332 sctp_connection.cpp:193] Unhandled notification type 32777
Mar 10 18:42:47 localhost sctpd[986860]: I0310 18:42:47.043493 987332 sctp_connection.cpp:167] HandleClientSock sd = 27
Mar 10 18:42:47 localhost sctpd[986860]: I0310 18:42:47.043524 987332 sctp_connection.cpp:220] [sd:27] msg of len 67 on 3998:1
Mar 10 18:42:47 localhost sctpd[986860]: I0310 18:42:47.047854 986865 sctpd_downlink_impl.cpp:76] SctpdDownlinkImpl::SendDl starting
Mar 10 18:42:47 localhost sctpd[986860]: I0310 18:42:47.160634 987332 sctp_connection.cpp:167] HandleClientSock sd = 27
Mar 10 18:42:47 localhost sctpd[986860]: I0310 18:42:47.160732 987332 sctp_connection.cpp:193] Unhandled notification type 32777
Mar 10 18:42:47 localhost sctpd[986860]: I0310 18:42:47.160751 987332 sctp_connection.cpp:167] HandleClientSock sd = 27
Mar 10 18:42:47 localhost sctpd[986860]: I0310 18:42:47.160773 987332 sctp_connection.cpp:220] [sd:27] msg of len 56 on 3998:1
Mar 10 18:42:47 localhost mme[987274]: [DEBUG] Sending S6A-UPDATE_LOCATION_REQUEST with IMSI: 222700000000001
Mar 10 18:42:47 localhost sctpd[986860]: I0310 18:42:47.166363 986865 sctpd_downlink_impl.cpp:76] SctpdDownlinkImpl::SendDl starting
Mar 10 18:42:47 localhost mme[987274]: [INFO] Received S6A-LOCATION-UPDATE_ANSWER for IMSI: 222700000000001; Status: ; StatusCode: 2001
Mar 10 18:42:47 localhost mme[987274]: [INFO] sent itti S6A-LOCATION-UPDATE_ANSWER for IMSI: 222700000000001
Mar 10 18:42:47 localhost sctpd[986860]: I0310 18:42:47.277675 987332 sctp_connection.cpp:167] HandleClientSock sd = 27
Mar 10 18:42:47 localhost sctpd[986860]: I0310 18:42:47.277782 987332 sctp_connection.cpp:193] Unhandled notification type 32777
Mar 10 18:42:47 localhost sctpd[986860]: I0310 18:42:47.277803 987332 sctp_connection.cpp:167] HandleClientSock sd = 27
Mar 10 18:42:47 localhost sctpd[986860]: I0310 18:42:47.277825 987332 sctp_connection.cpp:220] [sd:27] msg of len 22 on 3998:1
Mar 10 18:42:47 localhost sctpd[986860]: I0310 18:42:47.479049 987332 sctp_connection.cpp:167] HandleClientSock sd = 27
Mar 10 18:42:47 localhost sctpd[986860]: I0310 18:42:47.479148 987332 sctp_connection.cpp:220] [sd:27] msg of len 56 on 3998:1
Mar 10 18:42:49 localhost sctpd[986860]: I0310 18:42:49.437587 987332 sctp_connection.cpp:167] HandleClientSock sd = 27
Mar 10 18:42:49 localhost sctpd[986860]: I0310 18:42:49.437698 987332 sctp_connection.cpp:220] [sd:27] msg of len 70 on 3998:1
Mar 10 18:42:49 localhost sctpd[986860]: I0310 18:42:49.443051 986865 sctpd_downlink_impl.cpp:76] SctpdDownlinkImpl::SendDl starting
Mar 10 18:42:49 localhost sctpd[986860]: I0310 18:42:49.443686 987328 sctpd_downlink_impl.cpp:76] SctpdDownlinkImpl::SendDl starting
Mar 10 18:42:49 localhost sctpd[986860]: I0310 18:42:49.549284 987332 sctp_connection.cpp:167] HandleClientSock sd = 27
Mar 10 18:42:49 localhost sctpd[986860]: I0310 18:42:49.549373 987332 sctp_connection.cpp:220] [sd:27] msg of len 28 on 3998:1
Mar 10 18:42:49 localhost sctpd[986860]: I0310 18:42:49.655337 987332 sctp_connection.cpp:167] HandleClientSock sd = 27
Mar 10 18:42:49 localhost sctpd[986860]: I0310 18:42:49.655422 987332 sctp_connection.cpp:193] Unhandled notification type 32777
Mar 10 18:42:49 localhost sctpd[986860]: I0310 18:42:49.655440 987332 sctp_connection.cpp:167] HandleClientSock sd = 27
Mar 10 18:42:49 localhost sctpd[986860]: I0310 18:42:49.655460 987332 sctp_connection.cpp:220] [sd:27] msg of len 22 on 3998:1
Mar 10 18:42:51 localhost dhclient[601]: DHCPREQUEST for 172.16.5.121 on eth1 to 255.255.255.255 port 67 (xid=0x4b4058b5)
Mar 10 18:42:51 localhost smsd[986686]: INFO:root:mme non_eps_service_config is not SMS_ORC8R, sleeping.
Mar 10 18:42:55 localhost dnsmasq-dhcp[986777]: DHCPDISCOVER(eth1) fa:16:3e:2a:89:3f 
Mar 10 18:42:55 localhost dnsmasq-dhcp[986777]: DHCPOFFER(eth1) 172.16.7.251 fa:16:3e:2a:89:3f 
Mar 10 18:42:56 localhost smsd[986686]: INFO:root:mme non_eps_service_config is not SMS_ORC8R, sleeping.
Mar 10 18:42:58 localhost sctpd[986860]: I0310 18:42:58.995988 987332 sctp_connection.cpp:167] HandleClientSock sd = 27
Mar 10 18:42:58 localhost sctpd[986860]: I0310 18:42:58.996093 987332 sctp_connection.cpp:185] SCTP_SHUTDOWN_EVENT received
Mar 10 18:42:58 localhost sctpd[986860]: I0310 18:42:58.996107 987332 sctp_connection.cpp:280] Sending close connection for assoc_id 3998
Mar 10 18:43:01 localhost smsd[986686]: INFO:root:mme non_eps_service_config is not SMS_ORC8R, sleeping.
Mar 10 18:43:02 localhost control_proxy[986748]: 2022-03-10T18:43:02.182Z [127.0.0.1 -> state-controller.magmasi.wavelabs.in,8443] "POST /magma.orc8r.StateService/ReportStates HTTP/2" 200 5bytes 0.511s
Mar 10 18:43:02 localhost magmad[986515]: INFO:root:Checkin Successful! Successfully sent states to the cloud!
Mar 10 18:43:02 localhost dnsmasq-dhcp[986777]: DHCPDISCOVER(eth1) fa:16:3e:2a:89:3f 
Mar 10 18:43:02 localhost dnsmasq-dhcp[986777]: DHCPOFFER(eth1) 172.16.7.251 fa:16:3e:2a:89:3f 
Mar 10 18:43:06 localhost mobilityd[986590]: INFO:root:Using GW info: {'default': {2: ('172.16.4.1', 'eth0')}, 2: [('172.16.4.1', 'eth0', True)]}
Mar 10 18:43:06 localhost mobilityd[986590]: INFO:root:GW-v6 probe: timer started
Mar 10 18:43:06 localhost magmad[986515]: INFO:root:[SyncRPC] Got heartBeat from cloud
Mar 10 18:43:06 localhost smsd[986686]: INFO:root:mme non_eps_service_config is not SMS_ORC8R, sleeping.
Mar 10 18:43:07 localhost sctpd[986860]: I0310 18:43:07.628194 987332 sctp_connection.cpp:167] HandleClientSock sd = 28
Mar 10 18:43:07 localhost sctpd[986860]: I0310 18:43:07.628299 987332 sctp_connection.cpp:189] SCTP association change event received
Mar 10 18:43:07 localhost sctpd[986860]: I0310 18:43:07.629180 987332 sctp_connection.cpp:167] HandleClientSock sd = 28
Mar 10 18:43:07 localhost sctpd[986860]: I0310 18:43:07.629226 987332 sctp_connection.cpp:193] Unhandled notification type 32776
Mar 10 18:43:07 localhost dhclient[601]: DHCPREQUEST for 172.16.5.121 on eth1 to 255.255.255.255 port 67 (xid=0x4b4058b5)
Mar 10 18:43:08 localhost sctpd[986860]: I0310 18:43:08.686652 987332 sctp_connection.cpp:167] HandleClientSock sd = 28
Mar 10 18:43:08 localhost sctpd[986860]: I0310 18:43:08.686766 987332 sctp_connection.cpp:220] [sd:28] msg of len 42 on 3999:0
Mar 10 18:43:08 localhost sctpd[986860]: I0310 18:43:08.688406 986865 sctpd_downlink_impl.cpp:76] SctpdDownlinkImpl::SendDl starting
Mar 10 18:43:08 localhost sctpd[986860]: I0310 18:43:08.688992 987332 sctp_connection.cpp:167] HandleClientSock sd = 28
Mar 10 18:43:08 localhost sctpd[986860]: I0310 18:43:08.689054 987332 sctp_connection.cpp:193] Unhandled notification type 32777
Mar 10 18:43:08 localhost sctpd[986860]: I0310 18:43:08.808401 987332 sctp_connection.cpp:167] HandleClientSock sd = 28
Mar 10 18:43:08 localhost sctpd[986860]: I0310 18:43:08.808511 987332 sctp_connection.cpp:220] [sd:28] msg of len 88 on 3999:1
Mar 10 18:43:08 localhost sctpd[986860]: I0310 18:43:08.823695 987328 sctpd_downlink_impl.cpp:76] SctpdDownlinkImpl::SendDl starting
Mar 10 18:43:08 localhost sctpd[986860]: I0310 18:43:08.924690 987332 sctp_connection.cpp:167] HandleClientSock sd = 28
Mar 10 18:43:08 localhost sctpd[986860]: I0310 18:43:08.924789 987332 sctp_connection.cpp:193] Unhandled notification type 32777
Mar 10 18:43:08 localhost sctpd[986860]: I0310 18:43:08.924816 987332 sctp_connection.cpp:167] HandleClientSock sd = 28
Mar 10 18:43:08 localhost sctpd[986860]: I0310 18:43:08.924847 987332 sctp_connection.cpp:220] [sd:28] msg of len 67 on 3999:1
Mar 10 18:43:08 localhost sctpd[986860]: I0310 18:43:08.929539 987328 sctpd_downlink_impl.cpp:76] SctpdDownlinkImpl::SendDl starting
Mar 10 18:43:09 localhost sctpd[986860]: I0310 18:43:09.034534 987332 sctp_connection.cpp:167] HandleClientSock sd = 28
Mar 10 18:43:09 localhost sctpd[986860]: I0310 18:43:09.034642 987332 sctp_connection.cpp:193] Unhandled notification type 32777
Mar 10 18:43:09 localhost sctpd[986860]: I0310 18:43:09.034663 987332 sctp_connection.cpp:167] HandleClientSock sd = 28
Mar 10 18:43:09 localhost sctpd[986860]: I0310 18:43:09.034684 987332 sctp_connection.cpp:220] [sd:28] msg of len 56 on 3999:1
Mar 10 18:43:09 localhost mme[987274]: [DEBUG] Sending S6A-UPDATE_LOCATION_REQUEST with IMSI: 222700000000001
Mar 10 18:43:09 localhost sctpd[986860]: I0310 18:43:09.040947 987328 sctpd_downlink_impl.cpp:76] SctpdDownlinkImpl::SendDl starting
Mar 10 18:43:09 localhost mme[987274]: [INFO] Received S6A-LOCATION-UPDATE_ANSWER for IMSI: 222700000000001; Status: ; StatusCode: 2001
Mar 10 18:43:09 localhost mme[987274]: [INFO] sent itti S6A-LOCATION-UPDATE_ANSWER for IMSI: 222700000000001
Mar 10 18:43:09 localhost sctpd[986860]: I0310 18:43:09.148770 987332 sctp_connection.cpp:167] HandleClientSock sd = 28
Mar 10 18:43:09 localhost sctpd[986860]: I0310 18:43:09.148871 987332 sctp_connection.cpp:193] Unhandled notification type 32777
Mar 10 18:43:09 localhost sctpd[986860]: I0310 18:43:09.148893 987332 sctp_connection.cpp:167] HandleClientSock sd = 28
Mar 10 18:43:09 localhost sctpd[986860]: I0310 18:43:09.148916 987332 sctp_connection.cpp:220] [sd:28] msg of len 22 on 3999:1
Mar 10 18:43:09 localhost sctpd[986860]: I0310 18:43:09.350982 987332 sctp_connection.cpp:167] HandleClientSock sd = 28
Mar 10 18:43:09 localhost sctpd[986860]: I0310 18:43:09.351083 987332 sctp_connection.cpp:220] [sd:28] msg of len 56 on 3999:1
Mar 10 18:43:09 localhost sctpd[986860]: I0310 18:43:09.351794 987332 sctp_connection.cpp:167] HandleClientSock sd = 28
Mar 10 18:43:09 localhost sctpd[986860]: I0310 18:43:09.351847 987332 sctp_connection.cpp:220] [sd:28] msg of len 82 on 3999:1
Mar 10 18:43:09 localhost mobilityd[986590]: INFO:root:Allocated IP 192.168.128.248 for sid IMSI222700000000001 for apn default
Mar 10 18:43:09 localhost policydb[986650]: INFO:root:Creating a session for subscriber ID: IMSI222700000000001
Mar 10 18:43:09 localhost sessiond[986599]: I0310 18:43:09.388298 986599 SetMessageManagerHandler.cpp:342] Processing a CreateSessionResponse for IMSI222700000000001-512056
Mar 10 18:43:09 localhost sessiond[986599]: I0310 18:43:09.389633 986599 SessionState.cpp:2774] RuleID allowlist_sid-IMSI222700000000001-default doesn't have a version registered for IMSI222700000000001-512056, this is unexpected
Mar 10 18:43:10 localhost control_proxy[986748]: 2022-03-10T18:43:09.993Z [127.0.0.1 -> streamer-controller.magmasi.wavelabs.in,8443] "POST /magma.orc8r.Streamer/GetUpdates HTTP/2" 200 91bytes 0.282s
Mar 10 18:43:10 localhost policydb[986650]: INFO:root:Processing 2 policy updates (resync=True)
Mar 10 18:43:10 localhost control_proxy[986748]: 2022-03-10T18:43:10.278Z [127.0.0.1 -> streamer-controller.magmasi.wavelabs.in,8443] "POST /magma.orc8r.Streamer/GetUpdates HTTP/2" 200 7bytes 0.270s
Mar 10 18:43:10 localhost policydb[986650]: INFO:root:Processing 0 basename -> policy updates
Mar 10 18:43:10 localhost control_proxy[986748]: 2022-03-10T18:43:10.278Z [127.0.0.1 -> streamer-controller.magmasi.wavelabs.in,8443] "POST /magma.orc8r.Streamer/GetUpdates HTTP/2" 200 5113bytes 0.275s
Mar 10 18:43:10 localhost policydb[986650]: INFO:root:Processing 222 SID -> apn -> policy updates
Mar 10 18:43:11 localhost control_proxy[986748]: 2022-03-10T18:43:10.278Z [127.0.0.1 -> streamer-controller.magmasi.wavelabs.in,8443] "POST /magma.orc8r.Streamer/GetUpdates HTTP/2" 200 7bytes 0.259s
Mar 10 18:43:11 localhost policydb[986650]: INFO:root:Processing 0 rating group updates
Mar 10 18:43:12 localhost smsd[986686]: INFO:root:mme non_eps_service_config is not SMS_ORC8R, sleeping.
Mar 10 18:43:13 localhost mme[987274]: PDUSessionResourceSetupRequestTransfer ::= {
Mar 10 18:43:13 localhost mme[987274]:     protocolIEs: ProtocolIE-Container ::= {
Mar 10 18:43:13 localhost mme[987274]:         PDUSessionResourceSetupRequestTransferIEs ::= {
Mar 10 18:43:13 localhost mme[987274]:             id: 130
Mar 10 18:43:13 localhost mme[987274]:             criticality: 0 (reject)
Mar 10 18:43:13 localhost mme[987274]:             value: PDUSessionAggregateMaximumBitRate ::= {
Mar 10 18:43:13 localhost mme[987274]:                 pDUSessionAggregateMaximumBitRateDL: 100000000
Mar 10 18:43:13 localhost mme[987274]:                 pDUSessionAggregateMaximumBitRateUL: 100000000
Mar 10 18:43:13 localhost mme[987274]:             }
Mar 10 18:43:13 localhost mme[987274]:         }
Mar 10 18:43:13 localhost mme[987274]:         PDUSessionResourceSetupRequestTransferIEs ::= {
Mar 10 18:43:13 localhost mme[987274]:             id: 139
Mar 10 18:43:13 localhost mme[987274]:             criticality: 0 (reject)
Mar 10 18:43:13 localhost mme[987274]:             value: GTPTunnel ::= {
Mar 10 18:43:13 localhost mme[987274]:                 transportLayerAddress: AC 10 05 79
Mar 10 18:43:13 localhost mme[987274]:                 gTP-TEID: 7F FF FF FF
Mar 10 18:43:13 localhost mme[987274]:             }
Mar 10 18:43:13 localhost mme[987274]:         }
Mar 10 18:43:13 localhost mme[987274]:         PDUSessionResourceSetupRequestTransferIEs ::= {
Mar 10 18:43:13 localhost mme[987274]:             id: 134
Mar 10 18:43:13 localhost mme[987274]:             criticality: 0 (reject)
Mar 10 18:43:13 localhost mme[987274]:             value: 0 (ipv4)
Mar 10 18:43:13 localhost mme[987274]:         }
Mar 10 18:43:13 localhost mme[987274]:         PDUSessionResourceSetupRequestTransferIEs ::= {
Mar 10 18:43:13 localhost mme[987274]:             id: 136
Mar 10 18:43:13 localhost mme[987274]:             criticality: 0 (reject)
Mar 10 18:43:13 localhost mme[987274]:             value: QosFlowSetupRequestList ::= {
Mar 10 18:43:13 localhost mme[987274]:                 QosFlowSetupRequestItem ::= {
Mar 10 18:43:13 localhost mme[987274]:                     qosFlowIdentifier: 9
Mar 10 18:43:13 localhost mme[987274]:                     qosFlowLevelQosParameters: QosFlowLevelQosParameters ::= {
Mar 10 18:43:13 localhost mme[987274]:                         qosCharacteristics: NonDynamic5QIDescriptor ::= {
Mar 10 18:43:13 localhost mme[987274]:                             fiveQI: 9
Mar 10 18:43:13 localhost mme[987274]:                         }
Mar 10 18:43:13 localhost mme[987274]:                         allocationAndRetentionPriority: AllocationAndRetentionPriority ::= {
Mar 10 18:43:13 localhost mme[987274]:                             priorityLevelARP: 15
Mar 10 18:43:13 localhost mme[987274]:                             pre-emptionCapability: 0 (shall-not-trigger-pre-emption)
Mar 10 18:43:13 localhost mme[987274]:                             pre-emptionVulnerability: 0 (not-pre-emptable)
Mar 10 18:43:13 localhost mme[987274]:                         }
Mar 10 18:43:13 localhost mme[987274]:                     }
Mar 10 18:43:13 localhost mme[987274]:                 }
Mar 10 18:43:13 localhost mme[987274]:             }
Mar 10 18:43:13 localhost mme[987274]:         }
Mar 10 18:43:13 localhost mme[987274]:     }
Mar 10 18:43:13 localhost mme[987274]: }
Mar 10 18:43:13 localhost sctpd[986860]: I0310 18:43:13.488073 987328 sctpd_downlink_impl.cpp:76] SctpdDownlinkImpl::SendDl starting
Mar 10 18:43:13 localhost sctpd[986860]: I0310 18:43:13.692202 987332 sctp_connection.cpp:167] HandleClientSock sd = 28
Mar 10 18:43:13 localhost sctpd[986860]: I0310 18:43:13.692304 987332 sctp_connection.cpp:193] Unhandled notification type 32777
Mar 10 18:43:13 localhost dnsmasq-dhcp[986777]: DHCPDISCOVER(eth1) fa:16:3e:2a:89:3f 
Mar 10 18:43:13 localhost dnsmasq-dhcp[986777]: DHCPOFFER(eth1) 172.16.7.251 fa:16:3e:2a:89:3f 
Mar 10 18:43:14 localhost sctpd[986860]: I0310 18:43:14.673698 987332 sctp_connection.cpp:167] HandleClientSock sd = 28
Mar 10 18:43:14 localhost sctpd[986860]: I0310 18:43:14.673821 987332 sctp_connection.cpp:220] [sd:28] msg of len 70 on 3999:1
Mar 10 18:43:14 localhost sessiond[986599]: I0310 18:43:14.679620 986599 SetMessageManagerHandler.cpp:142] Release request for session from IMSI: IMSI222700000000001 pdu_id 1
Mar 10 18:43:14 localhost sctpd[986860]: I0310 18:43:14.679816 986865 sctpd_downlink_impl.cpp:76] SctpdDownlinkImpl::SendDl starting
Mar 10 18:43:14 localhost sctpd[986860]: I0310 18:43:14.680553 987328 sctpd_downlink_impl.cpp:76] SctpdDownlinkImpl::SendDl starting
Mar 10 18:43:14 localhost mobilityd[986590]: INFO:root:Released IP 192.168.128.248 for sid IMSI222700000000001
Mar 10 18:43:14 localhost sctpd[986860]: I0310 18:43:14.937100 987332 sctp_connection.cpp:167] HandleClientSock sd = 28
Mar 10 18:43:14 localhost sctpd[986860]: I0310 18:43:14.937218 987332 sctp_connection.cpp:193] Unhandled notification type 32777
Mar 10 18:43:14 localhost sctpd[986860]: I0310 18:43:14.937239 987332 sctp_connection.cpp:167] HandleClientSock sd = 28
Mar 10 18:43:14 localhost sctpd[986860]: I0310 18:43:14.937261 987332 sctp_connection.cpp:220] [sd:28] msg of len 22 on 3999:1
Mar 10 18:43:17 localhost smsd[986686]: INFO:root:mme non_eps_service_config is not SMS_ORC8R, sleeping.
Mar 10 18:43:19 localhost policydb[986650]: INFO:root:Terminating session: IMSI222700000000001-512056
Mar 10 18:43:19 localhost eventd[986678]: DEBUG:root:Logging event: stream_name: "sessiond"
Mar 10 18:43:19 localhost eventd[986678]: event_type: "session_terminated"
Mar 10 18:43:19 localhost eventd[986678]: tag: "IMSI222700000000001"
Mar 10 18:43:19 localhost eventd[986678]: value: "{\"mac_addr\":\"\",\"user_location\":\"\",\"spgw_ip\":\"\",\"imei\":\"\",\"record_sequence_number\":1,\"pdp_end_time\":33,\"charging_rx\":0,\"duration\":33,\"ip_addr\":\"192.168.128.248\",\"monitoring_tx\":0,\"ipv6_addr\":\"\",\"msisdn\":\"\",\"apn\":\"default\",\"session_id\":\"IMSI222700000000001-512056\",\"list_of_service_data\":[],\"charging_characteristics\":\"\",\"total_tx\":0,\"cause_for_rec_closing\":0,\"imsi\":\"IMSI222700000000001\",\"total_rx\":0,\"monitoring_rx\":0,\"charging_tx\":0,\"pdp_start_time\":0}"
Mar 10 18:43:19 localhost eventd[986678]: ERROR:root:Connection to FluentBit failed: [Errno 111] Connection refused
Mar 10 18:43:19 localhost eventd[986678]: INFO:root:FluentBit (td-agent-bit) may not be enabled or configured correctly
