Apr  5 01:52:13 localhost eventd[2866134]: value: "{\"mac_addr\":\"\",\"user_location\":\"\",\"spgw_ip\":\"\",\"imei\":\"\",\"record_sequence_number\":1,\"pdp_end_time\":140690625828432,\"charging_rx\":0,\"duration\":45791492880224,\"ip_addr\":\"192.168.128.131\",\"monitoring_tx\":0,\"ipv6_addr\":\"\",\"msisdn\":\"\",\"apn\":\"internet\",\"session_id\":\"IMSI222700000000001-190842\",\"list_of_service_data\":[],\"charging_characteristics\":\"\",\"total_tx\":0,\"cause_for_rec_closing\":0,\"imsi\":\"IMSI222700000000001\",\"total_rx\":0,\"monitoring_rx\":0,\"charging_tx\":0,\"pdp_start_time\":94899132948208}"
Apr  5 01:52:13 localhost eventd[2866134]: ERROR:root:Connection to FluentBit failed: [Errno 111] Connection refused
Apr  5 01:52:13 localhost eventd[2866134]: INFO:root:FluentBit (td-agent-bit) may not be enabled or configured correctly
Apr  5 01:52:13 localhost sessiond[2866058]: I0405 01:52:13.354387 2866075 SessionEvents.cpp:291] Could not log session_terminated event {"mac_addr":"","user_location":"","spgw_ip":"","imei":"","record_sequence_number":1,"pdp_end_time":140690625828432,"charging_rx":0,"duration":45791492880224,"ip_addr":"192.168.128.131","monitoring_tx":0,"ipv6_addr":"","msisdn":"","apn":"internet","session_id":"IMSI222700000000001-190842","list_of_service_data":[],"charging_characteristics":"","total_tx":0,"cause_for_rec_closing":0,"imsi":"IMSI222700000000001","total_rx":0,"monitoring_rx":0,"charging_tx":0,"pdp_start_time":94899132948208}, Error Message: Could not connect to FluentBit locally, Details: [Errno 111] Connection refused
Apr  5 01:52:14 localhost smsd[2866142]: INFO:root:mme non_eps_service_config is not SMS_ORC8R, sleeping.
Apr  5 01:52:16 localhost mobilityd[2866051]: INFO:root:Using GW info: {'default': {2: ('172.16.4.1', 'eth0')}, 2: [('172.16.4.1', 'eth0', True)]}
Apr  5 01:52:16 localhost mobilityd[2866051]: INFO:root:GW-v6 probe: timer started
Apr  5 01:52:16 localhost magmad[2865981]: INFO:root:[SyncRPC] Got heartBeat from cloud
Apr  5 01:52:17 localhost control_proxy[2866221]: 2022-04-05T01:52:17.525Z [127.0.0.1 -> state-controller.magmasi.wavelabs.in,8443] "POST /magma.orc8r.StateService/ReportStates HTTP/2" 200 5bytes 0.261s
Apr  5 01:52:19 localhost smsd[2866142]: INFO:root:mme non_eps_service_config is not SMS_ORC8R, sleeping.
Apr  5 01:52:23 localhost dhclient[601]: DHCPREQUEST for 172.16.5.121 on eth1 to 255.255.255.255 port 67 (xid=0x25c866c5)
Apr  5 01:52:23 localhost subscriberdb[2866050]: INFO:root:get digest stored in gateway:
Apr  5 01:52:23 localhost control_proxy[2866221]: 2022-04-05T01:52:23.340Z [127.0.0.1 -> subscriberdb-controller.magmasi.wavelabs.in,8443] "POST /magma.lte.SubscriberDBCloud/CheckInSync HTTP/2" 200 0bytes 0.252s
Apr  5 01:52:23 localhost subscriberdb[2866050]: ERROR:root:Internal Error in subscriberdb-Orc8r communication. If AGW and Orc8r are deployed at a commit hash, upgrade AGW and Orc8r to latest commit hash.
Apr  5 01:52:23 localhost control_proxy[2866221]: 2022-04-05T01:52:23.340Z [127.0.0.1 -> subscriberdb-controller.magmasi.wavelabs.in,8443] "POST /magma.lte.SubscriberDBCloud/Sync HTTP/2" 200 0bytes 0.248s
Apr  5 01:52:23 localhost subscriberdb[2866050]: ERROR:root:Internal Error in subscriberdb-Orc8r communication. If AGW and Orc8r are deployed at a commit hash, upgrade AGW and Orc8r to latest commit hash.
Apr  5 01:52:24 localhost control_proxy[2866221]: 2022-04-05T01:52:23.340Z [127.0.0.1 -> subscriberdb-controller.magmasi.wavelabs.in,8443] "POST /magma.lte.SubscriberDBCloud/ListSubscribers HTTP/2" 200 44088bytes 0.433s
Apr  5 01:52:24 localhost smsd[2866142]: INFO:root:mme non_eps_service_config is not SMS_ORC8R, sleeping.
Apr  5 01:52:24 localhost subscriberdb[2866050]: INFO:root:Successfully fetched all subscriber pages from the cloud!
Apr  5 01:52:24 localhost subscriberdb[2866050]: INFO:root:update root digest stored in gateway:
Apr  5 01:52:25 localhost sctpd[2866333]: I0405 01:52:25.180928 2866777 sctp_connection.cpp:195] Unhandled notification type 32776
Apr  5 01:52:26 localhost sctpd[2866333]: I0405 01:52:26.243037 2866777 sctp_connection.cpp:195] Unhandled notification type 32777
Apr  5 01:52:26 localhost sctpd[2866333]: I0405 01:52:26.474990 2866777 sctp_connection.cpp:195] Unhandled notification type 32777
Apr  5 01:52:26 localhost sctpd[2866333]: I0405 01:52:26.593691 2866777 sctp_connection.cpp:195] Unhandled notification type 32777
Apr  5 01:52:26 localhost mme[2866731]: [DEBUG] Sending S6A-UPDATE_LOCATION_REQUEST with IMSI: 222700000000001
Apr  5 01:52:26 localhost mme[2866731]: [INFO] Received S6A-LOCATION-UPDATE_ANSWER for IMSI: 222700000000001; Status: ; StatusCode: 2001
Apr  5 01:52:26 localhost mme[2866731]: [INFO] sent itti S6A-LOCATION-UPDATE_ANSWER for IMSI: 222700000000001
Apr  5 01:52:26 localhost magmad[2865981]: INFO:root:Setting logging level to INFO
Apr  5 01:52:26 localhost sctpd[2866333]: I0405 01:52:26.710268 2866777 sctp_connection.cpp:195] Unhandled notification type 32777
Apr  5 01:52:26 localhost mobilityd[2866051]: INFO:root:Allocated IP 192.168.128.132 for sid IMSI222700000000001 for apn internet
Apr  5 01:52:26 localhost policydb[2866123]: INFO:root:Creating a session for subscriber ID: IMSI222700000000001
Apr  5 01:52:26 localhost sessiond[2866058]: I0405 01:52:26.939412 2866058 SetMessageManagerHandler.cpp:342] Processing a CreateSessionResponse for IMSI222700000000001-354198
Apr  5 01:52:26 localhost sessiond[2866058]: I0405 01:52:26.940177 2866058 SessionState.cpp:2774] RuleID allowlist_sid-IMSI222700000000001-internet doesn't have a version registered for IMSI222700000000001-354198, this is unexpected
Apr  5 01:52:26 localhost mme[2866731]: PDUSessionResourceSetupRequestTransfer ::= {
Apr  5 01:52:26 localhost mme[2866731]:     protocolIEs: ProtocolIE-Container ::= {
Apr  5 01:52:26 localhost mme[2866731]:         PDUSessionResourceSetupRequestTransferIEs ::= {
Apr  5 01:52:26 localhost mme[2866731]:             id: 130
Apr  5 01:52:26 localhost mme[2866731]:             criticality: 0 (reject)
Apr  5 01:52:26 localhost mme[2866731]:             value: PDUSessionAggregateMaximumBitRate ::= {
Apr  5 01:52:26 localhost mme[2866731]:                 pDUSessionAggregateMaximumBitRateDL: 1000000
Apr  5 01:52:26 localhost mme[2866731]:                 pDUSessionAggregateMaximumBitRateUL: 1000000
Apr  5 01:52:26 localhost mme[2866731]:             }
Apr  5 01:52:26 localhost mme[2866731]:         }
Apr  5 01:52:26 localhost mme[2866731]:         PDUSessionResourceSetupRequestTransferIEs ::= {
Apr  5 01:52:26 localhost mme[2866731]:             id: 139
Apr  5 01:52:26 localhost mme[2866731]:             criticality: 0 (reject)
Apr  5 01:52:26 localhost mme[2866731]:             value: GTPTunnel ::= {
Apr  5 01:52:26 localhost mme[2866731]:                 transportLayerAddress: AC 10 05 79
Apr  5 01:52:26 localhost mme[2866731]:                 gTP-TEID: 80 00 00 0C
Apr  5 01:52:26 localhost mme[2866731]:             }
Apr  5 01:52:26 localhost mme[2866731]:         }
Apr  5 01:52:26 localhost mme[2866731]:         PDUSessionResourceSetupRequestTransferIEs ::= {
Apr  5 01:52:26 localhost mme[2866731]:             id: 134
Apr  5 01:52:26 localhost mme[2866731]:             criticality: 0 (reject)
Apr  5 01:52:26 localhost mme[2866731]:             value: 0 (ipv4)
Apr  5 01:52:26 localhost mme[2866731]:         }
Apr  5 01:52:26 localhost mme[2866731]:         PDUSessionResourceSetupRequestTransferIEs ::= {
Apr  5 01:52:26 localhost mme[2866731]:             id: 136
Apr  5 01:52:26 localhost mme[2866731]:             criticality: 0 (reject)
Apr  5 01:52:26 localhost mme[2866731]:             value: QosFlowSetupRequestList ::= {
Apr  5 01:52:26 localhost mme[2866731]:                 QosFlowSetupRequestItem ::= {
Apr  5 01:52:26 localhost mme[2866731]:                     qosFlowIdentifier: 9
Apr  5 01:52:26 localhost mme[2866731]:                     qosFlowLevelQosParameters: QosFlowLevelQosParameters ::= {
Apr  5 01:52:26 localhost mme[2866731]:                         qosCharacteristics: NonDynamic5QIDescriptor ::= {
Apr  5 01:52:26 localhost mme[2866731]:                             fiveQI: 9
Apr  5 01:52:26 localhost mme[2866731]:                         }
Apr  5 01:52:26 localhost mme[2866731]:                         allocationAndRetentionPriority: AllocationAndRetentionPriority ::= {
Apr  5 01:52:26 localhost mme[2866731]:                             priorityLevelARP: 15
Apr  5 01:52:26 localhost mme[2866731]:                             pre-emptionCapability: 1 (may-trigger-pre-emption)
Apr  5 01:52:26 localhost mme[2866731]:                             pre-emptionVulnerability: 1 (pre-emptable)
Apr  5 01:52:26 localhost mme[2866731]:                         }
Apr  5 01:52:26 localhost mme[2866731]:                     }
Apr  5 01:52:26 localhost mme[2866731]:                 }
Apr  5 01:52:26 localhost mme[2866731]:             }
Apr  5 01:52:26 localhost mme[2866731]:         }
Apr  5 01:52:26 localhost mme[2866731]:     }
Apr  5 01:52:26 localhost mme[2866731]: }
Apr  5 01:52:27 localhost sctpd[2866333]: I0405 01:52:27.010780 2866777 sctp_connection.cpp:195] Unhandled notification type 32777
Apr  5 01:52:27 localhost sctpd[2866333]: I0405 01:52:27.218092 2866777 sctp_connection.cpp:195] Unhandled notification type 32777
Apr  5 01:52:29 localhost smsd[2866142]: INFO:root:mme non_eps_service_config is not SMS_ORC8R, sleeping.
Apr  5 01:52:32 localhost sessiond[2866058]: I0405 01:52:32.125195 2866058 SetMessageManagerHandler.cpp:142] Release request for session from IMSI: IMSI222700000000001 pdu_id 1
Apr  5 01:52:32 localhost mobilityd[2866051]: INFO:root:Released IP 192.168.128.132 for sid IMSI222700000000001
Apr  5 01:52:32 localhost sctpd[2866333]: I0405 01:52:32.538166 2866777 sctp_connection.cpp:195] Unhandled notification type 32777
Apr  5 01:52:34 localhost smsd[2866142]: INFO:root:mme non_eps_service_config is not SMS_ORC8R, sleeping.
Apr  5 01:52:36 localhost mobilityd[2866051]: INFO:root:Using GW info: {'default': {2: ('172.16.4.1', 'eth0')}, 2: [('172.16.4.1', 'eth0', True)]}
Apr  5 01:52:36 localhost mobilityd[2866051]: INFO:root:GW-v6 probe: timer started
Apr  5 01:52:37 localhost policydb[2866123]: INFO:root:Terminating session: IMSI222700000000001-354198
Apr  5 01:52:37 localhost eventd[2866134]: DEBUG:root:Logging event: stream_name: "sessiond"
Apr  5 01:52:37 localhost eventd[2866134]: event_type: "session_terminated"
Apr  5 01:52:37 localhost eventd[2866134]: tag: "IMSI222700000000001"
Apr  5 01:52:37 localhost eventd[2866134]: value: "{\"mac_addr\":\"\",\"user_location\":\"\",\"spgw_ip\":\"\",\"imei\":\"\",\"record_sequence_number\":1,\"pdp_end_time\":140690625828432,\"charging_rx\":0,\"duration\":45791492880224,\"ip_addr\":\"192.168.128.132\",\"monitoring_tx\":0,\"ipv6_addr\":\"\",\"msisdn\":\"\",\"apn\":\"internet\",\"session_id\":\"IMSI222700000000001-354198\",\"list_of_service_data\":[],\"charging_characteristics\":\"\",\"total_tx\":0,\"cause_for_rec_closing\":0,\"imsi\":\"IMSI222700000000001\",\"total_rx\":0,\"monitoring_rx\":0,\"charging_tx\":0,\"pdp_start_time\":94899132948208}"
Apr  5 01:52:37 localhost eventd[2866134]: ERROR:root:Connection to FluentBit failed: [Errno 111] Connection refused
Apr  5 01:52:37 localhost eventd[2866134]: INFO:root:FluentBit (td-agent-bit) may not be enabled or configured correctly
Apr  5 01:52:37 localhost sessiond[2866058]: I0405 01:52:37.133404 2866075 SessionEvents.cpp:291] Could not log session_terminated event {"mac_addr":"","user_location":"","spgw_ip":"","imei":"","record_sequence_number":1,"pdp_end_time":140690625828432,"charging_rx":0,"duration":45791492880224,"ip_addr":"192.168.128.132","monitoring_tx":0,"ipv6_addr":"","msisdn":"","apn":"internet","session_id":"IMSI222700000000001-354198","list_of_service_data":[],"charging_characteristics":"","total_tx":0,"cause_for_rec_closing":0,"imsi":"IMSI222700000000001","total_rx":0,"monitoring_rx":0,"charging_tx":0,"pdp_start_time":94899132948208}, Error Message: Could not connect to FluentBit locally, Details: [Errno 111] Connection refused
Apr  5 01:52:39 localhost smsd[2866142]: INFO:root:mme non_eps_service_config is not SMS_ORC8R, sleeping.
Apr  5 01:52:44 localhost smsd[2866142]: INFO:root:mme non_eps_service_config is not SMS_ORC8R, sleeping.
Apr  5 01:52:44 localhost dhclient[601]: DHCPREQUEST for 172.16.5.121 on eth1 to 255.255.255.255 port 67 (xid=0x25c866c5)
Apr  5 01:52:46 localhost control_proxy[2866221]: 2022-04-05T01:52:45.091Z [127.0.0.1 -> state-controller.magmasi.wavelabs.in,8443] "POST /magma.orc8r.StateService/ReportStates HTTP/2" 200 5bytes 0.896s
Apr  5 01:52:46 localhost magmad[2865981]: INFO:root:Checkin Successful! Successfully sent states to the cloud!
Apr  5 01:52:48 localhost sctpd[2866333]: I0405 01:52:48.887629 2866777 sctp_connection.cpp:195] Unhandled notification type 32776
Apr  5 01:52:49 localhost smsd[2866142]: INFO:root:mme non_eps_service_config is not SMS_ORC8R, sleeping.
Apr  5 01:52:49 localhost sctpd[2866333]: I0405 01:52:49.951011 2866777 sctp_connection.cpp:195] Unhandled notification type 32777
Apr  5 01:52:50 localhost sctpd[2866333]: I0405 01:52:50.294911 2866777 sctp_connection.cpp:195] Unhandled notification type 32777
Apr  5 01:52:50 localhost control_proxy[2866221]: 2022-04-05T01:52:50.412Z [127.0.0.1 -> streamer-controller.magmasi.wavelabs.in,8443] "POST /magma.orc8r.Streamer/GetUpdates HTTP/2" 200 173bytes 0.277s
Apr  5 01:52:50 localhost policydb[2866123]: INFO:root:Processing 4 policy updates (resync=True)
Apr  5 01:52:50 localhost control_proxy[2866221]: 2022-04-05T01:52:50.412Z [127.0.0.1 -> streamer-controller.magmasi.wavelabs.in,8443] "POST /magma.orc8r.Streamer/GetUpdates HTTP/2" 200 7bytes 0.267s
Apr  5 01:52:50 localhost policydb[2866123]: INFO:root:Processing 0 basename -> policy updates
Apr  5 01:52:51 localhost control_proxy[2866221]: 2022-04-05T01:52:50.412Z [127.0.0.1 -> streamer-controller.magmasi.wavelabs.in,8443] "POST /magma.orc8r.Streamer/GetUpdates HTTP/2" 200 13513bytes 0.298s
Apr  5 01:52:51 localhost policydb[2866123]: INFO:root:Processing 222 SID -> apn -> policy updates
Apr  5 01:52:51 localhost control_proxy[2866221]: 2022-04-05T01:52:51.269Z [127.0.0.1 -> streamer-controller.magmasi.wavelabs.in,8443] "POST /magma.orc8r.Streamer/GetUpdates HTTP/2" 200 7bytes 0.264s
Apr  5 01:52:51 localhost policydb[2866123]: INFO:root:Processing 0 rating group updates
Apr  5 01:52:54 localhost smsd[2866142]: INFO:root:mme non_eps_service_config is not SMS_ORC8R, sleeping.
Apr  5 01:52:56 localhost mobilityd[2866051]: INFO:root:Using GW info: {'default': {2: ('172.16.4.1', 'eth0')}, 2: [('172.16.4.1', 'eth0', True)]}
Apr  5 01:52:56 localhost mobilityd[2866051]: INFO:root:GW-v6 probe: timer started
Apr  5 01:52:56 localhost sctpd[2866333]: I0405 01:52:56.302053 2866777 sctp_connection.cpp:195] Unhandled notification type 32777
Apr  5 01:52:59 localhost smsd[2866142]: INFO:root:mme non_eps_service_config is not SMS_ORC8R, sleeping.
Apr  5 01:53:03 localhost dhclient[601]: DHCPREQUEST for 172.16.5.121 on eth1 to 255.255.255.255 port 67 (xid=0x25c866c5)
Apr  5 01:53:04 localhost smsd[2866142]: INFO:root:mme non_eps_service_config is not SMS_ORC8R, sleeping.
Apr  5 01:53:06 localhost sctpd[2866333]: I0405 01:53:06.824656 2866777 sctp_connection.cpp:195] Unhandled notification type 32776
Apr  5 01:53:07 localhost sctpd[2866333]: I0405 01:53:07.883610 2866777 sctp_connection.cpp:195] Unhandled notification type 32777
Apr  5 01:53:09 localhost smsd[2866142]: INFO:root:mme non_eps_service_config is not SMS_ORC8R, sleeping.
Apr  5 01:53:14 localhost smsd[2866142]: INFO:root:mme non_eps_service_config is not SMS_ORC8R, sleeping.
Apr  5 01:53:15 localhost magmad[2865981]: ERROR:root:Metrics upload error for service subscriberdb (chunk 0)! [StatusCode.DEADLINE_EXCEEDED] Deadline Exceeded
Apr  5 01:53:15 localhost magmad[2865981]: ERROR:root:Metrics upload error for service mobilityd (chunk 0)! [StatusCode.DEADLINE_EXCEEDED] Deadline Exceeded
Apr  5 01:53:15 localhost magmad[2865981]: ERROR:root:Metrics upload error for service mme (chunk 0)! [StatusCode.DEADLINE_EXCEEDED] Deadline Exceeded
Apr  5 01:53:15 localhost magmad[2865981]: ERROR:root:Metrics upload error for service magmad (chunk 0)! [StatusCode.DEADLINE_EXCEEDED] Deadline Exceeded
Apr  5 01:53:15 localhost magmad[2865981]: ERROR:root:Metrics upload error for service enodebd (chunk 0)! [StatusCode.DEADLINE_EXCEEDED] Deadline Exceeded
Apr  5 01:53:15 localhost magmad[2865981]: ERROR:root:Metrics upload error for service pipelined (chunk 0)! [StatusCode.DEADLINE_EXCEEDED] Deadline Exceeded
Apr  5 01:53:15 localhost magmad[2865981]: ERROR:root:Metrics upload error for service state (chunk 0)! [StatusCode.DEADLINE_EXCEEDED] Deadline Exceeded
Apr  5 01:53:15 localhost magmad[2865981]: ERROR:root:Metrics upload error for service sessiond (chunk 0)! [StatusCode.DEADLINE_EXCEEDED] Deadline Exceeded
Apr  5 01:53:16 localhost mobilityd[2866051]: INFO:root:Using GW info: {'default': {2: ('172.16.4.1', 'eth0')}, 2: [('172.16.4.1', 'eth0', True)]}
Apr  5 01:53:16 localhost mobilityd[2866051]: INFO:root:GW-v6 probe: timer started
Apr  5 01:53:16 localhost magmad[2865981]: INFO:root:[SyncRPC] Got heartBeat from cloud
Apr  5 01:53:17 localhost dhclient[601]: DHCPREQUEST for 172.16.5.121 on eth1 to 255.255.255.255 port 67 (xid=0x25c866c5)
Apr  5 01:53:18 localhost control_proxy[2866221]: 2022-04-05T01:52:18.663Z [127.0.0.1 -> streamer-controller.magmasi.wavelabs.in,8443] "POST /magma.orc8r.Streamer/GetUpdates HTTP/2" 200 0bytes 60.259s
Apr  5 01:53:18 localhost magmad[2865981]: ERROR:root:Error! Streaming from the cloud failed! [StatusCode.ABORTED] error while streaming updates: rpc error: code = DeadlineExceeded desc = context deadline exceeded
Apr  5 01:53:19 localhost smsd[2866142]: INFO:root:mme non_eps_service_config is not SMS_ORC8R, sleeping.
Apr  5 01:53:24 localhost smsd[2866142]: INFO:root:mme non_eps_service_config is not SMS_ORC8R, sleeping.
Apr  5 01:53:28 localhost dhclient[601]: DHCPREQUEST for 172.16.5.121 on eth1 to 255.255.255.255 port 67 (xid=0x25c866c5)
Apr  5 01:53:29 localhost smsd[2866142]: INFO:root:mme non_eps_service_config is not SMS_ORC8R, sleeping.
Apr  5 01:53:29 localhost sctpd[2866333]: I0405 01:53:29.855522 2866777 sctp_connection.cpp:195] Unhandled notification type 32776
Apr  5 01:53:30 localhost sctpd[2866333]: I0405 01:53:30.909626 2866777 sctp_connection.cpp:195] Unhandled notification type 32777
Apr  5 01:53:34 localhost smsd[2866142]: INFO:root:mme non_eps_service_config is not SMS_ORC8R, sleeping.
Apr  5 01:53:36 localhost mobilityd[2866051]: INFO:root:Using GW info: {'default': {2: ('172.16.4.1', 'eth0')}, 2: [('172.16.4.1', 'eth0', True)]}
Apr  5 01:53:36 localhost mobilityd[2866051]: INFO:root:GW-v6 probe: timer started
Apr  5 01:53:39 localhost smsd[2866142]: INFO:root:mme non_eps_service_config is not SMS_ORC8R, sleeping.
Apr  5 01:53:44 localhost smsd[2866142]: INFO:root:mme non_eps_service_config is not SMS_ORC8R, sleeping.
Apr  5 01:53:46 localhost dhclient[601]: DHCPREQUEST for 172.16.5.121 on eth1 to 255.255.255.255 port 67 (xid=0x25c866c5)
Apr  5 01:53:46 localhost magmad[2865981]: INFO:root:Setting logging level to INFO
Apr  5 01:53:47 localhost sctpd[2866333]: I0405 01:53:47.632846 2866777 sctp_connection.cpp:195] Unhandled notification type 32776
Apr  5 01:53:48 localhost sctpd[2866333]: I0405 01:53:48.693017 2866777 sctp_connection.cpp:195] Unhandled notification type 32777
Apr  5 01:53:48 localhost sctpd[2866333]: I0405 01:53:48.926827 2866777 sctp_connection.cpp:195] Unhandled notification type 32777
Apr  5 01:53:49 localhost sctpd[2866333]: I0405 01:53:49.134349 2866777 sctp_connection.cpp:195] Unhandled notification type 32777
Apr  5 01:53:49 localhost smsd[2866142]: INFO:root:mme non_eps_service_config is not SMS_ORC8R, sleeping.
Apr  5 01:53:52 localhost control_proxy[2866221]: 2022-04-05T01:53:51.594Z [127.0.0.1 -> streamer-controller.magmasi.wavelabs.in,8443] "POST /magma.orc8r.Streamer/GetUpdates HTTP/2" 200 173bytes 0.524s
Apr  5 01:53:52 localhost policydb[2866123]: INFO:root:Processing 4 policy updates (resync=True)
Apr  5 01:53:52 localhost control_proxy[2866221]: 2022-04-05T01:53:52.123Z [127.0.0.1 -> streamer-controller.magmasi.wavelabs.in,8443] "POST /magma.orc8r.Streamer/GetUpdates HTTP/2" 200 7bytes 0.286s
Apr  5 01:53:52 localhost policydb[2866123]: INFO:root:Processing 0 basename -> policy updates
Apr  5 01:53:52 localhost control_proxy[2866221]: 2022-04-05T01:53:52.123Z [127.0.0.1 -> streamer-controller.magmasi.wavelabs.in,8443] "POST /magma.orc8r.Streamer/GetUpdates HTTP/2" 200 13513bytes 0.305s
Apr  5 01:53:52 localhost policydb[2866123]: INFO:root:Processing 222 SID -> apn -> policy updates
Apr  5 01:53:52 localhost control_proxy[2866221]: 2022-04-05T01:53:52.123Z [127.0.0.1 -> streamer-controller.magmasi.wavelabs.in,8443] "POST /magma.orc8r.Streamer/GetUpdates HTTP/2" 200 7bytes 0.261s
Apr  5 01:53:52 localhost policydb[2866123]: INFO:root:Processing 0 rating group updates
Apr  5 01:53:54 localhost smsd[2866142]: INFO:root:mme non_eps_service_config is not SMS_ORC8R, sleeping.
Apr  5 01:53:56 localhost mobilityd[2866051]: INFO:root:Using GW info: {'default': {2: ('172.16.4.1', 'eth0')}, 2: [('172.16.4.1', 'eth0', True)]}
Apr  5 01:53:56 localhost mobilityd[2866051]: INFO:root:GW-v6 probe: timer started
Apr  5 01:53:59 localhost smsd[2866142]: INFO:root:mme non_eps_service_config is not SMS_ORC8R, sleeping.
Apr  5 01:54:00 localhost dhclient[601]: DHCPREQUEST for 172.16.5.121 on eth1 to 255.255.255.255 port 67 (xid=0x25c866c5)
Apr  5 01:54:04 localhost smsd[2866142]: INFO:root:mme non_eps_service_config is not SMS_ORC8R, sleeping.
Apr  5 01:54:05 localhost control_proxy[2866221]: 2022-04-05T01:54:04.874Z [127.0.0.1 -> state-controller.magmasi.wavelabs.in,8443] "POST /magma.orc8r.StateService/ReportStates HTTP/2" 200 5bytes 0.508s
Apr  5 01:54:05 localhost magmad[2865981]: INFO:root:Checkin Successful! Successfully sent states to the cloud!
Apr  5 01:54:05 localhost sctpd[2866333]: I0405 01:54:05.680863 2866777 sctp_connection.cpp:195] Unhandled notification type 32776
Apr  5 01:54:06 localhost sctpd[2866333]: I0405 01:54:06.742769 2866777 sctp_connection.cpp:195] Unhandled notification type 32777
Apr  5 01:54:06 localhost sctpd[2866333]: I0405 01:54:06.988492 2866777 sctp_connection.cpp:195] Unhandled notification type 32777
Apr  5 01:54:07 localhost sctpd[2866333]: I0405 01:54:07.194288 2866777 sctp_connection.cpp:195] Unhandled notification type 32777
Apr  5 01:54:09 localhost smsd[2866142]: INFO:root:mme non_eps_service_config is not SMS_ORC8R, sleeping.
Apr  5 01:54:10 localhost dhclient[601]: DHCPREQUEST for 172.16.5.121 on eth1 to 255.255.255.255 port 67 (xid=0x25c866c5)
Apr  5 01:54:13 localhost sctpd[2866333]: I0405 01:54:13.202208 2866777 sctp_connection.cpp:195] Unhandled notification type 32777
Apr  5 01:54:14 localhost smsd[2866142]: INFO:root:mme non_eps_service_config is not SMS_ORC8R, sleeping.
Apr  5 01:54:15 localhost magmad[2865981]: ERROR:root:Metrics upload error for service subscriberdb (chunk 0)! [StatusCode.DEADLINE_EXCEEDED] Deadline Exceeded
Apr  5 01:54:15 localhost magmad[2865981]: ERROR:root:Metrics upload error for service mobilityd (chunk 0)! [StatusCode.DEADLINE_EXCEEDED] Deadline Exceeded
Apr  5 01:54:15 localhost magmad[2865981]: ERROR:root:Metrics upload error for service mme (chunk 0)! [StatusCode.DEADLINE_EXCEEDED] Deadline Exceeded
Apr  5 01:54:15 localhost magmad[2865981]: ERROR:root:Metrics upload error for service magmad (chunk 0)! [StatusCode.DEADLINE_EXCEEDED] Deadline Exceeded
Apr  5 01:54:15 localhost magmad[2865981]: ERROR:root:Metrics upload error for service enodebd (chunk 0)! [StatusCode.DEADLINE_EXCEEDED] Deadline Exceeded
Apr  5 01:54:15 localhost magmad[2865981]: ERROR:root:Metrics upload error for service pipelined (chunk 0)! [StatusCode.DEADLINE_EXCEEDED] Deadline Exceeded
Apr  5 01:54:15 localhost magmad[2865981]: ERROR:root:Metrics upload error for service state (chunk 0)! [StatusCode.DEADLINE_EXCEEDED] Deadline Exceeded
Apr  5 01:54:15 localhost magmad[2865981]: ERROR:root:Metrics upload error for service sessiond (chunk 0)! [StatusCode.DEADLINE_EXCEEDED] Deadline Exceeded
Apr  5 01:54:16 localhost mobilityd[2866051]: INFO:root:Using GW info: {'default': {2: ('172.16.4.1', 'eth0')}, 2: [('172.16.4.1', 'eth0', True)]}
Apr  5 01:54:16 localhost mobilityd[2866051]: INFO:root:GW-v6 probe: timer started
Apr  5 01:54:16 localhost magmad[2865981]: INFO:root:[SyncRPC] Got heartBeat from cloud
Apr  5 01:54:19 localhost smsd[2866142]: INFO:root:mme non_eps_service_config is not SMS_ORC8R, sleeping.
Apr  5 01:54:23 localhost sctpd[2866333]: I0405 01:54:23.608249 2866777 sctp_connection.cpp:195] Unhandled notification type 32776
Apr  5 01:54:24 localhost sctpd[2866333]: I0405 01:54:24.671780 2866777 sctp_connection.cpp:195] Unhandled notification type 32777
Apr  5 01:54:24 localhost sctpd[2866333]: I0405 01:54:24.918295 2866777 sctp_connection.cpp:195] Unhandled notification type 32777
Apr  5 01:54:24 localhost smsd[2866142]: INFO:root:mme non_eps_service_config is not SMS_ORC8R, sleeping.
Apr  5 01:54:29 localhost smsd[2866142]: INFO:root:mme non_eps_service_config is not SMS_ORC8R, sleeping.
Apr  5 01:54:31 localhost dhclient[601]: DHCPREQUEST for 172.16.5.121 on eth1 to 255.255.255.255 port 67 (xid=0x25c866c5)
Apr  5 01:54:35 localhost smsd[2866142]: INFO:root:mme non_eps_service_config is not SMS_ORC8R, sleeping.
Apr  5 01:54:36 localhost mobilityd[2866051]: INFO:root:Using GW info: {'default': {2: ('172.16.4.1', 'eth0')}, 2: [('172.16.4.1', 'eth0', True)]}
Apr  5 01:54:36 localhost mobilityd[2866051]: INFO:root:GW-v6 probe: timer started
Apr  5 01:54:40 localhost smsd[2866142]: INFO:root:mme non_eps_service_config is not SMS_ORC8R, sleeping.
Apr  5 01:54:41 localhost dhclient[601]: DHCPREQUEST for 172.16.5.121 on eth1 to 255.255.255.255 port 67 (xid=0x25c866c5)
Apr  5 01:54:45 localhost smsd[2866142]: INFO:root:mme non_eps_service_config is not SMS_ORC8R, sleeping.
Apr  5 01:54:46 localhost sctpd[2866333]: I0405 01:54:46.779364 2866777 sctp_connection.cpp:195] Unhandled notification type 32776
Apr  5 01:54:50 localhost smsd[2866142]: INFO:root:mme non_eps_service_config is not SMS_ORC8R, sleeping.
Apr  5 01:54:53 localhost control_proxy[2866221]: 2022-04-05T01:54:53.043Z [127.0.0.1 -> streamer-controller.magmasi.wavelabs.in,8443] "POST /magma.orc8r.Streamer/GetUpdates HTTP/2" 200 173bytes 0.514s
Apr  5 01:54:53 localhost policydb[2866123]: INFO:root:Processing 4 policy updates (resync=True)
Apr  5 01:54:53 localhost control_proxy[2866221]: 2022-04-05T01:54:53.043Z [127.0.0.1 -> streamer-controller.magmasi.wavelabs.in,8443] "POST /magma.orc8r.Streamer/GetUpdates HTTP/2" 200 7bytes 0.287s
Apr  5 01:54:53 localhost policydb[2866123]: INFO:root:Processing 0 basename -> policy updates
Apr  5 01:54:54 localhost control_proxy[2866221]: 2022-04-05T01:54:53.043Z [127.0.0.1 -> streamer-controller.magmasi.wavelabs.in,8443] "POST /magma.orc8r.Streamer/GetUpdates HTTP/2" 200 13513bytes 0.295s
Apr  5 01:54:54 localhost policydb[2866123]: INFO:root:Processing 222 SID -> apn -> policy updates
Apr  5 01:54:54 localhost control_proxy[2866221]: 2022-04-05T01:54:54.153Z [127.0.0.1 -> streamer-controller.magmasi.wavelabs.in,8443] "POST /magma.orc8r.Streamer/GetUpdates HTTP/2" 200 7bytes 0.256s
Apr  5 01:54:54 localhost policydb[2866123]: INFO:root:Processing 0 rating group updates
Apr  5 01:54:55 localhost smsd[2866142]: INFO:root:mme non_eps_service_config is not SMS_ORC8R, sleeping.
Apr  5 01:54:56 localhost mobilityd[2866051]: INFO:root:Using GW info: {'default': {2: ('172.16.4.1', 'eth0')}, 2: [('172.16.4.1', 'eth0', True)]}
Apr  5 01:54:56 localhost mobilityd[2866051]: INFO:root:GW-v6 probe: timer started
Apr  5 01:54:56 localhost sctpd[2866333]: I0405 01:54:56.334137 2866777 sctp_connection.cpp:195] Unhandled notification type 32777
Apr  5 01:54:56 localhost sctpd[2866333]: I0405 01:54:56.577397 2866777 sctp_connection.cpp:195] Unhandled notification type 32777
Apr  5 01:54:56 localhost sctpd[2866333]: I0405 01:54:56.688871 2866777 sctp_connection.cpp:195] Unhandled notification type 32777
Apr  5 01:54:56 localhost sctpd[2866333]: I0405 01:54:56.807580 2866777 sctp_connection.cpp:195] Unhandled notification type 32777
Apr  5 01:54:56 localhost mme[2866731]: [DEBUG] Sending S6A-UPDATE_LOCATION_REQUEST with IMSI: 222700000000001
Apr  5 01:54:56 localhost mme[2866731]: [INFO] Received S6A-LOCATION-UPDATE_ANSWER for IMSI: 222700000000001; Status: ; StatusCode: 2001
Apr  5 01:54:56 localhost mme[2866731]: [INFO] sent itti S6A-LOCATION-UPDATE_ANSWER for IMSI: 222700000000001
Apr  5 01:54:56 localhost sctpd[2866333]: I0405 01:54:56.942556 2866777 sctp_connection.cpp:195] Unhandled notification type 32777
Apr  5 01:54:57 localhost mobilityd[2866051]: INFO:root:Allocated IP 192.168.128.134 for sid IMSI222700000000001 for apn default
Apr  5 01:54:57 localhost policydb[2866123]: INFO:root:Creating a session for subscriber ID: IMSI222700000000001
Apr  5 01:54:57 localhost sessiond[2866058]: I0405 01:54:57.179797 2866058 SetMessageManagerHandler.cpp:342] Processing a CreateSessionResponse for IMSI222700000000001-268965
Apr  5 01:54:57 localhost sessiond[2866058]: I0405 01:54:57.179960 2866058 SessionState.cpp:2774] RuleID allowlist_sid-IMSI222700000000001-default doesn't have a version registered for IMSI222700000000001-268965, this is unexpected
Apr  5 01:54:57 localhost mme[2866731]: PDUSessionResourceSetupRequestTransfer ::= {
Apr  5 01:54:57 localhost mme[2866731]:     protocolIEs: ProtocolIE-Container ::= {
Apr  5 01:54:57 localhost mme[2866731]:         PDUSessionResourceSetupRequestTransferIEs ::= {
Apr  5 01:54:57 localhost mme[2866731]:             id: 130
Apr  5 01:54:57 localhost mme[2866731]:             criticality: 0 (reject)
Apr  5 01:54:57 localhost mme[2866731]:             value: PDUSessionAggregateMaximumBitRate ::= {
Apr  5 01:54:57 localhost mme[2866731]:                 pDUSessionAggregateMaximumBitRateDL: 100000000
Apr  5 01:54:57 localhost mme[2866731]:                 pDUSessionAggregateMaximumBitRateUL: 100000000
Apr  5 01:54:57 localhost mme[2866731]:             }
Apr  5 01:54:57 localhost mme[2866731]:         }
Apr  5 01:54:57 localhost mme[2866731]:         PDUSessionResourceSetupRequestTransferIEs ::= {
Apr  5 01:54:57 localhost mme[2866731]:             id: 139
Apr  5 01:54:57 localhost mme[2866731]:             criticality: 0 (reject)
Apr  5 01:54:57 localhost mme[2866731]:             value: GTPTunnel ::= {
Apr  5 01:54:57 localhost mme[2866731]:                 transportLayerAddress: AC 10 05 79
Apr  5 01:54:57 localhost mme[2866731]:                 gTP-TEID: 80 00 00 0D
Apr  5 01:54:57 localhost mme[2866731]:             }
Apr  5 01:54:57 localhost mme[2866731]:         }
Apr  5 01:54:57 localhost mme[2866731]:         PDUSessionResourceSetupRequestTransferIEs ::= {
Apr  5 01:54:57 localhost mme[2866731]:             id: 134
Apr  5 01:54:57 localhost mme[2866731]:             criticality: 0 (reject)
Apr  5 01:54:57 localhost mme[2866731]:             value: 0 (ipv4)
Apr  5 01:54:57 localhost mme[2866731]:         }
Apr  5 01:54:57 localhost mme[2866731]:         PDUSessionResourceSetupRequestTransferIEs ::= {
Apr  5 01:54:57 localhost mme[2866731]:             id: 136
Apr  5 01:54:57 localhost mme[2866731]:             criticality: 0 (reject)
Apr  5 01:54:57 localhost mme[2866731]:             value: QosFlowSetupRequestList ::= {
Apr  5 01:54:57 localhost mme[2866731]:                 QosFlowSetupRequestItem ::= {
Apr  5 01:54:57 localhost mme[2866731]:                     qosFlowIdentifier: 9
Apr  5 01:54:57 localhost mme[2866731]:                     qosFlowLevelQosParameters: QosFlowLevelQosParameters ::= {
Apr  5 01:54:57 localhost mme[2866731]:                         qosCharacteristics: NonDynamic5QIDescriptor ::= {
Apr  5 01:54:57 localhost mme[2866731]:                             fiveQI: 9
Apr  5 01:54:57 localhost mme[2866731]:                         }
Apr  5 01:54:57 localhost mme[2866731]:                         allocationAndRetentionPriority: AllocationAndRetentionPriority ::= {
Apr  5 01:54:57 localhost mme[2866731]:                             priorityLevelARP: 15
Apr  5 01:54:57 localhost mme[2866731]:                             pre-emptionCapability: 0 (shall-not-trigger-pre-emption)
Apr  5 01:54:57 localhost mme[2866731]:                             pre-emptionVulnerability: 0 (not-pre-emptable)
Apr  5 01:54:57 localhost mme[2866731]:                         }
Apr  5 01:54:57 localhost mme[2866731]:                     }
Apr  5 01:54:57 localhost mme[2866731]:                 }
Apr  5 01:54:57 localhost mme[2866731]:             }
Apr  5 01:54:57 localhost mme[2866731]:         }
Apr  5 01:54:57 localhost mme[2866731]:     }
Apr  5 01:54:57 localhost mme[2866731]: }
Apr  5 01:54:57 localhost sctpd[2866333]: I0405 01:54:57.238715 2866777 sctp_connection.cpp:195] Unhandled notification type 32777
Apr  5 01:54:57 localhost mobilityd[2866051]: WARNING:root:Re-allocate IP 192.168.128.134 for sid IMSI222700000000001.default,ipv4 without MME releasing it first ip-state-map
Apr  5 01:54:57 localhost mobilityd[2866051]: INFO:root:Allocating the same IP 192.168.128.134 for sid IMSI222700000000001.default,ipv4
Apr  5 01:54:57 localhost mobilityd[2866051]: INFO:root:Allocated IP 192.168.128.134 for sid IMSI222700000000001 for apn default
Apr  5 01:54:57 localhost policydb[2866123]: INFO:root:Creating a session for subscriber ID: IMSI222700000000001
Apr  5 01:54:57 localhost sessiond[2866058]: I0405 01:54:57.252187 2866058 SetMessageManagerHandler.cpp:342] Processing a CreateSessionResponse for IMSI222700000000001-666172
Apr  5 01:54:57 localhost sessiond[2866058]: I0405 01:54:57.252336 2866058 SessionState.cpp:2774] RuleID allowlist_sid-IMSI222700000000001-default doesn't have a version registered for IMSI222700000000001-666172, this is unexpected
Apr  5 01:54:57 localhost mme[2866731]: PDUSessionResourceSetupRequestTransfer ::= {
Apr  5 01:54:57 localhost mme[2866731]:     protocolIEs: ProtocolIE-Container ::= {
Apr  5 01:54:57 localhost mme[2866731]:         PDUSessionResourceSetupRequestTransferIEs ::= {
Apr  5 01:54:57 localhost mme[2866731]:             id: 130
Apr  5 01:54:57 localhost mme[2866731]:             criticality: 0 (reject)
Apr  5 01:54:57 localhost mme[2866731]:             value: PDUSessionAggregateMaximumBitRate ::= {
Apr  5 01:54:57 localhost mme[2866731]:                 pDUSessionAggregateMaximumBitRateDL: 100000000
Apr  5 01:54:57 localhost mme[2866731]:                 pDUSessionAggregateMaximumBitRateUL: 100000000
Apr  5 01:54:57 localhost mme[2866731]:             }
Apr  5 01:54:57 localhost mme[2866731]:         }
Apr  5 01:54:57 localhost mme[2866731]:         PDUSessionResourceSetupRequestTransferIEs ::= {
Apr  5 01:54:57 localhost mme[2866731]:             id: 139
Apr  5 01:54:57 localhost mme[2866731]:             criticality: 0 (reject)
Apr  5 01:54:57 localhost mme[2866731]:             value: GTPTunnel ::= {
Apr  5 01:54:57 localhost mme[2866731]:                 transportLayerAddress: AC 10 05 79
Apr  5 01:54:57 localhost mme[2866731]:                 gTP-TEID: 80 00 00 0E
Apr  5 01:54:57 localhost mme[2866731]:             }
Apr  5 01:54:57 localhost mme[2866731]:         }
Apr  5 01:54:57 localhost mme[2866731]:         PDUSessionResourceSetupRequestTransferIEs ::= {
Apr  5 01:54:57 localhost mme[2866731]:             id: 134
Apr  5 01:54:57 localhost mme[2866731]:             criticality: 0 (reject)
Apr  5 01:54:57 localhost mme[2866731]:             value: 0 (ipv4)
Apr  5 01:54:57 localhost mme[2866731]:         }
Apr  5 01:54:57 localhost mme[2866731]:         PDUSessionResourceSetupRequestTransferIEs ::= {
Apr  5 01:54:57 localhost mme[2866731]:             id: 136
Apr  5 01:54:57 localhost mme[2866731]:             criticality: 0 (reject)
Apr  5 01:54:57 localhost mme[2866731]:             value: QosFlowSetupRequestList ::= {
Apr  5 01:54:57 localhost mme[2866731]:                 QosFlowSetupRequestItem ::= {
Apr  5 01:54:57 localhost mme[2866731]:                     qosFlowIdentifier: 9
Apr  5 01:54:57 localhost mme[2866731]:                     qosFlowLevelQosParameters: QosFlowLevelQosParameters ::= {
Apr  5 01:54:57 localhost mme[2866731]:                         qosCharacteristics: NonDynamic5QIDescriptor ::= {
Apr  5 01:54:57 localhost mme[2866731]:                             fiveQI: 9
Apr  5 01:54:57 localhost mme[2866731]:                         }
Apr  5 01:54:57 localhost mme[2866731]:                         allocationAndRetentionPriority: AllocationAndRetentionPriority ::= {
Apr  5 01:54:57 localhost mme[2866731]:                             priorityLevelARP: 15
Apr  5 01:54:57 localhost mme[2866731]:                             pre-emptionCapability: 0 (shall-not-trigger-pre-emption)
Apr  5 01:54:57 localhost mme[2866731]:                             pre-emptionVulnerability: 0 (not-pre-emptable)
Apr  5 01:54:57 localhost mme[2866731]:                         }
Apr  5 01:54:57 localhost mme[2866731]:                     }
Apr  5 01:54:57 localhost mme[2866731]:                 }
Apr  5 01:54:57 localhost mme[2866731]:             }
Apr  5 01:54:57 localhost mme[2866731]:         }
Apr  5 01:54:57 localhost mme[2866731]:     }
Apr  5 01:54:57 localhost mme[2866731]: }
Apr  5 01:54:57 localhost sctpd[2866333]: I0405 01:54:57.458349 2866777 sctp_connection.cpp:195] Unhandled notification type 32777
Apr  5 01:54:58 localhost sessiond[2866058]: I0405 01:54:58.475479 2866058 SetMessageManagerHandler.cpp:142] Release request for session from IMSI: IMSI222700000000001 pdu_id 2
Apr  5 01:54:58 localhost sessiond[2866058]: I0405 01:54:58.477754 2866058 SetMessageManagerHandler.cpp:142] Release request for session from IMSI: IMSI222700000000001 pdu_id 1
Apr  5 01:54:58 localhost mobilityd[2866051]: INFO:root:Released IP 192.168.128.134 for sid IMSI222700000000001
Apr  5 01:54:58 localhost mobilityd[2866051]: WARNING:root:IP not found in used list, check if IP is already released: <IMSI222700000000001.default,ipv4, 192.168.128.134>
Apr  5 01:54:58 localhost mme[2866731]: ReleaseIPv4Address fails with code 5, msg: IP 192.168.128.134 not in use
Apr  5 01:54:58 localhost sctpd[2866333]: I0405 01:54:58.731331 2866777 sctp_connection.cpp:195] Unhandled notification type 32777
Apr  5 01:55:00 localhost smsd[2866142]: INFO:root:mme non_eps_service_config is not SMS_ORC8R, sleeping.
Apr  5 01:55:01 localhost dhclient[601]: DHCPREQUEST for 172.16.5.121 on eth1 to 255.255.255.255 port 67 (xid=0x25c866c5)
Apr  5 01:55:03 localhost policydb[2866123]: INFO:root:Terminating session: IMSI222700000000001-666172
Apr  5 01:55:03 localhost policydb[2866123]: INFO:root:Terminating session: IMSI222700000000001-268965
Apr  5 01:55:03 localhost eventd[2866134]: DEBUG:root:Logging event: stream_name: "sessiond"
Apr  5 01:55:03 localhost eventd[2866134]: event_type: "session_terminated"
Apr  5 01:55:03 localhost eventd[2866134]: tag: "IMSI222700000000001"
Apr  5 01:55:03 localhost eventd[2866134]: value: "{\"mac_addr\":\"\",\"user_location\":\"\",\"spgw_ip\":\"\",\"imei\":\"\",\"record_sequence_number\":1,\"pdp_end_time\":140690625828432,\"charging_rx\":0,\"duration\":45791492880224,\"ip_addr\":\"192.168.128.134\",\"monitoring_tx\":0,\"ipv6_addr\":\"\",\"msisdn\":\"\",\"apn\":\"default\",\"session_id\":\"IMSI222700000000001-666172\",\"list_of_service_data\":[],\"charging_characteristics\":\"\",\"total_tx\":0,\"cause_for_rec_closing\":0,\"imsi\":\"IMSI222700000000001\",\"total_rx\":0,\"monitoring_rx\":0,\"charging_tx\":0,\"pdp_start_time\":94899132948208}"
Apr  5 01:55:03 localhost eventd[2866134]: DEBUG:root:Logging event: stream_name: "sessiond"
Apr  5 01:55:03 localhost eventd[2866134]: event_type: "session_terminated"
Apr  5 01:55:03 localhost eventd[2866134]: tag: "IMSI222700000000001"
Apr  5 01:55:03 localhost eventd[2866134]: value: "{\"mac_addr\":\"\",\"user_location\":\"\",\"spgw_ip\":\"\",\"imei\":\"\",\"record_sequence_number\":1,\"pdp_end_time\":140690625828432,\"charging_rx\":0,\"duration\":45791492880224,\"ip_addr\":\"192.168.128.134\",\"monitoring_tx\":0,\"ipv6_addr\":\"\",\"msisdn\":\"\",\"apn\":\"default\",\"session_id\":\"IMSI222700000000001-268965\",\"list_of_service_data\":[],\"charging_characteristics\":\"\",\"total_tx\":0,\"cause_for_rec_closing\":0,\"imsi\":\"IMSI222700000000001\",\"total_rx\":0,\"monitoring_rx\":0,\"charging_tx\":0,\"pdp_start_time\":94899132948208}"
Apr  5 01:55:03 localhost eventd[2866134]: ERROR:root:Connection to FluentBit failed: [Errno 111] Connection refused
Apr  5 01:55:03 localhost eventd[2866134]: INFO:root:FluentBit (td-agent-bit) may not be enabled or configured correctly
Apr  5 01:55:03 localhost eventd[2866134]: ERROR:root:Connection to FluentBit failed: [Errno 111] Connection refused
Apr  5 01:55:03 localhost eventd[2866134]: INFO:root:FluentBit (td-agent-bit) may not be enabled or configured correctly
Apr  5 01:55:03 localhost sessiond[2866058]: I0405 01:55:03.487870 2866075 SessionEvents.cpp:291] Could not log session_terminated event {"mac_addr":"","user_location":"","spgw_ip":"","imei":"","record_sequence_number":1,"pdp_end_time":140690625828432,"charging_rx":0,"duration":45791492880224,"ip_addr":"192.168.128.134","monitoring_tx":0,"ipv6_addr":"","msisdn":"","apn":"default","session_id":"IMSI222700000000001-666172","list_of_service_data":[],"charging_characteristics":"","total_tx":0,"cause_for_rec_closing":0,"imsi":"IMSI222700000000001","total_rx":0,"monitoring_rx":0,"charging_tx":0,"pdp_start_time":94899132948208}, Error Message: Could not connect to FluentBit locally, Details: [Errno 111] Connection refused
Apr  5 01:55:03 localhost sessiond[2866058]: I0405 01:55:03.489133 2866075 SessionEvents.cpp:291] Could not log session_terminated event {"mac_addr":"","user_location":"","spgw_ip":"","imei":"","record_sequence_number":1,"pdp_end_time":140690625828432,"charging_rx":0,"duration":45791492880224,"ip_addr":"192.168.128.134","monitoring_tx":0,"ipv6_addr":"","msisdn":"","apn":"default","session_id":"IMSI222700000000001-268965","list_of_service_data":[],"charging_characteristics":"","total_tx":0,"cause_for_rec_closing":0,"imsi":"IMSI222700000000001","total_rx":0,"monitoring_rx":0,"charging_tx":0,"pdp_start_time":94899132948208}, Error Message: Could not connect to FluentBit locally, Details: [Errno 111] Connection refused
Apr  5 01:55:05 localhost smsd[2866142]: INFO:root:mme non_eps_service_config is not SMS_ORC8R, sleeping.
Apr  5 01:55:05 localhost magmad[2865981]: INFO:root:Setting logging level to INFO
Apr  5 01:55:10 localhost smsd[2866142]: INFO:root:mme non_eps_service_config is not SMS_ORC8R, sleeping.
Apr  5 01:55:11 localhost dhclient[601]: DHCPREQUEST for 172.16.5.121 on eth1 to 255.255.255.255 port 67 (xid=0x25c866c5)
Apr  5 01:55:15 localhost smsd[2866142]: INFO:root:mme non_eps_service_config is not SMS_ORC8R, sleeping.
Apr  5 01:55:15 localhost sctpd[2866333]: I0405 01:55:15.699940 2866777 sctp_connection.cpp:195] Unhandled notification type 32776
Apr  5 01:55:16 localhost mobilityd[2866051]: INFO:root:Using GW info: {'default': {2: ('172.16.4.1', 'eth0')}, 2: [('172.16.4.1', 'eth0', True)]}
Apr  5 01:55:16 localhost mobilityd[2866051]: INFO:root:GW-v6 probe: timer started
Apr  5 01:55:16 localhost magmad[2865981]: INFO:root:[SyncRPC] Got heartBeat from cloud
Apr  5 01:55:16 localhost sctpd[2866333]: I0405 01:55:16.762888 2866777 sctp_connection.cpp:195] Unhandled notification type 32777
Apr  5 01:55:17 localhost sctpd[2866333]: I0405 01:55:17.003490 2866777 sctp_connection.cpp:195] Unhandled notification type 32777
Apr  5 01:55:17 localhost sctpd[2866333]: I0405 01:55:17.129243 2866777 sctp_connection.cpp:195] Unhandled notification type 32777
Apr  5 01:55:17 localhost sctpd[2866333]: I0405 01:55:17.240933 2866777 sctp_connection.cpp:195] Unhandled notification type 32777
Apr  5 01:55:17 localhost mme[2866731]: [DEBUG] Sending S6A-UPDATE_LOCATION_REQUEST with IMSI: 222700000000001
Apr  5 01:55:17 localhost mme[2866731]: [INFO] Received S6A-LOCATION-UPDATE_ANSWER for IMSI: 222700000000001; Status: ; StatusCode: 2001
Apr  5 01:55:17 localhost mme[2866731]: [INFO] sent itti S6A-LOCATION-UPDATE_ANSWER for IMSI: 222700000000001
Apr  5 01:55:17 localhost sctpd[2866333]: I0405 01:55:17.351032 2866777 sctp_connection.cpp:195] Unhandled notification type 32777
Apr  5 01:55:18 localhost sctpd[2866333]: I0405 01:55:18.739183 2866777 sctp_connection.cpp:195] Unhandled notification type 32777
Apr  5 01:55:19 localhost control_proxy[2866221]: 2022-04-05T01:54:18.980Z [127.0.0.1 -> streamer-controller.magmasi.wavelabs.in,8443] "POST /magma.orc8r.Streamer/GetUpdates HTTP/2" 200 0bytes 60.259s
Apr  5 01:55:19 localhost magmad[2865981]: ERROR:root:Error! Streaming from the cloud failed! [StatusCode.ABORTED] error while streaming updates: rpc error: code = DeadlineExceeded desc = context deadline exceeded
Apr  5 01:55:20 localhost smsd[2866142]: INFO:root:mme non_eps_service_config is not SMS_ORC8R, sleeping.
Apr  5 01:55:24 localhost magmad[2865981]: ERROR:root:Metrics upload error for service subscriberdb (chunk 0)! [StatusCode.DEADLINE_EXCEEDED] Deadline Exceeded
Apr  5 01:55:24 localhost magmad[2865981]: ERROR:root:Metrics upload error for service mobilityd (chunk 0)! [StatusCode.DEADLINE_EXCEEDED] Deadline Exceeded
Apr  5 01:55:24 localhost magmad[2865981]: ERROR:root:Metrics upload error for service mme (chunk 0)! [StatusCode.DEADLINE_EXCEEDED] Deadline Exceeded
Apr  5 01:55:24 localhost magmad[2865981]: ERROR:root:Metrics upload error for service magmad (chunk 0)! [StatusCode.DEADLINE_EXCEEDED] Deadline Exceeded
Apr  5 01:55:24 localhost magmad[2865981]: ERROR:root:Metrics upload error for service enodebd (chunk 0)! [StatusCode.DEADLINE_EXCEEDED] Deadline Exceeded
Apr  5 01:55:24 localhost magmad[2865981]: ERROR:root:Metrics upload error for service pipelined (chunk 0)! [StatusCode.DEADLINE_EXCEEDED] Deadline Exceeded
Apr  5 01:55:24 localhost magmad[2865981]: ERROR:root:Metrics upload error for service state (chunk 0)! [StatusCode.DEADLINE_EXCEEDED] Deadline Exceeded
Apr  5 01:55:24 localhost magmad[2865981]: ERROR:root:Metrics upload error for service sessiond (chunk 0)! [StatusCode.DEADLINE_EXCEEDED] Deadline Exceeded
Apr  5 01:55:24 localhost magmad[2865981]: INFO:root:Checking for upgrade...
Apr  5 01:55:24 localhost magmad[2865981]: WARNING:root:magmad package_version config missing or set to default 0.0.0-0, skipping upgrade
Apr  5 01:55:24 localhost dhclient[601]: DHCPREQUEST for 172.16.5.121 on eth1 to 255.255.255.255 port 67 (xid=0x25c866c5)
Apr  5 01:55:24 localhost control_proxy[2866221]: 2022-04-05T01:55:24.367Z [127.0.0.1 -> state-controller.magmasi.wavelabs.in,8443] "POST /magma.orc8r.StateService/ReportStates HTTP/2" 200 5bytes 0.510s
Apr  5 01:55:24 localhost magmad[2865981]: INFO:root:Checkin Successful! Successfully sent states to the cloud!
Apr  5 01:55:25 localhost smsd[2866142]: INFO:root:mme non_eps_service_config is not SMS_ORC8R, sleeping.
Apr  5 01:55:35 localhost smsd[2866142]: message repeated 2 times: [ INFO:root:mme non_eps_service_config is not SMS_ORC8R, sleeping.]
Apr  5 01:55:35 localhost sctpd[2866333]: I0405 01:55:35.540516 2866777 sctp_connection.cpp:195] Unhandled notification type 32776
Apr  5 01:55:36 localhost mobilityd[2866051]: INFO:root:Using GW info: {'default': {2: ('172.16.4.1', 'eth0')}, 2: [('172.16.4.1', 'eth0', True)]}
Apr  5 01:55:36 localhost mobilityd[2866051]: INFO:root:GW-v6 probe: timer started
Apr  5 01:55:36 localhost sctpd[2866333]: I0405 01:55:36.604200 2866777 sctp_connection.cpp:195] Unhandled notification type 32777
Apr  5 01:55:36 localhost sctpd[2866333]: I0405 01:55:36.840191 2866777 sctp_connection.cpp:195] Unhandled notification type 32777
Apr  5 01:55:36 localhost sctpd[2866333]: I0405 01:55:36.954720 2866777 sctp_connection.cpp:195] Unhandled notification type 32777
Apr  5 01:55:36 localhost mme[2866731]: [DEBUG] Sending S6A-UPDATE_LOCATION_REQUEST with IMSI: 222700000000001
Apr  5 01:55:36 localhost mme[2866731]: [INFO] Received S6A-LOCATION-UPDATE_ANSWER for IMSI: 222700000000001; Status: ; StatusCode: 2001
Apr  5 01:55:36 localhost mme[2866731]: [INFO] sent itti S6A-LOCATION-UPDATE_ANSWER for IMSI: 222700000000001
Apr  5 01:55:37 localhost sctpd[2866333]: I0405 01:55:37.162562 2866777 sctp_connection.cpp:195] Unhandled notification type 32777
Apr  5 01:55:40 localhost smsd[2866142]: INFO:root:mme non_eps_service_config is not SMS_ORC8R, sleeping.
Apr  5 01:55:42 localhost mme[2866731]: [DEBUG] Sending S6A-UPDATE_LOCATION_REQUEST with IMSI: 222700000000001
Apr  5 01:55:42 localhost mme[2866731]: [INFO] Received S6A-LOCATION-UPDATE_ANSWER for IMSI: 222700000000001; Status: ; StatusCode: 2001
Apr  5 01:55:42 localhost mme[2866731]: [INFO] sent itti S6A-LOCATION-UPDATE_ANSWER for IMSI: 222700000000001
Apr  5 01:55:43 localhost sctpd[2866333]: I0405 01:55:43.170306 2866777 sctp_connection.cpp:195] Unhandled notification type 32777
Apr  5 01:55:43 localhost dhclient[601]: DHCPREQUEST for 172.16.5.121 on eth1 to 255.255.255.255 port 67 (xid=0x25c866c5)
Apr  5 01:55:45 localhost smsd[2866142]: INFO:root:mme non_eps_service_config is not SMS_ORC8R, sleeping.
Apr  5 01:55:48 localhost mme[2866731]: [DEBUG] Sending S6A-UPDATE_LOCATION_REQUEST with IMSI: 222700000000001
Apr  5 01:55:48 localhost mme[2866731]: [INFO] Received S6A-LOCATION-UPDATE_ANSWER for IMSI: 222700000000001; Status: ; StatusCode: 2001
Apr  5 01:55:48 localhost mme[2866731]: [INFO] sent itti S6A-LOCATION-UPDATE_ANSWER for IMSI: 222700000000001
Apr  5 01:55:50 localhost smsd[2866142]: INFO:root:mme non_eps_service_config is not SMS_ORC8R, sleeping.
