Apr  4 20:44:14 localhost smsd[2814155]: message repeated 2 times: [ INFO:root:mme non_eps_service_config is not SMS_ORC8R, sleeping.]
Apr  4 20:44:14 localhost dhclient[601]: DHCPREQUEST for 172.16.5.121 on eth1 to 172.16.5.2 port 67 (xid=0x25c866c5)
Apr  4 20:44:15 localhost sctpd[2814340]: I0404 20:44:15.217530 2814785 sctp_connection.cpp:195] Unhandled notification type 32776
Apr  4 20:44:16 localhost sctpd[2814340]: I0404 20:44:16.277200 2814785 sctp_connection.cpp:195] Unhandled notification type 32777
Apr  4 20:44:17 localhost magmad[2813991]: INFO:root:Setting logging level to INFO
Apr  4 20:44:19 localhost mobilityd[2814061]: INFO:root:Using GW info: {'default': {2: ('172.16.4.1', 'eth0')}, 2: [('172.16.4.1', 'eth0', True)]}
Apr  4 20:44:19 localhost mobilityd[2814061]: INFO:root:GW-v6 probe: timer started
Apr  4 20:44:19 localhost smsd[2814155]: INFO:root:mme non_eps_service_config is not SMS_ORC8R, sleeping.
Apr  4 20:44:24 localhost smsd[2814155]: INFO:root:mme non_eps_service_config is not SMS_ORC8R, sleeping.
Apr  4 20:44:25 localhost dhclient[601]: DHCPREQUEST for 172.16.5.121 on eth1 to 172.16.5.2 port 67 (xid=0x25c866c5)
Apr  4 20:44:29 localhost smsd[2814155]: INFO:root:mme non_eps_service_config is not SMS_ORC8R, sleeping.
Apr  4 20:44:33 localhost sctpd[2814340]: I0404 20:44:33.366219 2814785 sctp_connection.cpp:195] Unhandled notification type 32776
Apr  4 20:44:34 localhost smsd[2814155]: INFO:root:mme non_eps_service_config is not SMS_ORC8R, sleeping.
Apr  4 20:44:35 localhost magmad[2813991]: ERROR:root:Metrics upload error for service subscriberdb (chunk 0)! [StatusCode.DEADLINE_EXCEEDED] Deadline Exceeded
Apr  4 20:44:35 localhost magmad[2813991]: ERROR:root:Metrics upload error for service mobilityd (chunk 0)! [StatusCode.DEADLINE_EXCEEDED] Deadline Exceeded
Apr  4 20:44:35 localhost magmad[2813991]: ERROR:root:Metrics upload error for service mme (chunk 0)! [StatusCode.DEADLINE_EXCEEDED] Deadline Exceeded
Apr  4 20:44:35 localhost magmad[2813991]: ERROR:root:Metrics upload error for service magmad (chunk 0)! [StatusCode.DEADLINE_EXCEEDED] Deadline Exceeded
Apr  4 20:44:35 localhost magmad[2813991]: ERROR:root:Metrics upload error for service pipelined (chunk 0)! [StatusCode.DEADLINE_EXCEEDED] Deadline Exceeded
Apr  4 20:44:35 localhost magmad[2813991]: ERROR:root:Metrics upload error for service enodebd (chunk 0)! [StatusCode.DEADLINE_EXCEEDED] Deadline Exceeded
Apr  4 20:44:35 localhost magmad[2813991]: ERROR:root:Metrics upload error for service state (chunk 0)! [StatusCode.DEADLINE_EXCEEDED] Deadline Exceeded
Apr  4 20:44:35 localhost magmad[2813991]: ERROR:root:Metrics upload error for service sessiond (chunk 0)! [StatusCode.DEADLINE_EXCEEDED] Deadline Exceeded
Apr  4 20:44:36 localhost control_proxy[2814227]: 2022-04-04T20:44:35.530Z [127.0.0.1 -> state-controller.magmasi.wavelabs.in,8443] "POST /magma.orc8r.StateService/ReportStates HTTP/2" 200 5bytes 0.508s
Apr  4 20:44:36 localhost magmad[2813991]: INFO:root:Checkin Successful! Successfully sent states to the cloud!
Apr  4 20:44:36 localhost dhclient[601]: DHCPREQUEST for 172.16.5.121 on eth1 to 172.16.5.2 port 67 (xid=0x25c866c5)
Apr  4 20:44:39 localhost mobilityd[2814061]: INFO:root:Using GW info: {'default': {2: ('172.16.4.1', 'eth0')}, 2: [('172.16.4.1', 'eth0', True)]}
Apr  4 20:44:39 localhost mobilityd[2814061]: INFO:root:GW-v6 probe: timer started
Apr  4 20:44:39 localhost smsd[2814155]: INFO:root:mme non_eps_service_config is not SMS_ORC8R, sleeping.
Apr  4 20:44:43 localhost sctpd[2814340]: I0404 20:44:43.609894 2814785 sctp_connection.cpp:195] Unhandled notification type 32777
Apr  4 20:44:43 localhost sctpd[2814340]: I0404 20:44:43.840549 2814785 sctp_connection.cpp:195] Unhandled notification type 32777
Apr  4 20:44:43 localhost sctpd[2814340]: I0404 20:44:43.953114 2814785 sctp_connection.cpp:195] Unhandled notification type 32777
Apr  4 20:44:44 localhost sctpd[2814340]: I0404 20:44:44.071494 2814785 sctp_connection.cpp:195] Unhandled notification type 32777
Apr  4 20:44:44 localhost mme[2814743]: [SIG][D]MME_UNIT_TEST Flag is Disabled
Apr  4 20:44:44 localhost mme[2814743]: filename /var/run/mme.pid failed to be written
Apr  4 20:44:44 localhost mme[2814743]: [DEBUG] Sending S6A-UPDATE_LOCATION_REQUEST with IMSI: 222700000000001
Apr  4 20:44:44 localhost mme[2814743]: [INFO] Received S6A-LOCATION-UPDATE_ANSWER for IMSI: 222700000000001; Status: ; StatusCode: 2001
Apr  4 20:44:44 localhost mme[2814743]: [INFO] sent itti S6A-LOCATION-UPDATE_ANSWER for IMSI: 222700000000001
Apr  4 20:44:44 localhost sctpd[2814340]: I0404 20:44:44.183416 2814785 sctp_connection.cpp:195] Unhandled notification type 32777
Apr  4 20:44:44 localhost smsd[2814155]: INFO:root:mme non_eps_service_config is not SMS_ORC8R, sleeping.
Apr  4 20:44:45 localhost sctpd[2814340]: I0404 20:44:45.615527 2814785 sctp_connection.cpp:195] Unhandled notification type 32777
Apr  4 20:44:47 localhost dhclient[601]: DHCPREQUEST for 172.16.5.121 on eth1 to 172.16.5.2 port 67 (xid=0x25c866c5)
Apr  4 20:44:49 localhost smsd[2814155]: INFO:root:mme non_eps_service_config is not SMS_ORC8R, sleeping.
Apr  4 20:44:54 localhost smsd[2814155]: INFO:root:mme non_eps_service_config is not SMS_ORC8R, sleeping.
Apr  4 20:44:56 localhost magmad[2813991]: INFO:root:Checking for upgrade...
Apr  4 20:44:56 localhost magmad[2813991]: WARNING:root:magmad package_version config missing or set to default 0.0.0-0, skipping upgrade
Apr  4 20:44:56 localhost control_proxy[2814227]: 2022-04-04T20:43:56.243Z [127.0.0.1 -> streamer-controller.magmasi.wavelabs.in,8443] "POST /magma.orc8r.Streamer/GetUpdates HTTP/2" 200 0bytes 60.343s
Apr  4 20:44:56 localhost magmad[2813991]: ERROR:root:Error! Streaming from the cloud failed! [StatusCode.ABORTED] error while streaming updates: rpc error: code = DeadlineExceeded desc = context deadline exceeded
Apr  4 20:44:58 localhost dhclient[601]: DHCPREQUEST for 172.16.5.121 on eth1 to 172.16.5.2 port 67 (xid=0x25c866c5)
Apr  4 20:44:59 localhost mobilityd[2814061]: INFO:root:Using GW info: {'default': {2: ('172.16.4.1', 'eth0')}, 2: [('172.16.4.1', 'eth0', True)]}
Apr  4 20:44:59 localhost mobilityd[2814061]: INFO:root:GW-v6 probe: timer started
Apr  4 20:44:59 localhost smsd[2814155]: INFO:root:mme non_eps_service_config is not SMS_ORC8R, sleeping.
Apr  4 20:44:59 localhost magmad[2813991]: INFO:root:[SyncRPC] Got heartBeat from cloud
Apr  4 20:45:01 localhost sctpd[2814340]: I0404 20:45:01.991175 2814785 sctp_connection.cpp:195] Unhandled notification type 32776
Apr  4 20:45:02 localhost control_proxy[2814227]: 2022-04-04T20:45:02.040Z [127.0.0.1 -> streamer-controller.magmasi.wavelabs.in,8443] "POST /magma.orc8r.Streamer/GetUpdates HTTP/2" 200 173bytes 0.271s
Apr  4 20:45:02 localhost policydb[2814134]: INFO:root:Processing 4 policy updates (resync=True)
Apr  4 20:45:02 localhost control_proxy[2814227]: 2022-04-04T20:45:02.040Z [127.0.0.1 -> streamer-controller.magmasi.wavelabs.in,8443] "POST /magma.orc8r.Streamer/GetUpdates HTTP/2" 200 7bytes 0.273s
Apr  4 20:45:02 localhost policydb[2814134]: INFO:root:Processing 0 basename -> policy updates
Apr  4 20:45:02 localhost control_proxy[2814227]: 2022-04-04T20:45:02.040Z [127.0.0.1 -> streamer-controller.magmasi.wavelabs.in,8443] "POST /magma.orc8r.Streamer/GetUpdates HTTP/2" 200 13513bytes 0.324s
Apr  4 20:45:02 localhost policydb[2814134]: INFO:root:Processing 222 SID -> apn -> policy updates
Apr  4 20:45:03 localhost sctpd[2814340]: I0404 20:45:03.048722 2814785 sctp_connection.cpp:195] Unhandled notification type 32777
Apr  4 20:45:03 localhost control_proxy[2814227]: 2022-04-04T20:45:02.040Z [127.0.0.1 -> streamer-controller.magmasi.wavelabs.in,8443] "POST /magma.orc8r.Streamer/GetUpdates HTTP/2" 200 7bytes 0.263s
Apr  4 20:45:03 localhost policydb[2814134]: INFO:root:Processing 0 rating group updates
Apr  4 20:45:03 localhost sctpd[2814340]: I0404 20:45:03.293422 2814785 sctp_connection.cpp:195] Unhandled notification type 32777
Apr  4 20:45:03 localhost sctpd[2814340]: I0404 20:45:03.414821 2814785 sctp_connection.cpp:195] Unhandled notification type 32777
Apr  4 20:45:03 localhost mme[2814743]: [DEBUG] Sending S6A-UPDATE_LOCATION_REQUEST with IMSI: 222700000000001
Apr  4 20:45:03 localhost mme[2814743]: [INFO] Received S6A-LOCATION-UPDATE_ANSWER for IMSI: 222700000000001; Status: ; StatusCode: 2001
Apr  4 20:45:03 localhost mme[2814743]: [INFO] sent itti S6A-LOCATION-UPDATE_ANSWER for IMSI: 222700000000001
Apr  4 20:45:03 localhost sctpd[2814340]: I0404 20:45:03.531390 2814785 sctp_connection.cpp:195] Unhandled notification type 32777
Apr  4 20:45:03 localhost sctpd[2814340]: I0404 20:45:03.999099 2814785 sctp_connection.cpp:195] Unhandled notification type 32777
Apr  4 20:45:04 localhost smsd[2814155]: INFO:root:mme non_eps_service_config is not SMS_ORC8R, sleeping.
Apr  4 20:45:09 localhost smsd[2814155]: INFO:root:mme non_eps_service_config is not SMS_ORC8R, sleeping.
Apr  4 20:45:12 localhost dhclient[601]: DHCPREQUEST for 172.16.5.121 on eth1 to 172.16.5.2 port 67 (xid=0x25c866c5)
Apr  4 20:45:14 localhost smsd[2814155]: INFO:root:mme non_eps_service_config is not SMS_ORC8R, sleeping.
Apr  4 20:45:19 localhost mobilityd[2814061]: INFO:root:Using GW info: {'default': {2: ('172.16.4.1', 'eth0')}, 2: [('172.16.4.1', 'eth0', True)]}
Apr  4 20:45:19 localhost mobilityd[2814061]: INFO:root:GW-v6 probe: timer started
Apr  4 20:45:19 localhost smsd[2814155]: INFO:root:mme non_eps_service_config is not SMS_ORC8R, sleeping.
Apr  4 20:45:20 localhost sctpd[2814340]: I0404 20:45:20.245721 2814785 sctp_connection.cpp:195] Unhandled notification type 32776
Apr  4 20:45:20 localhost sctpd[2814340]: I0404 20:45:20.376591 2814785 sctp_connection.cpp:195] Unhandled notification type 32776
Apr  4 20:45:21 localhost sctpd[2814340]: I0404 20:45:21.436861 2814785 sctp_connection.cpp:195] Unhandled notification type 32777
Apr  4 20:45:21 localhost sctpd[2814340]: I0404 20:45:21.558792 2814785 sctp_connection.cpp:195] Unhandled notification type 32777
Apr  4 20:45:23 localhost dhclient[601]: DHCPREQUEST for 172.16.5.121 on eth1 to 172.16.5.2 port 67 (xid=0x25c866c5)
Apr  4 20:45:24 localhost smsd[2814155]: INFO:root:mme non_eps_service_config is not SMS_ORC8R, sleeping.
Apr  4 20:45:26 localhost magmad[2813991]: ERROR:root:Metrics upload error for service subscriberdb (chunk 0)! [StatusCode.DEADLINE_EXCEEDED] Deadline Exceeded
Apr  4 20:45:26 localhost magmad[2813991]: ERROR:root:Metrics upload error for service mobilityd (chunk 0)! [StatusCode.DEADLINE_EXCEEDED] Deadline Exceeded
Apr  4 20:45:26 localhost magmad[2813991]: ERROR:root:Metrics upload error for service mme (chunk 0)! [StatusCode.DEADLINE_EXCEEDED] Deadline Exceeded
Apr  4 20:45:26 localhost magmad[2813991]: ERROR:root:Metrics upload error for service magmad (chunk 0)! [StatusCode.DEADLINE_EXCEEDED] Deadline Exceeded
Apr  4 20:45:26 localhost magmad[2813991]: ERROR:root:Metrics upload error for service enodebd (chunk 0)! [StatusCode.DEADLINE_EXCEEDED] Deadline Exceeded
Apr  4 20:45:26 localhost magmad[2813991]: ERROR:root:Metrics upload error for service pipelined (chunk 0)! [StatusCode.DEADLINE_EXCEEDED] Deadline Exceeded
Apr  4 20:45:26 localhost magmad[2813991]: ERROR:root:Metrics upload error for service state (chunk 0)! [StatusCode.DEADLINE_EXCEEDED] Deadline Exceeded
Apr  4 20:45:26 localhost magmad[2813991]: ERROR:root:Metrics upload error for service sessiond (chunk 0)! [StatusCode.DEADLINE_EXCEEDED] Deadline Exceeded
Apr  4 20:45:29 localhost smsd[2814155]: INFO:root:mme non_eps_service_config is not SMS_ORC8R, sleeping.
Apr  4 20:45:34 localhost smsd[2814155]: INFO:root:mme non_eps_service_config is not SMS_ORC8R, sleeping.
Apr  4 20:45:36 localhost magmad[2813991]: INFO:root:Setting logging level to INFO
Apr  4 20:45:37 localhost sctpd[2814340]: I0404 20:45:37.939072 2814785 sctp_connection.cpp:195] Unhandled notification type 32776
Apr  4 20:45:39 localhost sctpd[2814340]: I0404 20:45:38.999678 2814785 sctp_connection.cpp:195] Unhandled notification type 32777
Apr  4 20:45:39 localhost mobilityd[2814061]: INFO:root:Using GW info: {'default': {2: ('172.16.4.1', 'eth0')}, 2: [('172.16.4.1', 'eth0', True)]}
Apr  4 20:45:39 localhost mobilityd[2814061]: INFO:root:GW-v6 probe: timer started
Apr  4 20:45:39 localhost sctpd[2814340]: I0404 20:45:39.220993 2814785 sctp_connection.cpp:195] Unhandled notification type 32777
Apr  4 20:45:39 localhost sctpd[2814340]: I0404 20:45:39.335182 2814785 sctp_connection.cpp:195] Unhandled notification type 32777
Apr  4 20:45:39 localhost mme[2814743]: [DEBUG] Sending S6A-UPDATE_LOCATION_REQUEST with IMSI: 222700000000001
Apr  4 20:45:39 localhost mme[2814743]: [INFO] Received S6A-LOCATION-UPDATE_ANSWER for IMSI: 222700000000001; Status: ; StatusCode: 2001
Apr  4 20:45:39 localhost mme[2814743]: [INFO] sent itti S6A-LOCATION-UPDATE_ANSWER for IMSI: 222700000000001
Apr  4 20:45:39 localhost sctpd[2814340]: I0404 20:45:39.447824 2814785 sctp_connection.cpp:195] Unhandled notification type 32777
Apr  4 20:45:39 localhost smsd[2814155]: INFO:root:mme non_eps_service_config is not SMS_ORC8R, sleeping.
Apr  4 20:45:41 localhost sctpd[2814340]: I0404 20:45:41.831663 2814785 sctp_connection.cpp:195] Unhandled notification type 32777
Apr  4 20:45:43 localhost dhclient[601]: DHCPREQUEST for 172.16.5.121 on eth1 to 172.16.5.2 port 67 (xid=0x25c866c5)
Apr  4 20:45:44 localhost sctpd[2814340]: I0404 20:45:44.061547 2814785 sctp_connection.cpp:195] Unhandled notification type 32777
Apr  4 20:45:44 localhost sctpd[2814340]: I0404 20:45:44.177474 2814785 sctp_connection.cpp:195] Unhandled notification type 32777
Apr  4 20:45:44 localhost sctpd[2814340]: I0404 20:45:44.295572 2814785 sctp_connection.cpp:195] Unhandled notification type 32777
Apr  4 20:45:44 localhost mme[2814743]: [DEBUG] Sending S6A-UPDATE_LOCATION_REQUEST with IMSI: 222700000000001
Apr  4 20:45:44 localhost mme[2814743]: [INFO] Received S6A-LOCATION-UPDATE_ANSWER for IMSI: 222700000000001; Status: ; StatusCode: 2001
Apr  4 20:45:44 localhost mme[2814743]: [INFO] sent itti S6A-LOCATION-UPDATE_ANSWER for IMSI: 222700000000001
Apr  4 20:45:44 localhost sctpd[2814340]: I0404 20:45:44.408828 2814785 sctp_connection.cpp:195] Unhandled notification type 32777
Apr  4 20:45:44 localhost smsd[2814155]: INFO:root:mme non_eps_service_config is not SMS_ORC8R, sleeping.
Apr  4 20:45:46 localhost sctpd[2814340]: I0404 20:45:46.787541 2814785 sctp_connection.cpp:195] Unhandled notification type 32777
Apr  4 20:45:49 localhost smsd[2814155]: INFO:root:mme non_eps_service_config is not SMS_ORC8R, sleeping.
Apr  4 20:45:54 localhost smsd[2814155]: INFO:root:mme non_eps_service_config is not SMS_ORC8R, sleeping.
Apr  4 20:45:55 localhost control_proxy[2814227]: 2022-04-04T20:45:55.117Z [127.0.0.1 -> state-controller.magmasi.wavelabs.in,8443] "POST /magma.orc8r.StateService/ReportStates HTTP/2" 200 5bytes 0.514s
Apr  4 20:45:55 localhost magmad[2813991]: INFO:root:Checkin Successful! Successfully sent states to the cloud!
Apr  4 20:45:57 localhost dhclient[601]: DHCPREQUEST for 172.16.5.121 on eth1 to 172.16.5.2 port 67 (xid=0x25c866c5)
Apr  4 20:45:59 localhost mobilityd[2814061]: INFO:root:Using GW info: {'default': {2: ('172.16.4.1', 'eth0')}, 2: [('172.16.4.1', 'eth0', True)]}
Apr  4 20:45:59 localhost mobilityd[2814061]: INFO:root:GW-v6 probe: timer started
Apr  4 20:45:59 localhost magmad[2813991]: INFO:root:[SyncRPC] Got heartBeat from cloud
Apr  4 20:45:59 localhost smsd[2814155]: INFO:root:mme non_eps_service_config is not SMS_ORC8R, sleeping.
Apr  4 20:46:03 localhost control_proxy[2814227]: 2022-04-04T20:46:03.213Z [127.0.0.1 -> streamer-controller.magmasi.wavelabs.in,8443] "POST /magma.orc8r.Streamer/GetUpdates HTTP/2" 200 173bytes 0.331s
Apr  4 20:46:03 localhost policydb[2814134]: INFO:root:Processing 4 policy updates (resync=True)
Apr  4 20:46:03 localhost control_proxy[2814227]: 2022-04-04T20:46:03.213Z [127.0.0.1 -> streamer-controller.magmasi.wavelabs.in,8443] "POST /magma.orc8r.Streamer/GetUpdates HTTP/2" 200 7bytes 0.287s
Apr  4 20:46:03 localhost policydb[2814134]: INFO:root:Processing 0 basename -> policy updates
Apr  4 20:46:04 localhost control_proxy[2814227]: 2022-04-04T20:46:03.213Z [127.0.0.1 -> streamer-controller.magmasi.wavelabs.in,8443] "POST /magma.orc8r.Streamer/GetUpdates HTTP/2" 200 13513bytes 0.313s
Apr  4 20:46:04 localhost policydb[2814134]: INFO:root:Processing 222 SID -> apn -> policy updates
Apr  4 20:46:04 localhost control_proxy[2814227]: 2022-04-04T20:46:04.160Z [127.0.0.1 -> streamer-controller.magmasi.wavelabs.in,8443] "POST /magma.orc8r.Streamer/GetUpdates HTTP/2" 200 7bytes 0.283s
Apr  4 20:46:04 localhost policydb[2814134]: INFO:root:Processing 0 rating group updates
Apr  4 20:46:04 localhost smsd[2814155]: INFO:root:mme non_eps_service_config is not SMS_ORC8R, sleeping.
Apr  4 20:46:05 localhost sctpd[2814340]: I0404 20:46:05.088035 2814785 sctp_connection.cpp:195] Unhandled notification type 32776
Apr  4 20:46:06 localhost sctpd[2814340]: I0404 20:46:06.147567 2814785 sctp_connection.cpp:195] Unhandled notification type 32777
Apr  4 20:46:06 localhost sctpd[2814340]: I0404 20:46:06.381274 2814785 sctp_connection.cpp:195] Unhandled notification type 32777
Apr  4 20:46:06 localhost sctpd[2814340]: I0404 20:46:06.515676 2814785 sctp_connection.cpp:195] Unhandled notification type 32777
Apr  4 20:46:06 localhost mme[2814743]: [DEBUG] Sending S6A-UPDATE_LOCATION_REQUEST with IMSI: 222700000000001
Apr  4 20:46:06 localhost mme[2814743]: [INFO] Received S6A-LOCATION-UPDATE_ANSWER for IMSI: 222700000000001; Status: ; StatusCode: 2001
Apr  4 20:46:06 localhost mme[2814743]: [INFO] sent itti S6A-LOCATION-UPDATE_ANSWER for IMSI: 222700000000001
Apr  4 20:46:06 localhost sctpd[2814340]: I0404 20:46:06.632369 2814785 sctp_connection.cpp:195] Unhandled notification type 32777
Apr  4 20:46:06 localhost mobilityd[2814061]: INFO:root:Allocated IP 192.168.128.75 for sid IMSI222700000000001 for apn default
Apr  4 20:46:06 localhost policydb[2814134]: INFO:root:Creating a session for subscriber ID: IMSI222700000000001
Apr  4 20:46:06 localhost sessiond[2814068]: I0404 20:46:06.870859 2814068 SetMessageManagerHandler.cpp:342] Processing a CreateSessionResponse for IMSI222700000000001-763589
Apr  4 20:46:06 localhost sessiond[2814068]: I0404 20:46:06.871064 2814068 SessionState.cpp:2774] RuleID allowlist_sid-IMSI222700000000001-default doesn't have a version registered for IMSI222700000000001-763589, this is unexpected
Apr  4 20:46:09 localhost smsd[2814155]: INFO:root:mme non_eps_service_config is not SMS_ORC8R, sleeping.
Apr  4 20:46:11 localhost mme[2814743]: PDUSessionResourceSetupRequestTransfer ::= {
Apr  4 20:46:11 localhost mme[2814743]:     protocolIEs: ProtocolIE-Container ::= {
Apr  4 20:46:11 localhost mme[2814743]:         PDUSessionResourceSetupRequestTransferIEs ::= {
Apr  4 20:46:11 localhost mme[2814743]:             id: 130
Apr  4 20:46:11 localhost mme[2814743]:             criticality: 0 (reject)
Apr  4 20:46:11 localhost mme[2814743]:             value: PDUSessionAggregateMaximumBitRate ::= {
Apr  4 20:46:11 localhost mme[2814743]:                 pDUSessionAggregateMaximumBitRateDL: 100000000
Apr  4 20:46:11 localhost mme[2814743]:                 pDUSessionAggregateMaximumBitRateUL: 100000000
Apr  4 20:46:11 localhost mme[2814743]:             }
Apr  4 20:46:11 localhost mme[2814743]:         }
Apr  4 20:46:11 localhost mme[2814743]:         PDUSessionResourceSetupRequestTransferIEs ::= {
Apr  4 20:46:11 localhost mme[2814743]:             id: 139
Apr  4 20:46:11 localhost mme[2814743]:             criticality: 0 (reject)
Apr  4 20:46:11 localhost mme[2814743]:             value: GTPTunnel ::= {
Apr  4 20:46:11 localhost mme[2814743]:                 transportLayerAddress: AC 10 05 79
Apr  4 20:46:11 localhost mme[2814743]:                 gTP-TEID: 7F FF FF FF
Apr  4 20:46:11 localhost mme[2814743]:             }
Apr  4 20:46:11 localhost mme[2814743]:         }
Apr  4 20:46:11 localhost mme[2814743]:         PDUSessionResourceSetupRequestTransferIEs ::= {
Apr  4 20:46:11 localhost mme[2814743]:             id: 134
Apr  4 20:46:11 localhost mme[2814743]:             criticality: 0 (reject)
Apr  4 20:46:11 localhost mme[2814743]:             value: 0 (ipv4)
Apr  4 20:46:11 localhost mme[2814743]:         }
Apr  4 20:46:11 localhost mme[2814743]:         PDUSessionResourceSetupRequestTransferIEs ::= {
Apr  4 20:46:11 localhost mme[2814743]:             id: 136
Apr  4 20:46:11 localhost mme[2814743]:             criticality: 0 (reject)
Apr  4 20:46:11 localhost mme[2814743]:             value: QosFlowSetupRequestList ::= {
Apr  4 20:46:11 localhost mme[2814743]:                 QosFlowSetupRequestItem ::= {
Apr  4 20:46:11 localhost mme[2814743]:                     qosFlowIdentifier: 9
Apr  4 20:46:11 localhost mme[2814743]:                     qosFlowLevelQosParameters: QosFlowLevelQosParameters ::= {
Apr  4 20:46:11 localhost mme[2814743]:                         qosCharacteristics: NonDynamic5QIDescriptor ::= {
Apr  4 20:46:11 localhost mme[2814743]:                             fiveQI: 9
Apr  4 20:46:11 localhost mme[2814743]:                         }
Apr  4 20:46:11 localhost mme[2814743]:                         allocationAndRetentionPriority: AllocationAndRetentionPriority ::= {
Apr  4 20:46:11 localhost mme[2814743]:                             priorityLevelARP: 15
Apr  4 20:46:11 localhost mme[2814743]:                             pre-emptionCapability: 0 (shall-not-trigger-pre-emption)
Apr  4 20:46:11 localhost mme[2814743]:                             pre-emptionVulnerability: 0 (not-pre-emptable)
Apr  4 20:46:11 localhost mme[2814743]:                         }
Apr  4 20:46:11 localhost mme[2814743]:                     }
Apr  4 20:46:11 localhost mme[2814743]:                 }
Apr  4 20:46:11 localhost mme[2814743]:             }
Apr  4 20:46:11 localhost mme[2814743]:         }
Apr  4 20:46:11 localhost mme[2814743]:     }
Apr  4 20:46:11 localhost mme[2814743]: }
Apr  4 20:46:11 localhost sctpd[2814340]: I0404 20:46:11.699234 2814785 sctp_connection.cpp:195] Unhandled notification type 32777
Apr  4 20:46:12 localhost sessiond[2814068]: I0404 20:46:12.691650 2814068 SetMessageManagerHandler.cpp:142] Release request for session from IMSI: IMSI222700000000001 pdu_id 1
Apr  4 20:46:12 localhost mobilityd[2814061]: INFO:root:Released IP 192.168.128.75 for sid IMSI222700000000001
Apr  4 20:46:12 localhost sctpd[2814340]: I0404 20:46:12.946683 2814785 sctp_connection.cpp:195] Unhandled notification type 32777
Apr  4 20:46:14 localhost smsd[2814155]: INFO:root:mme non_eps_service_config is not SMS_ORC8R, sleeping.
Apr  4 20:46:16 localhost dhclient[601]: DHCPREQUEST for 172.16.5.121 on eth1 to 172.16.5.2 port 67 (xid=0x25c866c5)
Apr  4 20:46:17 localhost policydb[2814134]: INFO:root:Terminating session: IMSI222700000000001-763589
Apr  4 20:46:17 localhost eventd[2814147]: DEBUG:root:Logging event: stream_name: "sessiond"
Apr  4 20:46:17 localhost eventd[2814147]: event_type: "session_terminated"
Apr  4 20:46:17 localhost eventd[2814147]: tag: "IMSI222700000000001"
Apr  4 20:46:17 localhost eventd[2814147]: value: "{\"mac_addr\":\"\",\"user_location\":\"\",\"spgw_ip\":\"\",\"imei\":\"\",\"record_sequence_number\":1,\"pdp_end_time\":140020106065488,\"charging_rx\":0,\"duration\":548320568,\"ip_addr\":\"192.168.128.75\",\"monitoring_tx\":0,\"ipv6_addr\":\"\",\"msisdn\":\"\",\"apn\":\"default\",\"session_id\":\"IMSI222700000000001-763589\",\"list_of_service_data\":[],\"charging_characteristics\":\"\",\"total_tx\":0,\"cause_for_rec_closing\":0,\"imsi\":\"IMSI222700000000001\",\"total_rx\":0,\"monitoring_rx\":0,\"charging_tx\":0,\"pdp_start_time\":140019557744920}"
Apr  4 20:46:17 localhost eventd[2814147]: ERROR:root:Connection to FluentBit failed: [Errno 111] Connection refused
Apr  4 20:46:17 localhost eventd[2814147]: INFO:root:FluentBit (td-agent-bit) may not be enabled or configured correctly
Apr  4 20:46:17 localhost sessiond[2814068]: I0404 20:46:17.707674 2814083 SessionEvents.cpp:291] Could not log session_terminated event {"mac_addr":"","user_location":"","spgw_ip":"","imei":"","record_sequence_number":1,"pdp_end_time":140020106065488,"charging_rx":0,"duration":548320568,"ip_addr":"192.168.128.75","monitoring_tx":0,"ipv6_addr":"","msisdn":"","apn":"default","session_id":"IMSI222700000000001-763589","list_of_service_data":[],"charging_characteristics":"","total_tx":0,"cause_for_rec_closing":0,"imsi":"IMSI222700000000001","total_rx":0,"monitoring_rx":0,"charging_tx":0,"pdp_start_time":140019557744920}, Error Message: Could not connect to FluentBit locally, Details: [Errno 111] Connection refused
Apr  4 20:46:19 localhost mobilityd[2814061]: INFO:root:Using GW info: {'default': {2: ('172.16.4.1', 'eth0')}, 2: [('172.16.4.1', 'eth0', True)]}
Apr  4 20:46:19 localhost mobilityd[2814061]: INFO:root:GW-v6 probe: timer started
Apr  4 20:46:19 localhost smsd[2814155]: INFO:root:mme non_eps_service_config is not SMS_ORC8R, sleeping.
Apr  4 20:46:24 localhost smsd[2814155]: INFO:root:mme non_eps_service_config is not SMS_ORC8R, sleeping.
Apr  4 20:46:26 localhost magmad[2813991]: ERROR:root:Metrics upload error for service subscriberdb (chunk 0)! [StatusCode.DEADLINE_EXCEEDED] Deadline Exceeded
Apr  4 20:46:26 localhost magmad[2813991]: ERROR:root:Metrics upload error for service mobilityd (chunk 0)! [StatusCode.DEADLINE_EXCEEDED] Deadline Exceeded
Apr  4 20:46:26 localhost magmad[2813991]: ERROR:root:Metrics upload error for service mme (chunk 0)! [StatusCode.DEADLINE_EXCEEDED] Deadline Exceeded
Apr  4 20:46:26 localhost magmad[2813991]: ERROR:root:Metrics upload error for service magmad (chunk 0)! [StatusCode.DEADLINE_EXCEEDED] Deadline Exceeded
Apr  4 20:46:26 localhost magmad[2813991]: ERROR:root:Metrics upload error for service enodebd (chunk 0)! [StatusCode.DEADLINE_EXCEEDED] Deadline Exceeded
Apr  4 20:46:26 localhost magmad[2813991]: ERROR:root:Metrics upload error for service pipelined (chunk 0)! [StatusCode.DEADLINE_EXCEEDED] Deadline Exceeded
Apr  4 20:46:26 localhost magmad[2813991]: ERROR:root:Metrics upload error for service state (chunk 0)! [StatusCode.DEADLINE_EXCEEDED] Deadline Exceeded
Apr  4 20:46:26 localhost magmad[2813991]: ERROR:root:Metrics upload error for service sessiond (chunk 0)! [StatusCode.DEADLINE_EXCEEDED] Deadline Exceeded
Apr  4 20:46:26 localhost dhclient[601]: DHCPREQUEST for 172.16.5.121 on eth1 to 172.16.5.2 port 67 (xid=0x25c866c5)
Apr  4 20:46:29 localhost sctpd[2814340]: I0404 20:46:29.625349 2814785 sctp_connection.cpp:195] Unhandled notification type 32776
Apr  4 20:46:29 localhost smsd[2814155]: INFO:root:mme non_eps_service_config is not SMS_ORC8R, sleeping.
Apr  4 20:46:30 localhost sctpd[2814340]: I0404 20:46:30.685137 2814785 sctp_connection.cpp:195] Unhandled notification type 32777
Apr  4 20:46:30 localhost sctpd[2814340]: I0404 20:46:30.916630 2814785 sctp_connection.cpp:195] Unhandled notification type 32777
Apr  4 20:46:31 localhost sctpd[2814340]: I0404 20:46:31.030195 2814785 sctp_connection.cpp:195] Unhandled notification type 32777
Apr  4 20:46:31 localhost mme[2814743]: [DEBUG] Sending S6A-UPDATE_LOCATION_REQUEST with IMSI: 222700000000001
Apr  4 20:46:31 localhost mme[2814743]: [INFO] Received S6A-LOCATION-UPDATE_ANSWER for IMSI: 222700000000001; Status: ; StatusCode: 2001
Apr  4 20:46:31 localhost mme[2814743]: [INFO] sent itti S6A-LOCATION-UPDATE_ANSWER for IMSI: 222700000000001
Apr  4 20:46:31 localhost sctpd[2814340]: I0404 20:46:31.142972 2814785 sctp_connection.cpp:195] Unhandled notification type 32777
Apr  4 20:46:34 localhost smsd[2814155]: INFO:root:mme non_eps_service_config is not SMS_ORC8R, sleeping.
Apr  4 20:46:39 localhost mobilityd[2814061]: INFO:root:Using GW info: {'default': {2: ('172.16.4.1', 'eth0')}, 2: [('172.16.4.1', 'eth0', True)]}
Apr  4 20:46:39 localhost mobilityd[2814061]: INFO:root:GW-v6 probe: timer started
Apr  4 20:46:39 localhost smsd[2814155]: INFO:root:mme non_eps_service_config is not SMS_ORC8R, sleeping.
Apr  4 20:46:41 localhost sctpd[2814340]: I0404 20:46:41.547549 2814785 sctp_connection.cpp:195] Unhandled notification type 32777
Apr  4 20:46:43 localhost sctpd[2814340]: I0404 20:46:43.776752 2814785 sctp_connection.cpp:195] Unhandled notification type 32777
Apr  4 20:46:43 localhost sctpd[2814340]: I0404 20:46:43.905006 2814785 sctp_connection.cpp:195] Unhandled notification type 32777
Apr  4 20:46:44 localhost sctpd[2814340]: I0404 20:46:44.021121 2814785 sctp_connection.cpp:195] Unhandled notification type 32777
Apr  4 20:46:44 localhost mme[2814743]: [DEBUG] Sending S6A-UPDATE_LOCATION_REQUEST with IMSI: 222700000000001
Apr  4 20:46:44 localhost mme[2814743]: [INFO] Received S6A-LOCATION-UPDATE_ANSWER for IMSI: 222700000000001; Status: ; StatusCode: 2001
Apr  4 20:46:44 localhost mme[2814743]: [INFO] sent itti S6A-LOCATION-UPDATE_ANSWER for IMSI: 222700000000001
Apr  4 20:46:44 localhost sctpd[2814340]: I0404 20:46:44.131350 2814785 sctp_connection.cpp:195] Unhandled notification type 32777
Apr  4 20:46:44 localhost dhclient[601]: DHCPREQUEST for 172.16.5.121 on eth1 to 172.16.5.2 port 67 (xid=0x25c866c5)
Apr  4 20:46:44 localhost smsd[2814155]: INFO:root:mme non_eps_service_config is not SMS_ORC8R, sleeping.
Apr  4 20:46:46 localhost sctpd[2814340]: I0404 20:46:46.520717 2814785 sctp_connection.cpp:195] Unhandled notification type 32777
Apr  4 20:46:48 localhost sctpd[2814340]: I0404 20:46:48.749847 2814785 sctp_connection.cpp:195] Unhandled notification type 32777
Apr  4 20:46:48 localhost sctpd[2814340]: I0404 20:46:48.869613 2814785 sctp_connection.cpp:195] Unhandled notification type 32777
Apr  4 20:46:48 localhost sctpd[2814340]: I0404 20:46:48.987660 2814785 sctp_connection.cpp:195] Unhandled notification type 32777
Apr  4 20:46:48 localhost mme[2814743]: [DEBUG] Sending S6A-UPDATE_LOCATION_REQUEST with IMSI: 222700000000001
Apr  4 20:46:48 localhost mme[2814743]: [INFO] Received S6A-LOCATION-UPDATE_ANSWER for IMSI: 222700000000001; Status: ; StatusCode: 2001
Apr  4 20:46:48 localhost mme[2814743]: [INFO] sent itti S6A-LOCATION-UPDATE_ANSWER for IMSI: 222700000000001
Apr  4 20:46:49 localhost sctpd[2814340]: I0404 20:46:49.099584 2814785 sctp_connection.cpp:195] Unhandled notification type 32777
Apr  4 20:46:49 localhost smsd[2814155]: INFO:root:mme non_eps_service_config is not SMS_ORC8R, sleeping.
Apr  4 20:46:51 localhost sctpd[2814340]: I0404 20:46:51.474932 2814785 sctp_connection.cpp:195] Unhandled notification type 32777
Apr  4 20:46:51 localhost sctpd[2814340]: I0404 20:46:51.741258 2814785 sctp_connection.cpp:195] Unhandled notification type 32777
Apr  4 20:46:51 localhost sctpd[2814340]: I0404 20:46:51.853375 2814785 sctp_connection.cpp:195] Unhandled notification type 32777
Apr  4 20:46:51 localhost sctpd[2814340]: I0404 20:46:51.971611 2814785 sctp_connection.cpp:195] Unhandled notification type 32777
Apr  4 20:46:51 localhost mme[2814743]: [DEBUG] Sending S6A-UPDATE_LOCATION_REQUEST with IMSI: 222700000000001
Apr  4 20:46:51 localhost mme[2814743]: [INFO] Received S6A-LOCATION-UPDATE_ANSWER for IMSI: 222700000000001; Status: ; StatusCode: 2001
Apr  4 20:46:51 localhost mme[2814743]: [INFO] sent itti S6A-LOCATION-UPDATE_ANSWER for IMSI: 222700000000001
Apr  4 20:46:52 localhost sctpd[2814340]: I0404 20:46:52.087924 2814785 sctp_connection.cpp:195] Unhandled notification type 32777
Apr  4 20:46:52 localhost dhclient[601]: DHCPREQUEST for 172.16.5.121 on eth1 to 172.16.5.2 port 67 (xid=0x25c866c5)
Apr  4 20:46:54 localhost sctpd[2814340]: I0404 20:46:54.471873 2814785 sctp_connection.cpp:195] Unhandled notification type 32777
Apr  4 20:46:54 localhost sctpd[2814340]: I0404 20:46:54.737224 2814785 sctp_connection.cpp:195] Unhandled notification type 32777
Apr  4 20:46:54 localhost sctpd[2814340]: I0404 20:46:54.857558 2814785 sctp_connection.cpp:195] Unhandled notification type 32777
Apr  4 20:46:54 localhost sctpd[2814340]: I0404 20:46:54.980069 2814785 sctp_connection.cpp:195] Unhandled notification type 32777
Apr  4 20:46:54 localhost mme[2814743]: [DEBUG] Sending S6A-UPDATE_LOCATION_REQUEST with IMSI: 222700000000001
Apr  4 20:46:54 localhost mme[2814743]: [INFO] Received S6A-LOCATION-UPDATE_ANSWER for IMSI: 222700000000001; Status: ; StatusCode: 2001
Apr  4 20:46:54 localhost mme[2814743]: [INFO] sent itti S6A-LOCATION-UPDATE_ANSWER for IMSI: 222700000000001
Apr  4 20:46:54 localhost smsd[2814155]: INFO:root:mme non_eps_service_config is not SMS_ORC8R, sleeping.
Apr  4 20:46:55 localhost sctpd[2814340]: I0404 20:46:55.099478 2814785 sctp_connection.cpp:195] Unhandled notification type 32777
Apr  4 20:46:56 localhost magmad[2813991]: INFO:root:Setting logging level to INFO
Apr  4 20:46:57 localhost control_proxy[2814227]: 2022-04-04T20:45:56.273Z [127.0.0.1 -> streamer-controller.magmasi.wavelabs.in,8443] "POST /magma.orc8r.Streamer/GetUpdates HTTP/2" 200 0bytes 60.273s
Apr  4 20:46:57 localhost magmad[2813991]: ERROR:root:Error! Streaming from the cloud failed! [StatusCode.ABORTED] error while streaming updates: rpc error: code = DeadlineExceeded desc = context deadline exceeded
Apr  4 20:46:57 localhost sctpd[2814340]: I0404 20:46:57.508630 2814785 sctp_connection.cpp:195] Unhandled notification type 32777
Apr  4 20:46:57 localhost sctpd[2814340]: I0404 20:46:57.770772 2814785 sctp_connection.cpp:195] Unhandled notification type 32777
Apr  4 20:46:57 localhost sctpd[2814340]: I0404 20:46:57.899725 2814785 sctp_connection.cpp:195] Unhandled notification type 32777
Apr  4 20:46:58 localhost sctpd[2814340]: I0404 20:46:58.029055 2814785 sctp_connection.cpp:195] Unhandled notification type 32777
Apr  4 20:46:58 localhost mme[2814743]: [DEBUG] Sending S6A-UPDATE_LOCATION_REQUEST with IMSI: 222700000000001
Apr  4 20:46:58 localhost mme[2814743]: [INFO] Received S6A-LOCATION-UPDATE_ANSWER for IMSI: 222700000000001; Status: ; StatusCode: 2001
Apr  4 20:46:58 localhost mme[2814743]: [INFO] sent itti S6A-LOCATION-UPDATE_ANSWER for IMSI: 222700000000001
Apr  4 20:46:58 localhost sctpd[2814340]: I0404 20:46:58.152252 2814785 sctp_connection.cpp:195] Unhandled notification type 32777
Apr  4 20:46:59 localhost mobilityd[2814061]: INFO:root:Using GW info: {'default': {2: ('172.16.4.1', 'eth0')}, 2: [('172.16.4.1', 'eth0', True)]}
Apr  4 20:46:59 localhost mobilityd[2814061]: INFO:root:GW-v6 probe: timer started
Apr  4 20:46:59 localhost dhclient[601]: DHCPREQUEST for 172.16.5.121 on eth1 to 172.16.5.2 port 67 (xid=0x25c866c5)
Apr  4 20:46:59 localhost magmad[2813991]: INFO:root:[SyncRPC] Got heartBeat from cloud
Apr  4 20:47:00 localhost smsd[2814155]: INFO:root:mme non_eps_service_config is not SMS_ORC8R, sleeping.
Apr  4 20:47:00 localhost sctpd[2814340]: I0404 20:47:00.543471 2814785 sctp_connection.cpp:195] Unhandled notification type 32777
Apr  4 20:47:00 localhost sctpd[2814340]: I0404 20:47:00.805263 2814785 sctp_connection.cpp:195] Unhandled notification type 32777
Apr  4 20:47:00 localhost sctpd[2814340]: I0404 20:47:00.917106 2814785 sctp_connection.cpp:195] Unhandled notification type 32777
Apr  4 20:47:01 localhost sctpd[2814340]: I0404 20:47:01.039454 2814785 sctp_connection.cpp:195] Unhandled notification type 32777
Apr  4 20:47:01 localhost mme[2814743]: [DEBUG] Sending S6A-UPDATE_LOCATION_REQUEST with IMSI: 222700000000001
Apr  4 20:47:01 localhost mme[2814743]: [INFO] Received S6A-LOCATION-UPDATE_ANSWER for IMSI: 222700000000001; Status: ; StatusCode: 2001
Apr  4 20:47:01 localhost mme[2814743]: [INFO] sent itti S6A-LOCATION-UPDATE_ANSWER for IMSI: 222700000000001
Apr  4 20:47:01 localhost sctpd[2814340]: I0404 20:47:01.155900 2814785 sctp_connection.cpp:195] Unhandled notification type 32777
Apr  4 20:47:03 localhost sctpd[2814340]: I0404 20:47:03.535337 2814785 sctp_connection.cpp:195] Unhandled notification type 32777
Apr  4 20:47:03 localhost sctpd[2814340]: I0404 20:47:03.795724 2814785 sctp_connection.cpp:195] Unhandled notification type 32777
Apr  4 20:47:03 localhost sctpd[2814340]: I0404 20:47:03.904582 2814785 sctp_connection.cpp:195] Unhandled notification type 32777
Apr  4 20:47:04 localhost sctpd[2814340]: I0404 20:47:04.026677 2814785 sctp_connection.cpp:195] Unhandled notification type 32777
Apr  4 20:47:04 localhost mme[2814743]: [DEBUG] Sending S6A-UPDATE_LOCATION_REQUEST with IMSI: 222700000000001
Apr  4 20:47:04 localhost mme[2814743]: [INFO] Received S6A-LOCATION-UPDATE_ANSWER for IMSI: 222700000000001; Status: ; StatusCode: 2001
Apr  4 20:47:04 localhost mme[2814743]: [INFO] sent itti S6A-LOCATION-UPDATE_ANSWER for IMSI: 222700000000001
Apr  4 20:47:04 localhost sctpd[2814340]: I0404 20:47:04.139736 2814785 sctp_connection.cpp:195] Unhandled notification type 32777
Apr  4 20:47:04 localhost control_proxy[2814227]: 2022-04-04T20:47:04.506Z [127.0.0.1 -> streamer-controller.magmasi.wavelabs.in,8443] "POST /magma.orc8r.Streamer/GetUpdates HTTP/2" 200 173bytes 0.272s
Apr  4 20:47:04 localhost policydb[2814134]: INFO:root:Processing 4 policy updates (resync=True)
Apr  4 20:47:05 localhost control_proxy[2814227]: 2022-04-04T20:47:04.506Z [127.0.0.1 -> streamer-controller.magmasi.wavelabs.in,8443] "POST /magma.orc8r.Streamer/GetUpdates HTTP/2" 200 7bytes 0.266s
Apr  4 20:47:05 localhost policydb[2814134]: INFO:root:Processing 0 basename -> policy updates
Apr  4 20:47:05 localhost smsd[2814155]: INFO:root:mme non_eps_service_config is not SMS_ORC8R, sleeping.
Apr  4 20:47:05 localhost control_proxy[2814227]: 2022-04-04T20:47:05.053Z [127.0.0.1 -> streamer-controller.magmasi.wavelabs.in,8443] "POST /magma.orc8r.Streamer/GetUpdates HTTP/2" 200 13513bytes 0.309s
Apr  4 20:47:05 localhost policydb[2814134]: INFO:root:Processing 222 SID -> apn -> policy updates
Apr  4 20:47:05 localhost control_proxy[2814227]: 2022-04-04T20:47:05.053Z [127.0.0.1 -> streamer-controller.magmasi.wavelabs.in,8443] "POST /magma.orc8r.Streamer/GetUpdates HTTP/2" 200 7bytes 0.264s
Apr  4 20:47:05 localhost policydb[2814134]: INFO:root:Processing 0 rating group updates
Apr  4 20:47:06 localhost sctpd[2814340]: I0404 20:47:06.536429 2814785 sctp_connection.cpp:195] Unhandled notification type 32777
Apr  4 20:47:06 localhost sctpd[2814340]: I0404 20:47:06.800891 2814785 sctp_connection.cpp:195] Unhandled notification type 32777
Apr  4 20:47:06 localhost sctpd[2814340]: I0404 20:47:06.918061 2814785 sctp_connection.cpp:195] Unhandled notification type 32777
Apr  4 20:47:07 localhost sctpd[2814340]: I0404 20:47:07.039923 2814785 sctp_connection.cpp:195] Unhandled notification type 32777
Apr  4 20:47:07 localhost mme[2814743]: [DEBUG] Sending S6A-UPDATE_LOCATION_REQUEST with IMSI: 222700000000001
Apr  4 20:47:07 localhost mme[2814743]: [INFO] Received S6A-LOCATION-UPDATE_ANSWER for IMSI: 222700000000001; Status: ; StatusCode: 2001
Apr  4 20:47:07 localhost mme[2814743]: [INFO] sent itti S6A-LOCATION-UPDATE_ANSWER for IMSI: 222700000000001
Apr  4 20:47:07 localhost sctpd[2814340]: I0404 20:47:07.155849 2814785 sctp_connection.cpp:195] Unhandled notification type 32777
Apr  4 20:47:08 localhost dhclient[601]: DHCPREQUEST for 172.16.5.121 on eth1 to 172.16.5.2 port 67 (xid=0x25c866c5)
Apr  4 20:47:09 localhost sctpd[2814340]: I0404 20:47:09.564930 2814785 sctp_connection.cpp:195] Unhandled notification type 32777
Apr  4 20:47:09 localhost sctpd[2814340]: I0404 20:47:09.825713 2814785 sctp_connection.cpp:195] Unhandled notification type 32777
Apr  4 20:47:09 localhost sctpd[2814340]: I0404 20:47:09.941756 2814785 sctp_connection.cpp:195] Unhandled notification type 32777
Apr  4 20:47:10 localhost sctpd[2814340]: I0404 20:47:10.059448 2814785 sctp_connection.cpp:195] Unhandled notification type 32777
Apr  4 20:47:10 localhost mme[2814743]: [DEBUG] Sending S6A-UPDATE_LOCATION_REQUEST with IMSI: 222700000000001
Apr  4 20:47:10 localhost mme[2814743]: [INFO] Received S6A-LOCATION-UPDATE_ANSWER for IMSI: 222700000000001; Status: ; StatusCode: 2001
Apr  4 20:47:10 localhost mme[2814743]: [INFO] sent itti S6A-LOCATION-UPDATE_ANSWER for IMSI: 222700000000001
Apr  4 20:47:10 localhost smsd[2814155]: INFO:root:mme non_eps_service_config is not SMS_ORC8R, sleeping.
Apr  4 20:47:10 localhost sctpd[2814340]: I0404 20:47:10.175879 2814785 sctp_connection.cpp:195] Unhandled notification type 32777
Apr  4 20:47:12 localhost sctpd[2814340]: I0404 20:47:12.569187 2814785 sctp_connection.cpp:195] Unhandled notification type 32777
Apr  4 20:47:12 localhost sctpd[2814340]: I0404 20:47:12.829389 2814785 sctp_connection.cpp:195] Unhandled notification type 32777
Apr  4 20:47:12 localhost sctpd[2814340]: I0404 20:47:12.945749 2814785 sctp_connection.cpp:195] Unhandled notification type 32777
Apr  4 20:47:13 localhost sctpd[2814340]: I0404 20:47:13.072141 2814785 sctp_connection.cpp:195] Unhandled notification type 32777
Apr  4 20:47:13 localhost mme[2814743]: [DEBUG] Sending S6A-UPDATE_LOCATION_REQUEST with IMSI: 222700000000001
Apr  4 20:47:13 localhost mme[2814743]: [INFO] Received S6A-LOCATION-UPDATE_ANSWER for IMSI: 222700000000001; Status: ; StatusCode: 2001
Apr  4 20:47:13 localhost mme[2814743]: [INFO] sent itti S6A-LOCATION-UPDATE_ANSWER for IMSI: 222700000000001
Apr  4 20:47:13 localhost sctpd[2814340]: I0404 20:47:13.188143 2814785 sctp_connection.cpp:195] Unhandled notification type 32777
Apr  4 20:47:15 localhost smsd[2814155]: INFO:root:mme non_eps_service_config is not SMS_ORC8R, sleeping.
Apr  4 20:47:15 localhost sctpd[2814340]: I0404 20:47:15.584995 2814785 sctp_connection.cpp:195] Unhandled notification type 32777
Apr  4 20:47:15 localhost control_proxy[2814227]: 2022-04-04T20:47:14.665Z [127.0.0.1 -> state-controller.magmasi.wavelabs.in,8443] "POST /magma.orc8r.StateService/ReportStates HTTP/2" 200 5bytes 0.862s
Apr  4 20:47:15 localhost magmad[2813991]: INFO:root:Checkin Successful! Successfully sent states to the cloud!
Apr  4 20:47:19 localhost mobilityd[2814061]: INFO:root:Using GW info: {'default': {2: ('172.16.4.1', 'eth0')}, 2: [('172.16.4.1', 'eth0', True)]}
Apr  4 20:47:19 localhost mobilityd[2814061]: INFO:root:GW-v6 probe: timer started
Apr  4 20:47:20 localhost smsd[2814155]: INFO:root:mme non_eps_service_config is not SMS_ORC8R, sleeping.
Apr  4 20:47:20 localhost dhclient[601]: DHCPREQUEST for 172.16.5.121 on eth1 to 172.16.5.2 port 67 (xid=0x25c866c5)
Apr  4 20:47:25 localhost smsd[2814155]: INFO:root:mme non_eps_service_config is not SMS_ORC8R, sleeping.
Apr  4 20:47:30 localhost smsd[2814155]: INFO:root:mme non_eps_service_config is not SMS_ORC8R, sleeping.
Apr  4 20:47:32 localhost sctpd[2814340]: I0404 20:47:32.178179 2814785 sctp_connection.cpp:195] Unhandled notification type 32776
Apr  4 20:47:33 localhost sctpd[2814340]: I0404 20:47:33.240648 2814785 sctp_connection.cpp:195] Unhandled notification type 32777
Apr  4 20:47:33 localhost sctpd[2814340]: I0404 20:47:33.563076 2814785 sctp_connection.cpp:195] Unhandled notification type 32777
Apr  4 20:47:34 localhost dhclient[601]: DHCPREQUEST for 172.16.5.121 on eth1 to 172.16.5.2 port 67 (xid=0x25c866c5)
Apr  4 20:47:35 localhost smsd[2814155]: INFO:root:mme non_eps_service_config is not SMS_ORC8R, sleeping.
Apr  4 20:47:39 localhost mobilityd[2814061]: INFO:root:Using GW info: {'default': {2: ('172.16.4.1', 'eth0')}, 2: [('172.16.4.1', 'eth0', True)]}
Apr  4 20:47:39 localhost mobilityd[2814061]: INFO:root:GW-v6 probe: timer started
Apr  4 20:47:40 localhost smsd[2814155]: INFO:root:mme non_eps_service_config is not SMS_ORC8R, sleeping.
Apr  4 20:47:44 localhost magmad[2813991]: ERROR:root:Metrics upload error for service subscriberdb (chunk 0)! [StatusCode.DEADLINE_EXCEEDED] Deadline Exceeded
Apr  4 20:47:44 localhost magmad[2813991]: ERROR:root:Metrics upload error for service mobilityd (chunk 0)! [StatusCode.DEADLINE_EXCEEDED] Deadline Exceeded
Apr  4 20:47:44 localhost magmad[2813991]: ERROR:root:Metrics upload error for service mme (chunk 0)! [StatusCode.DEADLINE_EXCEEDED] Deadline Exceeded
Apr  4 20:47:44 localhost magmad[2813991]: ERROR:root:Metrics upload error for service magmad (chunk 0)! [StatusCode.DEADLINE_EXCEEDED] Deadline Exceeded
Apr  4 20:47:44 localhost magmad[2813991]: ERROR:root:Metrics upload error for service enodebd (chunk 0)! [StatusCode.DEADLINE_EXCEEDED] Deadline Exceeded
Apr  4 20:47:44 localhost magmad[2813991]: ERROR:root:Metrics upload error for service pipelined (chunk 0)! [StatusCode.DEADLINE_EXCEEDED] Deadline Exceeded
Apr  4 20:47:44 localhost magmad[2813991]: ERROR:root:Metrics upload error for service state (chunk 0)! [StatusCode.DEADLINE_EXCEEDED] Deadline Exceeded
Apr  4 20:47:44 localhost magmad[2813991]: ERROR:root:Metrics upload error for service sessiond (chunk 0)! [StatusCode.DEADLINE_EXCEEDED] Deadline Exceeded
Apr  4 20:47:45 localhost smsd[2814155]: INFO:root:mme non_eps_service_config is not SMS_ORC8R, sleeping.
Apr  4 20:47:50 localhost smsd[2814155]: INFO:root:mme non_eps_service_config is not SMS_ORC8R, sleeping.
Apr  4 20:47:52 localhost dhclient[601]: DHCPREQUEST for 172.16.5.121 on eth1 to 172.16.5.2 port 67 (xid=0x25c866c5)
Apr  4 20:47:54 localhost sctpd[2814340]: I0404 20:47:54.781855 2814785 sctp_connection.cpp:195] Unhandled notification type 32776
Apr  4 20:47:55 localhost smsd[2814155]: INFO:root:mme non_eps_service_config is not SMS_ORC8R, sleeping.
Apr  4 20:47:55 localhost sctpd[2814340]: I0404 20:47:55.844717 2814785 sctp_connection.cpp:195] Unhandled notification type 32777
Apr  4 20:47:56 localhost sctpd[2814340]: I0404 20:47:56.175381 2814785 sctp_connection.cpp:195] Unhandled notification type 32777
Apr  4 20:47:59 localhost mobilityd[2814061]: INFO:root:Using GW info: {'default': {2: ('172.16.4.1', 'eth0')}, 2: [('172.16.4.1', 'eth0', True)]}
Apr  4 20:47:59 localhost mobilityd[2814061]: INFO:root:GW-v6 probe: timer started
Apr  4 20:47:59 localhost magmad[2813991]: INFO:root:[SyncRPC] Got heartBeat from cloud
Apr  4 20:48:00 localhost smsd[2814155]: INFO:root:mme non_eps_service_config is not SMS_ORC8R, sleeping.
Apr  4 20:48:01 localhost subscriberdb[2814058]: INFO:root:get digest stored in gateway:
Apr  4 20:48:01 localhost control_proxy[2814227]: 2022-04-04T20:48:01.261Z [127.0.0.1 -> subscriberdb-controller.magmasi.wavelabs.in,8443] "POST /magma.lte.SubscriberDBCloud/CheckInSync HTTP/2" 200 0bytes 0.251s
Apr  4 20:48:01 localhost subscriberdb[2814058]: ERROR:root:Internal Error in subscriberdb-Orc8r communication. If AGW and Orc8r are deployed at a commit hash, upgrade AGW and Orc8r to latest commit hash.
Apr  4 20:48:01 localhost control_proxy[2814227]: 2022-04-04T20:48:01.261Z [127.0.0.1 -> subscriberdb-controller.magmasi.wavelabs.in,8443] "POST /magma.lte.SubscriberDBCloud/Sync HTTP/2" 200 0bytes 0.249s
Apr  4 20:48:01 localhost subscriberdb[2814058]: ERROR:root:Internal Error in subscriberdb-Orc8r communication. If AGW and Orc8r are deployed at a commit hash, upgrade AGW and Orc8r to latest commit hash.
Apr  4 20:48:02 localhost control_proxy[2814227]: 2022-04-04T20:48:01.261Z [127.0.0.1 -> subscriberdb-controller.magmasi.wavelabs.in,8443] "POST /magma.lte.SubscriberDBCloud/ListSubscribers HTTP/2" 200 44088bytes 0.319s
Apr  4 20:48:02 localhost subscriberdb[2814058]: INFO:root:Successfully fetched all subscriber pages from the cloud!
Apr  4 20:48:02 localhost sctpd[2814340]: I0404 20:48:02.183264 2814785 sctp_connection.cpp:195] Unhandled notification type 32777
Apr  4 20:48:02 localhost subscriberdb[2814058]: INFO:root:update root digest stored in gateway:
Apr  4 20:48:05 localhost smsd[2814155]: INFO:root:mme non_eps_service_config is not SMS_ORC8R, sleeping.
Apr  4 20:48:05 localhost control_proxy[2814227]: 2022-04-04T20:48:05.688Z [127.0.0.1 -> streamer-controller.magmasi.wavelabs.in,8443] "POST /magma.orc8r.Streamer/GetUpdates HTTP/2" 200 173bytes 0.280s
Apr  4 20:48:05 localhost policydb[2814134]: INFO:root:Processing 4 policy updates (resync=True)
Apr  4 20:48:06 localhost control_proxy[2814227]: 2022-04-04T20:48:05.688Z [127.0.0.1 -> streamer-controller.magmasi.wavelabs.in,8443] "POST /magma.orc8r.Streamer/GetUpdates HTTP/2" 200 7bytes 0.289s
Apr  4 20:48:06 localhost policydb[2814134]: INFO:root:Processing 0 basename -> policy updates
Apr  4 20:48:06 localhost sctpd[2814340]: I0404 20:48:06.300995 2814785 sctp_connection.cpp:195] Unhandled notification type 32777
Apr  4 20:48:06 localhost mme[2814743]: [DEBUG] Sending S6A-UPDATE_LOCATION_REQUEST with IMSI: 222700000000001
Apr  4 20:48:06 localhost mme[2814743]: [INFO] Received S6A-LOCATION-UPDATE_ANSWER for IMSI: 222700000000001; Status: ; StatusCode: 2001
Apr  4 20:48:06 localhost mme[2814743]: [INFO] sent itti S6A-LOCATION-UPDATE_ANSWER for IMSI: 222700000000001
Apr  4 20:48:06 localhost sctpd[2814340]: I0404 20:48:06.358819 2814785 sctp_connection.cpp:195] Unhandled notification type 32777
Apr  4 20:48:06 localhost control_proxy[2814227]: 2022-04-04T20:48:06.266Z [127.0.0.1 -> streamer-controller.magmasi.wavelabs.in,8443] "POST /magma.orc8r.Streamer/GetUpdates HTTP/2" 200 13513bytes 0.350s
Apr  4 20:48:06 localhost policydb[2814134]: INFO:root:Processing 222 SID -> apn -> policy updates
Apr  4 20:48:06 localhost control_proxy[2814227]: 2022-04-04T20:48:06.266Z [127.0.0.1 -> streamer-controller.magmasi.wavelabs.in,8443] "POST /magma.orc8r.Streamer/GetUpdates HTTP/2" 200 7bytes 0.294s
Apr  4 20:48:06 localhost policydb[2814134]: INFO:root:Processing 0 rating group updates
Apr  4 20:48:09 localhost dhclient[601]: DHCPREQUEST for 172.16.5.121 on eth1 to 172.16.5.2 port 67 (xid=0x25c866c5)
Apr  4 20:48:10 localhost smsd[2814155]: INFO:root:mme non_eps_service_config is not SMS_ORC8R, sleeping.
Apr  4 20:48:15 localhost smsd[2814155]: INFO:root:mme non_eps_service_config is not SMS_ORC8R, sleeping.
Apr  4 20:48:15 localhost magmad[2813991]: INFO:root:Setting logging level to INFO
Apr  4 20:48:16 localhost dhclient[601]: DHCPREQUEST for 172.16.5.121 on eth1 to 172.16.5.2 port 67 (xid=0x25c866c5)
