Mar 10 16:38:01 localhost mme[944598]:                 value: PDUSessionResourceToReleaseListRelCmd ::= {
Mar 10 16:38:01 localhost mme[944598]:                 }
Mar 10 16:38:01 localhost mme[944598]:             }
Mar 10 16:38:01 localhost mme[944598]:         }
Mar 10 16:38:01 localhost mme[944598]:     }
Mar 10 16:38:01 localhost mme[944598]: }
Mar 10 16:38:01 localhost sctpd[944152]: I0310 16:38:01.728647 944650 sctpd_downlink_impl.cpp:76] SctpdDownlinkImpl::SendDl starting
Mar 10 16:38:01 localhost sctpd[944152]: I0310 16:38:01.778283 944655 sctp_connection.cpp:167] HandleClientSock sd = 68
Mar 10 16:38:01 localhost sctpd[944152]: I0310 16:38:01.778370 944655 sctp_connection.cpp:193] Unhandled notification type 32777
Mar 10 16:38:01 localhost sctpd[944152]: I0310 16:38:01.778389 944655 sctp_connection.cpp:167] HandleClientSock sd = 68
Mar 10 16:38:01 localhost sctpd[944152]: I0310 16:38:01.778412 944655 sctp_connection.cpp:220] [sd:68] msg of len 70 on 3767:1
Mar 10 16:38:01 localhost sctpd[944152]: I0310 16:38:01.979246 944655 sctp_connection.cpp:167] HandleClientSock sd = 68
Mar 10 16:38:01 localhost sctpd[944152]: I0310 16:38:01.979348 944655 sctp_connection.cpp:220] [sd:68] msg of len 72 on 3767:1
Mar 10 16:38:02 localhost smsd[943978]: INFO:root:mme non_eps_service_config is not SMS_ORC8R, sleeping.
Mar 10 16:38:06 localhost magmad[943817]: INFO:root:[SyncRPC] Got heartBeat from cloud
Mar 10 16:38:07 localhost smsd[943978]: INFO:root:mme non_eps_service_config is not SMS_ORC8R, sleeping.
Mar 10 16:38:07 localhost mobilityd[943896]: INFO:root:Using GW info: {'default': {2: ('172.16.4.1', 'eth0')}, 2: [('172.16.4.1', 'eth0', True)]}
Mar 10 16:38:07 localhost mobilityd[943896]: INFO:root:GW-v6 probe: timer started
Mar 10 16:38:08 localhost control_proxy[944547]: 2022-03-10T16:38:08.145Z [127.0.0.1 -> streamer-controller.magmasi.wavelabs.in,8443] "POST /magma.orc8r.Streamer/GetUpdates HTTP/2" 200 91bytes 0.290s
Mar 10 16:38:08 localhost policydb[943956]: INFO:root:Processing 2 policy updates (resync=True)
Mar 10 16:38:08 localhost dnsmasq-dhcp[944055]: DHCPDISCOVER(eth1) fa:16:3e:2a:89:3f 
Mar 10 16:38:08 localhost dnsmasq-dhcp[944055]: DHCPOFFER(eth1) 172.16.7.251 fa:16:3e:2a:89:3f 
Mar 10 16:38:08 localhost control_proxy[944547]: 2022-03-10T16:38:08.145Z [127.0.0.1 -> streamer-controller.magmasi.wavelabs.in,8443] "POST /magma.orc8r.Streamer/GetUpdates HTTP/2" 200 7bytes 0.280s
Mar 10 16:38:08 localhost policydb[943956]: INFO:root:Processing 0 basename -> policy updates
Mar 10 16:38:09 localhost control_proxy[944547]: 2022-03-10T16:38:08.145Z [127.0.0.1 -> streamer-controller.magmasi.wavelabs.in,8443] "POST /magma.orc8r.Streamer/GetUpdates HTTP/2" 200 5113bytes 0.285s
Mar 10 16:38:09 localhost policydb[943956]: INFO:root:Processing 222 SID -> apn -> policy updates
Mar 10 16:38:09 localhost control_proxy[944547]: 2022-03-10T16:38:09.012Z [127.0.0.1 -> streamer-controller.magmasi.wavelabs.in,8443] "POST /magma.orc8r.Streamer/GetUpdates HTTP/2" 200 7bytes 0.274s
Mar 10 16:38:09 localhost policydb[943956]: INFO:root:Processing 0 rating group updates
Mar 10 16:38:09 localhost magmad[943817]: ERROR:root:Metrics upload error for service subscriberdb (chunk 0)! [StatusCode.DEADLINE_EXCEEDED] Deadline Exceeded
Mar 10 16:38:09 localhost magmad[943817]: ERROR:root:Metrics upload error for service mobilityd (chunk 0)! [StatusCode.DEADLINE_EXCEEDED] Deadline Exceeded
Mar 10 16:38:09 localhost magmad[943817]: ERROR:root:Metrics upload error for service mme (chunk 0)! [StatusCode.DEADLINE_EXCEEDED] Deadline Exceeded
Mar 10 16:38:09 localhost magmad[943817]: ERROR:root:Metrics upload error for service magmad (chunk 0)! [StatusCode.DEADLINE_EXCEEDED] Deadline Exceeded
Mar 10 16:38:09 localhost magmad[943817]: ERROR:root:Metrics upload error for service enodebd (chunk 0)! [StatusCode.DEADLINE_EXCEEDED] Deadline Exceeded
Mar 10 16:38:09 localhost magmad[943817]: ERROR:root:Metrics upload error for service pipelined (chunk 0)! [StatusCode.DEADLINE_EXCEEDED] Deadline Exceeded
Mar 10 16:38:09 localhost magmad[943817]: ERROR:root:Metrics upload error for service state (chunk 0)! [StatusCode.DEADLINE_EXCEEDED] Deadline Exceeded
Mar 10 16:38:09 localhost magmad[943817]: ERROR:root:Metrics upload error for service sessiond (chunk 0)! [StatusCode.DEADLINE_EXCEEDED] Deadline Exceeded
Mar 10 16:38:11 localhost sctpd[944152]: I0310 16:38:11.277823 944655 sctp_connection.cpp:167] HandleClientSock sd = 67
Mar 10 16:38:11 localhost sctpd[944152]: I0310 16:38:11.277930 944655 sctp_connection.cpp:185] SCTP_SHUTDOWN_EVENT received
Mar 10 16:38:11 localhost sctpd[944152]: I0310 16:38:11.277942 944655 sctp_connection.cpp:280] Sending close connection for assoc_id 3766
Mar 10 16:38:11 localhost sctpd[944152]: I0310 16:38:11.327268 944655 sctp_connection.cpp:167] HandleClientSock sd = 68
Mar 10 16:38:11 localhost sctpd[944152]: I0310 16:38:11.327375 944655 sctp_connection.cpp:185] SCTP_SHUTDOWN_EVENT received
Mar 10 16:38:11 localhost sctpd[944152]: I0310 16:38:11.327387 944655 sctp_connection.cpp:280] Sending close connection for assoc_id 3767
Mar 10 16:38:12 localhost smsd[943978]: INFO:root:mme non_eps_service_config is not SMS_ORC8R, sleeping.
Mar 10 16:38:13 localhost dhclient[601]: DHCPREQUEST for 172.16.5.121 on eth1 to 172.16.5.2 port 67 (xid=0x4b4058b5)
Mar 10 16:38:17 localhost smsd[943978]: INFO:root:mme non_eps_service_config is not SMS_ORC8R, sleeping.
Mar 10 16:38:17 localhost sctpd[944152]: I0310 16:38:17.745847 944650 sctpd_downlink_impl.cpp:76] SctpdDownlinkImpl::SendDl starting
Mar 10 16:38:19 localhost dnsmasq-dhcp[944055]: DHCPDISCOVER(eth1) fa:16:3e:2a:89:3f 
Mar 10 16:38:19 localhost dnsmasq-dhcp[944055]: DHCPOFFER(eth1) 172.16.7.251 fa:16:3e:2a:89:3f 
Mar 10 16:38:20 localhost sctpd[944152]: I0310 16:38:20.266569 944655 sctp_connection.cpp:167] HandleClientSock sd = 69
Mar 10 16:38:20 localhost sctpd[944152]: I0310 16:38:20.266657 944655 sctp_connection.cpp:189] SCTP association change event received
Mar 10 16:38:20 localhost sctpd[944152]: I0310 16:38:20.267421 944655 sctp_connection.cpp:167] HandleClientSock sd = 69
Mar 10 16:38:20 localhost sctpd[944152]: I0310 16:38:20.267453 944655 sctp_connection.cpp:193] Unhandled notification type 32776
Mar 10 16:38:22 localhost smsd[943978]: INFO:root:mme non_eps_service_config is not SMS_ORC8R, sleeping.
Mar 10 16:38:27 localhost mobilityd[943896]: INFO:root:Using GW info: {'default': {2: ('172.16.4.1', 'eth0')}, 2: [('172.16.4.1', 'eth0', True)]}
Mar 10 16:38:27 localhost mobilityd[943896]: INFO:root:GW-v6 probe: timer started
Mar 10 16:38:27 localhost smsd[943978]: INFO:root:mme non_eps_service_config is not SMS_ORC8R, sleeping.
Mar 10 16:38:29 localhost sctpd[944152]: I0310 16:38:29.869613 944655 sctp_connection.cpp:167] HandleClientSock sd = 69
Mar 10 16:38:29 localhost sctpd[944152]: I0310 16:38:29.869717 944655 sctp_connection.cpp:220] [sd:69] msg of len 42 on 3768:0
Mar 10 16:38:29 localhost sctpd[944152]: I0310 16:38:29.871690 944650 sctpd_downlink_impl.cpp:76] SctpdDownlinkImpl::SendDl starting
Mar 10 16:38:29 localhost sctpd[944152]: I0310 16:38:29.872282 944655 sctp_connection.cpp:167] HandleClientSock sd = 69
Mar 10 16:38:29 localhost sctpd[944152]: I0310 16:38:29.872349 944655 sctp_connection.cpp:193] Unhandled notification type 32777
Mar 10 16:38:29 localhost sctpd[944152]: I0310 16:38:29.984470 944655 sctp_connection.cpp:167] HandleClientSock sd = 69
Mar 10 16:38:29 localhost sctpd[944152]: I0310 16:38:29.984589 944655 sctp_connection.cpp:220] [sd:69] msg of len 42 on 3768:0
Mar 10 16:38:29 localhost sctpd[944152]: I0310 16:38:29.986580 944650 sctpd_downlink_impl.cpp:76] SctpdDownlinkImpl::SendDl starting
Mar 10 16:38:30 localhost sctpd[944152]: I0310 16:38:30.098567 944655 sctp_connection.cpp:167] HandleClientSock sd = 69
Mar 10 16:38:30 localhost sctpd[944152]: I0310 16:38:30.098657 944655 sctp_connection.cpp:193] Unhandled notification type 32777
Mar 10 16:38:30 localhost sctpd[944152]: I0310 16:38:30.098676 944655 sctp_connection.cpp:167] HandleClientSock sd = 69
Mar 10 16:38:30 localhost sctpd[944152]: I0310 16:38:30.098698 944655 sctp_connection.cpp:220] [sd:69] msg of len 83 on 3768:1
Mar 10 16:38:30 localhost sctpd[944152]: I0310 16:38:30.113430 944650 sctpd_downlink_impl.cpp:76] SctpdDownlinkImpl::SendDl starting
Mar 10 16:38:30 localhost sctpd[944152]: I0310 16:38:30.217406 944655 sctp_connection.cpp:167] HandleClientSock sd = 69
Mar 10 16:38:30 localhost sctpd[944152]: I0310 16:38:30.217510 944655 sctp_connection.cpp:193] Unhandled notification type 32777
Mar 10 16:38:30 localhost sctpd[944152]: I0310 16:38:30.217559 944655 sctp_connection.cpp:167] HandleClientSock sd = 69
Mar 10 16:38:30 localhost sctpd[944152]: I0310 16:38:30.217583 944655 sctp_connection.cpp:220] [sd:69] msg of len 67 on 3768:1
Mar 10 16:38:30 localhost sctpd[944152]: I0310 16:38:30.222311 944650 sctpd_downlink_impl.cpp:76] SctpdDownlinkImpl::SendDl starting
Mar 10 16:38:30 localhost sctpd[944152]: I0310 16:38:30.340767 944655 sctp_connection.cpp:167] HandleClientSock sd = 69
Mar 10 16:38:30 localhost sctpd[944152]: I0310 16:38:30.340878 944655 sctp_connection.cpp:193] Unhandled notification type 32777
Mar 10 16:38:30 localhost sctpd[944152]: I0310 16:38:30.340898 944655 sctp_connection.cpp:167] HandleClientSock sd = 69
Mar 10 16:38:30 localhost sctpd[944152]: I0310 16:38:30.340920 944655 sctp_connection.cpp:220] [sd:69] msg of len 56 on 3768:1
Mar 10 16:38:30 localhost mme[944598]: [DEBUG] Sending S6A-UPDATE_LOCATION_REQUEST with IMSI: 222700000000001
Mar 10 16:38:30 localhost sctpd[944152]: I0310 16:38:30.346577 944650 sctpd_downlink_impl.cpp:76] SctpdDownlinkImpl::SendDl starting
Mar 10 16:38:30 localhost mme[944598]: [INFO] Received S6A-LOCATION-UPDATE_ANSWER for IMSI: 222700000000001; Status: ; StatusCode: 2001
Mar 10 16:38:30 localhost mme[944598]: [INFO] sent itti S6A-LOCATION-UPDATE_ANSWER for IMSI: 222700000000001
Mar 10 16:38:30 localhost sctpd[944152]: I0310 16:38:30.551470 944655 sctp_connection.cpp:167] HandleClientSock sd = 69
Mar 10 16:38:30 localhost sctpd[944152]: I0310 16:38:30.551564 944655 sctp_connection.cpp:193] Unhandled notification type 32777
Mar 10 16:38:31 localhost dhclient[601]: DHCPREQUEST for 172.16.5.121 on eth1 to 172.16.5.2 port 67 (xid=0x4b4058b5)
Mar 10 16:38:32 localhost smsd[943978]: INFO:root:mme non_eps_service_config is not SMS_ORC8R, sleeping.
Mar 10 16:38:32 localhost dnsmasq-dhcp[944055]: DHCPDISCOVER(eth1) fa:16:3e:2a:89:3f 
Mar 10 16:38:32 localhost dnsmasq-dhcp[944055]: DHCPOFFER(eth1) 172.16.7.251 fa:16:3e:2a:89:3f 
Mar 10 16:38:33 localhost sctpd[944152]: I0310 16:38:33.751243 944650 sctpd_downlink_impl.cpp:76] SctpdDownlinkImpl::SendDl starting
Mar 10 16:38:36 localhost mme[944598]: [DEBUG] Sending S6A-UPDATE_LOCATION_REQUEST with IMSI: 222700000000001
Mar 10 16:38:36 localhost sctpd[944152]: I0310 16:38:36.350490 944650 sctpd_downlink_impl.cpp:76] SctpdDownlinkImpl::SendDl starting
Mar 10 16:38:36 localhost mme[944598]: [INFO] Received S6A-LOCATION-UPDATE_ANSWER for IMSI: 222700000000001; Status: ; StatusCode: 2001
Mar 10 16:38:36 localhost mme[944598]: [INFO] sent itti S6A-LOCATION-UPDATE_ANSWER for IMSI: 222700000000001
Mar 10 16:38:36 localhost sctpd[944152]: I0310 16:38:36.555397 944655 sctp_connection.cpp:167] HandleClientSock sd = 69
Mar 10 16:38:36 localhost sctpd[944152]: I0310 16:38:36.555508 944655 sctp_connection.cpp:193] Unhandled notification type 32777
Mar 10 16:38:37 localhost smsd[943978]: INFO:root:mme non_eps_service_config is not SMS_ORC8R, sleeping.
Mar 10 16:38:40 localhost sctpd[944152]: I0310 16:38:40.452040 944655 sctp_connection.cpp:167] HandleClientSock sd = 69
Mar 10 16:38:40 localhost sctpd[944152]: I0310 16:38:40.452153 944655 sctp_connection.cpp:220] [sd:69] msg of len 56 on 3768:1
Mar 10 16:38:40 localhost magmad[943817]: INFO:root:Setting logging level to INFO
Mar 10 16:38:40 localhost dnsmasq-dhcp[944055]: DHCPDISCOVER(eth1) fa:16:3e:2a:89:3f 
Mar 10 16:38:40 localhost dnsmasq-dhcp[944055]: DHCPOFFER(eth1) 172.16.7.251 fa:16:3e:2a:89:3f 
Mar 10 16:38:42 localhost smsd[943978]: INFO:root:mme non_eps_service_config is not SMS_ORC8R, sleeping.
Mar 10 16:38:47 localhost mobilityd[943896]: INFO:root:Using GW info: {'default': {2: ('172.16.4.1', 'eth0')}, 2: [('172.16.4.1', 'eth0', True)]}
Mar 10 16:38:47 localhost mobilityd[943896]: INFO:root:GW-v6 probe: timer started
Mar 10 16:38:47 localhost smsd[943978]: INFO:root:mme non_eps_service_config is not SMS_ORC8R, sleeping.
Mar 10 16:38:47 localhost sctpd[944152]: I0310 16:38:47.791405 944655 sctp_connection.cpp:167] HandleClientSock sd = 69
Mar 10 16:38:47 localhost sctpd[944152]: I0310 16:38:47.791503 944655 sctp_connection.cpp:185] SCTP_SHUTDOWN_EVENT received
Mar 10 16:38:47 localhost sctpd[944152]: I0310 16:38:47.791517 944655 sctp_connection.cpp:280] Sending close connection for assoc_id 3768
Mar 10 16:38:47 localhost dhclient[601]: DHCPREQUEST for 172.16.5.121 on eth1 to 172.16.5.2 port 67 (xid=0x4b4058b5)
Mar 10 16:38:48 localhost control_proxy[944547]: 2022-03-10T16:38:48.217Z [127.0.0.1 -> state-controller.magmasi.wavelabs.in,8443] "POST /magma.orc8r.StateService/ReportStates HTTP/2" 200 5bytes 0.517s
Mar 10 16:38:49 localhost sctpd[944152]: I0310 16:38:49.759310 944650 sctpd_downlink_impl.cpp:76] SctpdDownlinkImpl::SendDl starting
Mar 10 16:38:51 localhost dnsmasq-dhcp[944055]: DHCPDISCOVER(eth1) fa:16:3e:2a:89:3f 
Mar 10 16:38:51 localhost dnsmasq-dhcp[944055]: DHCPOFFER(eth1) 172.16.7.251 fa:16:3e:2a:89:3f 
Mar 10 16:38:52 localhost smsd[943978]: INFO:root:mme non_eps_service_config is not SMS_ORC8R, sleeping.
Mar 10 16:38:56 localhost dhclient[601]: DHCPREQUEST for 172.16.5.121 on eth1 to 172.16.5.2 port 67 (xid=0x4b4058b5)
Mar 10 16:38:56 localhost sctpd[944152]: I0310 16:38:56.903182 944655 sctp_connection.cpp:167] HandleClientSock sd = 70
Mar 10 16:38:56 localhost sctpd[944152]: I0310 16:38:56.903296 944655 sctp_connection.cpp:189] SCTP association change event received
Mar 10 16:38:56 localhost sctpd[944152]: I0310 16:38:56.904070 944655 sctp_connection.cpp:167] HandleClientSock sd = 70
Mar 10 16:38:56 localhost sctpd[944152]: I0310 16:38:56.904106 944655 sctp_connection.cpp:193] Unhandled notification type 32776
Mar 10 16:38:57 localhost smsd[943978]: INFO:root:mme non_eps_service_config is not SMS_ORC8R, sleeping.
Mar 10 16:38:59 localhost control_proxy[944547]: 2022-03-10T16:38:59.328Z [127.0.0.1 -> state-controller.magmasi.wavelabs.in,8443] "POST /magma.orc8r.StateService/ReportStates HTTP/2" 200 5bytes 0.516s
Mar 10 16:38:59 localhost magmad[943817]: INFO:root:Checkin Successful! Successfully sent states to the cloud!
Mar 10 16:39:02 localhost smsd[943978]: INFO:root:mme non_eps_service_config is not SMS_ORC8R, sleeping.
Mar 10 16:39:04 localhost dnsmasq-dhcp[944055]: DHCPDISCOVER(eth1) fa:16:3e:2a:89:3f 
Mar 10 16:39:04 localhost dnsmasq-dhcp[944055]: DHCPOFFER(eth1) 172.16.7.251 fa:16:3e:2a:89:3f 
Mar 10 16:39:05 localhost sctpd[944152]: I0310 16:39:05.765724 944157 sctpd_downlink_impl.cpp:76] SctpdDownlinkImpl::SendDl starting
Mar 10 16:39:06 localhost sctpd[944152]: I0310 16:39:06.583344 944655 sctp_connection.cpp:167] HandleClientSock sd = 70
Mar 10 16:39:06 localhost sctpd[944152]: I0310 16:39:06.583454 944655 sctp_connection.cpp:220] [sd:70] msg of len 42 on 3769:0
Mar 10 16:39:06 localhost sctpd[944152]: I0310 16:39:06.585264 944157 sctpd_downlink_impl.cpp:76] SctpdDownlinkImpl::SendDl starting
Mar 10 16:39:06 localhost sctpd[944152]: I0310 16:39:06.585750 944655 sctp_connection.cpp:167] HandleClientSock sd = 70
Mar 10 16:39:06 localhost sctpd[944152]: I0310 16:39:06.585812 944655 sctp_connection.cpp:193] Unhandled notification type 32777
Mar 10 16:39:06 localhost sctpd[944152]: I0310 16:39:06.700816 944655 sctp_connection.cpp:167] HandleClientSock sd = 70
Mar 10 16:39:06 localhost sctpd[944152]: I0310 16:39:06.700930 944655 sctp_connection.cpp:220] [sd:70] msg of len 42 on 3769:0
Mar 10 16:39:06 localhost sctpd[944152]: I0310 16:39:06.702833 944157 sctpd_downlink_impl.cpp:76] SctpdDownlinkImpl::SendDl starting
Mar 10 16:39:06 localhost magmad[943817]: INFO:root:[SyncRPC] Got heartBeat from cloud
Mar 10 16:39:06 localhost sctpd[944152]: I0310 16:39:06.823446 944655 sctp_connection.cpp:167] HandleClientSock sd = 70
Mar 10 16:39:06 localhost sctpd[944152]: I0310 16:39:06.823554 944655 sctp_connection.cpp:193] Unhandled notification type 32777
Mar 10 16:39:06 localhost sctpd[944152]: I0310 16:39:06.823575 944655 sctp_connection.cpp:167] HandleClientSock sd = 70
Mar 10 16:39:06 localhost sctpd[944152]: I0310 16:39:06.823597 944655 sctp_connection.cpp:220] [sd:70] msg of len 88 on 3769:1
Mar 10 16:39:06 localhost sctpd[944152]: I0310 16:39:06.838586 944157 sctpd_downlink_impl.cpp:76] SctpdDownlinkImpl::SendDl starting
Mar 10 16:39:06 localhost sctpd[944152]: I0310 16:39:06.932307 944655 sctp_connection.cpp:167] HandleClientSock sd = 70
Mar 10 16:39:06 localhost sctpd[944152]: I0310 16:39:06.932402 944655 sctp_connection.cpp:193] Unhandled notification type 32777
Mar 10 16:39:06 localhost sctpd[944152]: I0310 16:39:06.932422 944655 sctp_connection.cpp:167] HandleClientSock sd = 70
Mar 10 16:39:06 localhost sctpd[944152]: I0310 16:39:06.932444 944655 sctp_connection.cpp:220] [sd:70] msg of len 67 on 3769:1
Mar 10 16:39:06 localhost sctpd[944152]: I0310 16:39:06.937068 944157 sctpd_downlink_impl.cpp:76] SctpdDownlinkImpl::SendDl starting
Mar 10 16:39:07 localhost sctpd[944152]: I0310 16:39:07.047421 944655 sctp_connection.cpp:167] HandleClientSock sd = 70
Mar 10 16:39:07 localhost sctpd[944152]: I0310 16:39:07.047519 944655 sctp_connection.cpp:193] Unhandled notification type 32777
Mar 10 16:39:07 localhost sctpd[944152]: I0310 16:39:07.047538 944655 sctp_connection.cpp:167] HandleClientSock sd = 70
Mar 10 16:39:07 localhost sctpd[944152]: I0310 16:39:07.047560 944655 sctp_connection.cpp:220] [sd:70] msg of len 56 on 3769:1
Mar 10 16:39:07 localhost mme[944598]: [DEBUG] Sending S6A-UPDATE_LOCATION_REQUEST with IMSI: 222700000000001
Mar 10 16:39:07 localhost sctpd[944152]: I0310 16:39:07.053858 944157 sctpd_downlink_impl.cpp:76] SctpdDownlinkImpl::SendDl starting
Mar 10 16:39:07 localhost mme[944598]: [INFO] Received S6A-LOCATION-UPDATE_ANSWER for IMSI: 222700000000001; Status: ; StatusCode: 2001
Mar 10 16:39:07 localhost mme[944598]: [INFO] sent itti S6A-LOCATION-UPDATE_ANSWER for IMSI: 222700000000001
Mar 10 16:39:07 localhost sctpd[944152]: I0310 16:39:07.163376 944655 sctp_connection.cpp:167] HandleClientSock sd = 70
Mar 10 16:39:07 localhost sctpd[944152]: I0310 16:39:07.163467 944655 sctp_connection.cpp:193] Unhandled notification type 32777
Mar 10 16:39:07 localhost sctpd[944152]: I0310 16:39:07.163486 944655 sctp_connection.cpp:167] HandleClientSock sd = 70
Mar 10 16:39:07 localhost sctpd[944152]: I0310 16:39:07.163507 944655 sctp_connection.cpp:220] [sd:70] msg of len 22 on 3769:1
Mar 10 16:39:07 localhost mobilityd[943896]: INFO:root:Using GW info: {'default': {2: ('172.16.4.1', 'eth0')}, 2: [('172.16.4.1', 'eth0', True)]}
Mar 10 16:39:07 localhost mobilityd[943896]: INFO:root:GW-v6 probe: timer started
Mar 10 16:39:07 localhost sctpd[944152]: I0310 16:39:07.366894 944655 sctp_connection.cpp:167] HandleClientSock sd = 70
Mar 10 16:39:07 localhost sctpd[944152]: I0310 16:39:07.367015 944655 sctp_connection.cpp:220] [sd:70] msg of len 56 on 3769:1
Mar 10 16:39:07 localhost smsd[943978]: INFO:root:mme non_eps_service_config is not SMS_ORC8R, sleeping.
Mar 10 16:39:07 localhost control_proxy[944547]: 2022-03-10T16:38:07.680Z [127.0.0.1 -> streamer-controller.magmasi.wavelabs.in,8443] "POST /magma.orc8r.Streamer/GetUpdates HTTP/2" 200 0bytes 60.260s
Mar 10 16:39:07 localhost magmad[943817]: ERROR:root:Error! Streaming from the cloud failed! [StatusCode.ABORTED] error while streaming updates: rpc error: code = DeadlineExceeded desc = context deadline exceeded
Mar 10 16:39:08 localhost sctpd[944152]: I0310 16:39:08.333117 944655 sctp_connection.cpp:167] HandleClientSock sd = 70
Mar 10 16:39:08 localhost sctpd[944152]: I0310 16:39:08.333281 944655 sctp_connection.cpp:220] [sd:70] msg of len 70 on 3769:1
Mar 10 16:39:09 localhost dhclient[601]: DHCPREQUEST for 172.16.5.121 on eth1 to 172.16.5.2 port 67 (xid=0x4b4058b5)
Mar 10 16:39:09 localhost magmad[943817]: ERROR:root:Metrics upload error for service subscriberdb (chunk 0)! [StatusCode.DEADLINE_EXCEEDED] Deadline Exceeded
Mar 10 16:39:09 localhost magmad[943817]: ERROR:root:Metrics upload error for service mobilityd (chunk 0)! [StatusCode.DEADLINE_EXCEEDED] Deadline Exceeded
Mar 10 16:39:09 localhost magmad[943817]: ERROR:root:Metrics upload error for service mme (chunk 0)! [StatusCode.DEADLINE_EXCEEDED] Deadline Exceeded
Mar 10 16:39:09 localhost control_proxy[944547]: 2022-03-10T16:39:09.347Z [127.0.0.1 -> streamer-controller.magmasi.wavelabs.in,8443] "POST /magma.orc8r.Streamer/GetUpdates HTTP/2" 200 91bytes 0.286s
Mar 10 16:39:09 localhost policydb[943956]: INFO:root:Processing 2 policy updates (resync=True)
Mar 10 16:39:09 localhost magmad[943817]: ERROR:root:Metrics upload error for service magmad (chunk 0)! [StatusCode.DEADLINE_EXCEEDED] Deadline Exceeded
Mar 10 16:39:09 localhost magmad[943817]: ERROR:root:Metrics upload error for service enodebd (chunk 0)! [StatusCode.DEADLINE_EXCEEDED] Deadline Exceeded
Mar 10 16:39:09 localhost magmad[943817]: ERROR:root:Metrics upload error for service pipelined (chunk 0)! [StatusCode.DEADLINE_EXCEEDED] Deadline Exceeded
Mar 10 16:39:09 localhost magmad[943817]: ERROR:root:Metrics upload error for service state (chunk 0)! [StatusCode.DEADLINE_EXCEEDED] Deadline Exceeded
Mar 10 16:39:09 localhost magmad[943817]: ERROR:root:Metrics upload error for service sessiond (chunk 0)! [StatusCode.DEADLINE_EXCEEDED] Deadline Exceeded
Mar 10 16:39:09 localhost control_proxy[944547]: 2022-03-10T16:39:09.347Z [127.0.0.1 -> streamer-controller.magmasi.wavelabs.in,8443] "POST /magma.orc8r.Streamer/GetUpdates HTTP/2" 200 7bytes 0.276s
Mar 10 16:39:09 localhost policydb[943956]: INFO:root:Processing 0 basename -> policy updates
Mar 10 16:39:10 localhost control_proxy[944547]: 2022-03-10T16:39:09.347Z [127.0.0.1 -> streamer-controller.magmasi.wavelabs.in,8443] "POST /magma.orc8r.Streamer/GetUpdates HTTP/2" 200 5113bytes 0.302s
Mar 10 16:39:10 localhost policydb[943956]: INFO:root:Processing 222 SID -> apn -> policy updates
Mar 10 16:39:10 localhost control_proxy[944547]: 2022-03-10T16:39:10.226Z [127.0.0.1 -> streamer-controller.magmasi.wavelabs.in,8443] "POST /magma.orc8r.Streamer/GetUpdates HTTP/2" 200 7bytes 0.267s
Mar 10 16:39:10 localhost policydb[943956]: INFO:root:Processing 0 rating group updates
Mar 10 16:39:12 localhost smsd[943978]: INFO:root:mme non_eps_service_config is not SMS_ORC8R, sleeping.
Mar 10 16:39:12 localhost dnsmasq-dhcp[944055]: DHCPDISCOVER(eth1) fa:16:3e:2a:89:3f 
Mar 10 16:39:12 localhost dnsmasq-dhcp[944055]: DHCPOFFER(eth1) 172.16.7.251 fa:16:3e:2a:89:3f 
Mar 10 16:39:17 localhost smsd[943978]: INFO:root:mme non_eps_service_config is not SMS_ORC8R, sleeping.
Mar 10 16:39:20 localhost sctpd[944152]: I0310 16:39:20.731346 944655 sctp_connection.cpp:167] HandleClientSock sd = 70
Mar 10 16:39:20 localhost sctpd[944152]: I0310 16:39:20.731452 944655 sctp_connection.cpp:185] SCTP_SHUTDOWN_EVENT received
Mar 10 16:39:20 localhost sctpd[944152]: I0310 16:39:20.731464 944655 sctp_connection.cpp:280] Sending close connection for assoc_id 3769
Mar 10 16:39:21 localhost sessiond[943894]: I0310 16:39:21.776119 943894 SetMessageManagerHandler.cpp:142] Release request for session from IMSI: IMSI222700000000001 pdu_id 1
Mar 10 16:39:21 localhost mobilityd[943896]: INFO:root:Released IP 192.168.128.218 for sid IMSI222700000000001
Mar 10 16:39:22 localhost smsd[943978]: INFO:root:mme non_eps_service_config is not SMS_ORC8R, sleeping.
Mar 10 16:39:22 localhost dhclient[601]: DHCPREQUEST for 172.16.5.121 on eth1 to 172.16.5.2 port 67 (xid=0x4b4058b5)
Mar 10 16:39:23 localhost dnsmasq-dhcp[944055]: DHCPDISCOVER(eth1) fa:16:3e:2a:89:3f 
Mar 10 16:39:23 localhost dnsmasq-dhcp[944055]: DHCPOFFER(eth1) 172.16.7.251 fa:16:3e:2a:89:3f 
Mar 10 16:39:26 localhost eventd[943969]: DEBUG:root:Logging event: stream_name: "sessiond"
Mar 10 16:39:26 localhost eventd[943969]: event_type: "session_terminated"
Mar 10 16:39:26 localhost eventd[943969]: tag: "IMSI222700000000001"
Mar 10 16:39:26 localhost eventd[943969]: value: "{\"mac_addr\":\"\",\"user_location\":\"\",\"spgw_ip\":\"\",\"imei\":\"\",\"record_sequence_number\":1,\"pdp_end_time\":33,\"charging_rx\":0,\"duration\":33,\"ip_addr\":\"192.168.128.218\",\"monitoring_tx\":0,\"ipv6_addr\":\"\",\"msisdn\":\"\",\"apn\":\"default\",\"session_id\":\"IMSI222700000000001-351934\",\"list_of_service_data\":[],\"charging_characteristics\":\"\",\"total_tx\":0,\"cause_for_rec_closing\":0,\"imsi\":\"IMSI222700000000001\",\"total_rx\":0,\"monitoring_rx\":0,\"charging_tx\":0,\"pdp_start_time\":0}"
Mar 10 16:39:26 localhost eventd[943969]: ERROR:root:Connection to FluentBit failed: [Errno 111] Connection refused
Mar 10 16:39:26 localhost eventd[943969]: INFO:root:FluentBit (td-agent-bit) may not be enabled or configured correctly
Mar 10 16:39:26 localhost policydb[943956]: INFO:root:Terminating session: IMSI222700000000001-351934
Mar 10 16:39:26 localhost sessiond[943894]: I0310 16:39:26.787871 943909 SessionEvents.cpp:291] Could not log session_terminated event {"mac_addr":"","user_location":"","spgw_ip":"","imei":"","record_sequence_number":1,"pdp_end_time":33,"charging_rx":0,"duration":33,"ip_addr":"192.168.128.218","monitoring_tx":0,"ipv6_addr":"","msisdn":"","apn":"default","session_id":"IMSI222700000000001-351934","list_of_service_data":[],"charging_characteristics":"","total_tx":0,"cause_for_rec_closing":0,"imsi":"IMSI222700000000001","total_rx":0,"monitoring_rx":0,"charging_tx":0,"pdp_start_time":0}, Error Message: Could not connect to FluentBit locally, Details: [Errno 111] Connection refused
Mar 10 16:39:27 localhost mobilityd[943896]: INFO:root:Using GW info: {'default': {2: ('172.16.4.1', 'eth0')}, 2: [('172.16.4.1', 'eth0', True)]}
Mar 10 16:39:27 localhost mobilityd[943896]: INFO:root:GW-v6 probe: timer started
Mar 10 16:39:27 localhost smsd[943978]: INFO:root:mme non_eps_service_config is not SMS_ORC8R, sleeping.
Mar 10 16:39:30 localhost sctpd[944152]: I0310 16:39:30.072687 944655 sctp_connection.cpp:167] HandleClientSock sd = 71
Mar 10 16:39:30 localhost sctpd[944152]: I0310 16:39:30.072790 944655 sctp_connection.cpp:189] SCTP association change event received
Mar 10 16:39:30 localhost sctpd[944152]: I0310 16:39:30.073659 944655 sctp_connection.cpp:167] HandleClientSock sd = 71
Mar 10 16:39:30 localhost sctpd[944152]: I0310 16:39:30.073690 944655 sctp_connection.cpp:193] Unhandled notification type 32776
Mar 10 16:39:30 localhost sctpd[944152]: I0310 16:39:30.183434 944655 sctp_connection.cpp:167] HandleClientSock sd = 72
Mar 10 16:39:30 localhost sctpd[944152]: I0310 16:39:30.183528 944655 sctp_connection.cpp:189] SCTP association change event received
Mar 10 16:39:30 localhost sctpd[944152]: I0310 16:39:30.184337 944655 sctp_connection.cpp:167] HandleClientSock sd = 72
Mar 10 16:39:30 localhost sctpd[944152]: I0310 16:39:30.184399 944655 sctp_connection.cpp:193] Unhandled notification type 32776
Mar 10 16:39:31 localhost sctpd[944152]: I0310 16:39:31.239665 944655 sctp_connection.cpp:167] HandleClientSock sd = 71
Mar 10 16:39:31 localhost sctpd[944152]: I0310 16:39:31.239782 944655 sctp_connection.cpp:220] [sd:71] msg of len 42 on 3770:0
Mar 10 16:39:31 localhost sctpd[944152]: I0310 16:39:31.241920 944157 sctpd_downlink_impl.cpp:76] SctpdDownlinkImpl::SendDl starting
Mar 10 16:39:31 localhost sctpd[944152]: I0310 16:39:31.242549 944655 sctp_connection.cpp:167] HandleClientSock sd = 71
Mar 10 16:39:31 localhost sctpd[944152]: I0310 16:39:31.242610 944655 sctp_connection.cpp:193] Unhandled notification type 32777
Mar 10 16:39:31 localhost sctpd[944152]: I0310 16:39:31.349725 944655 sctp_connection.cpp:167] HandleClientSock sd = 72
Mar 10 16:39:31 localhost sctpd[944152]: I0310 16:39:31.349828 944655 sctp_connection.cpp:220] [sd:72] msg of len 42 on 3771:0
Mar 10 16:39:31 localhost sctpd[944152]: I0310 16:39:31.351707 944157 sctpd_downlink_impl.cpp:76] SctpdDownlinkImpl::SendDl starting
Mar 10 16:39:31 localhost sctpd[944152]: I0310 16:39:31.352356 944655 sctp_connection.cpp:167] HandleClientSock sd = 72
Mar 10 16:39:31 localhost sctpd[944152]: I0310 16:39:31.352444 944655 sctp_connection.cpp:193] Unhandled notification type 32777
Mar 10 16:39:31 localhost sctpd[944152]: I0310 16:39:31.463774 944655 sctp_connection.cpp:167] HandleClientSock sd = 72
Mar 10 16:39:31 localhost sctpd[944152]: I0310 16:39:31.463901 944655 sctp_connection.cpp:220] [sd:72] msg of len 88 on 3771:1
Mar 10 16:39:31 localhost sctpd[944152]: I0310 16:39:31.479249 944157 sctpd_downlink_impl.cpp:76] SctpdDownlinkImpl::SendDl starting
Mar 10 16:39:31 localhost sctpd[944152]: I0310 16:39:31.581238 944655 sctp_connection.cpp:167] HandleClientSock sd = 72
Mar 10 16:39:31 localhost sctpd[944152]: I0310 16:39:31.581339 944655 sctp_connection.cpp:193] Unhandled notification type 32777
Mar 10 16:39:31 localhost sctpd[944152]: I0310 16:39:31.581362 944655 sctp_connection.cpp:167] HandleClientSock sd = 72
Mar 10 16:39:31 localhost sctpd[944152]: I0310 16:39:31.581384 944655 sctp_connection.cpp:220] [sd:72] msg of len 67 on 3771:1
Mar 10 16:39:31 localhost sctpd[944152]: I0310 16:39:31.586181 944157 sctpd_downlink_impl.cpp:76] SctpdDownlinkImpl::SendDl starting
Mar 10 16:39:31 localhost sctpd[944152]: I0310 16:39:31.696470 944655 sctp_connection.cpp:167] HandleClientSock sd = 72
Mar 10 16:39:31 localhost sctpd[944152]: I0310 16:39:31.696579 944655 sctp_connection.cpp:193] Unhandled notification type 32777
Mar 10 16:39:31 localhost sctpd[944152]: I0310 16:39:31.696599 944655 sctp_connection.cpp:167] HandleClientSock sd = 72
Mar 10 16:39:31 localhost sctpd[944152]: I0310 16:39:31.696621 944655 sctp_connection.cpp:220] [sd:72] msg of len 56 on 3771:1
Mar 10 16:39:31 localhost mme[944598]: [DEBUG] Sending S6A-UPDATE_LOCATION_REQUEST with IMSI: 222700000000001
Mar 10 16:39:31 localhost sctpd[944152]: I0310 16:39:31.703374 944157 sctpd_downlink_impl.cpp:76] SctpdDownlinkImpl::SendDl starting
Mar 10 16:39:31 localhost mme[944598]: [INFO] Received S6A-LOCATION-UPDATE_ANSWER for IMSI: 222700000000001; Status: ; StatusCode: 2001
Mar 10 16:39:31 localhost mme[944598]: [INFO] sent itti S6A-LOCATION-UPDATE_ANSWER for IMSI: 222700000000001
Mar 10 16:39:31 localhost sctpd[944152]: I0310 16:39:31.816167 944655 sctp_connection.cpp:167] HandleClientSock sd = 72
Mar 10 16:39:31 localhost sctpd[944152]: I0310 16:39:31.816251 944655 sctp_connection.cpp:193] Unhandled notification type 32777
Mar 10 16:39:31 localhost sctpd[944152]: I0310 16:39:31.816268 944655 sctp_connection.cpp:167] HandleClientSock sd = 72
Mar 10 16:39:31 localhost sctpd[944152]: I0310 16:39:31.816289 944655 sctp_connection.cpp:220] [sd:72] msg of len 22 on 3771:1
Mar 10 16:39:32 localhost sctpd[944152]: I0310 16:39:32.019088 944655 sctp_connection.cpp:167] HandleClientSock sd = 72
Mar 10 16:39:32 localhost sctpd[944152]: I0310 16:39:32.019204 944655 sctp_connection.cpp:220] [sd:72] msg of len 56 on 3771:1
Mar 10 16:39:32 localhost smsd[943978]: INFO:root:mme non_eps_service_config is not SMS_ORC8R, sleeping.
Mar 10 16:39:34 localhost sctpd[944152]: I0310 16:39:34.033789 944655 sctp_connection.cpp:167] HandleClientSock sd = 72
Mar 10 16:39:34 localhost sctpd[944152]: I0310 16:39:34.033919 944655 sctp_connection.cpp:220] [sd:72] msg of len 82 on 3771:1
Mar 10 16:39:34 localhost mobilityd[943896]: INFO:root:Allocating the same IP 192.168.128.218 for sid IMSI222700000000001.default,ipv4
Mar 10 16:39:34 localhost mobilityd[943896]: INFO:root:Allocated IP 192.168.128.218 for sid IMSI222700000000001 for apn default
Mar 10 16:39:34 localhost policydb[943956]: INFO:root:Creating a session for subscriber ID: IMSI222700000000001
Mar 10 16:39:34 localhost sessiond[943894]: I0310 16:39:34.055171 943894 SetMessageManagerHandler.cpp:342] Processing a CreateSessionResponse for IMSI222700000000001-840728
Mar 10 16:39:34 localhost sessiond[943894]: I0310 16:39:34.055295 943894 SessionState.cpp:2774] RuleID allowlist_sid-IMSI222700000000001-default doesn't have a version registered for IMSI222700000000001-840728, this is unexpected
Mar 10 16:39:34 localhost mme[944598]: PDUSessionResourceSetupRequestTransfer ::= {
Mar 10 16:39:34 localhost mme[944598]:     protocolIEs: ProtocolIE-Container ::= {
Mar 10 16:39:34 localhost mme[944598]:         PDUSessionResourceSetupRequestTransferIEs ::= {
Mar 10 16:39:34 localhost mme[944598]:             id: 130
Mar 10 16:39:34 localhost mme[944598]:             criticality: 0 (reject)
Mar 10 16:39:34 localhost mme[944598]:             value: PDUSessionAggregateMaximumBitRate ::= {
Mar 10 16:39:34 localhost mme[944598]:                 pDUSessionAggregateMaximumBitRateDL: 100000000
Mar 10 16:39:34 localhost mme[944598]:                 pDUSessionAggregateMaximumBitRateUL: 100000000
Mar 10 16:39:34 localhost mme[944598]:             }
Mar 10 16:39:34 localhost mme[944598]:         }
Mar 10 16:39:34 localhost mme[944598]:         PDUSessionResourceSetupRequestTransferIEs ::= {
Mar 10 16:39:34 localhost mme[944598]:             id: 139
Mar 10 16:39:34 localhost mme[944598]:             criticality: 0 (reject)
Mar 10 16:39:34 localhost mme[944598]:             value: GTPTunnel ::= {
Mar 10 16:39:34 localhost mme[944598]:                 transportLayerAddress: AC 10 05 79
Mar 10 16:39:34 localhost mme[944598]:                 gTP-TEID: 80 00 00 07
Mar 10 16:39:34 localhost mme[944598]:             }
Mar 10 16:39:34 localhost mme[944598]:         }
Mar 10 16:39:34 localhost mme[944598]:         PDUSessionResourceSetupRequestTransferIEs ::= {
Mar 10 16:39:34 localhost mme[944598]:             id: 134
Mar 10 16:39:34 localhost mme[944598]:             criticality: 0 (reject)
Mar 10 16:39:34 localhost mme[944598]:             value: 0 (ipv4)
Mar 10 16:39:34 localhost mme[944598]:         }
Mar 10 16:39:34 localhost mme[944598]:         PDUSessionResourceSetupRequestTransferIEs ::= {
Mar 10 16:39:34 localhost mme[944598]:             id: 136
Mar 10 16:39:34 localhost mme[944598]:             criticality: 0 (reject)
Mar 10 16:39:34 localhost mme[944598]:             value: QosFlowSetupRequestList ::= {
Mar 10 16:39:34 localhost mme[944598]:                 QosFlowSetupRequestItem ::= {
Mar 10 16:39:34 localhost mme[944598]:                     qosFlowIdentifier: 9
Mar 10 16:39:34 localhost mme[944598]:                     qosFlowLevelQosParameters: QosFlowLevelQosParameters ::= {
Mar 10 16:39:34 localhost mme[944598]:                         qosCharacteristics: NonDynamic5QIDescriptor ::= {
Mar 10 16:39:34 localhost mme[944598]:                             fiveQI: 9
Mar 10 16:39:34 localhost mme[944598]:                         }
Mar 10 16:39:34 localhost mme[944598]:                         allocationAndRetentionPriority: AllocationAndRetentionPriority ::= {
Mar 10 16:39:34 localhost mme[944598]:                             priorityLevelARP: 15
Mar 10 16:39:34 localhost mme[944598]:                             pre-emptionCapability: 0 (shall-not-trigger-pre-emption)
Mar 10 16:39:34 localhost mme[944598]:                             pre-emptionVulnerability: 0 (not-pre-emptable)
Mar 10 16:39:34 localhost mme[944598]:                         }
Mar 10 16:39:34 localhost mme[944598]:                     }
Mar 10 16:39:34 localhost mme[944598]:                 }
Mar 10 16:39:34 localhost mme[944598]:             }
Mar 10 16:39:34 localhost mme[944598]:         }
Mar 10 16:39:34 localhost mme[944598]:     }
Mar 10 16:39:34 localhost mme[944598]: }
Mar 10 16:39:34 localhost sctpd[944152]: I0310 16:39:34.060458 944157 sctpd_downlink_impl.cpp:76] SctpdDownlinkImpl::SendDl starting
Mar 10 16:39:34 localhost sctpd[944152]: I0310 16:39:34.153998 944655 sctp_connection.cpp:167] HandleClientSock sd = 72
Mar 10 16:39:34 localhost sctpd[944152]: I0310 16:39:34.154096 944655 sctp_connection.cpp:193] Unhandled notification type 32777
Mar 10 16:39:34 localhost sctpd[944152]: I0310 16:39:34.154116 944655 sctp_connection.cpp:167] HandleClientSock sd = 72
Mar 10 16:39:34 localhost sctpd[944152]: I0310 16:39:34.154139 944655 sctp_connection.cpp:220] [sd:72] msg of len 43 on 3771:1
Mar 10 16:39:34 localhost sessiond[943894]: I0310 16:39:34.156558 943894 SessionStateEnforcer.cpp:869]  AMF teid: 40000000 ip address 10.10.10.11 of imsi: IMSI222700000000001 fteid: 2147483655 pdu id: 1 UE ip address 192.168.128.218
Mar 10 16:39:34 localhost eventd[943969]: DEBUG:root:Logging event: stream_name: "sessiond"
Mar 10 16:39:34 localhost eventd[943969]: event_type: "session_created"
Mar 10 16:39:34 localhost eventd[943969]: tag: "IMSI222700000000001"
Mar 10 16:39:34 localhost eventd[943969]: value: "{\"mac_addr\":\"\",\"user_location\":\"\",\"spgw_ip\":\"\",\"imei\":\"\",\"pdp_start_time\":0,\"session_id\":\"IMSI222700000000001-840728\",\"apn\":\"default\",\"msisdn\":\"\",\"charging_characteristics\":\"\",\"ipv6_addr\":\"\",\"ip_addr\":\"192.168.128.218\",\"imsi\":\"IMSI222700000000001\"}"
Mar 10 16:39:34 localhost eventd[943969]: ERROR:root:Connection to FluentBit failed: [Errno 111] Connection refused
Mar 10 16:39:34 localhost eventd[943969]: INFO:root:FluentBit (td-agent-bit) may not be enabled or configured correctly
Mar 10 16:39:34 localhost sessiond[943894]: I0310 16:39:34.161551 943909 SessionEvents.cpp:131] Could not log session_created event {"mac_addr":"","user_location":"","spgw_ip":"","imei":"","pdp_start_time":0,"session_id":"IMSI222700000000001-840728","apn":"default","msisdn":"","charging_characteristics":"","ipv6_addr":"","ip_addr":"192.168.128.218","imsi":"IMSI222700000000001"}, Error Message: Could not connect to FluentBit locally, Details: [Errno 111] Connection refused
Mar 10 16:39:36 localhost sctpd[944152]: I0310 16:39:36.358611 944655 sctp_connection.cpp:167] HandleClientSock sd = 72
Mar 10 16:39:36 localhost sctpd[944152]: I0310 16:39:36.358717 944655 sctp_connection.cpp:220] [sd:72] msg of len 74 on 3771:1
Mar 10 16:39:36 localhost mme[944598]: InitiatingMessage ::= {
Mar 10 16:39:36 localhost mme[944598]:     procedureCode: 28
Mar 10 16:39:36 localhost mme[944598]:     criticality: 1 (ignore)
Mar 10 16:39:36 localhost mme[944598]:     value: PDUSessionResourceReleaseCommand ::= {
Mar 10 16:39:36 localhost mme[944598]:         protocolIEs: ProtocolIE-Container ::= {
Mar 10 16:39:36 localhost mme[944598]:             PDUSessionResourceReleaseCommandIEs ::= {
Mar 10 16:39:36 localhost mme[944598]:                 id: 10
Mar 10 16:39:36 localhost mme[944598]:                 criticality: 0 (reject)
Mar 10 16:39:36 localhost mme[944598]:                 value: 63
Mar 10 16:39:36 localhost mme[944598]:             }
Mar 10 16:39:36 localhost mme[944598]:             PDUSessionResourceReleaseCommandIEs ::= {
Mar 10 16:39:36 localhost mme[944598]:                 id: 85
Mar 10 16:39:36 localhost mme[944598]:                 criticality: 0 (reject)
Mar 10 16:39:36 localhost mme[944598]:                 value: 4294967295
Mar 10 16:39:36 localhost mme[944598]:             }
Mar 10 16:39:36 localhost mme[944598]:             PDUSessionResourceReleaseCommandIEs ::= {
Mar 10 16:39:36 localhost mme[944598]:                 id: 38
Mar 10 16:39:36 localhost mme[944598]:                 criticality: 0 (reject)
Mar 10 16:39:36 localhost mme[944598]:                 value:
Mar 10 16:39:36 localhost mme[944598]:                     7E 01 1F 56 A0 C5 03 7E 00 68 01 00 05 2E 01 01
Mar 10 16:39:36 localhost mme[944598]:                     D3 24 12 01
Mar 10 16:39:36 localhost mme[944598]:             }
Mar 10 16:39:36 localhost mme[944598]:             PDUSessionResourceReleaseCommandIEs ::= {
Mar 10 16:39:36 localhost mme[944598]:                 id: 79
Mar 10 16:39:36 localhost mme[944598]:                 criticality: 0 (reject)
Mar 10 16:39:36 localhost mme[944598]:                 value: PDUSessionResourceToReleaseListRelCmd ::= {
Mar 10 16:39:36 localhost mme[944598]:                 }
Mar 10 16:39:36 localhost mme[944598]:             }
Mar 10 16:39:36 localhost mme[944598]:         }
Mar 10 16:39:36 localhost mme[944598]:     }
Mar 10 16:39:36 localhost mme[944598]: }
Mar 10 16:39:36 localhost sctpd[944152]: I0310 16:39:36.363642 944157 sctpd_downlink_impl.cpp:76] SctpdDownlinkImpl::SendDl starting
Mar 10 16:39:36 localhost sctpd[944152]: I0310 16:39:36.413981 944655 sctp_connection.cpp:167] HandleClientSock sd = 72
Mar 10 16:39:36 localhost sctpd[944152]: I0310 16:39:36.414069 944655 sctp_connection.cpp:193] Unhandled notification type 32777
Mar 10 16:39:36 localhost sctpd[944152]: I0310 16:39:36.414088 944655 sctp_connection.cpp:167] HandleClientSock sd = 72
Mar 10 16:39:36 localhost sctpd[944152]: I0310 16:39:36.414109 944655 sctp_connection.cpp:220] [sd:72] msg of len 70 on 3771:1
Mar 10 16:39:37 localhost smsd[943978]: INFO:root:mme non_eps_service_config is not SMS_ORC8R, sleeping.
Mar 10 16:39:37 localhost dnsmasq-dhcp[944055]: DHCPDISCOVER(eth1) fa:16:3e:2a:89:3f 
Mar 10 16:39:37 localhost dnsmasq-dhcp[944055]: DHCPOFFER(eth1) 172.16.7.251 fa:16:3e:2a:89:3f 
Mar 10 16:39:41 localhost dhclient[601]: DHCPREQUEST for 172.16.5.121 on eth1 to 172.16.5.2 port 67 (xid=0x4b4058b5)
Mar 10 16:39:42 localhost smsd[943978]: INFO:root:mme non_eps_service_config is not SMS_ORC8R, sleeping.
Mar 10 16:39:45 localhost dnsmasq-dhcp[944055]: DHCPDISCOVER(eth1) fa:16:3e:2a:89:3f 
Mar 10 16:39:45 localhost dnsmasq-dhcp[944055]: DHCPOFFER(eth1) 172.16.7.251 fa:16:3e:2a:89:3f 
Mar 10 16:39:47 localhost mobilityd[943896]: INFO:root:Using GW info: {'default': {2: ('172.16.4.1', 'eth0')}, 2: [('172.16.4.1', 'eth0', True)]}
Mar 10 16:39:47 localhost mobilityd[943896]: INFO:root:GW-v6 probe: timer started
Mar 10 16:39:47 localhost smsd[943978]: INFO:root:mme non_eps_service_config is not SMS_ORC8R, sleeping.
Mar 10 16:39:52 localhost sctpd[944152]: I0310 16:39:52.374080 944157 sctpd_downlink_impl.cpp:76] SctpdDownlinkImpl::SendDl starting
Mar 10 16:39:52 localhost sctpd[944152]: I0310 16:39:52.575358 944655 sctp_connection.cpp:167] HandleClientSock sd = 72
Mar 10 16:39:52 localhost sctpd[944152]: I0310 16:39:52.575449 944655 sctp_connection.cpp:193] Unhandled notification type 32777
Mar 10 16:39:52 localhost smsd[943978]: INFO:root:mme non_eps_service_config is not SMS_ORC8R, sleeping.
Mar 10 16:39:56 localhost dnsmasq-dhcp[944055]: DHCPDISCOVER(eth1) fa:16:3e:2a:89:3f 
Mar 10 16:39:56 localhost dnsmasq-dhcp[944055]: DHCPOFFER(eth1) 172.16.7.251 fa:16:3e:2a:89:3f 
Mar 10 16:39:57 localhost smsd[943978]: INFO:root:mme non_eps_service_config is not SMS_ORC8R, sleeping.
Mar 10 16:40:00 localhost magmad[943817]: INFO:root:Setting logging level to INFO
Mar 10 16:40:01 localhost dhclient[601]: DHCPREQUEST for 172.16.5.121 on eth1 to 172.16.5.2 port 67 (xid=0x4b4058b5)
Mar 10 16:40:02 localhost smsd[943978]: INFO:root:mme non_eps_service_config is not SMS_ORC8R, sleeping.
Mar 10 16:40:06 localhost magmad[943817]: INFO:root:[SyncRPC] Got heartBeat from cloud
Mar 10 16:40:07 localhost mobilityd[943896]: INFO:root:Using GW info: {'default': {2: ('172.16.4.1', 'eth0')}, 2: [('172.16.4.1', 'eth0', True)]}
Mar 10 16:40:07 localhost mobilityd[943896]: INFO:root:GW-v6 probe: timer started
Mar 10 16:40:07 localhost smsd[943978]: INFO:root:mme non_eps_service_config is not SMS_ORC8R, sleeping.
Mar 10 16:40:08 localhost sctpd[944152]: I0310 16:40:08.387400 944650 sctpd_downlink_impl.cpp:76] SctpdDownlinkImpl::SendDl starting
Mar 10 16:40:08 localhost sctpd[944152]: I0310 16:40:08.591274 944655 sctp_connection.cpp:167] HandleClientSock sd = 72
Mar 10 16:40:08 localhost sctpd[944152]: I0310 16:40:08.591363 944655 sctp_connection.cpp:193] Unhandled notification type 32777
Mar 10 16:40:09 localhost dhclient[601]: DHCPREQUEST for 172.16.5.121 on eth1 to 172.16.5.2 port 67 (xid=0x4b4058b5)
Mar 10 16:40:09 localhost dnsmasq-dhcp[944055]: DHCPDISCOVER(eth1) fa:16:3e:2a:89:3f 
Mar 10 16:40:09 localhost dnsmasq-dhcp[944055]: DHCPOFFER(eth1) 172.16.7.251 fa:16:3e:2a:89:3f 
Mar 10 16:40:10 localhost control_proxy[944547]: 2022-03-10T16:40:10.537Z [127.0.0.1 -> streamer-controller.magmasi.wavelabs.in,8443] "POST /magma.orc8r.Streamer/GetUpdates HTTP/2" 200 91bytes 0.279s
Mar 10 16:40:10 localhost policydb[943956]: INFO:root:Processing 2 policy updates (resync=True)
Mar 10 16:40:11 localhost control_proxy[944547]: 2022-03-10T16:40:10.537Z [127.0.0.1 -> streamer-controller.magmasi.wavelabs.in,8443] "POST /magma.orc8r.Streamer/GetUpdates HTTP/2" 200 7bytes 0.276s
Mar 10 16:40:11 localhost policydb[943956]: INFO:root:Processing 0 basename -> policy updates
Mar 10 16:40:11 localhost control_proxy[944547]: 2022-03-10T16:40:11.100Z [127.0.0.1 -> streamer-controller.magmasi.wavelabs.in,8443] "POST /magma.orc8r.Streamer/GetUpdates HTTP/2" 200 5113bytes 0.288s
Mar 10 16:40:11 localhost policydb[943956]: INFO:root:Processing 222 SID -> apn -> policy updates
Mar 10 16:40:11 localhost control_proxy[944547]: 2022-03-10T16:40:11.100Z [127.0.0.1 -> streamer-controller.magmasi.wavelabs.in,8443] "POST /magma.orc8r.Streamer/GetUpdates HTTP/2" 200 7bytes 0.278s
Mar 10 16:40:11 localhost policydb[943956]: INFO:root:Processing 0 rating group updates
Mar 10 16:40:12 localhost smsd[943978]: INFO:root:mme non_eps_service_config is not SMS_ORC8R, sleeping.
Mar 10 16:40:17 localhost dnsmasq-dhcp[944055]: DHCPDISCOVER(eth1) fa:16:3e:2a:89:3f 
Mar 10 16:40:17 localhost dnsmasq-dhcp[944055]: DHCPOFFER(eth1) 172.16.7.251 fa:16:3e:2a:89:3f 
Mar 10 16:40:18 localhost smsd[943978]: INFO:root:mme non_eps_service_config is not SMS_ORC8R, sleeping.
Mar 10 16:40:18 localhost magmad[943817]: ERROR:root:Metrics upload error for service subscriberdb (chunk 0)! [StatusCode.DEADLINE_EXCEEDED] Deadline Exceeded
Mar 10 16:40:18 localhost magmad[943817]: ERROR:root:Metrics upload error for service mobilityd (chunk 0)! [StatusCode.DEADLINE_EXCEEDED] Deadline Exceeded
Mar 10 16:40:18 localhost magmad[943817]: ERROR:root:Metrics upload error for service mme (chunk 0)! [StatusCode.DEADLINE_EXCEEDED] Deadline Exceeded
Mar 10 16:40:18 localhost magmad[943817]: ERROR:root:Metrics upload error for service magmad (chunk 0)! [StatusCode.DEADLINE_EXCEEDED] Deadline Exceeded
Mar 10 16:40:18 localhost magmad[943817]: ERROR:root:Metrics upload error for service enodebd (chunk 0)! [StatusCode.DEADLINE_EXCEEDED] Deadline Exceeded
Mar 10 16:40:18 localhost magmad[943817]: ERROR:root:Metrics upload error for service pipelined (chunk 0)! [StatusCode.DEADLINE_EXCEEDED] Deadline Exceeded
Mar 10 16:40:18 localhost magmad[943817]: ERROR:root:Metrics upload error for service state (chunk 0)! [StatusCode.DEADLINE_EXCEEDED] Deadline Exceeded
Mar 10 16:40:18 localhost magmad[943817]: ERROR:root:Metrics upload error for service sessiond (chunk 0)! [StatusCode.DEADLINE_EXCEEDED] Deadline Exceeded
Mar 10 16:40:18 localhost magmad[943817]: INFO:root:Checking for upgrade...
Mar 10 16:40:18 localhost magmad[943817]: WARNING:root:magmad package_version config missing or set to default 0.0.0-0, skipping upgrade
Mar 10 16:40:19 localhost control_proxy[944547]: 2022-03-10T16:40:18.924Z [127.0.0.1 -> state-controller.magmasi.wavelabs.in,8443] "POST /magma.orc8r.StateService/ReportStates HTTP/2" 200 5bytes 0.520s
Mar 10 16:40:19 localhost magmad[943817]: INFO:root:Checkin Successful! Successfully sent states to the cloud!
Mar 10 16:40:19 localhost dhclient[601]: DHCPREQUEST for 172.16.5.121 on eth1 to 172.16.5.2 port 67 (xid=0x4b4058b5)
Mar 10 16:40:23 localhost smsd[943978]: INFO:root:mme non_eps_service_config is not SMS_ORC8R, sleeping.
Mar 10 16:40:24 localhost sctpd[944152]: I0310 16:40:24.403298 944650 sctpd_downlink_impl.cpp:76] SctpdDownlinkImpl::SendDl starting
Mar 10 16:40:24 localhost sctpd[944152]: I0310 16:40:24.607435 944655 sctp_connection.cpp:167] HandleClientSock sd = 72
Mar 10 16:40:24 localhost sctpd[944152]: I0310 16:40:24.607561 944655 sctp_connection.cpp:193] Unhandled notification type 32777
Mar 10 16:40:26 localhost dhclient[601]: DHCPREQUEST for 172.16.5.121 on eth1 to 172.16.5.2 port 67 (xid=0x4b4058b5)
Mar 10 16:40:27 localhost mobilityd[943896]: INFO:root:Using GW info: {'default': {2: ('172.16.4.1', 'eth0')}, 2: [('172.16.4.1', 'eth0', True)]}
Mar 10 16:40:27 localhost mobilityd[943896]: INFO:root:GW-v6 probe: timer started
Mar 10 16:40:28 localhost smsd[943978]: INFO:root:mme non_eps_service_config is not SMS_ORC8R, sleeping.
Mar 10 16:40:28 localhost dnsmasq-dhcp[944055]: DHCPDISCOVER(eth1) fa:16:3e:2a:89:3f 
Mar 10 16:40:28 localhost dnsmasq-dhcp[944055]: DHCPOFFER(eth1) 172.16.7.251 fa:16:3e:2a:89:3f 
Mar 10 16:40:33 localhost smsd[943978]: INFO:root:mme non_eps_service_config is not SMS_ORC8R, sleeping.
Mar 10 16:40:37 localhost dhclient[601]: DHCPREQUEST for 172.16.5.121 on eth1 to 172.16.5.2 port 67 (xid=0x4b4058b5)
Mar 10 16:40:38 localhost smsd[943978]: INFO:root:mme non_eps_service_config is not SMS_ORC8R, sleeping.
Mar 10 16:40:40 localhost sctpd[944152]: I0310 16:40:40.415510 944650 sctpd_downlink_impl.cpp:76] SctpdDownlinkImpl::SendDl starting
Mar 10 16:40:40 localhost sctpd[944152]: I0310 16:40:40.619252 944655 sctp_connection.cpp:167] HandleClientSock sd = 72
Mar 10 16:40:40 localhost sctpd[944152]: I0310 16:40:40.619347 944655 sctp_connection.cpp:193] Unhandled notification type 32777
Mar 10 16:40:41 localhost dnsmasq-dhcp[944055]: DHCPDISCOVER(eth1) fa:16:3e:2a:89:3f 
Mar 10 16:40:41 localhost dnsmasq-dhcp[944055]: DHCPOFFER(eth1) 172.16.7.251 fa:16:3e:2a:89:3f 
Mar 10 16:40:43 localhost smsd[943978]: INFO:root:mme non_eps_service_config is not SMS_ORC8R, sleeping.
Mar 10 16:40:45 localhost dhclient[601]: DHCPREQUEST for 172.16.5.121 on eth1 to 172.16.5.2 port 67 (xid=0x4b4058b5)
