Apr 15 17:01:46 localhost smsd[1080506]: INFO:root:mme non_eps_service_config is not SMS_ORC8R, sleeping.
Apr 15 17:01:46 localhost control_proxy[1080568]: 2022-04-15T17:00:45.765Z [127.0.0.1 -> streamer-controller.magmasi.wavelabs.in,8443] "POST /magma.orc8r.Streamer/GetUpdates HTTP/2" 200 0bytes 60.257s
Apr 15 17:01:46 localhost magmad[1080329]: ERROR:root:Error! Streaming from the cloud failed! [StatusCode.ABORTED] error while streaming updates: rpc error: code = DeadlineExceeded desc = context deadline exceeded
Apr 15 17:01:46 localhost sctpd[1080680]: I0415 17:01:46.801975 1081128 sctp_connection.cpp:195] Unhandled notification type 32777
Apr 15 17:01:47 localhost sctpd[1080680]: I0415 17:01:47.039932 1081128 sctp_connection.cpp:195] Unhandled notification type 32777
Apr 15 17:01:47 localhost magmad[1080329]: INFO:root:[SyncRPC] Got heartBeat from cloud
Apr 15 17:01:51 localhost smsd[1080506]: INFO:root:mme non_eps_service_config is not SMS_ORC8R, sleeping.
Apr 15 17:01:55 localhost dhclient[601]: DHCPREQUEST for 172.16.5.121 on eth1 to 172.16.5.2 port 67 (xid=0x1858e024)
Apr 15 17:01:56 localhost smsd[1080506]: INFO:root:mme non_eps_service_config is not SMS_ORC8R, sleeping.
Apr 15 17:02:01 localhost smsd[1080506]: INFO:root:mme non_eps_service_config is not SMS_ORC8R, sleeping.
Apr 15 17:02:05 localhost mobilityd[1080398]: INFO:root:Using GW info: {'default': {2: ('172.16.4.1', 'eth0')}, 2: [('172.16.4.1', 'eth0', True)]}
Apr 15 17:02:05 localhost mobilityd[1080398]: INFO:root:GW-v6 probe: timer started
Apr 15 17:02:06 localhost smsd[1080506]: INFO:root:mme non_eps_service_config is not SMS_ORC8R, sleeping.
Apr 15 17:02:07 localhost magmad[1080329]: ERROR:root:Metrics upload error for service subscriberdb (chunk 0)! [StatusCode.DEADLINE_EXCEEDED] Deadline Exceeded
Apr 15 17:02:07 localhost magmad[1080329]: ERROR:root:Metrics upload error for service mobilityd (chunk 0)! [StatusCode.DEADLINE_EXCEEDED] Deadline Exceeded
Apr 15 17:02:07 localhost magmad[1080329]: ERROR:root:Metrics upload error for service mme (chunk 0)! [StatusCode.DEADLINE_EXCEEDED] Deadline Exceeded
Apr 15 17:02:07 localhost magmad[1080329]: ERROR:root:Metrics upload error for service magmad (chunk 0)! [StatusCode.DEADLINE_EXCEEDED] Deadline Exceeded
Apr 15 17:02:08 localhost magmad[1080329]: ERROR:root:Metrics upload error for service enodebd (chunk 0)! [StatusCode.DEADLINE_EXCEEDED] Deadline Exceeded
Apr 15 17:02:08 localhost magmad[1080329]: ERROR:root:Metrics upload error for service pipelined (chunk 0)! [StatusCode.DEADLINE_EXCEEDED] Deadline Exceeded
Apr 15 17:02:08 localhost magmad[1080329]: ERROR:root:Metrics upload error for service state (chunk 0)! [StatusCode.DEADLINE_EXCEEDED] Deadline Exceeded
Apr 15 17:02:08 localhost magmad[1080329]: ERROR:root:Metrics upload error for service sessiond (chunk 0)! [StatusCode.DEADLINE_EXCEEDED] Deadline Exceeded
Apr 15 17:02:08 localhost sctpd[1080680]: I0415 17:02:08.804435 1081128 sctp_connection.cpp:195] Unhandled notification type 32776
Apr 15 17:02:08 localhost sctpd[1080680]: I0415 17:02:08.944480 1081128 sctp_connection.cpp:195] Unhandled notification type 32776
Apr 15 17:02:10 localhost sctpd[1080680]: I0415 17:02:10.018678 1081128 sctp_connection.cpp:195] Unhandled notification type 32777
Apr 15 17:02:10 localhost sctpd[1080680]: I0415 17:02:10.134316 1081128 sctp_connection.cpp:195] Unhandled notification type 32777
Apr 15 17:02:10 localhost sctpd[1080680]: I0415 17:02:10.383870 1081128 sctp_connection.cpp:195] Unhandled notification type 32777
Apr 15 17:02:10 localhost sctpd[1080680]: I0415 17:02:10.511227 1081128 sctp_connection.cpp:195] Unhandled notification type 32777
Apr 15 17:02:10 localhost mme[1081088]: [DEBUG] Sending S6A-UPDATE_LOCATION_REQUEST with IMSI: 222700000000001
Apr 15 17:02:10 localhost mme[1081088]: [INFO] Received S6A-LOCATION-UPDATE_ANSWER for IMSI: 222700000000001; Status: ; StatusCode: 2001
Apr 15 17:02:10 localhost mme[1081088]: [INFO] sent itti S6A-LOCATION-UPDATE_ANSWER for IMSI: 222700000000001
Apr 15 17:02:10 localhost sctpd[1080680]: I0415 17:02:10.570727 1081128 sctp_connection.cpp:195] Unhandled notification type 32777
Apr 15 17:02:11 localhost smsd[1080506]: INFO:root:mme non_eps_service_config is not SMS_ORC8R, sleeping.
Apr 15 17:02:12 localhost control_proxy[1080568]: 2022-04-15T17:02:11.689Z [127.0.0.1 -> streamer-controller.magmasi.wavelabs.in,8443] "POST /magma.orc8r.Streamer/GetUpdates HTTP/2" 200 173bytes 0.523s
Apr 15 17:02:12 localhost policydb[1080479]: INFO:root:Processing 4 policy updates (resync=True)
Apr 15 17:02:12 localhost control_proxy[1080568]: 2022-04-15T17:02:12.216Z [127.0.0.1 -> streamer-controller.magmasi.wavelabs.in,8443] "POST /magma.orc8r.Streamer/GetUpdates HTTP/2" 200 7bytes 0.270s
Apr 15 17:02:12 localhost policydb[1080479]: INFO:root:Processing 0 basename -> policy updates
Apr 15 17:02:12 localhost mobilityd[1080398]: INFO:root:Allocated IP 192.168.128.162 for sid IMSI222700000000001 for apn default
Apr 15 17:02:12 localhost policydb[1080479]: INFO:root:Creating a session for subscriber ID: IMSI222700000000001
Apr 15 17:02:12 localhost sessiond[1080406]: I0415 17:02:12.764297 1080406 SetMessageManagerHandler.cpp:342] Processing a CreateSessionResponse for IMSI222700000000001-704204
Apr 15 17:02:12 localhost sessiond[1080406]: I0415 17:02:12.765648 1080406 SessionState.cpp:2774] RuleID allowlist_sid-IMSI222700000000001-default doesn't have a version registered for IMSI222700000000001-704204, this is unexpected
Apr 15 17:02:12 localhost mme[1081088]: PDUSessionResourceSetupRequestTransfer ::= {
Apr 15 17:02:12 localhost mme[1081088]:     protocolIEs: ProtocolIE-Container ::= {
Apr 15 17:02:12 localhost mme[1081088]:         PDUSessionResourceSetupRequestTransferIEs ::= {
Apr 15 17:02:12 localhost mme[1081088]:             id: 130
Apr 15 17:02:12 localhost mme[1081088]:             criticality: 0 (reject)
Apr 15 17:02:12 localhost mme[1081088]:             value: PDUSessionAggregateMaximumBitRate ::= {
Apr 15 17:02:12 localhost mme[1081088]:                 pDUSessionAggregateMaximumBitRateDL: 100000000
Apr 15 17:02:12 localhost mme[1081088]:                 pDUSessionAggregateMaximumBitRateUL: 100000000
Apr 15 17:02:12 localhost mme[1081088]:             }
Apr 15 17:02:12 localhost mme[1081088]:         }
Apr 15 17:02:12 localhost mme[1081088]:         PDUSessionResourceSetupRequestTransferIEs ::= {
Apr 15 17:02:12 localhost mme[1081088]:             id: 139
Apr 15 17:02:12 localhost mme[1081088]:             criticality: 0 (reject)
Apr 15 17:02:12 localhost mme[1081088]:             value: GTPTunnel ::= {
Apr 15 17:02:12 localhost mme[1081088]:                 transportLayerAddress: AC 10 05 79
Apr 15 17:02:12 localhost mme[1081088]:                 gTP-TEID: 80 00 00 05
Apr 15 17:02:12 localhost mme[1081088]:             }
Apr 15 17:02:12 localhost mme[1081088]:         }
Apr 15 17:02:12 localhost mme[1081088]:         PDUSessionResourceSetupRequestTransferIEs ::= {
Apr 15 17:02:12 localhost mme[1081088]:             id: 134
Apr 15 17:02:12 localhost mme[1081088]:             criticality: 0 (reject)
Apr 15 17:02:12 localhost mme[1081088]:             value: 0 (ipv4)
Apr 15 17:02:12 localhost mme[1081088]:         }
Apr 15 17:02:12 localhost mme[1081088]:         PDUSessionResourceSetupRequestTransferIEs ::= {
Apr 15 17:02:12 localhost mme[1081088]:             id: 136
Apr 15 17:02:12 localhost mme[1081088]:             criticality: 0 (reject)
Apr 15 17:02:12 localhost mme[1081088]:             value: QosFlowSetupRequestList ::= {
Apr 15 17:02:12 localhost mme[1081088]:                 QosFlowSetupRequestItem ::= {
Apr 15 17:02:12 localhost mme[1081088]:                     qosFlowIdentifier: 9
Apr 15 17:02:12 localhost mme[1081088]:                     qosFlowLevelQosParameters: QosFlowLevelQosParameters ::= {
Apr 15 17:02:12 localhost mme[1081088]:                         qosCharacteristics: NonDynamic5QIDescriptor ::= {
Apr 15 17:02:12 localhost mme[1081088]:                             fiveQI: 9
Apr 15 17:02:12 localhost mme[1081088]:                         }
Apr 15 17:02:12 localhost mme[1081088]:                         allocationAndRetentionPriority: AllocationAndRetentionPriority ::= {
Apr 15 17:02:12 localhost mme[1081088]:                             priorityLevelARP: 15
Apr 15 17:02:12 localhost mme[1081088]:                             pre-emptionCapability: 0 (shall-not-trigger-pre-emption)
Apr 15 17:02:12 localhost mme[1081088]:                             pre-emptionVulnerability: 0 (not-pre-emptable)
Apr 15 17:02:12 localhost mme[1081088]:                         }
Apr 15 17:02:12 localhost mme[1081088]:                     }
Apr 15 17:02:12 localhost mme[1081088]:                 }
Apr 15 17:02:12 localhost mme[1081088]:             }
Apr 15 17:02:12 localhost mme[1081088]:         }
Apr 15 17:02:12 localhost mme[1081088]:     }
Apr 15 17:02:12 localhost mme[1081088]: }
Apr 15 17:02:12 localhost control_proxy[1080568]: 2022-04-15T17:02:12.216Z [127.0.0.1 -> streamer-controller.magmasi.wavelabs.in,8443] "POST /magma.orc8r.Streamer/GetUpdates HTTP/2" 200 13513bytes 0.312s
Apr 15 17:02:12 localhost policydb[1080479]: INFO:root:Processing 222 SID -> apn -> policy updates
Apr 15 17:02:12 localhost sctpd[1080680]: I0415 17:02:12.973592 1081128 sctp_connection.cpp:195] Unhandled notification type 32777
Apr 15 17:02:13 localhost control_proxy[1080568]: 2022-04-15T17:02:12.216Z [127.0.0.1 -> streamer-controller.magmasi.wavelabs.in,8443] "POST /magma.orc8r.Streamer/GetUpdates HTTP/2" 200 7bytes 0.264s
Apr 15 17:02:13 localhost policydb[1080479]: INFO:root:Processing 0 rating group updates
Apr 15 17:02:15 localhost mme[1081088]: InitiatingMessage ::= {
Apr 15 17:02:15 localhost mme[1081088]:     procedureCode: 28
Apr 15 17:02:15 localhost mme[1081088]:     criticality: 1 (ignore)
Apr 15 17:02:15 localhost mme[1081088]:     value: PDUSessionResourceReleaseCommand ::= {
Apr 15 17:02:15 localhost mme[1081088]:         protocolIEs: ProtocolIE-Container ::= {
Apr 15 17:02:15 localhost mme[1081088]:             PDUSessionResourceReleaseCommandIEs ::= {
Apr 15 17:02:15 localhost mme[1081088]:                 id: 10
Apr 15 17:02:15 localhost mme[1081088]:                 criticality: 0 (reject)
Apr 15 17:02:15 localhost mme[1081088]:                 value: 52
Apr 15 17:02:15 localhost mme[1081088]:             }
Apr 15 17:02:15 localhost mme[1081088]:             PDUSessionResourceReleaseCommandIEs ::= {
Apr 15 17:02:15 localhost mme[1081088]:                 id: 85
Apr 15 17:02:15 localhost mme[1081088]:                 criticality: 0 (reject)
Apr 15 17:02:15 localhost mme[1081088]:                 value: 4294967295
Apr 15 17:02:15 localhost mme[1081088]:             }
Apr 15 17:02:15 localhost mme[1081088]:             PDUSessionResourceReleaseCommandIEs ::= {
Apr 15 17:02:15 localhost mme[1081088]:                 id: 38
Apr 15 17:02:15 localhost mme[1081088]:                 criticality: 0 (reject)
Apr 15 17:02:15 localhost mme[1081088]:                 value:
Apr 15 17:02:15 localhost mme[1081088]:                     7E 01 85 48 26 26 03 7E 00 68 01 00 05 2E 01 01
Apr 15 17:02:15 localhost mme[1081088]:                     D3 24 12 01
Apr 15 17:02:15 localhost mme[1081088]:             }
Apr 15 17:02:15 localhost mme[1081088]:             PDUSessionResourceReleaseCommandIEs ::= {
Apr 15 17:02:15 localhost mme[1081088]:                 id: 79
Apr 15 17:02:15 localhost mme[1081088]:                 criticality: 0 (reject)
Apr 15 17:02:15 localhost mme[1081088]:                 value: PDUSessionResourceToReleaseListRelCmd ::= {
Apr 15 17:02:15 localhost mme[1081088]:                 }
Apr 15 17:02:15 localhost mme[1081088]:             }
Apr 15 17:02:15 localhost mme[1081088]:         }
Apr 15 17:02:15 localhost mme[1081088]:     }
Apr 15 17:02:15 localhost mme[1081088]: }
Apr 15 17:02:15 localhost sctpd[1080680]: I0415 17:02:15.301841 1081128 sctp_connection.cpp:195] Unhandled notification type 32777
Apr 15 17:02:15 localhost dhclient[601]: DHCPREQUEST for 172.16.5.121 on eth1 to 172.16.5.2 port 67 (xid=0x1858e024)
Apr 15 17:02:16 localhost smsd[1080506]: INFO:root:mme non_eps_service_config is not SMS_ORC8R, sleeping.
Apr 15 17:02:18 localhost magmad[1080329]: INFO:root:Setting logging level to INFO
Apr 15 17:02:21 localhost smsd[1080506]: INFO:root:mme non_eps_service_config is not SMS_ORC8R, sleeping.
Apr 15 17:02:25 localhost sessiond[1080406]: I0415 17:02:25.265818 1080406 SetMessageManagerHandler.cpp:142] Release request for session from IMSI: IMSI222700000000001 pdu_id 1
Apr 15 17:02:25 localhost mobilityd[1080398]: INFO:root:Released IP 192.168.128.162 for sid IMSI222700000000001
Apr 15 17:02:25 localhost mobilityd[1080398]: INFO:root:Using GW info: {'default': {2: ('172.16.4.1', 'eth0')}, 2: [('172.16.4.1', 'eth0', True)]}
Apr 15 17:02:25 localhost mobilityd[1080398]: INFO:root:GW-v6 probe: timer started
Apr 15 17:02:26 localhost smsd[1080506]: INFO:root:mme non_eps_service_config is not SMS_ORC8R, sleeping.
Apr 15 17:02:30 localhost policydb[1080479]: INFO:root:Terminating session: IMSI222700000000001-704204
Apr 15 17:02:30 localhost eventd[1080489]: DEBUG:root:Logging event: stream_name: "sessiond"
Apr 15 17:02:30 localhost eventd[1080489]: event_type: "session_terminated"
Apr 15 17:02:30 localhost eventd[1080489]: tag: "IMSI222700000000001"
Apr 15 17:02:30 localhost eventd[1080489]: value: "{\"mac_addr\":\"\",\"user_location\":\"\",\"spgw_ip\":\"\",\"imei\":\"\",\"record_sequence_number\":1,\"pdp_end_time\":33,\"charging_rx\":0,\"duration\":33,\"ip_addr\":\"192.168.128.162\",\"monitoring_tx\":0,\"ipv6_addr\":\"\",\"msisdn\":\"\",\"apn\":\"default\",\"session_id\":\"IMSI222700000000001-704204\",\"list_of_service_data\":[],\"charging_characteristics\":\"\",\"total_tx\":0,\"cause_for_rec_closing\":0,\"imsi\":\"IMSI222700000000001\",\"total_rx\":0,\"monitoring_rx\":0,\"charging_tx\":0,\"pdp_start_time\":0}"
Apr 15 17:02:30 localhost eventd[1080489]: ERROR:root:Connection to FluentBit failed: [Errno 111] Connection refused
Apr 15 17:02:30 localhost eventd[1080489]: INFO:root:FluentBit (td-agent-bit) may not be enabled or configured correctly
Apr 15 17:02:30 localhost sessiond[1080406]: I0415 17:02:30.277894 1080421 SessionEvents.cpp:291] Could not log session_terminated event {"mac_addr":"","user_location":"","spgw_ip":"","imei":"","record_sequence_number":1,"pdp_end_time":33,"charging_rx":0,"duration":33,"ip_addr":"192.168.128.162","monitoring_tx":0,"ipv6_addr":"","msisdn":"","apn":"default","session_id":"IMSI222700000000001-704204","list_of_service_data":[],"charging_characteristics":"","total_tx":0,"cause_for_rec_closing":0,"imsi":"IMSI222700000000001","total_rx":0,"monitoring_rx":0,"charging_tx":0,"pdp_start_time":0}, Error Message: Could not connect to FluentBit locally, Details: [Errno 111] Connection refused
Apr 15 17:02:30 localhost dhclient[601]: DHCPREQUEST for 172.16.5.121 on eth1 to 172.16.5.2 port 67 (xid=0x1858e024)
Apr 15 17:02:31 localhost smsd[1080506]: INFO:root:mme non_eps_service_config is not SMS_ORC8R, sleeping.
Apr 15 17:02:36 localhost smsd[1080506]: INFO:root:mme non_eps_service_config is not SMS_ORC8R, sleeping.
Apr 15 17:02:37 localhost control_proxy[1080568]: 2022-04-15T17:02:36.794Z [127.0.0.1 -> state-controller.magmasi.wavelabs.in,8443] "POST /magma.orc8r.StateService/ReportStates HTTP/2" 200 5bytes 0.506s
Apr 15 17:02:37 localhost magmad[1080329]: INFO:root:Checkin Successful! Successfully sent states to the cloud!
Apr 15 17:02:41 localhost smsd[1080506]: INFO:root:mme non_eps_service_config is not SMS_ORC8R, sleeping.
Apr 15 17:02:43 localhost dhclient[601]: DHCPREQUEST for 172.16.5.121 on eth1 to 172.16.5.2 port 67 (xid=0x1858e024)
Apr 15 17:02:44 localhost sctpd[1080680]: I0415 17:02:44.166713 1081128 sctp_connection.cpp:195] Unhandled notification type 32776
Apr 15 17:02:45 localhost mobilityd[1080398]: INFO:root:Using GW info: {'default': {2: ('172.16.4.1', 'eth0')}, 2: [('172.16.4.1', 'eth0', True)]}
Apr 15 17:02:45 localhost mobilityd[1080398]: INFO:root:GW-v6 probe: timer started
Apr 15 17:02:46 localhost smsd[1080506]: INFO:root:mme non_eps_service_config is not SMS_ORC8R, sleeping.
Apr 15 17:02:47 localhost magmad[1080329]: INFO:root:[SyncRPC] Got heartBeat from cloud
Apr 15 17:02:51 localhost smsd[1080506]: INFO:root:mme non_eps_service_config is not SMS_ORC8R, sleeping.
Apr 15 17:02:51 localhost dhclient[601]: DHCPREQUEST for 172.16.5.121 on eth1 to 172.16.5.2 port 67 (xid=0x1858e024)
Apr 15 17:02:53 localhost sctpd[1080680]: I0415 17:02:53.957296 1081128 sctp_connection.cpp:195] Unhandled notification type 32777
Apr 15 17:02:54 localhost sctpd[1080680]: I0415 17:02:54.194103 1081128 sctp_connection.cpp:195] Unhandled notification type 32777
Apr 15 17:02:54 localhost sctpd[1080680]: I0415 17:02:54.313235 1081128 sctp_connection.cpp:195] Unhandled notification type 32777
Apr 15 17:02:54 localhost sctpd[1080680]: I0415 17:02:54.429584 1081128 sctp_connection.cpp:195] Unhandled notification type 32777
Apr 15 17:02:54 localhost mme[1081088]: [DEBUG] Sending S6A-UPDATE_LOCATION_REQUEST with IMSI: 222700000000001
Apr 15 17:02:54 localhost mme[1081088]: [INFO] Received S6A-LOCATION-UPDATE_ANSWER for IMSI: 222700000000001; Status: ; StatusCode: 2001
Apr 15 17:02:54 localhost mme[1081088]: [INFO] sent itti S6A-LOCATION-UPDATE_ANSWER for IMSI: 222700000000001
Apr 15 17:02:54 localhost sctpd[1080680]: I0415 17:02:54.637893 1081128 sctp_connection.cpp:195] Unhandled notification type 32777
Apr 15 17:02:56 localhost smsd[1080506]: INFO:root:mme non_eps_service_config is not SMS_ORC8R, sleeping.
Apr 15 17:02:58 localhost dhclient[601]: DHCPREQUEST for 172.16.5.121 on eth1 to 172.16.5.2 port 67 (xid=0x1858e024)
Apr 15 17:03:00 localhost mme[1081088]: [DEBUG] Sending S6A-UPDATE_LOCATION_REQUEST with IMSI: 222700000000001
Apr 15 17:03:00 localhost mme[1081088]: [INFO] Received S6A-LOCATION-UPDATE_ANSWER for IMSI: 222700000000001; Status: ; StatusCode: 2001
Apr 15 17:03:00 localhost mme[1081088]: [INFO] sent itti S6A-LOCATION-UPDATE_ANSWER for IMSI: 222700000000001
Apr 15 17:03:00 localhost sctpd[1080680]: I0415 17:03:00.645653 1081128 sctp_connection.cpp:195] Unhandled notification type 32777
Apr 15 17:03:01 localhost smsd[1080506]: INFO:root:mme non_eps_service_config is not SMS_ORC8R, sleeping.
Apr 15 17:03:05 localhost mobilityd[1080398]: INFO:root:Using GW info: {'default': {2: ('172.16.4.1', 'eth0')}, 2: [('172.16.4.1', 'eth0', True)]}
Apr 15 17:03:05 localhost mobilityd[1080398]: INFO:root:GW-v6 probe: timer started
Apr 15 17:03:06 localhost smsd[1080506]: INFO:root:mme non_eps_service_config is not SMS_ORC8R, sleeping.
Apr 15 17:03:07 localhost magmad[1080329]: ERROR:root:Metrics upload error for service subscriberdb (chunk 0)! [StatusCode.DEADLINE_EXCEEDED] Deadline Exceeded
Apr 15 17:03:07 localhost magmad[1080329]: ERROR:root:Metrics upload error for service mobilityd (chunk 0)! [StatusCode.DEADLINE_EXCEEDED] Deadline Exceeded
Apr 15 17:03:07 localhost magmad[1080329]: ERROR:root:Metrics upload error for service mme (chunk 0)! [StatusCode.DEADLINE_EXCEEDED] Deadline Exceeded
Apr 15 17:03:08 localhost magmad[1080329]: ERROR:root:Metrics upload error for service magmad (chunk 0)! [StatusCode.DEADLINE_EXCEEDED] Deadline Exceeded
Apr 15 17:03:08 localhost magmad[1080329]: ERROR:root:Metrics upload error for service enodebd (chunk 0)! [StatusCode.DEADLINE_EXCEEDED] Deadline Exceeded
Apr 15 17:03:08 localhost magmad[1080329]: ERROR:root:Metrics upload error for service pipelined (chunk 0)! [StatusCode.DEADLINE_EXCEEDED] Deadline Exceeded
Apr 15 17:03:08 localhost magmad[1080329]: ERROR:root:Metrics upload error for service state (chunk 0)! [StatusCode.DEADLINE_EXCEEDED] Deadline Exceeded
Apr 15 17:03:08 localhost magmad[1080329]: ERROR:root:Metrics upload error for service sessiond (chunk 0)! [StatusCode.DEADLINE_EXCEEDED] Deadline Exceeded
Apr 15 17:03:10 localhost dhclient[601]: DHCPREQUEST for 172.16.5.121 on eth1 to 172.16.5.2 port 67 (xid=0x1858e024)
Apr 15 17:03:11 localhost smsd[1080506]: INFO:root:mme non_eps_service_config is not SMS_ORC8R, sleeping.
Apr 15 17:03:13 localhost control_proxy[1080568]: 2022-04-15T17:03:13.100Z [127.0.0.1 -> streamer-controller.magmasi.wavelabs.in,8443] "POST /magma.orc8r.Streamer/GetUpdates HTTP/2" 200 173bytes 0.519s
Apr 15 17:03:13 localhost policydb[1080479]: INFO:root:Processing 4 policy updates (resync=True)
Apr 15 17:03:13 localhost control_proxy[1080568]: 2022-04-15T17:03:13.100Z [127.0.0.1 -> streamer-controller.magmasi.wavelabs.in,8443] "POST /magma.orc8r.Streamer/GetUpdates HTTP/2" 200 7bytes 0.268s
Apr 15 17:03:13 localhost policydb[1080479]: INFO:root:Processing 0 basename -> policy updates
Apr 15 17:03:14 localhost control_proxy[1080568]: 2022-04-15T17:03:13.100Z [127.0.0.1 -> streamer-controller.magmasi.wavelabs.in,8443] "POST /magma.orc8r.Streamer/GetUpdates HTTP/2" 200 13513bytes 0.302s
Apr 15 17:03:14 localhost policydb[1080479]: INFO:root:Processing 222 SID -> apn -> policy updates
Apr 15 17:03:14 localhost control_proxy[1080568]: 2022-04-15T17:03:14.208Z [127.0.0.1 -> streamer-controller.magmasi.wavelabs.in,8443] "POST /magma.orc8r.Streamer/GetUpdates HTTP/2" 200 7bytes 0.262s
Apr 15 17:03:14 localhost policydb[1080479]: INFO:root:Processing 0 rating group updates
Apr 15 17:03:16 localhost smsd[1080506]: INFO:root:mme non_eps_service_config is not SMS_ORC8R, sleeping.
Apr 15 17:03:21 localhost sctpd[1080680]: I0415 17:03:21.076329 1081128 sctp_connection.cpp:195] Unhandled notification type 32776
Apr 15 17:03:21 localhost smsd[1080506]: INFO:root:mme non_eps_service_config is not SMS_ORC8R, sleeping.
Apr 15 17:03:22 localhost sctpd[1080680]: I0415 17:03:22.135180 1081128 sctp_connection.cpp:195] Unhandled notification type 32777
Apr 15 17:03:24 localhost dhclient[601]: DHCPREQUEST for 172.16.5.121 on eth1 to 172.16.5.2 port 67 (xid=0x1858e024)
Apr 15 17:03:25 localhost mobilityd[1080398]: INFO:root:Using GW info: {'default': {2: ('172.16.4.1', 'eth0')}, 2: [('172.16.4.1', 'eth0', True)]}
Apr 15 17:03:25 localhost mobilityd[1080398]: INFO:root:GW-v6 probe: timer started
Apr 15 17:03:26 localhost smsd[1080506]: INFO:root:mme non_eps_service_config is not SMS_ORC8R, sleeping.
Apr 15 17:03:36 localhost smsd[1080506]: message repeated 2 times: [ INFO:root:mme non_eps_service_config is not SMS_ORC8R, sleeping.]
Apr 15 17:03:37 localhost magmad[1080329]: INFO:root:Setting logging level to INFO
Apr 15 17:03:41 localhost smsd[1080506]: INFO:root:mme non_eps_service_config is not SMS_ORC8R, sleeping.
Apr 15 17:03:44 localhost sctpd[1080680]: I0415 17:03:44.179431 1081128 sctp_connection.cpp:195] Unhandled notification type 32776
Apr 15 17:03:45 localhost mobilityd[1080398]: INFO:root:Using GW info: {'default': {2: ('172.16.4.1', 'eth0')}, 2: [('172.16.4.1', 'eth0', True)]}
Apr 15 17:03:45 localhost mobilityd[1080398]: INFO:root:GW-v6 probe: timer started
Apr 15 17:03:45 localhost dhclient[601]: DHCPREQUEST for 172.16.5.121 on eth1 to 172.16.5.2 port 67 (xid=0x1858e024)
Apr 15 17:03:46 localhost control_proxy[1080568]: 2022-04-15T17:02:46.043Z [127.0.0.1 -> streamer-controller.magmasi.wavelabs.in,8443] "POST /magma.orc8r.Streamer/GetUpdates HTTP/2" 200 0bytes 60.260s
Apr 15 17:03:46 localhost magmad[1080329]: ERROR:root:Error! Streaming from the cloud failed! [StatusCode.ABORTED] error while streaming updates: rpc error: code = DeadlineExceeded desc = context deadline exceeded
Apr 15 17:03:46 localhost smsd[1080506]: INFO:root:mme non_eps_service_config is not SMS_ORC8R, sleeping.
Apr 15 17:03:47 localhost magmad[1080329]: INFO:root:[SyncRPC] Got heartBeat from cloud
Apr 15 17:03:51 localhost smsd[1080506]: INFO:root:mme non_eps_service_config is not SMS_ORC8R, sleeping.
Apr 15 17:03:53 localhost subscriberdb[1080397]: INFO:root:get digest stored in gateway:
Apr 15 17:03:53 localhost control_proxy[1080568]: 2022-04-15T17:03:53.416Z [127.0.0.1 -> subscriberdb-controller.magmasi.wavelabs.in,8443] "POST /magma.lte.SubscriberDBCloud/CheckInSync HTTP/2" 200 0bytes 0.498s
Apr 15 17:03:53 localhost subscriberdb[1080397]: ERROR:root:Internal Error in subscriberdb-Orc8r communication. If AGW and Orc8r are deployed at a commit hash, upgrade AGW and Orc8r to latest commit hash.
Apr 15 17:03:53 localhost dhclient[601]: DHCPREQUEST for 172.16.5.121 on eth1 to 172.16.5.2 port 67 (xid=0x1858e024)
Apr 15 17:03:54 localhost sctpd[1080680]: I0415 17:03:54.083369 1081128 sctp_connection.cpp:195] Unhandled notification type 32777
Apr 15 17:03:54 localhost control_proxy[1080568]: 2022-04-15T17:03:53.416Z [127.0.0.1 -> subscriberdb-controller.magmasi.wavelabs.in,8443] "POST /magma.lte.SubscriberDBCloud/Sync HTTP/2" 200 0bytes 0.247s
Apr 15 17:03:54 localhost subscriberdb[1080397]: ERROR:root:Internal Error in subscriberdb-Orc8r communication. If AGW and Orc8r are deployed at a commit hash, upgrade AGW and Orc8r to latest commit hash.
Apr 15 17:03:54 localhost sctpd[1080680]: I0415 17:03:54.313319 1081128 sctp_connection.cpp:195] Unhandled notification type 32777
Apr 15 17:03:54 localhost control_proxy[1080568]: 2022-04-15T17:03:54.169Z [127.0.0.1 -> subscriberdb-controller.magmasi.wavelabs.in,8443] "POST /magma.lte.SubscriberDBCloud/ListSubscribers HTTP/2" 200 44088bytes 0.312s
Apr 15 17:03:54 localhost subscriberdb[1080397]: INFO:root:Successfully fetched all subscriber pages from the cloud!
Apr 15 17:03:55 localhost subscriberdb[1080397]: INFO:root:update root digest stored in gateway:
Apr 15 17:03:56 localhost smsd[1080506]: INFO:root:mme non_eps_service_config is not SMS_ORC8R, sleeping.
Apr 15 17:03:57 localhost control_proxy[1080568]: 2022-04-15T17:03:56.367Z [127.0.0.1 -> state-controller.magmasi.wavelabs.in,8443] "POST /magma.orc8r.StateService/ReportStates HTTP/2" 200 5bytes 0.623s
Apr 15 17:03:57 localhost magmad[1080329]: INFO:root:Checkin Successful! Successfully sent states to the cloud!
Apr 15 17:04:01 localhost smsd[1080506]: INFO:root:mme non_eps_service_config is not SMS_ORC8R, sleeping.
Apr 15 17:04:05 localhost mobilityd[1080398]: INFO:root:Using GW info: {'default': {2: ('172.16.4.1', 'eth0')}, 2: [('172.16.4.1', 'eth0', True)]}
Apr 15 17:04:05 localhost mobilityd[1080398]: INFO:root:GW-v6 probe: timer started
Apr 15 17:04:06 localhost smsd[1080506]: INFO:root:mme non_eps_service_config is not SMS_ORC8R, sleeping.
Apr 15 17:04:08 localhost dhclient[601]: DHCPREQUEST for 172.16.5.121 on eth1 to 172.16.5.2 port 67 (xid=0x1858e024)
Apr 15 17:04:11 localhost smsd[1080506]: INFO:root:mme non_eps_service_config is not SMS_ORC8R, sleeping.
Apr 15 17:04:15 localhost control_proxy[1080568]: 2022-04-15T17:04:14.524Z [127.0.0.1 -> streamer-controller.magmasi.wavelabs.in,8443] "POST /magma.orc8r.Streamer/GetUpdates HTTP/2" 200 173bytes 0.516s
Apr 15 17:04:15 localhost policydb[1080479]: INFO:root:Processing 4 policy updates (resync=True)
Apr 15 17:04:15 localhost control_proxy[1080568]: 2022-04-15T17:04:15.045Z [127.0.0.1 -> streamer-controller.magmasi.wavelabs.in,8443] "POST /magma.orc8r.Streamer/GetUpdates HTTP/2" 200 7bytes 0.268s
Apr 15 17:04:15 localhost policydb[1080479]: INFO:root:Processing 0 basename -> policy updates
Apr 15 17:04:15 localhost control_proxy[1080568]: 2022-04-15T17:04:15.045Z [127.0.0.1 -> streamer-controller.magmasi.wavelabs.in,8443] "POST /magma.orc8r.Streamer/GetUpdates HTTP/2" 200 13513bytes 0.292s
Apr 15 17:04:15 localhost policydb[1080479]: INFO:root:Processing 222 SID -> apn -> policy updates
Apr 15 17:04:15 localhost control_proxy[1080568]: 2022-04-15T17:04:15.045Z [127.0.0.1 -> streamer-controller.magmasi.wavelabs.in,8443] "POST /magma.orc8r.Streamer/GetUpdates HTTP/2" 200 7bytes 0.262s
Apr 15 17:04:15 localhost policydb[1080479]: INFO:root:Processing 0 rating group updates
Apr 15 17:04:16 localhost sctpd[1080680]: I0415 17:04:16.148490 1081128 sctp_connection.cpp:195] Unhandled notification type 32776
Apr 15 17:04:16 localhost sctpd[1080680]: I0415 17:04:16.311218 1081128 sctp_connection.cpp:195] Unhandled notification type 32776
Apr 15 17:04:16 localhost smsd[1080506]: INFO:root:mme non_eps_service_config is not SMS_ORC8R, sleeping.
Apr 15 17:04:17 localhost sctpd[1080680]: I0415 17:04:17.369891 1081128 sctp_connection.cpp:195] Unhandled notification type 32777
Apr 15 17:04:17 localhost sctpd[1080680]: I0415 17:04:17.482743 1081128 sctp_connection.cpp:195] Unhandled notification type 32777
Apr 15 17:04:17 localhost sctpd[1080680]: I0415 17:04:17.724332 1081128 sctp_connection.cpp:195] Unhandled notification type 32777
Apr 15 17:04:17 localhost sctpd[1080680]: I0415 17:04:17.847486 1081128 sctp_connection.cpp:195] Unhandled notification type 32777
Apr 15 17:04:17 localhost mme[1081088]: [DEBUG] Sending S6A-UPDATE_LOCATION_REQUEST with IMSI: 222700000000001
Apr 15 17:04:17 localhost mme[1081088]: [INFO] Received S6A-LOCATION-UPDATE_ANSWER for IMSI: 222700000000001; Status: ; StatusCode: 2001
Apr 15 17:04:17 localhost mme[1081088]: [INFO] sent itti S6A-LOCATION-UPDATE_ANSWER for IMSI: 222700000000001
Apr 15 17:04:17 localhost sctpd[1080680]: I0415 17:04:17.966905 1081128 sctp_connection.cpp:195] Unhandled notification type 32777
Apr 15 17:04:20 localhost mobilityd[1080398]: INFO:root:Allocated IP 192.168.128.163 for sid IMSI222700000000001 for apn default
Apr 15 17:04:20 localhost policydb[1080479]: INFO:root:Creating a session for subscriber ID: IMSI222700000000001
Apr 15 17:04:20 localhost sessiond[1080406]: I0415 17:04:20.228305 1080406 SetMessageManagerHandler.cpp:342] Processing a CreateSessionResponse for IMSI222700000000001-975956
Apr 15 17:04:20 localhost sessiond[1080406]: I0415 17:04:20.228432 1080406 SessionState.cpp:2774] RuleID allowlist_sid-IMSI222700000000001-default doesn't have a version registered for IMSI222700000000001-975956, this is unexpected
Apr 15 17:04:20 localhost mme[1081088]: PDUSessionResourceSetupRequestTransfer ::= {
Apr 15 17:04:20 localhost mme[1081088]:     protocolIEs: ProtocolIE-Container ::= {
Apr 15 17:04:20 localhost mme[1081088]:         PDUSessionResourceSetupRequestTransferIEs ::= {
Apr 15 17:04:20 localhost mme[1081088]:             id: 130
Apr 15 17:04:20 localhost mme[1081088]:             criticality: 0 (reject)
Apr 15 17:04:20 localhost mme[1081088]:             value: PDUSessionAggregateMaximumBitRate ::= {
Apr 15 17:04:20 localhost mme[1081088]:                 pDUSessionAggregateMaximumBitRateDL: 100000000
Apr 15 17:04:20 localhost mme[1081088]:                 pDUSessionAggregateMaximumBitRateUL: 100000000
Apr 15 17:04:20 localhost mme[1081088]:             }
Apr 15 17:04:20 localhost mme[1081088]:         }
Apr 15 17:04:20 localhost mme[1081088]:         PDUSessionResourceSetupRequestTransferIEs ::= {
Apr 15 17:04:20 localhost mme[1081088]:             id: 139
Apr 15 17:04:20 localhost mme[1081088]:             criticality: 0 (reject)
Apr 15 17:04:20 localhost mme[1081088]:             value: GTPTunnel ::= {
Apr 15 17:04:20 localhost mme[1081088]:                 transportLayerAddress: AC 10 05 79
Apr 15 17:04:20 localhost mme[1081088]:                 gTP-TEID: 80 00 00 06
Apr 15 17:04:20 localhost mme[1081088]:             }
Apr 15 17:04:20 localhost mme[1081088]:         }
Apr 15 17:04:20 localhost mme[1081088]:         PDUSessionResourceSetupRequestTransferIEs ::= {
Apr 15 17:04:20 localhost mme[1081088]:             id: 134
Apr 15 17:04:20 localhost mme[1081088]:             criticality: 0 (reject)
Apr 15 17:04:20 localhost mme[1081088]:             value: 0 (ipv4)
Apr 15 17:04:20 localhost mme[1081088]:         }
Apr 15 17:04:20 localhost mme[1081088]:         PDUSessionResourceSetupRequestTransferIEs ::= {
Apr 15 17:04:20 localhost mme[1081088]:             id: 136
Apr 15 17:04:20 localhost mme[1081088]:             criticality: 0 (reject)
Apr 15 17:04:20 localhost mme[1081088]:             value: QosFlowSetupRequestList ::= {
Apr 15 17:04:20 localhost mme[1081088]:                 QosFlowSetupRequestItem ::= {
Apr 15 17:04:20 localhost mme[1081088]:                     qosFlowIdentifier: 9
Apr 15 17:04:20 localhost mme[1081088]:                     qosFlowLevelQosParameters: QosFlowLevelQosParameters ::= {
Apr 15 17:04:20 localhost mme[1081088]:                         qosCharacteristics: NonDynamic5QIDescriptor ::= {
Apr 15 17:04:20 localhost mme[1081088]:                             fiveQI: 9
Apr 15 17:04:20 localhost mme[1081088]:                         }
Apr 15 17:04:20 localhost mme[1081088]:                         allocationAndRetentionPriority: AllocationAndRetentionPriority ::= {
Apr 15 17:04:20 localhost mme[1081088]:                             priorityLevelARP: 15
Apr 15 17:04:20 localhost mme[1081088]:                             pre-emptionCapability: 0 (shall-not-trigger-pre-emption)
Apr 15 17:04:20 localhost mme[1081088]:                             pre-emptionVulnerability: 0 (not-pre-emptable)
Apr 15 17:04:20 localhost mme[1081088]:                         }
Apr 15 17:04:20 localhost mme[1081088]:                     }
Apr 15 17:04:20 localhost mme[1081088]:                 }
Apr 15 17:04:20 localhost mme[1081088]:             }
Apr 15 17:04:20 localhost mme[1081088]:         }
Apr 15 17:04:20 localhost mme[1081088]:     }
Apr 15 17:04:20 localhost mme[1081088]: }
Apr 15 17:04:20 localhost sctpd[1080680]: I0415 17:04:20.322000 1081128 sctp_connection.cpp:195] Unhandled notification type 32777
Apr 15 17:04:20 localhost sessiond[1080406]: I0415 17:04:20.325145 1080406 SessionStateEnforcer.cpp:869]  AMF teid: 40000000 ip address 10.10.10.11 of imsi: IMSI222700000000001 fteid: 2147483654 pdu id: 1 UE ip address 192.168.128.163
Apr 15 17:04:20 localhost eventd[1080489]: DEBUG:root:Logging event: stream_name: "sessiond"
Apr 15 17:04:20 localhost eventd[1080489]: event_type: "session_created"
Apr 15 17:04:20 localhost eventd[1080489]: tag: "IMSI222700000000001"
Apr 15 17:04:20 localhost eventd[1080489]: value: "{\"mac_addr\":\"\",\"user_location\":\"\",\"spgw_ip\":\"\",\"imei\":\"\",\"pdp_start_time\":0,\"session_id\":\"IMSI222700000000001-975956\",\"apn\":\"default\",\"msisdn\":\"\",\"charging_characteristics\":\"\",\"ipv6_addr\":\"\",\"ip_addr\":\"192.168.128.163\",\"imsi\":\"IMSI222700000000001\"}"
Apr 15 17:04:20 localhost eventd[1080489]: ERROR:root:Connection to FluentBit failed: [Errno 111] Connection refused
Apr 15 17:04:20 localhost eventd[1080489]: INFO:root:FluentBit (td-agent-bit) may not be enabled or configured correctly
Apr 15 17:04:20 localhost sessiond[1080406]: I0415 17:04:20.330893 1080421 SessionEvents.cpp:131] Could not log session_created event {"mac_addr":"","user_location":"","spgw_ip":"","imei":"","pdp_start_time":0,"session_id":"IMSI222700000000001-975956","apn":"default","msisdn":"","charging_characteristics":"","ipv6_addr":"","ip_addr":"192.168.128.163","imsi":"IMSI222700000000001"}, Error Message: Could not connect to FluentBit locally, Details: [Errno 111] Connection refused
Apr 15 17:04:21 localhost dhclient[601]: DHCPREQUEST for 172.16.5.121 on eth1 to 172.16.5.2 port 67 (xid=0x1858e024)
Apr 15 17:04:21 localhost smsd[1080506]: INFO:root:mme non_eps_service_config is not SMS_ORC8R, sleeping.
Apr 15 17:04:22 localhost mme[1081088]: InitiatingMessage ::= {
Apr 15 17:04:22 localhost mme[1081088]:     procedureCode: 28
Apr 15 17:04:22 localhost mme[1081088]:     criticality: 1 (ignore)
Apr 15 17:04:22 localhost mme[1081088]:     value: PDUSessionResourceReleaseCommand ::= {
Apr 15 17:04:22 localhost mme[1081088]:         protocolIEs: ProtocolIE-Container ::= {
Apr 15 17:04:22 localhost mme[1081088]:             PDUSessionResourceReleaseCommandIEs ::= {
Apr 15 17:04:22 localhost mme[1081088]:                 id: 10
Apr 15 17:04:22 localhost mme[1081088]:                 criticality: 0 (reject)
Apr 15 17:04:22 localhost mme[1081088]:                 value: 56
Apr 15 17:04:22 localhost mme[1081088]:             }
Apr 15 17:04:22 localhost mme[1081088]:             PDUSessionResourceReleaseCommandIEs ::= {
Apr 15 17:04:22 localhost mme[1081088]:                 id: 85
Apr 15 17:04:22 localhost mme[1081088]:                 criticality: 0 (reject)
Apr 15 17:04:22 localhost mme[1081088]:                 value: 4294967295
Apr 15 17:04:22 localhost mme[1081088]:             }
Apr 15 17:04:22 localhost mme[1081088]:             PDUSessionResourceReleaseCommandIEs ::= {
Apr 15 17:04:22 localhost mme[1081088]:                 id: 38
Apr 15 17:04:22 localhost mme[1081088]:                 criticality: 0 (reject)
Apr 15 17:04:22 localhost mme[1081088]:                 value:
Apr 15 17:04:22 localhost mme[1081088]:                     7E 01 63 B9 41 60 03 7E 00 68 01 00 05 2E 01 01
Apr 15 17:04:22 localhost mme[1081088]:                     D3 24 12 01
Apr 15 17:04:22 localhost mme[1081088]:             }
Apr 15 17:04:22 localhost mme[1081088]:             PDUSessionResourceReleaseCommandIEs ::= {
Apr 15 17:04:22 localhost mme[1081088]:                 id: 79
Apr 15 17:04:22 localhost mme[1081088]:                 criticality: 0 (reject)
Apr 15 17:04:22 localhost mme[1081088]:                 value: PDUSessionResourceToReleaseListRelCmd ::= {
Apr 15 17:04:22 localhost mme[1081088]:                 }
Apr 15 17:04:22 localhost mme[1081088]:             }
Apr 15 17:04:22 localhost mme[1081088]:         }
Apr 15 17:04:22 localhost mme[1081088]:     }
Apr 15 17:04:22 localhost mme[1081088]: }
Apr 15 17:04:22 localhost sctpd[1080680]: I0415 17:04:22.596908 1081128 sctp_connection.cpp:195] Unhandled notification type 32777
Apr 15 17:04:25 localhost mobilityd[1080398]: INFO:root:Using GW info: {'default': {2: ('172.16.4.1', 'eth0')}, 2: [('172.16.4.1', 'eth0', True)]}
Apr 15 17:04:25 localhost mobilityd[1080398]: INFO:root:GW-v6 probe: timer started
Apr 15 17:04:26 localhost magmad[1080329]: ERROR:root:Metrics upload error for service subscriberdb (chunk 0)! [StatusCode.DEADLINE_EXCEEDED] Deadline Exceeded
Apr 15 17:04:26 localhost magmad[1080329]: ERROR:root:Metrics upload error for service mobilityd (chunk 0)! [StatusCode.DEADLINE_EXCEEDED] Deadline Exceeded
Apr 15 17:04:26 localhost magmad[1080329]: ERROR:root:Metrics upload error for service mme (chunk 0)! [StatusCode.DEADLINE_EXCEEDED] Deadline Exceeded
Apr 15 17:04:26 localhost magmad[1080329]: ERROR:root:Metrics upload error for service magmad (chunk 0)! [StatusCode.DEADLINE_EXCEEDED] Deadline Exceeded
Apr 15 17:04:26 localhost magmad[1080329]: ERROR:root:Metrics upload error for service enodebd (chunk 0)! [StatusCode.DEADLINE_EXCEEDED] Deadline Exceeded
Apr 15 17:04:26 localhost magmad[1080329]: ERROR:root:Metrics upload error for service pipelined (chunk 0)! [StatusCode.DEADLINE_EXCEEDED] Deadline Exceeded
Apr 15 17:04:26 localhost magmad[1080329]: ERROR:root:Metrics upload error for service state (chunk 0)! [StatusCode.DEADLINE_EXCEEDED] Deadline Exceeded
Apr 15 17:04:26 localhost magmad[1080329]: ERROR:root:Metrics upload error for service sessiond (chunk 0)! [StatusCode.DEADLINE_EXCEEDED] Deadline Exceeded
Apr 15 17:04:26 localhost smsd[1080506]: INFO:root:mme non_eps_service_config is not SMS_ORC8R, sleeping.
Apr 15 17:04:31 localhost smsd[1080506]: INFO:root:mme non_eps_service_config is not SMS_ORC8R, sleeping.
Apr 15 17:04:34 localhost dhclient[601]: DHCPREQUEST for 172.16.5.121 on eth1 to 172.16.5.2 port 67 (xid=0x1858e024)
Apr 15 17:04:37 localhost smsd[1080506]: INFO:root:mme non_eps_service_config is not SMS_ORC8R, sleeping.
Apr 15 17:04:38 localhost sctpd[1080680]: I0415 17:04:38.766124 1081128 sctp_connection.cpp:195] Unhandled notification type 32777
Apr 15 17:04:42 localhost smsd[1080506]: INFO:root:mme non_eps_service_config is not SMS_ORC8R, sleeping.
Apr 15 17:04:45 localhost mobilityd[1080398]: INFO:root:Using GW info: {'default': {2: ('172.16.4.1', 'eth0')}, 2: [('172.16.4.1', 'eth0', True)]}
Apr 15 17:04:45 localhost mobilityd[1080398]: INFO:root:GW-v6 probe: timer started
Apr 15 17:04:46 localhost control_proxy[1080568]: 2022-04-15T17:04:45.791Z [127.0.0.1 -> state-controller.magmasi.wavelabs.in,8443] "POST /magma.orc8r.StateService/ReportStates HTTP/2" 200 5bytes 0.259s
Apr 15 17:04:47 localhost smsd[1080506]: INFO:root:mme non_eps_service_config is not SMS_ORC8R, sleeping.
Apr 15 17:04:47 localhost magmad[1080329]: INFO:root:[SyncRPC] Got heartBeat from cloud
Apr 15 17:04:47 localhost dhclient[601]: DHCPREQUEST for 172.16.5.121 on eth1 to 172.16.5.2 port 67 (xid=0x1858e024)
Apr 15 17:04:52 localhost smsd[1080506]: INFO:root:mme non_eps_service_config is not SMS_ORC8R, sleeping.
Apr 15 17:04:54 localhost sctpd[1080680]: I0415 17:04:54.782212 1081128 sctp_connection.cpp:195] Unhandled notification type 32777
Apr 15 17:04:57 localhost smsd[1080506]: INFO:root:mme non_eps_service_config is not SMS_ORC8R, sleeping.
Apr 15 17:04:57 localhost magmad[1080329]: INFO:root:Setting logging level to INFO
Apr 15 17:05:00 localhost dhclient[601]: DHCPREQUEST for 172.16.5.121 on eth1 to 172.16.5.2 port 67 (xid=0x1858e024)
Apr 15 17:05:02 localhost smsd[1080506]: INFO:root:mme non_eps_service_config is not SMS_ORC8R, sleeping.
Apr 15 17:05:05 localhost mobilityd[1080398]: INFO:root:Using GW info: {'default': {2: ('172.16.4.1', 'eth0')}, 2: [('172.16.4.1', 'eth0', True)]}
Apr 15 17:05:05 localhost mobilityd[1080398]: INFO:root:GW-v6 probe: timer started
Apr 15 17:05:07 localhost smsd[1080506]: INFO:root:mme non_eps_service_config is not SMS_ORC8R, sleeping.
Apr 15 17:05:10 localhost sctpd[1080680]: I0415 17:05:10.786175 1081128 sctp_connection.cpp:195] Unhandled notification type 32777
Apr 15 17:05:12 localhost smsd[1080506]: INFO:root:mme non_eps_service_config is not SMS_ORC8R, sleeping.
Apr 15 17:05:16 localhost control_proxy[1080568]: 2022-04-15T17:05:15.939Z [127.0.0.1 -> streamer-controller.magmasi.wavelabs.in,8443] "POST /magma.orc8r.Streamer/GetUpdates HTTP/2" 200 173bytes 0.281s
Apr 15 17:05:16 localhost policydb[1080479]: INFO:root:Processing 4 policy updates (resync=True)
Apr 15 17:05:16 localhost control_proxy[1080568]: 2022-04-15T17:05:16.037Z [127.0.0.1 -> state-controller.magmasi.wavelabs.in,8443] "POST /magma.orc8r.StateService/ReportStates HTTP/2" 200 5bytes 0.318s
Apr 15 17:05:16 localhost magmad[1080329]: INFO:root:Checkin Successful! Successfully sent states to the cloud!
Apr 15 17:05:16 localhost control_proxy[1080568]: 2022-04-15T17:05:16.037Z [127.0.0.1 -> streamer-controller.magmasi.wavelabs.in,8443] "POST /magma.orc8r.Streamer/GetUpdates HTTP/2" 200 7bytes 0.280s
Apr 15 17:05:16 localhost policydb[1080479]: INFO:root:Processing 0 basename -> policy updates
Apr 15 17:05:16 localhost control_proxy[1080568]: 2022-04-15T17:05:16.037Z [127.0.0.1 -> streamer-controller.magmasi.wavelabs.in,8443] "POST /magma.orc8r.Streamer/GetUpdates HTTP/2" 200 13513bytes 0.306s
Apr 15 17:05:16 localhost policydb[1080479]: INFO:root:Processing 222 SID -> apn -> policy updates
Apr 15 17:05:17 localhost control_proxy[1080568]: 2022-04-15T17:05:16.037Z [127.0.0.1 -> streamer-controller.magmasi.wavelabs.in,8443] "POST /magma.orc8r.Streamer/GetUpdates HTTP/2" 200 7bytes 0.267s
Apr 15 17:05:17 localhost policydb[1080479]: INFO:root:Processing 0 rating group updates
Apr 15 17:05:17 localhost smsd[1080506]: INFO:root:mme non_eps_service_config is not SMS_ORC8R, sleeping.
Apr 15 17:05:19 localhost dhclient[601]: DHCPREQUEST for 172.16.5.121 on eth1 to 172.16.5.2 port 67 (xid=0x1858e024)
Apr 15 17:05:22 localhost smsd[1080506]: INFO:root:mme non_eps_service_config is not SMS_ORC8R, sleeping.
Apr 15 17:05:25 localhost mobilityd[1080398]: INFO:root:Using GW info: {'default': {2: ('172.16.4.1', 'eth0')}, 2: [('172.16.4.1', 'eth0', True)]}
Apr 15 17:05:25 localhost mobilityd[1080398]: INFO:root:GW-v6 probe: timer started
Apr 15 17:05:26 localhost magmad[1080329]: ERROR:root:Metrics upload error for service subscriberdb (chunk 0)! [StatusCode.DEADLINE_EXCEEDED] Deadline Exceeded
Apr 15 17:05:26 localhost magmad[1080329]: ERROR:root:Metrics upload error for service mobilityd (chunk 0)! [StatusCode.DEADLINE_EXCEEDED] Deadline Exceeded
Apr 15 17:05:26 localhost magmad[1080329]: ERROR:root:Metrics upload error for service mme (chunk 0)! [StatusCode.DEADLINE_EXCEEDED] Deadline Exceeded
Apr 15 17:05:26 localhost magmad[1080329]: ERROR:root:Metrics upload error for service magmad (chunk 0)! [StatusCode.DEADLINE_EXCEEDED] Deadline Exceeded
Apr 15 17:05:26 localhost magmad[1080329]: ERROR:root:Metrics upload error for service enodebd (chunk 0)! [StatusCode.DEADLINE_EXCEEDED] Deadline Exceeded
Apr 15 17:05:26 localhost magmad[1080329]: ERROR:root:Metrics upload error for service pipelined (chunk 0)! [StatusCode.DEADLINE_EXCEEDED] Deadline Exceeded
Apr 15 17:05:26 localhost magmad[1080329]: ERROR:root:Metrics upload error for service state (chunk 0)! [StatusCode.DEADLINE_EXCEEDED] Deadline Exceeded
Apr 15 17:05:26 localhost magmad[1080329]: ERROR:root:Metrics upload error for service sessiond (chunk 0)! [StatusCode.DEADLINE_EXCEEDED] Deadline Exceeded
Apr 15 17:05:26 localhost sctpd[1080680]: I0415 17:05:26.802203 1081128 sctp_connection.cpp:195] Unhandled notification type 32777
Apr 15 17:05:27 localhost smsd[1080506]: INFO:root:mme non_eps_service_config is not SMS_ORC8R, sleeping.
Apr 15 17:05:32 localhost smsd[1080506]: INFO:root:mme non_eps_service_config is not SMS_ORC8R, sleeping.
Apr 15 17:05:33 localhost sessiond[1080406]: I0415 17:05:33.089613 1080406 SetMessageManagerHandler.cpp:142] Release request for session from IMSI: IMSI222700000000001 pdu_id 1
Apr 15 17:05:33 localhost mobilityd[1080398]: INFO:root:Released IP 192.168.128.163 for sid IMSI222700000000001
Apr 15 17:05:33 localhost eventd[1080489]: DEBUG:root:Logging event: stream_name: "sessiond"
Apr 15 17:05:33 localhost eventd[1080489]: event_type: "session_terminated"
Apr 15 17:05:33 localhost eventd[1080489]: tag: "IMSI222700000000001"
Apr 15 17:05:33 localhost eventd[1080489]: value: "{\"mac_addr\":\"\",\"user_location\":\"\",\"spgw_ip\":\"\",\"imei\":\"\",\"record_sequence_number\":1,\"pdp_end_time\":33,\"charging_rx\":0,\"duration\":33,\"ip_addr\":\"192.168.128.163\",\"monitoring_tx\":0,\"ipv6_addr\":\"\",\"msisdn\":\"\",\"apn\":\"default\",\"session_id\":\"IMSI222700000000001-975956\",\"list_of_service_data\":[],\"charging_characteristics\":\"\",\"total_tx\":0,\"cause_for_rec_closing\":0,\"imsi\":\"IMSI222700000000001\",\"total_rx\":0,\"monitoring_rx\":0,\"charging_tx\":0,\"pdp_start_time\":0}"
Apr 15 17:05:33 localhost policydb[1080479]: INFO:root:Terminating session: IMSI222700000000001-975956
Apr 15 17:05:33 localhost eventd[1080489]: ERROR:root:Connection to FluentBit failed: [Errno 111] Connection refused
Apr 15 17:05:33 localhost eventd[1080489]: INFO:root:FluentBit (td-agent-bit) may not be enabled or configured correctly
Apr 15 17:05:33 localhost sessiond[1080406]: I0415 17:05:33.122169 1080421 SessionEvents.cpp:291] Could not log session_terminated event {"mac_addr":"","user_location":"","spgw_ip":"","imei":"","record_sequence_number":1,"pdp_end_time":33,"charging_rx":0,"duration":33,"ip_addr":"192.168.128.163","monitoring_tx":0,"ipv6_addr":"","msisdn":"","apn":"default","session_id":"IMSI222700000000001-975956","list_of_service_data":[],"charging_characteristics":"","total_tx":0,"cause_for_rec_closing":0,"imsi":"IMSI222700000000001","total_rx":0,"monitoring_rx":0,"charging_tx":0,"pdp_start_time":0}, Error Message: Could not connect to FluentBit locally, Details: [Errno 111] Connection refused
Apr 15 17:05:33 localhost sctpd[1080680]: I0415 17:05:33.494211 1081128 sctp_connection.cpp:195] Unhandled notification type 32777
Apr 15 17:05:37 localhost smsd[1080506]: INFO:root:mme non_eps_service_config is not SMS_ORC8R, sleeping.
Apr 15 17:05:38 localhost sessiond[1080406]: I0415 17:05:38.090898 1080406 SessionStateEnforcer.cpp:377] Nothing to remove as no respective entry found for session id IMSI222700000000001-975956 of IMSI IMSI222700000000001
Apr 15 17:05:38 localhost dhclient[601]: DHCPREQUEST for 172.16.5.121 on eth1 to 172.16.5.2 port 67 (xid=0x1858e024)
Apr 15 17:05:42 localhost smsd[1080506]: INFO:root:mme non_eps_service_config is not SMS_ORC8R, sleeping.
Apr 15 17:05:45 localhost mobilityd[1080398]: INFO:root:Using GW info: {'default': {2: ('172.16.4.1', 'eth0')}, 2: [('172.16.4.1', 'eth0', True)]}
Apr 15 17:05:45 localhost mobilityd[1080398]: INFO:root:GW-v6 probe: timer started
Apr 15 17:05:46 localhost dhclient[601]: DHCPREQUEST for 172.16.5.121 on eth1 to 172.16.5.2 port 67 (xid=0x1858e024)
Apr 15 17:05:46 localhost control_proxy[1080568]: 2022-04-15T17:04:46.351Z [127.0.0.1 -> streamer-controller.magmasi.wavelabs.in,8443] "POST /magma.orc8r.Streamer/GetUpdates HTTP/2" 200 0bytes 60.257s
Apr 15 17:05:46 localhost magmad[1080329]: ERROR:root:Error! Streaming from the cloud failed! [StatusCode.ABORTED] error while streaming updates: rpc error: code = DeadlineExceeded desc = context deadline exceeded
Apr 15 17:05:47 localhost magmad[1080329]: INFO:root:[SyncRPC] Got heartBeat from cloud
Apr 15 17:05:47 localhost smsd[1080506]: INFO:root:mme non_eps_service_config is not SMS_ORC8R, sleeping.
Apr 15 17:05:52 localhost smsd[1080506]: INFO:root:mme non_eps_service_config is not SMS_ORC8R, sleeping.
Apr 15 17:05:52 localhost sctpd[1080680]: I0415 17:05:52.463766 1081128 sctp_connection.cpp:195] Unhandled notification type 32776
Apr 15 17:05:53 localhost sctpd[1080680]: I0415 17:05:53.525632 1081128 sctp_connection.cpp:195] Unhandled notification type 32777
Apr 15 17:05:53 localhost sctpd[1080680]: I0415 17:05:53.756458 1081128 sctp_connection.cpp:195] Unhandled notification type 32777
Apr 15 17:05:53 localhost sctpd[1080680]: I0415 17:05:53.875092 1081128 sctp_connection.cpp:195] Unhandled notification type 32777
Apr 15 17:05:53 localhost mme[1081088]: [DEBUG] Sending S6A-UPDATE_LOCATION_REQUEST with IMSI: 222700000000001
Apr 15 17:05:53 localhost mme[1081088]: [INFO] Received S6A-LOCATION-UPDATE_ANSWER for IMSI: 222700000000001; Status: ; StatusCode: 2001
