Apr  4 21:24:21 localhost smsd[2825569]: INFO:root:mme non_eps_service_config is not SMS_ORC8R, sleeping.
Apr  4 21:24:22 localhost dhclient[601]: DHCPREQUEST for 172.16.5.121 on eth1 to 172.16.5.2 port 67 (xid=0x25c866c5)
Apr  4 21:24:25 localhost sctpd[2825747]: I0404 21:24:25.663525 2826189 sctp_connection.cpp:195] Unhandled notification type 32776
Apr  4 21:24:26 localhost smsd[2825569]: INFO:root:mme non_eps_service_config is not SMS_ORC8R, sleeping.
Apr  4 21:24:26 localhost sctpd[2825747]: I0404 21:24:26.729717 2826189 sctp_connection.cpp:195] Unhandled notification type 32777
Apr  4 21:24:28 localhost magmad[2825401]: INFO:root:Setting logging level to INFO
Apr  4 21:24:30 localhost mobilityd[2825469]: INFO:root:Using GW info: {'default': {2: ('172.16.4.1', 'eth0')}, 2: [('172.16.4.1', 'eth0', True)]}
Apr  4 21:24:30 localhost mobilityd[2825469]: INFO:root:GW-v6 probe: timer started
Apr  4 21:24:31 localhost smsd[2825569]: INFO:root:mme non_eps_service_config is not SMS_ORC8R, sleeping.
Apr  4 21:24:36 localhost smsd[2825569]: INFO:root:mme non_eps_service_config is not SMS_ORC8R, sleeping.
Apr  4 21:24:36 localhost dhclient[601]: DHCPREQUEST for 172.16.5.121 on eth1 to 172.16.5.2 port 67 (xid=0x25c866c5)
Apr  4 21:24:41 localhost smsd[2825569]: INFO:root:mme non_eps_service_config is not SMS_ORC8R, sleeping.
Apr  4 21:24:43 localhost sctpd[2825747]: I0404 21:24:43.604782 2826189 sctp_connection.cpp:195] Unhandled notification type 32776
Apr  4 21:24:46 localhost smsd[2825569]: INFO:root:mme non_eps_service_config is not SMS_ORC8R, sleeping.
Apr  4 21:24:47 localhost magmad[2825401]: ERROR:root:Metrics upload error for service subscriberdb (chunk 0)! [StatusCode.DEADLINE_EXCEEDED] Deadline Exceeded
Apr  4 21:24:47 localhost magmad[2825401]: ERROR:root:Metrics upload error for service mme (chunk 0)! [StatusCode.DEADLINE_EXCEEDED] Deadline Exceeded
Apr  4 21:24:47 localhost magmad[2825401]: ERROR:root:Metrics upload error for service mobilityd (chunk 0)! [StatusCode.DEADLINE_EXCEEDED] Deadline Exceeded
Apr  4 21:24:47 localhost magmad[2825401]: ERROR:root:Metrics upload error for service magmad (chunk 0)! [StatusCode.DEADLINE_EXCEEDED] Deadline Exceeded
Apr  4 21:24:47 localhost magmad[2825401]: ERROR:root:Metrics upload error for service pipelined (chunk 0)! [StatusCode.DEADLINE_EXCEEDED] Deadline Exceeded
Apr  4 21:24:47 localhost magmad[2825401]: ERROR:root:Metrics upload error for service enodebd (chunk 0)! [StatusCode.DEADLINE_EXCEEDED] Deadline Exceeded
Apr  4 21:24:47 localhost magmad[2825401]: ERROR:root:Metrics upload error for service state (chunk 0)! [StatusCode.DEADLINE_EXCEEDED] Deadline Exceeded
Apr  4 21:24:47 localhost magmad[2825401]: ERROR:root:Metrics upload error for service sessiond (chunk 0)! [StatusCode.DEADLINE_EXCEEDED] Deadline Exceeded
Apr  4 21:24:48 localhost control_proxy[2825621]: 2022-04-04T21:24:47.506Z [127.0.0.1 -> state-controller.magmasi.wavelabs.in,8443] "POST /magma.orc8r.StateService/ReportStates HTTP/2" 200 5bytes 0.515s
Apr  4 21:24:48 localhost magmad[2825401]: INFO:root:Checkin Successful! Successfully sent states to the cloud!
Apr  4 21:24:50 localhost mobilityd[2825469]: INFO:root:Using GW info: {'default': {2: ('172.16.4.1', 'eth0')}, 2: [('172.16.4.1', 'eth0', True)]}
Apr  4 21:24:50 localhost mobilityd[2825469]: INFO:root:GW-v6 probe: timer started
Apr  4 21:24:51 localhost dhclient[601]: DHCPREQUEST for 172.16.5.121 on eth1 to 172.16.5.2 port 67 (xid=0x25c866c5)
Apr  4 21:24:51 localhost smsd[2825569]: INFO:root:mme non_eps_service_config is not SMS_ORC8R, sleeping.
Apr  4 21:24:53 localhost sctpd[2825747]: I0404 21:24:53.243008 2826189 sctp_connection.cpp:195] Unhandled notification type 32777
Apr  4 21:24:53 localhost sctpd[2825747]: I0404 21:24:53.465119 2826189 sctp_connection.cpp:195] Unhandled notification type 32777
Apr  4 21:24:53 localhost sctpd[2825747]: I0404 21:24:53.579746 2826189 sctp_connection.cpp:195] Unhandled notification type 32777
Apr  4 21:24:53 localhost sctpd[2825747]: I0404 21:24:53.694100 2826189 sctp_connection.cpp:195] Unhandled notification type 32777
Apr  4 21:24:53 localhost mme[2826144]: [SIG][D]MME_UNIT_TEST Flag is Disabled
Apr  4 21:24:53 localhost mme[2826144]: filename /var/run/mme.pid failed to be written
Apr  4 21:24:53 localhost mme[2826144]: [DEBUG] Sending S6A-UPDATE_LOCATION_REQUEST with IMSI: 222700000000001
Apr  4 21:24:53 localhost mme[2826144]: [INFO] Received S6A-LOCATION-UPDATE_ANSWER for IMSI: 222700000000001; Status: ; StatusCode: 2001
Apr  4 21:24:53 localhost mme[2826144]: [INFO] sent itti S6A-LOCATION-UPDATE_ANSWER for IMSI: 222700000000001
Apr  4 21:24:53 localhost sctpd[2825747]: I0404 21:24:53.806478 2826189 sctp_connection.cpp:195] Unhandled notification type 32777
Apr  4 21:24:55 localhost sctpd[2825747]: I0404 21:24:55.268339 2826189 sctp_connection.cpp:195] Unhandled notification type 32777
Apr  4 21:24:56 localhost smsd[2825569]: INFO:root:mme non_eps_service_config is not SMS_ORC8R, sleeping.
Apr  4 21:25:01 localhost smsd[2825569]: INFO:root:mme non_eps_service_config is not SMS_ORC8R, sleeping.
Apr  4 21:25:04 localhost dhclient[601]: DHCPREQUEST for 172.16.5.121 on eth1 to 172.16.5.2 port 67 (xid=0x25c866c5)
Apr  4 21:25:06 localhost smsd[2825569]: INFO:root:mme non_eps_service_config is not SMS_ORC8R, sleeping.
Apr  4 21:25:08 localhost magmad[2825401]: INFO:root:Checking for upgrade...
Apr  4 21:25:08 localhost magmad[2825401]: WARNING:root:magmad package_version config missing or set to default 0.0.0-0, skipping upgrade
Apr  4 21:25:08 localhost control_proxy[2825621]: 2022-04-04T21:24:08.031Z [127.0.0.1 -> streamer-controller.magmasi.wavelabs.in,8443] "POST /magma.orc8r.Streamer/GetUpdates HTTP/2" 200 0bytes 60.355s
Apr  4 21:25:08 localhost magmad[2825401]: ERROR:root:Error! Streaming from the cloud failed! [StatusCode.ABORTED] error while streaming updates: rpc error: code = DeadlineExceeded desc = context deadline exceeded
Apr  4 21:25:10 localhost mobilityd[2825469]: INFO:root:Using GW info: {'default': {2: ('172.16.4.1', 'eth0')}, 2: [('172.16.4.1', 'eth0', True)]}
Apr  4 21:25:10 localhost mobilityd[2825469]: INFO:root:GW-v6 probe: timer started
Apr  4 21:25:11 localhost smsd[2825569]: INFO:root:mme non_eps_service_config is not SMS_ORC8R, sleeping.
Apr  4 21:25:11 localhost magmad[2825401]: INFO:root:[SyncRPC] Got heartBeat from cloud
Apr  4 21:25:11 localhost sctpd[2825747]: I0404 21:25:11.749444 2826189 sctp_connection.cpp:195] Unhandled notification type 32776
Apr  4 21:25:12 localhost sctpd[2825747]: I0404 21:25:12.809810 2826189 sctp_connection.cpp:195] Unhandled notification type 32777
Apr  4 21:25:13 localhost sctpd[2825747]: I0404 21:25:13.047230 2826189 sctp_connection.cpp:195] Unhandled notification type 32777
Apr  4 21:25:13 localhost sctpd[2825747]: I0404 21:25:13.166079 2826189 sctp_connection.cpp:195] Unhandled notification type 32777
Apr  4 21:25:13 localhost mme[2826144]: [DEBUG] Sending S6A-UPDATE_LOCATION_REQUEST with IMSI: 222700000000001
Apr  4 21:25:13 localhost mme[2826144]: [INFO] Received S6A-LOCATION-UPDATE_ANSWER for IMSI: 222700000000001; Status: ; StatusCode: 2001
Apr  4 21:25:13 localhost mme[2826144]: [INFO] sent itti S6A-LOCATION-UPDATE_ANSWER for IMSI: 222700000000001
Apr  4 21:25:13 localhost sctpd[2825747]: I0404 21:25:13.278415 2826189 sctp_connection.cpp:195] Unhandled notification type 32777
Apr  4 21:25:13 localhost sctpd[2825747]: I0404 21:25:13.742046 2826189 sctp_connection.cpp:195] Unhandled notification type 32777
Apr  4 21:25:14 localhost control_proxy[2825621]: 2022-04-04T21:25:14.548Z [127.0.0.1 -> streamer-controller.magmasi.wavelabs.in,8443] "POST /magma.orc8r.Streamer/GetUpdates HTTP/2" 200 173bytes 0.274s
Apr  4 21:25:14 localhost policydb[2825545]: INFO:root:Processing 4 policy updates (resync=True)
Apr  4 21:25:15 localhost control_proxy[2825621]: 2022-04-04T21:25:14.548Z [127.0.0.1 -> streamer-controller.magmasi.wavelabs.in,8443] "POST /magma.orc8r.Streamer/GetUpdates HTTP/2" 200 7bytes 0.267s
Apr  4 21:25:15 localhost policydb[2825545]: INFO:root:Processing 0 basename -> policy updates
Apr  4 21:25:15 localhost control_proxy[2825621]: 2022-04-04T21:25:15.095Z [127.0.0.1 -> streamer-controller.magmasi.wavelabs.in,8443] "POST /magma.orc8r.Streamer/GetUpdates HTTP/2" 200 13513bytes 0.300s
Apr  4 21:25:15 localhost policydb[2825545]: INFO:root:Processing 222 SID -> apn -> policy updates
Apr  4 21:25:15 localhost control_proxy[2825621]: 2022-04-04T21:25:15.095Z [127.0.0.1 -> streamer-controller.magmasi.wavelabs.in,8443] "POST /magma.orc8r.Streamer/GetUpdates HTTP/2" 200 7bytes 0.263s
Apr  4 21:25:15 localhost policydb[2825545]: INFO:root:Processing 0 rating group updates
Apr  4 21:25:16 localhost smsd[2825569]: INFO:root:mme non_eps_service_config is not SMS_ORC8R, sleeping.
Apr  4 21:25:18 localhost dhclient[601]: DHCPREQUEST for 172.16.5.121 on eth1 to 172.16.5.2 port 67 (xid=0x25c866c5)
Apr  4 21:25:21 localhost smsd[2825569]: INFO:root:mme non_eps_service_config is not SMS_ORC8R, sleeping.
Apr  4 21:25:26 localhost smsd[2825569]: INFO:root:mme non_eps_service_config is not SMS_ORC8R, sleeping.
Apr  4 21:25:29 localhost sctpd[2825747]: I0404 21:25:29.785133 2826189 sctp_connection.cpp:195] Unhandled notification type 32776
Apr  4 21:25:29 localhost sctpd[2825747]: I0404 21:25:29.908468 2826189 sctp_connection.cpp:195] Unhandled notification type 32776
Apr  4 21:25:30 localhost mobilityd[2825469]: INFO:root:Using GW info: {'default': {2: ('172.16.4.1', 'eth0')}, 2: [('172.16.4.1', 'eth0', True)]}
Apr  4 21:25:30 localhost mobilityd[2825469]: INFO:root:GW-v6 probe: timer started
Apr  4 21:25:30 localhost sctpd[2825747]: I0404 21:25:30.966442 2826189 sctp_connection.cpp:195] Unhandled notification type 32777
Apr  4 21:25:31 localhost sctpd[2825747]: I0404 21:25:31.078101 2826189 sctp_connection.cpp:195] Unhandled notification type 32777
Apr  4 21:25:31 localhost smsd[2825569]: INFO:root:mme non_eps_service_config is not SMS_ORC8R, sleeping.
Apr  4 21:25:36 localhost smsd[2825569]: INFO:root:mme non_eps_service_config is not SMS_ORC8R, sleeping.
Apr  4 21:25:37 localhost dhclient[601]: DHCPREQUEST for 172.16.5.121 on eth1 to 172.16.5.2 port 67 (xid=0x25c866c5)
Apr  4 21:25:38 localhost magmad[2825401]: ERROR:root:Metrics upload error for service subscriberdb (chunk 0)! [StatusCode.DEADLINE_EXCEEDED] Deadline Exceeded
Apr  4 21:25:38 localhost magmad[2825401]: ERROR:root:Metrics upload error for service mobilityd (chunk 0)! [StatusCode.DEADLINE_EXCEEDED] Deadline Exceeded
Apr  4 21:25:38 localhost magmad[2825401]: ERROR:root:Metrics upload error for service mme (chunk 0)! [StatusCode.DEADLINE_EXCEEDED] Deadline Exceeded
Apr  4 21:25:38 localhost magmad[2825401]: ERROR:root:Metrics upload error for service magmad (chunk 0)! [StatusCode.DEADLINE_EXCEEDED] Deadline Exceeded
Apr  4 21:25:38 localhost magmad[2825401]: ERROR:root:Metrics upload error for service enodebd (chunk 0)! [StatusCode.DEADLINE_EXCEEDED] Deadline Exceeded
Apr  4 21:25:38 localhost magmad[2825401]: ERROR:root:Metrics upload error for service pipelined (chunk 0)! [StatusCode.DEADLINE_EXCEEDED] Deadline Exceeded
Apr  4 21:25:38 localhost magmad[2825401]: ERROR:root:Metrics upload error for service state (chunk 0)! [StatusCode.DEADLINE_EXCEEDED] Deadline Exceeded
Apr  4 21:25:38 localhost magmad[2825401]: ERROR:root:Metrics upload error for service sessiond (chunk 0)! [StatusCode.DEADLINE_EXCEEDED] Deadline Exceeded
Apr  4 21:25:41 localhost smsd[2825569]: INFO:root:mme non_eps_service_config is not SMS_ORC8R, sleeping.
Apr  4 21:25:46 localhost smsd[2825569]: INFO:root:mme non_eps_service_config is not SMS_ORC8R, sleeping.
Apr  4 21:25:47 localhost sctpd[2825747]: I0404 21:25:47.325565 2826189 sctp_connection.cpp:195] Unhandled notification type 32776
Apr  4 21:25:48 localhost sctpd[2825747]: I0404 21:25:48.386565 2826189 sctp_connection.cpp:195] Unhandled notification type 32777
Apr  4 21:25:48 localhost magmad[2825401]: INFO:root:Setting logging level to INFO
Apr  4 21:25:48 localhost sctpd[2825747]: I0404 21:25:48.615263 2826189 sctp_connection.cpp:195] Unhandled notification type 32777
Apr  4 21:25:48 localhost sctpd[2825747]: I0404 21:25:48.728266 2826189 sctp_connection.cpp:195] Unhandled notification type 32777
Apr  4 21:25:48 localhost mme[2826144]: [DEBUG] Sending S6A-UPDATE_LOCATION_REQUEST with IMSI: 222700000000001
Apr  4 21:25:48 localhost mme[2826144]: [INFO] Received S6A-LOCATION-UPDATE_ANSWER for IMSI: 222700000000001; Status: ; StatusCode: 2001
Apr  4 21:25:48 localhost mme[2826144]: [INFO] sent itti S6A-LOCATION-UPDATE_ANSWER for IMSI: 222700000000001
Apr  4 21:25:48 localhost sctpd[2825747]: I0404 21:25:48.842061 2826189 sctp_connection.cpp:195] Unhandled notification type 32777
Apr  4 21:25:49 localhost dhclient[601]: DHCPREQUEST for 172.16.5.121 on eth1 to 172.16.5.2 port 67 (xid=0x25c866c5)
Apr  4 21:25:50 localhost mobilityd[2825469]: INFO:root:Using GW info: {'default': {2: ('172.16.4.1', 'eth0')}, 2: [('172.16.4.1', 'eth0', True)]}
Apr  4 21:25:50 localhost mobilityd[2825469]: INFO:root:GW-v6 probe: timer started
Apr  4 21:25:51 localhost sctpd[2825747]: I0404 21:25:51.234026 2826189 sctp_connection.cpp:195] Unhandled notification type 32777
Apr  4 21:25:51 localhost smsd[2825569]: INFO:root:mme non_eps_service_config is not SMS_ORC8R, sleeping.
Apr  4 21:25:53 localhost sctpd[2825747]: I0404 21:25:53.460865 2826189 sctp_connection.cpp:195] Unhandled notification type 32777
Apr  4 21:25:53 localhost sctpd[2825747]: I0404 21:25:53.572118 2826189 sctp_connection.cpp:195] Unhandled notification type 32777
Apr  4 21:25:53 localhost sctpd[2825747]: I0404 21:25:53.689849 2826189 sctp_connection.cpp:195] Unhandled notification type 32777
Apr  4 21:25:53 localhost mme[2826144]: [DEBUG] Sending S6A-UPDATE_LOCATION_REQUEST with IMSI: 222700000000001
Apr  4 21:25:53 localhost mme[2826144]: [INFO] Received S6A-LOCATION-UPDATE_ANSWER for IMSI: 222700000000001; Status: ; StatusCode: 2001
Apr  4 21:25:53 localhost mme[2826144]: [INFO] sent itti S6A-LOCATION-UPDATE_ANSWER for IMSI: 222700000000001
Apr  4 21:25:53 localhost sctpd[2825747]: I0404 21:25:53.817956 2826189 sctp_connection.cpp:195] Unhandled notification type 32777
Apr  4 21:25:56 localhost sctpd[2825747]: I0404 21:25:56.214321 2826189 sctp_connection.cpp:195] Unhandled notification type 32777
Apr  4 21:25:56 localhost smsd[2825569]: INFO:root:mme non_eps_service_config is not SMS_ORC8R, sleeping.
Apr  4 21:26:01 localhost smsd[2825569]: INFO:root:mme non_eps_service_config is not SMS_ORC8R, sleeping.
Apr  4 21:26:04 localhost dhclient[601]: DHCPREQUEST for 172.16.5.121 on eth1 to 172.16.5.2 port 67 (xid=0x25c866c5)
Apr  4 21:26:06 localhost smsd[2825569]: INFO:root:mme non_eps_service_config is not SMS_ORC8R, sleeping.
Apr  4 21:26:07 localhost control_proxy[2825621]: 2022-04-04T21:26:07.043Z [127.0.0.1 -> state-controller.magmasi.wavelabs.in,8443] "POST /magma.orc8r.StateService/ReportStates HTTP/2" 200 5bytes 0.514s
Apr  4 21:26:07 localhost magmad[2825401]: INFO:root:Checkin Successful! Successfully sent states to the cloud!
Apr  4 21:26:10 localhost mobilityd[2825469]: INFO:root:Using GW info: {'default': {2: ('172.16.4.1', 'eth0')}, 2: [('172.16.4.1', 'eth0', True)]}
Apr  4 21:26:10 localhost mobilityd[2825469]: INFO:root:GW-v6 probe: timer started
Apr  4 21:26:11 localhost magmad[2825401]: INFO:root:[SyncRPC] Got heartBeat from cloud
Apr  4 21:26:11 localhost smsd[2825569]: INFO:root:mme non_eps_service_config is not SMS_ORC8R, sleeping.
Apr  4 21:26:14 localhost sctpd[2825747]: I0404 21:26:14.526059 2826189 sctp_connection.cpp:195] Unhandled notification type 32776
Apr  4 21:26:15 localhost dhclient[601]: DHCPREQUEST for 172.16.5.121 on eth1 to 172.16.5.2 port 67 (xid=0x25c866c5)
Apr  4 21:26:15 localhost sctpd[2825747]: I0404 21:26:15.598803 2826189 sctp_connection.cpp:195] Unhandled notification type 32777
Apr  4 21:26:15 localhost sctpd[2825747]: I0404 21:26:15.830993 2826189 sctp_connection.cpp:195] Unhandled notification type 32777
Apr  4 21:26:15 localhost sctpd[2825747]: I0404 21:26:15.949113 2826189 sctp_connection.cpp:195] Unhandled notification type 32777
Apr  4 21:26:15 localhost mme[2826144]: [DEBUG] Sending S6A-UPDATE_LOCATION_REQUEST with IMSI: 222700000000001
Apr  4 21:26:15 localhost mme[2826144]: [INFO] Received S6A-LOCATION-UPDATE_ANSWER for IMSI: 222700000000001; Status: ; StatusCode: 2001
Apr  4 21:26:15 localhost mme[2826144]: [INFO] sent itti S6A-LOCATION-UPDATE_ANSWER for IMSI: 222700000000001
Apr  4 21:26:15 localhost control_proxy[2825621]: 2022-04-04T21:26:15.700Z [127.0.0.1 -> streamer-controller.magmasi.wavelabs.in,8443] "POST /magma.orc8r.Streamer/GetUpdates HTTP/2" 200 173bytes 0.272s
Apr  4 21:26:15 localhost policydb[2825545]: INFO:root:Processing 4 policy updates (resync=True)
Apr  4 21:26:16 localhost sctpd[2825747]: I0404 21:26:16.069528 2826189 sctp_connection.cpp:195] Unhandled notification type 32777
Apr  4 21:26:16 localhost control_proxy[2825621]: 2022-04-04T21:26:15.700Z [127.0.0.1 -> streamer-controller.magmasi.wavelabs.in,8443] "POST /magma.orc8r.Streamer/GetUpdates HTTP/2" 200 7bytes 0.267s
Apr  4 21:26:16 localhost policydb[2825545]: INFO:root:Processing 0 basename -> policy updates
Apr  4 21:26:16 localhost mobilityd[2825469]: INFO:root:Allocated IP 192.168.128.88 for sid IMSI222700000000001 for apn default
Apr  4 21:26:16 localhost policydb[2825545]: INFO:root:Creating a session for subscriber ID: IMSI222700000000001
Apr  4 21:26:16 localhost sessiond[2825478]: I0404 21:26:16.301981 2825478 SetMessageManagerHandler.cpp:342] Processing a CreateSessionResponse for IMSI222700000000001-735333
Apr  4 21:26:16 localhost sessiond[2825478]: I0404 21:26:16.303421 2825478 SessionState.cpp:2774] RuleID allowlist_sid-IMSI222700000000001-default doesn't have a version registered for IMSI222700000000001-735333, this is unexpected
Apr  4 21:26:16 localhost control_proxy[2825621]: 2022-04-04T21:26:16.245Z [127.0.0.1 -> streamer-controller.magmasi.wavelabs.in,8443] "POST /magma.orc8r.Streamer/GetUpdates HTTP/2" 200 13513bytes 0.302s
Apr  4 21:26:16 localhost policydb[2825545]: INFO:root:Processing 222 SID -> apn -> policy updates
Apr  4 21:26:16 localhost control_proxy[2825621]: 2022-04-04T21:26:16.245Z [127.0.0.1 -> streamer-controller.magmasi.wavelabs.in,8443] "POST /magma.orc8r.Streamer/GetUpdates HTTP/2" 200 7bytes 0.267s
Apr  4 21:26:16 localhost policydb[2825545]: INFO:root:Processing 0 rating group updates
Apr  4 21:26:16 localhost smsd[2825569]: INFO:root:mme non_eps_service_config is not SMS_ORC8R, sleeping.
Apr  4 21:26:18 localhost mme[2826144]: PDUSessionResourceSetupRequestTransfer ::= {
Apr  4 21:26:18 localhost mme[2826144]:     protocolIEs: ProtocolIE-Container ::= {
Apr  4 21:26:18 localhost mme[2826144]:         PDUSessionResourceSetupRequestTransferIEs ::= {
Apr  4 21:26:18 localhost mme[2826144]:             id: 130
Apr  4 21:26:18 localhost mme[2826144]:             criticality: 0 (reject)
Apr  4 21:26:18 localhost mme[2826144]:             value: PDUSessionAggregateMaximumBitRate ::= {
Apr  4 21:26:18 localhost mme[2826144]:                 pDUSessionAggregateMaximumBitRateDL: 100000000
Apr  4 21:26:18 localhost mme[2826144]:                 pDUSessionAggregateMaximumBitRateUL: 100000000
Apr  4 21:26:18 localhost mme[2826144]:             }
Apr  4 21:26:18 localhost mme[2826144]:         }
Apr  4 21:26:18 localhost mme[2826144]:         PDUSessionResourceSetupRequestTransferIEs ::= {
Apr  4 21:26:18 localhost mme[2826144]:             id: 139
Apr  4 21:26:18 localhost mme[2826144]:             criticality: 0 (reject)
Apr  4 21:26:18 localhost mme[2826144]:             value: GTPTunnel ::= {
Apr  4 21:26:18 localhost mme[2826144]:                 transportLayerAddress: AC 10 05 79
Apr  4 21:26:18 localhost mme[2826144]:                 gTP-TEID: 7F FF FF FF
Apr  4 21:26:18 localhost mme[2826144]:             }
Apr  4 21:26:18 localhost mme[2826144]:         }
Apr  4 21:26:18 localhost mme[2826144]:         PDUSessionResourceSetupRequestTransferIEs ::= {
Apr  4 21:26:18 localhost mme[2826144]:             id: 134
Apr  4 21:26:18 localhost mme[2826144]:             criticality: 0 (reject)
Apr  4 21:26:18 localhost mme[2826144]:             value: 0 (ipv4)
Apr  4 21:26:18 localhost mme[2826144]:         }
Apr  4 21:26:18 localhost mme[2826144]:         PDUSessionResourceSetupRequestTransferIEs ::= {
Apr  4 21:26:18 localhost mme[2826144]:             id: 136
Apr  4 21:26:18 localhost mme[2826144]:             criticality: 0 (reject)
Apr  4 21:26:18 localhost mme[2826144]:             value: QosFlowSetupRequestList ::= {
Apr  4 21:26:18 localhost mme[2826144]:                 QosFlowSetupRequestItem ::= {
Apr  4 21:26:18 localhost mme[2826144]:                     qosFlowIdentifier: 9
Apr  4 21:26:18 localhost mme[2826144]:                     qosFlowLevelQosParameters: QosFlowLevelQosParameters ::= {
Apr  4 21:26:18 localhost mme[2826144]:                         qosCharacteristics: NonDynamic5QIDescriptor ::= {
Apr  4 21:26:18 localhost mme[2826144]:                             fiveQI: 9
Apr  4 21:26:18 localhost mme[2826144]:                         }
Apr  4 21:26:18 localhost mme[2826144]:                         allocationAndRetentionPriority: AllocationAndRetentionPriority ::= {
Apr  4 21:26:18 localhost mme[2826144]:                             priorityLevelARP: 15
Apr  4 21:26:18 localhost mme[2826144]:                             pre-emptionCapability: 0 (shall-not-trigger-pre-emption)
Apr  4 21:26:18 localhost mme[2826144]:                             pre-emptionVulnerability: 0 (not-pre-emptable)
Apr  4 21:26:18 localhost mme[2826144]:                         }
Apr  4 21:26:18 localhost mme[2826144]:                     }
Apr  4 21:26:18 localhost mme[2826144]:                 }
Apr  4 21:26:18 localhost mme[2826144]:             }
Apr  4 21:26:18 localhost mme[2826144]:         }
Apr  4 21:26:18 localhost mme[2826144]:     }
Apr  4 21:26:18 localhost mme[2826144]: }
Apr  4 21:26:18 localhost sctpd[2825747]: I0404 21:26:18.481559 2826189 sctp_connection.cpp:195] Unhandled notification type 32777
Apr  4 21:26:19 localhost sessiond[2825478]: I0404 21:26:19.465240 2825478 SetMessageManagerHandler.cpp:142] Release request for session from IMSI: IMSI222700000000001 pdu_id 1
Apr  4 21:26:19 localhost mobilityd[2825469]: INFO:root:Released IP 192.168.128.88 for sid IMSI222700000000001
Apr  4 21:26:19 localhost sctpd[2825747]: I0404 21:26:19.722153 2826189 sctp_connection.cpp:195] Unhandled notification type 32777
Apr  4 21:26:21 localhost smsd[2825569]: INFO:root:mme non_eps_service_config is not SMS_ORC8R, sleeping.
Apr  4 21:26:24 localhost policydb[2825545]: INFO:root:Terminating session: IMSI222700000000001-735333
Apr  4 21:26:24 localhost eventd[2825559]: DEBUG:root:Logging event: stream_name: "sessiond"
Apr  4 21:26:24 localhost eventd[2825559]: event_type: "session_terminated"
Apr  4 21:26:24 localhost eventd[2825559]: tag: "IMSI222700000000001"
Apr  4 21:26:24 localhost eventd[2825559]: value: "{\"mac_addr\":\"\",\"user_location\":\"\",\"spgw_ip\":\"\",\"imei\":\"\",\"record_sequence_number\":1,\"pdp_end_time\":19,\"charging_rx\":0,\"duration\":-94219547397405,\"ip_addr\":\"192.168.128.88\",\"monitoring_tx\":0,\"ipv6_addr\":\"\",\"msisdn\":\"\",\"apn\":\"default\",\"session_id\":\"IMSI222700000000001-735333\",\"list_of_service_data\":[],\"charging_characteristics\":\"\",\"total_tx\":0,\"cause_for_rec_closing\":0,\"imsi\":\"IMSI222700000000001\",\"total_rx\":0,\"monitoring_rx\":0,\"charging_tx\":0,\"pdp_start_time\":94219547397424}"
Apr  4 21:26:24 localhost eventd[2825559]: ERROR:root:Connection to FluentBit failed: [Errno 111] Connection refused
Apr  4 21:26:24 localhost eventd[2825559]: INFO:root:FluentBit (td-agent-bit) may not be enabled or configured correctly
Apr  4 21:26:24 localhost sessiond[2825478]: I0404 21:26:24.474819 2825495 SessionEvents.cpp:291] Could not log session_terminated event {"mac_addr":"","user_location":"","spgw_ip":"","imei":"","record_sequence_number":1,"pdp_end_time":19,"charging_rx":0,"duration":-94219547397405,"ip_addr":"192.168.128.88","monitoring_tx":0,"ipv6_addr":"","msisdn":"","apn":"default","session_id":"IMSI222700000000001-735333","list_of_service_data":[],"charging_characteristics":"","total_tx":0,"cause_for_rec_closing":0,"imsi":"IMSI222700000000001","total_rx":0,"monitoring_rx":0,"charging_tx":0,"pdp_start_time":94219547397424}, Error Message: Could not connect to FluentBit locally, Details: [Errno 111] Connection refused
Apr  4 21:26:26 localhost smsd[2825569]: INFO:root:mme non_eps_service_config is not SMS_ORC8R, sleeping.
Apr  4 21:26:28 localhost dhclient[601]: DHCPREQUEST for 172.16.5.121 on eth1 to 172.16.5.2 port 67 (xid=0x25c866c5)
Apr  4 21:26:30 localhost mobilityd[2825469]: INFO:root:Using GW info: {'default': {2: ('172.16.4.1', 'eth0')}, 2: [('172.16.4.1', 'eth0', True)]}
Apr  4 21:26:30 localhost mobilityd[2825469]: INFO:root:GW-v6 probe: timer started
Apr  4 21:26:31 localhost smsd[2825569]: INFO:root:mme non_eps_service_config is not SMS_ORC8R, sleeping.
Apr  4 21:26:35 localhost sctpd[2825747]: I0404 21:26:35.905778 2826189 sctp_connection.cpp:195] Unhandled notification type 32776
Apr  4 21:26:36 localhost sctpd[2825747]: I0404 21:26:36.962718 2826189 sctp_connection.cpp:195] Unhandled notification type 32777
Apr  4 21:26:37 localhost smsd[2825569]: INFO:root:mme non_eps_service_config is not SMS_ORC8R, sleeping.
Apr  4 21:26:37 localhost sctpd[2825747]: I0404 21:26:37.195521 2826189 sctp_connection.cpp:195] Unhandled notification type 32777
Apr  4 21:26:37 localhost sctpd[2825747]: I0404 21:26:37.310144 2826189 sctp_connection.cpp:195] Unhandled notification type 32777
Apr  4 21:26:37 localhost mme[2826144]: [DEBUG] Sending S6A-UPDATE_LOCATION_REQUEST with IMSI: 222700000000001
Apr  4 21:26:37 localhost mme[2826144]: [INFO] Received S6A-LOCATION-UPDATE_ANSWER for IMSI: 222700000000001; Status: ; StatusCode: 2001
Apr  4 21:26:37 localhost mme[2826144]: [INFO] sent itti S6A-LOCATION-UPDATE_ANSWER for IMSI: 222700000000001
Apr  4 21:26:37 localhost sctpd[2825747]: I0404 21:26:37.413718 2826189 sctp_connection.cpp:195] Unhandled notification type 32777
Apr  4 21:26:38 localhost magmad[2825401]: ERROR:root:Metrics upload error for service subscriberdb (chunk 0)! [StatusCode.DEADLINE_EXCEEDED] Deadline Exceeded
Apr  4 21:26:38 localhost magmad[2825401]: ERROR:root:Metrics upload error for service mobilityd (chunk 0)! [StatusCode.DEADLINE_EXCEEDED] Deadline Exceeded
Apr  4 21:26:38 localhost magmad[2825401]: ERROR:root:Metrics upload error for service mme (chunk 0)! [StatusCode.DEADLINE_EXCEEDED] Deadline Exceeded
Apr  4 21:26:38 localhost magmad[2825401]: ERROR:root:Metrics upload error for service magmad (chunk 0)! [StatusCode.DEADLINE_EXCEEDED] Deadline Exceeded
Apr  4 21:26:38 localhost magmad[2825401]: ERROR:root:Metrics upload error for service enodebd (chunk 0)! [StatusCode.DEADLINE_EXCEEDED] Deadline Exceeded
Apr  4 21:26:38 localhost magmad[2825401]: ERROR:root:Metrics upload error for service pipelined (chunk 0)! [StatusCode.DEADLINE_EXCEEDED] Deadline Exceeded
Apr  4 21:26:38 localhost magmad[2825401]: ERROR:root:Metrics upload error for service state (chunk 0)! [StatusCode.DEADLINE_EXCEEDED] Deadline Exceeded
Apr  4 21:26:38 localhost magmad[2825401]: ERROR:root:Metrics upload error for service sessiond (chunk 0)! [StatusCode.DEADLINE_EXCEEDED] Deadline Exceeded
Apr  4 21:26:39 localhost dhclient[601]: DHCPREQUEST for 172.16.5.121 on eth1 to 172.16.5.2 port 67 (xid=0x25c866c5)
Apr  4 21:26:42 localhost smsd[2825569]: INFO:root:mme non_eps_service_config is not SMS_ORC8R, sleeping.
Apr  4 21:26:47 localhost smsd[2825569]: INFO:root:mme non_eps_service_config is not SMS_ORC8R, sleeping.
Apr  4 21:26:47 localhost sctpd[2825747]: I0404 21:26:47.790093 2826189 sctp_connection.cpp:195] Unhandled notification type 32777
Apr  4 21:26:50 localhost sctpd[2825747]: I0404 21:26:50.015516 2826189 sctp_connection.cpp:195] Unhandled notification type 32777
Apr  4 21:26:50 localhost sctpd[2825747]: I0404 21:26:50.128113 2826189 sctp_connection.cpp:195] Unhandled notification type 32777
Apr  4 21:26:50 localhost dhclient[601]: DHCPREQUEST for 172.16.5.121 on eth1 to 172.16.5.2 port 67 (xid=0x25c866c5)
Apr  4 21:26:50 localhost sctpd[2825747]: I0404 21:26:50.250176 2826189 sctp_connection.cpp:195] Unhandled notification type 32777
Apr  4 21:26:50 localhost mme[2826144]: [DEBUG] Sending S6A-UPDATE_LOCATION_REQUEST with IMSI: 222700000000001
Apr  4 21:26:50 localhost mme[2826144]: [INFO] Received S6A-LOCATION-UPDATE_ANSWER for IMSI: 222700000000001; Status: ; StatusCode: 2001
Apr  4 21:26:50 localhost mme[2826144]: [INFO] sent itti S6A-LOCATION-UPDATE_ANSWER for IMSI: 222700000000001
Apr  4 21:26:50 localhost sctpd[2825747]: I0404 21:26:50.369987 2826189 sctp_connection.cpp:195] Unhandled notification type 32777
Apr  4 21:26:50 localhost mobilityd[2825469]: INFO:root:Using GW info: {'default': {2: ('172.16.4.1', 'eth0')}, 2: [('172.16.4.1', 'eth0', True)]}
Apr  4 21:26:50 localhost mobilityd[2825469]: INFO:root:GW-v6 probe: timer started
Apr  4 21:26:52 localhost smsd[2825569]: INFO:root:mme non_eps_service_config is not SMS_ORC8R, sleeping.
Apr  4 21:26:52 localhost sctpd[2825747]: I0404 21:26:52.762624 2826189 sctp_connection.cpp:195] Unhandled notification type 32777
Apr  4 21:26:54 localhost sctpd[2825747]: I0404 21:26:54.969782 2826189 sctp_connection.cpp:195] Unhandled notification type 32777
Apr  4 21:26:55 localhost sctpd[2825747]: I0404 21:26:55.078080 2826189 sctp_connection.cpp:195] Unhandled notification type 32777
Apr  4 21:26:55 localhost sctpd[2825747]: I0404 21:26:55.191044 2826189 sctp_connection.cpp:195] Unhandled notification type 32777
Apr  4 21:26:55 localhost mme[2826144]: [DEBUG] Sending S6A-UPDATE_LOCATION_REQUEST with IMSI: 222700000000001
Apr  4 21:26:55 localhost mme[2826144]: [INFO] Received S6A-LOCATION-UPDATE_ANSWER for IMSI: 222700000000001; Status: ; StatusCode: 2001
Apr  4 21:26:55 localhost mme[2826144]: [INFO] sent itti S6A-LOCATION-UPDATE_ANSWER for IMSI: 222700000000001
Apr  4 21:26:55 localhost sctpd[2825747]: I0404 21:26:55.310690 2826189 sctp_connection.cpp:195] Unhandled notification type 32777
Apr  4 21:26:57 localhost smsd[2825569]: INFO:root:mme non_eps_service_config is not SMS_ORC8R, sleeping.
Apr  4 21:26:57 localhost sctpd[2825747]: I0404 21:26:57.706562 2826189 sctp_connection.cpp:195] Unhandled notification type 32777
Apr  4 21:26:57 localhost sctpd[2825747]: I0404 21:26:57.975935 2826189 sctp_connection.cpp:195] Unhandled notification type 32777
Apr  4 21:26:58 localhost sctpd[2825747]: I0404 21:26:58.096438 2826189 sctp_connection.cpp:195] Unhandled notification type 32777
Apr  4 21:26:58 localhost sctpd[2825747]: I0404 21:26:58.214552 2826189 sctp_connection.cpp:195] Unhandled notification type 32777
Apr  4 21:26:58 localhost mme[2826144]: [DEBUG] Sending S6A-UPDATE_LOCATION_REQUEST with IMSI: 222700000000001
Apr  4 21:26:58 localhost mme[2826144]: [INFO] Received S6A-LOCATION-UPDATE_ANSWER for IMSI: 222700000000001; Status: ; StatusCode: 2001
Apr  4 21:26:58 localhost mme[2826144]: [INFO] sent itti S6A-LOCATION-UPDATE_ANSWER for IMSI: 222700000000001
Apr  4 21:26:58 localhost sctpd[2825747]: I0404 21:26:58.334309 2826189 sctp_connection.cpp:195] Unhandled notification type 32777
Apr  4 21:27:00 localhost sctpd[2825747]: I0404 21:27:00.734023 2826189 sctp_connection.cpp:195] Unhandled notification type 32777
Apr  4 21:27:00 localhost sctpd[2825747]: I0404 21:27:00.994850 2826189 sctp_connection.cpp:195] Unhandled notification type 32777
Apr  4 21:27:01 localhost sctpd[2825747]: I0404 21:27:01.115870 2826189 sctp_connection.cpp:195] Unhandled notification type 32777
Apr  4 21:27:01 localhost sctpd[2825747]: I0404 21:27:01.238745 2826189 sctp_connection.cpp:195] Unhandled notification type 32777
Apr  4 21:27:01 localhost mme[2826144]: [DEBUG] Sending S6A-UPDATE_LOCATION_REQUEST with IMSI: 222700000000001
Apr  4 21:27:01 localhost mme[2826144]: [INFO] Received S6A-LOCATION-UPDATE_ANSWER for IMSI: 222700000000001; Status: ; StatusCode: 2001
Apr  4 21:27:01 localhost mme[2826144]: [INFO] sent itti S6A-LOCATION-UPDATE_ANSWER for IMSI: 222700000000001
Apr  4 21:27:01 localhost sctpd[2825747]: I0404 21:27:01.357767 2826189 sctp_connection.cpp:195] Unhandled notification type 32777
Apr  4 21:27:02 localhost smsd[2825569]: INFO:root:mme non_eps_service_config is not SMS_ORC8R, sleeping.
Apr  4 21:27:03 localhost sctpd[2825747]: I0404 21:27:03.758268 2826189 sctp_connection.cpp:195] Unhandled notification type 32777
Apr  4 21:27:04 localhost sctpd[2825747]: I0404 21:27:04.019817 2826189 sctp_connection.cpp:195] Unhandled notification type 32777
Apr  4 21:27:04 localhost sctpd[2825747]: I0404 21:27:04.139151 2826189 sctp_connection.cpp:195] Unhandled notification type 32777
Apr  4 21:27:04 localhost sctpd[2825747]: I0404 21:27:04.262148 2826189 sctp_connection.cpp:195] Unhandled notification type 32777
Apr  4 21:27:04 localhost mme[2826144]: [DEBUG] Sending S6A-UPDATE_LOCATION_REQUEST with IMSI: 222700000000001
Apr  4 21:27:04 localhost mme[2826144]: [INFO] Received S6A-LOCATION-UPDATE_ANSWER for IMSI: 222700000000001; Status: ; StatusCode: 2001
Apr  4 21:27:04 localhost mme[2826144]: [INFO] sent itti S6A-LOCATION-UPDATE_ANSWER for IMSI: 222700000000001
Apr  4 21:27:04 localhost sctpd[2825747]: I0404 21:27:04.385943 2826189 sctp_connection.cpp:195] Unhandled notification type 32777
Apr  4 21:27:06 localhost sctpd[2825747]: I0404 21:27:06.781113 2826189 sctp_connection.cpp:195] Unhandled notification type 32777
Apr  4 21:27:07 localhost sctpd[2825747]: I0404 21:27:07.039366 2826189 sctp_connection.cpp:195] Unhandled notification type 32777
Apr  4 21:27:07 localhost sctpd[2825747]: I0404 21:27:07.152065 2826189 sctp_connection.cpp:195] Unhandled notification type 32777
Apr  4 21:27:07 localhost smsd[2825569]: INFO:root:mme non_eps_service_config is not SMS_ORC8R, sleeping.
Apr  4 21:27:07 localhost sctpd[2825747]: I0404 21:27:07.268896 2826189 sctp_connection.cpp:195] Unhandled notification type 32777
Apr  4 21:27:07 localhost mme[2826144]: [DEBUG] Sending S6A-UPDATE_LOCATION_REQUEST with IMSI: 222700000000001
Apr  4 21:27:07 localhost mme[2826144]: [INFO] Received S6A-LOCATION-UPDATE_ANSWER for IMSI: 222700000000001; Status: ; StatusCode: 2001
Apr  4 21:27:07 localhost mme[2826144]: [INFO] sent itti S6A-LOCATION-UPDATE_ANSWER for IMSI: 222700000000001
Apr  4 21:27:07 localhost sctpd[2825747]: I0404 21:27:07.381124 2826189 sctp_connection.cpp:195] Unhandled notification type 32777
Apr  4 21:27:08 localhost magmad[2825401]: INFO:root:Setting logging level to INFO
Apr  4 21:27:08 localhost control_proxy[2825621]: 2022-04-04T21:26:08.056Z [127.0.0.1 -> streamer-controller.magmasi.wavelabs.in,8443] "POST /magma.orc8r.Streamer/GetUpdates HTTP/2" 200 0bytes 60.258s
Apr  4 21:27:08 localhost magmad[2825401]: ERROR:root:Error! Streaming from the cloud failed! [StatusCode.ABORTED] error while streaming updates: rpc error: code = DeadlineExceeded desc = context deadline exceeded
Apr  4 21:27:09 localhost sctpd[2825747]: I0404 21:27:09.782207 2826189 sctp_connection.cpp:195] Unhandled notification type 32777
Apr  4 21:27:10 localhost sctpd[2825747]: I0404 21:27:10.044507 2826189 sctp_connection.cpp:195] Unhandled notification type 32777
Apr  4 21:27:10 localhost sctpd[2825747]: I0404 21:27:10.160027 2826189 sctp_connection.cpp:195] Unhandled notification type 32777
Apr  4 21:27:10 localhost sctpd[2825747]: I0404 21:27:10.278767 2826189 sctp_connection.cpp:195] Unhandled notification type 32777
Apr  4 21:27:10 localhost mme[2826144]: [DEBUG] Sending S6A-UPDATE_LOCATION_REQUEST with IMSI: 222700000000001
Apr  4 21:27:10 localhost mme[2826144]: [INFO] Received S6A-LOCATION-UPDATE_ANSWER for IMSI: 222700000000001; Status: ; StatusCode: 2001
Apr  4 21:27:10 localhost mme[2826144]: [INFO] sent itti S6A-LOCATION-UPDATE_ANSWER for IMSI: 222700000000001
Apr  4 21:27:10 localhost sctpd[2825747]: I0404 21:27:10.394277 2826189 sctp_connection.cpp:195] Unhandled notification type 32777
Apr  4 21:27:10 localhost mobilityd[2825469]: INFO:root:Using GW info: {'default': {2: ('172.16.4.1', 'eth0')}, 2: [('172.16.4.1', 'eth0', True)]}
Apr  4 21:27:10 localhost mobilityd[2825469]: INFO:root:GW-v6 probe: timer started
Apr  4 21:27:10 localhost dhclient[601]: DHCPREQUEST for 172.16.5.121 on eth1 to 172.16.5.2 port 67 (xid=0x25c866c5)
Apr  4 21:27:11 localhost magmad[2825401]: INFO:root:[SyncRPC] Got heartBeat from cloud
Apr  4 21:27:12 localhost smsd[2825569]: INFO:root:mme non_eps_service_config is not SMS_ORC8R, sleeping.
Apr  4 21:27:12 localhost sctpd[2825747]: I0404 21:27:12.780874 2826189 sctp_connection.cpp:195] Unhandled notification type 32777
Apr  4 21:27:13 localhost sctpd[2825747]: I0404 21:27:13.037253 2826189 sctp_connection.cpp:195] Unhandled notification type 32777
Apr  4 21:27:13 localhost sctpd[2825747]: I0404 21:27:13.150851 2826189 sctp_connection.cpp:195] Unhandled notification type 32777
Apr  4 21:27:13 localhost sctpd[2825747]: I0404 21:27:13.264533 2826189 sctp_connection.cpp:195] Unhandled notification type 32777
Apr  4 21:27:13 localhost mme[2826144]: [DEBUG] Sending S6A-UPDATE_LOCATION_REQUEST with IMSI: 222700000000001
Apr  4 21:27:13 localhost mme[2826144]: [INFO] Received S6A-LOCATION-UPDATE_ANSWER for IMSI: 222700000000001; Status: ; StatusCode: 2001
Apr  4 21:27:13 localhost mme[2826144]: [INFO] sent itti S6A-LOCATION-UPDATE_ANSWER for IMSI: 222700000000001
Apr  4 21:27:13 localhost sctpd[2825747]: I0404 21:27:13.377123 2826189 sctp_connection.cpp:195] Unhandled notification type 32777
Apr  4 21:27:15 localhost sctpd[2825747]: I0404 21:27:15.758086 2826189 sctp_connection.cpp:195] Unhandled notification type 32777
Apr  4 21:27:16 localhost sctpd[2825747]: I0404 21:27:16.019508 2826189 sctp_connection.cpp:195] Unhandled notification type 32777
Apr  4 21:27:16 localhost sctpd[2825747]: I0404 21:27:16.131557 2826189 sctp_connection.cpp:195] Unhandled notification type 32777
Apr  4 21:27:16 localhost sctpd[2825747]: I0404 21:27:16.250072 2826189 sctp_connection.cpp:195] Unhandled notification type 32777
Apr  4 21:27:16 localhost mme[2826144]: [DEBUG] Sending S6A-UPDATE_LOCATION_REQUEST with IMSI: 222700000000001
Apr  4 21:27:16 localhost mme[2826144]: [INFO] Received S6A-LOCATION-UPDATE_ANSWER for IMSI: 222700000000001; Status: ; StatusCode: 2001
Apr  4 21:27:16 localhost mme[2826144]: [INFO] sent itti S6A-LOCATION-UPDATE_ANSWER for IMSI: 222700000000001
Apr  4 21:27:16 localhost sctpd[2825747]: I0404 21:27:16.361706 2826189 sctp_connection.cpp:195] Unhandled notification type 32777
Apr  4 21:27:17 localhost smsd[2825569]: INFO:root:mme non_eps_service_config is not SMS_ORC8R, sleeping.
Apr  4 21:27:17 localhost control_proxy[2825621]: 2022-04-04T21:27:16.876Z [127.0.0.1 -> streamer-controller.magmasi.wavelabs.in,8443] "POST /magma.orc8r.Streamer/GetUpdates HTTP/2" 200 173bytes 0.523s
Apr  4 21:27:17 localhost policydb[2825545]: INFO:root:Processing 4 policy updates (resync=True)
Apr  4 21:27:17 localhost control_proxy[2825621]: 2022-04-04T21:27:17.403Z [127.0.0.1 -> streamer-controller.magmasi.wavelabs.in,8443] "POST /magma.orc8r.Streamer/GetUpdates HTTP/2" 200 7bytes 0.265s
Apr  4 21:27:17 localhost policydb[2825545]: INFO:root:Processing 0 basename -> policy updates
Apr  4 21:27:17 localhost control_proxy[2825621]: 2022-04-04T21:27:17.403Z [127.0.0.1 -> streamer-controller.magmasi.wavelabs.in,8443] "POST /magma.orc8r.Streamer/GetUpdates HTTP/2" 200 13513bytes 0.296s
Apr  4 21:27:17 localhost policydb[2825545]: INFO:root:Processing 222 SID -> apn -> policy updates
Apr  4 21:27:18 localhost control_proxy[2825621]: 2022-04-04T21:27:17.403Z [127.0.0.1 -> streamer-controller.magmasi.wavelabs.in,8443] "POST /magma.orc8r.Streamer/GetUpdates HTTP/2" 200 7bytes 0.278s
Apr  4 21:27:18 localhost policydb[2825545]: INFO:root:Processing 0 rating group updates
Apr  4 21:27:18 localhost sctpd[2825747]: I0404 21:27:18.746341 2826189 sctp_connection.cpp:195] Unhandled notification type 32777
Apr  4 21:27:19 localhost sctpd[2825747]: I0404 21:27:19.007609 2826189 sctp_connection.cpp:195] Unhandled notification type 32777
Apr  4 21:27:19 localhost sctpd[2825747]: I0404 21:27:19.121127 2826189 sctp_connection.cpp:195] Unhandled notification type 32777
Apr  4 21:27:19 localhost sctpd[2825747]: I0404 21:27:19.243904 2826189 sctp_connection.cpp:195] Unhandled notification type 32777
Apr  4 21:27:19 localhost mme[2826144]: [DEBUG] Sending S6A-UPDATE_LOCATION_REQUEST with IMSI: 222700000000001
Apr  4 21:27:19 localhost mme[2826144]: [INFO] Received S6A-LOCATION-UPDATE_ANSWER for IMSI: 222700000000001; Status: ; StatusCode: 2001
Apr  4 21:27:19 localhost mme[2826144]: [INFO] sent itti S6A-LOCATION-UPDATE_ANSWER for IMSI: 222700000000001
Apr  4 21:27:19 localhost sctpd[2825747]: I0404 21:27:19.367020 2826189 sctp_connection.cpp:195] Unhandled notification type 32777
Apr  4 21:27:21 localhost sctpd[2825747]: I0404 21:27:21.757514 2826189 sctp_connection.cpp:195] Unhandled notification type 32777
Apr  4 21:27:22 localhost smsd[2825569]: INFO:root:mme non_eps_service_config is not SMS_ORC8R, sleeping.
Apr  4 21:27:27 localhost smsd[2825569]: INFO:root:mme non_eps_service_config is not SMS_ORC8R, sleeping.
Apr  4 21:27:27 localhost control_proxy[2825621]: 2022-04-04T21:27:26.586Z [127.0.0.1 -> state-controller.magmasi.wavelabs.in,8443] "POST /magma.orc8r.StateService/ReportStates HTTP/2" 200 5bytes 0.830s
Apr  4 21:27:27 localhost magmad[2825401]: INFO:root:Checkin Successful! Successfully sent states to the cloud!
Apr  4 21:27:30 localhost dhclient[601]: DHCPREQUEST for 172.16.5.121 on eth1 to 172.16.5.2 port 67 (xid=0x25c866c5)
Apr  4 21:27:30 localhost mobilityd[2825469]: INFO:root:Using GW info: {'default': {2: ('172.16.4.1', 'eth0')}, 2: [('172.16.4.1', 'eth0', True)]}
Apr  4 21:27:30 localhost mobilityd[2825469]: INFO:root:GW-v6 probe: timer started
Apr  4 21:27:32 localhost smsd[2825569]: INFO:root:mme non_eps_service_config is not SMS_ORC8R, sleeping.
Apr  4 21:27:37 localhost smsd[2825569]: INFO:root:mme non_eps_service_config is not SMS_ORC8R, sleeping.
Apr  4 21:27:37 localhost sctpd[2825747]: I0404 21:27:37.969933 2826189 sctp_connection.cpp:195] Unhandled notification type 32776
Apr  4 21:27:39 localhost sctpd[2825747]: I0404 21:27:39.033035 2826189 sctp_connection.cpp:195] Unhandled notification type 32777
Apr  4 21:27:39 localhost sctpd[2825747]: I0404 21:27:39.357362 2826189 sctp_connection.cpp:195] Unhandled notification type 32777
Apr  4 21:27:41 localhost dhclient[601]: DHCPREQUEST for 172.16.5.121 on eth1 to 172.16.5.2 port 67 (xid=0x25c866c5)
Apr  4 21:27:42 localhost smsd[2825569]: INFO:root:mme non_eps_service_config is not SMS_ORC8R, sleeping.
Apr  4 21:27:47 localhost smsd[2825569]: INFO:root:mme non_eps_service_config is not SMS_ORC8R, sleeping.
Apr  4 21:27:50 localhost mobilityd[2825469]: INFO:root:Using GW info: {'default': {2: ('172.16.4.1', 'eth0')}, 2: [('172.16.4.1', 'eth0', True)]}
Apr  4 21:27:50 localhost mobilityd[2825469]: INFO:root:GW-v6 probe: timer started
Apr  4 21:27:52 localhost smsd[2825569]: INFO:root:mme non_eps_service_config is not SMS_ORC8R, sleeping.
Apr  4 21:27:56 localhost magmad[2825401]: ERROR:root:Metrics upload error for service subscriberdb (chunk 0)! [StatusCode.DEADLINE_EXCEEDED] Deadline Exceeded
Apr  4 21:27:56 localhost magmad[2825401]: ERROR:root:Metrics upload error for service mobilityd (chunk 0)! [StatusCode.DEADLINE_EXCEEDED] Deadline Exceeded
Apr  4 21:27:56 localhost magmad[2825401]: ERROR:root:Metrics upload error for service mme (chunk 0)! [StatusCode.DEADLINE_EXCEEDED] Deadline Exceeded
Apr  4 21:27:56 localhost magmad[2825401]: ERROR:root:Metrics upload error for service magmad (chunk 0)! [StatusCode.DEADLINE_EXCEEDED] Deadline Exceeded
Apr  4 21:27:56 localhost magmad[2825401]: ERROR:root:Metrics upload error for service enodebd (chunk 0)! [StatusCode.DEADLINE_EXCEEDED] Deadline Exceeded
Apr  4 21:27:56 localhost magmad[2825401]: ERROR:root:Metrics upload error for service pipelined (chunk 0)! [StatusCode.DEADLINE_EXCEEDED] Deadline Exceeded
Apr  4 21:27:56 localhost magmad[2825401]: ERROR:root:Metrics upload error for service state (chunk 0)! [StatusCode.DEADLINE_EXCEEDED] Deadline Exceeded
Apr  4 21:27:56 localhost magmad[2825401]: ERROR:root:Metrics upload error for service sessiond (chunk 0)! [StatusCode.DEADLINE_EXCEEDED] Deadline Exceeded
Apr  4 21:27:57 localhost smsd[2825569]: INFO:root:mme non_eps_service_config is not SMS_ORC8R, sleeping.
Apr  4 21:27:59 localhost dhclient[601]: DHCPREQUEST for 172.16.5.121 on eth1 to 172.16.5.2 port 67 (xid=0x25c866c5)
Apr  4 21:28:00 localhost sctpd[2825747]: I0404 21:28:00.371366 2826189 sctp_connection.cpp:195] Unhandled notification type 32776
Apr  4 21:28:01 localhost sctpd[2825747]: I0404 21:28:01.430987 2826189 sctp_connection.cpp:195] Unhandled notification type 32777
Apr  4 21:28:01 localhost sctpd[2825747]: I0404 21:28:01.773290 2826189 sctp_connection.cpp:195] Unhandled notification type 32777
Apr  4 21:28:02 localhost smsd[2825569]: INFO:root:mme non_eps_service_config is not SMS_ORC8R, sleeping.
Apr  4 21:28:07 localhost smsd[2825569]: INFO:root:mme non_eps_service_config is not SMS_ORC8R, sleeping.
Apr  4 21:28:07 localhost sctpd[2825747]: I0404 21:28:07.781219 2826189 sctp_connection.cpp:195] Unhandled notification type 32777
Apr  4 21:28:10 localhost mobilityd[2825469]: INFO:root:Using GW info: {'default': {2: ('172.16.4.1', 'eth0')}, 2: [('172.16.4.1', 'eth0', True)]}
Apr  4 21:28:10 localhost mobilityd[2825469]: INFO:root:GW-v6 probe: timer started
Apr  4 21:28:11 localhost magmad[2825401]: INFO:root:[SyncRPC] Got heartBeat from cloud
Apr  4 21:28:11 localhost sctpd[2825747]: I0404 21:28:11.894564 2826189 sctp_connection.cpp:195] Unhandled notification type 32777
Apr  4 21:28:11 localhost mme[2826144]: [DEBUG] Sending S6A-UPDATE_LOCATION_REQUEST with IMSI: 222700000000001
Apr  4 21:28:11 localhost mme[2826144]: [INFO] Received S6A-LOCATION-UPDATE_ANSWER for IMSI: 222700000000001; Status: ; StatusCode: 2001
Apr  4 21:28:11 localhost mme[2826144]: [INFO] sent itti S6A-LOCATION-UPDATE_ANSWER for IMSI: 222700000000001
Apr  4 21:28:11 localhost sctpd[2825747]: I0404 21:28:11.950731 2826189 sctp_connection.cpp:195] Unhandled notification type 32777
Apr  4 21:28:12 localhost smsd[2825569]: INFO:root:mme non_eps_service_config is not SMS_ORC8R, sleeping.
Apr  4 21:28:13 localhost subscriberdb[2825467]: INFO:root:get digest stored in gateway:
Apr  4 21:28:13 localhost control_proxy[2825621]: 2022-04-04T21:28:13.221Z [127.0.0.1 -> subscriberdb-controller.magmasi.wavelabs.in,8443] "POST /magma.lte.SubscriberDBCloud/CheckInSync HTTP/2" 200 0bytes 0.252s
Apr  4 21:28:13 localhost subscriberdb[2825467]: ERROR:root:Internal Error in subscriberdb-Orc8r communication. If AGW and Orc8r are deployed at a commit hash, upgrade AGW and Orc8r to latest commit hash.
Apr  4 21:28:13 localhost control_proxy[2825621]: 2022-04-04T21:28:13.221Z [127.0.0.1 -> subscriberdb-controller.magmasi.wavelabs.in,8443] "POST /magma.lte.SubscriberDBCloud/Sync HTTP/2" 200 0bytes 0.252s
Apr  4 21:28:13 localhost subscriberdb[2825467]: ERROR:root:Internal Error in subscriberdb-Orc8r communication. If AGW and Orc8r are deployed at a commit hash, upgrade AGW and Orc8r to latest commit hash.
Apr  4 21:28:13 localhost dhclient[601]: DHCPREQUEST for 172.16.5.121 on eth1 to 172.16.5.2 port 67 (xid=0x25c866c5)
Apr  4 21:28:14 localhost control_proxy[2825621]: 2022-04-04T21:28:13.221Z [127.0.0.1 -> subscriberdb-controller.magmasi.wavelabs.in,8443] "POST /magma.lte.SubscriberDBCloud/ListSubscribers HTTP/2" 200 44088bytes 0.801s
Apr  4 21:28:14 localhost subscriberdb[2825467]: INFO:root:Successfully fetched all subscriber pages from the cloud!
Apr  4 21:28:15 localhost subscriberdb[2825467]: INFO:root:update root digest stored in gateway:
Apr  4 21:28:17 localhost smsd[2825569]: INFO:root:mme non_eps_service_config is not SMS_ORC8R, sleeping.
Apr  4 21:28:18 localhost control_proxy[2825621]: 2022-04-04T21:28:18.305Z [127.0.0.1 -> streamer-controller.magmasi.wavelabs.in,8443] "POST /magma.orc8r.Streamer/GetUpdates HTTP/2" 200 173bytes 0.282s
Apr  4 21:28:18 localhost policydb[2825545]: INFO:root:Processing 4 policy updates (resync=True)
Apr  4 21:28:18 localhost control_proxy[2825621]: 2022-04-04T21:28:18.305Z [127.0.0.1 -> streamer-controller.magmasi.wavelabs.in,8443] "POST /magma.orc8r.Streamer/GetUpdates HTTP/2" 200 7bytes 0.273s
Apr  4 21:28:18 localhost policydb[2825545]: INFO:root:Processing 0 basename -> policy updates
Apr  4 21:28:19 localhost control_proxy[2825621]: 2022-04-04T21:28:18.305Z [127.0.0.1 -> streamer-controller.magmasi.wavelabs.in,8443] "POST /magma.orc8r.Streamer/GetUpdates HTTP/2" 200 13513bytes 0.295s
Apr  4 21:28:19 localhost policydb[2825545]: INFO:root:Processing 222 SID -> apn -> policy updates
Apr  4 21:28:19 localhost control_proxy[2825621]: 2022-04-04T21:28:19.172Z [127.0.0.1 -> streamer-controller.magmasi.wavelabs.in,8443] "POST /magma.orc8r.Streamer/GetUpdates HTTP/2" 200 7bytes 0.263s
Apr  4 21:28:19 localhost policydb[2825545]: INFO:root:Processing 0 rating group updates
Apr  4 21:28:22 localhost smsd[2825569]: INFO:root:mme non_eps_service_config is not SMS_ORC8R, sleeping.
Apr  4 21:28:27 localhost smsd[2825569]: INFO:root:mme non_eps_service_config is not SMS_ORC8R, sleeping.
Apr  4 21:28:27 localhost magmad[2825401]: INFO:root:Setting logging level to INFO
Apr  4 21:28:28 localhost sctpd[2825747]: I0404 21:28:28.743258 2826189 sctp_connection.cpp:195] Unhandled notification type 32776
Apr  4 21:28:29 localhost sctpd[2825747]: I0404 21:28:29.819227 2826189 sctp_connection.cpp:195] Unhandled notification type 32777
