Mar 10 17:48:46 localhost control_proxy[965403]: 2022-03-10T17:48:46.392Z [127.0.0.1 -> streamer-controller.magmasi.wavelabs.in,8443] "POST /magma.orc8r.Streamer/GetUpdates HTTP/2" 200 7bytes 0.285s
Mar 10 17:48:46 localhost policydb[965328]: INFO:root:Processing 0 basename -> policy updates
Mar 10 17:48:46 localhost control_proxy[965403]: 2022-03-10T17:48:46.392Z [127.0.0.1 -> streamer-controller.magmasi.wavelabs.in,8443] "POST /magma.orc8r.Streamer/GetUpdates HTTP/2" 200 5113bytes 0.291s
Mar 10 17:48:46 localhost policydb[965328]: INFO:root:Processing 222 SID -> apn -> policy updates
Mar 10 17:48:47 localhost sctpd[965526]: I0310 17:48:47.071199 965996 sctp_connection.cpp:167] HandleClientSock sd = 70
Mar 10 17:48:47 localhost sctpd[965526]: I0310 17:48:47.071303 965996 sctp_connection.cpp:220] [sd:70] msg of len 42 on 3905:0
Mar 10 17:48:47 localhost sctpd[965526]: I0310 17:48:47.073329 965993 sctpd_downlink_impl.cpp:76] SctpdDownlinkImpl::SendDl starting
Mar 10 17:48:47 localhost sctpd[965526]: I0310 17:48:47.073679 965996 sctp_connection.cpp:167] HandleClientSock sd = 70
Mar 10 17:48:47 localhost sctpd[965526]: I0310 17:48:47.073732 965996 sctp_connection.cpp:193] Unhandled notification type 32777
Mar 10 17:48:47 localhost sctpd[965526]: I0310 17:48:47.182773 965996 sctp_connection.cpp:167] HandleClientSock sd = 70
Mar 10 17:48:47 localhost sctpd[965526]: I0310 17:48:47.182883 965996 sctp_connection.cpp:220] [sd:70] msg of len 42 on 3905:0
Mar 10 17:48:47 localhost sctpd[965526]: I0310 17:48:47.184850 965993 sctpd_downlink_impl.cpp:76] SctpdDownlinkImpl::SendDl starting
Mar 10 17:48:47 localhost control_proxy[965403]: 2022-03-10T17:48:46.392Z [127.0.0.1 -> streamer-controller.magmasi.wavelabs.in,8443] "POST /magma.orc8r.Streamer/GetUpdates HTTP/2" 200 7bytes 0.276s
Mar 10 17:48:47 localhost policydb[965328]: INFO:root:Processing 0 rating group updates
Mar 10 17:48:47 localhost sctpd[965526]: I0310 17:48:47.299141 965996 sctp_connection.cpp:167] HandleClientSock sd = 70
Mar 10 17:48:47 localhost sctpd[965526]: I0310 17:48:47.299238 965996 sctp_connection.cpp:193] Unhandled notification type 32777
Mar 10 17:48:47 localhost sctpd[965526]: I0310 17:48:47.299257 965996 sctp_connection.cpp:167] HandleClientSock sd = 70
Mar 10 17:48:47 localhost sctpd[965526]: I0310 17:48:47.299278 965996 sctp_connection.cpp:220] [sd:70] msg of len 88 on 3905:1
Mar 10 17:48:47 localhost sctpd[965526]: I0310 17:48:47.314822 965993 sctpd_downlink_impl.cpp:76] SctpdDownlinkImpl::SendDl starting
Mar 10 17:48:47 localhost sctpd[965526]: I0310 17:48:47.413465 965996 sctp_connection.cpp:167] HandleClientSock sd = 70
Mar 10 17:48:47 localhost sctpd[965526]: I0310 17:48:47.413565 965996 sctp_connection.cpp:193] Unhandled notification type 32777
Mar 10 17:48:47 localhost sctpd[965526]: I0310 17:48:47.413585 965996 sctp_connection.cpp:167] HandleClientSock sd = 70
Mar 10 17:48:47 localhost sctpd[965526]: I0310 17:48:47.413605 965996 sctp_connection.cpp:220] [sd:70] msg of len 67 on 3905:1
Mar 10 17:48:47 localhost sctpd[965526]: I0310 17:48:47.418526 965993 sctpd_downlink_impl.cpp:76] SctpdDownlinkImpl::SendDl starting
Mar 10 17:48:47 localhost sctpd[965526]: I0310 17:48:47.530719 965996 sctp_connection.cpp:167] HandleClientSock sd = 70
Mar 10 17:48:47 localhost sctpd[965526]: I0310 17:48:47.530809 965996 sctp_connection.cpp:193] Unhandled notification type 32777
Mar 10 17:48:47 localhost sctpd[965526]: I0310 17:48:47.530828 965996 sctp_connection.cpp:167] HandleClientSock sd = 70
Mar 10 17:48:47 localhost sctpd[965526]: I0310 17:48:47.530848 965996 sctp_connection.cpp:220] [sd:70] msg of len 56 on 3905:1
Mar 10 17:48:47 localhost mme[965940]: [DEBUG] Sending S6A-UPDATE_LOCATION_REQUEST with IMSI: 222700000000001
Mar 10 17:48:47 localhost sctpd[965526]: I0310 17:48:47.537571 965993 sctpd_downlink_impl.cpp:76] SctpdDownlinkImpl::SendDl starting
Mar 10 17:48:47 localhost mme[965940]: [INFO] Received S6A-LOCATION-UPDATE_ANSWER for IMSI: 222700000000001; Status: ; StatusCode: 2001
Mar 10 17:48:47 localhost mme[965940]: [INFO] sent itti S6A-LOCATION-UPDATE_ANSWER for IMSI: 222700000000001
Mar 10 17:48:47 localhost sctpd[965526]: I0310 17:48:47.650859 965996 sctp_connection.cpp:167] HandleClientSock sd = 70
Mar 10 17:48:47 localhost sctpd[965526]: I0310 17:48:47.650959 965996 sctp_connection.cpp:193] Unhandled notification type 32777
Mar 10 17:48:47 localhost sctpd[965526]: I0310 17:48:47.650976 965996 sctp_connection.cpp:167] HandleClientSock sd = 70
Mar 10 17:48:47 localhost sctpd[965526]: I0310 17:48:47.650997 965996 sctp_connection.cpp:220] [sd:70] msg of len 22 on 3905:1
Mar 10 17:48:47 localhost sctpd[965526]: I0310 17:48:47.855314 965996 sctp_connection.cpp:167] HandleClientSock sd = 70
Mar 10 17:48:47 localhost sctpd[965526]: I0310 17:48:47.855424 965996 sctp_connection.cpp:220] [sd:70] msg of len 56 on 3905:1
Mar 10 17:48:48 localhost magmad[965184]: ERROR:root:Metrics upload error for service subscriberdb (chunk 0)! [StatusCode.DEADLINE_EXCEEDED] Deadline Exceeded
Mar 10 17:48:48 localhost magmad[965184]: ERROR:root:Metrics upload error for service mobilityd (chunk 0)! [StatusCode.DEADLINE_EXCEEDED] Deadline Exceeded
Mar 10 17:48:48 localhost magmad[965184]: ERROR:root:Metrics upload error for service mme (chunk 0)! [StatusCode.DEADLINE_EXCEEDED] Deadline Exceeded
Mar 10 17:48:48 localhost magmad[965184]: ERROR:root:Metrics upload error for service magmad (chunk 0)! [StatusCode.DEADLINE_EXCEEDED] Deadline Exceeded
Mar 10 17:48:48 localhost magmad[965184]: ERROR:root:Metrics upload error for service enodebd (chunk 0)! [StatusCode.DEADLINE_EXCEEDED] Deadline Exceeded
Mar 10 17:48:48 localhost magmad[965184]: ERROR:root:Metrics upload error for service pipelined (chunk 0)! [StatusCode.DEADLINE_EXCEEDED] Deadline Exceeded
Mar 10 17:48:48 localhost magmad[965184]: ERROR:root:Metrics upload error for service state (chunk 0)! [StatusCode.DEADLINE_EXCEEDED] Deadline Exceeded
Mar 10 17:48:48 localhost magmad[965184]: ERROR:root:Metrics upload error for service sessiond (chunk 0)! [StatusCode.DEADLINE_EXCEEDED] Deadline Exceeded
Mar 10 17:48:48 localhost sctpd[965526]: I0310 17:48:48.831354 965996 sctp_connection.cpp:167] HandleClientSock sd = 70
Mar 10 17:48:48 localhost sctpd[965526]: I0310 17:48:48.831462 965996 sctp_connection.cpp:220] [sd:70] msg of len 70 on 3905:1
Mar 10 17:48:49 localhost dhclient[601]: DHCPREQUEST for 172.16.5.121 on eth1 to 172.16.5.2 port 67 (xid=0x4b4058b5)
Mar 10 17:48:50 localhost smsd[965347]: INFO:root:mme non_eps_service_config is not SMS_ORC8R, sleeping.
Mar 10 17:48:53 localhost dnsmasq-dhcp[965430]: DHCPDISCOVER(eth1) fa:16:3e:2a:89:3f 
Mar 10 17:48:53 localhost dnsmasq-dhcp[965430]: DHCPOFFER(eth1) 172.16.7.251 fa:16:3e:2a:89:3f 
Mar 10 17:48:55 localhost smsd[965347]: INFO:root:mme non_eps_service_config is not SMS_ORC8R, sleeping.
Mar 10 17:49:01 localhost smsd[965347]: INFO:root:mme non_eps_service_config is not SMS_ORC8R, sleeping.
Mar 10 17:49:01 localhost sctpd[965526]: I0310 17:49:01.209903 965996 sctp_connection.cpp:167] HandleClientSock sd = 70
Mar 10 17:49:01 localhost sctpd[965526]: I0310 17:49:01.210027 965996 sctp_connection.cpp:185] SCTP_SHUTDOWN_EVENT received
Mar 10 17:49:01 localhost sctpd[965526]: I0310 17:49:01.210050 965996 sctp_connection.cpp:280] Sending close connection for assoc_id 3905
Mar 10 17:49:02 localhost mobilityd[965259]: INFO:root:Released IP 192.168.128.236 for sid IMSI222700000000001
Mar 10 17:49:06 localhost smsd[965347]: INFO:root:mme non_eps_service_config is not SMS_ORC8R, sleeping.
Mar 10 17:49:06 localhost mobilityd[965259]: INFO:root:Using GW info: {'default': {2: ('172.16.4.1', 'eth0')}, 2: [('172.16.4.1', 'eth0', True)]}
Mar 10 17:49:06 localhost mobilityd[965259]: INFO:root:GW-v6 probe: timer started
Mar 10 17:49:07 localhost dnsmasq-dhcp[965430]: DHCPDISCOVER(eth1) fa:16:3e:2a:89:3f 
Mar 10 17:49:07 localhost dnsmasq-dhcp[965430]: DHCPOFFER(eth1) 172.16.7.251 fa:16:3e:2a:89:3f 
Mar 10 17:49:10 localhost dhclient[601]: DHCPREQUEST for 172.16.5.121 on eth1 to 172.16.5.2 port 67 (xid=0x4b4058b5)
Mar 10 17:49:10 localhost sctpd[965526]: I0310 17:49:10.224462 965996 sctp_connection.cpp:167] HandleClientSock sd = 71
Mar 10 17:49:10 localhost sctpd[965526]: I0310 17:49:10.224566 965996 sctp_connection.cpp:189] SCTP association change event received
Mar 10 17:49:10 localhost sctpd[965526]: I0310 17:49:10.225359 965996 sctp_connection.cpp:167] HandleClientSock sd = 71
Mar 10 17:49:10 localhost sctpd[965526]: I0310 17:49:10.225394 965996 sctp_connection.cpp:193] Unhandled notification type 32776
Mar 10 17:49:10 localhost sctpd[965526]: I0310 17:49:10.321377 965996 sctp_connection.cpp:167] HandleClientSock sd = 72
Mar 10 17:49:10 localhost sctpd[965526]: I0310 17:49:10.321468 965996 sctp_connection.cpp:189] SCTP association change event received
Mar 10 17:49:10 localhost sctpd[965526]: I0310 17:49:10.322568 965996 sctp_connection.cpp:167] HandleClientSock sd = 72
Mar 10 17:49:10 localhost sctpd[965526]: I0310 17:49:10.322619 965996 sctp_connection.cpp:193] Unhandled notification type 32776
Mar 10 17:49:11 localhost smsd[965347]: INFO:root:mme non_eps_service_config is not SMS_ORC8R, sleeping.
Mar 10 17:49:11 localhost sctpd[965526]: I0310 17:49:11.380791 965996 sctp_connection.cpp:167] HandleClientSock sd = 71
Mar 10 17:49:11 localhost sctpd[965526]: I0310 17:49:11.380911 965996 sctp_connection.cpp:220] [sd:71] msg of len 42 on 3906:0
Mar 10 17:49:11 localhost sctpd[965526]: I0310 17:49:11.383430 965531 sctpd_downlink_impl.cpp:76] SctpdDownlinkImpl::SendDl starting
Mar 10 17:49:11 localhost sctpd[965526]: I0310 17:49:11.384104 965996 sctp_connection.cpp:167] HandleClientSock sd = 71
Mar 10 17:49:11 localhost sctpd[965526]: I0310 17:49:11.384182 965996 sctp_connection.cpp:193] Unhandled notification type 32777
Mar 10 17:49:11 localhost sctpd[965526]: I0310 17:49:11.491549 965996 sctp_connection.cpp:167] HandleClientSock sd = 72
Mar 10 17:49:11 localhost sctpd[965526]: I0310 17:49:11.491654 965996 sctp_connection.cpp:220] [sd:72] msg of len 42 on 3907:0
Mar 10 17:49:11 localhost sctpd[965526]: I0310 17:49:11.493571 965531 sctpd_downlink_impl.cpp:76] SctpdDownlinkImpl::SendDl starting
Mar 10 17:49:11 localhost sctpd[965526]: I0310 17:49:11.494263 965996 sctp_connection.cpp:167] HandleClientSock sd = 72
Mar 10 17:49:11 localhost sctpd[965526]: I0310 17:49:11.494345 965996 sctp_connection.cpp:193] Unhandled notification type 32777
Mar 10 17:49:11 localhost sctpd[965526]: I0310 17:49:11.601963 965996 sctp_connection.cpp:167] HandleClientSock sd = 72
Mar 10 17:49:11 localhost sctpd[965526]: I0310 17:49:11.602053 965996 sctp_connection.cpp:220] [sd:72] msg of len 88 on 3907:1
Mar 10 17:49:11 localhost sctpd[965526]: I0310 17:49:11.618630 965531 sctpd_downlink_impl.cpp:76] SctpdDownlinkImpl::SendDl starting
Mar 10 17:49:11 localhost sctpd[965526]: I0310 17:49:11.714531 965996 sctp_connection.cpp:167] HandleClientSock sd = 72
Mar 10 17:49:11 localhost sctpd[965526]: I0310 17:49:11.714618 965996 sctp_connection.cpp:193] Unhandled notification type 32777
Mar 10 17:49:11 localhost sctpd[965526]: I0310 17:49:11.714637 965996 sctp_connection.cpp:167] HandleClientSock sd = 72
Mar 10 17:49:11 localhost sctpd[965526]: I0310 17:49:11.714656 965996 sctp_connection.cpp:220] [sd:72] msg of len 67 on 3907:1
Mar 10 17:49:11 localhost sctpd[965526]: I0310 17:49:11.719449 965531 sctpd_downlink_impl.cpp:76] SctpdDownlinkImpl::SendDl starting
Mar 10 17:49:11 localhost sctpd[965526]: I0310 17:49:11.829972 965996 sctp_connection.cpp:167] HandleClientSock sd = 72
Mar 10 17:49:11 localhost sctpd[965526]: I0310 17:49:11.830096 965996 sctp_connection.cpp:193] Unhandled notification type 32777
Mar 10 17:49:11 localhost sctpd[965526]: I0310 17:49:11.830116 965996 sctp_connection.cpp:167] HandleClientSock sd = 72
Mar 10 17:49:11 localhost sctpd[965526]: I0310 17:49:11.830137 965996 sctp_connection.cpp:220] [sd:72] msg of len 56 on 3907:1
Mar 10 17:49:11 localhost mme[965940]: [DEBUG] Sending S6A-UPDATE_LOCATION_REQUEST with IMSI: 222700000000001
Mar 10 17:49:11 localhost sctpd[965526]: I0310 17:49:11.836666 965531 sctpd_downlink_impl.cpp:76] SctpdDownlinkImpl::SendDl starting
Mar 10 17:49:11 localhost mme[965940]: [INFO] Received S6A-LOCATION-UPDATE_ANSWER for IMSI: 222700000000001; Status: ; StatusCode: 2001
Mar 10 17:49:11 localhost mme[965940]: [INFO] sent itti S6A-LOCATION-UPDATE_ANSWER for IMSI: 222700000000001
Mar 10 17:49:11 localhost sctpd[965526]: I0310 17:49:11.946866 965996 sctp_connection.cpp:167] HandleClientSock sd = 72
Mar 10 17:49:11 localhost sctpd[965526]: I0310 17:49:11.946983 965996 sctp_connection.cpp:193] Unhandled notification type 32777
Mar 10 17:49:11 localhost sctpd[965526]: I0310 17:49:11.947012 965996 sctp_connection.cpp:167] HandleClientSock sd = 72
Mar 10 17:49:11 localhost sctpd[965526]: I0310 17:49:11.947037 965996 sctp_connection.cpp:220] [sd:72] msg of len 22 on 3907:1
Mar 10 17:49:12 localhost sctpd[965526]: I0310 17:49:12.151118 965996 sctp_connection.cpp:167] HandleClientSock sd = 72
Mar 10 17:49:12 localhost sctpd[965526]: I0310 17:49:12.151229 965996 sctp_connection.cpp:220] [sd:72] msg of len 56 on 3907:1
Mar 10 17:49:14 localhost sctpd[965526]: I0310 17:49:14.168459 965996 sctp_connection.cpp:167] HandleClientSock sd = 72
Mar 10 17:49:14 localhost sctpd[965526]: I0310 17:49:14.168591 965996 sctp_connection.cpp:220] [sd:72] msg of len 82 on 3907:1
Mar 10 17:49:14 localhost mobilityd[965259]: INFO:root:Allocating the same IP 192.168.128.236 for sid IMSI222700000000001.default,ipv4
Mar 10 17:49:14 localhost mobilityd[965259]: INFO:root:Allocated IP 192.168.128.236 for sid IMSI222700000000001 for apn default
Mar 10 17:49:14 localhost sessiond[965262]: I0310 17:49:14.183480 965262 SetMessageManagerHandler.cpp:294] Duplicate request of same PDU_id 1 of IMSI IMSI222700000000001 nothing to do
Mar 10 17:49:14 localhost mme[965940]: AsyncSetAmfSessionContext fails with code 6, msg: Duplicate request
Mar 10 17:49:15 localhost dnsmasq-dhcp[965430]: DHCPDISCOVER(eth1) fa:16:3e:2a:89:3f 
Mar 10 17:49:15 localhost dnsmasq-dhcp[965430]: DHCPOFFER(eth1) 172.16.7.251 fa:16:3e:2a:89:3f 
Mar 10 17:49:16 localhost smsd[965347]: INFO:root:mme non_eps_service_config is not SMS_ORC8R, sleeping.
Mar 10 17:49:19 localhost magmad[965184]: INFO:root:Setting logging level to INFO
Mar 10 17:49:21 localhost smsd[965347]: INFO:root:mme non_eps_service_config is not SMS_ORC8R, sleeping.
Mar 10 17:49:25 localhost magmad[965184]: INFO:root:[SyncRPC] Got heartBeat from cloud
Mar 10 17:49:25 localhost dnsmasq-dhcp[965430]: DHCPDISCOVER(eth1) fa:16:3e:2a:89:3f 
Mar 10 17:49:25 localhost dnsmasq-dhcp[965430]: DHCPOFFER(eth1) 172.16.7.251 fa:16:3e:2a:89:3f 
Mar 10 17:49:25 localhost dhclient[601]: DHCPREQUEST for 172.16.5.121 on eth1 to 172.16.5.2 port 67 (xid=0x4b4058b5)
Mar 10 17:49:26 localhost mobilityd[965259]: INFO:root:Using GW info: {'default': {2: ('172.16.4.1', 'eth0')}, 2: [('172.16.4.1', 'eth0', True)]}
Mar 10 17:49:26 localhost mobilityd[965259]: INFO:root:GW-v6 probe: timer started
Mar 10 17:49:26 localhost smsd[965347]: INFO:root:mme non_eps_service_config is not SMS_ORC8R, sleeping.
Mar 10 17:49:26 localhost control_proxy[965403]: 2022-03-10T17:48:25.893Z [127.0.0.1 -> streamer-controller.magmasi.wavelabs.in,8443] "POST /magma.orc8r.Streamer/GetUpdates HTTP/2" 200 0bytes 60.280s
Mar 10 17:49:26 localhost magmad[965184]: ERROR:root:Error! Streaming from the cloud failed! [StatusCode.ABORTED] error while streaming updates: rpc error: code = DeadlineExceeded desc = context deadline exceeded
Mar 10 17:49:26 localhost sctpd[965526]: I0310 17:49:26.510998 965996 sctp_connection.cpp:167] HandleClientSock sd = 71
Mar 10 17:49:26 localhost sctpd[965526]: I0310 17:49:26.511119 965996 sctp_connection.cpp:185] SCTP_SHUTDOWN_EVENT received
Mar 10 17:49:26 localhost sctpd[965526]: I0310 17:49:26.511134 965996 sctp_connection.cpp:280] Sending close connection for assoc_id 3906
Mar 10 17:49:26 localhost sctpd[965526]: I0310 17:49:26.562716 965996 sctp_connection.cpp:167] HandleClientSock sd = 72
Mar 10 17:49:26 localhost sctpd[965526]: I0310 17:49:26.562806 965996 sctp_connection.cpp:185] SCTP_SHUTDOWN_EVENT received
Mar 10 17:49:26 localhost sctpd[965526]: I0310 17:49:26.562819 965996 sctp_connection.cpp:280] Sending close connection for assoc_id 3907
Mar 10 17:49:31 localhost smsd[965347]: INFO:root:mme non_eps_service_config is not SMS_ORC8R, sleeping.
Mar 10 17:49:35 localhost sctpd[965526]: I0310 17:49:35.964552 965996 sctp_connection.cpp:167] HandleClientSock sd = 73
Mar 10 17:49:35 localhost sctpd[965526]: I0310 17:49:35.964659 965996 sctp_connection.cpp:189] SCTP association change event received
Mar 10 17:49:35 localhost sctpd[965526]: I0310 17:49:35.965446 965996 sctp_connection.cpp:167] HandleClientSock sd = 73
Mar 10 17:49:35 localhost sctpd[965526]: I0310 17:49:35.965488 965996 sctp_connection.cpp:193] Unhandled notification type 32776
Mar 10 17:49:36 localhost smsd[965347]: INFO:root:mme non_eps_service_config is not SMS_ORC8R, sleeping.
Mar 10 17:49:37 localhost sctpd[965526]: I0310 17:49:37.022712 965996 sctp_connection.cpp:167] HandleClientSock sd = 73
Mar 10 17:49:37 localhost sctpd[965526]: I0310 17:49:37.022778 965996 sctp_connection.cpp:220] [sd:73] msg of len 42 on 3908:0
Mar 10 17:49:37 localhost sctpd[965526]: I0310 17:49:37.025219 965993 sctpd_downlink_impl.cpp:76] SctpdDownlinkImpl::SendDl starting
Mar 10 17:49:37 localhost sctpd[965526]: I0310 17:49:37.025755 965996 sctp_connection.cpp:167] HandleClientSock sd = 73
Mar 10 17:49:37 localhost sctpd[965526]: I0310 17:49:37.025833 965996 sctp_connection.cpp:193] Unhandled notification type 32777
Mar 10 17:49:37 localhost sctpd[965526]: I0310 17:49:37.132488 965996 sctp_connection.cpp:167] HandleClientSock sd = 73
Mar 10 17:49:37 localhost sctpd[965526]: I0310 17:49:37.132555 965996 sctp_connection.cpp:220] [sd:73] msg of len 88 on 3908:1
Mar 10 17:49:37 localhost sctpd[965526]: I0310 17:49:37.146975 965993 sctpd_downlink_impl.cpp:76] SctpdDownlinkImpl::SendDl starting
Mar 10 17:49:37 localhost sctpd[965526]: I0310 17:49:37.244271 965996 sctp_connection.cpp:167] HandleClientSock sd = 73
Mar 10 17:49:37 localhost sctpd[965526]: I0310 17:49:37.244391 965996 sctp_connection.cpp:193] Unhandled notification type 32777
Mar 10 17:49:37 localhost sctpd[965526]: I0310 17:49:37.244418 965996 sctp_connection.cpp:167] HandleClientSock sd = 73
Mar 10 17:49:37 localhost sctpd[965526]: I0310 17:49:37.244447 965996 sctp_connection.cpp:220] [sd:73] msg of len 67 on 3908:1
Mar 10 17:49:37 localhost sctpd[965526]: I0310 17:49:37.249866 965993 sctpd_downlink_impl.cpp:76] SctpdDownlinkImpl::SendDl starting
Mar 10 17:49:37 localhost sctpd[965526]: I0310 17:49:37.363098 965996 sctp_connection.cpp:167] HandleClientSock sd = 73
Mar 10 17:49:37 localhost sctpd[965526]: I0310 17:49:37.363198 965996 sctp_connection.cpp:193] Unhandled notification type 32777
Mar 10 17:49:37 localhost sctpd[965526]: I0310 17:49:37.363215 965996 sctp_connection.cpp:167] HandleClientSock sd = 73
Mar 10 17:49:37 localhost sctpd[965526]: I0310 17:49:37.363238 965996 sctp_connection.cpp:220] [sd:73] msg of len 56 on 3908:1
Mar 10 17:49:37 localhost mme[965940]: [DEBUG] Sending S6A-UPDATE_LOCATION_REQUEST with IMSI: 222700000000001
Mar 10 17:49:37 localhost sctpd[965526]: I0310 17:49:37.369653 965993 sctpd_downlink_impl.cpp:76] SctpdDownlinkImpl::SendDl starting
Mar 10 17:49:37 localhost mme[965940]: [INFO] Received S6A-LOCATION-UPDATE_ANSWER for IMSI: 222700000000001; Status: ; StatusCode: 2001
Mar 10 17:49:37 localhost mme[965940]: [INFO] sent itti S6A-LOCATION-UPDATE_ANSWER for IMSI: 222700000000001
Mar 10 17:49:37 localhost sctpd[965526]: I0310 17:49:37.486886 965996 sctp_connection.cpp:167] HandleClientSock sd = 73
Mar 10 17:49:37 localhost sctpd[965526]: I0310 17:49:37.486992 965996 sctp_connection.cpp:193] Unhandled notification type 32777
Mar 10 17:49:37 localhost sctpd[965526]: I0310 17:49:37.487013 965996 sctp_connection.cpp:167] HandleClientSock sd = 73
Mar 10 17:49:37 localhost sctpd[965526]: I0310 17:49:37.487035 965996 sctp_connection.cpp:220] [sd:73] msg of len 56 on 3908:1
Mar 10 17:49:37 localhost sctpd[965526]: I0310 17:49:37.691110 965996 sctp_connection.cpp:167] HandleClientSock sd = 73
Mar 10 17:49:37 localhost sctpd[965526]: I0310 17:49:37.691210 965996 sctp_connection.cpp:220] [sd:73] msg of len 82 on 3908:1
Mar 10 17:49:37 localhost mobilityd[965259]: WARNING:root:Re-allocate IP 192.168.128.236 for sid IMSI222700000000001.default,ipv4 without MME releasing it first ip-state-map
Mar 10 17:49:37 localhost mobilityd[965259]: INFO:root:Allocating the same IP 192.168.128.236 for sid IMSI222700000000001.default,ipv4
Mar 10 17:49:37 localhost mobilityd[965259]: INFO:root:Allocated IP 192.168.128.236 for sid IMSI222700000000001 for apn default
Mar 10 17:49:37 localhost sessiond[965262]: I0310 17:49:37.701426 965262 SetMessageManagerHandler.cpp:294] Duplicate request of same PDU_id 1 of IMSI IMSI222700000000001 nothing to do
Mar 10 17:49:37 localhost mme[965940]: AsyncSetAmfSessionContext fails with code 6, msg: Duplicate request
Mar 10 17:49:38 localhost control_proxy[965403]: 2022-03-10T17:49:37.842Z [127.0.0.1 -> state-controller.magmasi.wavelabs.in,8443] "POST /magma.orc8r.StateService/ReportStates HTTP/2" 200 5bytes 0.538s
Mar 10 17:49:38 localhost magmad[965184]: INFO:root:Checkin Successful! Successfully sent states to the cloud!
Mar 10 17:49:39 localhost dnsmasq-dhcp[965430]: DHCPDISCOVER(eth1) fa:16:3e:2a:89:3f 
Mar 10 17:49:39 localhost dnsmasq-dhcp[965430]: DHCPOFFER(eth1) 172.16.7.251 fa:16:3e:2a:89:3f 
Mar 10 17:49:41 localhost smsd[965347]: INFO:root:mme non_eps_service_config is not SMS_ORC8R, sleeping.
Mar 10 17:49:41 localhost dhclient[601]: DHCPREQUEST for 172.16.5.121 on eth1 to 172.16.5.2 port 67 (xid=0x4b4058b5)
Mar 10 17:49:46 localhost mobilityd[965259]: INFO:root:Using GW info: {'default': {2: ('172.16.4.1', 'eth0')}, 2: [('172.16.4.1', 'eth0', True)]}
Mar 10 17:49:46 localhost mobilityd[965259]: INFO:root:GW-v6 probe: timer started
Mar 10 17:49:46 localhost smsd[965347]: INFO:root:mme non_eps_service_config is not SMS_ORC8R, sleeping.
Mar 10 17:49:47 localhost dnsmasq-dhcp[965430]: DHCPDISCOVER(eth1) fa:16:3e:2a:89:3f 
Mar 10 17:49:47 localhost dnsmasq-dhcp[965430]: DHCPOFFER(eth1) 172.16.7.251 fa:16:3e:2a:89:3f 
Mar 10 17:49:47 localhost control_proxy[965403]: 2022-03-10T17:49:47.303Z [127.0.0.1 -> streamer-controller.magmasi.wavelabs.in,8443] "POST /magma.orc8r.Streamer/GetUpdates HTTP/2" 200 91bytes 0.544s
Mar 10 17:49:47 localhost policydb[965328]: INFO:root:Processing 2 policy updates (resync=True)
Mar 10 17:49:48 localhost magmad[965184]: ERROR:root:Metrics upload error for service subscriberdb (chunk 0)! [StatusCode.DEADLINE_EXCEEDED] Deadline Exceeded
Mar 10 17:49:48 localhost magmad[965184]: ERROR:root:Metrics upload error for service mobilityd (chunk 0)! [StatusCode.DEADLINE_EXCEEDED] Deadline Exceeded
Mar 10 17:49:48 localhost magmad[965184]: ERROR:root:Metrics upload error for service mme (chunk 0)! [StatusCode.DEADLINE_EXCEEDED] Deadline Exceeded
Mar 10 17:49:48 localhost control_proxy[965403]: 2022-03-10T17:49:47.303Z [127.0.0.1 -> streamer-controller.magmasi.wavelabs.in,8443] "POST /magma.orc8r.Streamer/GetUpdates HTTP/2" 200 7bytes 0.277s
Mar 10 17:49:48 localhost policydb[965328]: INFO:root:Processing 0 basename -> policy updates
Mar 10 17:49:48 localhost magmad[965184]: ERROR:root:Metrics upload error for service magmad (chunk 0)! [StatusCode.DEADLINE_EXCEEDED] Deadline Exceeded
Mar 10 17:49:48 localhost magmad[965184]: ERROR:root:Metrics upload error for service enodebd (chunk 0)! [StatusCode.DEADLINE_EXCEEDED] Deadline Exceeded
Mar 10 17:49:48 localhost magmad[965184]: ERROR:root:Metrics upload error for service pipelined (chunk 0)! [StatusCode.DEADLINE_EXCEEDED] Deadline Exceeded
Mar 10 17:49:48 localhost magmad[965184]: ERROR:root:Metrics upload error for service state (chunk 0)! [StatusCode.DEADLINE_EXCEEDED] Deadline Exceeded
Mar 10 17:49:48 localhost magmad[965184]: ERROR:root:Metrics upload error for service sessiond (chunk 0)! [StatusCode.DEADLINE_EXCEEDED] Deadline Exceeded
Mar 10 17:49:48 localhost control_proxy[965403]: 2022-03-10T17:49:48.137Z [127.0.0.1 -> streamer-controller.magmasi.wavelabs.in,8443] "POST /magma.orc8r.Streamer/GetUpdates HTTP/2" 200 5113bytes 0.295s
Mar 10 17:49:48 localhost policydb[965328]: INFO:root:Processing 222 SID -> apn -> policy updates
Mar 10 17:49:48 localhost control_proxy[965403]: 2022-03-10T17:49:48.137Z [127.0.0.1 -> streamer-controller.magmasi.wavelabs.in,8443] "POST /magma.orc8r.Streamer/GetUpdates HTTP/2" 200 7bytes 0.276s
Mar 10 17:49:48 localhost policydb[965328]: INFO:root:Processing 0 rating group updates
Mar 10 17:49:49 localhost sctpd[965526]: I0310 17:49:49.890038 965996 sctp_connection.cpp:167] HandleClientSock sd = 73
Mar 10 17:49:49 localhost sctpd[965526]: I0310 17:49:49.890206 965996 sctp_connection.cpp:185] SCTP_SHUTDOWN_EVENT received
Mar 10 17:49:49 localhost sctpd[965526]: I0310 17:49:49.890219 965996 sctp_connection.cpp:280] Sending close connection for assoc_id 3908
Mar 10 17:49:51 localhost smsd[965347]: INFO:root:mme non_eps_service_config is not SMS_ORC8R, sleeping.
Mar 10 17:49:53 localhost dhclient[601]: DHCPREQUEST for 172.16.5.121 on eth1 to 172.16.5.2 port 67 (xid=0x4b4058b5)
Mar 10 17:49:56 localhost smsd[965347]: INFO:root:mme non_eps_service_config is not SMS_ORC8R, sleeping.
Mar 10 17:49:57 localhost dnsmasq-dhcp[965430]: DHCPDISCOVER(eth1) fa:16:3e:2a:89:3f 
Mar 10 17:49:57 localhost dnsmasq-dhcp[965430]: DHCPOFFER(eth1) 172.16.7.251 fa:16:3e:2a:89:3f 
Mar 10 17:49:58 localhost sctpd[965526]: I0310 17:49:58.967085 965996 sctp_connection.cpp:167] HandleClientSock sd = 74
Mar 10 17:49:58 localhost sctpd[965526]: I0310 17:49:58.967213 965996 sctp_connection.cpp:189] SCTP association change event received
Mar 10 17:49:58 localhost sctpd[965526]: I0310 17:49:58.968191 965996 sctp_connection.cpp:167] HandleClientSock sd = 74
Mar 10 17:49:58 localhost sctpd[965526]: I0310 17:49:58.968245 965996 sctp_connection.cpp:193] Unhandled notification type 32776
Mar 10 17:50:00 localhost sctpd[965526]: I0310 17:50:00.027704 965996 sctp_connection.cpp:167] HandleClientSock sd = 74
Mar 10 17:50:00 localhost sctpd[965526]: I0310 17:50:00.027824 965996 sctp_connection.cpp:220] [sd:74] msg of len 42 on 3909:0
Mar 10 17:50:00 localhost sctpd[965526]: I0310 17:50:00.030110 965531 sctpd_downlink_impl.cpp:76] SctpdDownlinkImpl::SendDl starting
Mar 10 17:50:00 localhost sctpd[965526]: I0310 17:50:00.030822 965996 sctp_connection.cpp:167] HandleClientSock sd = 74
Mar 10 17:50:00 localhost sctpd[965526]: I0310 17:50:00.030908 965996 sctp_connection.cpp:193] Unhandled notification type 32777
Mar 10 17:50:00 localhost sctpd[965526]: I0310 17:50:00.142781 965996 sctp_connection.cpp:167] HandleClientSock sd = 74
Mar 10 17:50:00 localhost sctpd[965526]: I0310 17:50:00.142887 965996 sctp_connection.cpp:220] [sd:74] msg of len 88 on 3909:1
Mar 10 17:50:00 localhost sctpd[965526]: I0310 17:50:00.159662 965993 sctpd_downlink_impl.cpp:76] SctpdDownlinkImpl::SendDl starting
Mar 10 17:50:00 localhost sctpd[965526]: I0310 17:50:00.262284 965996 sctp_connection.cpp:167] HandleClientSock sd = 74
Mar 10 17:50:00 localhost sctpd[965526]: I0310 17:50:00.262387 965996 sctp_connection.cpp:193] Unhandled notification type 32777
Mar 10 17:50:00 localhost sctpd[965526]: I0310 17:50:00.262406 965996 sctp_connection.cpp:167] HandleClientSock sd = 74
Mar 10 17:50:00 localhost sctpd[965526]: I0310 17:50:00.262429 965996 sctp_connection.cpp:220] [sd:74] msg of len 67 on 3909:1
Mar 10 17:50:00 localhost sctpd[965526]: I0310 17:50:00.267323 965993 sctpd_downlink_impl.cpp:76] SctpdDownlinkImpl::SendDl starting
Mar 10 17:50:00 localhost sctpd[965526]: I0310 17:50:00.374025 965996 sctp_connection.cpp:167] HandleClientSock sd = 74
Mar 10 17:50:00 localhost sctpd[965526]: I0310 17:50:00.374123 965996 sctp_connection.cpp:193] Unhandled notification type 32777
Mar 10 17:50:00 localhost sctpd[965526]: I0310 17:50:00.374143 965996 sctp_connection.cpp:167] HandleClientSock sd = 74
Mar 10 17:50:00 localhost sctpd[965526]: I0310 17:50:00.374164 965996 sctp_connection.cpp:220] [sd:74] msg of len 56 on 3909:1
Mar 10 17:50:00 localhost mme[965940]: [DEBUG] Sending S6A-UPDATE_LOCATION_REQUEST with IMSI: 222700000000001
Mar 10 17:50:00 localhost sctpd[965526]: I0310 17:50:00.379734 965993 sctpd_downlink_impl.cpp:76] SctpdDownlinkImpl::SendDl starting
Mar 10 17:50:00 localhost mme[965940]: [INFO] Received S6A-LOCATION-UPDATE_ANSWER for IMSI: 222700000000001; Status: ; StatusCode: 2001
Mar 10 17:50:00 localhost mme[965940]: [INFO] sent itti S6A-LOCATION-UPDATE_ANSWER for IMSI: 222700000000001
Mar 10 17:50:00 localhost sctpd[965526]: I0310 17:50:00.494344 965996 sctp_connection.cpp:167] HandleClientSock sd = 74
Mar 10 17:50:00 localhost sctpd[965526]: I0310 17:50:00.494441 965996 sctp_connection.cpp:193] Unhandled notification type 32777
Mar 10 17:50:00 localhost sctpd[965526]: I0310 17:50:00.494462 965996 sctp_connection.cpp:167] HandleClientSock sd = 74
Mar 10 17:50:00 localhost sctpd[965526]: I0310 17:50:00.494482 965996 sctp_connection.cpp:220] [sd:74] msg of len 22 on 3909:1
Mar 10 17:50:00 localhost sctpd[965526]: I0310 17:50:00.699214 965996 sctp_connection.cpp:167] HandleClientSock sd = 74
Mar 10 17:50:00 localhost sctpd[965526]: I0310 17:50:00.699360 965996 sctp_connection.cpp:220] [sd:74] msg of len 56 on 3909:1
Mar 10 17:50:00 localhost sctpd[965526]: I0310 17:50:00.700367 965996 sctp_connection.cpp:167] HandleClientSock sd = 74
Mar 10 17:50:00 localhost sctpd[965526]: I0310 17:50:00.700429 965996 sctp_connection.cpp:220] [sd:74] msg of len 79 on 3909:1
Mar 10 17:50:00 localhost sctpd[965526]: I0310 17:50:00.707847 965993 sctpd_downlink_impl.cpp:76] SctpdDownlinkImpl::SendDl starting
Mar 10 17:50:00 localhost sctpd[965526]: I0310 17:50:00.909837 965996 sctp_connection.cpp:167] HandleClientSock sd = 74
Mar 10 17:50:00 localhost sctpd[965526]: I0310 17:50:00.909930 965996 sctp_connection.cpp:193] Unhandled notification type 32777
Mar 10 17:50:01 localhost smsd[965347]: INFO:root:mme non_eps_service_config is not SMS_ORC8R, sleeping.
Mar 10 17:50:04 localhost dhclient[601]: DHCPREQUEST for 172.16.5.121 on eth1 to 172.16.5.2 port 67 (xid=0x4b4058b5)
Mar 10 17:50:06 localhost mobilityd[965259]: INFO:root:Using GW info: {'default': {2: ('172.16.4.1', 'eth0')}, 2: [('172.16.4.1', 'eth0', True)]}
Mar 10 17:50:06 localhost mobilityd[965259]: INFO:root:GW-v6 probe: timer started
Mar 10 17:50:06 localhost smsd[965347]: INFO:root:mme non_eps_service_config is not SMS_ORC8R, sleeping.
Mar 10 17:50:07 localhost sctpd[965526]: I0310 17:50:07.941166 965996 sctp_connection.cpp:167] HandleClientSock sd = 74
Mar 10 17:50:07 localhost sctpd[965526]: I0310 17:50:07.941272 965996 sctp_connection.cpp:185] SCTP_SHUTDOWN_EVENT received
Mar 10 17:50:07 localhost sctpd[965526]: I0310 17:50:07.941282 965996 sctp_connection.cpp:280] Sending close connection for assoc_id 3909
Mar 10 17:50:11 localhost dhclient[601]: DHCPREQUEST for 172.16.5.121 on eth1 to 172.16.5.2 port 67 (xid=0x4b4058b5)
Mar 10 17:50:11 localhost smsd[965347]: INFO:root:mme non_eps_service_config is not SMS_ORC8R, sleeping.
Mar 10 17:50:11 localhost dnsmasq-dhcp[965430]: DHCPDISCOVER(eth1) fa:16:3e:2a:89:3f 
Mar 10 17:50:11 localhost dnsmasq-dhcp[965430]: DHCPOFFER(eth1) 172.16.7.251 fa:16:3e:2a:89:3f 
Mar 10 17:50:16 localhost smsd[965347]: INFO:root:mme non_eps_service_config is not SMS_ORC8R, sleeping.
Mar 10 17:50:17 localhost sctpd[965526]: I0310 17:50:17.330819 965996 sctp_connection.cpp:167] HandleClientSock sd = 75
Mar 10 17:50:17 localhost sctpd[965526]: I0310 17:50:17.330924 965996 sctp_connection.cpp:189] SCTP association change event received
Mar 10 17:50:17 localhost sctpd[965526]: I0310 17:50:17.331831 965996 sctp_connection.cpp:167] HandleClientSock sd = 75
Mar 10 17:50:17 localhost sctpd[965526]: I0310 17:50:17.331861 965996 sctp_connection.cpp:193] Unhandled notification type 32776
Mar 10 17:50:18 localhost sctpd[965526]: I0310 17:50:18.392514 965996 sctp_connection.cpp:167] HandleClientSock sd = 75
Mar 10 17:50:18 localhost sctpd[965526]: I0310 17:50:18.392659 965996 sctp_connection.cpp:220] [sd:75] msg of len 42 on 3910:0
Mar 10 17:50:18 localhost sctpd[965526]: I0310 17:50:18.395689 965531 sctpd_downlink_impl.cpp:76] SctpdDownlinkImpl::SendDl starting
Mar 10 17:50:18 localhost sctpd[965526]: I0310 17:50:18.396447 965996 sctp_connection.cpp:167] HandleClientSock sd = 75
Mar 10 17:50:18 localhost sctpd[965526]: I0310 17:50:18.396534 965996 sctp_connection.cpp:193] Unhandled notification type 32777
Mar 10 17:50:19 localhost dnsmasq-dhcp[965430]: DHCPDISCOVER(eth1) fa:16:3e:2a:89:3f 
Mar 10 17:50:19 localhost dnsmasq-dhcp[965430]: DHCPOFFER(eth1) 172.16.7.251 fa:16:3e:2a:89:3f 
Mar 10 17:50:21 localhost smsd[965347]: INFO:root:mme non_eps_service_config is not SMS_ORC8R, sleeping.
Mar 10 17:50:21 localhost dhclient[601]: DHCPREQUEST for 172.16.5.121 on eth1 to 172.16.5.2 port 67 (xid=0x4b4058b5)
Mar 10 17:50:25 localhost magmad[965184]: INFO:root:[SyncRPC] Got heartBeat from cloud
Mar 10 17:50:26 localhost mobilityd[965259]: INFO:root:Using GW info: {'default': {2: ('172.16.4.1', 'eth0')}, 2: [('172.16.4.1', 'eth0', True)]}
Mar 10 17:50:26 localhost mobilityd[965259]: INFO:root:GW-v6 probe: timer started
Mar 10 17:50:26 localhost smsd[965347]: INFO:root:mme non_eps_service_config is not SMS_ORC8R, sleeping.
Mar 10 17:50:29 localhost dnsmasq-dhcp[965430]: DHCPDISCOVER(eth1) fa:16:3e:2a:89:3f 
Mar 10 17:50:29 localhost dnsmasq-dhcp[965430]: DHCPOFFER(eth1) 172.16.7.251 fa:16:3e:2a:89:3f 
Mar 10 17:50:31 localhost smsd[965347]: INFO:root:mme non_eps_service_config is not SMS_ORC8R, sleeping.
Mar 10 17:50:36 localhost smsd[965347]: INFO:root:mme non_eps_service_config is not SMS_ORC8R, sleeping.
Mar 10 17:50:38 localhost magmad[965184]: INFO:root:Setting logging level to INFO
Mar 10 17:50:41 localhost smsd[965347]: INFO:root:mme non_eps_service_config is not SMS_ORC8R, sleeping.
Mar 10 17:50:41 localhost dhclient[601]: DHCPREQUEST for 172.16.5.121 on eth1 to 172.16.5.2 port 67 (xid=0x4b4058b5)
Mar 10 17:50:43 localhost dnsmasq-dhcp[965430]: DHCPDISCOVER(eth1) fa:16:3e:2a:89:3f 
Mar 10 17:50:43 localhost dnsmasq-dhcp[965430]: DHCPOFFER(eth1) 172.16.7.251 fa:16:3e:2a:89:3f 
Mar 10 17:50:46 localhost mobilityd[965259]: INFO:root:Using GW info: {'default': {2: ('172.16.4.1', 'eth0')}, 2: [('172.16.4.1', 'eth0', True)]}
Mar 10 17:50:46 localhost mobilityd[965259]: INFO:root:GW-v6 probe: timer started
Mar 10 17:50:46 localhost smsd[965347]: INFO:root:mme non_eps_service_config is not SMS_ORC8R, sleeping.
Mar 10 17:50:49 localhost control_proxy[965403]: 2022-03-10T17:50:48.780Z [127.0.0.1 -> streamer-controller.magmasi.wavelabs.in,8443] "POST /magma.orc8r.Streamer/GetUpdates HTTP/2" 200 91bytes 0.540s
Mar 10 17:50:49 localhost policydb[965328]: INFO:root:Processing 2 policy updates (resync=True)
Mar 10 17:50:49 localhost control_proxy[965403]: 2022-03-10T17:50:49.324Z [127.0.0.1 -> streamer-controller.magmasi.wavelabs.in,8443] "POST /magma.orc8r.Streamer/GetUpdates HTTP/2" 200 7bytes 0.281s
Mar 10 17:50:49 localhost policydb[965328]: INFO:root:Processing 0 basename -> policy updates
Mar 10 17:50:49 localhost control_proxy[965403]: 2022-03-10T17:50:49.324Z [127.0.0.1 -> streamer-controller.magmasi.wavelabs.in,8443] "POST /magma.orc8r.Streamer/GetUpdates HTTP/2" 200 5113bytes 0.297s
Mar 10 17:50:49 localhost policydb[965328]: INFO:root:Processing 222 SID -> apn -> policy updates
Mar 10 17:50:50 localhost control_proxy[965403]: 2022-03-10T17:50:49.324Z [127.0.0.1 -> streamer-controller.magmasi.wavelabs.in,8443] "POST /magma.orc8r.Streamer/GetUpdates HTTP/2" 200 7bytes 0.279s
Mar 10 17:50:50 localhost policydb[965328]: INFO:root:Processing 0 rating group updates
Mar 10 17:50:50 localhost dnsmasq-dhcp[965430]: DHCPDISCOVER(eth1) fa:16:3e:2a:89:3f 
Mar 10 17:50:50 localhost dnsmasq-dhcp[965430]: DHCPOFFER(eth1) 172.16.7.251 fa:16:3e:2a:89:3f 
Mar 10 17:50:51 localhost smsd[965347]: INFO:root:mme non_eps_service_config is not SMS_ORC8R, sleeping.
Mar 10 17:50:55 localhost sctpd[965526]: I0310 17:50:55.803010 965996 sctp_connection.cpp:167] HandleClientSock sd = 75
Mar 10 17:50:55 localhost sctpd[965526]: I0310 17:50:55.803304 965996 sctp_connection.cpp:185] SCTP_SHUTDOWN_EVENT received
Mar 10 17:50:55 localhost sctpd[965526]: I0310 17:50:55.803342 965996 sctp_connection.cpp:280] Sending close connection for assoc_id 3910
Mar 10 17:50:56 localhost smsd[965347]: INFO:root:mme non_eps_service_config is not SMS_ORC8R, sleeping.
Mar 10 17:50:57 localhost magmad[965184]: ERROR:root:Metrics upload error for service subscriberdb (chunk 0)! [StatusCode.DEADLINE_EXCEEDED] Deadline Exceeded
Mar 10 17:50:57 localhost magmad[965184]: ERROR:root:Metrics upload error for service mobilityd (chunk 0)! [StatusCode.DEADLINE_EXCEEDED] Deadline Exceeded
Mar 10 17:50:57 localhost magmad[965184]: ERROR:root:Metrics upload error for service mme (chunk 0)! [StatusCode.DEADLINE_EXCEEDED] Deadline Exceeded
Mar 10 17:50:57 localhost magmad[965184]: ERROR:root:Metrics upload error for service magmad (chunk 0)! [StatusCode.DEADLINE_EXCEEDED] Deadline Exceeded
Mar 10 17:50:57 localhost magmad[965184]: ERROR:root:Metrics upload error for service enodebd (chunk 0)! [StatusCode.DEADLINE_EXCEEDED] Deadline Exceeded
Mar 10 17:50:57 localhost magmad[965184]: ERROR:root:Metrics upload error for service pipelined (chunk 0)! [StatusCode.DEADLINE_EXCEEDED] Deadline Exceeded
Mar 10 17:50:57 localhost magmad[965184]: ERROR:root:Metrics upload error for service state (chunk 0)! [StatusCode.DEADLINE_EXCEEDED] Deadline Exceeded
Mar 10 17:50:57 localhost magmad[965184]: ERROR:root:Metrics upload error for service sessiond (chunk 0)! [StatusCode.DEADLINE_EXCEEDED] Deadline Exceeded
Mar 10 17:50:57 localhost magmad[965184]: INFO:root:Checking for upgrade...
Mar 10 17:50:57 localhost magmad[965184]: WARNING:root:magmad package_version config missing or set to default 0.0.0-0, skipping upgrade
Mar 10 17:50:57 localhost control_proxy[965403]: 2022-03-10T17:50:57.448Z [127.0.0.1 -> state-controller.magmasi.wavelabs.in,8443] "POST /magma.orc8r.StateService/ReportStates HTTP/2" 200 5bytes 0.276s
Mar 10 17:50:57 localhost magmad[965184]: INFO:root:Checkin Successful! Successfully sent states to the cloud!
Mar 10 17:50:59 localhost dhclient[601]: DHCPREQUEST for 172.16.5.121 on eth1 to 172.16.5.2 port 67 (xid=0x4b4058b5)
Mar 10 17:51:01 localhost dnsmasq-dhcp[965430]: DHCPDISCOVER(eth1) fa:16:3e:2a:89:3f 
Mar 10 17:51:01 localhost dnsmasq-dhcp[965430]: DHCPOFFER(eth1) 172.16.7.251 fa:16:3e:2a:89:3f 
Mar 10 17:51:01 localhost smsd[965347]: INFO:root:mme non_eps_service_config is not SMS_ORC8R, sleeping.
Mar 10 17:51:04 localhost sctpd[965526]: I0310 17:51:04.850720 965996 sctp_connection.cpp:167] HandleClientSock sd = 76
Mar 10 17:51:04 localhost sctpd[965526]: I0310 17:51:04.850813 965996 sctp_connection.cpp:189] SCTP association change event received
Mar 10 17:51:04 localhost sctpd[965526]: I0310 17:51:04.852017 965996 sctp_connection.cpp:167] HandleClientSock sd = 76
Mar 10 17:51:04 localhost sctpd[965526]: I0310 17:51:04.852058 965996 sctp_connection.cpp:193] Unhandled notification type 32776
Mar 10 17:51:04 localhost sctpd[965526]: I0310 17:51:04.968741 965996 sctp_connection.cpp:167] HandleClientSock sd = 77
Mar 10 17:51:04 localhost sctpd[965526]: I0310 17:51:04.968835 965996 sctp_connection.cpp:189] SCTP association change event received
Mar 10 17:51:04 localhost sctpd[965526]: I0310 17:51:04.969683 965996 sctp_connection.cpp:167] HandleClientSock sd = 77
Mar 10 17:51:04 localhost sctpd[965526]: I0310 17:51:04.969731 965996 sctp_connection.cpp:193] Unhandled notification type 32776
Mar 10 17:51:06 localhost sctpd[965526]: I0310 17:51:06.028483 965996 sctp_connection.cpp:167] HandleClientSock sd = 76
Mar 10 17:51:06 localhost sctpd[965526]: I0310 17:51:06.028616 965996 sctp_connection.cpp:220] [sd:76] msg of len 42 on 3911:0
Mar 10 17:51:06 localhost sctpd[965526]: I0310 17:51:06.031611 965531 sctpd_downlink_impl.cpp:76] SctpdDownlinkImpl::SendDl starting
Mar 10 17:51:06 localhost sctpd[965526]: I0310 17:51:06.032371 965996 sctp_connection.cpp:167] HandleClientSock sd = 76
Mar 10 17:51:06 localhost sctpd[965526]: I0310 17:51:06.032447 965996 sctp_connection.cpp:193] Unhandled notification type 32777
Mar 10 17:51:06 localhost mobilityd[965259]: INFO:root:Using GW info: {'default': {2: ('172.16.4.1', 'eth0')}, 2: [('172.16.4.1', 'eth0', True)]}
Mar 10 17:51:06 localhost mobilityd[965259]: INFO:root:GW-v6 probe: timer started
Mar 10 17:51:06 localhost sctpd[965526]: I0310 17:51:06.139961 965996 sctp_connection.cpp:167] HandleClientSock sd = 77
Mar 10 17:51:06 localhost sctpd[965526]: I0310 17:51:06.140076 965996 sctp_connection.cpp:220] [sd:77] msg of len 42 on 3912:0
Mar 10 17:51:06 localhost sctpd[965526]: I0310 17:51:06.142457 965993 sctpd_downlink_impl.cpp:76] SctpdDownlinkImpl::SendDl starting
Mar 10 17:51:06 localhost sctpd[965526]: I0310 17:51:06.143059 965996 sctp_connection.cpp:167] HandleClientSock sd = 77
Mar 10 17:51:06 localhost sctpd[965526]: I0310 17:51:06.143112 965996 sctp_connection.cpp:193] Unhandled notification type 32777
Mar 10 17:51:06 localhost sctpd[965526]: I0310 17:51:06.257480 965996 sctp_connection.cpp:167] HandleClientSock sd = 77
Mar 10 17:51:06 localhost sctpd[965526]: I0310 17:51:06.257591 965996 sctp_connection.cpp:220] [sd:77] msg of len 88 on 3912:1
Mar 10 17:51:06 localhost sctpd[965526]: I0310 17:51:06.277727 965993 sctpd_downlink_impl.cpp:76] SctpdDownlinkImpl::SendDl starting
Mar 10 17:51:06 localhost sctpd[965526]: I0310 17:51:06.372087 965996 sctp_connection.cpp:167] HandleClientSock sd = 77
Mar 10 17:51:06 localhost sctpd[965526]: I0310 17:51:06.372190 965996 sctp_connection.cpp:193] Unhandled notification type 32777
Mar 10 17:51:06 localhost sctpd[965526]: I0310 17:51:06.372211 965996 sctp_connection.cpp:167] HandleClientSock sd = 77
Mar 10 17:51:06 localhost sctpd[965526]: I0310 17:51:06.372233 965996 sctp_connection.cpp:220] [sd:77] msg of len 67 on 3912:1
Mar 10 17:51:06 localhost sctpd[965526]: I0310 17:51:06.377161 965993 sctpd_downlink_impl.cpp:76] SctpdDownlinkImpl::SendDl starting
Mar 10 17:51:06 localhost sctpd[965526]: I0310 17:51:06.485810 965996 sctp_connection.cpp:167] HandleClientSock sd = 77
Mar 10 17:51:06 localhost sctpd[965526]: I0310 17:51:06.485905 965996 sctp_connection.cpp:193] Unhandled notification type 32777
Mar 10 17:51:06 localhost sctpd[965526]: I0310 17:51:06.485925 965996 sctp_connection.cpp:167] HandleClientSock sd = 77
Mar 10 17:51:06 localhost sctpd[965526]: I0310 17:51:06.485946 965996 sctp_connection.cpp:220] [sd:77] msg of len 56 on 3912:1
Mar 10 17:51:06 localhost mme[965940]: [DEBUG] Sending S6A-UPDATE_LOCATION_REQUEST with IMSI: 222700000000001
Mar 10 17:51:06 localhost sctpd[965526]: I0310 17:51:06.492985 965993 sctpd_downlink_impl.cpp:76] SctpdDownlinkImpl::SendDl starting
Mar 10 17:51:06 localhost mme[965940]: [INFO] Received S6A-LOCATION-UPDATE_ANSWER for IMSI: 222700000000001; Status: ; StatusCode: 2001
Mar 10 17:51:06 localhost mme[965940]: [INFO] sent itti S6A-LOCATION-UPDATE_ANSWER for IMSI: 222700000000001
Mar 10 17:51:06 localhost sctpd[965526]: I0310 17:51:06.602138 965996 sctp_connection.cpp:167] HandleClientSock sd = 77
Mar 10 17:51:06 localhost sctpd[965526]: I0310 17:51:06.602274 965996 sctp_connection.cpp:193] Unhandled notification type 32777
Mar 10 17:51:06 localhost sctpd[965526]: I0310 17:51:06.602298 965996 sctp_connection.cpp:167] HandleClientSock sd = 77
Mar 10 17:51:06 localhost sctpd[965526]: I0310 17:51:06.602319 965996 sctp_connection.cpp:220] [sd:77] msg of len 22 on 3912:1
Mar 10 17:51:06 localhost smsd[965347]: INFO:root:mme non_eps_service_config is not SMS_ORC8R, sleeping.
Mar 10 17:51:06 localhost sctpd[965526]: I0310 17:51:06.802868 965996 sctp_connection.cpp:167] HandleClientSock sd = 77
Mar 10 17:51:06 localhost sctpd[965526]: I0310 17:51:06.802965 965996 sctp_connection.cpp:220] [sd:77] msg of len 56 on 3912:1
Mar 10 17:51:08 localhost sctpd[965526]: I0310 17:51:08.842919 965996 sctp_connection.cpp:167] HandleClientSock sd = 77
Mar 10 17:51:08 localhost sctpd[965526]: I0310 17:51:08.843029 965996 sctp_connection.cpp:220] [sd:77] msg of len 72 on 3912:1
Mar 10 17:51:08 localhost sctpd[965526]: I0310 17:51:08.849357 965993 sctpd_downlink_impl.cpp:76] SctpdDownlinkImpl::SendDl starting
Mar 10 17:51:08 localhost sctpd[965526]: I0310 17:51:08.849956 965993 sctpd_downlink_impl.cpp:76] SctpdDownlinkImpl::SendDl starting
Mar 10 17:51:09 localhost sctpd[965526]: I0310 17:51:09.257789 965996 sctp_connection.cpp:167] HandleClientSock sd = 77
Mar 10 17:51:09 localhost sctpd[965526]: I0310 17:51:09.257894 965996 sctp_connection.cpp:193] Unhandled notification type 32777
Mar 10 17:51:10 localhost dhclient[601]: DHCPREQUEST for 172.16.5.121 on eth1 to 172.16.5.2 port 67 (xid=0x4b4058b5)
Mar 10 17:51:11 localhost sctpd[965526]: I0310 17:51:11.050982 965996 sctp_connection.cpp:167] HandleClientSock sd = 77
Mar 10 17:51:11 localhost sctpd[965526]: I0310 17:51:11.051079 965996 sctp_connection.cpp:220] [sd:77] msg of len 28 on 3912:1
Mar 10 17:51:11 localhost sctpd[965526]: I0310 17:51:11.254953 965996 sctp_connection.cpp:167] HandleClientSock sd = 77
Mar 10 17:51:11 localhost sctpd[965526]: I0310 17:51:11.255074 965996 sctp_connection.cpp:220] [sd:77] msg of len 22 on 3912:1
Mar 10 17:51:11 localhost smsd[965347]: INFO:root:mme non_eps_service_config is not SMS_ORC8R, sleeping.
Mar 10 17:51:13 localhost sctpd[965526]: I0310 17:51:13.324077 965996 sctp_connection.cpp:167] HandleClientSock sd = 76
Mar 10 17:51:13 localhost sctpd[965526]: I0310 17:51:13.324198 965996 sctp_connection.cpp:220] [sd:76] msg of len 88 on 3911:1
Mar 10 17:51:13 localhost sctpd[965526]: I0310 17:51:13.339850 965993 sctpd_downlink_impl.cpp:76] SctpdDownlinkImpl::SendDl starting
Mar 10 17:51:13 localhost sctpd[965526]: I0310 17:51:13.440138 965996 sctp_connection.cpp:167] HandleClientSock sd = 76
Mar 10 17:51:13 localhost sctpd[965526]: I0310 17:51:13.440246 965996 sctp_connection.cpp:193] Unhandled notification type 32777
Mar 10 17:51:13 localhost sctpd[965526]: I0310 17:51:13.440274 965996 sctp_connection.cpp:167] HandleClientSock sd = 76
Mar 10 17:51:13 localhost sctpd[965526]: I0310 17:51:13.440307 965996 sctp_connection.cpp:220] [sd:76] msg of len 67 on 3911:1
Mar 10 17:51:13 localhost sctpd[965526]: I0310 17:51:13.444458 965993 sctpd_downlink_impl.cpp:76] SctpdDownlinkImpl::SendDl starting
Mar 10 17:51:13 localhost sctpd[965526]: I0310 17:51:13.562610 965996 sctp_connection.cpp:167] HandleClientSock sd = 76
Mar 10 17:51:13 localhost sctpd[965526]: I0310 17:51:13.562783 965996 sctp_connection.cpp:193] Unhandled notification type 32777
Mar 10 17:51:13 localhost sctpd[965526]: I0310 17:51:13.562829 965996 sctp_connection.cpp:167] HandleClientSock sd = 76
Mar 10 17:51:13 localhost sctpd[965526]: I0310 17:51:13.562855 965996 sctp_connection.cpp:220] [sd:76] msg of len 56 on 3911:1
Mar 10 17:51:13 localhost mme[965940]: [DEBUG] Sending S6A-UPDATE_LOCATION_REQUEST with IMSI: 222700000000001
Mar 10 17:51:13 localhost sctpd[965526]: I0310 17:51:13.568758 965993 sctpd_downlink_impl.cpp:76] SctpdDownlinkImpl::SendDl starting
Mar 10 17:51:13 localhost mme[965940]: [INFO] Received S6A-LOCATION-UPDATE_ANSWER for IMSI: 222700000000001; Status: ; StatusCode: 2001
Mar 10 17:51:13 localhost mme[965940]: [INFO] sent itti S6A-LOCATION-UPDATE_ANSWER for IMSI: 222700000000001
Mar 10 17:51:13 localhost sctpd[965526]: I0310 17:51:13.674485 965996 sctp_connection.cpp:167] HandleClientSock sd = 76
Mar 10 17:51:13 localhost sctpd[965526]: I0310 17:51:13.674587 965996 sctp_connection.cpp:193] Unhandled notification type 32777
Mar 10 17:51:13 localhost sctpd[965526]: I0310 17:51:13.674607 965996 sctp_connection.cpp:167] HandleClientSock sd = 76
Mar 10 17:51:13 localhost sctpd[965526]: I0310 17:51:13.674625 965996 sctp_connection.cpp:220] [sd:76] msg of len 22 on 3911:1
Mar 10 17:51:13 localhost sctpd[965526]: I0310 17:51:13.878842 965996 sctp_connection.cpp:167] HandleClientSock sd = 76
Mar 10 17:51:13 localhost sctpd[965526]: I0310 17:51:13.878966 965996 sctp_connection.cpp:220] [sd:76] msg of len 56 on 3911:1
Mar 10 17:51:14 localhost dnsmasq-dhcp[965430]: DHCPDISCOVER(eth1) fa:16:3e:2a:89:3f 
Mar 10 17:51:14 localhost dnsmasq-dhcp[965430]: DHCPOFFER(eth1) 172.16.7.251 fa:16:3e:2a:89:3f 
Mar 10 17:51:15 localhost sctpd[965526]: I0310 17:51:15.877754 965996 sctp_connection.cpp:167] HandleClientSock sd = 76
Mar 10 17:51:15 localhost sctpd[965526]: I0310 17:51:15.877861 965996 sctp_connection.cpp:220] [sd:76] msg of len 72 on 3911:1
Mar 10 17:51:15 localhost sctpd[965526]: I0310 17:51:15.883093 965993 sctpd_downlink_impl.cpp:76] SctpdDownlinkImpl::SendDl starting
Mar 10 17:51:15 localhost sctpd[965526]: I0310 17:51:15.883656 965993 sctpd_downlink_impl.cpp:76] SctpdDownlinkImpl::SendDl starting
Mar 10 17:51:15 localhost sctpd[965526]: I0310 17:51:15.982357 965996 sctp_connection.cpp:167] HandleClientSock sd = 76
Mar 10 17:51:15 localhost sctpd[965526]: I0310 17:51:15.982473 965996 sctp_connection.cpp:220] [sd:76] msg of len 28 on 3911:1
Mar 10 17:51:16 localhost sctpd[965526]: I0310 17:51:16.087385 965996 sctp_connection.cpp:167] HandleClientSock sd = 76
Mar 10 17:51:16 localhost sctpd[965526]: I0310 17:51:16.087482 965996 sctp_connection.cpp:193] Unhandled notification type 32777
Mar 10 17:51:16 localhost sctpd[965526]: I0310 17:51:16.087502 965996 sctp_connection.cpp:167] HandleClientSock sd = 76
Mar 10 17:51:16 localhost sctpd[965526]: I0310 17:51:16.087520 965996 sctp_connection.cpp:220] [sd:76] msg of len 22 on 3911:1
