Apr 26 17:58:38 localhost mobilityd[3442226]: DEBUG:root:APN config: service_selection: "default"
Apr 26 17:58:38 localhost mobilityd[3442226]: qos_profile {
Apr 26 17:58:38 localhost mobilityd[3442226]:   class_id: 9
Apr 26 17:58:38 localhost mobilityd[3442226]:   priority_level: 15
Apr 26 17:58:38 localhost mobilityd[3442226]: }
Apr 26 17:58:38 localhost mobilityd[3442226]: ambr {
Apr 26 17:58:38 localhost mobilityd[3442226]:   max_bandwidth_ul: 100000000
Apr 26 17:58:38 localhost mobilityd[3442226]:   max_bandwidth_dl: 100000000
Apr 26 17:58:38 localhost mobilityd[3442226]: }
Apr 26 17:58:38 localhost mobilityd[3442226]: DEBUG:root:ip: Got APN: service_selection: "default"
Apr 26 17:58:38 localhost mobilityd[3442226]: qos_profile {
Apr 26 17:58:38 localhost mobilityd[3442226]:   class_id: 9
Apr 26 17:58:38 localhost mobilityd[3442226]:   priority_level: 15
Apr 26 17:58:38 localhost mobilityd[3442226]: }
Apr 26 17:58:38 localhost mobilityd[3442226]: ambr {
Apr 26 17:58:38 localhost mobilityd[3442226]:   max_bandwidth_ul: 100000000
Apr 26 17:58:38 localhost mobilityd[3442226]:   max_bandwidth_dl: 100000000
Apr 26 17:58:38 localhost mobilityd[3442226]: }
Apr 26 17:58:38 localhost mobilityd[3442226]: DEBUG:root:Allocating New IP: <mobilityd.IPDesc {ip: 192.168.128.196, ip_block: 192.168.128.0/24, state: IPState.ALLOCATED, sid: IMSI222700000000001.default,ipv4, type: IPType.IP_POOL }}>
Apr 26 17:58:38 localhost mobilityd[3442226]: INFO:root:Allocated IP 192.168.128.196 for sid IMSI222700000000001 for apn default
Apr 26 17:58:38 localhost mobilityd[3442226]: INFO:root:GRPC message:
Apr 26 17:58:38 localhost mobilityd[3442226]:   magma.lte.AllocateIPAddressResponse {
Apr 26 17:58:38 localhost mobilityd[3442226]:     "ipList": [
Apr 26 17:58:38 localhost mobilityd[3442226]:       {
Apr 26 17:58:38 localhost mobilityd[3442226]:         "address": "wKiAxA=="
Apr 26 17:58:38 localhost mobilityd[3442226]:       }
Apr 26 17:58:38 localhost mobilityd[3442226]:     ],
Apr 26 17:58:38 localhost mobilityd[3442226]:     "vlan": "0"
Apr 26 17:58:38 localhost mobilityd[3442226]:   }
Apr 26 17:58:38 localhost policydb[3442303]: INFO:root:Creating a session for subscriber ID: IMSI222700000000001
Apr 26 17:58:38 localhost sessiond[3442235]: I0426 17:58:38.549612 3442235 SetMessageManagerHandler.cpp:344] Processing a CreateSessionResponse for IMSI222700000000001-271291
Apr 26 17:58:38 localhost sessiond[3442235]: I0426 17:58:38.549772 3442235 SessionState.cpp:2775] RuleID allowlist_sid-IMSI222700000000001-default doesn't have a version registered for IMSI222700000000001-271291, this is unexpected
Apr 26 17:58:38 localhost mme[3442898]: PDUSessionResourceSetupRequestTransfer ::= {
Apr 26 17:58:38 localhost mme[3442898]:     protocolIEs: ProtocolIE-Container ::= {
Apr 26 17:58:38 localhost mme[3442898]:         PDUSessionResourceSetupRequestTransferIEs ::= {
Apr 26 17:58:38 localhost mme[3442898]:             id: 130
Apr 26 17:58:38 localhost mme[3442898]:             criticality: 0 (reject)
Apr 26 17:58:38 localhost mme[3442898]:             value: PDUSessionAggregateMaximumBitRate ::= {
Apr 26 17:58:38 localhost mme[3442898]:                 pDUSessionAggregateMaximumBitRateDL: 100000000
Apr 26 17:58:38 localhost mme[3442898]:                 pDUSessionAggregateMaximumBitRateUL: 100000000
Apr 26 17:58:38 localhost mme[3442898]:             }
Apr 26 17:58:38 localhost mme[3442898]:         }
Apr 26 17:58:38 localhost mme[3442898]:         PDUSessionResourceSetupRequestTransferIEs ::= {
Apr 26 17:58:38 localhost mme[3442898]:             id: 139
Apr 26 17:58:38 localhost mme[3442898]:             criticality: 0 (reject)
Apr 26 17:58:38 localhost mme[3442898]:             value: GTPTunnel ::= {
Apr 26 17:58:38 localhost mme[3442898]:                 transportLayerAddress: AC 10 05 79
Apr 26 17:58:38 localhost mme[3442898]:                 gTP-TEID: 80 00 00 08
Apr 26 17:58:38 localhost mme[3442898]:             }
Apr 26 17:58:38 localhost mme[3442898]:         }
Apr 26 17:58:38 localhost mme[3442898]:         PDUSessionResourceSetupRequestTransferIEs ::= {
Apr 26 17:58:38 localhost mme[3442898]:             id: 134
Apr 26 17:58:38 localhost mme[3442898]:             criticality: 0 (reject)
Apr 26 17:58:38 localhost mme[3442898]:             value: 0 (ipv4)
Apr 26 17:58:38 localhost mme[3442898]:         }
Apr 26 17:58:38 localhost mme[3442898]:         PDUSessionResourceSetupRequestTransferIEs ::= {
Apr 26 17:58:38 localhost mme[3442898]:             id: 136
Apr 26 17:58:38 localhost mme[3442898]:             criticality: 0 (reject)
Apr 26 17:58:38 localhost mme[3442898]:             value: QosFlowSetupRequestList ::= {
Apr 26 17:58:38 localhost mme[3442898]:                 QosFlowSetupRequestItem ::= {
Apr 26 17:58:38 localhost mme[3442898]:                     qosFlowIdentifier: 9
Apr 26 17:58:38 localhost mme[3442898]:                     qosFlowLevelQosParameters: QosFlowLevelQosParameters ::= {
Apr 26 17:58:38 localhost mme[3442898]:                         qosCharacteristics: NonDynamic5QIDescriptor ::= {
Apr 26 17:58:38 localhost mme[3442898]:                             fiveQI: 9
Apr 26 17:58:38 localhost mme[3442898]:                         }
Apr 26 17:58:38 localhost mme[3442898]:                         allocationAndRetentionPriority: AllocationAndRetentionPriority ::= {
Apr 26 17:58:38 localhost mme[3442898]:                             priorityLevelARP: 15
Apr 26 17:58:38 localhost mme[3442898]:                             pre-emptionCapability: 0 (shall-not-trigger-pre-emption)
Apr 26 17:58:38 localhost mme[3442898]:                             pre-emptionVulnerability: 0 (not-pre-emptable)
Apr 26 17:58:38 localhost mme[3442898]:                         }
Apr 26 17:58:38 localhost mme[3442898]:                     }
Apr 26 17:58:38 localhost mme[3442898]:                 }
Apr 26 17:58:38 localhost mme[3442898]:             }
Apr 26 17:58:38 localhost mme[3442898]:         }
Apr 26 17:58:38 localhost mme[3442898]:     }
Apr 26 17:58:38 localhost mme[3442898]: }
Apr 26 17:58:38 localhost sctpd[3442494]: I0426 17:58:38.635149 3442939 sctp_connection.cpp:195] Unhandled notification type 32777
Apr 26 17:58:38 localhost sessiond[3442235]: I0426 17:58:38.638126 3442235 SessionStateEnforcer.cpp:873]  AMF teid: 40000000 ip address 10.10.10.11 of imsi: IMSI222700000000001 fteid: 2147483656 pdu id: 1 UE ip address 192.168.128.196
Apr 26 17:58:38 localhost eventd[3442316]: DEBUG:root:Logging event: stream_name: "sessiond"
Apr 26 17:58:38 localhost eventd[3442316]: event_type: "session_created"
Apr 26 17:58:38 localhost eventd[3442316]: tag: "IMSI222700000000001"
Apr 26 17:58:38 localhost eventd[3442316]: value: "{\"mac_addr\":\"\",\"user_location\":\"\",\"spgw_ip\":\"\",\"imei\":\"\",\"pdp_start_time\":1,\"session_id\":\"IMSI222700000000001-271291\",\"apn\":\"default\",\"msisdn\":\"\",\"charging_characteristics\":\"\",\"ipv6_addr\":\"\",\"ip_addr\":\"192.168.128.196\",\"imsi\":\"IMSI222700000000001\"}"
Apr 26 17:58:38 localhost eventd[3442316]: ERROR:root:Connection to FluentBit failed: [Errno 111] Connection refused
Apr 26 17:58:38 localhost eventd[3442316]: INFO:root:FluentBit (td-agent-bit) may not be enabled or configured correctly
Apr 26 17:58:38 localhost sessiond[3442235]: I0426 17:58:38.648623 3442250 SessionEvents.cpp:132] Could not log session_created event {"mac_addr":"","user_location":"","spgw_ip":"","imei":"","pdp_start_time":1,"session_id":"IMSI222700000000001-271291","apn":"default","msisdn":"","charging_characteristics":"","ipv6_addr":"","ip_addr":"192.168.128.196","imsi":"IMSI222700000000001"}, Error Message: Could not connect to FluentBit locally, Details: [Errno 111] Connection refused
Apr 26 17:58:39 localhost smsd[3442319]: INFO:root:mme non_eps_service_config is not SMS_ORC8R, sleeping.
Apr 26 17:58:40 localhost dhclient[601]: DHCPREQUEST for 172.16.5.121 on eth1 to 172.16.5.2 port 67 (xid=0x1ea11b90)
Apr 26 17:58:40 localhost mme[3442898]: InitiatingMessage ::= {
Apr 26 17:58:40 localhost mme[3442898]:     procedureCode: 28
Apr 26 17:58:40 localhost mme[3442898]:     criticality: 1 (ignore)
Apr 26 17:58:40 localhost mme[3442898]:     value: PDUSessionResourceReleaseCommand ::= {
Apr 26 17:58:40 localhost mme[3442898]:         protocolIEs: ProtocolIE-Container ::= {
Apr 26 17:58:40 localhost mme[3442898]:             PDUSessionResourceReleaseCommandIEs ::= {
Apr 26 17:58:40 localhost mme[3442898]:                 id: 10
Apr 26 17:58:40 localhost mme[3442898]:                 criticality: 0 (reject)
Apr 26 17:58:40 localhost mme[3442898]:                 value: 55
Apr 26 17:58:40 localhost mme[3442898]:             }
Apr 26 17:58:40 localhost mme[3442898]:             PDUSessionResourceReleaseCommandIEs ::= {
Apr 26 17:58:40 localhost mme[3442898]:                 id: 85
Apr 26 17:58:40 localhost mme[3442898]:                 criticality: 0 (reject)
Apr 26 17:58:40 localhost mme[3442898]:                 value: 4294967295
Apr 26 17:58:40 localhost mme[3442898]:             }
Apr 26 17:58:40 localhost mme[3442898]:             PDUSessionResourceReleaseCommandIEs ::= {
Apr 26 17:58:40 localhost mme[3442898]:                 id: 38
Apr 26 17:58:40 localhost mme[3442898]:                 criticality: 0 (reject)
Apr 26 17:58:40 localhost mme[3442898]:                 value:
Apr 26 17:58:40 localhost mme[3442898]:                     7E 01 62 EA F2 88 03 7E 00 68 01 00 05 2E 01 01
Apr 26 17:58:40 localhost mme[3442898]:                     D3 24 12 01
Apr 26 17:58:40 localhost mme[3442898]:             }
Apr 26 17:58:40 localhost mme[3442898]:             PDUSessionResourceReleaseCommandIEs ::= {
Apr 26 17:58:40 localhost mme[3442898]:                 id: 79
Apr 26 17:58:40 localhost mme[3442898]:                 criticality: 0 (reject)
Apr 26 17:58:40 localhost mme[3442898]:                 value: PDUSessionResourceToReleaseListRelCmd ::= {
Apr 26 17:58:40 localhost mme[3442898]:                 }
Apr 26 17:58:40 localhost mme[3442898]:             }
Apr 26 17:58:40 localhost mme[3442898]:         }
Apr 26 17:58:40 localhost mme[3442898]:     }
Apr 26 17:58:40 localhost mme[3442898]: }
Apr 26 17:58:40 localhost sctpd[3442494]: I0426 17:58:40.956687 3442939 sctp_connection.cpp:195] Unhandled notification type 32777
Apr 26 17:58:42 localhost sessiond[3442235]: I0426 17:58:42.126468 3442235 SetMessageManagerHandler.cpp:144] Release request for session from IMSI: IMSI222700000000001 pdu_id 1
Apr 26 17:58:42 localhost mobilityd[3442226]: DEBUG:root:Received ReleaseIPAddress
Apr 26 17:58:42 localhost mobilityd[3442226]: INFO:root:GRPC message:
Apr 26 17:58:42 localhost mobilityd[3442226]:   magma.lte.ReleaseIPRequest {
Apr 26 17:58:42 localhost mobilityd[3442226]:     "sid": {
Apr 26 17:58:42 localhost mobilityd[3442226]:       "id": "222700000000001"
Apr 26 17:58:42 localhost mobilityd[3442226]:     },
Apr 26 17:58:42 localhost mobilityd[3442226]:     "ip": {
Apr 26 17:58:42 localhost mobilityd[3442226]:       "address": "wKiAxA=="
Apr 26 17:58:42 localhost mobilityd[3442226]:     },
Apr 26 17:58:42 localhost mobilityd[3442226]:     "apn": "default"
Apr 26 17:58:42 localhost mobilityd[3442226]:   }
Apr 26 17:58:42 localhost mobilityd[3442226]: INFO:root:Released IP 192.168.128.196 for sid IMSI222700000000001
Apr 26 17:58:42 localhost policydb[3442303]: INFO:root:Terminating session: IMSI222700000000001-271291
Apr 26 17:58:42 localhost eventd[3442316]: DEBUG:root:Logging event: stream_name: "sessiond"
Apr 26 17:58:42 localhost eventd[3442316]: event_type: "session_terminated"
Apr 26 17:58:42 localhost eventd[3442316]: tag: "IMSI222700000000001"
Apr 26 17:58:42 localhost eventd[3442316]: value: "{\"mac_addr\":\"\",\"user_location\":\"\",\"spgw_ip\":\"\",\"imei\":\"\",\"record_sequence_number\":1,\"pdp_end_time\":0,\"charging_rx\":0,\"duration\":-1,\"ip_addr\":\"192.168.128.196\",\"monitoring_tx\":0,\"ipv6_addr\":\"\",\"msisdn\":\"\",\"apn\":\"default\",\"session_id\":\"IMSI222700000000001-271291\",\"list_of_service_data\":[],\"charging_characteristics\":\"\",\"total_tx\":0,\"cause_for_rec_closing\":0,\"imsi\":\"IMSI222700000000001\",\"total_rx\":0,\"monitoring_rx\":0,\"charging_tx\":0,\"pdp_start_time\":1}"
Apr 26 17:58:42 localhost eventd[3442316]: ERROR:root:Connection to FluentBit failed: [Errno 111] Connection refused
Apr 26 17:58:42 localhost eventd[3442316]: INFO:root:FluentBit (td-agent-bit) may not be enabled or configured correctly
Apr 26 17:58:42 localhost sessiond[3442235]: I0426 17:58:42.152752 3442250 SessionEvents.cpp:292] Could not log session_terminated event {"mac_addr":"","user_location":"","spgw_ip":"","imei":"","record_sequence_number":1,"pdp_end_time":0,"charging_rx":0,"duration":-1,"ip_addr":"192.168.128.196","monitoring_tx":0,"ipv6_addr":"","msisdn":"","apn":"default","session_id":"IMSI222700000000001-271291","list_of_service_data":[],"charging_characteristics":"","total_tx":0,"cause_for_rec_closing":0,"imsi":"IMSI222700000000001","total_rx":0,"monitoring_rx":0,"charging_tx":0,"pdp_start_time":1}, Error Message: Could not connect to FluentBit locally, Details: [Errno 111] Connection refused
Apr 26 17:58:42 localhost sctpd[3442494]: I0426 17:58:42.533035 3442939 sctp_connection.cpp:195] Unhandled notification type 32777
Apr 26 17:58:44 localhost smsd[3442319]: INFO:root:mme non_eps_service_config is not SMS_ORC8R, sleeping.
Apr 26 17:58:46 localhost magmad[3442157]: ERROR:root:Metrics upload error for service subscriberdb (chunk 0)! [StatusCode.DEADLINE_EXCEEDED] Deadline Exceeded
Apr 26 17:58:46 localhost magmad[3442157]: ERROR:root:Metrics upload error for service mobilityd (chunk 0)! [StatusCode.DEADLINE_EXCEEDED] Deadline Exceeded
Apr 26 17:58:46 localhost magmad[3442157]: ERROR:root:Metrics upload error for service mme (chunk 0)! [StatusCode.DEADLINE_EXCEEDED] Deadline Exceeded
Apr 26 17:58:46 localhost magmad[3442157]: ERROR:root:Metrics upload error for service magmad (chunk 0)! [StatusCode.DEADLINE_EXCEEDED] Deadline Exceeded
Apr 26 17:58:46 localhost magmad[3442157]: ERROR:root:Metrics upload error for service enodebd (chunk 0)! [StatusCode.DEADLINE_EXCEEDED] Deadline Exceeded
Apr 26 17:58:46 localhost magmad[3442157]: ERROR:root:Metrics upload error for service pipelined (chunk 0)! [StatusCode.DEADLINE_EXCEEDED] Deadline Exceeded
Apr 26 17:58:46 localhost magmad[3442157]: ERROR:root:Metrics upload error for service state (chunk 0)! [StatusCode.DEADLINE_EXCEEDED] Deadline Exceeded
Apr 26 17:58:46 localhost magmad[3442157]: ERROR:root:Metrics upload error for service sessiond (chunk 0)! [StatusCode.DEADLINE_EXCEEDED] Deadline Exceeded
Apr 26 17:58:46 localhost magmad[3442157]: INFO:root:Checking for upgrade...
Apr 26 17:58:46 localhost magmad[3442157]: WARNING:root:magmad package_version config missing or set to default 0.0.0-0, skipping upgrade
Apr 26 17:58:47 localhost sessiond[3442235]: I0426 17:58:47.131206 3442235 SessionStateEnforcer.cpp:381] Nothing to remove as no respective entry found for session id IMSI222700000000001-271291 of IMSI IMSI222700000000001
Apr 26 17:58:47 localhost control_proxy[3442397]: 2022-04-26T17:58:46.671Z [127.0.0.1 -> state-controller.magmasi.wavelabs.in,8443] "POST /magma.orc8r.StateService/ReportStates HTTP/2" 200 5bytes 0.513s
Apr 26 17:58:47 localhost magmad[3442157]: INFO:root:Checkin Successful! Successfully sent states to the cloud!
Apr 26 17:58:49 localhost smsd[3442319]: INFO:root:mme non_eps_service_config is not SMS_ORC8R, sleeping.
Apr 26 17:58:54 localhost dhclient[601]: DHCPREQUEST for 172.16.5.121 on eth1 to 172.16.5.2 port 67 (xid=0x1ea11b90)
Apr 26 17:58:54 localhost smsd[3442319]: INFO:root:mme non_eps_service_config is not SMS_ORC8R, sleeping.
Apr 26 17:58:56 localhost mobilityd[3442226]: INFO:root:Using GW info: {'default': {2: ('172.16.4.1', 'eth0')}, 2: [('172.16.4.1', 'eth0', True)]}
Apr 26 17:58:56 localhost mobilityd[3442226]: INFO:root:GW-v6 probe: timer started
Apr 26 17:58:56 localhost magmad[3442157]: INFO:root:[SyncRPC] Got heartBeat from cloud
Apr 26 17:58:57 localhost mobilityd[3442226]: DEBUG:root:Release Reaped IP: <mobilityd.IPDesc {ip: 192.168.128.196, ip_block: 192.168.128.0/24, state: IPState.FREE, sid: IMSI222700000000001.default,ipv4, type: IPType.IP_POOL }}>
Apr 26 17:58:59 localhost smsd[3442319]: INFO:root:mme non_eps_service_config is not SMS_ORC8R, sleeping.
Apr 26 17:59:04 localhost smsd[3442319]: INFO:root:mme non_eps_service_config is not SMS_ORC8R, sleeping.
Apr 26 17:59:05 localhost sctpd[3442494]: I0426 17:59:05.549127 3442939 sctp_connection.cpp:195] Unhandled notification type 32776
Apr 26 17:59:05 localhost dhclient[601]: DHCPREQUEST for 172.16.5.121 on eth1 to 172.16.5.2 port 67 (xid=0x1ea11b90)
Apr 26 17:59:06 localhost sctpd[3442494]: I0426 17:59:06.614411 3442939 sctp_connection.cpp:195] Unhandled notification type 32777
Apr 26 17:59:09 localhost smsd[3442319]: INFO:root:mme non_eps_service_config is not SMS_ORC8R, sleeping.
Apr 26 17:59:09 localhost sctpd[3442494]: I0426 17:59:09.908841 3442939 sctp_connection.cpp:195] Unhandled notification type 32777
Apr 26 17:59:14 localhost smsd[3442319]: INFO:root:mme non_eps_service_config is not SMS_ORC8R, sleeping.
Apr 26 17:59:16 localhost mobilityd[3442226]: INFO:root:Using GW info: {'default': {2: ('172.16.4.1', 'eth0')}, 2: [('172.16.4.1', 'eth0', True)]}
Apr 26 17:59:16 localhost mobilityd[3442226]: INFO:root:GW-v6 probe: timer started
Apr 26 17:59:19 localhost dhclient[601]: DHCPREQUEST for 172.16.5.121 on eth1 to 172.16.5.2 port 67 (xid=0x1ea11b90)
Apr 26 17:59:19 localhost smsd[3442319]: INFO:root:mme non_eps_service_config is not SMS_ORC8R, sleeping.
Apr 26 17:59:24 localhost smsd[3442319]: INFO:root:mme non_eps_service_config is not SMS_ORC8R, sleeping.
Apr 26 17:59:26 localhost dhclient[601]: DHCPREQUEST for 172.16.5.121 on eth1 to 172.16.5.2 port 67 (xid=0x1ea11b90)
Apr 26 17:59:29 localhost control_proxy[3442397]: 2022-04-26T17:59:28.824Z [127.0.0.1 -> streamer-controller.magmasi.wavelabs.in,8443] "POST /magma.orc8r.Streamer/GetUpdates HTTP/2" 200 173bytes 0.279s
Apr 26 17:59:29 localhost policydb[3442303]: INFO:root:Processing 4 policy updates (resync=True)
Apr 26 17:59:29 localhost smsd[3442319]: INFO:root:mme non_eps_service_config is not SMS_ORC8R, sleeping.
Apr 26 17:59:29 localhost control_proxy[3442397]: 2022-04-26T17:59:29.106Z [127.0.0.1 -> streamer-controller.magmasi.wavelabs.in,8443] "POST /magma.orc8r.Streamer/GetUpdates HTTP/2" 200 7bytes 0.274s
Apr 26 17:59:29 localhost policydb[3442303]: INFO:root:Processing 0 basename -> policy updates
Apr 26 17:59:29 localhost control_proxy[3442397]: 2022-04-26T17:59:29.106Z [127.0.0.1 -> streamer-controller.magmasi.wavelabs.in,8443] "POST /magma.orc8r.Streamer/GetUpdates HTTP/2" 200 13536bytes 0.300s
Apr 26 17:59:29 localhost policydb[3442303]: INFO:root:Processing 223 SID -> apn -> policy updates
Apr 26 17:59:29 localhost control_proxy[3442397]: 2022-04-26T17:59:29.106Z [127.0.0.1 -> streamer-controller.magmasi.wavelabs.in,8443] "POST /magma.orc8r.Streamer/GetUpdates HTTP/2" 200 7bytes 0.268s
Apr 26 17:59:29 localhost policydb[3442303]: INFO:root:Processing 0 rating group updates
Apr 26 17:59:31 localhost sctpd[3442494]: I0426 17:59:31.881091 3442939 sctp_connection.cpp:195] Unhandled notification type 32776
Apr 26 17:59:34 localhost smsd[3442319]: INFO:root:mme non_eps_service_config is not SMS_ORC8R, sleeping.
Apr 26 17:59:36 localhost mobilityd[3442226]: INFO:root:Using GW info: {'default': {2: ('172.16.4.1', 'eth0')}, 2: [('172.16.4.1', 'eth0', True)]}
Apr 26 17:59:36 localhost mobilityd[3442226]: INFO:root:GW-v6 probe: timer started
Apr 26 17:59:37 localhost magmad[3442157]: ERROR:root:Metrics upload error for service subscriberdb (chunk 0)! [StatusCode.DEADLINE_EXCEEDED] Deadline Exceeded
Apr 26 17:59:37 localhost magmad[3442157]: ERROR:root:Metrics upload error for service mobilityd (chunk 0)! [StatusCode.DEADLINE_EXCEEDED] Deadline Exceeded
Apr 26 17:59:37 localhost magmad[3442157]: ERROR:root:Metrics upload error for service mme (chunk 0)! [StatusCode.DEADLINE_EXCEEDED] Deadline Exceeded
Apr 26 17:59:37 localhost magmad[3442157]: ERROR:root:Metrics upload error for service magmad (chunk 0)! [StatusCode.DEADLINE_EXCEEDED] Deadline Exceeded
Apr 26 17:59:37 localhost magmad[3442157]: ERROR:root:Metrics upload error for service enodebd (chunk 0)! [StatusCode.DEADLINE_EXCEEDED] Deadline Exceeded
Apr 26 17:59:37 localhost magmad[3442157]: ERROR:root:Metrics upload error for service pipelined (chunk 0)! [StatusCode.DEADLINE_EXCEEDED] Deadline Exceeded
Apr 26 17:59:37 localhost magmad[3442157]: ERROR:root:Metrics upload error for service state (chunk 0)! [StatusCode.DEADLINE_EXCEEDED] Deadline Exceeded
Apr 26 17:59:37 localhost magmad[3442157]: ERROR:root:Metrics upload error for service sessiond (chunk 0)! [StatusCode.DEADLINE_EXCEEDED] Deadline Exceeded
Apr 26 17:59:38 localhost dhclient[601]: DHCPREQUEST for 172.16.5.121 on eth1 to 172.16.5.2 port 67 (xid=0x1ea11b90)
Apr 26 17:59:39 localhost smsd[3442319]: INFO:root:mme non_eps_service_config is not SMS_ORC8R, sleeping.
Apr 26 17:59:41 localhost sctpd[3442494]: I0426 17:59:41.677656 3442939 sctp_connection.cpp:195] Unhandled notification type 32777
Apr 26 17:59:44 localhost smsd[3442319]: INFO:root:mme non_eps_service_config is not SMS_ORC8R, sleeping.
Apr 26 17:59:44 localhost sctpd[3442494]: I0426 17:59:44.949349 3442939 sctp_connection.cpp:195] Unhandled notification type 32777
Apr 26 17:59:47 localhost magmad[3442157]: INFO:root:Setting logging level to INFO
Apr 26 17:59:49 localhost smsd[3442319]: INFO:root:mme non_eps_service_config is not SMS_ORC8R, sleeping.
Apr 26 17:59:53 localhost dhclient[601]: DHCPREQUEST for 172.16.5.121 on eth1 to 172.16.5.2 port 67 (xid=0x1ea11b90)
Apr 26 17:59:54 localhost smsd[3442319]: INFO:root:mme non_eps_service_config is not SMS_ORC8R, sleeping.
Apr 26 17:59:56 localhost mobilityd[3442226]: INFO:root:Using GW info: {'default': {2: ('172.16.4.1', 'eth0')}, 2: [('172.16.4.1', 'eth0', True)]}
Apr 26 17:59:56 localhost mobilityd[3442226]: INFO:root:GW-v6 probe: timer started
Apr 26 17:59:56 localhost magmad[3442157]: INFO:root:[SyncRPC] Got heartBeat from cloud
Apr 26 17:59:58 localhost control_proxy[3442397]: 2022-04-26T17:58:58.317Z [127.0.0.1 -> streamer-controller.magmasi.wavelabs.in,8443] "POST /magma.orc8r.Streamer/GetUpdates HTTP/2" 200 0bytes 60.260s
Apr 26 17:59:58 localhost magmad[3442157]: ERROR:root:Error! Streaming from the cloud failed! [StatusCode.ABORTED] error while streaming updates: rpc error: code = DeadlineExceeded desc = context deadline exceeded
Apr 26 17:59:59 localhost smsd[3442319]: INFO:root:mme non_eps_service_config is not SMS_ORC8R, sleeping.
Apr 26 18:00:04 localhost smsd[3442319]: INFO:root:mme non_eps_service_config is not SMS_ORC8R, sleeping.
Apr 26 18:00:06 localhost control_proxy[3442397]: 2022-04-26T18:00:06.264Z [127.0.0.1 -> state-controller.magmasi.wavelabs.in,8443] "POST /magma.orc8r.StateService/ReportStates HTTP/2" 200 5bytes 0.522s
Apr 26 18:00:06 localhost magmad[3442157]: INFO:root:Checkin Successful! Successfully sent states to the cloud!
Apr 26 18:00:07 localhost sctpd[3442494]: I0426 18:00:07.139183 3442939 sctp_connection.cpp:195] Unhandled notification type 32776
Apr 26 18:00:08 localhost sctpd[3442494]: I0426 18:00:08.197898 3442939 sctp_connection.cpp:195] Unhandled notification type 32777
Apr 26 18:00:09 localhost smsd[3442319]: INFO:root:mme non_eps_service_config is not SMS_ORC8R, sleeping.
Apr 26 18:00:12 localhost dhclient[601]: DHCPREQUEST for 172.16.5.121 on eth1 to 172.16.5.2 port 67 (xid=0x1ea11b90)
Apr 26 18:00:14 localhost smsd[3442319]: INFO:root:mme non_eps_service_config is not SMS_ORC8R, sleeping.
Apr 26 18:00:16 localhost mobilityd[3442226]: INFO:root:Using GW info: {'default': {2: ('172.16.4.1', 'eth0')}, 2: [('172.16.4.1', 'eth0', True)]}
Apr 26 18:00:16 localhost mobilityd[3442226]: INFO:root:GW-v6 probe: timer started
Apr 26 18:00:19 localhost smsd[3442319]: INFO:root:mme non_eps_service_config is not SMS_ORC8R, sleeping.
Apr 26 18:00:24 localhost smsd[3442319]: INFO:root:mme non_eps_service_config is not SMS_ORC8R, sleeping.
Apr 26 18:00:27 localhost dhclient[601]: DHCPREQUEST for 172.16.5.121 on eth1 to 172.16.5.2 port 67 (xid=0x1ea11b90)
Apr 26 18:00:29 localhost smsd[3442319]: INFO:root:mme non_eps_service_config is not SMS_ORC8R, sleeping.
Apr 26 18:00:30 localhost control_proxy[3442397]: 2022-04-26T18:00:30.021Z [127.0.0.1 -> streamer-controller.magmasi.wavelabs.in,8443] "POST /magma.orc8r.Streamer/GetUpdates HTTP/2" 200 173bytes 0.301s
Apr 26 18:00:30 localhost policydb[3442303]: INFO:root:Processing 4 policy updates (resync=True)
Apr 26 18:00:30 localhost sctpd[3442494]: I0426 18:00:30.428779 3442939 sctp_connection.cpp:195] Unhandled notification type 32776
Apr 26 18:00:30 localhost control_proxy[3442397]: 2022-04-26T18:00:30.021Z [127.0.0.1 -> streamer-controller.magmasi.wavelabs.in,8443] "POST /magma.orc8r.Streamer/GetUpdates HTTP/2" 200 7bytes 0.272s
Apr 26 18:00:30 localhost policydb[3442303]: INFO:root:Processing 0 basename -> policy updates
Apr 26 18:00:30 localhost control_proxy[3442397]: 2022-04-26T18:00:30.021Z [127.0.0.1 -> streamer-controller.magmasi.wavelabs.in,8443] "POST /magma.orc8r.Streamer/GetUpdates HTTP/2" 200 13536bytes 0.324s
Apr 26 18:00:30 localhost policydb[3442303]: INFO:root:Processing 223 SID -> apn -> policy updates
Apr 26 18:00:31 localhost control_proxy[3442397]: 2022-04-26T18:00:30.021Z [127.0.0.1 -> streamer-controller.magmasi.wavelabs.in,8443] "POST /magma.orc8r.Streamer/GetUpdates HTTP/2" 200 7bytes 0.267s
Apr 26 18:00:31 localhost policydb[3442303]: INFO:root:Processing 0 rating group updates
Apr 26 18:00:31 localhost sctpd[3442494]: I0426 18:00:31.490610 3442939 sctp_connection.cpp:195] Unhandled notification type 32777
Apr 26 18:00:34 localhost smsd[3442319]: INFO:root:mme non_eps_service_config is not SMS_ORC8R, sleeping.
Apr 26 18:00:36 localhost mobilityd[3442226]: INFO:root:Using GW info: {'default': {2: ('172.16.4.1', 'eth0')}, 2: [('172.16.4.1', 'eth0', True)]}
Apr 26 18:00:36 localhost mobilityd[3442226]: INFO:root:GW-v6 probe: timer started
Apr 26 18:00:37 localhost magmad[3442157]: ERROR:root:Metrics upload error for service subscriberdb (chunk 0)! [StatusCode.DEADLINE_EXCEEDED] Deadline Exceeded
Apr 26 18:00:37 localhost magmad[3442157]: ERROR:root:Metrics upload error for service mobilityd (chunk 0)! [StatusCode.DEADLINE_EXCEEDED] Deadline Exceeded
Apr 26 18:00:37 localhost magmad[3442157]: ERROR:root:Metrics upload error for service mme (chunk 0)! [StatusCode.DEADLINE_EXCEEDED] Deadline Exceeded
Apr 26 18:00:37 localhost magmad[3442157]: ERROR:root:Metrics upload error for service magmad (chunk 0)! [StatusCode.DEADLINE_EXCEEDED] Deadline Exceeded
Apr 26 18:00:37 localhost magmad[3442157]: ERROR:root:Metrics upload error for service enodebd (chunk 0)! [StatusCode.DEADLINE_EXCEEDED] Deadline Exceeded
Apr 26 18:00:37 localhost magmad[3442157]: ERROR:root:Metrics upload error for service pipelined (chunk 0)! [StatusCode.DEADLINE_EXCEEDED] Deadline Exceeded
Apr 26 18:00:37 localhost magmad[3442157]: ERROR:root:Metrics upload error for service state (chunk 0)! [StatusCode.DEADLINE_EXCEEDED] Deadline Exceeded
Apr 26 18:00:37 localhost magmad[3442157]: ERROR:root:Metrics upload error for service sessiond (chunk 0)! [StatusCode.DEADLINE_EXCEEDED] Deadline Exceeded
Apr 26 18:00:39 localhost smsd[3442319]: INFO:root:mme non_eps_service_config is not SMS_ORC8R, sleeping.
Apr 26 18:00:41 localhost dhclient[601]: DHCPREQUEST for 172.16.5.121 on eth1 to 172.16.5.2 port 67 (xid=0x1ea11b90)
Apr 26 18:00:44 localhost smsd[3442319]: INFO:root:mme non_eps_service_config is not SMS_ORC8R, sleeping.
Apr 26 18:00:48 localhost dhclient[601]: DHCPREQUEST for 172.16.5.121 on eth1 to 172.16.5.2 port 67 (xid=0x1ea11b90)
Apr 26 18:00:49 localhost smsd[3442319]: INFO:root:mme non_eps_service_config is not SMS_ORC8R, sleeping.
Apr 26 18:00:53 localhost sctpd[3442494]: I0426 18:00:53.557415 3442939 sctp_connection.cpp:195] Unhandled notification type 32776
Apr 26 18:00:54 localhost sctpd[3442494]: I0426 18:00:54.616683 3442939 sctp_connection.cpp:195] Unhandled notification type 32777
Apr 26 18:00:54 localhost smsd[3442319]: INFO:root:mme non_eps_service_config is not SMS_ORC8R, sleeping.
Apr 26 18:00:56 localhost mobilityd[3442226]: INFO:root:Using GW info: {'default': {2: ('172.16.4.1', 'eth0')}, 2: [('172.16.4.1', 'eth0', True)]}
Apr 26 18:00:56 localhost mobilityd[3442226]: INFO:root:GW-v6 probe: timer started
Apr 26 18:00:56 localhost magmad[3442157]: INFO:root:[SyncRPC] Got heartBeat from cloud
Apr 26 18:00:57 localhost dhclient[601]: DHCPREQUEST for 172.16.5.121 on eth1 to 172.16.5.2 port 67 (xid=0x1ea11b90)
Apr 26 18:00:59 localhost smsd[3442319]: INFO:root:mme non_eps_service_config is not SMS_ORC8R, sleeping.
Apr 26 18:01:04 localhost subscriberdb[3442225]: INFO:root:get digest stored in gateway:
Apr 26 18:01:04 localhost control_proxy[3442397]: 2022-04-26T18:01:04.094Z [127.0.0.1 -> subscriberdb-controller.magmasi.wavelabs.in,8443] "POST /magma.lte.SubscriberDBCloud/CheckInSync HTTP/2" 200 0bytes 0.506s
Apr 26 18:01:04 localhost subscriberdb[3442225]: ERROR:root:Internal Error in subscriberdb-Orc8r communication. If AGW and Orc8r are deployed at a commit hash, upgrade AGW and Orc8r to latest commit hash.
Apr 26 18:01:04 localhost smsd[3442319]: INFO:root:mme non_eps_service_config is not SMS_ORC8R, sleeping.
Apr 26 18:01:04 localhost control_proxy[3442397]: 2022-04-26T18:01:04.094Z [127.0.0.1 -> subscriberdb-controller.magmasi.wavelabs.in,8443] "POST /magma.lte.SubscriberDBCloud/Sync HTTP/2" 200 0bytes 0.252s
Apr 26 18:01:04 localhost subscriberdb[3442225]: ERROR:root:Internal Error in subscriberdb-Orc8r communication. If AGW and Orc8r are deployed at a commit hash, upgrade AGW and Orc8r to latest commit hash.
Apr 26 18:01:05 localhost control_proxy[3442397]: 2022-04-26T18:01:04.094Z [127.0.0.1 -> subscriberdb-controller.magmasi.wavelabs.in,8443] "POST /magma.lte.SubscriberDBCloud/ListSubscribers HTTP/2" 200 44180bytes 0.337s
Apr 26 18:01:05 localhost subscriberdb[3442225]: INFO:root:Successfully fetched all subscriber pages from the cloud!
Apr 26 18:01:05 localhost subscriberdb[3442225]: INFO:root:update root digest stored in gateway:
Apr 26 18:01:07 localhost magmad[3442157]: INFO:root:Setting logging level to INFO
Apr 26 18:01:09 localhost smsd[3442319]: INFO:root:mme non_eps_service_config is not SMS_ORC8R, sleeping.
Apr 26 18:01:10 localhost dhclient[601]: DHCPREQUEST for 172.16.5.121 on eth1 to 172.16.5.2 port 67 (xid=0x1ea11b90)
Apr 26 18:01:14 localhost smsd[3442319]: INFO:root:mme non_eps_service_config is not SMS_ORC8R, sleeping.
Apr 26 18:01:16 localhost sctpd[3442494]: I0426 18:01:16.740334 3442939 sctp_connection.cpp:195] Unhandled notification type 32776
Apr 26 18:01:16 localhost mobilityd[3442226]: INFO:root:Using GW info: {'default': {2: ('172.16.4.1', 'eth0')}, 2: [('172.16.4.1', 'eth0', True)]}
Apr 26 18:01:16 localhost mobilityd[3442226]: INFO:root:GW-v6 probe: timer started
Apr 26 18:01:17 localhost sctpd[3442494]: I0426 18:01:17.801999 3442939 sctp_connection.cpp:195] Unhandled notification type 32777
Apr 26 18:01:19 localhost smsd[3442319]: INFO:root:mme non_eps_service_config is not SMS_ORC8R, sleeping.
Apr 26 18:01:23 localhost dhclient[601]: DHCPREQUEST for 172.16.5.121 on eth1 to 172.16.5.2 port 67 (xid=0x1ea11b90)
Apr 26 18:01:24 localhost smsd[3442319]: INFO:root:mme non_eps_service_config is not SMS_ORC8R, sleeping.
Apr 26 18:01:26 localhost control_proxy[3442397]: 2022-04-26T18:01:25.771Z [127.0.0.1 -> state-controller.magmasi.wavelabs.in,8443] "POST /magma.orc8r.StateService/ReportStates HTTP/2" 200 5bytes 0.653s
Apr 26 18:01:26 localhost magmad[3442157]: INFO:root:Checkin Successful! Successfully sent states to the cloud!
Apr 26 18:01:30 localhost smsd[3442319]: INFO:root:mme non_eps_service_config is not SMS_ORC8R, sleeping.
Apr 26 18:01:31 localhost control_proxy[3442397]: 2022-04-26T18:01:31.257Z [127.0.0.1 -> streamer-controller.magmasi.wavelabs.in,8443] "POST /magma.orc8r.Streamer/GetUpdates HTTP/2" 200 173bytes 0.289s
Apr 26 18:01:31 localhost policydb[3442303]: INFO:root:Processing 4 policy updates (resync=True)
Apr 26 18:01:31 localhost control_proxy[3442397]: 2022-04-26T18:01:31.257Z [127.0.0.1 -> streamer-controller.magmasi.wavelabs.in,8443] "POST /magma.orc8r.Streamer/GetUpdates HTTP/2" 200 7bytes 0.314s
Apr 26 18:01:31 localhost policydb[3442303]: INFO:root:Processing 0 basename -> policy updates
Apr 26 18:01:32 localhost control_proxy[3442397]: 2022-04-26T18:01:31.257Z [127.0.0.1 -> streamer-controller.magmasi.wavelabs.in,8443] "POST /magma.orc8r.Streamer/GetUpdates HTTP/2" 200 13536bytes 0.328s
Apr 26 18:01:32 localhost policydb[3442303]: INFO:root:Processing 223 SID -> apn -> policy updates
Apr 26 18:01:32 localhost control_proxy[3442397]: 2022-04-26T18:01:32.205Z [127.0.0.1 -> streamer-controller.magmasi.wavelabs.in,8443] "POST /magma.orc8r.Streamer/GetUpdates HTTP/2" 200 7bytes 0.267s
Apr 26 18:01:32 localhost policydb[3442303]: INFO:root:Processing 0 rating group updates
Apr 26 18:01:35 localhost smsd[3442319]: INFO:root:mme non_eps_service_config is not SMS_ORC8R, sleeping.
Apr 26 18:01:35 localhost dhclient[601]: DHCPREQUEST for 172.16.5.121 on eth1 to 172.16.5.2 port 67 (xid=0x1ea11b90)
Apr 26 18:01:36 localhost mobilityd[3442226]: INFO:root:Using GW info: {'default': {2: ('172.16.4.1', 'eth0')}, 2: [('172.16.4.1', 'eth0', True)]}
Apr 26 18:01:36 localhost mobilityd[3442226]: INFO:root:GW-v6 probe: timer started
Apr 26 18:01:40 localhost sctpd[3442494]: I0426 18:01:40.027475 3442939 sctp_connection.cpp:195] Unhandled notification type 32776
Apr 26 18:01:40 localhost smsd[3442319]: INFO:root:mme non_eps_service_config is not SMS_ORC8R, sleeping.
Apr 26 18:01:41 localhost sctpd[3442494]: I0426 18:01:41.091059 3442939 sctp_connection.cpp:195] Unhandled notification type 32777
Apr 26 18:01:45 localhost smsd[3442319]: INFO:root:mme non_eps_service_config is not SMS_ORC8R, sleeping.
Apr 26 18:01:47 localhost dhclient[601]: DHCPREQUEST for 172.16.5.121 on eth1 to 172.16.5.2 port 67 (xid=0x1ea11b90)
Apr 26 18:01:50 localhost smsd[3442319]: INFO:root:mme non_eps_service_config is not SMS_ORC8R, sleeping.
Apr 26 18:01:55 localhost smsd[3442319]: INFO:root:mme non_eps_service_config is not SMS_ORC8R, sleeping.
Apr 26 18:01:55 localhost magmad[3442157]: ERROR:root:Metrics upload error for service subscriberdb (chunk 0)! [StatusCode.DEADLINE_EXCEEDED] Deadline Exceeded
Apr 26 18:01:55 localhost magmad[3442157]: ERROR:root:Metrics upload error for service mobilityd (chunk 0)! [StatusCode.DEADLINE_EXCEEDED] Deadline Exceeded
Apr 26 18:01:55 localhost magmad[3442157]: ERROR:root:Metrics upload error for service mme (chunk 0)! [StatusCode.DEADLINE_EXCEEDED] Deadline Exceeded
Apr 26 18:01:55 localhost magmad[3442157]: ERROR:root:Metrics upload error for service magmad (chunk 0)! [StatusCode.DEADLINE_EXCEEDED] Deadline Exceeded
Apr 26 18:01:55 localhost magmad[3442157]: ERROR:root:Metrics upload error for service enodebd (chunk 0)! [StatusCode.DEADLINE_EXCEEDED] Deadline Exceeded
Apr 26 18:01:55 localhost magmad[3442157]: ERROR:root:Metrics upload error for service pipelined (chunk 0)! [StatusCode.DEADLINE_EXCEEDED] Deadline Exceeded
Apr 26 18:01:55 localhost magmad[3442157]: ERROR:root:Metrics upload error for service state (chunk 0)! [StatusCode.DEADLINE_EXCEEDED] Deadline Exceeded
Apr 26 18:01:55 localhost magmad[3442157]: ERROR:root:Metrics upload error for service sessiond (chunk 0)! [StatusCode.DEADLINE_EXCEEDED] Deadline Exceeded
Apr 26 18:01:56 localhost mobilityd[3442226]: INFO:root:Using GW info: {'default': {2: ('172.16.4.1', 'eth0')}, 2: [('172.16.4.1', 'eth0', True)]}
Apr 26 18:01:56 localhost mobilityd[3442226]: INFO:root:GW-v6 probe: timer started
Apr 26 18:01:56 localhost magmad[3442157]: INFO:root:[SyncRPC] Got heartBeat from cloud
Apr 26 18:01:57 localhost dhclient[601]: DHCPREQUEST for 172.16.5.121 on eth1 to 172.16.5.2 port 67 (xid=0x1ea11b90)
Apr 26 18:01:58 localhost control_proxy[3442397]: 2022-04-26T18:00:58.637Z [127.0.0.1 -> streamer-controller.magmasi.wavelabs.in,8443] "POST /magma.orc8r.Streamer/GetUpdates HTTP/2" 200 0bytes 60.279s
Apr 26 18:01:58 localhost magmad[3442157]: ERROR:root:Error! Streaming from the cloud failed! [StatusCode.ABORTED] error while streaming updates: rpc error: code = DeadlineExceeded desc = context deadline exceeded
Apr 26 18:02:00 localhost smsd[3442319]: INFO:root:mme non_eps_service_config is not SMS_ORC8R, sleeping.
Apr 26 18:02:01 localhost sctpd[3442494]: I0426 18:02:01.045778 3442939 sctp_connection.cpp:195] Unhandled notification type 32776
Apr 26 18:02:05 localhost smsd[3442319]: INFO:root:mme non_eps_service_config is not SMS_ORC8R, sleeping.
Apr 26 18:02:10 localhost smsd[3442319]: INFO:root:mme non_eps_service_config is not SMS_ORC8R, sleeping.
Apr 26 18:02:11 localhost sctpd[3442494]: I0426 18:02:11.066704 3442939 sctp_connection.cpp:195] Unhandled notification type 32777
Apr 26 18:02:14 localhost sctpd[3442494]: I0426 18:02:14.339457 3442939 sctp_connection.cpp:195] Unhandled notification type 32777
Apr 26 18:02:15 localhost smsd[3442319]: INFO:root:mme non_eps_service_config is not SMS_ORC8R, sleeping.
Apr 26 18:02:16 localhost dhclient[601]: DHCPREQUEST for 172.16.5.121 on eth1 to 172.16.5.2 port 67 (xid=0x1ea11b90)
Apr 26 18:02:16 localhost mobilityd[3442226]: INFO:root:Using GW info: {'default': {2: ('172.16.4.1', 'eth0')}, 2: [('172.16.4.1', 'eth0', True)]}
Apr 26 18:02:16 localhost mobilityd[3442226]: INFO:root:GW-v6 probe: timer started
Apr 26 18:02:20 localhost smsd[3442319]: INFO:root:mme non_eps_service_config is not SMS_ORC8R, sleeping.
Apr 26 18:02:25 localhost smsd[3442319]: INFO:root:mme non_eps_service_config is not SMS_ORC8R, sleeping.
Apr 26 18:02:27 localhost magmad[3442157]: INFO:root:Setting logging level to INFO
Apr 26 18:02:30 localhost smsd[3442319]: INFO:root:mme non_eps_service_config is not SMS_ORC8R, sleeping.
Apr 26 18:02:31 localhost dhclient[601]: DHCPREQUEST for 172.16.5.121 on eth1 to 172.16.5.2 port 67 (xid=0x1ea11b90)
Apr 26 18:02:33 localhost control_proxy[3442397]: 2022-04-26T18:02:32.509Z [127.0.0.1 -> streamer-controller.magmasi.wavelabs.in,8443] "POST /magma.orc8r.Streamer/GetUpdates HTTP/2" 200 173bytes 0.533s
Apr 26 18:02:33 localhost policydb[3442303]: INFO:root:Processing 4 policy updates (resync=True)
Apr 26 18:02:33 localhost control_proxy[3442397]: 2022-04-26T18:02:33.045Z [127.0.0.1 -> streamer-controller.magmasi.wavelabs.in,8443] "POST /magma.orc8r.Streamer/GetUpdates HTTP/2" 200 7bytes 0.270s
Apr 26 18:02:33 localhost policydb[3442303]: INFO:root:Processing 0 basename -> policy updates
Apr 26 18:02:33 localhost control_proxy[3442397]: 2022-04-26T18:02:33.045Z [127.0.0.1 -> streamer-controller.magmasi.wavelabs.in,8443] "POST /magma.orc8r.Streamer/GetUpdates HTTP/2" 200 13536bytes 0.299s
Apr 26 18:02:33 localhost policydb[3442303]: INFO:root:Processing 223 SID -> apn -> policy updates
Apr 26 18:02:33 localhost control_proxy[3442397]: 2022-04-26T18:02:33.045Z [127.0.0.1 -> streamer-controller.magmasi.wavelabs.in,8443] "POST /magma.orc8r.Streamer/GetUpdates HTTP/2" 200 7bytes 0.266s
Apr 26 18:02:33 localhost policydb[3442303]: INFO:root:Processing 0 rating group updates
Apr 26 18:02:35 localhost smsd[3442319]: INFO:root:mme non_eps_service_config is not SMS_ORC8R, sleeping.
Apr 26 18:02:36 localhost sctpd[3442494]: I0426 18:02:36.522130 3442939 sctp_connection.cpp:195] Unhandled notification type 32776
Apr 26 18:02:36 localhost sctpd[3442494]: I0426 18:02:36.673991 3442939 sctp_connection.cpp:195] Unhandled notification type 32776
Apr 26 18:02:36 localhost mobilityd[3442226]: INFO:root:Using GW info: {'default': {2: ('172.16.4.1', 'eth0')}, 2: [('172.16.4.1', 'eth0', True)]}
Apr 26 18:02:36 localhost mobilityd[3442226]: INFO:root:GW-v6 probe: timer started
Apr 26 18:02:37 localhost sctpd[3442494]: I0426 18:02:37.733891 3442939 sctp_connection.cpp:195] Unhandled notification type 32777
Apr 26 18:02:37 localhost sctpd[3442494]: I0426 18:02:37.844528 3442939 sctp_connection.cpp:195] Unhandled notification type 32777
Apr 26 18:02:38 localhost sctpd[3442494]: I0426 18:02:38.075681 3442939 sctp_connection.cpp:195] Unhandled notification type 32777
Apr 26 18:02:38 localhost sctpd[3442494]: I0426 18:02:38.197844 3442939 sctp_connection.cpp:195] Unhandled notification type 32777
Apr 26 18:02:38 localhost mme[3442898]: [DEBUG] Sending S6A-UPDATE_LOCATION_REQUEST with IMSI: 222700000000001
Apr 26 18:02:38 localhost mme[3442898]: [INFO] Received S6A-LOCATION-UPDATE_ANSWER for IMSI: 222700000000001; Status: ; StatusCode: 2001
Apr 26 18:02:38 localhost mme[3442898]: [INFO] sent itti S6A-LOCATION-UPDATE_ANSWER for IMSI: 222700000000001
Apr 26 18:02:38 localhost sctpd[3442494]: I0426 18:02:38.254874 3442939 sctp_connection.cpp:195] Unhandled notification type 32777
Apr 26 18:02:39 localhost mobilityd[3442226]: DEBUG:root:Received AllocateIPAddress
Apr 26 18:02:39 localhost mobilityd[3442226]: INFO:root:GRPC message:
Apr 26 18:02:39 localhost mobilityd[3442226]:   magma.lte.AllocateIPRequest {
Apr 26 18:02:39 localhost mobilityd[3442226]:     "sid": {
Apr 26 18:02:39 localhost mobilityd[3442226]:       "id": "222700000000001"
Apr 26 18:02:39 localhost mobilityd[3442226]:     },
Apr 26 18:02:39 localhost mobilityd[3442226]:     "apn": "default"
Apr 26 18:02:39 localhost mobilityd[3442226]:   }
Apr 26 18:02:39 localhost mobilityd[3442226]: DEBUG:root:Find APN config for: IMSI222700000000001.default,ipv4
Apr 26 18:02:39 localhost mobilityd[3442226]: DEBUG:root:APN config: service_selection: "default"
Apr 26 18:02:39 localhost mobilityd[3442226]: qos_profile {
Apr 26 18:02:39 localhost mobilityd[3442226]:   class_id: 9
Apr 26 18:02:39 localhost mobilityd[3442226]:   priority_level: 15
Apr 26 18:02:39 localhost mobilityd[3442226]: }
Apr 26 18:02:39 localhost mobilityd[3442226]: ambr {
Apr 26 18:02:39 localhost mobilityd[3442226]:   max_bandwidth_ul: 100000000
Apr 26 18:02:39 localhost mobilityd[3442226]:   max_bandwidth_dl: 100000000
Apr 26 18:02:39 localhost mobilityd[3442226]: }
Apr 26 18:02:39 localhost mobilityd[3442226]: DEBUG:root:vlan: Got APN: service_selection: "default"
Apr 26 18:02:39 localhost mobilityd[3442226]: qos_profile {
Apr 26 18:02:39 localhost mobilityd[3442226]:   class_id: 9
Apr 26 18:02:39 localhost mobilityd[3442226]:   priority_level: 15
Apr 26 18:02:39 localhost mobilityd[3442226]: }
Apr 26 18:02:39 localhost mobilityd[3442226]: ambr {
Apr 26 18:02:39 localhost mobilityd[3442226]:   max_bandwidth_ul: 100000000
Apr 26 18:02:39 localhost mobilityd[3442226]:   max_bandwidth_dl: 100000000
Apr 26 18:02:39 localhost mobilityd[3442226]: }
Apr 26 18:02:39 localhost mobilityd[3442226]: DEBUG:root:invalid internet gw ip: None
Apr 26 18:02:39 localhost mobilityd[3442226]: DEBUG:root:could not parse GW IP: None
Apr 26 18:02:39 localhost mobilityd[3442226]: DEBUG:root:Find APN config for: IMSI222700000000001.default,ipv4
Apr 26 18:02:39 localhost mobilityd[3442226]: DEBUG:root:APN config: service_selection: "default"
Apr 26 18:02:39 localhost mobilityd[3442226]: qos_profile {
Apr 26 18:02:39 localhost mobilityd[3442226]:   class_id: 9
Apr 26 18:02:39 localhost mobilityd[3442226]:   priority_level: 15
Apr 26 18:02:39 localhost mobilityd[3442226]: }
Apr 26 18:02:39 localhost mobilityd[3442226]: ambr {
Apr 26 18:02:39 localhost mobilityd[3442226]:   max_bandwidth_ul: 100000000
Apr 26 18:02:39 localhost mobilityd[3442226]:   max_bandwidth_dl: 100000000
Apr 26 18:02:39 localhost mobilityd[3442226]: }
Apr 26 18:02:39 localhost mobilityd[3442226]: DEBUG:root:ip: Got APN: service_selection: "default"
Apr 26 18:02:39 localhost mobilityd[3442226]: qos_profile {
Apr 26 18:02:39 localhost mobilityd[3442226]:   class_id: 9
Apr 26 18:02:39 localhost mobilityd[3442226]:   priority_level: 15
Apr 26 18:02:39 localhost mobilityd[3442226]: }
Apr 26 18:02:39 localhost mobilityd[3442226]: ambr {
Apr 26 18:02:39 localhost mobilityd[3442226]:   max_bandwidth_ul: 100000000
Apr 26 18:02:39 localhost mobilityd[3442226]:   max_bandwidth_dl: 100000000
Apr 26 18:02:39 localhost mobilityd[3442226]: }
Apr 26 18:02:39 localhost mobilityd[3442226]: DEBUG:root:Allocating New IP: <mobilityd.IPDesc {ip: 192.168.128.198, ip_block: 192.168.128.0/24, state: IPState.ALLOCATED, sid: IMSI222700000000001.default,ipv4, type: IPType.IP_POOL }}>
Apr 26 18:02:39 localhost mobilityd[3442226]: INFO:root:Allocated IP 192.168.128.198 for sid IMSI222700000000001 for apn default
Apr 26 18:02:39 localhost mobilityd[3442226]: INFO:root:GRPC message:
Apr 26 18:02:39 localhost mobilityd[3442226]:   magma.lte.AllocateIPAddressResponse {
Apr 26 18:02:39 localhost mobilityd[3442226]:     "ipList": [
Apr 26 18:02:39 localhost mobilityd[3442226]:       {
Apr 26 18:02:39 localhost mobilityd[3442226]:         "address": "wKiAxg=="
Apr 26 18:02:39 localhost mobilityd[3442226]:       }
Apr 26 18:02:39 localhost mobilityd[3442226]:     ],
Apr 26 18:02:39 localhost mobilityd[3442226]:     "vlan": "0"
Apr 26 18:02:39 localhost mobilityd[3442226]:   }
Apr 26 18:02:39 localhost policydb[3442303]: INFO:root:Creating a session for subscriber ID: IMSI222700000000001
Apr 26 18:02:39 localhost sessiond[3442235]: I0426 18:02:39.477502 3442235 SetMessageManagerHandler.cpp:344] Processing a CreateSessionResponse for IMSI222700000000001-623825
Apr 26 18:02:39 localhost sessiond[3442235]: I0426 18:02:39.477695 3442235 SessionState.cpp:2775] RuleID allowlist_sid-IMSI222700000000001-default doesn't have a version registered for IMSI222700000000001-623825, this is unexpected
Apr 26 18:02:39 localhost mme[3442898]: PDUSessionResourceSetupRequestTransfer ::= {
Apr 26 18:02:39 localhost mme[3442898]:     protocolIEs: ProtocolIE-Container ::= {
Apr 26 18:02:39 localhost mme[3442898]:         PDUSessionResourceSetupRequestTransferIEs ::= {
Apr 26 18:02:39 localhost mme[3442898]:             id: 130
Apr 26 18:02:39 localhost mme[3442898]:             criticality: 0 (reject)
Apr 26 18:02:39 localhost mme[3442898]:             value: PDUSessionAggregateMaximumBitRate ::= {
Apr 26 18:02:39 localhost mme[3442898]:                 pDUSessionAggregateMaximumBitRateDL: 100000000
Apr 26 18:02:39 localhost mme[3442898]:                 pDUSessionAggregateMaximumBitRateUL: 100000000
Apr 26 18:02:39 localhost mme[3442898]:             }
Apr 26 18:02:39 localhost mme[3442898]:         }
Apr 26 18:02:39 localhost mme[3442898]:         PDUSessionResourceSetupRequestTransferIEs ::= {
Apr 26 18:02:39 localhost mme[3442898]:             id: 139
Apr 26 18:02:39 localhost mme[3442898]:             criticality: 0 (reject)
Apr 26 18:02:39 localhost mme[3442898]:             value: GTPTunnel ::= {
Apr 26 18:02:39 localhost mme[3442898]:                 transportLayerAddress: AC 10 05 79
Apr 26 18:02:39 localhost mme[3442898]:                 gTP-TEID: 80 00 00 09
Apr 26 18:02:39 localhost mme[3442898]:             }
Apr 26 18:02:39 localhost mme[3442898]:         }
Apr 26 18:02:39 localhost mme[3442898]:         PDUSessionResourceSetupRequestTransferIEs ::= {
Apr 26 18:02:39 localhost mme[3442898]:             id: 134
Apr 26 18:02:39 localhost mme[3442898]:             criticality: 0 (reject)
Apr 26 18:02:39 localhost mme[3442898]:             value: 0 (ipv4)
Apr 26 18:02:39 localhost mme[3442898]:         }
Apr 26 18:02:39 localhost mme[3442898]:         PDUSessionResourceSetupRequestTransferIEs ::= {
Apr 26 18:02:39 localhost mme[3442898]:             id: 136
Apr 26 18:02:39 localhost mme[3442898]:             criticality: 0 (reject)
Apr 26 18:02:39 localhost mme[3442898]:             value: QosFlowSetupRequestList ::= {
Apr 26 18:02:39 localhost mme[3442898]:                 QosFlowSetupRequestItem ::= {
Apr 26 18:02:39 localhost mme[3442898]:                     qosFlowIdentifier: 9
Apr 26 18:02:39 localhost mme[3442898]:                     qosFlowLevelQosParameters: QosFlowLevelQosParameters ::= {
Apr 26 18:02:39 localhost mme[3442898]:                         qosCharacteristics: NonDynamic5QIDescriptor ::= {
Apr 26 18:02:39 localhost mme[3442898]:                             fiveQI: 9
Apr 26 18:02:39 localhost mme[3442898]:                         }
Apr 26 18:02:39 localhost mme[3442898]:                         allocationAndRetentionPriority: AllocationAndRetentionPriority ::= {
Apr 26 18:02:39 localhost mme[3442898]:                             priorityLevelARP: 15
Apr 26 18:02:39 localhost mme[3442898]:                             pre-emptionCapability: 0 (shall-not-trigger-pre-emption)
Apr 26 18:02:39 localhost mme[3442898]:                             pre-emptionVulnerability: 0 (not-pre-emptable)
Apr 26 18:02:39 localhost mme[3442898]:                         }
Apr 26 18:02:39 localhost mme[3442898]:                     }
Apr 26 18:02:39 localhost mme[3442898]:                 }
Apr 26 18:02:39 localhost mme[3442898]:             }
Apr 26 18:02:39 localhost mme[3442898]:         }
Apr 26 18:02:39 localhost mme[3442898]:     }
Apr 26 18:02:39 localhost mme[3442898]: }
Apr 26 18:02:39 localhost sctpd[3442494]: I0426 18:02:39.685425 3442939 sctp_connection.cpp:195] Unhandled notification type 32777
Apr 26 18:02:40 localhost smsd[3442319]: INFO:root:mme non_eps_service_config is not SMS_ORC8R, sleeping.
Apr 26 18:02:41 localhost mme[3442898]: InitiatingMessage ::= {
Apr 26 18:02:41 localhost mme[3442898]:     procedureCode: 28
Apr 26 18:02:41 localhost mme[3442898]:     criticality: 1 (ignore)
Apr 26 18:02:41 localhost mme[3442898]:     value: PDUSessionResourceReleaseCommand ::= {
Apr 26 18:02:41 localhost mme[3442898]:         protocolIEs: ProtocolIE-Container ::= {
Apr 26 18:02:41 localhost mme[3442898]:             PDUSessionResourceReleaseCommandIEs ::= {
Apr 26 18:02:41 localhost mme[3442898]:                 id: 10
