May 13 22:16:51 localhost control_proxy[471212]: 2022-05-13T22:16:50.719Z [127.0.0.1 -> state-controller.magmasi.wavelabs.in,8443] "POST /magma.orc8r.StateService/ReportStates HTTP/2" 200 5bytes 0.390s
May 13 22:16:51 localhost magmad[470977]: INFO:root:Checkin Successful! Successfully sent states to the cloud!
May 13 22:16:52 localhost smsd[471147]: INFO:root:mme non_eps_service_config is not SMS_ORC8R, sleeping.
May 13 22:16:57 localhost smsd[471147]: INFO:root:mme non_eps_service_config is not SMS_ORC8R, sleeping.
May 13 22:17:00 localhost mobilityd[471052]: INFO:root:Using GW info: {'default': {2: ('172.16.4.1', 'eth0')}, 2: [('172.16.4.1', 'eth0', True)]}
May 13 22:17:00 localhost mobilityd[471052]: INFO:root:GW-v6 probe: timer started
May 13 22:17:01 localhost CRON[474103]: (root) CMD (   cd / && run-parts --report /etc/cron.hourly)
May 13 22:17:02 localhost smsd[471147]: INFO:root:mme non_eps_service_config is not SMS_ORC8R, sleeping.
May 13 22:17:07 localhost smsd[471147]: INFO:root:mme non_eps_service_config is not SMS_ORC8R, sleeping.
May 13 22:17:11 localhost control_proxy[471212]: 2022-05-13T22:17:10.802Z [127.0.0.1 -> streamer-controller.magmasi.wavelabs.in,8443] "POST /magma.orc8r.Streamer/GetUpdates HTTP/2" 200 173bytes 0.563s
May 13 22:17:11 localhost policydb[471124]: INFO:root:Processing 4 policy updates (resync=True)
May 13 22:17:11 localhost control_proxy[471212]: 2022-05-13T22:17:11.369Z [127.0.0.1 -> streamer-controller.magmasi.wavelabs.in,8443] "POST /magma.orc8r.Streamer/GetUpdates HTTP/2" 200 7bytes 0.280s
May 13 22:17:11 localhost policydb[471124]: INFO:root:Processing 0 basename -> policy updates
May 13 22:17:11 localhost control_proxy[471212]: 2022-05-13T22:17:11.369Z [127.0.0.1 -> streamer-controller.magmasi.wavelabs.in,8443] "POST /magma.orc8r.Streamer/GetUpdates HTTP/2" 200 13536bytes 0.315s
May 13 22:17:11 localhost policydb[471124]: INFO:root:Processing 223 SID -> apn -> policy updates
May 13 22:17:12 localhost control_proxy[471212]: 2022-05-13T22:17:11.369Z [127.0.0.1 -> streamer-controller.magmasi.wavelabs.in,8443] "POST /magma.orc8r.Streamer/GetUpdates HTTP/2" 200 7bytes 0.288s
May 13 22:17:12 localhost policydb[471124]: INFO:root:Processing 0 rating group updates
May 13 22:17:12 localhost smsd[471147]: INFO:root:mme non_eps_service_config is not SMS_ORC8R, sleeping.
May 13 22:17:15 localhost sctpd[471325]: I0513 22:17:15.118542 471816 sctp_connection.cpp:195] Unhandled notification type 32776
May 13 22:17:17 localhost smsd[471147]: INFO:root:mme non_eps_service_config is not SMS_ORC8R, sleeping.
May 13 22:17:20 localhost magmad[470977]: ERROR:root:Metrics upload error for service subscriberdb (chunk 0)! [StatusCode.DEADLINE_EXCEEDED] Deadline Exceeded
May 13 22:17:20 localhost magmad[470977]: ERROR:root:Metrics upload error for service mobilityd (chunk 0)! [StatusCode.DEADLINE_EXCEEDED] Deadline Exceeded
May 13 22:17:20 localhost magmad[470977]: ERROR:root:Metrics upload error for service mme (chunk 0)! [StatusCode.DEADLINE_EXCEEDED] Deadline Exceeded
May 13 22:17:20 localhost magmad[470977]: ERROR:root:Metrics upload error for service magmad (chunk 0)! [StatusCode.DEADLINE_EXCEEDED] Deadline Exceeded
May 13 22:17:20 localhost magmad[470977]: ERROR:root:Metrics upload error for service enodebd (chunk 0)! [StatusCode.DEADLINE_EXCEEDED] Deadline Exceeded
May 13 22:17:20 localhost magmad[470977]: ERROR:root:Metrics upload error for service pipelined (chunk 0)! [StatusCode.DEADLINE_EXCEEDED] Deadline Exceeded
May 13 22:17:20 localhost magmad[470977]: ERROR:root:Metrics upload error for service state (chunk 0)! [StatusCode.DEADLINE_EXCEEDED] Deadline Exceeded
May 13 22:17:20 localhost magmad[470977]: ERROR:root:Metrics upload error for service sessiond (chunk 0)! [StatusCode.DEADLINE_EXCEEDED] Deadline Exceeded
May 13 22:17:20 localhost mobilityd[471052]: INFO:root:Using GW info: {'default': {2: ('172.16.4.1', 'eth0')}, 2: [('172.16.4.1', 'eth0', True)]}
May 13 22:17:20 localhost mobilityd[471052]: INFO:root:GW-v6 probe: timer started
May 13 22:17:22 localhost smsd[471147]: INFO:root:mme non_eps_service_config is not SMS_ORC8R, sleeping.
May 13 22:17:32 localhost smsd[471147]: message repeated 2 times: [ INFO:root:mme non_eps_service_config is not SMS_ORC8R, sleeping.]
May 13 22:17:37 localhost sctpd[471325]: I0513 22:17:37.308265 471816 sctp_connection.cpp:195] Unhandled notification type 32776
May 13 22:17:37 localhost smsd[471147]: INFO:root:mme non_eps_service_config is not SMS_ORC8R, sleeping.
May 13 22:17:40 localhost mobilityd[471052]: INFO:root:Using GW info: {'default': {2: ('172.16.4.1', 'eth0')}, 2: [('172.16.4.1', 'eth0', True)]}
May 13 22:17:40 localhost mobilityd[471052]: INFO:root:GW-v6 probe: timer started
May 13 22:17:41 localhost magmad[470977]: INFO:root:[SyncRPC] Got heartBeat from cloud
May 13 22:17:42 localhost smsd[471147]: INFO:root:mme non_eps_service_config is not SMS_ORC8R, sleeping.
May 13 22:17:47 localhost smsd[471147]: INFO:root:mme non_eps_service_config is not SMS_ORC8R, sleeping.
May 13 22:17:51 localhost magmad[470977]: INFO:root:Setting logging level to INFO
May 13 22:17:52 localhost smsd[471147]: INFO:root:mme non_eps_service_config is not SMS_ORC8R, sleeping.
May 13 22:17:57 localhost smsd[471147]: INFO:root:mme non_eps_service_config is not SMS_ORC8R, sleeping.
May 13 22:18:00 localhost mobilityd[471052]: INFO:root:Using GW info: {'default': {2: ('172.16.4.1', 'eth0')}, 2: [('172.16.4.1', 'eth0', True)]}
May 13 22:18:00 localhost mobilityd[471052]: INFO:root:GW-v6 probe: timer started
May 13 22:18:02 localhost smsd[471147]: INFO:root:mme non_eps_service_config is not SMS_ORC8R, sleeping.
May 13 22:18:08 localhost smsd[471147]: INFO:root:mme non_eps_service_config is not SMS_ORC8R, sleeping.
May 13 22:18:10 localhost control_proxy[471212]: 2022-05-13T22:18:10.366Z [127.0.0.1 -> state-controller.magmasi.wavelabs.in,8443] "POST /magma.orc8r.StateService/ReportStates HTTP/2" 200 5bytes 0.555s
May 13 22:18:10 localhost magmad[470977]: INFO:root:Checkin Successful! Successfully sent states to the cloud!
May 13 22:18:11 localhost sctpd[471325]: I0513 22:18:11.475072 471816 sctp_connection.cpp:195] Unhandled notification type 32776
May 13 22:18:12 localhost control_proxy[471212]: 2022-05-13T22:18:12.323Z [127.0.0.1 -> streamer-controller.magmasi.wavelabs.in,8443] "POST /magma.orc8r.Streamer/GetUpdates HTTP/2" 200 173bytes 0.295s
May 13 22:18:12 localhost policydb[471124]: INFO:root:Processing 4 policy updates (resync=True)
May 13 22:18:12 localhost control_proxy[471212]: 2022-05-13T22:18:12.323Z [127.0.0.1 -> streamer-controller.magmasi.wavelabs.in,8443] "POST /magma.orc8r.Streamer/GetUpdates HTTP/2" 200 7bytes 0.281s
May 13 22:18:12 localhost policydb[471124]: INFO:root:Processing 0 basename -> policy updates
May 13 22:18:13 localhost smsd[471147]: INFO:root:mme non_eps_service_config is not SMS_ORC8R, sleeping.
May 13 22:18:13 localhost control_proxy[471212]: 2022-05-13T22:18:12.323Z [127.0.0.1 -> streamer-controller.magmasi.wavelabs.in,8443] "POST /magma.orc8r.Streamer/GetUpdates HTTP/2" 200 13536bytes 0.327s
May 13 22:18:13 localhost policydb[471124]: INFO:root:Processing 223 SID -> apn -> policy updates
May 13 22:18:13 localhost control_proxy[471212]: 2022-05-13T22:18:13.241Z [127.0.0.1 -> streamer-controller.magmasi.wavelabs.in,8443] "POST /magma.orc8r.Streamer/GetUpdates HTTP/2" 200 7bytes 0.278s
May 13 22:18:13 localhost policydb[471124]: INFO:root:Processing 0 rating group updates
May 13 22:18:18 localhost smsd[471147]: INFO:root:mme non_eps_service_config is not SMS_ORC8R, sleeping.
May 13 22:18:20 localhost magmad[470977]: ERROR:root:Metrics upload error for service subscriberdb (chunk 0)! [StatusCode.DEADLINE_EXCEEDED] Deadline Exceeded
May 13 22:18:20 localhost magmad[470977]: ERROR:root:Metrics upload error for service mobilityd (chunk 0)! [StatusCode.DEADLINE_EXCEEDED] Deadline Exceeded
May 13 22:18:20 localhost magmad[470977]: ERROR:root:Metrics upload error for service mme (chunk 0)! [StatusCode.DEADLINE_EXCEEDED] Deadline Exceeded
May 13 22:18:20 localhost magmad[470977]: ERROR:root:Metrics upload error for service magmad (chunk 0)! [StatusCode.DEADLINE_EXCEEDED] Deadline Exceeded
May 13 22:18:20 localhost magmad[470977]: ERROR:root:Metrics upload error for service enodebd (chunk 0)! [StatusCode.DEADLINE_EXCEEDED] Deadline Exceeded
May 13 22:18:20 localhost magmad[470977]: ERROR:root:Metrics upload error for service pipelined (chunk 0)! [StatusCode.DEADLINE_EXCEEDED] Deadline Exceeded
May 13 22:18:20 localhost magmad[470977]: ERROR:root:Metrics upload error for service state (chunk 0)! [StatusCode.DEADLINE_EXCEEDED] Deadline Exceeded
May 13 22:18:20 localhost magmad[470977]: ERROR:root:Metrics upload error for service sessiond (chunk 0)! [StatusCode.DEADLINE_EXCEEDED] Deadline Exceeded
May 13 22:18:20 localhost mobilityd[471052]: INFO:root:Using GW info: {'default': {2: ('172.16.4.1', 'eth0')}, 2: [('172.16.4.1', 'eth0', True)]}
May 13 22:18:20 localhost mobilityd[471052]: INFO:root:GW-v6 probe: timer started
May 13 22:18:23 localhost smsd[471147]: INFO:root:mme non_eps_service_config is not SMS_ORC8R, sleeping.
May 13 22:18:38 localhost smsd[471147]: message repeated 3 times: [ INFO:root:mme non_eps_service_config is not SMS_ORC8R, sleeping.]
May 13 22:18:39 localhost sctpd[471325]: I0513 22:18:39.725652 471816 sctp_connection.cpp:195] Unhandled notification type 32776
May 13 22:18:40 localhost mobilityd[471052]: INFO:root:Using GW info: {'default': {2: ('172.16.4.1', 'eth0')}, 2: [('172.16.4.1', 'eth0', True)]}
May 13 22:18:40 localhost mobilityd[471052]: INFO:root:GW-v6 probe: timer started
May 13 22:18:41 localhost magmad[470977]: INFO:root:[SyncRPC] Got heartBeat from cloud
May 13 22:18:42 localhost control_proxy[471212]: 2022-05-13T22:17:42.566Z [127.0.0.1 -> streamer-controller.magmasi.wavelabs.in,8443] "POST /magma.orc8r.Streamer/GetUpdates HTTP/2" 200 0bytes 60.274s
May 13 22:18:42 localhost magmad[470977]: ERROR:root:Error! Streaming from the cloud failed! [StatusCode.ABORTED] error while streaming updates: rpc error: code = DeadlineExceeded desc = context deadline exceeded
May 13 22:18:43 localhost smsd[471147]: INFO:root:mme non_eps_service_config is not SMS_ORC8R, sleeping.
May 13 22:18:58 localhost smsd[471147]: message repeated 3 times: [ INFO:root:mme non_eps_service_config is not SMS_ORC8R, sleeping.]
May 13 22:19:00 localhost mobilityd[471052]: INFO:root:Using GW info: {'default': {2: ('172.16.4.1', 'eth0')}, 2: [('172.16.4.1', 'eth0', True)]}
May 13 22:19:00 localhost mobilityd[471052]: INFO:root:GW-v6 probe: timer started
May 13 22:19:03 localhost smsd[471147]: INFO:root:mme non_eps_service_config is not SMS_ORC8R, sleeping.
May 13 22:19:07 localhost sctpd[471325]: I0513 22:19:07.962577 471816 sctp_connection.cpp:195] Unhandled notification type 32776
May 13 22:19:08 localhost smsd[471147]: INFO:root:mme non_eps_service_config is not SMS_ORC8R, sleeping.
May 13 22:19:11 localhost magmad[470977]: INFO:root:Setting logging level to INFO
May 13 22:19:13 localhost smsd[471147]: INFO:root:mme non_eps_service_config is not SMS_ORC8R, sleeping.
May 13 22:19:13 localhost control_proxy[471212]: 2022-05-13T22:19:13.547Z [127.0.0.1 -> streamer-controller.magmasi.wavelabs.in,8443] "POST /magma.orc8r.Streamer/GetUpdates HTTP/2" 200 173bytes 0.293s
May 13 22:19:13 localhost policydb[471124]: INFO:root:Processing 4 policy updates (resync=True)
May 13 22:19:14 localhost control_proxy[471212]: 2022-05-13T22:19:13.547Z [127.0.0.1 -> streamer-controller.magmasi.wavelabs.in,8443] "POST /magma.orc8r.Streamer/GetUpdates HTTP/2" 200 7bytes 0.291s
May 13 22:19:14 localhost policydb[471124]: INFO:root:Processing 0 basename -> policy updates
May 13 22:19:14 localhost control_proxy[471212]: 2022-05-13T22:19:14.138Z [127.0.0.1 -> streamer-controller.magmasi.wavelabs.in,8443] "POST /magma.orc8r.Streamer/GetUpdates HTTP/2" 200 13536bytes 0.320s
May 13 22:19:14 localhost policydb[471124]: INFO:root:Processing 223 SID -> apn -> policy updates
May 13 22:19:14 localhost control_proxy[471212]: 2022-05-13T22:19:14.138Z [127.0.0.1 -> streamer-controller.magmasi.wavelabs.in,8443] "POST /magma.orc8r.Streamer/GetUpdates HTTP/2" 200 7bytes 0.280s
May 13 22:19:14 localhost policydb[471124]: INFO:root:Processing 0 rating group updates
May 13 22:19:18 localhost smsd[471147]: INFO:root:mme non_eps_service_config is not SMS_ORC8R, sleeping.
May 13 22:19:20 localhost mobilityd[471052]: INFO:root:Using GW info: {'default': {2: ('172.16.4.1', 'eth0')}, 2: [('172.16.4.1', 'eth0', True)]}
May 13 22:19:20 localhost mobilityd[471052]: INFO:root:GW-v6 probe: timer started
May 13 22:19:23 localhost smsd[471147]: INFO:root:mme non_eps_service_config is not SMS_ORC8R, sleeping.
May 13 22:19:28 localhost smsd[471147]: INFO:root:mme non_eps_service_config is not SMS_ORC8R, sleeping.
May 13 22:19:29 localhost magmad[470977]: ERROR:root:Metrics upload error for service subscriberdb (chunk 0)! [StatusCode.DEADLINE_EXCEEDED] Deadline Exceeded
May 13 22:19:29 localhost magmad[470977]: ERROR:root:Metrics upload error for service mobilityd (chunk 0)! [StatusCode.DEADLINE_EXCEEDED] Deadline Exceeded
May 13 22:19:29 localhost magmad[470977]: ERROR:root:Metrics upload error for service mme (chunk 0)! [StatusCode.DEADLINE_EXCEEDED] Deadline Exceeded
May 13 22:19:29 localhost magmad[470977]: ERROR:root:Metrics upload error for service magmad (chunk 0)! [StatusCode.DEADLINE_EXCEEDED] Deadline Exceeded
May 13 22:19:29 localhost magmad[470977]: ERROR:root:Metrics upload error for service enodebd (chunk 0)! [StatusCode.DEADLINE_EXCEEDED] Deadline Exceeded
May 13 22:19:29 localhost magmad[470977]: ERROR:root:Metrics upload error for service pipelined (chunk 0)! [StatusCode.DEADLINE_EXCEEDED] Deadline Exceeded
May 13 22:19:29 localhost magmad[470977]: ERROR:root:Metrics upload error for service state (chunk 0)! [StatusCode.DEADLINE_EXCEEDED] Deadline Exceeded
May 13 22:19:29 localhost magmad[470977]: ERROR:root:Metrics upload error for service sessiond (chunk 0)! [StatusCode.DEADLINE_EXCEEDED] Deadline Exceeded
May 13 22:19:29 localhost magmad[470977]: INFO:root:Checking for upgrade...
May 13 22:19:29 localhost magmad[470977]: WARNING:root:magmad package_version config missing or set to default 0.0.0-0, skipping upgrade
May 13 22:19:30 localhost control_proxy[471212]: 2022-05-13T22:19:29.906Z [127.0.0.1 -> state-controller.magmasi.wavelabs.in,8443] "POST /magma.orc8r.StateService/ReportStates HTTP/2" 200 5bytes 0.550s
May 13 22:19:30 localhost magmad[470977]: INFO:root:Checkin Successful! Successfully sent states to the cloud!
May 13 22:19:33 localhost smsd[471147]: INFO:root:mme non_eps_service_config is not SMS_ORC8R, sleeping.
May 13 22:19:36 localhost sctpd[471325]: I0513 22:19:36.494218 471816 sctp_connection.cpp:195] Unhandled notification type 32776
May 13 22:19:38 localhost smsd[471147]: INFO:root:mme non_eps_service_config is not SMS_ORC8R, sleeping.
May 13 22:19:40 localhost mobilityd[471052]: INFO:root:Using GW info: {'default': {2: ('172.16.4.1', 'eth0')}, 2: [('172.16.4.1', 'eth0', True)]}
May 13 22:19:40 localhost mobilityd[471052]: INFO:root:GW-v6 probe: timer started
May 13 22:19:41 localhost magmad[470977]: INFO:root:[SyncRPC] Got heartBeat from cloud
May 13 22:19:43 localhost smsd[471147]: INFO:root:mme non_eps_service_config is not SMS_ORC8R, sleeping.
May 13 22:19:58 localhost smsd[471147]: message repeated 3 times: [ INFO:root:mme non_eps_service_config is not SMS_ORC8R, sleeping.]
May 13 22:19:59 localhost sctpd[471325]: I0513 22:19:59.811400 471816 sctp_connection.cpp:195] Unhandled notification type 32776
May 13 22:20:00 localhost mobilityd[471052]: INFO:root:Using GW info: {'default': {2: ('172.16.4.1', 'eth0')}, 2: [('172.16.4.1', 'eth0', True)]}
May 13 22:20:00 localhost mobilityd[471052]: INFO:root:GW-v6 probe: timer started
May 13 22:20:03 localhost smsd[471147]: INFO:root:mme non_eps_service_config is not SMS_ORC8R, sleeping.
May 13 22:20:13 localhost smsd[471147]: message repeated 2 times: [ INFO:root:mme non_eps_service_config is not SMS_ORC8R, sleeping.]
May 13 22:20:15 localhost control_proxy[471212]: 2022-05-13T22:20:14.806Z [127.0.0.1 -> streamer-controller.magmasi.wavelabs.in,8443] "POST /magma.orc8r.Streamer/GetUpdates HTTP/2" 200 173bytes 0.294s
May 13 22:20:15 localhost policydb[471124]: INFO:root:Processing 4 policy updates (resync=True)
May 13 22:20:15 localhost control_proxy[471212]: 2022-05-13T22:20:15.104Z [127.0.0.1 -> streamer-controller.magmasi.wavelabs.in,8443] "POST /magma.orc8r.Streamer/GetUpdates HTTP/2" 200 7bytes 0.280s
May 13 22:20:15 localhost policydb[471124]: INFO:root:Processing 0 basename -> policy updates
May 13 22:20:15 localhost control_proxy[471212]: 2022-05-13T22:20:15.104Z [127.0.0.1 -> streamer-controller.magmasi.wavelabs.in,8443] "POST /magma.orc8r.Streamer/GetUpdates HTTP/2" 200 13536bytes 0.319s
May 13 22:20:15 localhost policydb[471124]: INFO:root:Processing 223 SID -> apn -> policy updates
May 13 22:20:16 localhost control_proxy[471212]: 2022-05-13T22:20:15.104Z [127.0.0.1 -> streamer-controller.magmasi.wavelabs.in,8443] "POST /magma.orc8r.Streamer/GetUpdates HTTP/2" 200 7bytes 0.288s
May 13 22:20:16 localhost policydb[471124]: INFO:root:Processing 0 rating group updates
May 13 22:20:18 localhost smsd[471147]: INFO:root:mme non_eps_service_config is not SMS_ORC8R, sleeping.
May 13 22:20:20 localhost magmad[470977]: ERROR:root:Metrics upload error for service subscriberdb (chunk 0)! [StatusCode.DEADLINE_EXCEEDED] Deadline Exceeded
May 13 22:20:20 localhost magmad[470977]: ERROR:root:Metrics upload error for service mobilityd (chunk 0)! [StatusCode.DEADLINE_EXCEEDED] Deadline Exceeded
May 13 22:20:20 localhost magmad[470977]: ERROR:root:Metrics upload error for service mme (chunk 0)! [StatusCode.DEADLINE_EXCEEDED] Deadline Exceeded
May 13 22:20:20 localhost magmad[470977]: ERROR:root:Metrics upload error for service magmad (chunk 0)! [StatusCode.DEADLINE_EXCEEDED] Deadline Exceeded
May 13 22:20:20 localhost magmad[470977]: ERROR:root:Metrics upload error for service enodebd (chunk 0)! [StatusCode.DEADLINE_EXCEEDED] Deadline Exceeded
May 13 22:20:20 localhost magmad[470977]: ERROR:root:Metrics upload error for service pipelined (chunk 0)! [StatusCode.DEADLINE_EXCEEDED] Deadline Exceeded
May 13 22:20:20 localhost magmad[470977]: ERROR:root:Metrics upload error for service state (chunk 0)! [StatusCode.DEADLINE_EXCEEDED] Deadline Exceeded
May 13 22:20:20 localhost magmad[470977]: ERROR:root:Metrics upload error for service sessiond (chunk 0)! [StatusCode.DEADLINE_EXCEEDED] Deadline Exceeded
May 13 22:20:20 localhost mobilityd[471052]: INFO:root:Using GW info: {'default': {2: ('172.16.4.1', 'eth0')}, 2: [('172.16.4.1', 'eth0', True)]}
May 13 22:20:20 localhost mobilityd[471052]: INFO:root:GW-v6 probe: timer started
May 13 22:20:23 localhost smsd[471147]: INFO:root:mme non_eps_service_config is not SMS_ORC8R, sleeping.
May 13 22:20:28 localhost smsd[471147]: INFO:root:mme non_eps_service_config is not SMS_ORC8R, sleeping.
May 13 22:20:30 localhost magmad[470977]: INFO:root:Setting logging level to INFO
May 13 22:20:33 localhost sctpd[471325]: I0513 22:20:33.683938 471816 sctp_connection.cpp:195] Unhandled notification type 32776
May 13 22:20:33 localhost smsd[471147]: INFO:root:mme non_eps_service_config is not SMS_ORC8R, sleeping.
May 13 22:20:38 localhost smsd[471147]: INFO:root:mme non_eps_service_config is not SMS_ORC8R, sleeping.
May 13 22:20:40 localhost mobilityd[471052]: INFO:root:Using GW info: {'default': {2: ('172.16.4.1', 'eth0')}, 2: [('172.16.4.1', 'eth0', True)]}
May 13 22:20:40 localhost mobilityd[471052]: INFO:root:GW-v6 probe: timer started
May 13 22:20:41 localhost magmad[470977]: INFO:root:[SyncRPC] Got heartBeat from cloud
May 13 22:20:43 localhost control_proxy[471212]: 2022-05-13T22:19:42.906Z [127.0.0.1 -> streamer-controller.magmasi.wavelabs.in,8443] "POST /magma.orc8r.Streamer/GetUpdates HTTP/2" 200 0bytes 60.280s
May 13 22:20:43 localhost magmad[470977]: ERROR:root:Error! Streaming from the cloud failed! [StatusCode.ABORTED] error while streaming updates: rpc error: code = DeadlineExceeded desc = context deadline exceeded
May 13 22:20:43 localhost smsd[471147]: INFO:root:mme non_eps_service_config is not SMS_ORC8R, sleeping.
May 13 22:20:48 localhost smsd[471147]: INFO:root:mme non_eps_service_config is not SMS_ORC8R, sleeping.
May 13 22:20:49 localhost control_proxy[471212]: 2022-05-13T22:20:49.425Z [127.0.0.1 -> state-controller.magmasi.wavelabs.in,8443] "POST /magma.orc8r.StateService/ReportStates HTTP/2" 200 5bytes 0.554s
May 13 22:20:49 localhost magmad[470977]: INFO:root:Checkin Successful! Successfully sent states to the cloud!
May 13 22:20:53 localhost smsd[471147]: INFO:root:mme non_eps_service_config is not SMS_ORC8R, sleeping.
May 13 22:20:56 localhost sctpd[471325]: I0513 22:20:56.375022 471816 sctp_connection.cpp:195] Unhandled notification type 32776
May 13 22:20:58 localhost smsd[471147]: INFO:root:mme non_eps_service_config is not SMS_ORC8R, sleeping.
May 13 22:21:00 localhost mobilityd[471052]: INFO:root:Using GW info: {'default': {2: ('172.16.4.1', 'eth0')}, 2: [('172.16.4.1', 'eth0', True)]}
May 13 22:21:00 localhost mobilityd[471052]: INFO:root:GW-v6 probe: timer started
May 13 22:21:04 localhost smsd[471147]: INFO:root:mme non_eps_service_config is not SMS_ORC8R, sleeping.
May 13 22:21:14 localhost smsd[471147]: message repeated 2 times: [ INFO:root:mme non_eps_service_config is not SMS_ORC8R, sleeping.]
May 13 22:21:16 localhost control_proxy[471212]: 2022-05-13T22:21:16.058Z [127.0.0.1 -> streamer-controller.magmasi.wavelabs.in,8443] "POST /magma.orc8r.Streamer/GetUpdates HTTP/2" 200 173bytes 0.311s
May 13 22:21:16 localhost policydb[471124]: INFO:root:Processing 4 policy updates (resync=True)
May 13 22:21:16 localhost control_proxy[471212]: 2022-05-13T22:21:16.058Z [127.0.0.1 -> streamer-controller.magmasi.wavelabs.in,8443] "POST /magma.orc8r.Streamer/GetUpdates HTTP/2" 200 7bytes 0.310s
May 13 22:21:16 localhost policydb[471124]: INFO:root:Processing 0 basename -> policy updates
May 13 22:21:17 localhost control_proxy[471212]: 2022-05-13T22:21:16.058Z [127.0.0.1 -> streamer-controller.magmasi.wavelabs.in,8443] "POST /magma.orc8r.Streamer/GetUpdates HTTP/2" 200 13536bytes 0.324s
May 13 22:21:17 localhost policydb[471124]: INFO:root:Processing 223 SID -> apn -> policy updates
May 13 22:21:17 localhost control_proxy[471212]: 2022-05-13T22:21:17.019Z [127.0.0.1 -> streamer-controller.magmasi.wavelabs.in,8443] "POST /magma.orc8r.Streamer/GetUpdates HTTP/2" 200 7bytes 0.295s
May 13 22:21:17 localhost policydb[471124]: INFO:root:Processing 0 rating group updates
May 13 22:21:19 localhost smsd[471147]: INFO:root:mme non_eps_service_config is not SMS_ORC8R, sleeping.
May 13 22:21:20 localhost magmad[470977]: ERROR:root:Metrics upload error for service subscriberdb (chunk 0)! [StatusCode.DEADLINE_EXCEEDED] Deadline Exceeded
May 13 22:21:20 localhost magmad[470977]: ERROR:root:Metrics upload error for service mobilityd (chunk 0)! [StatusCode.DEADLINE_EXCEEDED] Deadline Exceeded
May 13 22:21:20 localhost magmad[470977]: ERROR:root:Metrics upload error for service mme (chunk 0)! [StatusCode.DEADLINE_EXCEEDED] Deadline Exceeded
May 13 22:21:20 localhost magmad[470977]: ERROR:root:Metrics upload error for service magmad (chunk 0)! [StatusCode.DEADLINE_EXCEEDED] Deadline Exceeded
May 13 22:21:20 localhost magmad[470977]: ERROR:root:Metrics upload error for service enodebd (chunk 0)! [StatusCode.DEADLINE_EXCEEDED] Deadline Exceeded
May 13 22:21:20 localhost magmad[470977]: ERROR:root:Metrics upload error for service pipelined (chunk 0)! [StatusCode.DEADLINE_EXCEEDED] Deadline Exceeded
May 13 22:21:20 localhost magmad[470977]: ERROR:root:Metrics upload error for service state (chunk 0)! [StatusCode.DEADLINE_EXCEEDED] Deadline Exceeded
May 13 22:21:20 localhost magmad[470977]: ERROR:root:Metrics upload error for service sessiond (chunk 0)! [StatusCode.DEADLINE_EXCEEDED] Deadline Exceeded
May 13 22:21:20 localhost mobilityd[471052]: INFO:root:Using GW info: {'default': {2: ('172.16.4.1', 'eth0')}, 2: [('172.16.4.1', 'eth0', True)]}
May 13 22:21:20 localhost mobilityd[471052]: INFO:root:GW-v6 probe: timer started
May 13 22:21:24 localhost smsd[471147]: INFO:root:mme non_eps_service_config is not SMS_ORC8R, sleeping.
May 13 22:21:29 localhost smsd[471147]: INFO:root:mme non_eps_service_config is not SMS_ORC8R, sleeping.
May 13 22:21:30 localhost sctpd[471325]: I0513 22:21:30.713003 471816 sctp_connection.cpp:195] Unhandled notification type 32776
May 13 22:21:34 localhost smsd[471147]: INFO:root:mme non_eps_service_config is not SMS_ORC8R, sleeping.
May 13 22:21:39 localhost smsd[471147]: INFO:root:mme non_eps_service_config is not SMS_ORC8R, sleeping.
May 13 22:21:40 localhost mobilityd[471052]: INFO:root:Using GW info: {'default': {2: ('172.16.4.1', 'eth0')}, 2: [('172.16.4.1', 'eth0', True)]}
May 13 22:21:40 localhost mobilityd[471052]: INFO:root:GW-v6 probe: timer started
May 13 22:21:41 localhost magmad[470977]: INFO:root:[SyncRPC] Got heartBeat from cloud
May 13 22:21:42 localhost dnsmasq-dhcp[471237]: DHCPDISCOVER(eth1) 172.16.5.242 a4:bf:01:70:0f:14 
May 13 22:21:42 localhost dnsmasq-dhcp[471237]: DHCPOFFER(eth1) 172.16.7.242 a4:bf:01:70:0f:14 
May 13 22:21:44 localhost smsd[471147]: INFO:root:mme non_eps_service_config is not SMS_ORC8R, sleeping.
May 13 22:21:49 localhost smsd[471147]: INFO:root:mme non_eps_service_config is not SMS_ORC8R, sleeping.
May 13 22:21:49 localhost subscriberdb[471047]: INFO:root:get digest stored in gateway:
May 13 22:21:50 localhost magmad[470977]: INFO:root:Setting logging level to INFO
May 13 22:21:50 localhost control_proxy[471212]: 2022-05-13T22:21:49.998Z [127.0.0.1 -> subscriberdb-controller.magmasi.wavelabs.in,8443] "POST /magma.lte.SubscriberDBCloud/CheckInSync HTTP/2" 200 0bytes 0.538s
May 13 22:21:50 localhost subscriberdb[471047]: ERROR:root:Internal Error in subscriberdb-Orc8r communication. If AGW and Orc8r are deployed at a commit hash, upgrade AGW and Orc8r to latest commit hash.
May 13 22:21:50 localhost control_proxy[471212]: 2022-05-13T22:21:50.542Z [127.0.0.1 -> subscriberdb-controller.magmasi.wavelabs.in,8443] "POST /magma.lte.SubscriberDBCloud/Sync HTTP/2" 200 0bytes 0.268s
May 13 22:21:50 localhost subscriberdb[471047]: ERROR:root:Internal Error in subscriberdb-Orc8r communication. If AGW and Orc8r are deployed at a commit hash, upgrade AGW and Orc8r to latest commit hash.
May 13 22:21:51 localhost control_proxy[471212]: 2022-05-13T22:21:50.542Z [127.0.0.1 -> subscriberdb-controller.magmasi.wavelabs.in,8443] "POST /magma.lte.SubscriberDBCloud/ListSubscribers HTTP/2" 200 44653bytes 0.364s
May 13 22:21:51 localhost subscriberdb[471047]: INFO:root:Successfully fetched all subscriber pages from the cloud!
May 13 22:21:51 localhost subscriberdb[471047]: INFO:root:update root digest stored in gateway:
May 13 22:21:54 localhost smsd[471147]: INFO:root:mme non_eps_service_config is not SMS_ORC8R, sleeping.
May 13 22:21:59 localhost sctpd[471325]: I0513 22:21:59.007647 471816 sctp_connection.cpp:195] Unhandled notification type 32776
May 13 22:21:59 localhost smsd[471147]: INFO:root:mme non_eps_service_config is not SMS_ORC8R, sleeping.
May 13 22:22:00 localhost mobilityd[471052]: INFO:root:Using GW info: {'default': {2: ('172.16.4.1', 'eth0')}, 2: [('172.16.4.1', 'eth0', True)]}
May 13 22:22:00 localhost mobilityd[471052]: INFO:root:GW-v6 probe: timer started
May 13 22:22:04 localhost smsd[471147]: INFO:root:mme non_eps_service_config is not SMS_ORC8R, sleeping.
May 13 22:22:04 localhost dnsmasq-dhcp[471237]: DHCPDISCOVER(eth1) 48:bf:74:03:3d:72 
May 13 22:22:04 localhost dnsmasq-dhcp[471237]: DHCPOFFER(eth1) 172.16.7.250 48:bf:74:03:3d:72 
May 13 22:22:04 localhost dnsmasq-dhcp[471237]: DHCPREQUEST(eth1) 172.16.7.250 48:bf:74:03:3d:72 
May 13 22:22:04 localhost dnsmasq-dhcp[471237]: DHCPACK(eth1) 172.16.7.250 48:bf:74:03:3d:72 
May 13 22:22:09 localhost smsd[471147]: INFO:root:mme non_eps_service_config is not SMS_ORC8R, sleeping.
May 13 22:22:09 localhost control_proxy[471212]: 2022-05-13T22:22:09.059Z [127.0.0.1 -> state-controller.magmasi.wavelabs.in,8443] "POST /magma.orc8r.StateService/ReportStates HTTP/2" 200 5bytes 0.691s
May 13 22:22:09 localhost magmad[470977]: INFO:root:Checkin Successful! Successfully sent states to the cloud!
May 13 22:22:14 localhost smsd[471147]: INFO:root:mme non_eps_service_config is not SMS_ORC8R, sleeping.
May 13 22:22:17 localhost control_proxy[471212]: 2022-05-13T22:22:17.341Z [127.0.0.1 -> streamer-controller.magmasi.wavelabs.in,8443] "POST /magma.orc8r.Streamer/GetUpdates HTTP/2" 200 173bytes 0.567s
May 13 22:22:17 localhost policydb[471124]: INFO:root:Processing 4 policy updates (resync=True)
May 13 22:22:18 localhost control_proxy[471212]: 2022-05-13T22:22:17.341Z [127.0.0.1 -> streamer-controller.magmasi.wavelabs.in,8443] "POST /magma.orc8r.Streamer/GetUpdates HTTP/2" 200 7bytes 0.293s
May 13 22:22:18 localhost policydb[471124]: INFO:root:Processing 0 basename -> policy updates
May 13 22:22:18 localhost control_proxy[471212]: 2022-05-13T22:22:18.209Z [127.0.0.1 -> streamer-controller.magmasi.wavelabs.in,8443] "POST /magma.orc8r.Streamer/GetUpdates HTTP/2" 200 13536bytes 0.361s
May 13 22:22:18 localhost policydb[471124]: INFO:root:Processing 223 SID -> apn -> policy updates
May 13 22:22:18 localhost control_proxy[471212]: 2022-05-13T22:22:18.209Z [127.0.0.1 -> streamer-controller.magmasi.wavelabs.in,8443] "POST /magma.orc8r.Streamer/GetUpdates HTTP/2" 200 7bytes 0.278s
May 13 22:22:18 localhost policydb[471124]: INFO:root:Processing 0 rating group updates
May 13 22:22:19 localhost smsd[471147]: INFO:root:mme non_eps_service_config is not SMS_ORC8R, sleeping.
May 13 22:22:20 localhost mobilityd[471052]: INFO:root:Using GW info: {'default': {2: ('172.16.4.1', 'eth0')}, 2: [('172.16.4.1', 'eth0', True)]}
May 13 22:22:20 localhost mobilityd[471052]: INFO:root:GW-v6 probe: timer started
May 13 22:22:24 localhost smsd[471147]: INFO:root:mme non_eps_service_config is not SMS_ORC8R, sleeping.
May 13 22:22:27 localhost sctpd[471325]: I0513 22:22:27.530166 471816 sctp_connection.cpp:195] Unhandled notification type 32776
May 13 22:22:29 localhost smsd[471147]: INFO:root:mme non_eps_service_config is not SMS_ORC8R, sleeping.
May 13 22:22:33 localhost dnsmasq-dhcp[471237]: DHCPDISCOVER(eth1) 48:bf:74:03:3d:72 
May 13 22:22:33 localhost dnsmasq-dhcp[471237]: DHCPOFFER(eth1) 172.16.7.250 48:bf:74:03:3d:72 
May 13 22:22:34 localhost smsd[471147]: INFO:root:mme non_eps_service_config is not SMS_ORC8R, sleeping.
May 13 22:22:38 localhost magmad[470977]: ERROR:root:Metrics upload error for service subscriberdb (chunk 0)! [StatusCode.DEADLINE_EXCEEDED] Deadline Exceeded
May 13 22:22:38 localhost magmad[470977]: ERROR:root:Metrics upload error for service mobilityd (chunk 0)! [StatusCode.DEADLINE_EXCEEDED] Deadline Exceeded
May 13 22:22:38 localhost magmad[470977]: ERROR:root:Metrics upload error for service mme (chunk 0)! [StatusCode.DEADLINE_EXCEEDED] Deadline Exceeded
May 13 22:22:38 localhost magmad[470977]: ERROR:root:Metrics upload error for service magmad (chunk 0)! [StatusCode.DEADLINE_EXCEEDED] Deadline Exceeded
May 13 22:22:38 localhost magmad[470977]: ERROR:root:Metrics upload error for service enodebd (chunk 0)! [StatusCode.DEADLINE_EXCEEDED] Deadline Exceeded
May 13 22:22:38 localhost magmad[470977]: ERROR:root:Metrics upload error for service pipelined (chunk 0)! [StatusCode.DEADLINE_EXCEEDED] Deadline Exceeded
May 13 22:22:38 localhost magmad[470977]: ERROR:root:Metrics upload error for service state (chunk 0)! [StatusCode.DEADLINE_EXCEEDED] Deadline Exceeded
May 13 22:22:38 localhost magmad[470977]: ERROR:root:Metrics upload error for service sessiond (chunk 0)! [StatusCode.DEADLINE_EXCEEDED] Deadline Exceeded
May 13 22:22:39 localhost smsd[471147]: INFO:root:mme non_eps_service_config is not SMS_ORC8R, sleeping.
May 13 22:22:40 localhost mobilityd[471052]: INFO:root:Using GW info: {'default': {2: ('172.16.4.1', 'eth0')}, 2: [('172.16.4.1', 'eth0', True)]}
May 13 22:22:40 localhost mobilityd[471052]: INFO:root:GW-v6 probe: timer started
May 13 22:22:41 localhost magmad[470977]: INFO:root:[SyncRPC] Got heartBeat from cloud
May 13 22:22:43 localhost control_proxy[471212]: 2022-05-13T22:21:43.246Z [127.0.0.1 -> streamer-controller.magmasi.wavelabs.in,8443] "POST /magma.orc8r.Streamer/GetUpdates HTTP/2" 200 0bytes 60.274s
May 13 22:22:43 localhost magmad[470977]: ERROR:root:Error! Streaming from the cloud failed! [StatusCode.ABORTED] error while streaming updates: rpc error: code = DeadlineExceeded desc = context deadline exceeded
May 13 22:22:44 localhost smsd[471147]: INFO:root:mme non_eps_service_config is not SMS_ORC8R, sleeping.
May 13 22:22:54 localhost smsd[471147]: message repeated 2 times: [ INFO:root:mme non_eps_service_config is not SMS_ORC8R, sleeping.]
May 13 22:22:55 localhost sctpd[471325]: I0513 22:22:55.836545 471816 sctp_connection.cpp:195] Unhandled notification type 32776
May 13 22:22:59 localhost smsd[471147]: INFO:root:mme non_eps_service_config is not SMS_ORC8R, sleeping.
May 13 22:23:00 localhost mobilityd[471052]: INFO:root:Using GW info: {'default': {2: ('172.16.4.1', 'eth0')}, 2: [('172.16.4.1', 'eth0', True)]}
May 13 22:23:00 localhost mobilityd[471052]: INFO:root:GW-v6 probe: timer started
May 13 22:23:04 localhost smsd[471147]: INFO:root:mme non_eps_service_config is not SMS_ORC8R, sleeping.
May 13 22:23:09 localhost smsd[471147]: INFO:root:mme non_eps_service_config is not SMS_ORC8R, sleeping.
May 13 22:23:10 localhost magmad[470977]: INFO:root:Setting logging level to INFO
May 13 22:23:14 localhost smsd[471147]: INFO:root:mme non_eps_service_config is not SMS_ORC8R, sleeping.
May 13 22:23:19 localhost sctpd[471325]: I0513 22:23:19.095818 471816 sctp_connection.cpp:195] Unhandled notification type 32776
May 13 22:23:19 localhost control_proxy[471212]: 2022-05-13T22:23:18.887Z [127.0.0.1 -> streamer-controller.magmasi.wavelabs.in,8443] "POST /magma.orc8r.Streamer/GetUpdates HTTP/2" 200 173bytes 0.591s
May 13 22:23:19 localhost policydb[471124]: INFO:root:Processing 4 policy updates (resync=True)
May 13 22:23:19 localhost control_proxy[471212]: 2022-05-13T22:23:19.482Z [127.0.0.1 -> streamer-controller.magmasi.wavelabs.in,8443] "POST /magma.orc8r.Streamer/GetUpdates HTTP/2" 200 7bytes 0.323s
May 13 22:23:19 localhost policydb[471124]: INFO:root:Processing 0 basename -> policy updates
May 13 22:23:19 localhost smsd[471147]: INFO:root:mme non_eps_service_config is not SMS_ORC8R, sleeping.
May 13 22:23:20 localhost control_proxy[471212]: 2022-05-13T22:23:19.482Z [127.0.0.1 -> streamer-controller.magmasi.wavelabs.in,8443] "POST /magma.orc8r.Streamer/GetUpdates HTTP/2" 200 13536bytes 0.315s
May 13 22:23:20 localhost policydb[471124]: INFO:root:Processing 223 SID -> apn -> policy updates
May 13 22:23:20 localhost control_proxy[471212]: 2022-05-13T22:23:20.132Z [127.0.0.1 -> streamer-controller.magmasi.wavelabs.in,8443] "POST /magma.orc8r.Streamer/GetUpdates HTTP/2" 200 7bytes 0.278s
May 13 22:23:20 localhost policydb[471124]: INFO:root:Processing 0 rating group updates
May 13 22:23:20 localhost mobilityd[471052]: INFO:root:Using GW info: {'default': {2: ('172.16.4.1', 'eth0')}, 2: [('172.16.4.1', 'eth0', True)]}
May 13 22:23:20 localhost mobilityd[471052]: INFO:root:GW-v6 probe: timer started
May 13 22:23:24 localhost smsd[471147]: INFO:root:mme non_eps_service_config is not SMS_ORC8R, sleeping.
May 13 22:23:29 localhost control_proxy[471212]: 2022-05-13T22:23:28.534Z [127.0.0.1 -> state-controller.magmasi.wavelabs.in,8443] "POST /magma.orc8r.StateService/ReportStates HTTP/2" 200 5bytes 0.549s
May 13 22:23:29 localhost magmad[470977]: INFO:root:Checkin Successful! Successfully sent states to the cloud!
May 13 22:23:29 localhost smsd[471147]: INFO:root:mme non_eps_service_config is not SMS_ORC8R, sleeping.
May 13 22:23:34 localhost smsd[471147]: INFO:root:mme non_eps_service_config is not SMS_ORC8R, sleeping.
May 13 22:23:38 localhost magmad[470977]: ERROR:root:Metrics upload error for service subscriberdb (chunk 0)! [StatusCode.DEADLINE_EXCEEDED] Deadline Exceeded
May 13 22:23:38 localhost magmad[470977]: ERROR:root:Metrics upload error for service mobilityd (chunk 0)! [StatusCode.DEADLINE_EXCEEDED] Deadline Exceeded
May 13 22:23:38 localhost magmad[470977]: ERROR:root:Metrics upload error for service mme (chunk 0)! [StatusCode.DEADLINE_EXCEEDED] Deadline Exceeded
May 13 22:23:38 localhost magmad[470977]: ERROR:root:Metrics upload error for service magmad (chunk 0)! [StatusCode.DEADLINE_EXCEEDED] Deadline Exceeded
May 13 22:23:38 localhost magmad[470977]: ERROR:root:Metrics upload error for service enodebd (chunk 0)! [StatusCode.DEADLINE_EXCEEDED] Deadline Exceeded
May 13 22:23:38 localhost magmad[470977]: ERROR:root:Metrics upload error for service pipelined (chunk 0)! [StatusCode.DEADLINE_EXCEEDED] Deadline Exceeded
May 13 22:23:38 localhost magmad[470977]: ERROR:root:Metrics upload error for service state (chunk 0)! [StatusCode.DEADLINE_EXCEEDED] Deadline Exceeded
May 13 22:23:38 localhost magmad[470977]: ERROR:root:Metrics upload error for service sessiond (chunk 0)! [StatusCode.DEADLINE_EXCEEDED] Deadline Exceeded
May 13 22:23:39 localhost smsd[471147]: INFO:root:mme non_eps_service_config is not SMS_ORC8R, sleeping.
May 13 22:23:40 localhost mobilityd[471052]: INFO:root:Using GW info: {'default': {2: ('172.16.4.1', 'eth0')}, 2: [('172.16.4.1', 'eth0', True)]}
May 13 22:23:40 localhost mobilityd[471052]: INFO:root:GW-v6 probe: timer started
May 13 22:23:41 localhost magmad[470977]: INFO:root:[SyncRPC] Got heartBeat from cloud
May 13 22:23:44 localhost smsd[471147]: INFO:root:mme non_eps_service_config is not SMS_ORC8R, sleeping.
May 13 22:23:49 localhost smsd[471147]: INFO:root:mme non_eps_service_config is not SMS_ORC8R, sleeping.
May 13 22:23:52 localhost sctpd[471325]: I0513 22:23:52.426651 471816 sctp_connection.cpp:195] Unhandled notification type 32776
May 13 22:23:55 localhost smsd[471147]: INFO:root:mme non_eps_service_config is not SMS_ORC8R, sleeping.
May 13 22:24:00 localhost smsd[471147]: INFO:root:mme non_eps_service_config is not SMS_ORC8R, sleeping.
May 13 22:24:00 localhost mobilityd[471052]: INFO:root:Using GW info: {'default': {2: ('172.16.4.1', 'eth0')}, 2: [('172.16.4.1', 'eth0', True)]}
May 13 22:24:00 localhost mobilityd[471052]: INFO:root:GW-v6 probe: timer started
May 13 22:24:05 localhost smsd[471147]: INFO:root:mme non_eps_service_config is not SMS_ORC8R, sleeping.
May 13 22:24:10 localhost smsd[471147]: INFO:root:mme non_eps_service_config is not SMS_ORC8R, sleeping.
May 13 22:24:14 localhost sctpd[471325]: I0513 22:24:14.743786 471816 sctp_connection.cpp:195] Unhandled notification type 32776
May 13 22:24:15 localhost smsd[471147]: INFO:root:mme non_eps_service_config is not SMS_ORC8R, sleeping.
May 13 22:24:20 localhost smsd[471147]: INFO:root:mme non_eps_service_config is not SMS_ORC8R, sleeping.
May 13 22:24:20 localhost mobilityd[471052]: INFO:root:Using GW info: {'default': {2: ('172.16.4.1', 'eth0')}, 2: [('172.16.4.1', 'eth0', True)]}
May 13 22:24:20 localhost mobilityd[471052]: INFO:root:GW-v6 probe: timer started
May 13 22:24:21 localhost control_proxy[471212]: 2022-05-13T22:24:20.468Z [127.0.0.1 -> streamer-controller.magmasi.wavelabs.in,8443] "POST /magma.orc8r.Streamer/GetUpdates HTTP/2" 200 173bytes 0.556s
May 13 22:24:21 localhost policydb[471124]: INFO:root:Processing 4 policy updates (resync=True)
May 13 22:24:21 localhost control_proxy[471212]: 2022-05-13T22:24:21.028Z [127.0.0.1 -> streamer-controller.magmasi.wavelabs.in,8443] "POST /magma.orc8r.Streamer/GetUpdates HTTP/2" 200 7bytes 0.283s
May 13 22:24:21 localhost policydb[471124]: INFO:root:Processing 0 basename -> policy updates
May 13 22:24:21 localhost control_proxy[471212]: 2022-05-13T22:24:21.028Z [127.0.0.1 -> streamer-controller.magmasi.wavelabs.in,8443] "POST /magma.orc8r.Streamer/GetUpdates HTTP/2" 200 13536bytes 0.304s
May 13 22:24:21 localhost policydb[471124]: INFO:root:Processing 223 SID -> apn -> policy updates
May 13 22:24:21 localhost control_proxy[471212]: 2022-05-13T22:24:21.028Z [127.0.0.1 -> streamer-controller.magmasi.wavelabs.in,8443] "POST /magma.orc8r.Streamer/GetUpdates HTTP/2" 200 7bytes 0.279s
May 13 22:24:21 localhost policydb[471124]: INFO:root:Processing 0 rating group updates
May 13 22:24:25 localhost smsd[471147]: INFO:root:mme non_eps_service_config is not SMS_ORC8R, sleeping.
May 13 22:24:29 localhost magmad[470977]: INFO:root:Setting logging level to INFO
May 13 22:24:30 localhost smsd[471147]: INFO:root:mme non_eps_service_config is not SMS_ORC8R, sleeping.
May 13 22:24:40 localhost smsd[471147]: message repeated 2 times: [ INFO:root:mme non_eps_service_config is not SMS_ORC8R, sleeping.]
May 13 22:24:40 localhost mobilityd[471052]: INFO:root:Using GW info: {'default': {2: ('172.16.4.1', 'eth0')}, 2: [('172.16.4.1', 'eth0', True)]}
May 13 22:24:40 localhost mobilityd[471052]: INFO:root:GW-v6 probe: timer started
May 13 22:24:41 localhost magmad[470977]: INFO:root:[SyncRPC] Got heartBeat from cloud
May 13 22:24:43 localhost control_proxy[471212]: 2022-05-13T22:23:43.582Z [127.0.0.1 -> streamer-controller.magmasi.wavelabs.in,8443] "POST /magma.orc8r.Streamer/GetUpdates HTTP/2" 200 0bytes 60.274s
May 13 22:24:43 localhost magmad[470977]: ERROR:root:Error! Streaming from the cloud failed! [StatusCode.ABORTED] error while streaming updates: rpc error: code = DeadlineExceeded desc = context deadline exceeded
May 13 22:24:45 localhost smsd[471147]: INFO:root:mme non_eps_service_config is not SMS_ORC8R, sleeping.
May 13 22:24:48 localhost magmad[470977]: ERROR:root:Metrics upload error for service subscriberdb (chunk 0)! [StatusCode.DEADLINE_EXCEEDED] Deadline Exceeded
May 13 22:24:48 localhost magmad[470977]: ERROR:root:Metrics upload error for service mobilityd (chunk 0)! [StatusCode.DEADLINE_EXCEEDED] Deadline Exceeded
May 13 22:24:48 localhost magmad[470977]: ERROR:root:Metrics upload error for service mme (chunk 0)! [StatusCode.DEADLINE_EXCEEDED] Deadline Exceeded
May 13 22:24:48 localhost magmad[470977]: ERROR:root:Metrics upload error for service magmad (chunk 0)! [StatusCode.DEADLINE_EXCEEDED] Deadline Exceeded
May 13 22:24:48 localhost magmad[470977]: ERROR:root:Metrics upload error for service enodebd (chunk 0)! [StatusCode.DEADLINE_EXCEEDED] Deadline Exceeded
May 13 22:24:48 localhost magmad[470977]: ERROR:root:Metrics upload error for service pipelined (chunk 0)! [StatusCode.DEADLINE_EXCEEDED] Deadline Exceeded
May 13 22:24:48 localhost magmad[470977]: ERROR:root:Metrics upload error for service state (chunk 0)! [StatusCode.DEADLINE_EXCEEDED] Deadline Exceeded
May 13 22:24:48 localhost magmad[470977]: ERROR:root:Metrics upload error for service sessiond (chunk 0)! [StatusCode.DEADLINE_EXCEEDED] Deadline Exceeded
May 13 22:24:48 localhost magmad[470977]: INFO:root:Checking for upgrade...
May 13 22:24:48 localhost magmad[470977]: WARNING:root:magmad package_version config missing or set to default 0.0.0-0, skipping upgrade
May 13 22:24:48 localhost control_proxy[471212]: 2022-05-13T22:24:48.067Z [127.0.0.1 -> state-controller.magmasi.wavelabs.in,8443] "POST /magma.orc8r.StateService/ReportStates HTTP/2" 200 5bytes 0.286s
May 13 22:24:48 localhost magmad[470977]: INFO:root:Checkin Successful! Successfully sent states to the cloud!
May 13 22:24:49 localhost sctpd[471325]: I0513 22:24:49.268880 471816 sctp_connection.cpp:195] Unhandled notification type 32776
May 13 22:24:50 localhost smsd[471147]: INFO:root:mme non_eps_service_config is not SMS_ORC8R, sleeping.
May 13 22:25:00 localhost smsd[471147]: message repeated 2 times: [ INFO:root:mme non_eps_service_config is not SMS_ORC8R, sleeping.]
May 13 22:25:00 localhost mobilityd[471052]: INFO:root:Using GW info: {'default': {2: ('172.16.4.1', 'eth0')}, 2: [('172.16.4.1', 'eth0', True)]}
May 13 22:25:00 localhost mobilityd[471052]: INFO:root:GW-v6 probe: timer started
May 13 22:25:05 localhost smsd[471147]: INFO:root:mme non_eps_service_config is not SMS_ORC8R, sleeping.
May 13 22:25:15 localhost smsd[471147]: message repeated 2 times: [ INFO:root:mme non_eps_service_config is not SMS_ORC8R, sleeping.]
May 13 22:25:17 localhost sctpd[471325]: I0513 22:25:17.733090 471816 sctp_connection.cpp:195] Unhandled notification type 32776
May 13 22:25:20 localhost smsd[471147]: INFO:root:mme non_eps_service_config is not SMS_ORC8R, sleeping.
May 13 22:25:20 localhost mobilityd[471052]: INFO:root:Using GW info: {'default': {2: ('172.16.4.1', 'eth0')}, 2: [('172.16.4.1', 'eth0', True)]}
May 13 22:25:20 localhost mobilityd[471052]: INFO:root:GW-v6 probe: timer started
May 13 22:25:22 localhost control_proxy[471212]: 2022-05-13T22:25:21.967Z [127.0.0.1 -> streamer-controller.magmasi.wavelabs.in,8443] "POST /magma.orc8r.Streamer/GetUpdates HTTP/2" 200 173bytes 0.570s
May 13 22:25:22 localhost policydb[471124]: INFO:root:Processing 4 policy updates (resync=True)
May 13 22:25:22 localhost control_proxy[471212]: 2022-05-13T22:25:22.542Z [127.0.0.1 -> streamer-controller.magmasi.wavelabs.in,8443] "POST /magma.orc8r.Streamer/GetUpdates HTTP/2" 200 7bytes 0.282s
May 13 22:25:22 localhost policydb[471124]: INFO:root:Processing 0 basename -> policy updates
May 13 22:25:23 localhost control_proxy[471212]: 2022-05-13T22:25:22.542Z [127.0.0.1 -> streamer-controller.magmasi.wavelabs.in,8443] "POST /magma.orc8r.Streamer/GetUpdates HTTP/2" 200 13536bytes 0.318s
May 13 22:25:23 localhost policydb[471124]: INFO:root:Processing 223 SID -> apn -> policy updates
May 13 22:25:23 localhost control_proxy[471212]: 2022-05-13T22:25:23.154Z [127.0.0.1 -> streamer-controller.magmasi.wavelabs.in,8443] "POST /magma.orc8r.Streamer/GetUpdates HTTP/2" 200 7bytes 0.279s
May 13 22:25:23 localhost policydb[471124]: INFO:root:Processing 0 rating group updates
May 13 22:25:25 localhost smsd[471147]: INFO:root:mme non_eps_service_config is not SMS_ORC8R, sleeping.
May 13 22:25:35 localhost smsd[471147]: message repeated 2 times: [ INFO:root:mme non_eps_service_config is not SMS_ORC8R, sleeping.]
May 13 22:25:38 localhost magmad[470977]: ERROR:root:Metrics upload error for service subscriberdb (chunk 0)! [StatusCode.DEADLINE_EXCEEDED] Deadline Exceeded
May 13 22:25:38 localhost magmad[470977]: ERROR:root:Metrics upload error for service mobilityd (chunk 0)! [StatusCode.DEADLINE_EXCEEDED] Deadline Exceeded
May 13 22:25:38 localhost magmad[470977]: ERROR:root:Metrics upload error for service mme (chunk 0)! [StatusCode.DEADLINE_EXCEEDED] Deadline Exceeded
May 13 22:25:38 localhost magmad[470977]: ERROR:root:Metrics upload error for service magmad (chunk 0)! [StatusCode.DEADLINE_EXCEEDED] Deadline Exceeded
May 13 22:25:38 localhost magmad[470977]: ERROR:root:Metrics upload error for service enodebd (chunk 0)! [StatusCode.DEADLINE_EXCEEDED] Deadline Exceeded
May 13 22:25:39 localhost magmad[470977]: ERROR:root:Metrics upload error for service pipelined (chunk 0)! [StatusCode.DEADLINE_EXCEEDED] Deadline Exceeded
May 13 22:25:39 localhost magmad[470977]: ERROR:root:Metrics upload error for service state (chunk 0)! [StatusCode.DEADLINE_EXCEEDED] Deadline Exceeded
May 13 22:25:39 localhost magmad[470977]: ERROR:root:Metrics upload error for service sessiond (chunk 0)! [StatusCode.DEADLINE_EXCEEDED] Deadline Exceeded
May 13 22:25:40 localhost smsd[471147]: INFO:root:mme non_eps_service_config is not SMS_ORC8R, sleeping.
May 13 22:25:40 localhost mobilityd[471052]: INFO:root:Using GW info: {'default': {2: ('172.16.4.1', 'eth0')}, 2: [('172.16.4.1', 'eth0', True)]}
May 13 22:25:40 localhost mobilityd[471052]: INFO:root:GW-v6 probe: timer started
May 13 22:25:41 localhost magmad[470977]: INFO:root:[SyncRPC] Got heartBeat from cloud
May 13 22:25:45 localhost smsd[471147]: INFO:root:mme non_eps_service_config is not SMS_ORC8R, sleeping.
May 13 22:25:46 localhost sctpd[471325]: I0513 22:25:46.382793 471816 sctp_connection.cpp:195] Unhandled notification type 32776
May 13 22:25:49 localhost magmad[470977]: INFO:root:Setting logging level to INFO
May 13 22:25:50 localhost smsd[471147]: INFO:root:mme non_eps_service_config is not SMS_ORC8R, sleeping.
May 13 22:26:00 localhost smsd[471147]: message repeated 2 times: [ INFO:root:mme non_eps_service_config is not SMS_ORC8R, sleeping.]
May 13 22:26:00 localhost mobilityd[471052]: INFO:root:Using GW info: {'default': {2: ('172.16.4.1', 'eth0')}, 2: [('172.16.4.1', 'eth0', True)]}
May 13 22:26:00 localhost mobilityd[471052]: INFO:root:GW-v6 probe: timer started
May 13 22:26:05 localhost smsd[471147]: INFO:root:mme non_eps_service_config is not SMS_ORC8R, sleeping.
May 13 22:26:08 localhost control_proxy[471212]: 2022-05-13T22:26:07.585Z [127.0.0.1 -> state-controller.magmasi.wavelabs.in,8443] "POST /magma.orc8r.StateService/ReportStates HTTP/2" 200 5bytes 0.548s
May 13 22:26:08 localhost magmad[470977]: INFO:root:Checkin Successful! Successfully sent states to the cloud!
May 13 22:26:10 localhost smsd[471147]: INFO:root:mme non_eps_service_config is not SMS_ORC8R, sleeping.
May 13 22:26:14 localhost sctpd[471325]: I0513 22:26:14.846889 471816 sctp_connection.cpp:195] Unhandled notification type 32776
May 13 22:26:15 localhost smsd[471147]: INFO:root:mme non_eps_service_config is not SMS_ORC8R, sleeping.
May 13 22:26:20 localhost smsd[471147]: INFO:root:mme non_eps_service_config is not SMS_ORC8R, sleeping.
May 13 22:26:20 localhost mobilityd[471052]: INFO:root:Using GW info: {'default': {2: ('172.16.4.1', 'eth0')}, 2: [('172.16.4.1', 'eth0', True)]}
May 13 22:26:20 localhost mobilityd[471052]: INFO:root:GW-v6 probe: timer started
May 13 22:26:24 localhost control_proxy[471212]: 2022-05-13T22:26:23.446Z [127.0.0.1 -> streamer-controller.magmasi.wavelabs.in,8443] "POST /magma.orc8r.Streamer/GetUpdates HTTP/2" 200 173bytes 0.556s
