Mar 10 14:04:43 localhost smsd[901134]: INFO:root:mme non_eps_service_config is not SMS_ORC8R, sleeping.
Mar 10 14:04:45 localhost dnsmasq-dhcp[901212]: DHCPDISCOVER(eth1) fa:16:3e:2a:89:3f 
Mar 10 14:04:45 localhost dnsmasq-dhcp[901212]: DHCPOFFER(eth1) 172.16.7.251 fa:16:3e:2a:89:3f 
Mar 10 14:04:47 localhost sctpd[901301]: I0310 14:04:47.831244 901787 sctp_connection.cpp:167] HandleClientSock sd = 19
Mar 10 14:04:47 localhost sctpd[901301]: I0310 14:04:47.831351 901787 sctp_connection.cpp:189] SCTP association change event received
Mar 10 14:04:47 localhost sctpd[901301]: I0310 14:04:47.834388 901787 sctp_connection.cpp:167] HandleClientSock sd = 19
Mar 10 14:04:47 localhost sctpd[901301]: I0310 14:04:47.834450 901787 sctp_connection.cpp:193] Unhandled notification type 32776
Mar 10 14:04:48 localhost smsd[901134]: INFO:root:mme non_eps_service_config is not SMS_ORC8R, sleeping.
Mar 10 14:04:48 localhost sctpd[901301]: I0310 14:04:48.894718 901787 sctp_connection.cpp:167] HandleClientSock sd = 19
Mar 10 14:04:48 localhost sctpd[901301]: I0310 14:04:48.894841 901787 sctp_connection.cpp:220] [sd:19] msg of len 42 on 3449:0
Mar 10 14:04:48 localhost sctpd[901301]: I0310 14:04:48.898456 901785 sctpd_downlink_impl.cpp:76] SctpdDownlinkImpl::SendDl starting
Mar 10 14:04:48 localhost sctpd[901301]: I0310 14:04:48.899104 901787 sctp_connection.cpp:167] HandleClientSock sd = 19
Mar 10 14:04:48 localhost sctpd[901301]: I0310 14:04:48.899176 901787 sctp_connection.cpp:193] Unhandled notification type 32777
Mar 10 14:04:50 localhost dhclient[601]: DHCPREQUEST for 172.16.5.121 on eth1 to 172.16.5.2 port 67 (xid=0x4b4058b5)
Mar 10 14:04:51 localhost magmad[900959]: INFO:root:Setting logging level to INFO
Mar 10 14:04:53 localhost dnsmasq-dhcp[901212]: DHCPDISCOVER(eth1) fa:16:3e:2a:89:3f 
Mar 10 14:04:53 localhost dnsmasq-dhcp[901212]: DHCPOFFER(eth1) 172.16.7.251 fa:16:3e:2a:89:3f 
Mar 10 14:04:53 localhost mobilityd[901037]: INFO:root:Using GW info: {'default': {2: ('172.16.4.1', 'eth0')}, 2: [('172.16.4.1', 'eth0', True)]}
Mar 10 14:04:53 localhost mobilityd[901037]: INFO:root:GW-v6 probe: timer started
Mar 10 14:04:53 localhost smsd[901134]: INFO:root:mme non_eps_service_config is not SMS_ORC8R, sleeping.
Mar 10 14:04:56 localhost sctpd[901301]: I0310 14:04:56.195299 901787 sctp_connection.cpp:167] HandleClientSock sd = 19
Mar 10 14:04:56 localhost sctpd[901301]: I0310 14:04:56.195402 901787 sctp_connection.cpp:185] SCTP_SHUTDOWN_EVENT received
Mar 10 14:04:56 localhost sctpd[901301]: I0310 14:04:56.195415 901787 sctp_connection.cpp:280] Sending close connection for assoc_id 3449
Mar 10 14:04:58 localhost smsd[901134]: INFO:root:mme non_eps_service_config is not SMS_ORC8R, sleeping.
Mar 10 14:05:01 localhost dhclient[601]: DHCPREQUEST for 172.16.5.121 on eth1 to 172.16.5.2 port 67 (xid=0x4b4058b5)
Mar 10 14:05:03 localhost smsd[901134]: INFO:root:mme non_eps_service_config is not SMS_ORC8R, sleeping.
Mar 10 14:05:03 localhost dnsmasq-dhcp[901212]: DHCPDISCOVER(eth1) fa:16:3e:2a:89:3f 
Mar 10 14:05:03 localhost dnsmasq-dhcp[901212]: DHCPOFFER(eth1) 172.16.7.251 fa:16:3e:2a:89:3f 
Mar 10 14:05:05 localhost sctpd[901301]: I0310 14:05:05.180126 901787 sctp_connection.cpp:167] HandleClientSock sd = 23
Mar 10 14:05:05 localhost sctpd[901301]: I0310 14:05:05.180218 901787 sctp_connection.cpp:189] SCTP association change event received
Mar 10 14:05:05 localhost sctpd[901301]: I0310 14:05:05.181069 901787 sctp_connection.cpp:167] HandleClientSock sd = 23
Mar 10 14:05:05 localhost sctpd[901301]: I0310 14:05:05.181102 901787 sctp_connection.cpp:193] Unhandled notification type 32776
Mar 10 14:05:08 localhost smsd[901134]: INFO:root:mme non_eps_service_config is not SMS_ORC8R, sleeping.
Mar 10 14:05:09 localhost magmad[900959]: ERROR:root:Metrics upload error for service subscriberdb (chunk 0)! [StatusCode.DEADLINE_EXCEEDED] Deadline Exceeded
Mar 10 14:05:09 localhost magmad[900959]: ERROR:root:Metrics upload error for service mobilityd (chunk 0)! [StatusCode.DEADLINE_EXCEEDED] Deadline Exceeded
Mar 10 14:05:09 localhost magmad[900959]: ERROR:root:Metrics upload error for service mme (chunk 0)! [StatusCode.DEADLINE_EXCEEDED] Deadline Exceeded
Mar 10 14:05:09 localhost magmad[900959]: ERROR:root:Metrics upload error for service magmad (chunk 0)! [StatusCode.DEADLINE_EXCEEDED] Deadline Exceeded
Mar 10 14:05:09 localhost magmad[900959]: ERROR:root:Metrics upload error for service enodebd (chunk 0)! [StatusCode.DEADLINE_EXCEEDED] Deadline Exceeded
Mar 10 14:05:09 localhost magmad[900959]: ERROR:root:Metrics upload error for service pipelined (chunk 0)! [StatusCode.DEADLINE_EXCEEDED] Deadline Exceeded
Mar 10 14:05:09 localhost magmad[900959]: ERROR:root:Metrics upload error for service state (chunk 0)! [StatusCode.DEADLINE_EXCEEDED] Deadline Exceeded
Mar 10 14:05:09 localhost magmad[900959]: ERROR:root:Metrics upload error for service sessiond (chunk 0)! [StatusCode.DEADLINE_EXCEEDED] Deadline Exceeded
Mar 10 14:05:10 localhost control_proxy[901175]: 2022-03-10T14:05:09.692Z [127.0.0.1 -> state-controller.magmasi.wavelabs.in,8443] "POST /magma.orc8r.StateService/ReportStates HTTP/2" 200 5bytes 0.518s
Mar 10 14:05:10 localhost magmad[900959]: INFO:root:Checkin Successful! Successfully sent states to the cloud!
Mar 10 14:05:13 localhost mobilityd[901037]: INFO:root:Using GW info: {'default': {2: ('172.16.4.1', 'eth0')}, 2: [('172.16.4.1', 'eth0', True)]}
Mar 10 14:05:13 localhost mobilityd[901037]: INFO:root:GW-v6 probe: timer started
Mar 10 14:05:13 localhost smsd[901134]: INFO:root:mme non_eps_service_config is not SMS_ORC8R, sleeping.
Mar 10 14:05:14 localhost dhclient[601]: DHCPREQUEST for 172.16.5.121 on eth1 to 172.16.5.2 port 67 (xid=0x4b4058b5)
Mar 10 14:05:14 localhost sctpd[901301]: I0310 14:05:14.835243 901787 sctp_connection.cpp:167] HandleClientSock sd = 23
Mar 10 14:05:14 localhost sctpd[901301]: I0310 14:05:14.835355 901787 sctp_connection.cpp:220] [sd:23] msg of len 42 on 3450:0
Mar 10 14:05:14 localhost sctpd[901301]: I0310 14:05:14.837779 901785 sctpd_downlink_impl.cpp:76] SctpdDownlinkImpl::SendDl starting
Mar 10 14:05:14 localhost sctpd[901301]: I0310 14:05:14.838285 901787 sctp_connection.cpp:167] HandleClientSock sd = 23
Mar 10 14:05:14 localhost sctpd[901301]: I0310 14:05:14.838354 901787 sctp_connection.cpp:193] Unhandled notification type 32777
Mar 10 14:05:14 localhost sctpd[901301]: I0310 14:05:14.956038 901787 sctp_connection.cpp:167] HandleClientSock sd = 23
Mar 10 14:05:14 localhost sctpd[901301]: I0310 14:05:14.956161 901787 sctp_connection.cpp:220] [sd:23] msg of len 88 on 3450:1
Mar 10 14:05:14 localhost sctpd[901301]: I0310 14:05:14.979823 901785 sctpd_downlink_impl.cpp:76] SctpdDownlinkImpl::SendDl starting
Mar 10 14:05:15 localhost sctpd[901301]: I0310 14:05:15.070655 901787 sctp_connection.cpp:167] HandleClientSock sd = 23
Mar 10 14:05:15 localhost sctpd[901301]: I0310 14:05:15.070761 901787 sctp_connection.cpp:193] Unhandled notification type 32777
Mar 10 14:05:15 localhost sctpd[901301]: I0310 14:05:15.070780 901787 sctp_connection.cpp:167] HandleClientSock sd = 23
Mar 10 14:05:15 localhost sctpd[901301]: I0310 14:05:15.070801 901787 sctp_connection.cpp:220] [sd:23] msg of len 67 on 3450:1
Mar 10 14:05:15 localhost sctpd[901301]: I0310 14:05:15.075850 901785 sctpd_downlink_impl.cpp:76] SctpdDownlinkImpl::SendDl starting
Mar 10 14:05:15 localhost sctpd[901301]: I0310 14:05:15.200868 901787 sctp_connection.cpp:167] HandleClientSock sd = 23
Mar 10 14:05:15 localhost sctpd[901301]: I0310 14:05:15.200970 901787 sctp_connection.cpp:193] Unhandled notification type 32777
Mar 10 14:05:15 localhost sctpd[901301]: I0310 14:05:15.200990 901787 sctp_connection.cpp:167] HandleClientSock sd = 23
Mar 10 14:05:15 localhost sctpd[901301]: I0310 14:05:15.201011 901787 sctp_connection.cpp:220] [sd:23] msg of len 56 on 3450:1
Mar 10 14:05:15 localhost mme[901718]: [SIG][D]MME_UNIT_TEST Flag is Disabled
Mar 10 14:05:15 localhost mme[901718]: filename /var/run/mme.pid failed to be written
Mar 10 14:05:15 localhost mme[901718]: [DEBUG] Sending S6A-UPDATE_LOCATION_REQUEST with IMSI: 222700000000001
Mar 10 14:05:15 localhost sctpd[901301]: I0310 14:05:15.209070 901785 sctpd_downlink_impl.cpp:76] SctpdDownlinkImpl::SendDl starting
Mar 10 14:05:15 localhost mme[901718]: [INFO] Received S6A-LOCATION-UPDATE_ANSWER for IMSI: 222700000000001; Status: ; StatusCode: 2001
Mar 10 14:05:15 localhost mme[901718]: [INFO] sent itti S6A-LOCATION-UPDATE_ANSWER for IMSI: 222700000000001
Mar 10 14:05:15 localhost sctpd[901301]: I0310 14:05:15.317044 901787 sctp_connection.cpp:167] HandleClientSock sd = 23
Mar 10 14:05:15 localhost sctpd[901301]: I0310 14:05:15.317144 901787 sctp_connection.cpp:193] Unhandled notification type 32777
Mar 10 14:05:15 localhost sctpd[901301]: I0310 14:05:15.317163 901787 sctp_connection.cpp:167] HandleClientSock sd = 23
Mar 10 14:05:15 localhost sctpd[901301]: I0310 14:05:15.317184 901787 sctp_connection.cpp:220] [sd:23] msg of len 22 on 3450:1
Mar 10 14:05:15 localhost sctpd[901301]: I0310 14:05:15.518993 901787 sctp_connection.cpp:167] HandleClientSock sd = 23
Mar 10 14:05:15 localhost sctpd[901301]: I0310 14:05:15.519086 901787 sctp_connection.cpp:220] [sd:23] msg of len 56 on 3450:1
Mar 10 14:05:18 localhost dnsmasq-dhcp[901212]: DHCPDISCOVER(eth1) fa:16:3e:2a:89:3f 
Mar 10 14:05:18 localhost dnsmasq-dhcp[901212]: DHCPOFFER(eth1) 172.16.7.251 fa:16:3e:2a:89:3f 
Mar 10 14:05:18 localhost smsd[901134]: INFO:root:mme non_eps_service_config is not SMS_ORC8R, sleeping.
Mar 10 14:05:22 localhost sctpd[901301]: I0310 14:05:22.643010 901787 sctp_connection.cpp:167] HandleClientSock sd = 23
Mar 10 14:05:22 localhost sctpd[901301]: I0310 14:05:22.643121 901787 sctp_connection.cpp:185] SCTP_SHUTDOWN_EVENT received
Mar 10 14:05:22 localhost sctpd[901301]: I0310 14:05:22.643133 901787 sctp_connection.cpp:280] Sending close connection for assoc_id 3450
Mar 10 14:05:23 localhost smsd[901134]: INFO:root:mme non_eps_service_config is not SMS_ORC8R, sleeping.
Mar 10 14:05:26 localhost dnsmasq-dhcp[901212]: DHCPDISCOVER(eth1) fa:16:3e:2a:89:3f 
Mar 10 14:05:26 localhost dnsmasq-dhcp[901212]: DHCPOFFER(eth1) 172.16.7.251 fa:16:3e:2a:89:3f 
Mar 10 14:05:28 localhost smsd[901134]: INFO:root:mme non_eps_service_config is not SMS_ORC8R, sleeping.
Mar 10 14:05:30 localhost magmad[900959]: INFO:root:Checking for upgrade...
Mar 10 14:05:30 localhost magmad[900959]: WARNING:root:magmad package_version config missing or set to default 0.0.0-0, skipping upgrade
Mar 10 14:05:30 localhost control_proxy[901175]: 2022-03-10T14:04:30.196Z [127.0.0.1 -> streamer-controller.magmasi.wavelabs.in,8443] "POST /magma.orc8r.Streamer/GetUpdates HTTP/2" 200 0bytes 60.362s
Mar 10 14:05:30 localhost magmad[900959]: ERROR:root:Error! Streaming from the cloud failed! [StatusCode.ABORTED] error while streaming updates: rpc error: code = DeadlineExceeded desc = context deadline exceeded
Mar 10 14:05:31 localhost sctpd[901301]: I0310 14:05:31.435878 901787 sctp_connection.cpp:167] HandleClientSock sd = 24
Mar 10 14:05:31 localhost sctpd[901301]: I0310 14:05:31.435978 901787 sctp_connection.cpp:189] SCTP association change event received
Mar 10 14:05:31 localhost sctpd[901301]: I0310 14:05:31.437211 901787 sctp_connection.cpp:167] HandleClientSock sd = 24
Mar 10 14:05:31 localhost sctpd[901301]: I0310 14:05:31.437723 901787 sctp_connection.cpp:193] Unhandled notification type 32776
Mar 10 14:05:32 localhost sctpd[901301]: I0310 14:05:32.494922 901787 sctp_connection.cpp:167] HandleClientSock sd = 24
Mar 10 14:05:32 localhost sctpd[901301]: I0310 14:05:32.496125 901787 sctp_connection.cpp:220] [sd:24] msg of len 42 on 3451:0
Mar 10 14:05:32 localhost sctpd[901301]: I0310 14:05:32.498438 901785 sctpd_downlink_impl.cpp:76] SctpdDownlinkImpl::SendDl starting
Mar 10 14:05:32 localhost sctpd[901301]: I0310 14:05:32.499344 901787 sctp_connection.cpp:167] HandleClientSock sd = 24
Mar 10 14:05:32 localhost sctpd[901301]: I0310 14:05:32.499400 901787 sctp_connection.cpp:193] Unhandled notification type 32777
Mar 10 14:05:32 localhost sctpd[901301]: I0310 14:05:32.616305 901787 sctp_connection.cpp:167] HandleClientSock sd = 24
Mar 10 14:05:32 localhost sctpd[901301]: I0310 14:05:32.616436 901787 sctp_connection.cpp:220] [sd:24] msg of len 88 on 3451:1
Mar 10 14:05:32 localhost sctpd[901301]: I0310 14:05:32.631664 901785 sctpd_downlink_impl.cpp:76] SctpdDownlinkImpl::SendDl starting
Mar 10 14:05:32 localhost sctpd[901301]: I0310 14:05:32.742873 901787 sctp_connection.cpp:167] HandleClientSock sd = 24
Mar 10 14:05:32 localhost sctpd[901301]: I0310 14:05:32.742985 901787 sctp_connection.cpp:193] Unhandled notification type 32777
Mar 10 14:05:32 localhost sctpd[901301]: I0310 14:05:32.743012 901787 sctp_connection.cpp:167] HandleClientSock sd = 24
Mar 10 14:05:32 localhost sctpd[901301]: I0310 14:05:32.743044 901787 sctp_connection.cpp:220] [sd:24] msg of len 67 on 3451:1
Mar 10 14:05:32 localhost sctpd[901301]: I0310 14:05:32.747102 901785 sctpd_downlink_impl.cpp:76] SctpdDownlinkImpl::SendDl starting
Mar 10 14:05:32 localhost sctpd[901301]: I0310 14:05:32.868746 901787 sctp_connection.cpp:167] HandleClientSock sd = 24
Mar 10 14:05:32 localhost sctpd[901301]: I0310 14:05:32.868844 901787 sctp_connection.cpp:193] Unhandled notification type 32777
Mar 10 14:05:32 localhost sctpd[901301]: I0310 14:05:32.868862 901787 sctp_connection.cpp:167] HandleClientSock sd = 24
Mar 10 14:05:32 localhost sctpd[901301]: I0310 14:05:32.868882 901787 sctp_connection.cpp:220] [sd:24] msg of len 56 on 3451:1
Mar 10 14:05:32 localhost mme[901718]: [DEBUG] Sending S6A-UPDATE_LOCATION_REQUEST with IMSI: 222700000000001
Mar 10 14:05:32 localhost sctpd[901301]: I0310 14:05:32.875152 901785 sctpd_downlink_impl.cpp:76] SctpdDownlinkImpl::SendDl starting
Mar 10 14:05:32 localhost mme[901718]: [INFO] Received S6A-LOCATION-UPDATE_ANSWER for IMSI: 222700000000001; Status: ; StatusCode: 2001
Mar 10 14:05:32 localhost mme[901718]: [INFO] sent itti S6A-LOCATION-UPDATE_ANSWER for IMSI: 222700000000001
Mar 10 14:05:32 localhost magmad[900959]: INFO:root:[SyncRPC] Got heartBeat from cloud
Mar 10 14:05:32 localhost sctpd[901301]: I0310 14:05:32.972332 901787 sctp_connection.cpp:167] HandleClientSock sd = 24
Mar 10 14:05:32 localhost sctpd[901301]: I0310 14:05:32.972416 901787 sctp_connection.cpp:193] Unhandled notification type 32777
Mar 10 14:05:32 localhost sctpd[901301]: I0310 14:05:32.972434 901787 sctp_connection.cpp:167] HandleClientSock sd = 24
Mar 10 14:05:32 localhost sctpd[901301]: I0310 14:05:32.972453 901787 sctp_connection.cpp:220] [sd:24] msg of len 22 on 3451:1
Mar 10 14:05:33 localhost sctpd[901301]: I0310 14:05:33.174849 901787 sctp_connection.cpp:167] HandleClientSock sd = 24
Mar 10 14:05:33 localhost sctpd[901301]: I0310 14:05:33.174943 901787 sctp_connection.cpp:220] [sd:24] msg of len 56 on 3451:1
Mar 10 14:05:33 localhost sctpd[901301]: I0310 14:05:33.175774 901787 sctp_connection.cpp:167] HandleClientSock sd = 24
Mar 10 14:05:33 localhost sctpd[901301]: I0310 14:05:33.175810 901787 sctp_connection.cpp:220] [sd:24] msg of len 70 on 3451:1
Mar 10 14:05:33 localhost sctpd[901301]: I0310 14:05:33.182124 901785 sctpd_downlink_impl.cpp:76] SctpdDownlinkImpl::SendDl starting
Mar 10 14:05:33 localhost sctpd[901301]: I0310 14:05:33.183203 901306 sctpd_downlink_impl.cpp:76] SctpdDownlinkImpl::SendDl starting
Mar 10 14:05:33 localhost mobilityd[901037]: INFO:root:Using GW info: {'default': {2: ('172.16.4.1', 'eth0')}, 2: [('172.16.4.1', 'eth0', True)]}
Mar 10 14:05:33 localhost mobilityd[901037]: INFO:root:GW-v6 probe: timer started
Mar 10 14:05:33 localhost sctpd[901301]: I0310 14:05:33.440647 901787 sctp_connection.cpp:167] HandleClientSock sd = 24
Mar 10 14:05:33 localhost sctpd[901301]: I0310 14:05:33.440742 901787 sctp_connection.cpp:193] Unhandled notification type 32777
Mar 10 14:05:33 localhost sctpd[901301]: I0310 14:05:33.440762 901787 sctp_connection.cpp:167] HandleClientSock sd = 24
Mar 10 14:05:33 localhost sctpd[901301]: I0310 14:05:33.440783 901787 sctp_connection.cpp:220] [sd:24] msg of len 22 on 3451:1
Mar 10 14:05:33 localhost smsd[901134]: INFO:root:mme non_eps_service_config is not SMS_ORC8R, sleeping.
Mar 10 14:05:33 localhost dhclient[601]: DHCPREQUEST for 172.16.5.121 on eth1 to 172.16.5.2 port 67 (xid=0x4b4058b5)
Mar 10 14:05:35 localhost control_proxy[901175]: 2022-03-10T14:05:35.215Z [127.0.0.1 -> streamer-controller.magmasi.wavelabs.in,8443] "POST /magma.orc8r.Streamer/GetUpdates HTTP/2" 200 91bytes 0.274s
Mar 10 14:05:35 localhost policydb[901113]: INFO:root:Processing 2 policy updates (resync=True)
Mar 10 14:05:35 localhost control_proxy[901175]: 2022-03-10T14:05:35.215Z [127.0.0.1 -> streamer-controller.magmasi.wavelabs.in,8443] "POST /magma.orc8r.Streamer/GetUpdates HTTP/2" 200 7bytes 0.268s
Mar 10 14:05:35 localhost policydb[901113]: INFO:root:Processing 0 basename -> policy updates
Mar 10 14:05:36 localhost control_proxy[901175]: 2022-03-10T14:05:35.215Z [127.0.0.1 -> streamer-controller.magmasi.wavelabs.in,8443] "POST /magma.orc8r.Streamer/GetUpdates HTTP/2" 200 5113bytes 0.276s
Mar 10 14:05:36 localhost policydb[901113]: INFO:root:Processing 222 SID -> apn -> policy updates
Mar 10 14:05:36 localhost control_proxy[901175]: 2022-03-10T14:05:36.050Z [127.0.0.1 -> streamer-controller.magmasi.wavelabs.in,8443] "POST /magma.orc8r.Streamer/GetUpdates HTTP/2" 200 7bytes 0.267s
Mar 10 14:05:36 localhost policydb[901113]: INFO:root:Processing 0 rating group updates
Mar 10 14:05:37 localhost dnsmasq-dhcp[901212]: DHCPDISCOVER(eth1) fa:16:3e:2a:89:3f 
Mar 10 14:05:37 localhost dnsmasq-dhcp[901212]: DHCPOFFER(eth1) 172.16.7.251 fa:16:3e:2a:89:3f 
Mar 10 14:05:38 localhost smsd[901134]: INFO:root:mme non_eps_service_config is not SMS_ORC8R, sleeping.
Mar 10 14:05:40 localhost sctpd[901301]: I0310 14:05:40.747736 901787 sctp_connection.cpp:167] HandleClientSock sd = 24
Mar 10 14:05:40 localhost sctpd[901301]: I0310 14:05:40.747834 901787 sctp_connection.cpp:185] SCTP_SHUTDOWN_EVENT received
Mar 10 14:05:40 localhost sctpd[901301]: I0310 14:05:40.747846 901787 sctp_connection.cpp:280] Sending close connection for assoc_id 3451
Mar 10 14:05:42 localhost dhclient[601]: DHCPREQUEST for 172.16.5.121 on eth1 to 172.16.5.2 port 67 (xid=0x4b4058b5)
Mar 10 14:05:43 localhost smsd[901134]: INFO:root:mme non_eps_service_config is not SMS_ORC8R, sleeping.
Mar 10 14:05:48 localhost smsd[901134]: INFO:root:mme non_eps_service_config is not SMS_ORC8R, sleeping.
Mar 10 14:05:49 localhost sctpd[901301]: I0310 14:05:49.826839 901787 sctp_connection.cpp:167] HandleClientSock sd = 25
Mar 10 14:05:49 localhost sctpd[901301]: I0310 14:05:49.826887 901787 sctp_connection.cpp:189] SCTP association change event received
Mar 10 14:05:49 localhost sctpd[901301]: I0310 14:05:49.827265 901787 sctp_connection.cpp:167] HandleClientSock sd = 25
Mar 10 14:05:49 localhost sctpd[901301]: I0310 14:05:49.827282 901787 sctp_connection.cpp:193] Unhandled notification type 32776
Mar 10 14:05:49 localhost sctpd[901301]: I0310 14:05:49.939716 901787 sctp_connection.cpp:167] HandleClientSock sd = 26
Mar 10 14:05:49 localhost sctpd[901301]: I0310 14:05:49.939796 901787 sctp_connection.cpp:189] SCTP association change event received
Mar 10 14:05:49 localhost sctpd[901301]: I0310 14:05:49.940410 901787 sctp_connection.cpp:167] HandleClientSock sd = 26
Mar 10 14:05:49 localhost sctpd[901301]: I0310 14:05:49.940454 901787 sctp_connection.cpp:193] Unhandled notification type 32776
Mar 10 14:05:50 localhost sctpd[901301]: I0310 14:05:50.998519 901787 sctp_connection.cpp:167] HandleClientSock sd = 25
Mar 10 14:05:50 localhost sctpd[901301]: I0310 14:05:50.998644 901787 sctp_connection.cpp:220] [sd:25] msg of len 42 on 3452:0
Mar 10 14:05:51 localhost sctpd[901301]: I0310 14:05:50.999927 901785 sctpd_downlink_impl.cpp:76] SctpdDownlinkImpl::SendDl starting
Mar 10 14:05:51 localhost sctpd[901301]: I0310 14:05:51.000392 901787 sctp_connection.cpp:167] HandleClientSock sd = 25
Mar 10 14:05:51 localhost sctpd[901301]: I0310 14:05:51.000452 901787 sctp_connection.cpp:193] Unhandled notification type 32777
Mar 10 14:05:51 localhost sctpd[901301]: I0310 14:05:51.118320 901787 sctp_connection.cpp:167] HandleClientSock sd = 26
Mar 10 14:05:51 localhost sctpd[901301]: I0310 14:05:51.118425 901787 sctp_connection.cpp:220] [sd:26] msg of len 42 on 3453:0
Mar 10 14:05:51 localhost sctpd[901301]: I0310 14:05:51.120002 901306 sctpd_downlink_impl.cpp:76] SctpdDownlinkImpl::SendDl starting
Mar 10 14:05:51 localhost sctpd[901301]: I0310 14:05:51.120616 901787 sctp_connection.cpp:167] HandleClientSock sd = 26
Mar 10 14:05:51 localhost sctpd[901301]: I0310 14:05:51.120682 901787 sctp_connection.cpp:193] Unhandled notification type 32777
Mar 10 14:05:51 localhost dnsmasq-dhcp[901212]: DHCPDISCOVER(eth1) fa:16:3e:2a:89:3f 
Mar 10 14:05:51 localhost dnsmasq-dhcp[901212]: DHCPOFFER(eth1) 172.16.7.251 fa:16:3e:2a:89:3f 
Mar 10 14:05:53 localhost mobilityd[901037]: INFO:root:Using GW info: {'default': {2: ('172.16.4.1', 'eth0')}, 2: [('172.16.4.1', 'eth0', True)]}
Mar 10 14:05:53 localhost mobilityd[901037]: INFO:root:GW-v6 probe: timer started
Mar 10 14:05:53 localhost smsd[901134]: INFO:root:mme non_eps_service_config is not SMS_ORC8R, sleeping.
Mar 10 14:05:55 localhost dhclient[601]: DHCPREQUEST for 172.16.5.121 on eth1 to 172.16.5.2 port 67 (xid=0x4b4058b5)
Mar 10 14:05:58 localhost sctpd[901301]: I0310 14:05:58.480116 901787 sctp_connection.cpp:167] HandleClientSock sd = 25
Mar 10 14:05:58 localhost sctpd[901301]: I0310 14:05:58.480223 901787 sctp_connection.cpp:185] SCTP_SHUTDOWN_EVENT received
Mar 10 14:05:58 localhost sctpd[901301]: I0310 14:05:58.480237 901787 sctp_connection.cpp:280] Sending close connection for assoc_id 3452
Mar 10 14:05:58 localhost sctpd[901301]: I0310 14:05:58.528771 901787 sctp_connection.cpp:167] HandleClientSock sd = 26
Mar 10 14:05:58 localhost sctpd[901301]: I0310 14:05:58.528867 901787 sctp_connection.cpp:185] SCTP_SHUTDOWN_EVENT received
Mar 10 14:05:58 localhost sctpd[901301]: I0310 14:05:58.528879 901787 sctp_connection.cpp:280] Sending close connection for assoc_id 3453
Mar 10 14:05:58 localhost smsd[901134]: INFO:root:mme non_eps_service_config is not SMS_ORC8R, sleeping.
Mar 10 14:06:00 localhost dnsmasq-dhcp[901212]: DHCPDISCOVER(eth1) fa:16:3e:2a:89:3f 
Mar 10 14:06:00 localhost dnsmasq-dhcp[901212]: DHCPOFFER(eth1) 172.16.7.251 fa:16:3e:2a:89:3f 
Mar 10 14:06:00 localhost magmad[900959]: ERROR:root:Metrics upload error for service subscriberdb (chunk 0)! [StatusCode.DEADLINE_EXCEEDED] Deadline Exceeded
Mar 10 14:06:00 localhost magmad[900959]: ERROR:root:Metrics upload error for service mobilityd (chunk 0)! [StatusCode.DEADLINE_EXCEEDED] Deadline Exceeded
Mar 10 14:06:00 localhost magmad[900959]: ERROR:root:Metrics upload error for service mme (chunk 0)! [StatusCode.DEADLINE_EXCEEDED] Deadline Exceeded
Mar 10 14:06:00 localhost magmad[900959]: ERROR:root:Metrics upload error for service magmad (chunk 0)! [StatusCode.DEADLINE_EXCEEDED] Deadline Exceeded
Mar 10 14:06:00 localhost magmad[900959]: ERROR:root:Metrics upload error for service enodebd (chunk 0)! [StatusCode.DEADLINE_EXCEEDED] Deadline Exceeded
Mar 10 14:06:00 localhost magmad[900959]: ERROR:root:Metrics upload error for service pipelined (chunk 0)! [StatusCode.DEADLINE_EXCEEDED] Deadline Exceeded
Mar 10 14:06:00 localhost magmad[900959]: ERROR:root:Metrics upload error for service state (chunk 0)! [StatusCode.DEADLINE_EXCEEDED] Deadline Exceeded
Mar 10 14:06:00 localhost magmad[900959]: ERROR:root:Metrics upload error for service sessiond (chunk 0)! [StatusCode.DEADLINE_EXCEEDED] Deadline Exceeded
Mar 10 14:06:03 localhost smsd[901134]: INFO:root:mme non_eps_service_config is not SMS_ORC8R, sleeping.
Mar 10 14:06:06 localhost dhclient[601]: DHCPREQUEST for 172.16.5.121 on eth1 to 172.16.5.2 port 67 (xid=0x4b4058b5)
Mar 10 14:06:07 localhost sctpd[901301]: I0310 14:06:07.273684 901787 sctp_connection.cpp:167] HandleClientSock sd = 27
Mar 10 14:06:07 localhost sctpd[901301]: I0310 14:06:07.273778 901787 sctp_connection.cpp:189] SCTP association change event received
Mar 10 14:06:07 localhost sctpd[901301]: I0310 14:06:07.274659 901787 sctp_connection.cpp:167] HandleClientSock sd = 27
Mar 10 14:06:07 localhost sctpd[901301]: I0310 14:06:07.274690 901787 sctp_connection.cpp:193] Unhandled notification type 32776
Mar 10 14:06:08 localhost sctpd[901301]: I0310 14:06:08.339521 901787 sctp_connection.cpp:167] HandleClientSock sd = 27
Mar 10 14:06:08 localhost sctpd[901301]: I0310 14:06:08.339646 901787 sctp_connection.cpp:220] [sd:27] msg of len 42 on 3454:0
Mar 10 14:06:08 localhost sctpd[901301]: I0310 14:06:08.341732 901785 sctpd_downlink_impl.cpp:76] SctpdDownlinkImpl::SendDl starting
Mar 10 14:06:08 localhost sctpd[901301]: I0310 14:06:08.342304 901787 sctp_connection.cpp:167] HandleClientSock sd = 27
Mar 10 14:06:08 localhost sctpd[901301]: I0310 14:06:08.342388 901787 sctp_connection.cpp:193] Unhandled notification type 32777
Mar 10 14:06:08 localhost sctpd[901301]: I0310 14:06:08.456291 901787 sctp_connection.cpp:167] HandleClientSock sd = 27
Mar 10 14:06:08 localhost sctpd[901301]: I0310 14:06:08.456393 901787 sctp_connection.cpp:220] [sd:27] msg of len 88 on 3454:1
Mar 10 14:06:08 localhost sctpd[901301]: I0310 14:06:08.471446 901785 sctpd_downlink_impl.cpp:76] SctpdDownlinkImpl::SendDl starting
Mar 10 14:06:08 localhost sctpd[901301]: I0310 14:06:08.574559 901787 sctp_connection.cpp:167] HandleClientSock sd = 27
Mar 10 14:06:08 localhost sctpd[901301]: I0310 14:06:08.574657 901787 sctp_connection.cpp:193] Unhandled notification type 32777
Mar 10 14:06:08 localhost sctpd[901301]: I0310 14:06:08.574677 901787 sctp_connection.cpp:167] HandleClientSock sd = 27
Mar 10 14:06:08 localhost sctpd[901301]: I0310 14:06:08.574698 901787 sctp_connection.cpp:220] [sd:27] msg of len 67 on 3454:1
Mar 10 14:06:08 localhost sctpd[901301]: I0310 14:06:08.579397 901785 sctpd_downlink_impl.cpp:76] SctpdDownlinkImpl::SendDl starting
Mar 10 14:06:08 localhost sctpd[901301]: I0310 14:06:08.695883 901787 sctp_connection.cpp:167] HandleClientSock sd = 27
Mar 10 14:06:08 localhost sctpd[901301]: I0310 14:06:08.695978 901787 sctp_connection.cpp:193] Unhandled notification type 32777
Mar 10 14:06:08 localhost sctpd[901301]: I0310 14:06:08.695999 901787 sctp_connection.cpp:167] HandleClientSock sd = 27
Mar 10 14:06:08 localhost sctpd[901301]: I0310 14:06:08.696018 901787 sctp_connection.cpp:220] [sd:27] msg of len 56 on 3454:1
Mar 10 14:06:08 localhost mme[901718]: [DEBUG] Sending S6A-UPDATE_LOCATION_REQUEST with IMSI: 222700000000001
Mar 10 14:06:08 localhost sctpd[901301]: I0310 14:06:08.702136 901785 sctpd_downlink_impl.cpp:76] SctpdDownlinkImpl::SendDl starting
Mar 10 14:06:08 localhost mme[901718]: [INFO] Received S6A-LOCATION-UPDATE_ANSWER for IMSI: 222700000000001; Status: ; StatusCode: 2001
Mar 10 14:06:08 localhost mme[901718]: [INFO] sent itti S6A-LOCATION-UPDATE_ANSWER for IMSI: 222700000000001
Mar 10 14:06:08 localhost sctpd[901301]: I0310 14:06:08.812883 901787 sctp_connection.cpp:167] HandleClientSock sd = 27
Mar 10 14:06:08 localhost sctpd[901301]: I0310 14:06:08.812979 901787 sctp_connection.cpp:193] Unhandled notification type 32777
Mar 10 14:06:08 localhost sctpd[901301]: I0310 14:06:08.812999 901787 sctp_connection.cpp:167] HandleClientSock sd = 27
Mar 10 14:06:08 localhost sctpd[901301]: I0310 14:06:08.813019 901787 sctp_connection.cpp:220] [sd:27] msg of len 22 on 3454:1
Mar 10 14:06:08 localhost smsd[901134]: INFO:root:mme non_eps_service_config is not SMS_ORC8R, sleeping.
Mar 10 14:06:09 localhost sctpd[901301]: I0310 14:06:09.014948 901787 sctp_connection.cpp:167] HandleClientSock sd = 27
Mar 10 14:06:09 localhost sctpd[901301]: I0310 14:06:09.015064 901787 sctp_connection.cpp:220] [sd:27] msg of len 56 on 3454:1
Mar 10 14:06:10 localhost magmad[900959]: INFO:root:Setting logging level to INFO
Mar 10 14:06:10 localhost sctpd[901301]: I0310 14:06:10.982563 901787 sctp_connection.cpp:167] HandleClientSock sd = 27
Mar 10 14:06:10 localhost sctpd[901301]: I0310 14:06:10.982659 901787 sctp_connection.cpp:220] [sd:27] msg of len 70 on 3454:1
Mar 10 14:06:10 localhost sctpd[901301]: I0310 14:06:10.988158 901785 sctpd_downlink_impl.cpp:76] SctpdDownlinkImpl::SendDl starting
Mar 10 14:06:10 localhost sctpd[901301]: I0310 14:06:10.988803 901785 sctpd_downlink_impl.cpp:76] SctpdDownlinkImpl::SendDl starting
Mar 10 14:06:11 localhost sctpd[901301]: I0310 14:06:11.088884 901787 sctp_connection.cpp:167] HandleClientSock sd = 27
Mar 10 14:06:11 localhost sctpd[901301]: I0310 14:06:11.088996 901787 sctp_connection.cpp:220] [sd:27] msg of len 28 on 3454:1
Mar 10 14:06:11 localhost sctpd[901301]: I0310 14:06:11.192849 901787 sctp_connection.cpp:167] HandleClientSock sd = 27
Mar 10 14:06:11 localhost sctpd[901301]: I0310 14:06:11.192957 901787 sctp_connection.cpp:193] Unhandled notification type 32777
Mar 10 14:06:11 localhost sctpd[901301]: I0310 14:06:11.192978 901787 sctp_connection.cpp:167] HandleClientSock sd = 27
Mar 10 14:06:11 localhost sctpd[901301]: I0310 14:06:11.192998 901787 sctp_connection.cpp:220] [sd:27] msg of len 22 on 3454:1
Mar 10 14:06:12 localhost dnsmasq-dhcp[901212]: DHCPDISCOVER(eth1) fa:16:3e:2a:89:3f 
Mar 10 14:06:12 localhost dnsmasq-dhcp[901212]: DHCPOFFER(eth1) 172.16.7.251 fa:16:3e:2a:89:3f 
Mar 10 14:06:13 localhost mobilityd[901037]: INFO:root:Using GW info: {'default': {2: ('172.16.4.1', 'eth0')}, 2: [('172.16.4.1', 'eth0', True)]}
Mar 10 14:06:13 localhost mobilityd[901037]: INFO:root:GW-v6 probe: timer started
Mar 10 14:06:13 localhost sctpd[901301]: I0310 14:06:13.306494 901787 sctp_connection.cpp:167] HandleClientSock sd = 27
Mar 10 14:06:13 localhost sctpd[901301]: I0310 14:06:13.306612 901787 sctp_connection.cpp:220] [sd:27] msg of len 86 on 3454:1
Mar 10 14:06:13 localhost sctpd[901301]: I0310 14:06:13.310075 901785 sctpd_downlink_impl.cpp:76] SctpdDownlinkImpl::SendDl starting
Mar 10 14:06:13 localhost sctpd[901301]: I0310 14:06:13.419649 901787 sctp_connection.cpp:167] HandleClientSock sd = 27
Mar 10 14:06:13 localhost sctpd[901301]: I0310 14:06:13.419749 901787 sctp_connection.cpp:193] Unhandled notification type 32777
Mar 10 14:06:13 localhost sctpd[901301]: I0310 14:06:13.419770 901787 sctp_connection.cpp:167] HandleClientSock sd = 27
Mar 10 14:06:13 localhost sctpd[901301]: I0310 14:06:13.419790 901787 sctp_connection.cpp:220] [sd:27] msg of len 64 on 3454:1
Mar 10 14:06:13 localhost sctpd[901301]: I0310 14:06:13.434844 901785 sctpd_downlink_impl.cpp:76] SctpdDownlinkImpl::SendDl starting
Mar 10 14:06:13 localhost sctpd[901301]: I0310 14:06:13.530862 901787 sctp_connection.cpp:167] HandleClientSock sd = 27
Mar 10 14:06:13 localhost sctpd[901301]: I0310 14:06:13.530982 901787 sctp_connection.cpp:193] Unhandled notification type 32777
Mar 10 14:06:13 localhost sctpd[901301]: I0310 14:06:13.531004 901787 sctp_connection.cpp:167] HandleClientSock sd = 27
Mar 10 14:06:13 localhost sctpd[901301]: I0310 14:06:13.531026 901787 sctp_connection.cpp:220] [sd:27] msg of len 67 on 3454:1
Mar 10 14:06:13 localhost sctpd[901301]: I0310 14:06:13.535459 901785 sctpd_downlink_impl.cpp:76] SctpdDownlinkImpl::SendDl starting
Mar 10 14:06:13 localhost sctpd[901301]: I0310 14:06:13.641886 901787 sctp_connection.cpp:167] HandleClientSock sd = 27
Mar 10 14:06:13 localhost sctpd[901301]: I0310 14:06:13.641980 901787 sctp_connection.cpp:193] Unhandled notification type 32777
Mar 10 14:06:13 localhost sctpd[901301]: I0310 14:06:13.641999 901787 sctp_connection.cpp:167] HandleClientSock sd = 27
Mar 10 14:06:13 localhost sctpd[901301]: I0310 14:06:13.642028 901787 sctp_connection.cpp:220] [sd:27] msg of len 56 on 3454:1
Mar 10 14:06:13 localhost mme[901718]: [DEBUG] Sending S6A-UPDATE_LOCATION_REQUEST with IMSI: 222700000000001
Mar 10 14:06:13 localhost sctpd[901301]: I0310 14:06:13.647749 901785 sctpd_downlink_impl.cpp:76] SctpdDownlinkImpl::SendDl starting
Mar 10 14:06:13 localhost mme[901718]: [INFO] Received S6A-LOCATION-UPDATE_ANSWER for IMSI: 222700000000001; Status: ; StatusCode: 2001
Mar 10 14:06:13 localhost mme[901718]: [INFO] sent itti S6A-LOCATION-UPDATE_ANSWER for IMSI: 222700000000001
Mar 10 14:06:13 localhost sctpd[901301]: I0310 14:06:13.760299 901787 sctp_connection.cpp:167] HandleClientSock sd = 27
Mar 10 14:06:13 localhost sctpd[901301]: I0310 14:06:13.760401 901787 sctp_connection.cpp:193] Unhandled notification type 32777
Mar 10 14:06:13 localhost sctpd[901301]: I0310 14:06:13.760421 901787 sctp_connection.cpp:167] HandleClientSock sd = 27
Mar 10 14:06:13 localhost sctpd[901301]: I0310 14:06:13.760442 901787 sctp_connection.cpp:220] [sd:27] msg of len 22 on 3454:1
Mar 10 14:06:13 localhost sctpd[901301]: I0310 14:06:13.963186 901787 sctp_connection.cpp:167] HandleClientSock sd = 27
Mar 10 14:06:13 localhost sctpd[901301]: I0310 14:06:13.963300 901787 sctp_connection.cpp:220] [sd:27] msg of len 56 on 3454:1
Mar 10 14:06:13 localhost smsd[901134]: INFO:root:mme non_eps_service_config is not SMS_ORC8R, sleeping.
Mar 10 14:06:15 localhost sctpd[901301]: I0310 14:06:15.933040 901787 sctp_connection.cpp:167] HandleClientSock sd = 27
Mar 10 14:06:15 localhost sctpd[901301]: I0310 14:06:15.933157 901787 sctp_connection.cpp:220] [sd:27] msg of len 70 on 3454:1
Mar 10 14:06:15 localhost sctpd[901301]: I0310 14:06:15.940290 901785 sctpd_downlink_impl.cpp:76] SctpdDownlinkImpl::SendDl starting
Mar 10 14:06:15 localhost sctpd[901301]: I0310 14:06:15.940745 901306 sctpd_downlink_impl.cpp:76] SctpdDownlinkImpl::SendDl starting
Mar 10 14:06:16 localhost sctpd[901301]: I0310 14:06:16.041237 901787 sctp_connection.cpp:167] HandleClientSock sd = 27
Mar 10 14:06:16 localhost sctpd[901301]: I0310 14:06:16.041344 901787 sctp_connection.cpp:220] [sd:27] msg of len 28 on 3454:1
Mar 10 14:06:16 localhost sctpd[901301]: I0310 14:06:16.145061 901787 sctp_connection.cpp:167] HandleClientSock sd = 27
Mar 10 14:06:16 localhost sctpd[901301]: I0310 14:06:16.145184 901787 sctp_connection.cpp:193] Unhandled notification type 32777
Mar 10 14:06:16 localhost sctpd[901301]: I0310 14:06:16.145203 901787 sctp_connection.cpp:167] HandleClientSock sd = 27
Mar 10 14:06:16 localhost sctpd[901301]: I0310 14:06:16.145226 901787 sctp_connection.cpp:220] [sd:27] msg of len 22 on 3454:1
Mar 10 14:06:19 localhost smsd[901134]: INFO:root:mme non_eps_service_config is not SMS_ORC8R, sleeping.
Mar 10 14:06:21 localhost dhclient[601]: DHCPREQUEST for 172.16.5.121 on eth1 to 172.16.5.2 port 67 (xid=0x4b4058b5)
Mar 10 14:06:24 localhost smsd[901134]: INFO:root:mme non_eps_service_config is not SMS_ORC8R, sleeping.
Mar 10 14:06:25 localhost sctpd[901301]: I0310 14:06:25.503307 901787 sctp_connection.cpp:167] HandleClientSock sd = 27
Mar 10 14:06:25 localhost sctpd[901301]: I0310 14:06:25.503387 901787 sctp_connection.cpp:185] SCTP_SHUTDOWN_EVENT received
Mar 10 14:06:25 localhost sctpd[901301]: I0310 14:06:25.503398 901787 sctp_connection.cpp:280] Sending close connection for assoc_id 3454
Mar 10 14:06:26 localhost dnsmasq-dhcp[901212]: DHCPDISCOVER(eth1) fa:16:3e:2a:89:3f 
Mar 10 14:06:26 localhost dnsmasq-dhcp[901212]: DHCPOFFER(eth1) 172.16.7.251 fa:16:3e:2a:89:3f 
Mar 10 14:06:29 localhost smsd[901134]: INFO:root:mme non_eps_service_config is not SMS_ORC8R, sleeping.
Mar 10 14:06:29 localhost control_proxy[901175]: 2022-03-10T14:06:29.298Z [127.0.0.1 -> state-controller.magmasi.wavelabs.in,8443] "POST /magma.orc8r.StateService/ReportStates HTTP/2" 200 5bytes 0.515s
Mar 10 14:06:29 localhost magmad[900959]: INFO:root:Checkin Successful! Successfully sent states to the cloud!
Mar 10 14:06:31 localhost dhclient[601]: DHCPREQUEST for 172.16.5.121 on eth1 to 172.16.5.2 port 67 (xid=0x4b4058b5)
Mar 10 14:06:32 localhost magmad[900959]: INFO:root:[SyncRPC] Got heartBeat from cloud
Mar 10 14:06:33 localhost mobilityd[901037]: INFO:root:Using GW info: {'default': {2: ('172.16.4.1', 'eth0')}, 2: [('172.16.4.1', 'eth0', True)]}
Mar 10 14:06:33 localhost mobilityd[901037]: INFO:root:GW-v6 probe: timer started
Mar 10 14:06:34 localhost smsd[901134]: INFO:root:mme non_eps_service_config is not SMS_ORC8R, sleeping.
Mar 10 14:06:34 localhost sctpd[901301]: I0310 14:06:34.405259 901787 sctp_connection.cpp:167] HandleClientSock sd = 28
Mar 10 14:06:34 localhost sctpd[901301]: I0310 14:06:34.405334 901787 sctp_connection.cpp:189] SCTP association change event received
Mar 10 14:06:34 localhost sctpd[901301]: I0310 14:06:34.406400 901787 sctp_connection.cpp:167] HandleClientSock sd = 28
Mar 10 14:06:34 localhost sctpd[901301]: I0310 14:06:34.406445 901787 sctp_connection.cpp:193] Unhandled notification type 32776
Mar 10 14:06:34 localhost dnsmasq-dhcp[901212]: DHCPDISCOVER(eth1) fa:16:3e:2a:89:3f 
Mar 10 14:06:34 localhost dnsmasq-dhcp[901212]: DHCPOFFER(eth1) 172.16.7.251 fa:16:3e:2a:89:3f 
Mar 10 14:06:35 localhost sctpd[901301]: I0310 14:06:35.462491 901787 sctp_connection.cpp:167] HandleClientSock sd = 28
Mar 10 14:06:35 localhost sctpd[901301]: I0310 14:06:35.462596 901787 sctp_connection.cpp:220] [sd:28] msg of len 42 on 3455:0
Mar 10 14:06:35 localhost sctpd[901301]: I0310 14:06:35.464681 901785 sctpd_downlink_impl.cpp:76] SctpdDownlinkImpl::SendDl starting
Mar 10 14:06:35 localhost sctpd[901301]: I0310 14:06:35.465411 901787 sctp_connection.cpp:167] HandleClientSock sd = 28
Mar 10 14:06:35 localhost sctpd[901301]: I0310 14:06:35.465476 901787 sctp_connection.cpp:193] Unhandled notification type 32777
Mar 10 14:06:35 localhost sctpd[901301]: I0310 14:06:35.579783 901787 sctp_connection.cpp:167] HandleClientSock sd = 28
Mar 10 14:06:35 localhost sctpd[901301]: I0310 14:06:35.579869 901787 sctp_connection.cpp:220] [sd:28] msg of len 88 on 3455:1
Mar 10 14:06:35 localhost sctpd[901301]: I0310 14:06:35.594727 901306 sctpd_downlink_impl.cpp:76] SctpdDownlinkImpl::SendDl starting
Mar 10 14:06:35 localhost sctpd[901301]: I0310 14:06:35.698904 901787 sctp_connection.cpp:167] HandleClientSock sd = 28
Mar 10 14:06:35 localhost sctpd[901301]: I0310 14:06:35.698993 901787 sctp_connection.cpp:193] Unhandled notification type 32777
Mar 10 14:06:35 localhost sctpd[901301]: I0310 14:06:35.699012 901787 sctp_connection.cpp:167] HandleClientSock sd = 28
Mar 10 14:06:35 localhost sctpd[901301]: I0310 14:06:35.699030 901787 sctp_connection.cpp:220] [sd:28] msg of len 67 on 3455:1
Mar 10 14:06:35 localhost sctpd[901301]: I0310 14:06:35.703090 901306 sctpd_downlink_impl.cpp:76] SctpdDownlinkImpl::SendDl starting
Mar 10 14:06:35 localhost sctpd[901301]: I0310 14:06:35.814772 901787 sctp_connection.cpp:167] HandleClientSock sd = 28
Mar 10 14:06:35 localhost sctpd[901301]: I0310 14:06:35.814864 901787 sctp_connection.cpp:193] Unhandled notification type 32777
Mar 10 14:06:35 localhost sctpd[901301]: I0310 14:06:35.814882 901787 sctp_connection.cpp:167] HandleClientSock sd = 28
Mar 10 14:06:35 localhost sctpd[901301]: I0310 14:06:35.814901 901787 sctp_connection.cpp:220] [sd:28] msg of len 56 on 3455:1
Mar 10 14:06:35 localhost mme[901718]: [DEBUG] Sending S6A-UPDATE_LOCATION_REQUEST with IMSI: 222700000000001
Mar 10 14:06:35 localhost sctpd[901301]: I0310 14:06:35.820340 901306 sctpd_downlink_impl.cpp:76] SctpdDownlinkImpl::SendDl starting
Mar 10 14:06:35 localhost mme[901718]: [INFO] Received S6A-LOCATION-UPDATE_ANSWER for IMSI: 222700000000001; Status: ; StatusCode: 2001
Mar 10 14:06:35 localhost mme[901718]: [INFO] sent itti S6A-LOCATION-UPDATE_ANSWER for IMSI: 222700000000001
Mar 10 14:06:35 localhost sctpd[901301]: I0310 14:06:35.919754 901787 sctp_connection.cpp:167] HandleClientSock sd = 28
Mar 10 14:06:35 localhost sctpd[901301]: I0310 14:06:35.919831 901787 sctp_connection.cpp:193] Unhandled notification type 32777
Mar 10 14:06:35 localhost sctpd[901301]: I0310 14:06:35.919847 901787 sctp_connection.cpp:167] HandleClientSock sd = 28
Mar 10 14:06:35 localhost sctpd[901301]: I0310 14:06:35.919867 901787 sctp_connection.cpp:220] [sd:28] msg of len 22 on 3455:1
Mar 10 14:06:36 localhost sctpd[901301]: I0310 14:06:36.122889 901787 sctp_connection.cpp:167] HandleClientSock sd = 28
Mar 10 14:06:36 localhost sctpd[901301]: I0310 14:06:36.122982 901787 sctp_connection.cpp:220] [sd:28] msg of len 56 on 3455:1
Mar 10 14:06:36 localhost sctpd[901301]: I0310 14:06:36.123948 901787 sctp_connection.cpp:167] HandleClientSock sd = 28
Mar 10 14:06:36 localhost sctpd[901301]: I0310 14:06:36.123983 901787 sctp_connection.cpp:220] [sd:28] msg of len 82 on 3455:1
Mar 10 14:06:36 localhost mobilityd[901037]: INFO:root:Allocated IP 192.168.128.163 for sid IMSI222700000000001 for apn default
Mar 10 14:06:36 localhost policydb[901113]: INFO:root:Creating a session for subscriber ID: IMSI222700000000001
Mar 10 14:06:36 localhost sessiond[901043]: I0310 14:06:36.160043 901043 SetMessageManagerHandler.cpp:342] Processing a CreateSessionResponse for IMSI222700000000001-292531
Mar 10 14:06:36 localhost sessiond[901043]: I0310 14:06:36.160645 901043 SessionState.cpp:2774] RuleID allowlist_sid-IMSI222700000000001-default doesn't have a version registered for IMSI222700000000001-292531, this is unexpected
Mar 10 14:06:36 localhost control_proxy[901175]: 2022-03-10T14:06:36.374Z [127.0.0.1 -> streamer-controller.magmasi.wavelabs.in,8443] "POST /magma.orc8r.Streamer/GetUpdates HTTP/2" 200 91bytes 0.274s
Mar 10 14:06:36 localhost policydb[901113]: INFO:root:Processing 2 policy updates (resync=True)
Mar 10 14:06:36 localhost control_proxy[901175]: 2022-03-10T14:06:36.374Z [127.0.0.1 -> streamer-controller.magmasi.wavelabs.in,8443] "POST /magma.orc8r.Streamer/GetUpdates HTTP/2" 200 7bytes 0.274s
Mar 10 14:06:36 localhost policydb[901113]: INFO:root:Processing 0 basename -> policy updates
Mar 10 14:06:37 localhost control_proxy[901175]: 2022-03-10T14:06:36.374Z [127.0.0.1 -> streamer-controller.magmasi.wavelabs.in,8443] "POST /magma.orc8r.Streamer/GetUpdates HTTP/2" 200 5113bytes 0.278s
Mar 10 14:06:37 localhost policydb[901113]: INFO:root:Processing 222 SID -> apn -> policy updates
Mar 10 14:06:37 localhost control_proxy[901175]: 2022-03-10T14:06:37.214Z [127.0.0.1 -> streamer-controller.magmasi.wavelabs.in,8443] "POST /magma.orc8r.Streamer/GetUpdates HTTP/2" 200 7bytes 0.262s
Mar 10 14:06:37 localhost policydb[901113]: INFO:root:Processing 0 rating group updates
Mar 10 14:06:39 localhost smsd[901134]: INFO:root:mme non_eps_service_config is not SMS_ORC8R, sleeping.
Mar 10 14:06:40 localhost mme[901718]: PDUSessionResourceSetupRequestTransfer ::= {
Mar 10 14:06:40 localhost mme[901718]:     protocolIEs: ProtocolIE-Container ::= {
Mar 10 14:06:40 localhost mme[901718]:         PDUSessionResourceSetupRequestTransferIEs ::= {
Mar 10 14:06:40 localhost mme[901718]:             id: 130
Mar 10 14:06:40 localhost mme[901718]:             criticality: 0 (reject)
Mar 10 14:06:40 localhost mme[901718]:             value: PDUSessionAggregateMaximumBitRate ::= {
Mar 10 14:06:40 localhost mme[901718]:                 pDUSessionAggregateMaximumBitRateDL: 100000000
Mar 10 14:06:40 localhost mme[901718]:                 pDUSessionAggregateMaximumBitRateUL: 100000000
Mar 10 14:06:40 localhost mme[901718]:             }
Mar 10 14:06:40 localhost mme[901718]:         }
Mar 10 14:06:40 localhost mme[901718]:         PDUSessionResourceSetupRequestTransferIEs ::= {
Mar 10 14:06:40 localhost mme[901718]:             id: 139
Mar 10 14:06:40 localhost mme[901718]:             criticality: 0 (reject)
Mar 10 14:06:40 localhost mme[901718]:             value: GTPTunnel ::= {
Mar 10 14:06:40 localhost mme[901718]:                 transportLayerAddress: AC 10 05 79
Mar 10 14:06:40 localhost mme[901718]:                 gTP-TEID: 7F FF FF FF
Mar 10 14:06:40 localhost mme[901718]:             }
Mar 10 14:06:40 localhost mme[901718]:         }
Mar 10 14:06:40 localhost mme[901718]:         PDUSessionResourceSetupRequestTransferIEs ::= {
Mar 10 14:06:40 localhost mme[901718]:             id: 134
Mar 10 14:06:40 localhost mme[901718]:             criticality: 0 (reject)
Mar 10 14:06:40 localhost mme[901718]:             value: 0 (ipv4)
Mar 10 14:06:40 localhost mme[901718]:         }
Mar 10 14:06:40 localhost mme[901718]:         PDUSessionResourceSetupRequestTransferIEs ::= {
Mar 10 14:06:40 localhost mme[901718]:             id: 136
Mar 10 14:06:40 localhost mme[901718]:             criticality: 0 (reject)
Mar 10 14:06:40 localhost mme[901718]:             value: QosFlowSetupRequestList ::= {
Mar 10 14:06:40 localhost mme[901718]:                 QosFlowSetupRequestItem ::= {
Mar 10 14:06:40 localhost mme[901718]:                     qosFlowIdentifier: 9
Mar 10 14:06:40 localhost mme[901718]:                     qosFlowLevelQosParameters: QosFlowLevelQosParameters ::= {
Mar 10 14:06:40 localhost mme[901718]:                         qosCharacteristics: NonDynamic5QIDescriptor ::= {
Mar 10 14:06:40 localhost mme[901718]:                             fiveQI: 9
Mar 10 14:06:40 localhost mme[901718]:                         }
Mar 10 14:06:40 localhost mme[901718]:                         allocationAndRetentionPriority: AllocationAndRetentionPriority ::= {
Mar 10 14:06:40 localhost mme[901718]:                             priorityLevelARP: 15
Mar 10 14:06:40 localhost mme[901718]:                             pre-emptionCapability: 0 (shall-not-trigger-pre-emption)
Mar 10 14:06:40 localhost mme[901718]:                             pre-emptionVulnerability: 0 (not-pre-emptable)
Mar 10 14:06:40 localhost mme[901718]:                         }
Mar 10 14:06:40 localhost mme[901718]:                     }
Mar 10 14:06:40 localhost mme[901718]:                 }
Mar 10 14:06:40 localhost mme[901718]:             }
Mar 10 14:06:40 localhost mme[901718]:         }
Mar 10 14:06:40 localhost mme[901718]:     }
Mar 10 14:06:40 localhost mme[901718]: }
Mar 10 14:06:40 localhost sctpd[901301]: I0310 14:06:40.443169 901306 sctpd_downlink_impl.cpp:76] SctpdDownlinkImpl::SendDl starting
Mar 10 14:06:40 localhost sctpd[901301]: I0310 14:06:40.644405 901787 sctp_connection.cpp:167] HandleClientSock sd = 28
Mar 10 14:06:40 localhost sctpd[901301]: I0310 14:06:40.644510 901787 sctp_connection.cpp:193] Unhandled notification type 32777
Mar 10 14:06:41 localhost sctpd[901301]: I0310 14:06:41.613067 901787 sctp_connection.cpp:167] HandleClientSock sd = 28
Mar 10 14:06:41 localhost sctpd[901301]: I0310 14:06:41.613181 901787 sctp_connection.cpp:220] [sd:28] msg of len 70 on 3455:1
Mar 10 14:06:41 localhost sessiond[901043]: I0310 14:06:41.619423 901043 SetMessageManagerHandler.cpp:142] Release request for session from IMSI: IMSI222700000000001 pdu_id 1
Mar 10 14:06:41 localhost sctpd[901301]: I0310 14:06:41.619513 901785 sctpd_downlink_impl.cpp:76] SctpdDownlinkImpl::SendDl starting
Mar 10 14:06:41 localhost sctpd[901301]: I0310 14:06:41.620050 901306 sctpd_downlink_impl.cpp:76] SctpdDownlinkImpl::SendDl starting
Mar 10 14:06:41 localhost mobilityd[901037]: INFO:root:Released IP 192.168.128.163 for sid IMSI222700000000001
Mar 10 14:06:41 localhost sctpd[901301]: I0310 14:06:41.876399 901787 sctp_connection.cpp:167] HandleClientSock sd = 28
Mar 10 14:06:41 localhost sctpd[901301]: I0310 14:06:41.876488 901787 sctp_connection.cpp:193] Unhandled notification type 32777
Mar 10 14:06:41 localhost sctpd[901301]: I0310 14:06:41.876507 901787 sctp_connection.cpp:167] HandleClientSock sd = 28
Mar 10 14:06:41 localhost sctpd[901301]: I0310 14:06:41.876526 901787 sctp_connection.cpp:220] [sd:28] msg of len 22 on 3455:1
Mar 10 14:06:44 localhost smsd[901134]: INFO:root:mme non_eps_service_config is not SMS_ORC8R, sleeping.
Mar 10 14:06:45 localhost dnsmasq-dhcp[901212]: DHCPDISCOVER(eth1) fa:16:3e:2a:89:3f 
Mar 10 14:06:45 localhost dnsmasq-dhcp[901212]: DHCPOFFER(eth1) 172.16.7.251 fa:16:3e:2a:89:3f 
Mar 10 14:06:45 localhost dhclient[601]: DHCPREQUEST for 172.16.5.121 on eth1 to 172.16.5.2 port 67 (xid=0x4b4058b5)
Mar 10 14:06:46 localhost policydb[901113]: INFO:root:Terminating session: IMSI222700000000001-292531
Mar 10 14:06:46 localhost eventd[901128]: DEBUG:root:Logging event: stream_name: "sessiond"
Mar 10 14:06:46 localhost eventd[901128]: event_type: "session_terminated"
Mar 10 14:06:46 localhost eventd[901128]: tag: "IMSI222700000000001"
Mar 10 14:06:46 localhost eventd[901128]: value: "{\"mac_addr\":\"\",\"user_location\":\"\",\"spgw_ip\":\"\",\"imei\":\"\",\"record_sequence_number\":1,\"pdp_end_time\":80,\"charging_rx\":0,\"duration\":-5600,\"ip_addr\":\"192.168.128.163\",\"monitoring_tx\":0,\"ipv6_addr\":\"\",\"msisdn\":\"\",\"apn\":\"default\",\"session_id\":\"IMSI222700000000001-292531\",\"list_of_service_data\":[],\"charging_characteristics\":\"\",\"total_tx\":0,\"cause_for_rec_closing\":0,\"imsi\":\"IMSI222700000000001\",\"total_rx\":0,\"monitoring_rx\":0,\"charging_tx\":0,\"pdp_start_time\":5680}"
Mar 10 14:06:46 localhost eventd[901128]: ERROR:root:Connection to FluentBit failed: [Errno 111] Connection refused
Mar 10 14:06:46 localhost eventd[901128]: INFO:root:FluentBit (td-agent-bit) may not be enabled or configured correctly
Mar 10 14:06:46 localhost sessiond[901043]: I0310 14:06:46.638833 901055 SessionEvents.cpp:291] Could not log session_terminated event {"mac_addr":"","user_location":"","spgw_ip":"","imei":"","record_sequence_number":1,"pdp_end_time":80,"charging_rx":0,"duration":-5600,"ip_addr":"192.168.128.163","monitoring_tx":0,"ipv6_addr":"","msisdn":"","apn":"default","session_id":"IMSI222700000000001-292531","list_of_service_data":[],"charging_characteristics":"","total_tx":0,"cause_for_rec_closing":0,"imsi":"IMSI222700000000001","total_rx":0,"monitoring_rx":0,"charging_tx":0,"pdp_start_time":5680}, Error Message: Could not connect to FluentBit locally, Details: [Errno 111] Connection refused
Mar 10 14:06:49 localhost sctpd[901301]: I0310 14:06:49.176864 901787 sctp_connection.cpp:167] HandleClientSock sd = 28
