Apr  4 22:28:37 localhost magmad[2836887]: ERROR:root:Metrics upload error for service pipelined (chunk 0)! [StatusCode.DEADLINE_EXCEEDED] Deadline Exceeded
Apr  4 22:28:37 localhost magmad[2836887]: ERROR:root:Metrics upload error for service state (chunk 0)! [StatusCode.DEADLINE_EXCEEDED] Deadline Exceeded
Apr  4 22:28:37 localhost magmad[2836887]: ERROR:root:Metrics upload error for service sessiond (chunk 0)! [StatusCode.DEADLINE_EXCEEDED] Deadline Exceeded
Apr  4 22:28:37 localhost magmad[2836887]: INFO:root:[SyncRPC] Got heartBeat from cloud
Apr  4 22:28:38 localhost control_proxy[2837121]: 2022-04-04T22:28:38.530Z [127.0.0.1 -> state-controller.magmasi.wavelabs.in,8443] "POST /magma.orc8r.StateService/ReportStates HTTP/2" 200 5bytes 0.346s
Apr  4 22:28:40 localhost smsd[2837042]: INFO:root:mme non_eps_service_config is not SMS_ORC8R, sleeping.
Apr  4 22:28:44 localhost sctpd[2837236]: I0404 22:28:44.282124 2837680 sctp_connection.cpp:195] Unhandled notification type 32776
Apr  4 22:28:45 localhost sctpd[2837236]: I0404 22:28:45.340755 2837680 sctp_connection.cpp:195] Unhandled notification type 32777
Apr  4 22:28:45 localhost smsd[2837042]: INFO:root:mme non_eps_service_config is not SMS_ORC8R, sleeping.
Apr  4 22:28:45 localhost sctpd[2837236]: I0404 22:28:45.575296 2837680 sctp_connection.cpp:195] Unhandled notification type 32777
Apr  4 22:28:45 localhost sctpd[2837236]: I0404 22:28:45.685999 2837680 sctp_connection.cpp:195] Unhandled notification type 32777
Apr  4 22:28:45 localhost mme[2837640]: [DEBUG] Sending S6A-UPDATE_LOCATION_REQUEST with IMSI: 222700000000001
Apr  4 22:28:45 localhost mme[2837640]: [INFO] Received S6A-LOCATION-UPDATE_ANSWER for IMSI: 222700000000001; Status: ; StatusCode: 2001
Apr  4 22:28:45 localhost mme[2837640]: [INFO] sent itti S6A-LOCATION-UPDATE_ANSWER for IMSI: 222700000000001
Apr  4 22:28:45 localhost sctpd[2837236]: I0404 22:28:45.796376 2837680 sctp_connection.cpp:195] Unhandled notification type 32777
Apr  4 22:28:46 localhost mobilityd[2836957]: INFO:root:Allocated IP 192.168.128.117 for sid IMSI222700000000001 for apn internet
Apr  4 22:28:46 localhost policydb[2837015]: INFO:root:Creating a session for subscriber ID: IMSI222700000000001
Apr  4 22:28:46 localhost sessiond[2836966]: I0404 22:28:46.027112 2836966 SetMessageManagerHandler.cpp:342] Processing a CreateSessionResponse for IMSI222700000000001-849418
Apr  4 22:28:46 localhost sessiond[2836966]: I0404 22:28:46.027201 2836966 SessionState.cpp:2774] RuleID allowlist_sid-IMSI222700000000001-internet doesn't have a version registered for IMSI222700000000001-849418, this is unexpected
Apr  4 22:28:46 localhost mme[2837640]: PDUSessionResourceSetupRequestTransfer ::= {
Apr  4 22:28:46 localhost mme[2837640]:     protocolIEs: ProtocolIE-Container ::= {
Apr  4 22:28:46 localhost mme[2837640]:         PDUSessionResourceSetupRequestTransferIEs ::= {
Apr  4 22:28:46 localhost mme[2837640]:             id: 130
Apr  4 22:28:46 localhost mme[2837640]:             criticality: 0 (reject)
Apr  4 22:28:46 localhost mme[2837640]:             value: PDUSessionAggregateMaximumBitRate ::= {
Apr  4 22:28:46 localhost mme[2837640]:                 pDUSessionAggregateMaximumBitRateDL: 1000000
Apr  4 22:28:46 localhost mme[2837640]:                 pDUSessionAggregateMaximumBitRateUL: 1000000
Apr  4 22:28:46 localhost mme[2837640]:             }
Apr  4 22:28:46 localhost mme[2837640]:         }
Apr  4 22:28:46 localhost mme[2837640]:         PDUSessionResourceSetupRequestTransferIEs ::= {
Apr  4 22:28:46 localhost mme[2837640]:             id: 139
Apr  4 22:28:46 localhost mme[2837640]:             criticality: 0 (reject)
Apr  4 22:28:46 localhost mme[2837640]:             value: GTPTunnel ::= {
Apr  4 22:28:46 localhost mme[2837640]:                 transportLayerAddress: AC 10 05 79
Apr  4 22:28:46 localhost mme[2837640]:                 gTP-TEID: 80 00 00 0C
Apr  4 22:28:46 localhost mme[2837640]:             }
Apr  4 22:28:46 localhost mme[2837640]:         }
Apr  4 22:28:46 localhost mme[2837640]:         PDUSessionResourceSetupRequestTransferIEs ::= {
Apr  4 22:28:46 localhost mme[2837640]:             id: 134
Apr  4 22:28:46 localhost mme[2837640]:             criticality: 0 (reject)
Apr  4 22:28:46 localhost mme[2837640]:             value: 0 (ipv4)
Apr  4 22:28:46 localhost mme[2837640]:         }
Apr  4 22:28:46 localhost mme[2837640]:         PDUSessionResourceSetupRequestTransferIEs ::= {
Apr  4 22:28:46 localhost mme[2837640]:             id: 136
Apr  4 22:28:46 localhost mme[2837640]:             criticality: 0 (reject)
Apr  4 22:28:46 localhost mme[2837640]:             value: QosFlowSetupRequestList ::= {
Apr  4 22:28:46 localhost mme[2837640]:                 QosFlowSetupRequestItem ::= {
Apr  4 22:28:46 localhost mme[2837640]:                     qosFlowIdentifier: 9
Apr  4 22:28:46 localhost mme[2837640]:                     qosFlowLevelQosParameters: QosFlowLevelQosParameters ::= {
Apr  4 22:28:46 localhost mme[2837640]:                         qosCharacteristics: NonDynamic5QIDescriptor ::= {
Apr  4 22:28:46 localhost mme[2837640]:                             fiveQI: 9
Apr  4 22:28:46 localhost mme[2837640]:                         }
Apr  4 22:28:46 localhost mme[2837640]:                         allocationAndRetentionPriority: AllocationAndRetentionPriority ::= {
Apr  4 22:28:46 localhost mme[2837640]:                             priorityLevelARP: 15
Apr  4 22:28:46 localhost mme[2837640]:                             pre-emptionCapability: 1 (may-trigger-pre-emption)
Apr  4 22:28:46 localhost mme[2837640]:                             pre-emptionVulnerability: 1 (pre-emptable)
Apr  4 22:28:46 localhost mme[2837640]:                         }
Apr  4 22:28:46 localhost mme[2837640]:                     }
Apr  4 22:28:46 localhost mme[2837640]:                 }
Apr  4 22:28:46 localhost mme[2837640]:             }
Apr  4 22:28:46 localhost mme[2837640]:         }
Apr  4 22:28:46 localhost mme[2837640]:     }
Apr  4 22:28:46 localhost mme[2837640]: }
Apr  4 22:28:46 localhost sctpd[2837236]: I0404 22:28:46.090616 2837680 sctp_connection.cpp:195] Unhandled notification type 32777
Apr  4 22:28:46 localhost sctpd[2837236]: I0404 22:28:46.297617 2837680 sctp_connection.cpp:195] Unhandled notification type 32777
Apr  4 22:28:46 localhost subscriberdb[2836955]: INFO:root:get digest stored in gateway:
Apr  4 22:28:47 localhost control_proxy[2837121]: 2022-04-04T22:28:46.706Z [127.0.0.1 -> subscriberdb-controller.magmasi.wavelabs.in,8443] "POST /magma.lte.SubscriberDBCloud/CheckInSync HTTP/2" 200 0bytes 0.514s
Apr  4 22:28:47 localhost subscriberdb[2836955]: ERROR:root:Internal Error in subscriberdb-Orc8r communication. If AGW and Orc8r are deployed at a commit hash, upgrade AGW and Orc8r to latest commit hash.
Apr  4 22:28:47 localhost control_proxy[2837121]: 2022-04-04T22:28:47.225Z [127.0.0.1 -> subscriberdb-controller.magmasi.wavelabs.in,8443] "POST /magma.lte.SubscriberDBCloud/Sync HTTP/2" 200 0bytes 0.257s
Apr  4 22:28:47 localhost subscriberdb[2836955]: ERROR:root:Internal Error in subscriberdb-Orc8r communication. If AGW and Orc8r are deployed at a commit hash, upgrade AGW and Orc8r to latest commit hash.
Apr  4 22:28:47 localhost control_proxy[2837121]: 2022-04-04T22:28:47.225Z [127.0.0.1 -> subscriberdb-controller.magmasi.wavelabs.in,8443] "POST /magma.lte.SubscriberDBCloud/ListSubscribers HTTP/2" 200 44088bytes 0.337s
Apr  4 22:28:47 localhost subscriberdb[2836955]: INFO:root:Successfully fetched all subscriber pages from the cloud!
Apr  4 22:28:48 localhost magmad[2836887]: INFO:root:Setting logging level to INFO
Apr  4 22:28:48 localhost subscriberdb[2836955]: INFO:root:update root digest stored in gateway:
Apr  4 22:28:50 localhost dhclient[601]: DHCPREQUEST for 172.16.5.121 on eth1 to 172.16.5.2 port 67 (xid=0x25c866c5)
Apr  4 22:28:50 localhost smsd[2837042]: INFO:root:mme non_eps_service_config is not SMS_ORC8R, sleeping.
Apr  4 22:28:51 localhost sessiond[2836966]: I0404 22:28:51.211812 2836966 SetMessageManagerHandler.cpp:142] Release request for session from IMSI: IMSI222700000000001 pdu_id 1
Apr  4 22:28:51 localhost mobilityd[2836957]: INFO:root:Released IP 192.168.128.117 for sid IMSI222700000000001
Apr  4 22:28:51 localhost sctpd[2837236]: I0404 22:28:51.617684 2837680 sctp_connection.cpp:195] Unhandled notification type 32777
Apr  4 22:28:55 localhost smsd[2837042]: INFO:root:mme non_eps_service_config is not SMS_ORC8R, sleeping.
Apr  4 22:28:56 localhost eventd[2837039]: DEBUG:root:Logging event: stream_name: "sessiond"
Apr  4 22:28:56 localhost eventd[2837039]: event_type: "session_terminated"
Apr  4 22:28:56 localhost eventd[2837039]: tag: "IMSI222700000000001"
Apr  4 22:28:56 localhost eventd[2837039]: value: "{\"mac_addr\":\"\",\"user_location\":\"\",\"spgw_ip\":\"\",\"imei\":\"\",\"record_sequence_number\":1,\"pdp_end_time\":0,\"charging_rx\":0,\"duration\":-1,\"ip_addr\":\"192.168.128.117\",\"monitoring_tx\":0,\"ipv6_addr\":\"\",\"msisdn\":\"\",\"apn\":\"internet\",\"session_id\":\"IMSI222700000000001-849418\",\"list_of_service_data\":[],\"charging_characteristics\":\"\",\"total_tx\":0,\"cause_for_rec_closing\":0,\"imsi\":\"IMSI222700000000001\",\"total_rx\":0,\"monitoring_rx\":0,\"charging_tx\":0,\"pdp_start_time\":1}"
Apr  4 22:28:56 localhost eventd[2837039]: ERROR:root:Connection to FluentBit failed: [Errno 111] Connection refused
Apr  4 22:28:56 localhost eventd[2837039]: INFO:root:FluentBit (td-agent-bit) may not be enabled or configured correctly
Apr  4 22:28:56 localhost policydb[2837015]: INFO:root:Terminating session: IMSI222700000000001-849418
Apr  4 22:28:56 localhost sessiond[2836966]: I0404 22:28:56.221861 2836977 SessionEvents.cpp:291] Could not log session_terminated event {"mac_addr":"","user_location":"","spgw_ip":"","imei":"","record_sequence_number":1,"pdp_end_time":0,"charging_rx":0,"duration":-1,"ip_addr":"192.168.128.117","monitoring_tx":0,"ipv6_addr":"","msisdn":"","apn":"internet","session_id":"IMSI222700000000001-849418","list_of_service_data":[],"charging_characteristics":"","total_tx":0,"cause_for_rec_closing":0,"imsi":"IMSI222700000000001","total_rx":0,"monitoring_rx":0,"charging_tx":0,"pdp_start_time":1}, Error Message: Could not connect to FluentBit locally, Details: [Errno 111] Connection refused
Apr  4 22:28:57 localhost mobilityd[2836957]: INFO:root:Using GW info: {'default': {2: ('172.16.4.1', 'eth0')}, 2: [('172.16.4.1', 'eth0', True)]}
Apr  4 22:28:57 localhost mobilityd[2836957]: INFO:root:GW-v6 probe: timer started
Apr  4 22:29:00 localhost smsd[2837042]: INFO:root:mme non_eps_service_config is not SMS_ORC8R, sleeping.
Apr  4 22:29:05 localhost dhclient[601]: DHCPREQUEST for 172.16.5.121 on eth1 to 172.16.5.2 port 67 (xid=0x25c866c5)
Apr  4 22:29:05 localhost smsd[2837042]: INFO:root:mme non_eps_service_config is not SMS_ORC8R, sleeping.
Apr  4 22:29:07 localhost control_proxy[2837121]: 2022-04-04T22:29:06.615Z [127.0.0.1 -> state-controller.magmasi.wavelabs.in,8443] "POST /magma.orc8r.StateService/ReportStates HTTP/2" 200 5bytes 0.740s
Apr  4 22:29:07 localhost magmad[2836887]: INFO:root:Checkin Successful! Successfully sent states to the cloud!
Apr  4 22:29:07 localhost sctpd[2837236]: I0404 22:29:07.953815 2837680 sctp_connection.cpp:195] Unhandled notification type 32776
Apr  4 22:29:09 localhost sctpd[2837236]: I0404 22:29:09.013259 2837680 sctp_connection.cpp:195] Unhandled notification type 32777
Apr  4 22:29:09 localhost sctpd[2837236]: I0404 22:29:09.349684 2837680 sctp_connection.cpp:195] Unhandled notification type 32777
Apr  4 22:29:10 localhost smsd[2837042]: INFO:root:mme non_eps_service_config is not SMS_ORC8R, sleeping.
Apr  4 22:29:13 localhost control_proxy[2837121]: 2022-04-04T22:29:12.801Z [127.0.0.1 -> streamer-controller.magmasi.wavelabs.in,8443] "POST /magma.orc8r.Streamer/GetUpdates HTTP/2" 200 173bytes 0.291s
Apr  4 22:29:13 localhost policydb[2837015]: INFO:root:Processing 4 policy updates (resync=True)
Apr  4 22:29:13 localhost control_proxy[2837121]: 2022-04-04T22:29:13.096Z [127.0.0.1 -> streamer-controller.magmasi.wavelabs.in,8443] "POST /magma.orc8r.Streamer/GetUpdates HTTP/2" 200 7bytes 0.366s
Apr  4 22:29:13 localhost policydb[2837015]: INFO:root:Processing 0 basename -> policy updates
Apr  4 22:29:13 localhost control_proxy[2837121]: 2022-04-04T22:29:13.096Z [127.0.0.1 -> streamer-controller.magmasi.wavelabs.in,8443] "POST /magma.orc8r.Streamer/GetUpdates HTTP/2" 200 13513bytes 0.372s
Apr  4 22:29:13 localhost policydb[2837015]: INFO:root:Processing 222 SID -> apn -> policy updates
Apr  4 22:29:14 localhost control_proxy[2837121]: 2022-04-04T22:29:13.096Z [127.0.0.1 -> streamer-controller.magmasi.wavelabs.in,8443] "POST /magma.orc8r.Streamer/GetUpdates HTTP/2" 200 7bytes 0.361s
Apr  4 22:29:14 localhost policydb[2837015]: INFO:root:Processing 0 rating group updates
Apr  4 22:29:15 localhost sctpd[2837236]: I0404 22:29:15.357498 2837680 sctp_connection.cpp:195] Unhandled notification type 32777
Apr  4 22:29:15 localhost smsd[2837042]: INFO:root:mme non_eps_service_config is not SMS_ORC8R, sleeping.
Apr  4 22:29:17 localhost mobilityd[2836957]: INFO:root:Using GW info: {'default': {2: ('172.16.4.1', 'eth0')}, 2: [('172.16.4.1', 'eth0', True)]}
Apr  4 22:29:17 localhost mobilityd[2836957]: INFO:root:GW-v6 probe: timer started
Apr  4 22:29:17 localhost dhclient[601]: DHCPREQUEST for 172.16.5.121 on eth1 to 172.16.5.2 port 67 (xid=0x25c866c5)
Apr  4 22:29:20 localhost smsd[2837042]: INFO:root:mme non_eps_service_config is not SMS_ORC8R, sleeping.
Apr  4 22:29:25 localhost smsd[2837042]: INFO:root:mme non_eps_service_config is not SMS_ORC8R, sleeping.
Apr  4 22:29:25 localhost sctpd[2837236]: I0404 22:29:25.807284 2837680 sctp_connection.cpp:195] Unhandled notification type 32776
Apr  4 22:29:26 localhost sctpd[2837236]: I0404 22:29:26.866565 2837680 sctp_connection.cpp:195] Unhandled notification type 32777
Apr  4 22:29:30 localhost smsd[2837042]: INFO:root:mme non_eps_service_config is not SMS_ORC8R, sleeping.
Apr  4 22:29:35 localhost smsd[2837042]: INFO:root:mme non_eps_service_config is not SMS_ORC8R, sleeping.
Apr  4 22:29:36 localhost magmad[2836887]: ERROR:root:Metrics upload error for service subscriberdb (chunk 0)! [StatusCode.DEADLINE_EXCEEDED] Deadline Exceeded
Apr  4 22:29:36 localhost magmad[2836887]: ERROR:root:Metrics upload error for service mobilityd (chunk 0)! [StatusCode.DEADLINE_EXCEEDED] Deadline Exceeded
Apr  4 22:29:36 localhost magmad[2836887]: ERROR:root:Metrics upload error for service mme (chunk 0)! [StatusCode.DEADLINE_EXCEEDED] Deadline Exceeded
Apr  4 22:29:37 localhost mobilityd[2836957]: INFO:root:Using GW info: {'default': {2: ('172.16.4.1', 'eth0')}, 2: [('172.16.4.1', 'eth0', True)]}
Apr  4 22:29:37 localhost mobilityd[2836957]: INFO:root:GW-v6 probe: timer started
Apr  4 22:29:37 localhost dhclient[601]: DHCPREQUEST for 172.16.5.121 on eth1 to 172.16.5.2 port 67 (xid=0x25c866c5)
Apr  4 22:29:37 localhost magmad[2836887]: ERROR:root:Metrics upload error for service magmad (chunk 0)! [StatusCode.DEADLINE_EXCEEDED] Deadline Exceeded
Apr  4 22:29:37 localhost magmad[2836887]: ERROR:root:Metrics upload error for service enodebd (chunk 0)! [StatusCode.DEADLINE_EXCEEDED] Deadline Exceeded
Apr  4 22:29:37 localhost magmad[2836887]: ERROR:root:Metrics upload error for service pipelined (chunk 0)! [StatusCode.DEADLINE_EXCEEDED] Deadline Exceeded
Apr  4 22:29:37 localhost magmad[2836887]: ERROR:root:Metrics upload error for service state (chunk 0)! [StatusCode.DEADLINE_EXCEEDED] Deadline Exceeded
Apr  4 22:29:37 localhost magmad[2836887]: ERROR:root:Metrics upload error for service sessiond (chunk 0)! [StatusCode.DEADLINE_EXCEEDED] Deadline Exceeded
Apr  4 22:29:37 localhost magmad[2836887]: INFO:root:[SyncRPC] Got heartBeat from cloud
Apr  4 22:29:39 localhost control_proxy[2837121]: 2022-04-04T22:28:38.530Z [127.0.0.1 -> streamer-controller.magmasi.wavelabs.in,8443] "POST /magma.orc8r.Streamer/GetUpdates HTTP/2" 200 0bytes 60.263s
Apr  4 22:29:39 localhost magmad[2836887]: ERROR:root:Error! Streaming from the cloud failed! [StatusCode.ABORTED] error while streaming updates: rpc error: code = DeadlineExceeded desc = context deadline exceeded
Apr  4 22:29:40 localhost smsd[2837042]: INFO:root:mme non_eps_service_config is not SMS_ORC8R, sleeping.
Apr  4 22:29:44 localhost dhclient[601]: DHCPREQUEST for 172.16.5.121 on eth1 to 172.16.5.2 port 67 (xid=0x25c866c5)
Apr  4 22:29:45 localhost smsd[2837042]: INFO:root:mme non_eps_service_config is not SMS_ORC8R, sleeping.
Apr  4 22:29:48 localhost sctpd[2837236]: I0404 22:29:48.793094 2837680 sctp_connection.cpp:195] Unhandled notification type 32776
Apr  4 22:29:49 localhost sctpd[2837236]: I0404 22:29:49.854547 2837680 sctp_connection.cpp:195] Unhandled notification type 32777
Apr  4 22:29:50 localhost smsd[2837042]: INFO:root:mme non_eps_service_config is not SMS_ORC8R, sleeping.
Apr  4 22:29:55 localhost dhclient[601]: DHCPREQUEST for 172.16.5.121 on eth1 to 172.16.5.2 port 67 (xid=0x25c866c5)
Apr  4 22:29:55 localhost smsd[2837042]: INFO:root:mme non_eps_service_config is not SMS_ORC8R, sleeping.
Apr  4 22:29:57 localhost mobilityd[2836957]: INFO:root:Using GW info: {'default': {2: ('172.16.4.1', 'eth0')}, 2: [('172.16.4.1', 'eth0', True)]}
Apr  4 22:29:57 localhost mobilityd[2836957]: INFO:root:GW-v6 probe: timer started
Apr  4 22:30:00 localhost smsd[2837042]: INFO:root:mme non_eps_service_config is not SMS_ORC8R, sleeping.
Apr  4 22:30:05 localhost smsd[2837042]: INFO:root:mme non_eps_service_config is not SMS_ORC8R, sleeping.
Apr  4 22:30:06 localhost sctpd[2837236]: I0404 22:30:06.654737 2837680 sctp_connection.cpp:195] Unhandled notification type 32776
Apr  4 22:30:07 localhost sctpd[2837236]: I0404 22:30:07.718286 2837680 sctp_connection.cpp:195] Unhandled notification type 32777
Apr  4 22:30:07 localhost magmad[2836887]: INFO:root:Setting logging level to INFO
Apr  4 22:30:07 localhost sctpd[2837236]: I0404 22:30:07.963575 2837680 sctp_connection.cpp:195] Unhandled notification type 32777
Apr  4 22:30:08 localhost sctpd[2837236]: I0404 22:30:08.169667 2837680 sctp_connection.cpp:195] Unhandled notification type 32777
Apr  4 22:30:10 localhost smsd[2837042]: INFO:root:mme non_eps_service_config is not SMS_ORC8R, sleeping.
Apr  4 22:30:14 localhost control_proxy[2837121]: 2022-04-04T22:30:14.259Z [127.0.0.1 -> streamer-controller.magmasi.wavelabs.in,8443] "POST /magma.orc8r.Streamer/GetUpdates HTTP/2" 200 173bytes 0.544s
Apr  4 22:30:14 localhost policydb[2837015]: INFO:root:Processing 4 policy updates (resync=True)
Apr  4 22:30:15 localhost control_proxy[2837121]: 2022-04-04T22:30:14.259Z [127.0.0.1 -> streamer-controller.magmasi.wavelabs.in,8443] "POST /magma.orc8r.Streamer/GetUpdates HTTP/2" 200 7bytes 0.270s
Apr  4 22:30:15 localhost policydb[2837015]: INFO:root:Processing 0 basename -> policy updates
Apr  4 22:30:15 localhost dhclient[601]: DHCPREQUEST for 172.16.5.121 on eth1 to 172.16.5.2 port 67 (xid=0x25c866c5)
Apr  4 22:30:15 localhost control_proxy[2837121]: 2022-04-04T22:30:15.079Z [127.0.0.1 -> streamer-controller.magmasi.wavelabs.in,8443] "POST /magma.orc8r.Streamer/GetUpdates HTTP/2" 200 13513bytes 0.304s
Apr  4 22:30:15 localhost policydb[2837015]: INFO:root:Processing 222 SID -> apn -> policy updates
Apr  4 22:30:15 localhost control_proxy[2837121]: 2022-04-04T22:30:15.079Z [127.0.0.1 -> streamer-controller.magmasi.wavelabs.in,8443] "POST /magma.orc8r.Streamer/GetUpdates HTTP/2" 200 7bytes 0.268s
Apr  4 22:30:15 localhost policydb[2837015]: INFO:root:Processing 0 rating group updates
Apr  4 22:30:15 localhost smsd[2837042]: INFO:root:mme non_eps_service_config is not SMS_ORC8R, sleeping.
Apr  4 22:30:17 localhost mobilityd[2836957]: INFO:root:Using GW info: {'default': {2: ('172.16.4.1', 'eth0')}, 2: [('172.16.4.1', 'eth0', True)]}
Apr  4 22:30:17 localhost mobilityd[2836957]: INFO:root:GW-v6 probe: timer started
Apr  4 22:30:21 localhost smsd[2837042]: INFO:root:mme non_eps_service_config is not SMS_ORC8R, sleeping.
Apr  4 22:30:24 localhost sctpd[2837236]: I0404 22:30:24.660902 2837680 sctp_connection.cpp:195] Unhandled notification type 32776
Apr  4 22:30:25 localhost sctpd[2837236]: I0404 22:30:25.723417 2837680 sctp_connection.cpp:195] Unhandled notification type 32777
Apr  4 22:30:25 localhost sctpd[2837236]: I0404 22:30:25.960006 2837680 sctp_connection.cpp:195] Unhandled notification type 32777
Apr  4 22:30:26 localhost smsd[2837042]: INFO:root:mme non_eps_service_config is not SMS_ORC8R, sleeping.
Apr  4 22:30:26 localhost sctpd[2837236]: I0404 22:30:26.165596 2837680 sctp_connection.cpp:195] Unhandled notification type 32777
Apr  4 22:30:27 localhost control_proxy[2837121]: 2022-04-04T22:30:26.244Z [127.0.0.1 -> state-controller.magmasi.wavelabs.in,8443] "POST /magma.orc8r.StateService/ReportStates HTTP/2" 200 5bytes 0.837s
Apr  4 22:30:27 localhost magmad[2836887]: INFO:root:Checkin Successful! Successfully sent states to the cloud!
Apr  4 22:30:31 localhost smsd[2837042]: INFO:root:mme non_eps_service_config is not SMS_ORC8R, sleeping.
Apr  4 22:30:32 localhost sctpd[2837236]: I0404 22:30:32.173578 2837680 sctp_connection.cpp:195] Unhandled notification type 32777
Apr  4 22:30:35 localhost dhclient[601]: DHCPREQUEST for 172.16.5.121 on eth1 to 172.16.5.2 port 67 (xid=0x25c866c5)
Apr  4 22:30:36 localhost smsd[2837042]: INFO:root:mme non_eps_service_config is not SMS_ORC8R, sleeping.
Apr  4 22:30:36 localhost magmad[2836887]: ERROR:root:Metrics upload error for service subscriberdb (chunk 0)! [StatusCode.DEADLINE_EXCEEDED] Deadline Exceeded
Apr  4 22:30:36 localhost magmad[2836887]: ERROR:root:Metrics upload error for service mobilityd (chunk 0)! [StatusCode.DEADLINE_EXCEEDED] Deadline Exceeded
Apr  4 22:30:36 localhost magmad[2836887]: ERROR:root:Metrics upload error for service mme (chunk 0)! [StatusCode.DEADLINE_EXCEEDED] Deadline Exceeded
Apr  4 22:30:37 localhost mobilityd[2836957]: INFO:root:Using GW info: {'default': {2: ('172.16.4.1', 'eth0')}, 2: [('172.16.4.1', 'eth0', True)]}
Apr  4 22:30:37 localhost mobilityd[2836957]: INFO:root:GW-v6 probe: timer started
Apr  4 22:30:37 localhost magmad[2836887]: INFO:root:[SyncRPC] Got heartBeat from cloud
Apr  4 22:30:41 localhost smsd[2837042]: INFO:root:mme non_eps_service_config is not SMS_ORC8R, sleeping.
Apr  4 22:30:42 localhost sctpd[2837236]: I0404 22:30:42.567747 2837680 sctp_connection.cpp:195] Unhandled notification type 32776
Apr  4 22:30:43 localhost sctpd[2837236]: I0404 22:30:43.630158 2837680 sctp_connection.cpp:195] Unhandled notification type 32777
Apr  4 22:30:43 localhost sctpd[2837236]: I0404 22:30:43.864318 2837680 sctp_connection.cpp:195] Unhandled notification type 32777
Apr  4 22:30:44 localhost dhclient[601]: DHCPREQUEST for 172.16.5.121 on eth1 to 172.16.5.2 port 67 (xid=0x25c866c5)
Apr  4 22:30:46 localhost smsd[2837042]: INFO:root:mme non_eps_service_config is not SMS_ORC8R, sleeping.
Apr  4 22:30:56 localhost smsd[2837042]: message repeated 2 times: [ INFO:root:mme non_eps_service_config is not SMS_ORC8R, sleeping.]
Apr  4 22:30:56 localhost magmad[2836887]: ERROR:root:Metrics upload error for service magmad (chunk 0)! [StatusCode.DEADLINE_EXCEEDED] Deadline Exceeded
Apr  4 22:30:56 localhost magmad[2836887]: ERROR:root:Metrics upload error for service enodebd (chunk 0)! [StatusCode.DEADLINE_EXCEEDED] Deadline Exceeded
Apr  4 22:30:56 localhost magmad[2836887]: ERROR:root:Metrics upload error for service pipelined (chunk 0)! [StatusCode.DEADLINE_EXCEEDED] Deadline Exceeded
Apr  4 22:30:56 localhost magmad[2836887]: ERROR:root:Metrics upload error for service state (chunk 0)! [StatusCode.DEADLINE_EXCEEDED] Deadline Exceeded
Apr  4 22:30:56 localhost magmad[2836887]: ERROR:root:Metrics upload error for service sessiond (chunk 0)! [StatusCode.DEADLINE_EXCEEDED] Deadline Exceeded
Apr  4 22:30:57 localhost mobilityd[2836957]: INFO:root:Using GW info: {'default': {2: ('172.16.4.1', 'eth0')}, 2: [('172.16.4.1', 'eth0', True)]}
Apr  4 22:30:57 localhost mobilityd[2836957]: INFO:root:GW-v6 probe: timer started
Apr  4 22:31:00 localhost dhclient[601]: DHCPREQUEST for 172.16.5.121 on eth1 to 172.16.5.2 port 67 (xid=0x25c866c5)
Apr  4 22:31:01 localhost smsd[2837042]: INFO:root:mme non_eps_service_config is not SMS_ORC8R, sleeping.
Apr  4 22:31:05 localhost sctpd[2837236]: I0404 22:31:05.608372 2837680 sctp_connection.cpp:195] Unhandled notification type 32776
Apr  4 22:31:06 localhost smsd[2837042]: INFO:root:mme non_eps_service_config is not SMS_ORC8R, sleeping.
Apr  4 22:31:11 localhost smsd[2837042]: INFO:root:mme non_eps_service_config is not SMS_ORC8R, sleeping.
Apr  4 22:31:15 localhost sctpd[2837236]: I0404 22:31:15.326709 2837680 sctp_connection.cpp:195] Unhandled notification type 32777
Apr  4 22:31:15 localhost sctpd[2837236]: I0404 22:31:15.549050 2837680 sctp_connection.cpp:195] Unhandled notification type 32777
Apr  4 22:31:15 localhost sctpd[2837236]: I0404 22:31:15.671156 2837680 sctp_connection.cpp:195] Unhandled notification type 32777
Apr  4 22:31:15 localhost sctpd[2837236]: I0404 22:31:15.789796 2837680 sctp_connection.cpp:195] Unhandled notification type 32777
Apr  4 22:31:15 localhost mme[2837640]: [DEBUG] Sending S6A-UPDATE_LOCATION_REQUEST with IMSI: 222700000000001
Apr  4 22:31:15 localhost mme[2837640]: [INFO] Received S6A-LOCATION-UPDATE_ANSWER for IMSI: 222700000000001; Status: ; StatusCode: 2001
Apr  4 22:31:15 localhost mme[2837640]: [INFO] sent itti S6A-LOCATION-UPDATE_ANSWER for IMSI: 222700000000001
Apr  4 22:31:15 localhost sctpd[2837236]: I0404 22:31:15.909883 2837680 sctp_connection.cpp:195] Unhandled notification type 32777
Apr  4 22:31:16 localhost mobilityd[2836957]: INFO:root:Allocated IP 192.168.128.121 for sid IMSI222700000000001 for apn default
Apr  4 22:31:16 localhost policydb[2837015]: INFO:root:Creating a session for subscriber ID: IMSI222700000000001
Apr  4 22:31:16 localhost sessiond[2836966]: I0404 22:31:16.153859 2836966 SetMessageManagerHandler.cpp:342] Processing a CreateSessionResponse for IMSI222700000000001-317089
Apr  4 22:31:16 localhost sessiond[2836966]: I0404 22:31:16.153995 2836966 SessionState.cpp:2774] RuleID allowlist_sid-IMSI222700000000001-default doesn't have a version registered for IMSI222700000000001-317089, this is unexpected
Apr  4 22:31:16 localhost mme[2837640]: PDUSessionResourceSetupRequestTransfer ::= {
Apr  4 22:31:16 localhost mme[2837640]:     protocolIEs: ProtocolIE-Container ::= {
Apr  4 22:31:16 localhost mme[2837640]:         PDUSessionResourceSetupRequestTransferIEs ::= {
Apr  4 22:31:16 localhost mme[2837640]:             id: 130
Apr  4 22:31:16 localhost mme[2837640]:             criticality: 0 (reject)
Apr  4 22:31:16 localhost mme[2837640]:             value: PDUSessionAggregateMaximumBitRate ::= {
Apr  4 22:31:16 localhost mme[2837640]:                 pDUSessionAggregateMaximumBitRateDL: 100000000
Apr  4 22:31:16 localhost mme[2837640]:                 pDUSessionAggregateMaximumBitRateUL: 100000000
Apr  4 22:31:16 localhost mme[2837640]:             }
Apr  4 22:31:16 localhost mme[2837640]:         }
Apr  4 22:31:16 localhost mme[2837640]:         PDUSessionResourceSetupRequestTransferIEs ::= {
Apr  4 22:31:16 localhost mme[2837640]:             id: 139
Apr  4 22:31:16 localhost mme[2837640]:             criticality: 0 (reject)
Apr  4 22:31:16 localhost mme[2837640]:             value: GTPTunnel ::= {
Apr  4 22:31:16 localhost mme[2837640]:                 transportLayerAddress: AC 10 05 79
Apr  4 22:31:16 localhost mme[2837640]:                 gTP-TEID: 80 00 00 0D
Apr  4 22:31:16 localhost mme[2837640]:             }
Apr  4 22:31:16 localhost mme[2837640]:         }
Apr  4 22:31:16 localhost mme[2837640]:         PDUSessionResourceSetupRequestTransferIEs ::= {
Apr  4 22:31:16 localhost mme[2837640]:             id: 134
Apr  4 22:31:16 localhost mme[2837640]:             criticality: 0 (reject)
Apr  4 22:31:16 localhost mme[2837640]:             value: 0 (ipv4)
Apr  4 22:31:16 localhost mme[2837640]:         }
Apr  4 22:31:16 localhost mme[2837640]:         PDUSessionResourceSetupRequestTransferIEs ::= {
Apr  4 22:31:16 localhost mme[2837640]:             id: 136
Apr  4 22:31:16 localhost mme[2837640]:             criticality: 0 (reject)
Apr  4 22:31:16 localhost mme[2837640]:             value: QosFlowSetupRequestList ::= {
Apr  4 22:31:16 localhost mme[2837640]:                 QosFlowSetupRequestItem ::= {
Apr  4 22:31:16 localhost mme[2837640]:                     qosFlowIdentifier: 9
Apr  4 22:31:16 localhost mme[2837640]:                     qosFlowLevelQosParameters: QosFlowLevelQosParameters ::= {
Apr  4 22:31:16 localhost mme[2837640]:                         qosCharacteristics: NonDynamic5QIDescriptor ::= {
Apr  4 22:31:16 localhost mme[2837640]:                             fiveQI: 9
Apr  4 22:31:16 localhost mme[2837640]:                         }
Apr  4 22:31:16 localhost mme[2837640]:                         allocationAndRetentionPriority: AllocationAndRetentionPriority ::= {
Apr  4 22:31:16 localhost mme[2837640]:                             priorityLevelARP: 15
Apr  4 22:31:16 localhost mme[2837640]:                             pre-emptionCapability: 0 (shall-not-trigger-pre-emption)
Apr  4 22:31:16 localhost mme[2837640]:                             pre-emptionVulnerability: 0 (not-pre-emptable)
Apr  4 22:31:16 localhost mme[2837640]:                         }
Apr  4 22:31:16 localhost mme[2837640]:                     }
Apr  4 22:31:16 localhost mme[2837640]:                 }
Apr  4 22:31:16 localhost mme[2837640]:             }
Apr  4 22:31:16 localhost mme[2837640]:         }
Apr  4 22:31:16 localhost mme[2837640]:     }
Apr  4 22:31:16 localhost mme[2837640]: }
Apr  4 22:31:16 localhost sctpd[2837236]: I0404 22:31:16.227125 2837680 sctp_connection.cpp:195] Unhandled notification type 32777
Apr  4 22:31:16 localhost mobilityd[2836957]: WARNING:root:Re-allocate IP 192.168.128.121 for sid IMSI222700000000001.default,ipv4 without MME releasing it first ip-state-map
Apr  4 22:31:16 localhost mobilityd[2836957]: INFO:root:Allocating the same IP 192.168.128.121 for sid IMSI222700000000001.default,ipv4
Apr  4 22:31:16 localhost mobilityd[2836957]: INFO:root:Allocated IP 192.168.128.121 for sid IMSI222700000000001 for apn default
Apr  4 22:31:16 localhost policydb[2837015]: INFO:root:Creating a session for subscriber ID: IMSI222700000000001
Apr  4 22:31:16 localhost sessiond[2836966]: I0404 22:31:16.238271 2836966 SetMessageManagerHandler.cpp:342] Processing a CreateSessionResponse for IMSI222700000000001-591185
Apr  4 22:31:16 localhost sessiond[2836966]: I0404 22:31:16.238359 2836966 SessionState.cpp:2774] RuleID allowlist_sid-IMSI222700000000001-default doesn't have a version registered for IMSI222700000000001-591185, this is unexpected
Apr  4 22:31:16 localhost mme[2837640]: PDUSessionResourceSetupRequestTransfer ::= {
Apr  4 22:31:16 localhost mme[2837640]:     protocolIEs: ProtocolIE-Container ::= {
Apr  4 22:31:16 localhost mme[2837640]:         PDUSessionResourceSetupRequestTransferIEs ::= {
Apr  4 22:31:16 localhost mme[2837640]:             id: 130
Apr  4 22:31:16 localhost mme[2837640]:             criticality: 0 (reject)
Apr  4 22:31:16 localhost mme[2837640]:             value: PDUSessionAggregateMaximumBitRate ::= {
Apr  4 22:31:16 localhost mme[2837640]:                 pDUSessionAggregateMaximumBitRateDL: 100000000
Apr  4 22:31:16 localhost mme[2837640]:                 pDUSessionAggregateMaximumBitRateUL: 100000000
Apr  4 22:31:16 localhost mme[2837640]:             }
Apr  4 22:31:16 localhost mme[2837640]:         }
Apr  4 22:31:16 localhost mme[2837640]:         PDUSessionResourceSetupRequestTransferIEs ::= {
Apr  4 22:31:16 localhost mme[2837640]:             id: 139
Apr  4 22:31:16 localhost mme[2837640]:             criticality: 0 (reject)
Apr  4 22:31:16 localhost mme[2837640]:             value: GTPTunnel ::= {
Apr  4 22:31:16 localhost mme[2837640]:                 transportLayerAddress: AC 10 05 79
Apr  4 22:31:16 localhost mme[2837640]:                 gTP-TEID: 80 00 00 0E
Apr  4 22:31:16 localhost mme[2837640]:             }
Apr  4 22:31:16 localhost mme[2837640]:         }
Apr  4 22:31:16 localhost mme[2837640]:         PDUSessionResourceSetupRequestTransferIEs ::= {
Apr  4 22:31:16 localhost mme[2837640]:             id: 134
Apr  4 22:31:16 localhost mme[2837640]:             criticality: 0 (reject)
Apr  4 22:31:16 localhost mme[2837640]:             value: 0 (ipv4)
Apr  4 22:31:16 localhost mme[2837640]:         }
Apr  4 22:31:16 localhost mme[2837640]:         PDUSessionResourceSetupRequestTransferIEs ::= {
Apr  4 22:31:16 localhost mme[2837640]:             id: 136
Apr  4 22:31:16 localhost mme[2837640]:             criticality: 0 (reject)
Apr  4 22:31:16 localhost mme[2837640]:             value: QosFlowSetupRequestList ::= {
Apr  4 22:31:16 localhost mme[2837640]:                 QosFlowSetupRequestItem ::= {
Apr  4 22:31:16 localhost mme[2837640]:                     qosFlowIdentifier: 9
Apr  4 22:31:16 localhost mme[2837640]:                     qosFlowLevelQosParameters: QosFlowLevelQosParameters ::= {
Apr  4 22:31:16 localhost mme[2837640]:                         qosCharacteristics: NonDynamic5QIDescriptor ::= {
Apr  4 22:31:16 localhost mme[2837640]:                             fiveQI: 9
Apr  4 22:31:16 localhost mme[2837640]:                         }
Apr  4 22:31:16 localhost mme[2837640]:                         allocationAndRetentionPriority: AllocationAndRetentionPriority ::= {
Apr  4 22:31:16 localhost mme[2837640]:                             priorityLevelARP: 15
Apr  4 22:31:16 localhost mme[2837640]:                             pre-emptionCapability: 0 (shall-not-trigger-pre-emption)
Apr  4 22:31:16 localhost mme[2837640]:                             pre-emptionVulnerability: 0 (not-pre-emptable)
Apr  4 22:31:16 localhost mme[2837640]:                         }
Apr  4 22:31:16 localhost mme[2837640]:                     }
Apr  4 22:31:16 localhost mme[2837640]:                 }
Apr  4 22:31:16 localhost mme[2837640]:             }
Apr  4 22:31:16 localhost mme[2837640]:         }
Apr  4 22:31:16 localhost mme[2837640]:     }
Apr  4 22:31:16 localhost mme[2837640]: }
Apr  4 22:31:16 localhost control_proxy[2837121]: 2022-04-04T22:31:15.690Z [127.0.0.1 -> streamer-controller.magmasi.wavelabs.in,8443] "POST /magma.orc8r.Streamer/GetUpdates HTTP/2" 200 173bytes 0.559s
Apr  4 22:31:16 localhost policydb[2837015]: INFO:root:Processing 4 policy updates (resync=True)
Apr  4 22:31:16 localhost smsd[2837042]: INFO:root:mme non_eps_service_config is not SMS_ORC8R, sleeping.
Apr  4 22:31:16 localhost sctpd[2837236]: I0404 22:31:16.445637 2837680 sctp_connection.cpp:195] Unhandled notification type 32777
Apr  4 22:31:16 localhost control_proxy[2837121]: 2022-04-04T22:31:16.252Z [127.0.0.1 -> streamer-controller.magmasi.wavelabs.in,8443] "POST /magma.orc8r.Streamer/GetUpdates HTTP/2" 200 7bytes 0.274s
Apr  4 22:31:16 localhost policydb[2837015]: INFO:root:Processing 0 basename -> policy updates
Apr  4 22:31:16 localhost control_proxy[2837121]: 2022-04-04T22:31:16.252Z [127.0.0.1 -> streamer-controller.magmasi.wavelabs.in,8443] "POST /magma.orc8r.Streamer/GetUpdates HTTP/2" 200 13513bytes 0.324s
Apr  4 22:31:16 localhost policydb[2837015]: INFO:root:Processing 222 SID -> apn -> policy updates
Apr  4 22:31:17 localhost control_proxy[2837121]: 2022-04-04T22:31:16.252Z [127.0.0.1 -> streamer-controller.magmasi.wavelabs.in,8443] "POST /magma.orc8r.Streamer/GetUpdates HTTP/2" 200 7bytes 0.267s
Apr  4 22:31:17 localhost policydb[2837015]: INFO:root:Processing 0 rating group updates
Apr  4 22:31:17 localhost mobilityd[2836957]: INFO:root:Using GW info: {'default': {2: ('172.16.4.1', 'eth0')}, 2: [('172.16.4.1', 'eth0', True)]}
Apr  4 22:31:17 localhost mobilityd[2836957]: INFO:root:GW-v6 probe: timer started
Apr  4 22:31:17 localhost sessiond[2836966]: I0404 22:31:17.471197 2836966 SetMessageManagerHandler.cpp:142] Release request for session from IMSI: IMSI222700000000001 pdu_id 2
Apr  4 22:31:17 localhost sessiond[2836966]: I0404 22:31:17.473670 2836966 SetMessageManagerHandler.cpp:142] Release request for session from IMSI: IMSI222700000000001 pdu_id 1
Apr  4 22:31:17 localhost mobilityd[2836957]: INFO:root:Released IP 192.168.128.121 for sid IMSI222700000000001
Apr  4 22:31:17 localhost mobilityd[2836957]: WARNING:root:IP not found in used list, check if IP is already released: <IMSI222700000000001.default,ipv4, 192.168.128.121>
Apr  4 22:31:17 localhost mme[2837640]: ReleaseIPv4Address fails with code 5, msg: IP 192.168.128.121 not in use
Apr  4 22:31:17 localhost sctpd[2837236]: I0404 22:31:17.726719 2837680 sctp_connection.cpp:195] Unhandled notification type 32777
Apr  4 22:31:20 localhost dhclient[601]: DHCPREQUEST for 172.16.5.121 on eth1 to 172.16.5.2 port 67 (xid=0x25c866c5)
Apr  4 22:31:21 localhost smsd[2837042]: INFO:root:mme non_eps_service_config is not SMS_ORC8R, sleeping.
Apr  4 22:31:22 localhost policydb[2837015]: INFO:root:Terminating session: IMSI222700000000001-591185
Apr  4 22:31:22 localhost policydb[2837015]: INFO:root:Terminating session: IMSI222700000000001-317089
Apr  4 22:31:22 localhost eventd[2837039]: DEBUG:root:Logging event: stream_name: "sessiond"
Apr  4 22:31:22 localhost eventd[2837039]: event_type: "session_terminated"
Apr  4 22:31:22 localhost eventd[2837039]: tag: "IMSI222700000000001"
Apr  4 22:31:22 localhost eventd[2837039]: value: "{\"mac_addr\":\"\",\"user_location\":\"\",\"spgw_ip\":\"\",\"imei\":\"\",\"record_sequence_number\":1,\"pdp_end_time\":0,\"charging_rx\":0,\"duration\":-1,\"ip_addr\":\"192.168.128.121\",\"monitoring_tx\":0,\"ipv6_addr\":\"\",\"msisdn\":\"\",\"apn\":\"default\",\"session_id\":\"IMSI222700000000001-591185\",\"list_of_service_data\":[],\"charging_characteristics\":\"\",\"total_tx\":0,\"cause_for_rec_closing\":0,\"imsi\":\"IMSI222700000000001\",\"total_rx\":0,\"monitoring_rx\":0,\"charging_tx\":0,\"pdp_start_time\":1}"
Apr  4 22:31:22 localhost eventd[2837039]: DEBUG:root:Logging event: stream_name: "sessiond"
Apr  4 22:31:22 localhost eventd[2837039]: event_type: "session_terminated"
Apr  4 22:31:22 localhost eventd[2837039]: tag: "IMSI222700000000001"
Apr  4 22:31:22 localhost eventd[2837039]: value: "{\"mac_addr\":\"\",\"user_location\":\"\",\"spgw_ip\":\"\",\"imei\":\"\",\"record_sequence_number\":1,\"pdp_end_time\":0,\"charging_rx\":0,\"duration\":-1,\"ip_addr\":\"192.168.128.121\",\"monitoring_tx\":0,\"ipv6_addr\":\"\",\"msisdn\":\"\",\"apn\":\"default\",\"session_id\":\"IMSI222700000000001-317089\",\"list_of_service_data\":[],\"charging_characteristics\":\"\",\"total_tx\":0,\"cause_for_rec_closing\":0,\"imsi\":\"IMSI222700000000001\",\"total_rx\":0,\"monitoring_rx\":0,\"charging_tx\":0,\"pdp_start_time\":1}"
Apr  4 22:31:22 localhost eventd[2837039]: ERROR:root:Connection to FluentBit failed: [Errno 111] Connection refused
Apr  4 22:31:22 localhost eventd[2837039]: ERROR:root:Connection to FluentBit failed: [Errno 111] Connection refused
Apr  4 22:31:22 localhost eventd[2837039]: INFO:root:FluentBit (td-agent-bit) may not be enabled or configured correctly
Apr  4 22:31:22 localhost eventd[2837039]: INFO:root:FluentBit (td-agent-bit) may not be enabled or configured correctly
Apr  4 22:31:22 localhost sessiond[2836966]: I0404 22:31:22.488082 2836977 SessionEvents.cpp:291] Could not log session_terminated event {"mac_addr":"","user_location":"","spgw_ip":"","imei":"","record_sequence_number":1,"pdp_end_time":0,"charging_rx":0,"duration":-1,"ip_addr":"192.168.128.121","monitoring_tx":0,"ipv6_addr":"","msisdn":"","apn":"default","session_id":"IMSI222700000000001-317089","list_of_service_data":[],"charging_characteristics":"","total_tx":0,"cause_for_rec_closing":0,"imsi":"IMSI222700000000001","total_rx":0,"monitoring_rx":0,"charging_tx":0,"pdp_start_time":1}, Error Message: Could not connect to FluentBit locally, Details: [Errno 111] Connection refused
Apr  4 22:31:22 localhost sessiond[2836966]: I0404 22:31:22.489449 2836977 SessionEvents.cpp:291] Could not log session_terminated event {"mac_addr":"","user_location":"","spgw_ip":"","imei":"","record_sequence_number":1,"pdp_end_time":0,"charging_rx":0,"duration":-1,"ip_addr":"192.168.128.121","monitoring_tx":0,"ipv6_addr":"","msisdn":"","apn":"default","session_id":"IMSI222700000000001-591185","list_of_service_data":[],"charging_characteristics":"","total_tx":0,"cause_for_rec_closing":0,"imsi":"IMSI222700000000001","total_rx":0,"monitoring_rx":0,"charging_tx":0,"pdp_start_time":1}, Error Message: Could not connect to FluentBit locally, Details: [Errno 111] Connection refused
Apr  4 22:31:26 localhost smsd[2837042]: INFO:root:mme non_eps_service_config is not SMS_ORC8R, sleeping.
Apr  4 22:31:27 localhost magmad[2836887]: INFO:root:Setting logging level to INFO
Apr  4 22:31:31 localhost smsd[2837042]: INFO:root:mme non_eps_service_config is not SMS_ORC8R, sleeping.
Apr  4 22:31:35 localhost sctpd[2837236]: I0404 22:31:35.085783 2837680 sctp_connection.cpp:195] Unhandled notification type 32776
Apr  4 22:31:36 localhost sctpd[2837236]: I0404 22:31:36.147001 2837680 sctp_connection.cpp:195] Unhandled notification type 32777
Apr  4 22:31:36 localhost sctpd[2837236]: I0404 22:31:36.385197 2837680 sctp_connection.cpp:195] Unhandled notification type 32777
Apr  4 22:31:36 localhost smsd[2837042]: INFO:root:mme non_eps_service_config is not SMS_ORC8R, sleeping.
Apr  4 22:31:36 localhost sctpd[2837236]: I0404 22:31:36.513013 2837680 sctp_connection.cpp:195] Unhandled notification type 32777
Apr  4 22:31:36 localhost sctpd[2837236]: I0404 22:31:36.631233 2837680 sctp_connection.cpp:195] Unhandled notification type 32777
Apr  4 22:31:36 localhost mme[2837640]: [DEBUG] Sending S6A-UPDATE_LOCATION_REQUEST with IMSI: 222700000000001
Apr  4 22:31:36 localhost mme[2837640]: [INFO] Received S6A-LOCATION-UPDATE_ANSWER for IMSI: 222700000000001; Status: ; StatusCode: 2001
Apr  4 22:31:36 localhost mme[2837640]: [INFO] sent itti S6A-LOCATION-UPDATE_ANSWER for IMSI: 222700000000001
Apr  4 22:31:36 localhost sctpd[2837236]: I0404 22:31:36.745638 2837680 sctp_connection.cpp:195] Unhandled notification type 32777
Apr  4 22:31:37 localhost mobilityd[2836957]: INFO:root:Using GW info: {'default': {2: ('172.16.4.1', 'eth0')}, 2: [('172.16.4.1', 'eth0', True)]}
Apr  4 22:31:37 localhost mobilityd[2836957]: INFO:root:GW-v6 probe: timer started
Apr  4 22:31:37 localhost magmad[2836887]: INFO:root:[SyncRPC] Got heartBeat from cloud
Apr  4 22:31:38 localhost sctpd[2837236]: I0404 22:31:38.138610 2837680 sctp_connection.cpp:195] Unhandled notification type 32777
Apr  4 22:31:38 localhost dhclient[601]: DHCPREQUEST for 172.16.5.121 on eth1 to 172.16.5.2 port 67 (xid=0x25c866c5)
Apr  4 22:31:39 localhost control_proxy[2837121]: 2022-04-04T22:30:39.178Z [127.0.0.1 -> streamer-controller.magmasi.wavelabs.in,8443] "POST /magma.orc8r.Streamer/GetUpdates HTTP/2" 200 0bytes 60.264s
Apr  4 22:31:39 localhost magmad[2836887]: ERROR:root:Error! Streaming from the cloud failed! [StatusCode.ABORTED] error while streaming updates: rpc error: code = DeadlineExceeded desc = context deadline exceeded
Apr  4 22:31:41 localhost smsd[2837042]: INFO:root:mme non_eps_service_config is not SMS_ORC8R, sleeping.
Apr  4 22:31:45 localhost magmad[2836887]: ERROR:root:Metrics upload error for service subscriberdb (chunk 0)! [StatusCode.DEADLINE_EXCEEDED] Deadline Exceeded
Apr  4 22:31:45 localhost magmad[2836887]: ERROR:root:Metrics upload error for service mobilityd (chunk 0)! [StatusCode.DEADLINE_EXCEEDED] Deadline Exceeded
Apr  4 22:31:45 localhost magmad[2836887]: ERROR:root:Metrics upload error for service mme (chunk 0)! [StatusCode.DEADLINE_EXCEEDED] Deadline Exceeded
Apr  4 22:31:45 localhost magmad[2836887]: INFO:root:Checking for upgrade...
Apr  4 22:31:45 localhost magmad[2836887]: WARNING:root:magmad package_version config missing or set to default 0.0.0-0, skipping upgrade
Apr  4 22:31:46 localhost control_proxy[2837121]: 2022-04-04T22:31:45.906Z [127.0.0.1 -> state-controller.magmasi.wavelabs.in,8443] "POST /magma.orc8r.StateService/ReportStates HTTP/2" 200 5bytes 0.524s
Apr  4 22:31:46 localhost magmad[2836887]: INFO:root:Checkin Successful! Successfully sent states to the cloud!
Apr  4 22:31:46 localhost smsd[2837042]: INFO:root:mme non_eps_service_config is not SMS_ORC8R, sleeping.
Apr  4 22:31:51 localhost smsd[2837042]: INFO:root:mme non_eps_service_config is not SMS_ORC8R, sleeping.
Apr  4 22:31:54 localhost sctpd[2837236]: I0404 22:31:54.775225 2837680 sctp_connection.cpp:195] Unhandled notification type 32776
Apr  4 22:31:55 localhost sctpd[2837236]: I0404 22:31:55.838387 2837680 sctp_connection.cpp:195] Unhandled notification type 32777
Apr  4 22:31:56 localhost sctpd[2837236]: I0404 22:31:56.075637 2837680 sctp_connection.cpp:195] Unhandled notification type 32777
Apr  4 22:31:56 localhost sctpd[2837236]: I0404 22:31:56.193483 2837680 sctp_connection.cpp:195] Unhandled notification type 32777
Apr  4 22:31:56 localhost mme[2837640]: [DEBUG] Sending S6A-UPDATE_LOCATION_REQUEST with IMSI: 222700000000001
Apr  4 22:31:56 localhost mme[2837640]: [INFO] Received S6A-LOCATION-UPDATE_ANSWER for IMSI: 222700000000001; Status: ; StatusCode: 2001
Apr  4 22:31:56 localhost mme[2837640]: [INFO] sent itti S6A-LOCATION-UPDATE_ANSWER for IMSI: 222700000000001
Apr  4 22:31:56 localhost magmad[2836887]: ERROR:root:Metrics upload error for service magmad (chunk 0)! [StatusCode.DEADLINE_EXCEEDED] Deadline Exceeded
Apr  4 22:31:56 localhost magmad[2836887]: ERROR:root:Metrics upload error for service enodebd (chunk 0)! [StatusCode.DEADLINE_EXCEEDED] Deadline Exceeded
Apr  4 22:31:56 localhost magmad[2836887]: ERROR:root:Metrics upload error for service pipelined (chunk 0)! [StatusCode.DEADLINE_EXCEEDED] Deadline Exceeded
Apr  4 22:31:56 localhost magmad[2836887]: ERROR:root:Metrics upload error for service state (chunk 0)! [StatusCode.DEADLINE_EXCEEDED] Deadline Exceeded
Apr  4 22:31:56 localhost magmad[2836887]: ERROR:root:Metrics upload error for service sessiond (chunk 0)! [StatusCode.DEADLINE_EXCEEDED] Deadline Exceeded
Apr  4 22:31:56 localhost sctpd[2837236]: I0404 22:31:56.405689 2837680 sctp_connection.cpp:195] Unhandled notification type 32777
Apr  4 22:31:56 localhost smsd[2837042]: INFO:root:mme non_eps_service_config is not SMS_ORC8R, sleeping.
Apr  4 22:31:56 localhost dhclient[601]: DHCPREQUEST for 172.16.5.121 on eth1 to 172.16.5.2 port 67 (xid=0x25c866c5)
Apr  4 22:31:57 localhost mobilityd[2836957]: INFO:root:Using GW info: {'default': {2: ('172.16.4.1', 'eth0')}, 2: [('172.16.4.1', 'eth0', True)]}
Apr  4 22:31:57 localhost mobilityd[2836957]: INFO:root:GW-v6 probe: timer started
Apr  4 22:32:01 localhost smsd[2837042]: INFO:root:mme non_eps_service_config is not SMS_ORC8R, sleeping.
Apr  4 22:32:02 localhost mme[2837640]: [DEBUG] Sending S6A-UPDATE_LOCATION_REQUEST with IMSI: 222700000000001
Apr  4 22:32:02 localhost mme[2837640]: [INFO] Received S6A-LOCATION-UPDATE_ANSWER for IMSI: 222700000000001; Status: ; StatusCode: 2001
Apr  4 22:32:02 localhost mme[2837640]: [INFO] sent itti S6A-LOCATION-UPDATE_ANSWER for IMSI: 222700000000001
Apr  4 22:32:02 localhost sctpd[2837236]: I0404 22:32:02.409544 2837680 sctp_connection.cpp:195] Unhandled notification type 32777
Apr  4 22:32:06 localhost smsd[2837042]: INFO:root:mme non_eps_service_config is not SMS_ORC8R, sleeping.
Apr  4 22:32:08 localhost mme[2837640]: [DEBUG] Sending S6A-UPDATE_LOCATION_REQUEST with IMSI: 222700000000001
Apr  4 22:32:08 localhost mme[2837640]: [INFO] Received S6A-LOCATION-UPDATE_ANSWER for IMSI: 222700000000001; Status: ; StatusCode: 2001
Apr  4 22:32:08 localhost mme[2837640]: [INFO] sent itti S6A-LOCATION-UPDATE_ANSWER for IMSI: 222700000000001
Apr  4 22:32:11 localhost smsd[2837042]: INFO:root:mme non_eps_service_config is not SMS_ORC8R, sleeping.
Apr  4 22:32:12 localhost dhclient[601]: DHCPREQUEST for 172.16.5.121 on eth1 to 172.16.5.2 port 67 (xid=0x25c866c5)
Apr  4 22:32:13 localhost sctpd[2837236]: I0404 22:32:13.070914 2837680 sctp_connection.cpp:195] Unhandled notification type 32776
Apr  4 22:32:14 localhost sctpd[2837236]: I0404 22:32:14.128007 2837680 sctp_connection.cpp:195] Unhandled notification type 32777
Apr  4 22:32:14 localhost mme[2837640]: [DEBUG] Sending S6A-UPDATE_LOCATION_REQUEST with IMSI: 222700000000001
Apr  4 22:32:14 localhost mme[2837640]: [INFO] Received S6A-LOCATION-UPDATE_ANSWER for IMSI: 222700000000001; Status: ; StatusCode: 2001
Apr  4 22:32:14 localhost mme[2837640]: [INFO] sent itti S6A-LOCATION-UPDATE_ANSWER for IMSI: 222700000000001
Apr  4 22:32:16 localhost smsd[2837042]: INFO:root:mme non_eps_service_config is not SMS_ORC8R, sleeping.
Apr  4 22:32:17 localhost mobilityd[2836957]: INFO:root:Using GW info: {'default': {2: ('172.16.4.1', 'eth0')}, 2: [('172.16.4.1', 'eth0', True)]}
Apr  4 22:32:17 localhost mobilityd[2836957]: INFO:root:GW-v6 probe: timer started
Apr  4 22:32:17 localhost control_proxy[2837121]: 2022-04-04T22:32:17.192Z [127.0.0.1 -> streamer-controller.magmasi.wavelabs.in,8443] "POST /magma.orc8r.Streamer/GetUpdates HTTP/2" 200 173bytes 0.530s
Apr  4 22:32:17 localhost policydb[2837015]: INFO:root:Processing 4 policy updates (resync=True)
Apr  4 22:32:17 localhost control_proxy[2837121]: 2022-04-04T22:32:17.192Z [127.0.0.1 -> streamer-controller.magmasi.wavelabs.in,8443] "POST /magma.orc8r.Streamer/GetUpdates HTTP/2" 200 7bytes 0.269s
Apr  4 22:32:17 localhost policydb[2837015]: INFO:root:Processing 0 basename -> policy updates
Apr  4 22:32:18 localhost control_proxy[2837121]: 2022-04-04T22:32:17.192Z [127.0.0.1 -> streamer-controller.magmasi.wavelabs.in,8443] "POST /magma.orc8r.Streamer/GetUpdates HTTP/2" 200 13513bytes 0.302s
