Apr 26 18:02:41 localhost mme[3442898]:                 criticality: 0 (reject)
Apr 26 18:02:41 localhost mme[3442898]:                 value: 63
Apr 26 18:02:41 localhost mme[3442898]:             }
Apr 26 18:02:41 localhost mme[3442898]:             PDUSessionResourceReleaseCommandIEs ::= {
Apr 26 18:02:41 localhost mme[3442898]:                 id: 85
Apr 26 18:02:41 localhost mme[3442898]:                 criticality: 0 (reject)
Apr 26 18:02:41 localhost mme[3442898]:                 value: 4294967295
Apr 26 18:02:41 localhost mme[3442898]:             }
Apr 26 18:02:41 localhost mme[3442898]:             PDUSessionResourceReleaseCommandIEs ::= {
Apr 26 18:02:41 localhost mme[3442898]:                 id: 38
Apr 26 18:02:41 localhost mme[3442898]:                 criticality: 0 (reject)
Apr 26 18:02:41 localhost mme[3442898]:                 value:
Apr 26 18:02:41 localhost mme[3442898]:                     7E 01 CE 7C 19 5B 03 7E 00 68 01 00 05 2E 01 01
Apr 26 18:02:41 localhost mme[3442898]:                     D3 24 12 01
Apr 26 18:02:41 localhost mme[3442898]:             }
Apr 26 18:02:41 localhost mme[3442898]:             PDUSessionResourceReleaseCommandIEs ::= {
Apr 26 18:02:41 localhost mme[3442898]:                 id: 79
Apr 26 18:02:41 localhost mme[3442898]:                 criticality: 0 (reject)
Apr 26 18:02:41 localhost mme[3442898]:                 value: PDUSessionResourceToReleaseListRelCmd ::= {
Apr 26 18:02:41 localhost mme[3442898]:                 }
Apr 26 18:02:41 localhost mme[3442898]:             }
Apr 26 18:02:41 localhost mme[3442898]:         }
Apr 26 18:02:41 localhost mme[3442898]:     }
Apr 26 18:02:41 localhost mme[3442898]: }
Apr 26 18:02:41 localhost sctpd[3442494]: I0426 18:02:41.993327 3442939 sctp_connection.cpp:195] Unhandled notification type 32777
Apr 26 18:02:45 localhost smsd[3442319]: INFO:root:mme non_eps_service_config is not SMS_ORC8R, sleeping.
Apr 26 18:02:46 localhost control_proxy[3442397]: 2022-04-26T18:02:45.543Z [127.0.0.1 -> state-controller.magmasi.wavelabs.in,8443] "POST /magma.orc8r.StateService/ReportStates HTTP/2" 200 5bytes 0.519s
Apr 26 18:02:46 localhost magmad[3442157]: INFO:root:Checkin Successful! Successfully sent states to the cloud!
Apr 26 18:02:50 localhost smsd[3442319]: INFO:root:mme non_eps_service_config is not SMS_ORC8R, sleeping.
Apr 26 18:02:51 localhost sessiond[3442235]: I0426 18:02:51.949718 3442235 SetMessageManagerHandler.cpp:144] Release request for session from IMSI: IMSI222700000000001 pdu_id 1
Apr 26 18:02:51 localhost mobilityd[3442226]: DEBUG:root:Received ReleaseIPAddress
Apr 26 18:02:51 localhost mobilityd[3442226]: INFO:root:GRPC message:
Apr 26 18:02:51 localhost mobilityd[3442226]:   magma.lte.ReleaseIPRequest {
Apr 26 18:02:51 localhost mobilityd[3442226]:     "sid": {
Apr 26 18:02:51 localhost mobilityd[3442226]:       "id": "222700000000001"
Apr 26 18:02:51 localhost mobilityd[3442226]:     },
Apr 26 18:02:51 localhost mobilityd[3442226]:     "ip": {
Apr 26 18:02:51 localhost mobilityd[3442226]:       "address": "wKiAxg=="
Apr 26 18:02:51 localhost mobilityd[3442226]:     },
Apr 26 18:02:51 localhost mobilityd[3442226]:     "apn": "default"
Apr 26 18:02:51 localhost mobilityd[3442226]:   }
Apr 26 18:02:51 localhost mobilityd[3442226]: INFO:root:Released IP 192.168.128.198 for sid IMSI222700000000001
Apr 26 18:02:52 localhost dhclient[601]: DHCPREQUEST for 172.16.5.121 on eth1 to 172.16.5.2 port 67 (xid=0x1ea11b90)
Apr 26 18:02:55 localhost smsd[3442319]: INFO:root:mme non_eps_service_config is not SMS_ORC8R, sleeping.
Apr 26 18:02:55 localhost magmad[3442157]: ERROR:root:Metrics upload error for service subscriberdb (chunk 0)! [StatusCode.DEADLINE_EXCEEDED] Deadline Exceeded
Apr 26 18:02:55 localhost magmad[3442157]: ERROR:root:Metrics upload error for service mobilityd (chunk 0)! [StatusCode.DEADLINE_EXCEEDED] Deadline Exceeded
Apr 26 18:02:55 localhost magmad[3442157]: ERROR:root:Metrics upload error for service mme (chunk 0)! [StatusCode.DEADLINE_EXCEEDED] Deadline Exceeded
Apr 26 18:02:55 localhost magmad[3442157]: ERROR:root:Metrics upload error for service magmad (chunk 0)! [StatusCode.DEADLINE_EXCEEDED] Deadline Exceeded
Apr 26 18:02:55 localhost magmad[3442157]: ERROR:root:Metrics upload error for service enodebd (chunk 0)! [StatusCode.DEADLINE_EXCEEDED] Deadline Exceeded
Apr 26 18:02:55 localhost magmad[3442157]: ERROR:root:Metrics upload error for service pipelined (chunk 0)! [StatusCode.DEADLINE_EXCEEDED] Deadline Exceeded
Apr 26 18:02:55 localhost magmad[3442157]: ERROR:root:Metrics upload error for service state (chunk 0)! [StatusCode.DEADLINE_EXCEEDED] Deadline Exceeded
Apr 26 18:02:55 localhost magmad[3442157]: ERROR:root:Metrics upload error for service sessiond (chunk 0)! [StatusCode.DEADLINE_EXCEEDED] Deadline Exceeded
Apr 26 18:02:56 localhost mobilityd[3442226]: INFO:root:Using GW info: {'default': {2: ('172.16.4.1', 'eth0')}, 2: [('172.16.4.1', 'eth0', True)]}
Apr 26 18:02:56 localhost mobilityd[3442226]: INFO:root:GW-v6 probe: timer started
Apr 26 18:02:56 localhost magmad[3442157]: INFO:root:[SyncRPC] Got heartBeat from cloud
Apr 26 18:02:56 localhost policydb[3442303]: INFO:root:Terminating session: IMSI222700000000001-623825
Apr 26 18:02:56 localhost eventd[3442316]: DEBUG:root:Logging event: stream_name: "sessiond"
Apr 26 18:02:56 localhost eventd[3442316]: event_type: "session_terminated"
Apr 26 18:02:56 localhost eventd[3442316]: tag: "IMSI222700000000001"
Apr 26 18:02:56 localhost eventd[3442316]: value: "{\"mac_addr\":\"\",\"user_location\":\"\",\"spgw_ip\":\"\",\"imei\":\"\",\"record_sequence_number\":1,\"pdp_end_time\":0,\"charging_rx\":0,\"duration\":-1,\"ip_addr\":\"192.168.128.198\",\"monitoring_tx\":0,\"ipv6_addr\":\"\",\"msisdn\":\"\",\"apn\":\"default\",\"session_id\":\"IMSI222700000000001-623825\",\"list_of_service_data\":[],\"charging_characteristics\":\"\",\"total_tx\":0,\"cause_for_rec_closing\":0,\"imsi\":\"IMSI222700000000001\",\"total_rx\":0,\"monitoring_rx\":0,\"charging_tx\":0,\"pdp_start_time\":1}"
Apr 26 18:02:56 localhost eventd[3442316]: ERROR:root:Connection to FluentBit failed: [Errno 111] Connection refused
Apr 26 18:02:56 localhost eventd[3442316]: INFO:root:FluentBit (td-agent-bit) may not be enabled or configured correctly
Apr 26 18:02:56 localhost sessiond[3442235]: I0426 18:02:56.962539 3442250 SessionEvents.cpp:292] Could not log session_terminated event {"mac_addr":"","user_location":"","spgw_ip":"","imei":"","record_sequence_number":1,"pdp_end_time":0,"charging_rx":0,"duration":-1,"ip_addr":"192.168.128.198","monitoring_tx":0,"ipv6_addr":"","msisdn":"","apn":"default","session_id":"IMSI222700000000001-623825","list_of_service_data":[],"charging_characteristics":"","total_tx":0,"cause_for_rec_closing":0,"imsi":"IMSI222700000000001","total_rx":0,"monitoring_rx":0,"charging_tx":0,"pdp_start_time":1}, Error Message: Could not connect to FluentBit locally, Details: [Errno 111] Connection refused
Apr 26 18:02:57 localhost control_proxy[3442397]: 2022-04-26T18:02:57.447Z [127.0.0.1 -> state-controller.magmasi.wavelabs.in,8443] "POST /magma.orc8r.StateService/ReportStates HTTP/2" 200 5bytes 0.271s
Apr 26 18:03:00 localhost smsd[3442319]: INFO:root:mme non_eps_service_config is not SMS_ORC8R, sleeping.
Apr 26 18:03:05 localhost smsd[3442319]: INFO:root:mme non_eps_service_config is not SMS_ORC8R, sleeping.
Apr 26 18:03:06 localhost dhclient[601]: DHCPREQUEST for 172.16.5.121 on eth1 to 172.16.5.2 port 67 (xid=0x1ea11b90)
Apr 26 18:03:06 localhost mobilityd[3442226]: DEBUG:root:Release Reaped IP: <mobilityd.IPDesc {ip: 192.168.128.198, ip_block: 192.168.128.0/24, state: IPState.FREE, sid: IMSI222700000000001.default,ipv4, type: IPType.IP_POOL }}>
Apr 26 18:03:10 localhost smsd[3442319]: INFO:root:mme non_eps_service_config is not SMS_ORC8R, sleeping.
Apr 26 18:03:12 localhost sctpd[3442494]: I0426 18:03:12.276183 3442939 sctp_connection.cpp:195] Unhandled notification type 32776
Apr 26 18:03:13 localhost sctpd[3442494]: I0426 18:03:13.337363 3442939 sctp_connection.cpp:195] Unhandled notification type 32777
Apr 26 18:03:15 localhost smsd[3442319]: INFO:root:mme non_eps_service_config is not SMS_ORC8R, sleeping.
Apr 26 18:03:16 localhost mobilityd[3442226]: INFO:root:Using GW info: {'default': {2: ('172.16.4.1', 'eth0')}, 2: [('172.16.4.1', 'eth0', True)]}
Apr 26 18:03:16 localhost mobilityd[3442226]: INFO:root:GW-v6 probe: timer started
Apr 26 18:03:19 localhost dhclient[601]: DHCPREQUEST for 172.16.5.121 on eth1 to 172.16.5.2 port 67 (xid=0x1ea11b90)
Apr 26 18:03:20 localhost smsd[3442319]: INFO:root:mme non_eps_service_config is not SMS_ORC8R, sleeping.
Apr 26 18:03:30 localhost smsd[3442319]: message repeated 2 times: [ INFO:root:mme non_eps_service_config is not SMS_ORC8R, sleeping.]
Apr 26 18:03:32 localhost dhclient[601]: DHCPREQUEST for 172.16.5.121 on eth1 to 172.16.5.2 port 67 (xid=0x1ea11b90)
Apr 26 18:03:34 localhost control_proxy[3442397]: 2022-04-26T18:03:33.947Z [127.0.0.1 -> streamer-controller.magmasi.wavelabs.in,8443] "POST /magma.orc8r.Streamer/GetUpdates HTTP/2" 200 173bytes 0.534s
Apr 26 18:03:34 localhost policydb[3442303]: INFO:root:Processing 4 policy updates (resync=True)
Apr 26 18:03:34 localhost control_proxy[3442397]: 2022-04-26T18:03:34.485Z [127.0.0.1 -> streamer-controller.magmasi.wavelabs.in,8443] "POST /magma.orc8r.Streamer/GetUpdates HTTP/2" 200 7bytes 0.273s
Apr 26 18:03:34 localhost policydb[3442303]: INFO:root:Processing 0 basename -> policy updates
Apr 26 18:03:35 localhost control_proxy[3442397]: 2022-04-26T18:03:34.485Z [127.0.0.1 -> streamer-controller.magmasi.wavelabs.in,8443] "POST /magma.orc8r.Streamer/GetUpdates HTTP/2" 200 13536bytes 0.302s
Apr 26 18:03:35 localhost policydb[3442303]: INFO:root:Processing 223 SID -> apn -> policy updates
Apr 26 18:03:35 localhost control_proxy[3442397]: 2022-04-26T18:03:35.071Z [127.0.0.1 -> streamer-controller.magmasi.wavelabs.in,8443] "POST /magma.orc8r.Streamer/GetUpdates HTTP/2" 200 7bytes 0.268s
Apr 26 18:03:35 localhost policydb[3442303]: INFO:root:Processing 0 rating group updates
Apr 26 18:03:35 localhost smsd[3442319]: INFO:root:mme non_eps_service_config is not SMS_ORC8R, sleeping.
Apr 26 18:03:36 localhost mobilityd[3442226]: INFO:root:Using GW info: {'default': {2: ('172.16.4.1', 'eth0')}, 2: [('172.16.4.1', 'eth0', True)]}
Apr 26 18:03:36 localhost mobilityd[3442226]: INFO:root:GW-v6 probe: timer started
Apr 26 18:03:38 localhost sctpd[3442494]: I0426 18:03:38.465950 3442939 sctp_connection.cpp:195] Unhandled notification type 32776
Apr 26 18:03:40 localhost smsd[3442319]: INFO:root:mme non_eps_service_config is not SMS_ORC8R, sleeping.
Apr 26 18:03:45 localhost smsd[3442319]: INFO:root:mme non_eps_service_config is not SMS_ORC8R, sleeping.
Apr 26 18:03:46 localhost magmad[3442157]: INFO:root:Setting logging level to INFO
Apr 26 18:03:48 localhost sctpd[3442494]: I0426 18:03:48.479043 3442939 sctp_connection.cpp:195] Unhandled notification type 32777
Apr 26 18:03:50 localhost smsd[3442319]: INFO:root:mme non_eps_service_config is not SMS_ORC8R, sleeping.
Apr 26 18:03:51 localhost sctpd[3442494]: I0426 18:03:51.772838 3442939 sctp_connection.cpp:195] Unhandled notification type 32777
Apr 26 18:03:53 localhost dhclient[601]: DHCPREQUEST for 172.16.5.121 on eth1 to 172.16.5.2 port 67 (xid=0x1ea11b90)
Apr 26 18:03:55 localhost smsd[3442319]: INFO:root:mme non_eps_service_config is not SMS_ORC8R, sleeping.
Apr 26 18:03:56 localhost mobilityd[3442226]: INFO:root:Using GW info: {'default': {2: ('172.16.4.1', 'eth0')}, 2: [('172.16.4.1', 'eth0', True)]}
Apr 26 18:03:56 localhost mobilityd[3442226]: INFO:root:GW-v6 probe: timer started
Apr 26 18:03:56 localhost magmad[3442157]: INFO:root:[SyncRPC] Got heartBeat from cloud
Apr 26 18:03:59 localhost control_proxy[3442397]: 2022-04-26T18:02:58.967Z [127.0.0.1 -> streamer-controller.magmasi.wavelabs.in,8443] "POST /magma.orc8r.Streamer/GetUpdates HTTP/2" 200 0bytes 60.261s
Apr 26 18:03:59 localhost magmad[3442157]: ERROR:root:Error! Streaming from the cloud failed! [StatusCode.ABORTED] error while streaming updates: rpc error: code = DeadlineExceeded desc = context deadline exceeded
Apr 26 18:04:00 localhost smsd[3442319]: INFO:root:mme non_eps_service_config is not SMS_ORC8R, sleeping.
Apr 26 18:04:05 localhost magmad[3442157]: ERROR:root:Metrics upload error for service subscriberdb (chunk 0)! [StatusCode.DEADLINE_EXCEEDED] Deadline Exceeded
Apr 26 18:04:05 localhost magmad[3442157]: ERROR:root:Metrics upload error for service mobilityd (chunk 0)! [StatusCode.DEADLINE_EXCEEDED] Deadline Exceeded
Apr 26 18:04:05 localhost magmad[3442157]: ERROR:root:Metrics upload error for service mme (chunk 0)! [StatusCode.DEADLINE_EXCEEDED] Deadline Exceeded
Apr 26 18:04:05 localhost magmad[3442157]: ERROR:root:Metrics upload error for service magmad (chunk 0)! [StatusCode.DEADLINE_EXCEEDED] Deadline Exceeded
Apr 26 18:04:05 localhost magmad[3442157]: ERROR:root:Metrics upload error for service enodebd (chunk 0)! [StatusCode.DEADLINE_EXCEEDED] Deadline Exceeded
Apr 26 18:04:05 localhost magmad[3442157]: ERROR:root:Metrics upload error for service pipelined (chunk 0)! [StatusCode.DEADLINE_EXCEEDED] Deadline Exceeded
Apr 26 18:04:05 localhost magmad[3442157]: ERROR:root:Metrics upload error for service state (chunk 0)! [StatusCode.DEADLINE_EXCEEDED] Deadline Exceeded
Apr 26 18:04:05 localhost magmad[3442157]: ERROR:root:Metrics upload error for service sessiond (chunk 0)! [StatusCode.DEADLINE_EXCEEDED] Deadline Exceeded
Apr 26 18:04:05 localhost magmad[3442157]: INFO:root:Checking for upgrade...
Apr 26 18:04:05 localhost magmad[3442157]: WARNING:root:magmad package_version config missing or set to default 0.0.0-0, skipping upgrade
Apr 26 18:04:05 localhost control_proxy[3442397]: 2022-04-26T18:04:05.108Z [127.0.0.1 -> state-controller.magmasi.wavelabs.in,8443] "POST /magma.orc8r.StateService/ReportStates HTTP/2" 200 5bytes 0.520s
Apr 26 18:04:05 localhost magmad[3442157]: INFO:root:Checkin Successful! Successfully sent states to the cloud!
Apr 26 18:04:05 localhost smsd[3442319]: INFO:root:mme non_eps_service_config is not SMS_ORC8R, sleeping.
Apr 26 18:04:08 localhost dhclient[601]: DHCPREQUEST for 172.16.5.121 on eth1 to 172.16.5.2 port 67 (xid=0x1ea11b90)
Apr 26 18:04:10 localhost smsd[3442319]: INFO:root:mme non_eps_service_config is not SMS_ORC8R, sleeping.
Apr 26 18:04:13 localhost sctpd[3442494]: I0426 18:04:13.719025 3442939 sctp_connection.cpp:195] Unhandled notification type 32776
Apr 26 18:04:14 localhost sctpd[3442494]: I0426 18:04:14.778548 3442939 sctp_connection.cpp:195] Unhandled notification type 32777
Apr 26 18:04:16 localhost smsd[3442319]: INFO:root:mme non_eps_service_config is not SMS_ORC8R, sleeping.
Apr 26 18:04:16 localhost mobilityd[3442226]: INFO:root:Using GW info: {'default': {2: ('172.16.4.1', 'eth0')}, 2: [('172.16.4.1', 'eth0', True)]}
Apr 26 18:04:16 localhost mobilityd[3442226]: INFO:root:GW-v6 probe: timer started
Apr 26 18:04:21 localhost smsd[3442319]: INFO:root:mme non_eps_service_config is not SMS_ORC8R, sleeping.
Apr 26 18:04:22 localhost dhclient[601]: DHCPREQUEST for 172.16.5.121 on eth1 to 172.16.5.2 port 67 (xid=0x1ea11b90)
Apr 26 18:04:26 localhost smsd[3442319]: INFO:root:mme non_eps_service_config is not SMS_ORC8R, sleeping.
Apr 26 18:04:31 localhost smsd[3442319]: INFO:root:mme non_eps_service_config is not SMS_ORC8R, sleeping.
Apr 26 18:04:35 localhost control_proxy[3442397]: 2022-04-26T18:04:35.402Z [127.0.0.1 -> streamer-controller.magmasi.wavelabs.in,8443] "POST /magma.orc8r.Streamer/GetUpdates HTTP/2" 200 173bytes 0.541s
Apr 26 18:04:35 localhost policydb[3442303]: INFO:root:Processing 4 policy updates (resync=True)
Apr 26 18:04:36 localhost smsd[3442319]: INFO:root:mme non_eps_service_config is not SMS_ORC8R, sleeping.
Apr 26 18:04:36 localhost control_proxy[3442397]: 2022-04-26T18:04:35.402Z [127.0.0.1 -> streamer-controller.magmasi.wavelabs.in,8443] "POST /magma.orc8r.Streamer/GetUpdates HTTP/2" 200 7bytes 0.274s
Apr 26 18:04:36 localhost policydb[3442303]: INFO:root:Processing 0 basename -> policy updates
Apr 26 18:04:36 localhost control_proxy[3442397]: 2022-04-26T18:04:36.224Z [127.0.0.1 -> streamer-controller.magmasi.wavelabs.in,8443] "POST /magma.orc8r.Streamer/GetUpdates HTTP/2" 200 13536bytes 0.300s
Apr 26 18:04:36 localhost policydb[3442303]: INFO:root:Processing 223 SID -> apn -> policy updates
Apr 26 18:04:36 localhost control_proxy[3442397]: 2022-04-26T18:04:36.224Z [127.0.0.1 -> streamer-controller.magmasi.wavelabs.in,8443] "POST /magma.orc8r.Streamer/GetUpdates HTTP/2" 200 7bytes 0.274s
Apr 26 18:04:36 localhost policydb[3442303]: INFO:root:Processing 0 rating group updates
Apr 26 18:04:36 localhost mobilityd[3442226]: INFO:root:Using GW info: {'default': {2: ('172.16.4.1', 'eth0')}, 2: [('172.16.4.1', 'eth0', True)]}
Apr 26 18:04:36 localhost mobilityd[3442226]: INFO:root:GW-v6 probe: timer started
Apr 26 18:04:37 localhost sctpd[3442494]: I0426 18:04:37.491328 3442939 sctp_connection.cpp:195] Unhandled notification type 32776
Apr 26 18:04:37 localhost dhclient[601]: DHCPREQUEST for 172.16.5.121 on eth1 to 172.16.5.2 port 67 (xid=0x1ea11b90)
Apr 26 18:04:38 localhost sctpd[3442494]: I0426 18:04:38.552224 3442939 sctp_connection.cpp:195] Unhandled notification type 32777
Apr 26 18:04:41 localhost smsd[3442319]: INFO:root:mme non_eps_service_config is not SMS_ORC8R, sleeping.
Apr 26 18:04:51 localhost smsd[3442319]: message repeated 2 times: [ INFO:root:mme non_eps_service_config is not SMS_ORC8R, sleeping.]
Apr 26 18:04:54 localhost dhclient[601]: DHCPREQUEST for 172.16.5.121 on eth1 to 172.16.5.2 port 67 (xid=0x1ea11b90)
Apr 26 18:04:55 localhost magmad[3442157]: ERROR:root:Metrics upload error for service subscriberdb (chunk 0)! [StatusCode.DEADLINE_EXCEEDED] Deadline Exceeded
Apr 26 18:04:55 localhost magmad[3442157]: ERROR:root:Metrics upload error for service mobilityd (chunk 0)! [StatusCode.DEADLINE_EXCEEDED] Deadline Exceeded
Apr 26 18:04:55 localhost magmad[3442157]: ERROR:root:Metrics upload error for service mme (chunk 0)! [StatusCode.DEADLINE_EXCEEDED] Deadline Exceeded
Apr 26 18:04:55 localhost magmad[3442157]: ERROR:root:Metrics upload error for service magmad (chunk 0)! [StatusCode.DEADLINE_EXCEEDED] Deadline Exceeded
Apr 26 18:04:55 localhost magmad[3442157]: ERROR:root:Metrics upload error for service enodebd (chunk 0)! [StatusCode.DEADLINE_EXCEEDED] Deadline Exceeded
Apr 26 18:04:55 localhost magmad[3442157]: ERROR:root:Metrics upload error for service pipelined (chunk 0)! [StatusCode.DEADLINE_EXCEEDED] Deadline Exceeded
Apr 26 18:04:55 localhost magmad[3442157]: ERROR:root:Metrics upload error for service state (chunk 0)! [StatusCode.DEADLINE_EXCEEDED] Deadline Exceeded
Apr 26 18:04:55 localhost magmad[3442157]: ERROR:root:Metrics upload error for service sessiond (chunk 0)! [StatusCode.DEADLINE_EXCEEDED] Deadline Exceeded
Apr 26 18:04:56 localhost smsd[3442319]: INFO:root:mme non_eps_service_config is not SMS_ORC8R, sleeping.
Apr 26 18:04:56 localhost mobilityd[3442226]: INFO:root:Using GW info: {'default': {2: ('172.16.4.1', 'eth0')}, 2: [('172.16.4.1', 'eth0', True)]}
Apr 26 18:04:56 localhost mobilityd[3442226]: INFO:root:GW-v6 probe: timer started
Apr 26 18:04:56 localhost magmad[3442157]: INFO:root:[SyncRPC] Got heartBeat from cloud
Apr 26 18:05:00 localhost sctpd[3442494]: I0426 18:05:00.759241 3442939 sctp_connection.cpp:195] Unhandled notification type 32776
Apr 26 18:05:01 localhost smsd[3442319]: INFO:root:mme non_eps_service_config is not SMS_ORC8R, sleeping.
Apr 26 18:05:02 localhost dhclient[601]: DHCPREQUEST for 172.16.5.121 on eth1 to 172.16.5.2 port 67 (xid=0x1ea11b90)
Apr 26 18:05:06 localhost magmad[3442157]: INFO:root:Setting logging level to INFO
Apr 26 18:05:06 localhost smsd[3442319]: INFO:root:mme non_eps_service_config is not SMS_ORC8R, sleeping.
Apr 26 18:05:10 localhost sctpd[3442494]: I0426 18:05:10.729698 3442939 sctp_connection.cpp:195] Unhandled notification type 32777
Apr 26 18:05:11 localhost smsd[3442319]: INFO:root:mme non_eps_service_config is not SMS_ORC8R, sleeping.
Apr 26 18:05:13 localhost dhclient[601]: DHCPREQUEST for 172.16.5.121 on eth1 to 172.16.5.2 port 67 (xid=0x1ea11b90)
Apr 26 18:05:14 localhost sctpd[3442494]: I0426 18:05:14.001366 3442939 sctp_connection.cpp:195] Unhandled notification type 32777
Apr 26 18:05:16 localhost smsd[3442319]: INFO:root:mme non_eps_service_config is not SMS_ORC8R, sleeping.
Apr 26 18:05:16 localhost mobilityd[3442226]: INFO:root:Using GW info: {'default': {2: ('172.16.4.1', 'eth0')}, 2: [('172.16.4.1', 'eth0', True)]}
Apr 26 18:05:16 localhost mobilityd[3442226]: INFO:root:GW-v6 probe: timer started
Apr 26 18:05:20 localhost dhclient[601]: DHCPREQUEST for 172.16.5.121 on eth1 to 172.16.5.2 port 67 (xid=0x1ea11b90)
Apr 26 18:05:21 localhost smsd[3442319]: INFO:root:mme non_eps_service_config is not SMS_ORC8R, sleeping.
Apr 26 18:05:25 localhost control_proxy[3442397]: 2022-04-26T18:05:24.703Z [127.0.0.1 -> state-controller.magmasi.wavelabs.in,8443] "POST /magma.orc8r.StateService/ReportStates HTTP/2" 200 5bytes 0.513s
Apr 26 18:05:25 localhost magmad[3442157]: INFO:root:Checkin Successful! Successfully sent states to the cloud!
Apr 26 18:05:26 localhost smsd[3442319]: INFO:root:mme non_eps_service_config is not SMS_ORC8R, sleeping.
Apr 26 18:05:31 localhost smsd[3442319]: INFO:root:mme non_eps_service_config is not SMS_ORC8R, sleeping.
Apr 26 18:05:33 localhost dhclient[601]: DHCPREQUEST for 172.16.5.121 on eth1 to 172.16.5.2 port 67 (xid=0x1ea11b90)
Apr 26 18:05:36 localhost sctpd[3442494]: I0426 18:05:36.169778 3442939 sctp_connection.cpp:195] Unhandled notification type 32776
Apr 26 18:05:36 localhost sctpd[3442494]: I0426 18:05:36.325299 3442939 sctp_connection.cpp:195] Unhandled notification type 32776
Apr 26 18:05:36 localhost smsd[3442319]: INFO:root:mme non_eps_service_config is not SMS_ORC8R, sleeping.
Apr 26 18:05:36 localhost mobilityd[3442226]: INFO:root:Using GW info: {'default': {2: ('172.16.4.1', 'eth0')}, 2: [('172.16.4.1', 'eth0', True)]}
Apr 26 18:05:36 localhost mobilityd[3442226]: INFO:root:GW-v6 probe: timer started
Apr 26 18:05:37 localhost control_proxy[3442397]: 2022-04-26T18:05:36.827Z [127.0.0.1 -> streamer-controller.magmasi.wavelabs.in,8443] "POST /magma.orc8r.Streamer/GetUpdates HTTP/2" 200 173bytes 0.530s
Apr 26 18:05:37 localhost policydb[3442303]: INFO:root:Processing 4 policy updates (resync=True)
Apr 26 18:05:37 localhost sctpd[3442494]: I0426 18:05:37.386821 3442939 sctp_connection.cpp:195] Unhandled notification type 32777
Apr 26 18:05:37 localhost sctpd[3442494]: I0426 18:05:37.496109 3442939 sctp_connection.cpp:195] Unhandled notification type 32777
Apr 26 18:05:37 localhost control_proxy[3442397]: 2022-04-26T18:05:37.360Z [127.0.0.1 -> streamer-controller.magmasi.wavelabs.in,8443] "POST /magma.orc8r.Streamer/GetUpdates HTTP/2" 200 7bytes 0.274s
Apr 26 18:05:37 localhost policydb[3442303]: INFO:root:Processing 0 basename -> policy updates
Apr 26 18:05:37 localhost control_proxy[3442397]: 2022-04-26T18:05:37.360Z [127.0.0.1 -> streamer-controller.magmasi.wavelabs.in,8443] "POST /magma.orc8r.Streamer/GetUpdates HTTP/2" 200 13536bytes 0.303s
Apr 26 18:05:37 localhost policydb[3442303]: INFO:root:Processing 223 SID -> apn -> policy updates
Apr 26 18:05:38 localhost control_proxy[3442397]: 2022-04-26T18:05:37.360Z [127.0.0.1 -> streamer-controller.magmasi.wavelabs.in,8443] "POST /magma.orc8r.Streamer/GetUpdates HTTP/2" 200 7bytes 0.264s
Apr 26 18:05:38 localhost policydb[3442303]: INFO:root:Processing 0 rating group updates
Apr 26 18:05:41 localhost dhclient[601]: DHCPREQUEST for 172.16.5.121 on eth1 to 172.16.5.2 port 67 (xid=0x1ea11b90)
Apr 26 18:05:41 localhost smsd[3442319]: INFO:root:mme non_eps_service_config is not SMS_ORC8R, sleeping.
Apr 26 18:05:51 localhost smsd[3442319]: message repeated 2 times: [ INFO:root:mme non_eps_service_config is not SMS_ORC8R, sleeping.]
Apr 26 18:05:52 localhost dhclient[601]: DHCPREQUEST for 172.16.5.121 on eth1 to 172.16.5.2 port 67 (xid=0x1ea11b90)
Apr 26 18:05:55 localhost magmad[3442157]: ERROR:root:Metrics upload error for service subscriberdb (chunk 0)! [StatusCode.DEADLINE_EXCEEDED] Deadline Exceeded
Apr 26 18:05:55 localhost magmad[3442157]: ERROR:root:Metrics upload error for service mobilityd (chunk 0)! [StatusCode.DEADLINE_EXCEEDED] Deadline Exceeded
Apr 26 18:05:55 localhost magmad[3442157]: ERROR:root:Metrics upload error for service mme (chunk 0)! [StatusCode.DEADLINE_EXCEEDED] Deadline Exceeded
Apr 26 18:05:55 localhost magmad[3442157]: ERROR:root:Metrics upload error for service magmad (chunk 0)! [StatusCode.DEADLINE_EXCEEDED] Deadline Exceeded
Apr 26 18:05:55 localhost magmad[3442157]: ERROR:root:Metrics upload error for service enodebd (chunk 0)! [StatusCode.DEADLINE_EXCEEDED] Deadline Exceeded
Apr 26 18:05:55 localhost magmad[3442157]: ERROR:root:Metrics upload error for service pipelined (chunk 0)! [StatusCode.DEADLINE_EXCEEDED] Deadline Exceeded
Apr 26 18:05:55 localhost magmad[3442157]: ERROR:root:Metrics upload error for service state (chunk 0)! [StatusCode.DEADLINE_EXCEEDED] Deadline Exceeded
Apr 26 18:05:55 localhost magmad[3442157]: ERROR:root:Metrics upload error for service sessiond (chunk 0)! [StatusCode.DEADLINE_EXCEEDED] Deadline Exceeded
Apr 26 18:05:56 localhost smsd[3442319]: INFO:root:mme non_eps_service_config is not SMS_ORC8R, sleeping.
Apr 26 18:05:56 localhost mobilityd[3442226]: INFO:root:Using GW info: {'default': {2: ('172.16.4.1', 'eth0')}, 2: [('172.16.4.1', 'eth0', True)]}
Apr 26 18:05:56 localhost mobilityd[3442226]: INFO:root:GW-v6 probe: timer started
Apr 26 18:05:56 localhost magmad[3442157]: INFO:root:[SyncRPC] Got heartBeat from cloud
Apr 26 18:05:59 localhost control_proxy[3442397]: 2022-04-26T18:04:59.256Z [127.0.0.1 -> streamer-controller.magmasi.wavelabs.in,8443] "POST /magma.orc8r.Streamer/GetUpdates HTTP/2" 200 0bytes 60.259s
Apr 26 18:05:59 localhost magmad[3442157]: ERROR:root:Error! Streaming from the cloud failed! [StatusCode.ABORTED] error while streaming updates: rpc error: code = DeadlineExceeded desc = context deadline exceeded
Apr 26 18:05:59 localhost sctpd[3442494]: I0426 18:05:59.672663 3442939 sctp_connection.cpp:195] Unhandled notification type 32776
Apr 26 18:06:00 localhost sctpd[3442494]: I0426 18:06:00.735303 3442939 sctp_connection.cpp:195] Unhandled notification type 32777
Apr 26 18:06:01 localhost smsd[3442319]: INFO:root:mme non_eps_service_config is not SMS_ORC8R, sleeping.
Apr 26 18:06:05 localhost subscriberdb[3442225]: INFO:root:get digest stored in gateway:
Apr 26 18:06:06 localhost control_proxy[3442397]: 2022-04-26T18:06:05.689Z [127.0.0.1 -> subscriberdb-controller.magmasi.wavelabs.in,8443] "POST /magma.lte.SubscriberDBCloud/CheckInSync HTTP/2" 200 0bytes 0.504s
Apr 26 18:06:06 localhost subscriberdb[3442225]: ERROR:root:Internal Error in subscriberdb-Orc8r communication. If AGW and Orc8r are deployed at a commit hash, upgrade AGW and Orc8r to latest commit hash.
Apr 26 18:06:06 localhost control_proxy[3442397]: 2022-04-26T18:06:06.196Z [127.0.0.1 -> subscriberdb-controller.magmasi.wavelabs.in,8443] "POST /magma.lte.SubscriberDBCloud/Sync HTTP/2" 200 0bytes 0.250s
Apr 26 18:06:06 localhost subscriberdb[3442225]: ERROR:root:Internal Error in subscriberdb-Orc8r communication. If AGW and Orc8r are deployed at a commit hash, upgrade AGW and Orc8r to latest commit hash.
Apr 26 18:06:06 localhost smsd[3442319]: INFO:root:mme non_eps_service_config is not SMS_ORC8R, sleeping.
Apr 26 18:06:06 localhost control_proxy[3442397]: 2022-04-26T18:06:06.196Z [127.0.0.1 -> subscriberdb-controller.magmasi.wavelabs.in,8443] "POST /magma.lte.SubscriberDBCloud/ListSubscribers HTTP/2" 200 44180bytes 0.329s
Apr 26 18:06:06 localhost subscriberdb[3442225]: INFO:root:Successfully fetched all subscriber pages from the cloud!
Apr 26 18:06:07 localhost subscriberdb[3442225]: INFO:root:update root digest stored in gateway:
Apr 26 18:06:09 localhost dhclient[601]: DHCPREQUEST for 172.16.5.121 on eth1 to 172.16.5.2 port 67 (xid=0x1ea11b90)
Apr 26 18:06:11 localhost smsd[3442319]: INFO:root:mme non_eps_service_config is not SMS_ORC8R, sleeping.
Apr 26 18:06:16 localhost smsd[3442319]: INFO:root:mme non_eps_service_config is not SMS_ORC8R, sleeping.
Apr 26 18:06:16 localhost mobilityd[3442226]: INFO:root:Using GW info: {'default': {2: ('172.16.4.1', 'eth0')}, 2: [('172.16.4.1', 'eth0', True)]}
Apr 26 18:06:16 localhost mobilityd[3442226]: INFO:root:GW-v6 probe: timer started
Apr 26 18:06:18 localhost dhclient[601]: DHCPREQUEST for 172.16.5.121 on eth1 to 172.16.5.2 port 67 (xid=0x1ea11b90)
Apr 26 18:06:21 localhost smsd[3442319]: INFO:root:mme non_eps_service_config is not SMS_ORC8R, sleeping.
Apr 26 18:06:22 localhost sctpd[3442494]: I0426 18:06:22.949371 3442939 sctp_connection.cpp:195] Unhandled notification type 32776
Apr 26 18:06:24 localhost sctpd[3442494]: I0426 18:06:24.008790 3442939 sctp_connection.cpp:195] Unhandled notification type 32777
Apr 26 18:06:25 localhost magmad[3442157]: INFO:root:Setting logging level to INFO
Apr 26 18:06:26 localhost smsd[3442319]: INFO:root:mme non_eps_service_config is not SMS_ORC8R, sleeping.
Apr 26 18:06:31 localhost smsd[3442319]: INFO:root:mme non_eps_service_config is not SMS_ORC8R, sleeping.
Apr 26 18:06:34 localhost dhclient[601]: DHCPREQUEST for 172.16.5.121 on eth1 to 172.16.5.2 port 67 (xid=0x1ea11b90)
Apr 26 18:06:36 localhost smsd[3442319]: INFO:root:mme non_eps_service_config is not SMS_ORC8R, sleeping.
Apr 26 18:06:36 localhost mobilityd[3442226]: INFO:root:Using GW info: {'default': {2: ('172.16.4.1', 'eth0')}, 2: [('172.16.4.1', 'eth0', True)]}
Apr 26 18:06:36 localhost mobilityd[3442226]: INFO:root:GW-v6 probe: timer started
Apr 26 18:06:38 localhost systemd[1]: session-5035.scope: Succeeded.
Apr 26 18:06:38 localhost control_proxy[3442397]: 2022-04-26T18:06:38.274Z [127.0.0.1 -> streamer-controller.magmasi.wavelabs.in,8443] "POST /magma.orc8r.Streamer/GetUpdates HTTP/2" 200 173bytes 0.530s
Apr 26 18:06:38 localhost policydb[3442303]: INFO:root:Processing 4 policy updates (resync=True)
Apr 26 18:06:39 localhost control_proxy[3442397]: 2022-04-26T18:06:38.274Z [127.0.0.1 -> streamer-controller.magmasi.wavelabs.in,8443] "POST /magma.orc8r.Streamer/GetUpdates HTTP/2" 200 7bytes 0.275s
Apr 26 18:06:39 localhost policydb[3442303]: INFO:root:Processing 0 basename -> policy updates
Apr 26 18:06:39 localhost control_proxy[3442397]: 2022-04-26T18:06:39.086Z [127.0.0.1 -> streamer-controller.magmasi.wavelabs.in,8443] "POST /magma.orc8r.Streamer/GetUpdates HTTP/2" 200 13536bytes 0.312s
Apr 26 18:06:39 localhost policydb[3442303]: INFO:root:Processing 223 SID -> apn -> policy updates
Apr 26 18:06:39 localhost control_proxy[3442397]: 2022-04-26T18:06:39.086Z [127.0.0.1 -> streamer-controller.magmasi.wavelabs.in,8443] "POST /magma.orc8r.Streamer/GetUpdates HTTP/2" 200 7bytes 0.267s
Apr 26 18:06:39 localhost policydb[3442303]: INFO:root:Processing 0 rating group updates
Apr 26 18:06:41 localhost smsd[3442319]: INFO:root:mme non_eps_service_config is not SMS_ORC8R, sleeping.
Apr 26 18:06:43 localhost dhclient[601]: DHCPREQUEST for 172.16.5.121 on eth1 to 172.16.5.2 port 67 (xid=0x1ea11b90)
Apr 26 18:06:44 localhost control_proxy[3442397]: 2022-04-26T18:06:44.231Z [127.0.0.1 -> state-controller.magmasi.wavelabs.in,8443] "POST /magma.orc8r.StateService/ReportStates HTTP/2" 200 5bytes 0.401s
Apr 26 18:06:44 localhost magmad[3442157]: INFO:root:Checkin Successful! Successfully sent states to the cloud!
Apr 26 18:06:46 localhost sctpd[3442494]: I0426 18:06:46.203078 3442939 sctp_connection.cpp:195] Unhandled notification type 32776
Apr 26 18:06:46 localhost smsd[3442319]: INFO:root:mme non_eps_service_config is not SMS_ORC8R, sleeping.
Apr 26 18:06:47 localhost sctpd[3442494]: I0426 18:06:47.262564 3442939 sctp_connection.cpp:195] Unhandled notification type 32777
Apr 26 18:06:48 localhost systemd[1]: Stopping User Manager for UID 1000...
Apr 26 18:06:48 localhost systemd[3435257]: Stopped target Main User Target.
Apr 26 18:06:48 localhost systemd[3435257]: Stopped target Basic System.
Apr 26 18:06:48 localhost systemd[3435257]: Stopped target Paths.
Apr 26 18:06:48 localhost systemd[3435257]: Stopped target Sockets.
Apr 26 18:06:48 localhost systemd[3435257]: Stopped target Timers.
Apr 26 18:06:48 localhost systemd[3435257]: dbus.socket: Succeeded.
Apr 26 18:06:48 localhost systemd[3435257]: Closed D-Bus User Message Bus Socket.
Apr 26 18:06:48 localhost systemd[3435257]: dirmngr.socket: Succeeded.
Apr 26 18:06:48 localhost systemd[3435257]: Closed GnuPG network certificate management daemon.
Apr 26 18:06:48 localhost systemd[3435257]: gpg-agent-browser.socket: Succeeded.
Apr 26 18:06:48 localhost systemd[3435257]: Closed GnuPG cryptographic agent and passphrase cache (access for web browsers).
Apr 26 18:06:48 localhost systemd[3435257]: gpg-agent-extra.socket: Succeeded.
Apr 26 18:06:48 localhost systemd[3435257]: Closed GnuPG cryptographic agent and passphrase cache (restricted).
Apr 26 18:06:48 localhost systemd[3435257]: gpg-agent-ssh.socket: Succeeded.
Apr 26 18:06:48 localhost systemd[3435257]: Closed GnuPG cryptographic agent (ssh-agent emulation).
Apr 26 18:06:48 localhost systemd[3435257]: gpg-agent.socket: Succeeded.
Apr 26 18:06:48 localhost systemd[3435257]: Closed GnuPG cryptographic agent and passphrase cache.
Apr 26 18:06:48 localhost systemd[3435257]: pk-debconf-helper.socket: Succeeded.
Apr 26 18:06:48 localhost systemd[3435257]: Closed debconf communication socket.
Apr 26 18:06:48 localhost systemd[3435257]: snapd.session-agent.socket: Succeeded.
Apr 26 18:06:48 localhost systemd[3435257]: Closed REST API socket for snapd user session agent.
Apr 26 18:06:48 localhost systemd[3435257]: Reached target Shutdown.
Apr 26 18:06:48 localhost systemd[3435257]: systemd-exit.service: Succeeded.
Apr 26 18:06:48 localhost systemd[3435257]: Finished Exit the Session.
Apr 26 18:06:48 localhost systemd[3435257]: Reached target Exit the Session.
Apr 26 18:06:48 localhost systemd[1]: user@1000.service: Succeeded.
Apr 26 18:06:48 localhost systemd[1]: Stopped User Manager for UID 1000.
Apr 26 18:06:48 localhost systemd[1]: Stopping User Runtime Directory /run/user/1000...
Apr 26 18:06:48 localhost systemd[1]: run-user-1000.mount: Succeeded.
Apr 26 18:06:48 localhost systemd[1]: user-runtime-dir@1000.service: Succeeded.
Apr 26 18:06:48 localhost systemd[1]: Stopped User Runtime Directory /run/user/1000.
Apr 26 18:06:48 localhost systemd[1]: Removed slice User Slice of UID 1000.
Apr 26 18:06:48 localhost systemd[3117]: run-user-1000.mount: Succeeded.
Apr 26 18:06:51 localhost smsd[3442319]: INFO:root:mme non_eps_service_config is not SMS_ORC8R, sleeping.
Apr 26 18:06:54 localhost dhclient[601]: DHCPREQUEST for 172.16.5.121 on eth1 to 172.16.5.2 port 67 (xid=0x1ea11b90)
Apr 26 18:06:56 localhost mobilityd[3442226]: INFO:root:Using GW info: {'default': {2: ('172.16.4.1', 'eth0')}, 2: [('172.16.4.1', 'eth0', True)]}
Apr 26 18:06:56 localhost mobilityd[3442226]: INFO:root:GW-v6 probe: timer started
Apr 26 18:06:56 localhost magmad[3442157]: INFO:root:[SyncRPC] Got heartBeat from cloud
Apr 26 18:06:56 localhost smsd[3442319]: INFO:root:mme non_eps_service_config is not SMS_ORC8R, sleeping.
Apr 26 18:07:02 localhost smsd[3442319]: INFO:root:mme non_eps_service_config is not SMS_ORC8R, sleeping.
Apr 26 18:07:05 localhost dhclient[601]: DHCPREQUEST for 172.16.5.121 on eth1 to 172.16.5.2 port 67 (xid=0x1ea11b90)
Apr 26 18:07:07 localhost smsd[3442319]: INFO:root:mme non_eps_service_config is not SMS_ORC8R, sleeping.
Apr 26 18:07:09 localhost sctpd[3442494]: I0426 18:07:09.546331 3442939 sctp_connection.cpp:195] Unhandled notification type 32776
Apr 26 18:07:09 localhost sctpd[3442494]: I0426 18:07:09.711787 3442939 sctp_connection.cpp:195] Unhandled notification type 32776
Apr 26 18:07:10 localhost sctpd[3442494]: I0426 18:07:10.770975 3442939 sctp_connection.cpp:195] Unhandled notification type 32777
Apr 26 18:07:10 localhost sctpd[3442494]: I0426 18:07:10.882593 3442939 sctp_connection.cpp:195] Unhandled notification type 32777
Apr 26 18:07:12 localhost smsd[3442319]: INFO:root:mme non_eps_service_config is not SMS_ORC8R, sleeping.
Apr 26 18:07:14 localhost magmad[3442157]: ERROR:root:Metrics upload error for service subscriberdb (chunk 0)! [StatusCode.DEADLINE_EXCEEDED] Deadline Exceeded
Apr 26 18:07:14 localhost magmad[3442157]: ERROR:root:Metrics upload error for service mobilityd (chunk 0)! [StatusCode.DEADLINE_EXCEEDED] Deadline Exceeded
Apr 26 18:07:14 localhost magmad[3442157]: ERROR:root:Metrics upload error for service mme (chunk 0)! [StatusCode.DEADLINE_EXCEEDED] Deadline Exceeded
Apr 26 18:07:14 localhost magmad[3442157]: ERROR:root:Metrics upload error for service magmad (chunk 0)! [StatusCode.DEADLINE_EXCEEDED] Deadline Exceeded
Apr 26 18:07:14 localhost magmad[3442157]: ERROR:root:Metrics upload error for service enodebd (chunk 0)! [StatusCode.DEADLINE_EXCEEDED] Deadline Exceeded
Apr 26 18:07:14 localhost magmad[3442157]: ERROR:root:Metrics upload error for service pipelined (chunk 0)! [StatusCode.DEADLINE_EXCEEDED] Deadline Exceeded
Apr 26 18:07:14 localhost magmad[3442157]: ERROR:root:Metrics upload error for service state (chunk 0)! [StatusCode.DEADLINE_EXCEEDED] Deadline Exceeded
Apr 26 18:07:14 localhost magmad[3442157]: ERROR:root:Metrics upload error for service sessiond (chunk 0)! [StatusCode.DEADLINE_EXCEEDED] Deadline Exceeded
Apr 26 18:07:15 localhost dhclient[601]: DHCPREQUEST for 172.16.5.121 on eth1 to 172.16.5.2 port 67 (xid=0x1ea11b90)
Apr 26 18:07:16 localhost mobilityd[3442226]: INFO:root:Using GW info: {'default': {2: ('172.16.4.1', 'eth0')}, 2: [('172.16.4.1', 'eth0', True)]}
Apr 26 18:07:16 localhost mobilityd[3442226]: INFO:root:GW-v6 probe: timer started
Apr 26 18:07:17 localhost smsd[3442319]: INFO:root:mme non_eps_service_config is not SMS_ORC8R, sleeping.
Apr 26 18:07:22 localhost smsd[3442319]: INFO:root:mme non_eps_service_config is not SMS_ORC8R, sleeping.
Apr 26 18:07:26 localhost dhclient[601]: DHCPREQUEST for 172.16.5.121 on eth1 to 172.16.5.2 port 67 (xid=0x1ea11b90)
Apr 26 18:07:27 localhost smsd[3442319]: INFO:root:mme non_eps_service_config is not SMS_ORC8R, sleeping.
Apr 26 18:07:32 localhost smsd[3442319]: INFO:root:mme non_eps_service_config is not SMS_ORC8R, sleeping.
Apr 26 18:07:33 localhost sctpd[3442494]: I0426 18:07:33.144840 3442939 sctp_connection.cpp:195] Unhandled notification type 32776
Apr 26 18:07:34 localhost sctpd[3442494]: I0426 18:07:34.219381 3442939 sctp_connection.cpp:195] Unhandled notification type 32777
Apr 26 18:07:36 localhost mobilityd[3442226]: INFO:root:Using GW info: {'default': {2: ('172.16.4.1', 'eth0')}, 2: [('172.16.4.1', 'eth0', True)]}
Apr 26 18:07:36 localhost mobilityd[3442226]: INFO:root:GW-v6 probe: timer started
Apr 26 18:07:37 localhost dhclient[601]: DHCPREQUEST for 172.16.5.121 on eth1 to 172.16.5.2 port 67 (xid=0x1ea11b90)
Apr 26 18:07:37 localhost smsd[3442319]: INFO:root:mme non_eps_service_config is not SMS_ORC8R, sleeping.
Apr 26 18:07:40 localhost control_proxy[3442397]: 2022-04-26T18:07:39.735Z [127.0.0.1 -> streamer-controller.magmasi.wavelabs.in,8443] "POST /magma.orc8r.Streamer/GetUpdates HTTP/2" 200 173bytes 0.536s
Apr 26 18:07:40 localhost policydb[3442303]: INFO:root:Processing 4 policy updates (resync=True)
Apr 26 18:07:40 localhost control_proxy[3442397]: 2022-04-26T18:07:40.278Z [127.0.0.1 -> streamer-controller.magmasi.wavelabs.in,8443] "POST /magma.orc8r.Streamer/GetUpdates HTTP/2" 200 7bytes 0.276s
Apr 26 18:07:40 localhost policydb[3442303]: INFO:root:Processing 0 basename -> policy updates
Apr 26 18:07:40 localhost control_proxy[3442397]: 2022-04-26T18:07:40.278Z [127.0.0.1 -> streamer-controller.magmasi.wavelabs.in,8443] "POST /magma.orc8r.Streamer/GetUpdates HTTP/2" 200 13536bytes 0.297s
Apr 26 18:07:40 localhost policydb[3442303]: INFO:root:Processing 223 SID -> apn -> policy updates
Apr 26 18:07:41 localhost control_proxy[3442397]: 2022-04-26T18:07:40.278Z [127.0.0.1 -> streamer-controller.magmasi.wavelabs.in,8443] "POST /magma.orc8r.Streamer/GetUpdates HTTP/2" 200 7bytes 0.273s
Apr 26 18:07:41 localhost policydb[3442303]: INFO:root:Processing 0 rating group updates
Apr 26 18:07:42 localhost smsd[3442319]: INFO:root:mme non_eps_service_config is not SMS_ORC8R, sleeping.
Apr 26 18:07:45 localhost magmad[3442157]: INFO:root:Setting logging level to INFO
Apr 26 18:07:47 localhost smsd[3442319]: INFO:root:mme non_eps_service_config is not SMS_ORC8R, sleeping.
Apr 26 18:07:52 localhost smsd[3442319]: INFO:root:mme non_eps_service_config is not SMS_ORC8R, sleeping.
Apr 26 18:07:56 localhost sctpd[3442494]: I0426 18:07:56.373842 3442939 sctp_connection.cpp:195] Unhandled notification type 32776
Apr 26 18:07:56 localhost magmad[3442157]: INFO:root:[SyncRPC] Got heartBeat from cloud
Apr 26 18:07:56 localhost mobilityd[3442226]: INFO:root:Using GW info: {'default': {2: ('172.16.4.1', 'eth0')}, 2: [('172.16.4.1', 'eth0', True)]}
Apr 26 18:07:56 localhost mobilityd[3442226]: INFO:root:GW-v6 probe: timer started
Apr 26 18:07:57 localhost smsd[3442319]: INFO:root:mme non_eps_service_config is not SMS_ORC8R, sleeping.
Apr 26 18:07:57 localhost sctpd[3442494]: I0426 18:07:57.435989 3442939 sctp_connection.cpp:195] Unhandled notification type 32777
Apr 26 18:07:57 localhost dhclient[601]: DHCPREQUEST for 172.16.5.121 on eth1 to 172.16.5.2 port 67 (xid=0x1ea11b90)
Apr 26 18:07:59 localhost control_proxy[3442397]: 2022-04-26T18:06:59.567Z [127.0.0.1 -> streamer-controller.magmasi.wavelabs.in,8443] "POST /magma.orc8r.Streamer/GetUpdates HTTP/2" 200 0bytes 60.258s
Apr 26 18:07:59 localhost magmad[3442157]: ERROR:root:Error! Streaming from the cloud failed! [StatusCode.ABORTED] error while streaming updates: rpc error: code = DeadlineExceeded desc = context deadline exceeded
Apr 26 18:08:02 localhost smsd[3442319]: INFO:root:mme non_eps_service_config is not SMS_ORC8R, sleeping.
Apr 26 18:08:04 localhost control_proxy[3442397]: 2022-04-26T18:08:03.887Z [127.0.0.1 -> state-controller.magmasi.wavelabs.in,8443] "POST /magma.orc8r.StateService/ReportStates HTTP/2" 200 5bytes 0.275s
Apr 26 18:08:04 localhost magmad[3442157]: INFO:root:Checkin Successful! Successfully sent states to the cloud!
Apr 26 18:08:07 localhost smsd[3442319]: INFO:root:mme non_eps_service_config is not SMS_ORC8R, sleeping.
Apr 26 18:08:12 localhost smsd[3442319]: INFO:root:mme non_eps_service_config is not SMS_ORC8R, sleeping.
Apr 26 18:08:13 localhost dhclient[601]: DHCPREQUEST for 172.16.5.121 on eth1 to 172.16.5.2 port 67 (xid=0x1ea11b90)
Apr 26 18:08:14 localhost magmad[3442157]: ERROR:root:Metrics upload error for service subscriberdb (chunk 0)! [StatusCode.DEADLINE_EXCEEDED] Deadline Exceeded
Apr 26 18:08:14 localhost magmad[3442157]: ERROR:root:Metrics upload error for service mobilityd (chunk 0)! [StatusCode.DEADLINE_EXCEEDED] Deadline Exceeded
Apr 26 18:08:14 localhost magmad[3442157]: ERROR:root:Metrics upload error for service mme (chunk 0)! [StatusCode.DEADLINE_EXCEEDED] Deadline Exceeded
Apr 26 18:08:14 localhost magmad[3442157]: ERROR:root:Metrics upload error for service magmad (chunk 0)! [StatusCode.DEADLINE_EXCEEDED] Deadline Exceeded
Apr 26 18:08:14 localhost magmad[3442157]: ERROR:root:Metrics upload error for service enodebd (chunk 0)! [StatusCode.DEADLINE_EXCEEDED] Deadline Exceeded
Apr 26 18:08:14 localhost magmad[3442157]: ERROR:root:Metrics upload error for service pipelined (chunk 0)! [StatusCode.DEADLINE_EXCEEDED] Deadline Exceeded
Apr 26 18:08:14 localhost magmad[3442157]: ERROR:root:Metrics upload error for service state (chunk 0)! [StatusCode.DEADLINE_EXCEEDED] Deadline Exceeded
Apr 26 18:08:14 localhost magmad[3442157]: ERROR:root:Metrics upload error for service sessiond (chunk 0)! [StatusCode.DEADLINE_EXCEEDED] Deadline Exceeded
Apr 26 18:08:16 localhost mobilityd[3442226]: INFO:root:Using GW info: {'default': {2: ('172.16.4.1', 'eth0')}, 2: [('172.16.4.1', 'eth0', True)]}
Apr 26 18:08:16 localhost mobilityd[3442226]: INFO:root:GW-v6 probe: timer started
Apr 26 18:08:17 localhost smsd[3442319]: INFO:root:mme non_eps_service_config is not SMS_ORC8R, sleeping.
Apr 26 18:08:22 localhost smsd[3442319]: INFO:root:mme non_eps_service_config is not SMS_ORC8R, sleeping.
Apr 26 18:08:22 localhost sctpd[3442494]: I0426 18:08:22.693158 3442939 sctp_connection.cpp:195] Unhandled notification type 32776
Apr 26 18:08:22 localhost sctpd[3442494]: I0426 18:08:22.827037 3442939 sctp_connection.cpp:195] Unhandled notification type 32776
Apr 26 18:08:23 localhost dhclient[601]: DHCPREQUEST for 172.16.5.121 on eth1 to 172.16.5.2 port 67 (xid=0x1ea11b90)
Apr 26 18:08:23 localhost sctpd[3442494]: I0426 18:08:23.882541 3442939 sctp_connection.cpp:195] Unhandled notification type 32777
Apr 26 18:08:23 localhost sctpd[3442494]: I0426 18:08:23.992911 3442939 sctp_connection.cpp:195] Unhandled notification type 32777
Apr 26 18:08:24 localhost sctpd[3442494]: I0426 18:08:24.210441 3442939 sctp_connection.cpp:195] Unhandled notification type 32777
Apr 26 18:08:24 localhost sctpd[3442494]: I0426 18:08:24.320387 3442939 sctp_connection.cpp:195] Unhandled notification type 32777
Apr 26 18:08:24 localhost mme[3442898]: [DEBUG] Sending S6A-UPDATE_LOCATION_REQUEST with IMSI: 222700000000001
Apr 26 18:08:24 localhost mme[3442898]: [INFO] Received S6A-LOCATION-UPDATE_ANSWER for IMSI: 222700000000001; Status: ; StatusCode: 2001
Apr 26 18:08:24 localhost mme[3442898]: [INFO] sent itti S6A-LOCATION-UPDATE_ANSWER for IMSI: 222700000000001
Apr 26 18:08:24 localhost sctpd[3442494]: I0426 18:08:24.433387 3442939 sctp_connection.cpp:195] Unhandled notification type 32777
Apr 26 18:08:26 localhost sctpd[3442494]: I0426 18:08:26.053737 3442939 sctp_connection.cpp:195] Unhandled notification type 32777
Apr 26 18:08:27 localhost smsd[3442319]: INFO:root:mme non_eps_service_config is not SMS_ORC8R, sleeping.
Apr 26 18:08:30 localhost sctpd[3442494]: I0426 18:08:30.235837 3442939 sctp_connection.cpp:195] Unhandled notification type 32777
Apr 26 18:08:30 localhost sctpd[3442494]: I0426 18:08:30.350710 3442939 sctp_connection.cpp:195] Unhandled notification type 32777
Apr 26 18:08:30 localhost mme[3442898]: [DEBUG] Sending S6A-UPDATE_LOCATION_REQUEST with IMSI: 222700000000001
Apr 26 18:08:30 localhost mme[3442898]: [INFO] Received S6A-LOCATION-UPDATE_ANSWER for IMSI: 222700000000001; Status: ; StatusCode: 2001
Apr 26 18:08:30 localhost mme[3442898]: [INFO] sent itti S6A-LOCATION-UPDATE_ANSWER for IMSI: 222700000000001
Apr 26 18:08:30 localhost sctpd[3442494]: I0426 18:08:30.458772 3442939 sctp_connection.cpp:195] Unhandled notification type 32777
Apr 26 18:08:32 localhost smsd[3442319]: INFO:root:mme non_eps_service_config is not SMS_ORC8R, sleeping.
Apr 26 18:08:32 localhost sctpd[3442494]: I0426 18:08:32.880331 3442939 sctp_connection.cpp:195] Unhandled notification type 32777
Apr 26 18:08:35 localhost dhclient[601]: DHCPREQUEST for 172.16.5.121 on eth1 to 172.16.5.2 port 67 (xid=0x1ea11b90)
Apr 26 18:08:36 localhost mobilityd[3442226]: INFO:root:Using GW info: {'default': {2: ('172.16.4.1', 'eth0')}, 2: [('172.16.4.1', 'eth0', True)]}
Apr 26 18:08:36 localhost mobilityd[3442226]: INFO:root:GW-v6 probe: timer started
Apr 26 18:08:37 localhost smsd[3442319]: INFO:root:mme non_eps_service_config is not SMS_ORC8R, sleeping.
Apr 26 18:08:41 localhost control_proxy[3442397]: 2022-04-26T18:08:41.150Z [127.0.0.1 -> streamer-controller.magmasi.wavelabs.in,8443] "POST /magma.orc8r.Streamer/GetUpdates HTTP/2" 200 173bytes 0.540s
Apr 26 18:08:41 localhost policydb[3442303]: INFO:root:Processing 4 policy updates (resync=True)
Apr 26 18:08:41 localhost control_proxy[3442397]: 2022-04-26T18:08:41.150Z [127.0.0.1 -> streamer-controller.magmasi.wavelabs.in,8443] "POST /magma.orc8r.Streamer/GetUpdates HTTP/2" 200 7bytes 0.275s
Apr 26 18:08:41 localhost policydb[3442303]: INFO:root:Processing 0 basename -> policy updates
Apr 26 18:08:42 localhost control_proxy[3442397]: 2022-04-26T18:08:41.150Z [127.0.0.1 -> streamer-controller.magmasi.wavelabs.in,8443] "POST /magma.orc8r.Streamer/GetUpdates HTTP/2" 200 13536bytes 0.307s
Apr 26 18:08:42 localhost policydb[3442303]: INFO:root:Processing 223 SID -> apn -> policy updates
Apr 26 18:08:42 localhost control_proxy[3442397]: 2022-04-26T18:08:42.288Z [127.0.0.1 -> streamer-controller.magmasi.wavelabs.in,8443] "POST /magma.orc8r.Streamer/GetUpdates HTTP/2" 200 7bytes 0.271s
Apr 26 18:08:42 localhost policydb[3442303]: INFO:root:Processing 0 rating group updates
Apr 26 18:08:42 localhost smsd[3442319]: INFO:root:mme non_eps_service_config is not SMS_ORC8R, sleeping.
Apr 26 18:08:52 localhost smsd[3442319]: message repeated 2 times: [ INFO:root:mme non_eps_service_config is not SMS_ORC8R, sleeping.]
Apr 26 18:08:53 localhost sctpd[3442494]: I0426 18:08:53.291967 3442939 sctp_connection.cpp:195] Unhandled notification type 32776
Apr 26 18:08:54 localhost sctpd[3442494]: I0426 18:08:54.354912 3442939 sctp_connection.cpp:195] Unhandled notification type 32777
Apr 26 18:08:55 localhost dhclient[601]: DHCPREQUEST for 172.16.5.121 on eth1 to 172.16.5.2 port 67 (xid=0x1ea11b90)
Apr 26 18:08:56 localhost magmad[3442157]: INFO:root:[SyncRPC] Got heartBeat from cloud
Apr 26 18:08:56 localhost mobilityd[3442226]: INFO:root:Using GW info: {'default': {2: ('172.16.4.1', 'eth0')}, 2: [('172.16.4.1', 'eth0', True)]}
Apr 26 18:08:56 localhost mobilityd[3442226]: INFO:root:GW-v6 probe: timer started
Apr 26 18:08:57 localhost smsd[3442319]: INFO:root:mme non_eps_service_config is not SMS_ORC8R, sleeping.
Apr 26 18:09:02 localhost smsd[3442319]: INFO:root:mme non_eps_service_config is not SMS_ORC8R, sleeping.
Apr 26 18:09:03 localhost dhclient[601]: DHCPREQUEST for 172.16.5.121 on eth1 to 172.16.5.2 port 67 (xid=0x1ea11b90)
