Mar 10 17:12:06 localhost sctpd[954704]: I0310 17:12:06.622754 955196 sctp_connection.cpp:167] HandleClientSock sd = 68
Mar 10 17:12:06 localhost sctpd[954704]: I0310 17:12:06.622844 955196 sctp_connection.cpp:193] Unhandled notification type 32777
Mar 10 17:12:06 localhost sctpd[954704]: I0310 17:12:06.622864 955196 sctp_connection.cpp:167] HandleClientSock sd = 68
Mar 10 17:12:06 localhost sctpd[954704]: I0310 17:12:06.622886 955196 sctp_connection.cpp:220] [sd:68] msg of len 70 on 3835:1
Mar 10 17:12:06 localhost sctpd[954704]: I0310 17:12:06.826900 955196 sctp_connection.cpp:167] HandleClientSock sd = 68
Mar 10 17:12:06 localhost sctpd[954704]: I0310 17:12:06.827009 955196 sctp_connection.cpp:220] [sd:68] msg of len 72 on 3835:1
Mar 10 17:12:08 localhost smsd[954530]: INFO:root:mme non_eps_service_config is not SMS_ORC8R, sleeping.
Mar 10 17:12:13 localhost mobilityd[954428]: INFO:root:Using GW info: {'default': {2: ('172.16.4.1', 'eth0')}, 2: [('172.16.4.1', 'eth0', True)]}
Mar 10 17:12:13 localhost mobilityd[954428]: INFO:root:GW-v6 probe: timer started
Mar 10 17:12:13 localhost smsd[954530]: INFO:root:mme non_eps_service_config is not SMS_ORC8R, sleeping.
Mar 10 17:12:13 localhost dnsmasq-dhcp[954615]: DHCPDISCOVER(eth1) fa:16:3e:2a:89:3f 
Mar 10 17:12:13 localhost dnsmasq-dhcp[954615]: DHCPOFFER(eth1) 172.16.7.251 fa:16:3e:2a:89:3f 
Mar 10 17:12:14 localhost dhclient[601]: DHCPREQUEST for 172.16.5.121 on eth1 to 172.16.5.2 port 67 (xid=0x4b4058b5)
Mar 10 17:12:15 localhost control_proxy[954599]: 2022-03-10T17:12:15.052Z [127.0.0.1 -> streamer-controller.magmasi.wavelabs.in,8443] "POST /magma.orc8r.Streamer/GetUpdates HTTP/2" 200 91bytes 0.625s
Mar 10 17:12:15 localhost policydb[954502]: INFO:root:Processing 2 policy updates (resync=True)
Mar 10 17:12:15 localhost magmad[954360]: ERROR:root:Metrics upload error for service subscriberdb (chunk 0)! [StatusCode.DEADLINE_EXCEEDED] Deadline Exceeded
Mar 10 17:12:15 localhost magmad[954360]: ERROR:root:Metrics upload error for service mobilityd (chunk 0)! [StatusCode.DEADLINE_EXCEEDED] Deadline Exceeded
Mar 10 17:12:15 localhost magmad[954360]: ERROR:root:Metrics upload error for service mme (chunk 0)! [StatusCode.DEADLINE_EXCEEDED] Deadline Exceeded
Mar 10 17:12:15 localhost magmad[954360]: ERROR:root:Metrics upload error for service magmad (chunk 0)! [StatusCode.DEADLINE_EXCEEDED] Deadline Exceeded
Mar 10 17:12:15 localhost magmad[954360]: ERROR:root:Metrics upload error for service enodebd (chunk 0)! [StatusCode.DEADLINE_EXCEEDED] Deadline Exceeded
Mar 10 17:12:15 localhost magmad[954360]: ERROR:root:Metrics upload error for service pipelined (chunk 0)! [StatusCode.DEADLINE_EXCEEDED] Deadline Exceeded
Mar 10 17:12:15 localhost magmad[954360]: ERROR:root:Metrics upload error for service state (chunk 0)! [StatusCode.DEADLINE_EXCEEDED] Deadline Exceeded
Mar 10 17:12:15 localhost magmad[954360]: ERROR:root:Metrics upload error for service sessiond (chunk 0)! [StatusCode.DEADLINE_EXCEEDED] Deadline Exceeded
Mar 10 17:12:15 localhost control_proxy[954599]: 2022-03-10T17:12:15.052Z [127.0.0.1 -> streamer-controller.magmasi.wavelabs.in,8443] "POST /magma.orc8r.Streamer/GetUpdates HTTP/2" 200 7bytes 0.285s
Mar 10 17:12:15 localhost policydb[954502]: INFO:root:Processing 0 basename -> policy updates
Mar 10 17:12:16 localhost sctpd[954704]: I0310 17:12:16.115933 955196 sctp_connection.cpp:167] HandleClientSock sd = 67
Mar 10 17:12:16 localhost sctpd[954704]: I0310 17:12:16.116045 955196 sctp_connection.cpp:185] SCTP_SHUTDOWN_EVENT received
Mar 10 17:12:16 localhost sctpd[954704]: I0310 17:12:16.116056 955196 sctp_connection.cpp:280] Sending close connection for assoc_id 3834
Mar 10 17:12:16 localhost sctpd[954704]: I0310 17:12:16.164062 955196 sctp_connection.cpp:167] HandleClientSock sd = 68
Mar 10 17:12:16 localhost sctpd[954704]: I0310 17:12:16.164173 955196 sctp_connection.cpp:185] SCTP_SHUTDOWN_EVENT received
Mar 10 17:12:16 localhost sctpd[954704]: I0310 17:12:16.164186 955196 sctp_connection.cpp:280] Sending close connection for assoc_id 3835
Mar 10 17:12:16 localhost control_proxy[954599]: 2022-03-10T17:12:15.052Z [127.0.0.1 -> streamer-controller.magmasi.wavelabs.in,8443] "POST /magma.orc8r.Streamer/GetUpdates HTTP/2" 200 5113bytes 0.358s
Mar 10 17:12:16 localhost policydb[954502]: INFO:root:Processing 222 SID -> apn -> policy updates
Mar 10 17:12:16 localhost control_proxy[954599]: 2022-03-10T17:12:16.334Z [127.0.0.1 -> streamer-controller.magmasi.wavelabs.in,8443] "POST /magma.orc8r.Streamer/GetUpdates HTTP/2" 200 7bytes 0.351s
Mar 10 17:12:16 localhost policydb[954502]: INFO:root:Processing 0 rating group updates
Mar 10 17:12:18 localhost smsd[954530]: INFO:root:mme non_eps_service_config is not SMS_ORC8R, sleeping.
Mar 10 17:12:22 localhost sctpd[954704]: I0310 17:12:22.590386 954709 sctpd_downlink_impl.cpp:76] SctpdDownlinkImpl::SendDl starting
Mar 10 17:12:23 localhost smsd[954530]: INFO:root:mme non_eps_service_config is not SMS_ORC8R, sleeping.
Mar 10 17:12:24 localhost dhclient[601]: DHCPREQUEST for 172.16.5.121 on eth1 to 172.16.5.2 port 67 (xid=0x4b4058b5)
Mar 10 17:12:25 localhost sctpd[954704]: I0310 17:12:25.178439 955196 sctp_connection.cpp:167] HandleClientSock sd = 69
Mar 10 17:12:25 localhost sctpd[954704]: I0310 17:12:25.178517 955196 sctp_connection.cpp:189] SCTP association change event received
Mar 10 17:12:25 localhost sctpd[954704]: I0310 17:12:25.179215 955196 sctp_connection.cpp:167] HandleClientSock sd = 69
Mar 10 17:12:25 localhost sctpd[954704]: I0310 17:12:25.179240 955196 sctp_connection.cpp:193] Unhandled notification type 32776
Mar 10 17:12:27 localhost dnsmasq-dhcp[954615]: DHCPDISCOVER(eth1) fa:16:3e:2a:89:3f 
Mar 10 17:12:27 localhost dnsmasq-dhcp[954615]: DHCPOFFER(eth1) 172.16.7.251 fa:16:3e:2a:89:3f 
Mar 10 17:12:28 localhost smsd[954530]: INFO:root:mme non_eps_service_config is not SMS_ORC8R, sleeping.
Mar 10 17:12:33 localhost mobilityd[954428]: INFO:root:Using GW info: {'default': {2: ('172.16.4.1', 'eth0')}, 2: [('172.16.4.1', 'eth0', True)]}
Mar 10 17:12:33 localhost mobilityd[954428]: INFO:root:GW-v6 probe: timer started
Mar 10 17:12:33 localhost smsd[954530]: INFO:root:mme non_eps_service_config is not SMS_ORC8R, sleeping.
Mar 10 17:12:34 localhost sctpd[954704]: I0310 17:12:34.803484 955196 sctp_connection.cpp:167] HandleClientSock sd = 69
Mar 10 17:12:34 localhost sctpd[954704]: I0310 17:12:34.803582 955196 sctp_connection.cpp:220] [sd:69] msg of len 42 on 3836:0
Mar 10 17:12:34 localhost sctpd[954704]: I0310 17:12:34.806619 955195 sctpd_downlink_impl.cpp:76] SctpdDownlinkImpl::SendDl starting
Mar 10 17:12:34 localhost sctpd[954704]: I0310 17:12:34.807080 955196 sctp_connection.cpp:167] HandleClientSock sd = 69
Mar 10 17:12:34 localhost sctpd[954704]: I0310 17:12:34.807094 955196 sctp_connection.cpp:193] Unhandled notification type 32777
Mar 10 17:12:34 localhost sctpd[954704]: I0310 17:12:34.921614 955196 sctp_connection.cpp:167] HandleClientSock sd = 69
Mar 10 17:12:34 localhost sctpd[954704]: I0310 17:12:34.921726 955196 sctp_connection.cpp:220] [sd:69] msg of len 42 on 3836:0
Mar 10 17:12:34 localhost sctpd[954704]: I0310 17:12:34.923506 954709 sctpd_downlink_impl.cpp:76] SctpdDownlinkImpl::SendDl starting
Mar 10 17:12:35 localhost sctpd[954704]: I0310 17:12:35.036038 955196 sctp_connection.cpp:167] HandleClientSock sd = 69
Mar 10 17:12:35 localhost sctpd[954704]: I0310 17:12:35.036134 955196 sctp_connection.cpp:193] Unhandled notification type 32777
Mar 10 17:12:35 localhost sctpd[954704]: I0310 17:12:35.036152 955196 sctp_connection.cpp:167] HandleClientSock sd = 69
Mar 10 17:12:35 localhost sctpd[954704]: I0310 17:12:35.036175 955196 sctp_connection.cpp:220] [sd:69] msg of len 83 on 3836:1
Mar 10 17:12:35 localhost sctpd[954704]: I0310 17:12:35.053237 954709 sctpd_downlink_impl.cpp:76] SctpdDownlinkImpl::SendDl starting
Mar 10 17:12:35 localhost sctpd[954704]: I0310 17:12:35.154711 955196 sctp_connection.cpp:167] HandleClientSock sd = 69
Mar 10 17:12:35 localhost sctpd[954704]: I0310 17:12:35.154763 955196 sctp_connection.cpp:193] Unhandled notification type 32777
Mar 10 17:12:35 localhost sctpd[954704]: I0310 17:12:35.154770 955196 sctp_connection.cpp:167] HandleClientSock sd = 69
Mar 10 17:12:35 localhost sctpd[954704]: I0310 17:12:35.154779 955196 sctp_connection.cpp:220] [sd:69] msg of len 67 on 3836:1
Mar 10 17:12:35 localhost sctpd[954704]: I0310 17:12:35.157748 954709 sctpd_downlink_impl.cpp:76] SctpdDownlinkImpl::SendDl starting
Mar 10 17:12:35 localhost dnsmasq-dhcp[954615]: DHCPDISCOVER(eth1) fa:16:3e:2a:89:3f 
Mar 10 17:12:35 localhost dnsmasq-dhcp[954615]: DHCPOFFER(eth1) 172.16.7.251 fa:16:3e:2a:89:3f 
Mar 10 17:12:35 localhost sctpd[954704]: I0310 17:12:35.272630 955196 sctp_connection.cpp:167] HandleClientSock sd = 69
Mar 10 17:12:35 localhost sctpd[954704]: I0310 17:12:35.272725 955196 sctp_connection.cpp:193] Unhandled notification type 32777
Mar 10 17:12:35 localhost sctpd[954704]: I0310 17:12:35.272747 955196 sctp_connection.cpp:167] HandleClientSock sd = 69
Mar 10 17:12:35 localhost sctpd[954704]: I0310 17:12:35.272766 955196 sctp_connection.cpp:220] [sd:69] msg of len 56 on 3836:1
Mar 10 17:12:35 localhost mme[955130]: [DEBUG] Sending S6A-UPDATE_LOCATION_REQUEST with IMSI: 222700000000001
Mar 10 17:12:35 localhost sctpd[954704]: I0310 17:12:35.278069 954709 sctpd_downlink_impl.cpp:76] SctpdDownlinkImpl::SendDl starting
Mar 10 17:12:35 localhost mme[955130]: [INFO] Received S6A-LOCATION-UPDATE_ANSWER for IMSI: 222700000000001; Status: ; StatusCode: 2001
Mar 10 17:12:35 localhost mme[955130]: [INFO] sent itti S6A-LOCATION-UPDATE_ANSWER for IMSI: 222700000000001
Mar 10 17:12:35 localhost dhclient[601]: DHCPREQUEST for 172.16.5.121 on eth1 to 172.16.5.2 port 67 (xid=0x4b4058b5)
Mar 10 17:12:35 localhost sctpd[954704]: I0310 17:12:35.480895 955196 sctp_connection.cpp:167] HandleClientSock sd = 69
Mar 10 17:12:35 localhost sctpd[954704]: I0310 17:12:35.480998 955196 sctp_connection.cpp:193] Unhandled notification type 32777
Mar 10 17:12:38 localhost sctpd[954704]: I0310 17:12:38.595873 954709 sctpd_downlink_impl.cpp:76] SctpdDownlinkImpl::SendDl starting
Mar 10 17:12:38 localhost smsd[954530]: INFO:root:mme non_eps_service_config is not SMS_ORC8R, sleeping.
Mar 10 17:12:41 localhost mme[955130]: [DEBUG] Sending S6A-UPDATE_LOCATION_REQUEST with IMSI: 222700000000001
Mar 10 17:12:41 localhost sctpd[954704]: I0310 17:12:41.283622 954709 sctpd_downlink_impl.cpp:76] SctpdDownlinkImpl::SendDl starting
Mar 10 17:12:41 localhost mme[955130]: [INFO] Received S6A-LOCATION-UPDATE_ANSWER for IMSI: 222700000000001; Status: ; StatusCode: 2001
Mar 10 17:12:41 localhost mme[955130]: [INFO] sent itti S6A-LOCATION-UPDATE_ANSWER for IMSI: 222700000000001
Mar 10 17:12:41 localhost sctpd[954704]: I0310 17:12:41.484799 955196 sctp_connection.cpp:167] HandleClientSock sd = 69
Mar 10 17:12:41 localhost sctpd[954704]: I0310 17:12:41.484902 955196 sctp_connection.cpp:193] Unhandled notification type 32777
Mar 10 17:12:43 localhost smsd[954530]: INFO:root:mme non_eps_service_config is not SMS_ORC8R, sleeping.
Mar 10 17:12:45 localhost sctpd[954704]: I0310 17:12:45.379298 955196 sctp_connection.cpp:167] HandleClientSock sd = 69
Mar 10 17:12:45 localhost sctpd[954704]: I0310 17:12:45.379424 955196 sctp_connection.cpp:220] [sd:69] msg of len 56 on 3836:1
Mar 10 17:12:45 localhost dnsmasq-dhcp[954615]: DHCPDISCOVER(eth1) fa:16:3e:2a:89:3f 
Mar 10 17:12:45 localhost dnsmasq-dhcp[954615]: DHCPOFFER(eth1) 172.16.7.251 fa:16:3e:2a:89:3f 
Mar 10 17:12:47 localhost magmad[954360]: INFO:root:Setting logging level to INFO
Mar 10 17:12:48 localhost smsd[954530]: INFO:root:mme non_eps_service_config is not SMS_ORC8R, sleeping.
Mar 10 17:12:52 localhost sctpd[954704]: I0310 17:12:52.782042 955196 sctp_connection.cpp:167] HandleClientSock sd = 69
Mar 10 17:12:52 localhost sctpd[954704]: I0310 17:12:52.782187 955196 sctp_connection.cpp:185] SCTP_SHUTDOWN_EVENT received
Mar 10 17:12:52 localhost sctpd[954704]: I0310 17:12:52.782202 955196 sctp_connection.cpp:280] Sending close connection for assoc_id 3836
Mar 10 17:12:53 localhost mobilityd[954428]: INFO:root:Using GW info: {'default': {2: ('172.16.4.1', 'eth0')}, 2: [('172.16.4.1', 'eth0', True)]}
Mar 10 17:12:53 localhost mobilityd[954428]: INFO:root:GW-v6 probe: timer started
Mar 10 17:12:53 localhost smsd[954530]: INFO:root:mme non_eps_service_config is not SMS_ORC8R, sleeping.
Mar 10 17:12:54 localhost control_proxy[954599]: 2022-03-10T17:12:53.929Z [127.0.0.1 -> state-controller.magmasi.wavelabs.in,8443] "POST /magma.orc8r.StateService/ReportStates HTTP/2" 200 5bytes 0.271s
Mar 10 17:12:54 localhost control_proxy[954599]: 2022-03-10T17:11:53.961Z [127.0.0.1 -> streamer-controller.magmasi.wavelabs.in,8443] "POST /magma.orc8r.Streamer/GetUpdates HTTP/2" 200 0bytes 60.263s
Mar 10 17:12:54 localhost magmad[954360]: ERROR:root:Error! Streaming from the cloud failed! [StatusCode.ABORTED] error while streaming updates: rpc error: code = DeadlineExceeded desc = context deadline exceeded
Mar 10 17:12:54 localhost magmad[954360]: INFO:root:[SyncRPC] Got heartBeat from cloud
Mar 10 17:12:54 localhost sctpd[954704]: I0310 17:12:54.608484 955195 sctpd_downlink_impl.cpp:76] SctpdDownlinkImpl::SendDl starting
Mar 10 17:12:54 localhost dhclient[601]: DHCPREQUEST for 172.16.5.121 on eth1 to 172.16.5.2 port 67 (xid=0x4b4058b5)
Mar 10 17:12:58 localhost smsd[954530]: INFO:root:mme non_eps_service_config is not SMS_ORC8R, sleeping.
Mar 10 17:12:59 localhost dnsmasq-dhcp[954615]: DHCPDISCOVER(eth1) fa:16:3e:2a:89:3f 
Mar 10 17:12:59 localhost dnsmasq-dhcp[954615]: DHCPOFFER(eth1) 172.16.7.251 fa:16:3e:2a:89:3f 
Mar 10 17:13:02 localhost dhclient[601]: DHCPREQUEST for 172.16.5.121 on eth1 to 172.16.5.2 port 67 (xid=0x4b4058b5)
Mar 10 17:13:02 localhost sctpd[954704]: I0310 17:13:02.382761 955196 sctp_connection.cpp:167] HandleClientSock sd = 70
Mar 10 17:13:02 localhost sctpd[954704]: I0310 17:13:02.382854 955196 sctp_connection.cpp:189] SCTP association change event received
Mar 10 17:13:02 localhost sctpd[954704]: I0310 17:13:02.383898 955196 sctp_connection.cpp:167] HandleClientSock sd = 70
Mar 10 17:13:02 localhost sctpd[954704]: I0310 17:13:02.383944 955196 sctp_connection.cpp:193] Unhandled notification type 32776
Mar 10 17:13:03 localhost smsd[954530]: INFO:root:mme non_eps_service_config is not SMS_ORC8R, sleeping.
Mar 10 17:13:06 localhost control_proxy[954599]: 2022-03-10T17:13:05.599Z [127.0.0.1 -> state-controller.magmasi.wavelabs.in,8443] "POST /magma.orc8r.StateService/ReportStates HTTP/2" 200 5bytes 0.529s
Mar 10 17:13:06 localhost magmad[954360]: INFO:root:Checkin Successful! Successfully sent states to the cloud!
Mar 10 17:13:06 localhost dnsmasq-dhcp[954615]: DHCPDISCOVER(eth1) fa:16:3e:2a:89:3f 
Mar 10 17:13:06 localhost dnsmasq-dhcp[954615]: DHCPOFFER(eth1) 172.16.7.251 fa:16:3e:2a:89:3f 
Mar 10 17:13:08 localhost smsd[954530]: INFO:root:mme non_eps_service_config is not SMS_ORC8R, sleeping.
Mar 10 17:13:10 localhost sctpd[954704]: I0310 17:13:10.621901 954709 sctpd_downlink_impl.cpp:76] SctpdDownlinkImpl::SendDl starting
Mar 10 17:13:12 localhost sctpd[954704]: I0310 17:13:12.711588 955196 sctp_connection.cpp:167] HandleClientSock sd = 70
Mar 10 17:13:12 localhost sctpd[954704]: I0310 17:13:12.711728 955196 sctp_connection.cpp:220] [sd:70] msg of len 42 on 3837:0
Mar 10 17:13:12 localhost sctpd[954704]: I0310 17:13:12.714466 955195 sctpd_downlink_impl.cpp:76] SctpdDownlinkImpl::SendDl starting
Mar 10 17:13:12 localhost sctpd[954704]: I0310 17:13:12.715067 955196 sctp_connection.cpp:167] HandleClientSock sd = 70
Mar 10 17:13:12 localhost sctpd[954704]: I0310 17:13:12.715119 955196 sctp_connection.cpp:193] Unhandled notification type 32777
Mar 10 17:13:12 localhost sctpd[954704]: I0310 17:13:12.825156 955196 sctp_connection.cpp:167] HandleClientSock sd = 70
Mar 10 17:13:12 localhost sctpd[954704]: I0310 17:13:12.825266 955196 sctp_connection.cpp:220] [sd:70] msg of len 42 on 3837:0
Mar 10 17:13:12 localhost sctpd[954704]: I0310 17:13:12.827359 955195 sctpd_downlink_impl.cpp:76] SctpdDownlinkImpl::SendDl starting
Mar 10 17:13:12 localhost sctpd[954704]: I0310 17:13:12.939051 955196 sctp_connection.cpp:167] HandleClientSock sd = 70
Mar 10 17:13:12 localhost sctpd[954704]: I0310 17:13:12.939146 955196 sctp_connection.cpp:193] Unhandled notification type 32777
Mar 10 17:13:12 localhost sctpd[954704]: I0310 17:13:12.939172 955196 sctp_connection.cpp:167] HandleClientSock sd = 70
Mar 10 17:13:12 localhost sctpd[954704]: I0310 17:13:12.939199 955196 sctp_connection.cpp:220] [sd:70] msg of len 88 on 3837:1
Mar 10 17:13:12 localhost sctpd[954704]: I0310 17:13:12.956198 955195 sctpd_downlink_impl.cpp:76] SctpdDownlinkImpl::SendDl starting
Mar 10 17:13:13 localhost sctpd[954704]: I0310 17:13:13.050388 955196 sctp_connection.cpp:167] HandleClientSock sd = 70
Mar 10 17:13:13 localhost sctpd[954704]: I0310 17:13:13.050478 955196 sctp_connection.cpp:193] Unhandled notification type 32777
Mar 10 17:13:13 localhost sctpd[954704]: I0310 17:13:13.050498 955196 sctp_connection.cpp:167] HandleClientSock sd = 70
Mar 10 17:13:13 localhost sctpd[954704]: I0310 17:13:13.050518 955196 sctp_connection.cpp:220] [sd:70] msg of len 67 on 3837:1
Mar 10 17:13:13 localhost sctpd[954704]: I0310 17:13:13.054992 955195 sctpd_downlink_impl.cpp:76] SctpdDownlinkImpl::SendDl starting
Mar 10 17:13:13 localhost sctpd[954704]: I0310 17:13:13.168892 955196 sctp_connection.cpp:167] HandleClientSock sd = 70
Mar 10 17:13:13 localhost sctpd[954704]: I0310 17:13:13.168992 955196 sctp_connection.cpp:193] Unhandled notification type 32777
Mar 10 17:13:13 localhost sctpd[954704]: I0310 17:13:13.169010 955196 sctp_connection.cpp:167] HandleClientSock sd = 70
Mar 10 17:13:13 localhost sctpd[954704]: I0310 17:13:13.169032 955196 sctp_connection.cpp:220] [sd:70] msg of len 56 on 3837:1
Mar 10 17:13:13 localhost mme[955130]: [DEBUG] Sending S6A-UPDATE_LOCATION_REQUEST with IMSI: 222700000000001
Mar 10 17:13:13 localhost sctpd[954704]: I0310 17:13:13.175562 955195 sctpd_downlink_impl.cpp:76] SctpdDownlinkImpl::SendDl starting
Mar 10 17:13:13 localhost mme[955130]: [INFO] Received S6A-LOCATION-UPDATE_ANSWER for IMSI: 222700000000001; Status: ; StatusCode: 2001
Mar 10 17:13:13 localhost mme[955130]: [INFO] sent itti S6A-LOCATION-UPDATE_ANSWER for IMSI: 222700000000001
Mar 10 17:13:13 localhost sctpd[954704]: I0310 17:13:13.281613 955196 sctp_connection.cpp:167] HandleClientSock sd = 70
Mar 10 17:13:13 localhost sctpd[954704]: I0310 17:13:13.281771 955196 sctp_connection.cpp:193] Unhandled notification type 32777
Mar 10 17:13:13 localhost sctpd[954704]: I0310 17:13:13.281800 955196 sctp_connection.cpp:167] HandleClientSock sd = 70
Mar 10 17:13:13 localhost sctpd[954704]: I0310 17:13:13.281831 955196 sctp_connection.cpp:220] [sd:70] msg of len 22 on 3837:1
Mar 10 17:13:13 localhost mobilityd[954428]: INFO:root:Using GW info: {'default': {2: ('172.16.4.1', 'eth0')}, 2: [('172.16.4.1', 'eth0', True)]}
Mar 10 17:13:13 localhost mobilityd[954428]: INFO:root:GW-v6 probe: timer started
Mar 10 17:13:13 localhost sctpd[954704]: I0310 17:13:13.482875 955196 sctp_connection.cpp:167] HandleClientSock sd = 70
Mar 10 17:13:13 localhost sctpd[954704]: I0310 17:13:13.483008 955196 sctp_connection.cpp:220] [sd:70] msg of len 56 on 3837:1
Mar 10 17:13:13 localhost smsd[954530]: INFO:root:mme non_eps_service_config is not SMS_ORC8R, sleeping.
Mar 10 17:13:14 localhost sctpd[954704]: I0310 17:13:14.454268 955196 sctp_connection.cpp:167] HandleClientSock sd = 70
Mar 10 17:13:14 localhost sctpd[954704]: I0310 17:13:14.454383 955196 sctp_connection.cpp:220] [sd:70] msg of len 70 on 3837:1
Mar 10 17:13:14 localhost dhclient[601]: DHCPREQUEST for 172.16.5.121 on eth1 to 172.16.5.2 port 67 (xid=0x4b4058b5)
Mar 10 17:13:15 localhost magmad[954360]: ERROR:root:Metrics upload error for service subscriberdb (chunk 0)! [StatusCode.DEADLINE_EXCEEDED] Deadline Exceeded
Mar 10 17:13:15 localhost magmad[954360]: ERROR:root:Metrics upload error for service mobilityd (chunk 0)! [StatusCode.DEADLINE_EXCEEDED] Deadline Exceeded
Mar 10 17:13:15 localhost magmad[954360]: ERROR:root:Metrics upload error for service mme (chunk 0)! [StatusCode.DEADLINE_EXCEEDED] Deadline Exceeded
Mar 10 17:13:15 localhost magmad[954360]: ERROR:root:Metrics upload error for service magmad (chunk 0)! [StatusCode.DEADLINE_EXCEEDED] Deadline Exceeded
Mar 10 17:13:15 localhost magmad[954360]: ERROR:root:Metrics upload error for service enodebd (chunk 0)! [StatusCode.DEADLINE_EXCEEDED] Deadline Exceeded
Mar 10 17:13:15 localhost magmad[954360]: ERROR:root:Metrics upload error for service pipelined (chunk 0)! [StatusCode.DEADLINE_EXCEEDED] Deadline Exceeded
Mar 10 17:13:15 localhost magmad[954360]: ERROR:root:Metrics upload error for service state (chunk 0)! [StatusCode.DEADLINE_EXCEEDED] Deadline Exceeded
Mar 10 17:13:15 localhost magmad[954360]: ERROR:root:Metrics upload error for service sessiond (chunk 0)! [StatusCode.DEADLINE_EXCEEDED] Deadline Exceeded
Mar 10 17:13:17 localhost control_proxy[954599]: 2022-03-10T17:13:16.749Z [127.0.0.1 -> streamer-controller.magmasi.wavelabs.in,8443] "POST /magma.orc8r.Streamer/GetUpdates HTTP/2" 200 91bytes 0.546s
Mar 10 17:13:17 localhost policydb[954502]: INFO:root:Processing 2 policy updates (resync=True)
Mar 10 17:13:17 localhost dnsmasq-dhcp[954615]: DHCPDISCOVER(eth1) fa:16:3e:2a:89:3f 
Mar 10 17:13:17 localhost dnsmasq-dhcp[954615]: DHCPOFFER(eth1) 172.16.7.251 fa:16:3e:2a:89:3f 
Mar 10 17:13:17 localhost control_proxy[954599]: 2022-03-10T17:13:17.300Z [127.0.0.1 -> streamer-controller.magmasi.wavelabs.in,8443] "POST /magma.orc8r.Streamer/GetUpdates HTTP/2" 200 7bytes 0.277s
Mar 10 17:13:17 localhost policydb[954502]: INFO:root:Processing 0 basename -> policy updates
Mar 10 17:13:17 localhost control_proxy[954599]: 2022-03-10T17:13:17.300Z [127.0.0.1 -> streamer-controller.magmasi.wavelabs.in,8443] "POST /magma.orc8r.Streamer/GetUpdates HTTP/2" 200 5113bytes 0.291s
Mar 10 17:13:17 localhost policydb[954502]: INFO:root:Processing 222 SID -> apn -> policy updates
Mar 10 17:13:18 localhost control_proxy[954599]: 2022-03-10T17:13:17.300Z [127.0.0.1 -> streamer-controller.magmasi.wavelabs.in,8443] "POST /magma.orc8r.Streamer/GetUpdates HTTP/2" 200 7bytes 0.272s
Mar 10 17:13:18 localhost policydb[954502]: INFO:root:Processing 0 rating group updates
Mar 10 17:13:18 localhost smsd[954530]: INFO:root:mme non_eps_service_config is not SMS_ORC8R, sleeping.
Mar 10 17:13:23 localhost smsd[954530]: INFO:root:mme non_eps_service_config is not SMS_ORC8R, sleeping.
Mar 10 17:13:26 localhost dhclient[601]: DHCPREQUEST for 172.16.5.121 on eth1 to 172.16.5.2 port 67 (xid=0x4b4058b5)
Mar 10 17:13:26 localhost sessiond[954439]: I0310 17:13:26.632763 954439 SetMessageManagerHandler.cpp:142] Release request for session from IMSI: IMSI222700000000001 pdu_id 1
Mar 10 17:13:26 localhost mobilityd[954428]: INFO:root:Released IP 192.168.128.230 for sid IMSI222700000000001
Mar 10 17:13:26 localhost sctpd[954704]: I0310 17:13:26.852928 955196 sctp_connection.cpp:167] HandleClientSock sd = 70
Mar 10 17:13:26 localhost sctpd[954704]: I0310 17:13:26.853047 955196 sctp_connection.cpp:185] SCTP_SHUTDOWN_EVENT received
Mar 10 17:13:26 localhost sctpd[954704]: I0310 17:13:26.853060 955196 sctp_connection.cpp:280] Sending close connection for assoc_id 3837
Mar 10 17:13:29 localhost smsd[954530]: INFO:root:mme non_eps_service_config is not SMS_ORC8R, sleeping.
Mar 10 17:13:31 localhost policydb[954502]: INFO:root:Terminating session: IMSI222700000000001-26495
Mar 10 17:13:31 localhost eventd[954524]: DEBUG:root:Logging event: stream_name: "sessiond"
Mar 10 17:13:31 localhost eventd[954524]: event_type: "session_terminated"
Mar 10 17:13:31 localhost eventd[954524]: tag: "IMSI222700000000001"
Mar 10 17:13:31 localhost eventd[954524]: value: "{\"mac_addr\":\"\",\"user_location\":\"\",\"spgw_ip\":\"\",\"imei\":\"\",\"record_sequence_number\":1,\"pdp_end_time\":0,\"charging_rx\":0,\"duration\":-1,\"ip_addr\":\"192.168.128.230\",\"monitoring_tx\":0,\"ipv6_addr\":\"\",\"msisdn\":\"\",\"apn\":\"default\",\"session_id\":\"IMSI222700000000001-26495\",\"list_of_service_data\":[],\"charging_characteristics\":\"\",\"total_tx\":0,\"cause_for_rec_closing\":0,\"imsi\":\"IMSI222700000000001\",\"total_rx\":0,\"monitoring_rx\":0,\"charging_tx\":0,\"pdp_start_time\":1}"
Mar 10 17:13:31 localhost eventd[954524]: ERROR:root:Connection to FluentBit failed: [Errno 111] Connection refused
Mar 10 17:13:31 localhost eventd[954524]: INFO:root:FluentBit (td-agent-bit) may not be enabled or configured correctly
Mar 10 17:13:31 localhost sessiond[954439]: I0310 17:13:31.649432 954451 SessionEvents.cpp:291] Could not log session_terminated event {"mac_addr":"","user_location":"","spgw_ip":"","imei":"","record_sequence_number":1,"pdp_end_time":0,"charging_rx":0,"duration":-1,"ip_addr":"192.168.128.230","monitoring_tx":0,"ipv6_addr":"","msisdn":"","apn":"default","session_id":"IMSI222700000000001-26495","list_of_service_data":[],"charging_characteristics":"","total_tx":0,"cause_for_rec_closing":0,"imsi":"IMSI222700000000001","total_rx":0,"monitoring_rx":0,"charging_tx":0,"pdp_start_time":1}, Error Message: Could not connect to FluentBit locally, Details: [Errno 111] Connection refused
Mar 10 17:13:31 localhost dnsmasq-dhcp[954615]: DHCPDISCOVER(eth1) fa:16:3e:2a:89:3f 
Mar 10 17:13:31 localhost dnsmasq-dhcp[954615]: DHCPOFFER(eth1) 172.16.7.251 fa:16:3e:2a:89:3f 
Mar 10 17:13:33 localhost mobilityd[954428]: INFO:root:Using GW info: {'default': {2: ('172.16.4.1', 'eth0')}, 2: [('172.16.4.1', 'eth0', True)]}
Mar 10 17:13:33 localhost mobilityd[954428]: INFO:root:GW-v6 probe: timer started
Mar 10 17:13:34 localhost smsd[954530]: INFO:root:mme non_eps_service_config is not SMS_ORC8R, sleeping.
Mar 10 17:13:36 localhost sctpd[954704]: I0310 17:13:36.113986 955196 sctp_connection.cpp:167] HandleClientSock sd = 71
Mar 10 17:13:36 localhost sctpd[954704]: I0310 17:13:36.114076 955196 sctp_connection.cpp:189] SCTP association change event received
Mar 10 17:13:36 localhost sctpd[954704]: I0310 17:13:36.115067 955196 sctp_connection.cpp:167] HandleClientSock sd = 71
Mar 10 17:13:36 localhost sctpd[954704]: I0310 17:13:36.115101 955196 sctp_connection.cpp:193] Unhandled notification type 32776
Mar 10 17:13:36 localhost sctpd[954704]: I0310 17:13:36.274575 955196 sctp_connection.cpp:167] HandleClientSock sd = 72
Mar 10 17:13:36 localhost sctpd[954704]: I0310 17:13:36.274672 955196 sctp_connection.cpp:189] SCTP association change event received
Mar 10 17:13:36 localhost sctpd[954704]: I0310 17:13:36.275373 955196 sctp_connection.cpp:167] HandleClientSock sd = 72
Mar 10 17:13:36 localhost sctpd[954704]: I0310 17:13:36.275425 955196 sctp_connection.cpp:193] Unhandled notification type 32776
Mar 10 17:13:37 localhost sctpd[954704]: I0310 17:13:37.333966 955196 sctp_connection.cpp:167] HandleClientSock sd = 71
Mar 10 17:13:37 localhost sctpd[954704]: I0310 17:13:37.334097 955196 sctp_connection.cpp:220] [sd:71] msg of len 42 on 3838:0
Mar 10 17:13:37 localhost sctpd[954704]: I0310 17:13:37.336503 954709 sctpd_downlink_impl.cpp:76] SctpdDownlinkImpl::SendDl starting
Mar 10 17:13:37 localhost sctpd[954704]: I0310 17:13:37.337011 955196 sctp_connection.cpp:167] HandleClientSock sd = 71
Mar 10 17:13:37 localhost sctpd[954704]: I0310 17:13:37.337086 955196 sctp_connection.cpp:193] Unhandled notification type 32777
Mar 10 17:13:37 localhost sctpd[954704]: I0310 17:13:37.442838 955196 sctp_connection.cpp:167] HandleClientSock sd = 72
Mar 10 17:13:37 localhost sctpd[954704]: I0310 17:13:37.442971 955196 sctp_connection.cpp:220] [sd:72] msg of len 42 on 3839:0
Mar 10 17:13:37 localhost sctpd[954704]: I0310 17:13:37.445034 954709 sctpd_downlink_impl.cpp:76] SctpdDownlinkImpl::SendDl starting
Mar 10 17:13:37 localhost sctpd[954704]: I0310 17:13:37.445457 955196 sctp_connection.cpp:167] HandleClientSock sd = 72
Mar 10 17:13:37 localhost sctpd[954704]: I0310 17:13:37.445545 955196 sctp_connection.cpp:193] Unhandled notification type 32777
Mar 10 17:13:37 localhost sctpd[954704]: I0310 17:13:37.559908 955196 sctp_connection.cpp:167] HandleClientSock sd = 72
Mar 10 17:13:37 localhost sctpd[954704]: I0310 17:13:37.560026 955196 sctp_connection.cpp:220] [sd:72] msg of len 88 on 3839:1
Mar 10 17:13:37 localhost sctpd[954704]: I0310 17:13:37.578014 954709 sctpd_downlink_impl.cpp:76] SctpdDownlinkImpl::SendDl starting
Mar 10 17:13:37 localhost sctpd[954704]: I0310 17:13:37.678431 955196 sctp_connection.cpp:167] HandleClientSock sd = 72
Mar 10 17:13:37 localhost sctpd[954704]: I0310 17:13:37.678525 955196 sctp_connection.cpp:193] Unhandled notification type 32777
Mar 10 17:13:37 localhost sctpd[954704]: I0310 17:13:37.678544 955196 sctp_connection.cpp:167] HandleClientSock sd = 72
Mar 10 17:13:37 localhost sctpd[954704]: I0310 17:13:37.678567 955196 sctp_connection.cpp:220] [sd:72] msg of len 67 on 3839:1
Mar 10 17:13:37 localhost sctpd[954704]: I0310 17:13:37.683445 954709 sctpd_downlink_impl.cpp:76] SctpdDownlinkImpl::SendDl starting
Mar 10 17:13:37 localhost sctpd[954704]: I0310 17:13:37.792757 955196 sctp_connection.cpp:167] HandleClientSock sd = 72
Mar 10 17:13:37 localhost sctpd[954704]: I0310 17:13:37.792857 955196 sctp_connection.cpp:193] Unhandled notification type 32777
Mar 10 17:13:37 localhost sctpd[954704]: I0310 17:13:37.792876 955196 sctp_connection.cpp:167] HandleClientSock sd = 72
Mar 10 17:13:37 localhost sctpd[954704]: I0310 17:13:37.792898 955196 sctp_connection.cpp:220] [sd:72] msg of len 56 on 3839:1
Mar 10 17:13:37 localhost mme[955130]: [DEBUG] Sending S6A-UPDATE_LOCATION_REQUEST with IMSI: 222700000000001
Mar 10 17:13:37 localhost sctpd[954704]: I0310 17:13:37.800199 954709 sctpd_downlink_impl.cpp:76] SctpdDownlinkImpl::SendDl starting
Mar 10 17:13:37 localhost mme[955130]: [INFO] Received S6A-LOCATION-UPDATE_ANSWER for IMSI: 222700000000001; Status: ; StatusCode: 2001
Mar 10 17:13:37 localhost mme[955130]: [INFO] sent itti S6A-LOCATION-UPDATE_ANSWER for IMSI: 222700000000001
Mar 10 17:13:37 localhost sctpd[954704]: I0310 17:13:37.917003 955196 sctp_connection.cpp:167] HandleClientSock sd = 72
Mar 10 17:13:37 localhost sctpd[954704]: I0310 17:13:37.917098 955196 sctp_connection.cpp:193] Unhandled notification type 32777
Mar 10 17:13:37 localhost sctpd[954704]: I0310 17:13:37.917116 955196 sctp_connection.cpp:167] HandleClientSock sd = 72
Mar 10 17:13:37 localhost sctpd[954704]: I0310 17:13:37.917137 955196 sctp_connection.cpp:220] [sd:72] msg of len 22 on 3839:1
Mar 10 17:13:38 localhost sctpd[954704]: I0310 17:13:38.118986 955196 sctp_connection.cpp:167] HandleClientSock sd = 72
Mar 10 17:13:38 localhost sctpd[954704]: I0310 17:13:38.119084 955196 sctp_connection.cpp:220] [sd:72] msg of len 56 on 3839:1
Mar 10 17:13:39 localhost smsd[954530]: INFO:root:mme non_eps_service_config is not SMS_ORC8R, sleeping.
Mar 10 17:13:39 localhost dnsmasq-dhcp[954615]: DHCPDISCOVER(eth1) fa:16:3e:2a:89:3f 
Mar 10 17:13:39 localhost dnsmasq-dhcp[954615]: DHCPOFFER(eth1) 172.16.7.251 fa:16:3e:2a:89:3f 
Mar 10 17:13:40 localhost sctpd[954704]: I0310 17:13:40.134975 955196 sctp_connection.cpp:167] HandleClientSock sd = 72
Mar 10 17:13:40 localhost sctpd[954704]: I0310 17:13:40.135093 955196 sctp_connection.cpp:220] [sd:72] msg of len 82 on 3839:1
Mar 10 17:13:40 localhost mobilityd[954428]: INFO:root:Allocating the same IP 192.168.128.230 for sid IMSI222700000000001.default,ipv4
Mar 10 17:13:40 localhost mobilityd[954428]: INFO:root:Allocated IP 192.168.128.230 for sid IMSI222700000000001 for apn default
Mar 10 17:13:40 localhost policydb[954502]: INFO:root:Creating a session for subscriber ID: IMSI222700000000001
Mar 10 17:13:40 localhost sessiond[954439]: I0310 17:13:40.155673 954439 SetMessageManagerHandler.cpp:342] Processing a CreateSessionResponse for IMSI222700000000001-799373
Mar 10 17:13:40 localhost sessiond[954439]: I0310 17:13:40.155854 954439 SessionState.cpp:2774] RuleID allowlist_sid-IMSI222700000000001-default doesn't have a version registered for IMSI222700000000001-799373, this is unexpected
Mar 10 17:13:40 localhost mme[955130]: PDUSessionResourceSetupRequestTransfer ::= {
Mar 10 17:13:40 localhost mme[955130]:     protocolIEs: ProtocolIE-Container ::= {
Mar 10 17:13:40 localhost mme[955130]:         PDUSessionResourceSetupRequestTransferIEs ::= {
Mar 10 17:13:40 localhost mme[955130]:             id: 130
Mar 10 17:13:40 localhost mme[955130]:             criticality: 0 (reject)
Mar 10 17:13:40 localhost mme[955130]:             value: PDUSessionAggregateMaximumBitRate ::= {
Mar 10 17:13:40 localhost mme[955130]:                 pDUSessionAggregateMaximumBitRateDL: 100000000
Mar 10 17:13:40 localhost mme[955130]:                 pDUSessionAggregateMaximumBitRateUL: 100000000
Mar 10 17:13:40 localhost mme[955130]:             }
Mar 10 17:13:40 localhost mme[955130]:         }
Mar 10 17:13:40 localhost mme[955130]:         PDUSessionResourceSetupRequestTransferIEs ::= {
Mar 10 17:13:40 localhost mme[955130]:             id: 139
Mar 10 17:13:40 localhost mme[955130]:             criticality: 0 (reject)
Mar 10 17:13:40 localhost mme[955130]:             value: GTPTunnel ::= {
Mar 10 17:13:40 localhost mme[955130]:                 transportLayerAddress: AC 10 05 79
Mar 10 17:13:40 localhost mme[955130]:                 gTP-TEID: 80 00 00 07
Mar 10 17:13:40 localhost mme[955130]:             }
Mar 10 17:13:40 localhost mme[955130]:         }
Mar 10 17:13:40 localhost mme[955130]:         PDUSessionResourceSetupRequestTransferIEs ::= {
Mar 10 17:13:40 localhost mme[955130]:             id: 134
Mar 10 17:13:40 localhost mme[955130]:             criticality: 0 (reject)
Mar 10 17:13:40 localhost mme[955130]:             value: 0 (ipv4)
Mar 10 17:13:40 localhost mme[955130]:         }
Mar 10 17:13:40 localhost mme[955130]:         PDUSessionResourceSetupRequestTransferIEs ::= {
Mar 10 17:13:40 localhost mme[955130]:             id: 136
Mar 10 17:13:40 localhost mme[955130]:             criticality: 0 (reject)
Mar 10 17:13:40 localhost mme[955130]:             value: QosFlowSetupRequestList ::= {
Mar 10 17:13:40 localhost mme[955130]:                 QosFlowSetupRequestItem ::= {
Mar 10 17:13:40 localhost mme[955130]:                     qosFlowIdentifier: 9
Mar 10 17:13:40 localhost mme[955130]:                     qosFlowLevelQosParameters: QosFlowLevelQosParameters ::= {
Mar 10 17:13:40 localhost mme[955130]:                         qosCharacteristics: NonDynamic5QIDescriptor ::= {
Mar 10 17:13:40 localhost mme[955130]:                             fiveQI: 9
Mar 10 17:13:40 localhost mme[955130]:                         }
Mar 10 17:13:40 localhost mme[955130]:                         allocationAndRetentionPriority: AllocationAndRetentionPriority ::= {
Mar 10 17:13:40 localhost mme[955130]:                             priorityLevelARP: 15
Mar 10 17:13:40 localhost mme[955130]:                             pre-emptionCapability: 0 (shall-not-trigger-pre-emption)
Mar 10 17:13:40 localhost mme[955130]:                             pre-emptionVulnerability: 0 (not-pre-emptable)
Mar 10 17:13:40 localhost mme[955130]:                         }
Mar 10 17:13:40 localhost mme[955130]:                     }
Mar 10 17:13:40 localhost mme[955130]:                 }
Mar 10 17:13:40 localhost mme[955130]:             }
Mar 10 17:13:40 localhost mme[955130]:         }
Mar 10 17:13:40 localhost mme[955130]:     }
Mar 10 17:13:40 localhost mme[955130]: }
Mar 10 17:13:40 localhost sctpd[954704]: I0310 17:13:40.161312 954709 sctpd_downlink_impl.cpp:76] SctpdDownlinkImpl::SendDl starting
Mar 10 17:13:40 localhost sctpd[954704]: I0310 17:13:40.255303 955196 sctp_connection.cpp:167] HandleClientSock sd = 72
Mar 10 17:13:40 localhost sctpd[954704]: I0310 17:13:40.255396 955196 sctp_connection.cpp:193] Unhandled notification type 32777
Mar 10 17:13:40 localhost sctpd[954704]: I0310 17:13:40.255415 955196 sctp_connection.cpp:167] HandleClientSock sd = 72
Mar 10 17:13:40 localhost sctpd[954704]: I0310 17:13:40.255436 955196 sctp_connection.cpp:220] [sd:72] msg of len 43 on 3839:1
Mar 10 17:13:40 localhost sessiond[954439]: I0310 17:13:40.258184 954439 SessionStateEnforcer.cpp:869]  AMF teid: 40000000 ip address 10.10.10.11 of imsi: IMSI222700000000001 fteid: 2147483655 pdu id: 1 UE ip address 192.168.128.230
Mar 10 17:13:40 localhost eventd[954524]: DEBUG:root:Logging event: stream_name: "sessiond"
Mar 10 17:13:40 localhost eventd[954524]: event_type: "session_created"
Mar 10 17:13:40 localhost eventd[954524]: tag: "IMSI222700000000001"
Mar 10 17:13:40 localhost eventd[954524]: value: "{\"mac_addr\":\"\",\"user_location\":\"\",\"spgw_ip\":\"\",\"imei\":\"\",\"pdp_start_time\":1,\"session_id\":\"IMSI222700000000001-799373\",\"apn\":\"default\",\"msisdn\":\"\",\"charging_characteristics\":\"\",\"ipv6_addr\":\"\",\"ip_addr\":\"192.168.128.230\",\"imsi\":\"IMSI222700000000001\"}"
Mar 10 17:13:40 localhost eventd[954524]: ERROR:root:Connection to FluentBit failed: [Errno 111] Connection refused
Mar 10 17:13:40 localhost eventd[954524]: INFO:root:FluentBit (td-agent-bit) may not be enabled or configured correctly
Mar 10 17:13:40 localhost sessiond[954439]: I0310 17:13:40.262833 954451 SessionEvents.cpp:131] Could not log session_created event {"mac_addr":"","user_location":"","spgw_ip":"","imei":"","pdp_start_time":1,"session_id":"IMSI222700000000001-799373","apn":"default","msisdn":"","charging_characteristics":"","ipv6_addr":"","ip_addr":"192.168.128.230","imsi":"IMSI222700000000001"}, Error Message: Could not connect to FluentBit locally, Details: [Errno 111] Connection refused
Mar 10 17:13:41 localhost dhclient[601]: DHCPREQUEST for 172.16.5.121 on eth1 to 172.16.5.2 port 67 (xid=0x4b4058b5)
Mar 10 17:13:42 localhost sctpd[954704]: I0310 17:13:42.465560 955196 sctp_connection.cpp:167] HandleClientSock sd = 72
Mar 10 17:13:42 localhost sctpd[954704]: I0310 17:13:42.465693 955196 sctp_connection.cpp:220] [sd:72] msg of len 74 on 3839:1
Mar 10 17:13:42 localhost mme[955130]: InitiatingMessage ::= {
Mar 10 17:13:42 localhost mme[955130]:     procedureCode: 28
Mar 10 17:13:42 localhost mme[955130]:     criticality: 1 (ignore)
Mar 10 17:13:42 localhost mme[955130]:     value: PDUSessionResourceReleaseCommand ::= {
Mar 10 17:13:42 localhost mme[955130]:         protocolIEs: ProtocolIE-Container ::= {
Mar 10 17:13:42 localhost mme[955130]:             PDUSessionResourceReleaseCommandIEs ::= {
Mar 10 17:13:42 localhost mme[955130]:                 id: 10
Mar 10 17:13:42 localhost mme[955130]:                 criticality: 0 (reject)
Mar 10 17:13:42 localhost mme[955130]:                 value: 63
Mar 10 17:13:42 localhost mme[955130]:             }
Mar 10 17:13:42 localhost mme[955130]:             PDUSessionResourceReleaseCommandIEs ::= {
Mar 10 17:13:42 localhost mme[955130]:                 id: 85
Mar 10 17:13:42 localhost mme[955130]:                 criticality: 0 (reject)
Mar 10 17:13:42 localhost mme[955130]:                 value: 4294967295
Mar 10 17:13:42 localhost mme[955130]:             }
Mar 10 17:13:42 localhost mme[955130]:             PDUSessionResourceReleaseCommandIEs ::= {
Mar 10 17:13:42 localhost mme[955130]:                 id: 38
Mar 10 17:13:42 localhost mme[955130]:                 criticality: 0 (reject)
Mar 10 17:13:42 localhost mme[955130]:                 value:
Mar 10 17:13:42 localhost mme[955130]:                     7E 01 60 7E 10 64 03 7E 00 68 01 00 05 2E 01 01
Mar 10 17:13:42 localhost mme[955130]:                     D3 24 12 01
Mar 10 17:13:42 localhost mme[955130]:             }
Mar 10 17:13:42 localhost mme[955130]:             PDUSessionResourceReleaseCommandIEs ::= {
Mar 10 17:13:42 localhost mme[955130]:                 id: 79
Mar 10 17:13:42 localhost mme[955130]:                 criticality: 0 (reject)
Mar 10 17:13:42 localhost mme[955130]:                 value: PDUSessionResourceToReleaseListRelCmd ::= {
Mar 10 17:13:42 localhost mme[955130]:                 }
Mar 10 17:13:42 localhost mme[955130]:             }
Mar 10 17:13:42 localhost mme[955130]:         }
Mar 10 17:13:42 localhost mme[955130]:     }
Mar 10 17:13:42 localhost mme[955130]: }
Mar 10 17:13:42 localhost sctpd[954704]: I0310 17:13:42.471009 954709 sctpd_downlink_impl.cpp:76] SctpdDownlinkImpl::SendDl starting
Mar 10 17:13:42 localhost sctpd[954704]: I0310 17:13:42.525820 955196 sctp_connection.cpp:167] HandleClientSock sd = 72
Mar 10 17:13:42 localhost sctpd[954704]: I0310 17:13:42.525903 955196 sctp_connection.cpp:193] Unhandled notification type 32777
Mar 10 17:13:42 localhost sctpd[954704]: I0310 17:13:42.525923 955196 sctp_connection.cpp:167] HandleClientSock sd = 72
Mar 10 17:13:42 localhost sctpd[954704]: I0310 17:13:42.525943 955196 sctp_connection.cpp:220] [sd:72] msg of len 70 on 3839:1
Mar 10 17:13:44 localhost smsd[954530]: INFO:root:mme non_eps_service_config is not SMS_ORC8R, sleeping.
Mar 10 17:13:49 localhost smsd[954530]: INFO:root:mme non_eps_service_config is not SMS_ORC8R, sleeping.
Mar 10 17:13:50 localhost dnsmasq-dhcp[954615]: DHCPDISCOVER(eth1) fa:16:3e:2a:89:3f 
Mar 10 17:13:50 localhost dnsmasq-dhcp[954615]: DHCPOFFER(eth1) 172.16.7.251 fa:16:3e:2a:89:3f 
Mar 10 17:13:53 localhost mobilityd[954428]: INFO:root:Using GW info: {'default': {2: ('172.16.4.1', 'eth0')}, 2: [('172.16.4.1', 'eth0', True)]}
Mar 10 17:13:53 localhost mobilityd[954428]: INFO:root:GW-v6 probe: timer started
Mar 10 17:13:54 localhost smsd[954530]: INFO:root:mme non_eps_service_config is not SMS_ORC8R, sleeping.
Mar 10 17:13:54 localhost magmad[954360]: INFO:root:[SyncRPC] Got heartBeat from cloud
Mar 10 17:13:56 localhost dhclient[601]: DHCPREQUEST for 172.16.5.121 on eth1 to 172.16.5.2 port 67 (xid=0x4b4058b5)
Mar 10 17:13:58 localhost sctpd[954704]: I0310 17:13:58.489092 954709 sctpd_downlink_impl.cpp:76] SctpdDownlinkImpl::SendDl starting
Mar 10 17:13:58 localhost sctpd[954704]: I0310 17:13:58.692854 955196 sctp_connection.cpp:167] HandleClientSock sd = 72
Mar 10 17:13:58 localhost sctpd[954704]: I0310 17:13:58.692958 955196 sctp_connection.cpp:193] Unhandled notification type 32777
Mar 10 17:13:59 localhost smsd[954530]: INFO:root:mme non_eps_service_config is not SMS_ORC8R, sleeping.
Mar 10 17:14:03 localhost dnsmasq-dhcp[954615]: DHCPDISCOVER(eth1) fa:16:3e:2a:89:3f 
Mar 10 17:14:03 localhost dnsmasq-dhcp[954615]: DHCPOFFER(eth1) 172.16.7.251 fa:16:3e:2a:89:3f 
Mar 10 17:14:04 localhost smsd[954530]: INFO:root:mme non_eps_service_config is not SMS_ORC8R, sleeping.
Mar 10 17:14:06 localhost magmad[954360]: INFO:root:Setting logging level to INFO
Mar 10 17:14:09 localhost smsd[954530]: INFO:root:mme non_eps_service_config is not SMS_ORC8R, sleeping.
Mar 10 17:14:12 localhost dnsmasq-dhcp[954615]: DHCPDISCOVER(eth1) fa:16:3e:2a:89:3f 
Mar 10 17:14:12 localhost dnsmasq-dhcp[954615]: DHCPOFFER(eth1) 172.16.7.251 fa:16:3e:2a:89:3f 
Mar 10 17:14:13 localhost mobilityd[954428]: INFO:root:Using GW info: {'default': {2: ('172.16.4.1', 'eth0')}, 2: [('172.16.4.1', 'eth0', True)]}
Mar 10 17:14:13 localhost mobilityd[954428]: INFO:root:GW-v6 probe: timer started
Mar 10 17:14:14 localhost smsd[954530]: INFO:root:mme non_eps_service_config is not SMS_ORC8R, sleeping.
Mar 10 17:14:14 localhost sctpd[954704]: I0310 17:14:14.507439 954709 sctpd_downlink_impl.cpp:76] SctpdDownlinkImpl::SendDl starting
Mar 10 17:14:14 localhost dhclient[601]: DHCPREQUEST for 172.16.5.121 on eth1 to 172.16.5.2 port 67 (xid=0x4b4058b5)
Mar 10 17:14:14 localhost sctpd[954704]: I0310 17:14:14.708681 955196 sctp_connection.cpp:167] HandleClientSock sd = 72
Mar 10 17:14:14 localhost sctpd[954704]: I0310 17:14:14.708806 955196 sctp_connection.cpp:193] Unhandled notification type 32777
Mar 10 17:14:18 localhost control_proxy[954599]: 2022-03-10T17:14:18.200Z [127.0.0.1 -> streamer-controller.magmasi.wavelabs.in,8443] "POST /magma.orc8r.Streamer/GetUpdates HTTP/2" 200 91bytes 0.544s
Mar 10 17:14:18 localhost policydb[954502]: INFO:root:Processing 2 policy updates (resync=True)
Mar 10 17:14:19 localhost control_proxy[954599]: 2022-03-10T17:14:18.200Z [127.0.0.1 -> streamer-controller.magmasi.wavelabs.in,8443] "POST /magma.orc8r.Streamer/GetUpdates HTTP/2" 200 7bytes 0.285s
Mar 10 17:14:19 localhost policydb[954502]: INFO:root:Processing 0 basename -> policy updates
Mar 10 17:14:19 localhost smsd[954530]: INFO:root:mme non_eps_service_config is not SMS_ORC8R, sleeping.
Mar 10 17:14:19 localhost control_proxy[954599]: 2022-03-10T17:14:19.035Z [127.0.0.1 -> streamer-controller.magmasi.wavelabs.in,8443] "POST /magma.orc8r.Streamer/GetUpdates HTTP/2" 200 5113bytes 0.285s
Mar 10 17:14:19 localhost policydb[954502]: INFO:root:Processing 222 SID -> apn -> policy updates
Mar 10 17:14:19 localhost control_proxy[954599]: 2022-03-10T17:14:19.035Z [127.0.0.1 -> streamer-controller.magmasi.wavelabs.in,8443] "POST /magma.orc8r.Streamer/GetUpdates HTTP/2" 200 7bytes 0.281s
Mar 10 17:14:19 localhost policydb[954502]: INFO:root:Processing 0 rating group updates
Mar 10 17:14:22 localhost dnsmasq-dhcp[954615]: DHCPDISCOVER(eth1) fa:16:3e:2a:89:3f 
Mar 10 17:14:22 localhost dnsmasq-dhcp[954615]: DHCPOFFER(eth1) 172.16.7.251 fa:16:3e:2a:89:3f 
Mar 10 17:14:24 localhost smsd[954530]: INFO:root:mme non_eps_service_config is not SMS_ORC8R, sleeping.
Mar 10 17:14:25 localhost magmad[954360]: ERROR:root:Metrics upload error for service subscriberdb (chunk 0)! [StatusCode.DEADLINE_EXCEEDED] Deadline Exceeded
Mar 10 17:14:25 localhost magmad[954360]: ERROR:root:Metrics upload error for service mobilityd (chunk 0)! [StatusCode.DEADLINE_EXCEEDED] Deadline Exceeded
Mar 10 17:14:25 localhost magmad[954360]: ERROR:root:Metrics upload error for service mme (chunk 0)! [StatusCode.DEADLINE_EXCEEDED] Deadline Exceeded
Mar 10 17:14:25 localhost magmad[954360]: ERROR:root:Metrics upload error for service magmad (chunk 0)! [StatusCode.DEADLINE_EXCEEDED] Deadline Exceeded
Mar 10 17:14:25 localhost magmad[954360]: ERROR:root:Metrics upload error for service enodebd (chunk 0)! [StatusCode.DEADLINE_EXCEEDED] Deadline Exceeded
Mar 10 17:14:25 localhost magmad[954360]: ERROR:root:Metrics upload error for service pipelined (chunk 0)! [StatusCode.DEADLINE_EXCEEDED] Deadline Exceeded
Mar 10 17:14:25 localhost magmad[954360]: ERROR:root:Metrics upload error for service state (chunk 0)! [StatusCode.DEADLINE_EXCEEDED] Deadline Exceeded
Mar 10 17:14:25 localhost magmad[954360]: ERROR:root:Metrics upload error for service sessiond (chunk 0)! [StatusCode.DEADLINE_EXCEEDED] Deadline Exceeded
Mar 10 17:14:25 localhost magmad[954360]: INFO:root:Checking for upgrade...
Mar 10 17:14:25 localhost magmad[954360]: WARNING:root:magmad package_version config missing or set to default 0.0.0-0, skipping upgrade
Mar 10 17:14:25 localhost control_proxy[954599]: 2022-03-10T17:14:25.188Z [127.0.0.1 -> state-controller.magmasi.wavelabs.in,8443] "POST /magma.orc8r.StateService/ReportStates HTTP/2" 200 5bytes 0.275s
Mar 10 17:14:25 localhost magmad[954360]: INFO:root:Checkin Successful! Successfully sent states to the cloud!
Mar 10 17:14:29 localhost smsd[954530]: INFO:root:mme non_eps_service_config is not SMS_ORC8R, sleeping.
Mar 10 17:14:30 localhost sctpd[954704]: I0310 17:14:30.523468 955195 sctpd_downlink_impl.cpp:76] SctpdDownlinkImpl::SendDl starting
Mar 10 17:14:30 localhost sctpd[954704]: I0310 17:14:30.725044 955196 sctp_connection.cpp:167] HandleClientSock sd = 72
Mar 10 17:14:30 localhost sctpd[954704]: I0310 17:14:30.725154 955196 sctp_connection.cpp:193] Unhandled notification type 32777
Mar 10 17:14:33 localhost mobilityd[954428]: INFO:root:Using GW info: {'default': {2: ('172.16.4.1', 'eth0')}, 2: [('172.16.4.1', 'eth0', True)]}
Mar 10 17:14:33 localhost mobilityd[954428]: INFO:root:GW-v6 probe: timer started
Mar 10 17:14:34 localhost smsd[954530]: INFO:root:mme non_eps_service_config is not SMS_ORC8R, sleeping.
Mar 10 17:14:35 localhost dhclient[601]: DHCPREQUEST for 172.16.5.121 on eth1 to 172.16.5.2 port 67 (xid=0x4b4058b5)
Mar 10 17:14:36 localhost dnsmasq-dhcp[954615]: DHCPDISCOVER(eth1) fa:16:3e:2a:89:3f 
Mar 10 17:14:36 localhost dnsmasq-dhcp[954615]: DHCPOFFER(eth1) 172.16.7.251 fa:16:3e:2a:89:3f 
Mar 10 17:14:39 localhost smsd[954530]: INFO:root:mme non_eps_service_config is not SMS_ORC8R, sleeping.
Mar 10 17:14:43 localhost dnsmasq-dhcp[954615]: DHCPDISCOVER(eth1) fa:16:3e:2a:89:3f 
Mar 10 17:14:43 localhost dnsmasq-dhcp[954615]: DHCPOFFER(eth1) 172.16.7.251 fa:16:3e:2a:89:3f 
Mar 10 17:14:44 localhost smsd[954530]: INFO:root:mme non_eps_service_config is not SMS_ORC8R, sleeping.
Mar 10 17:14:46 localhost sctpd[954704]: I0310 17:14:46.541414 955195 sctpd_downlink_impl.cpp:76] SctpdDownlinkImpl::SendDl starting
Mar 10 17:14:46 localhost sctpd[954704]: I0310 17:14:46.744802 955196 sctp_connection.cpp:167] HandleClientSock sd = 72
Mar 10 17:14:46 localhost sctpd[954704]: I0310 17:14:46.744915 955196 sctp_connection.cpp:193] Unhandled notification type 32777
Mar 10 17:14:47 localhost dhclient[601]: DHCPREQUEST for 172.16.5.121 on eth1 to 172.16.5.2 port 67 (xid=0x4b4058b5)
Mar 10 17:14:49 localhost smsd[954530]: INFO:root:mme non_eps_service_config is not SMS_ORC8R, sleeping.
Mar 10 17:14:52 localhost sctpd[954704]: I0310 17:14:52.818909 955196 sctp_connection.cpp:167] HandleClientSock sd = 72
Mar 10 17:14:52 localhost sctpd[954704]: I0310 17:14:52.819034 955196 sctp_connection.cpp:220] [sd:72] msg of len 72 on 3839:1
Mar 10 17:14:53 localhost sctpd[954704]: I0310 17:14:53.023185 955196 sctp_connection.cpp:167] HandleClientSock sd = 72
Mar 10 17:14:53 localhost sctpd[954704]: I0310 17:14:53.023306 955196 sctp_connection.cpp:220] [sd:72] msg of len 70 on 3839:1
Mar 10 17:14:53 localhost sessiond[954439]: I0310 17:14:53.029662 954439 SetMessageManagerHandler.cpp:142] Release request for session from IMSI: IMSI222700000000001 pdu_id 1
