Apr  5 01:40:36 localhost mobilityd[2866051]: INFO:root:Using GW info: {'default': {2: ('172.16.4.1', 'eth0')}, 2: [('172.16.4.1', 'eth0', True)]}
Apr  5 01:40:36 localhost mobilityd[2866051]: INFO:root:GW-v6 probe: timer started
Apr  5 01:40:36 localhost policydb[2866123]: INFO:root:Terminating session: IMSI222700000000001-941659
Apr  5 01:40:36 localhost eventd[2866134]: DEBUG:root:Logging event: stream_name: "sessiond"
Apr  5 01:40:36 localhost eventd[2866134]: event_type: "session_terminated"
Apr  5 01:40:36 localhost eventd[2866134]: tag: "IMSI222700000000001"
Apr  5 01:40:36 localhost eventd[2866134]: value: "{\"mac_addr\":\"\",\"user_location\":\"\",\"spgw_ip\":\"\",\"imei\":\"\",\"record_sequence_number\":1,\"pdp_end_time\":140690625828432,\"charging_rx\":0,\"duration\":45791492880224,\"ip_addr\":\"192.168.128.123\",\"monitoring_tx\":0,\"ipv6_addr\":\"\",\"msisdn\":\"\",\"apn\":\"default\",\"session_id\":\"IMSI222700000000001-941659\",\"list_of_service_data\":[],\"charging_characteristics\":\"\",\"total_tx\":0,\"cause_for_rec_closing\":0,\"imsi\":\"IMSI222700000000001\",\"total_rx\":0,\"monitoring_rx\":0,\"charging_tx\":0,\"pdp_start_time\":94899132948208}"
Apr  5 01:40:36 localhost eventd[2866134]: ERROR:root:Connection to FluentBit failed: [Errno 111] Connection refused
Apr  5 01:40:36 localhost eventd[2866134]: INFO:root:FluentBit (td-agent-bit) may not be enabled or configured correctly
Apr  5 01:40:36 localhost sessiond[2866058]: I0405 01:40:36.183779 2866075 SessionEvents.cpp:291] Could not log session_terminated event {"mac_addr":"","user_location":"","spgw_ip":"","imei":"","record_sequence_number":1,"pdp_end_time":140690625828432,"charging_rx":0,"duration":45791492880224,"ip_addr":"192.168.128.123","monitoring_tx":0,"ipv6_addr":"","msisdn":"","apn":"default","session_id":"IMSI222700000000001-941659","list_of_service_data":[],"charging_characteristics":"","total_tx":0,"cause_for_rec_closing":0,"imsi":"IMSI222700000000001","total_rx":0,"monitoring_rx":0,"charging_tx":0,"pdp_start_time":94899132948208}, Error Message: Could not connect to FluentBit locally, Details: [Errno 111] Connection refused
Apr  5 01:40:40 localhost smsd[2866142]: INFO:root:mme non_eps_service_config is not SMS_ORC8R, sleeping.
Apr  5 01:40:45 localhost smsd[2866142]: INFO:root:mme non_eps_service_config is not SMS_ORC8R, sleeping.
Apr  5 01:40:45 localhost dhclient[601]: DHCPREQUEST for 172.16.5.121 on eth1 to 255.255.255.255 port 67 (xid=0x25c866c5)
Apr  5 01:40:48 localhost sctpd[2866333]: I0405 01:40:48.078905 2866777 sctp_connection.cpp:195] Unhandled notification type 32776
Apr  5 01:40:48 localhost sctpd[2866333]: I0405 01:40:48.222558 2866777 sctp_connection.cpp:195] Unhandled notification type 32776
Apr  5 01:40:49 localhost control_proxy[2866221]: 2022-04-05T01:40:48.732Z [127.0.0.1 -> state-controller.magmasi.wavelabs.in,8443] "POST /magma.orc8r.StateService/ReportStates HTTP/2" 200 5bytes 0.270s
Apr  5 01:40:49 localhost magmad[2865981]: INFO:root:Checkin Successful! Successfully sent states to the cloud!
Apr  5 01:40:49 localhost sctpd[2866333]: I0405 01:40:49.277422 2866777 sctp_connection.cpp:195] Unhandled notification type 32777
Apr  5 01:40:49 localhost sctpd[2866333]: I0405 01:40:49.379294 2866777 sctp_connection.cpp:195] Unhandled notification type 32777
Apr  5 01:40:49 localhost sctpd[2866333]: I0405 01:40:49.608405 2866777 sctp_connection.cpp:195] Unhandled notification type 32777
Apr  5 01:40:49 localhost sctpd[2866333]: I0405 01:40:49.726414 2866777 sctp_connection.cpp:195] Unhandled notification type 32777
Apr  5 01:40:49 localhost mme[2866731]: [DEBUG] Sending S6A-UPDATE_LOCATION_REQUEST with IMSI: 222700000000001
Apr  5 01:40:49 localhost mme[2866731]: [INFO] Received S6A-LOCATION-UPDATE_ANSWER for IMSI: 222700000000001; Status: ; StatusCode: 2001
Apr  5 01:40:49 localhost mme[2866731]: [INFO] sent itti S6A-LOCATION-UPDATE_ANSWER for IMSI: 222700000000001
Apr  5 01:40:49 localhost sctpd[2866333]: I0405 01:40:49.846509 2866777 sctp_connection.cpp:195] Unhandled notification type 32777
Apr  5 01:40:50 localhost smsd[2866142]: INFO:root:mme non_eps_service_config is not SMS_ORC8R, sleeping.
Apr  5 01:40:52 localhost mobilityd[2866051]: INFO:root:Allocated IP 192.168.128.125 for sid IMSI222700000000001 for apn default
Apr  5 01:40:52 localhost policydb[2866123]: INFO:root:Creating a session for subscriber ID: IMSI222700000000001
Apr  5 01:40:52 localhost sessiond[2866058]: I0405 01:40:52.099189 2866058 SetMessageManagerHandler.cpp:342] Processing a CreateSessionResponse for IMSI222700000000001-655484
Apr  5 01:40:52 localhost sessiond[2866058]: I0405 01:40:52.099370 2866058 SessionState.cpp:2774] RuleID allowlist_sid-IMSI222700000000001-default doesn't have a version registered for IMSI222700000000001-655484, this is unexpected
Apr  5 01:40:52 localhost mme[2866731]: PDUSessionResourceSetupRequestTransfer ::= {
Apr  5 01:40:52 localhost mme[2866731]:     protocolIEs: ProtocolIE-Container ::= {
Apr  5 01:40:52 localhost mme[2866731]:         PDUSessionResourceSetupRequestTransferIEs ::= {
Apr  5 01:40:52 localhost mme[2866731]:             id: 130
Apr  5 01:40:52 localhost mme[2866731]:             criticality: 0 (reject)
Apr  5 01:40:52 localhost mme[2866731]:             value: PDUSessionAggregateMaximumBitRate ::= {
Apr  5 01:40:52 localhost mme[2866731]:                 pDUSessionAggregateMaximumBitRateDL: 100000000
Apr  5 01:40:52 localhost mme[2866731]:                 pDUSessionAggregateMaximumBitRateUL: 100000000
Apr  5 01:40:52 localhost mme[2866731]:             }
Apr  5 01:40:52 localhost mme[2866731]:         }
Apr  5 01:40:52 localhost mme[2866731]:         PDUSessionResourceSetupRequestTransferIEs ::= {
Apr  5 01:40:52 localhost mme[2866731]:             id: 139
Apr  5 01:40:52 localhost mme[2866731]:             criticality: 0 (reject)
Apr  5 01:40:52 localhost mme[2866731]:             value: GTPTunnel ::= {
Apr  5 01:40:52 localhost mme[2866731]:                 transportLayerAddress: AC 10 05 79
Apr  5 01:40:52 localhost mme[2866731]:                 gTP-TEID: 80 00 00 04
Apr  5 01:40:52 localhost mme[2866731]:             }
Apr  5 01:40:52 localhost mme[2866731]:         }
Apr  5 01:40:52 localhost mme[2866731]:         PDUSessionResourceSetupRequestTransferIEs ::= {
Apr  5 01:40:52 localhost mme[2866731]:             id: 134
Apr  5 01:40:52 localhost mme[2866731]:             criticality: 0 (reject)
Apr  5 01:40:52 localhost mme[2866731]:             value: 0 (ipv4)
Apr  5 01:40:52 localhost mme[2866731]:         }
Apr  5 01:40:52 localhost mme[2866731]:         PDUSessionResourceSetupRequestTransferIEs ::= {
Apr  5 01:40:52 localhost mme[2866731]:             id: 136
Apr  5 01:40:52 localhost mme[2866731]:             criticality: 0 (reject)
Apr  5 01:40:52 localhost mme[2866731]:             value: QosFlowSetupRequestList ::= {
Apr  5 01:40:52 localhost mme[2866731]:                 QosFlowSetupRequestItem ::= {
Apr  5 01:40:52 localhost mme[2866731]:                     qosFlowIdentifier: 9
Apr  5 01:40:52 localhost mme[2866731]:                     qosFlowLevelQosParameters: QosFlowLevelQosParameters ::= {
Apr  5 01:40:52 localhost mme[2866731]:                         qosCharacteristics: NonDynamic5QIDescriptor ::= {
Apr  5 01:40:52 localhost mme[2866731]:                             fiveQI: 9
Apr  5 01:40:52 localhost mme[2866731]:                         }
Apr  5 01:40:52 localhost mme[2866731]:                         allocationAndRetentionPriority: AllocationAndRetentionPriority ::= {
Apr  5 01:40:52 localhost mme[2866731]:                             priorityLevelARP: 15
Apr  5 01:40:52 localhost mme[2866731]:                             pre-emptionCapability: 0 (shall-not-trigger-pre-emption)
Apr  5 01:40:52 localhost mme[2866731]:                             pre-emptionVulnerability: 0 (not-pre-emptable)
Apr  5 01:40:52 localhost mme[2866731]:                         }
Apr  5 01:40:52 localhost mme[2866731]:                     }
Apr  5 01:40:52 localhost mme[2866731]:                 }
Apr  5 01:40:52 localhost mme[2866731]:             }
Apr  5 01:40:52 localhost mme[2866731]:         }
Apr  5 01:40:52 localhost mme[2866731]:     }
Apr  5 01:40:52 localhost mme[2866731]: }
Apr  5 01:40:52 localhost sctpd[2866333]: I0405 01:40:52.191272 2866777 sctp_connection.cpp:195] Unhandled notification type 32777
Apr  5 01:40:52 localhost sessiond[2866058]: I0405 01:40:52.194417 2866058 SessionStateEnforcer.cpp:869]  AMF teid: 40000000 ip address 10.10.10.11 of imsi: IMSI222700000000001 fteid: 2147483652 pdu id: 1 UE ip address 192.168.128.125
Apr  5 01:40:52 localhost eventd[2866134]: DEBUG:root:Logging event: stream_name: "sessiond"
Apr  5 01:40:52 localhost eventd[2866134]: event_type: "session_created"
Apr  5 01:40:52 localhost eventd[2866134]: tag: "IMSI222700000000001"
Apr  5 01:40:52 localhost eventd[2866134]: value: "{\"mac_addr\":\"\",\"user_location\":\"\",\"spgw_ip\":\"\",\"imei\":\"\",\"pdp_start_time\":94899132948208,\"session_id\":\"IMSI222700000000001-655484\",\"apn\":\"default\",\"msisdn\":\"\",\"charging_characteristics\":\"\",\"ipv6_addr\":\"\",\"ip_addr\":\"192.168.128.125\",\"imsi\":\"IMSI222700000000001\"}"
Apr  5 01:40:52 localhost eventd[2866134]: ERROR:root:Connection to FluentBit failed: [Errno 111] Connection refused
Apr  5 01:40:52 localhost eventd[2866134]: INFO:root:FluentBit (td-agent-bit) may not be enabled or configured correctly
Apr  5 01:40:52 localhost sessiond[2866058]: I0405 01:40:52.199424 2866075 SessionEvents.cpp:131] Could not log session_created event {"mac_addr":"","user_location":"","spgw_ip":"","imei":"","pdp_start_time":94899132948208,"session_id":"IMSI222700000000001-655484","apn":"default","msisdn":"","charging_characteristics":"","ipv6_addr":"","ip_addr":"192.168.128.125","imsi":"IMSI222700000000001"}, Error Message: Could not connect to FluentBit locally, Details: [Errno 111] Connection refused
Apr  5 01:40:54 localhost mme[2866731]: InitiatingMessage ::= {
Apr  5 01:40:54 localhost mme[2866731]:     procedureCode: 28
Apr  5 01:40:54 localhost mme[2866731]:     criticality: 1 (ignore)
Apr  5 01:40:54 localhost mme[2866731]:     value: PDUSessionResourceReleaseCommand ::= {
Apr  5 01:40:54 localhost mme[2866731]:         protocolIEs: ProtocolIE-Container ::= {
Apr  5 01:40:54 localhost mme[2866731]:             PDUSessionResourceReleaseCommandIEs ::= {
Apr  5 01:40:54 localhost mme[2866731]:                 id: 10
Apr  5 01:40:54 localhost mme[2866731]:                 criticality: 0 (reject)
Apr  5 01:40:54 localhost mme[2866731]:                 value: 42
Apr  5 01:40:54 localhost mme[2866731]:             }
Apr  5 01:40:54 localhost mme[2866731]:             PDUSessionResourceReleaseCommandIEs ::= {
Apr  5 01:40:54 localhost mme[2866731]:                 id: 85
Apr  5 01:40:54 localhost mme[2866731]:                 criticality: 0 (reject)
Apr  5 01:40:54 localhost mme[2866731]:                 value: 4294967295
Apr  5 01:40:54 localhost mme[2866731]:             }
Apr  5 01:40:54 localhost mme[2866731]:             PDUSessionResourceReleaseCommandIEs ::= {
Apr  5 01:40:54 localhost mme[2866731]:                 id: 38
Apr  5 01:40:54 localhost mme[2866731]:                 criticality: 0 (reject)
Apr  5 01:40:54 localhost mme[2866731]:                 value:
Apr  5 01:40:54 localhost mme[2866731]:                     7E 01 37 5A A2 50 03 7E 00 68 01 00 05 2E 01 01
Apr  5 01:40:54 localhost mme[2866731]:                     D3 24 12 01
Apr  5 01:40:54 localhost mme[2866731]:             }
Apr  5 01:40:54 localhost mme[2866731]:             PDUSessionResourceReleaseCommandIEs ::= {
Apr  5 01:40:54 localhost mme[2866731]:                 id: 79
Apr  5 01:40:54 localhost mme[2866731]:                 criticality: 0 (reject)
Apr  5 01:40:54 localhost mme[2866731]:                 value: PDUSessionResourceToReleaseListRelCmd ::= {
Apr  5 01:40:54 localhost mme[2866731]:                 }
Apr  5 01:40:54 localhost mme[2866731]:             }
Apr  5 01:40:54 localhost mme[2866731]:         }
Apr  5 01:40:54 localhost mme[2866731]:     }
Apr  5 01:40:54 localhost mme[2866731]: }
Apr  5 01:40:54 localhost sctpd[2866333]: I0405 01:40:54.449550 2866777 sctp_connection.cpp:195] Unhandled notification type 32777
Apr  5 01:40:54 localhost sessiond[2866058]: I0405 01:40:54.661475 2866058 SetMessageManagerHandler.cpp:142] Release request for session from IMSI: IMSI222700000000001 pdu_id 1
Apr  5 01:40:54 localhost mobilityd[2866051]: INFO:root:Released IP 192.168.128.125 for sid IMSI222700000000001
Apr  5 01:40:54 localhost policydb[2866123]: INFO:root:Terminating session: IMSI222700000000001-655484
Apr  5 01:40:54 localhost eventd[2866134]: DEBUG:root:Logging event: stream_name: "sessiond"
Apr  5 01:40:54 localhost eventd[2866134]: event_type: "session_terminated"
Apr  5 01:40:54 localhost eventd[2866134]: tag: "IMSI222700000000001"
Apr  5 01:40:54 localhost eventd[2866134]: value: "{\"mac_addr\":\"\",\"user_location\":\"\",\"spgw_ip\":\"\",\"imei\":\"\",\"record_sequence_number\":1,\"pdp_end_time\":140690625828432,\"charging_rx\":0,\"duration\":45791492880224,\"ip_addr\":\"192.168.128.125\",\"monitoring_tx\":0,\"ipv6_addr\":\"\",\"msisdn\":\"\",\"apn\":\"default\",\"session_id\":\"IMSI222700000000001-655484\",\"list_of_service_data\":[],\"charging_characteristics\":\"\",\"total_tx\":0,\"cause_for_rec_closing\":0,\"imsi\":\"IMSI222700000000001\",\"total_rx\":0,\"monitoring_rx\":0,\"charging_tx\":0,\"pdp_start_time\":94899132948208}"
Apr  5 01:40:54 localhost eventd[2866134]: ERROR:root:Connection to FluentBit failed: [Errno 111] Connection refused
Apr  5 01:40:54 localhost eventd[2866134]: INFO:root:FluentBit (td-agent-bit) may not be enabled or configured correctly
Apr  5 01:40:54 localhost sessiond[2866058]: I0405 01:40:54.686739 2866075 SessionEvents.cpp:291] Could not log session_terminated event {"mac_addr":"","user_location":"","spgw_ip":"","imei":"","record_sequence_number":1,"pdp_end_time":140690625828432,"charging_rx":0,"duration":45791492880224,"ip_addr":"192.168.128.125","monitoring_tx":0,"ipv6_addr":"","msisdn":"","apn":"default","session_id":"IMSI222700000000001-655484","list_of_service_data":[],"charging_characteristics":"","total_tx":0,"cause_for_rec_closing":0,"imsi":"IMSI222700000000001","total_rx":0,"monitoring_rx":0,"charging_tx":0,"pdp_start_time":94899132948208}, Error Message: Could not connect to FluentBit locally, Details: [Errno 111] Connection refused
Apr  5 01:40:54 localhost sctpd[2866333]: I0405 01:40:54.851234 2866777 sctp_connection.cpp:195] Unhandled notification type 32777
Apr  5 01:40:55 localhost smsd[2866142]: INFO:root:mme non_eps_service_config is not SMS_ORC8R, sleeping.
Apr  5 01:40:56 localhost mobilityd[2866051]: INFO:root:Using GW info: {'default': {2: ('172.16.4.1', 'eth0')}, 2: [('172.16.4.1', 'eth0', True)]}
Apr  5 01:40:56 localhost mobilityd[2866051]: INFO:root:GW-v6 probe: timer started
Apr  5 01:40:59 localhost sessiond[2866058]: I0405 01:40:59.662456 2866058 SessionStateEnforcer.cpp:377] Nothing to remove as no respective entry found for session id IMSI222700000000001-655484 of IMSI IMSI222700000000001
Apr  5 01:41:00 localhost smsd[2866142]: INFO:root:mme non_eps_service_config is not SMS_ORC8R, sleeping.
Apr  5 01:41:02 localhost dhclient[601]: DHCPREQUEST for 172.16.5.121 on eth1 to 255.255.255.255 port 67 (xid=0x25c866c5)
Apr  5 01:41:05 localhost smsd[2866142]: INFO:root:mme non_eps_service_config is not SMS_ORC8R, sleeping.
Apr  5 01:41:10 localhost smsd[2866142]: INFO:root:mme non_eps_service_config is not SMS_ORC8R, sleeping.
Apr  5 01:41:13 localhost sctpd[2866333]: I0405 01:41:13.548558 2866777 sctp_connection.cpp:195] Unhandled notification type 32776
Apr  5 01:41:15 localhost dhclient[601]: DHCPREQUEST for 172.16.5.121 on eth1 to 255.255.255.255 port 67 (xid=0x25c866c5)
Apr  5 01:41:15 localhost smsd[2866142]: INFO:root:mme non_eps_service_config is not SMS_ORC8R, sleeping.
Apr  5 01:41:16 localhost mobilityd[2866051]: INFO:root:Using GW info: {'default': {2: ('172.16.4.1', 'eth0')}, 2: [('172.16.4.1', 'eth0', True)]}
Apr  5 01:41:16 localhost mobilityd[2866051]: INFO:root:GW-v6 probe: timer started
Apr  5 01:41:16 localhost magmad[2865981]: INFO:root:[SyncRPC] Got heartBeat from cloud
Apr  5 01:41:16 localhost control_proxy[2866221]: 2022-04-05T01:40:15.967Z [127.0.0.1 -> streamer-controller.magmasi.wavelabs.in,8443] "POST /magma.orc8r.Streamer/GetUpdates HTTP/2" 200 0bytes 60.528s
Apr  5 01:41:16 localhost magmad[2865981]: ERROR:root:Error! Streaming from the cloud failed! [StatusCode.ABORTED] error while streaming updates: rpc error: code = DeadlineExceeded desc = context deadline exceeded
Apr  5 01:41:19 localhost magmad[2865981]: ERROR:root:Metrics upload error for service subscriberdb (chunk 0)! [StatusCode.DEADLINE_EXCEEDED] Deadline Exceeded
Apr  5 01:41:19 localhost magmad[2865981]: ERROR:root:Metrics upload error for service mobilityd (chunk 0)! [StatusCode.DEADLINE_EXCEEDED] Deadline Exceeded
Apr  5 01:41:19 localhost magmad[2865981]: ERROR:root:Metrics upload error for service mme (chunk 0)! [StatusCode.DEADLINE_EXCEEDED] Deadline Exceeded
Apr  5 01:41:19 localhost magmad[2865981]: ERROR:root:Metrics upload error for service magmad (chunk 0)! [StatusCode.DEADLINE_EXCEEDED] Deadline Exceeded
Apr  5 01:41:19 localhost magmad[2865981]: ERROR:root:Metrics upload error for service enodebd (chunk 0)! [StatusCode.DEADLINE_EXCEEDED] Deadline Exceeded
Apr  5 01:41:20 localhost magmad[2865981]: ERROR:root:Metrics upload error for service pipelined (chunk 0)! [StatusCode.DEADLINE_EXCEEDED] Deadline Exceeded
Apr  5 01:41:20 localhost magmad[2865981]: ERROR:root:Metrics upload error for service state (chunk 0)! [StatusCode.DEADLINE_EXCEEDED] Deadline Exceeded
Apr  5 01:41:20 localhost magmad[2865981]: ERROR:root:Metrics upload error for service sessiond (chunk 0)! [StatusCode.DEADLINE_EXCEEDED] Deadline Exceeded
Apr  5 01:41:20 localhost smsd[2866142]: INFO:root:mme non_eps_service_config is not SMS_ORC8R, sleeping.
Apr  5 01:41:23 localhost sctpd[2866333]: I0405 01:41:23.343886 2866777 sctp_connection.cpp:195] Unhandled notification type 32777
Apr  5 01:41:23 localhost sctpd[2866333]: I0405 01:41:23.560426 2866777 sctp_connection.cpp:195] Unhandled notification type 32777
Apr  5 01:41:23 localhost sctpd[2866333]: I0405 01:41:23.672683 2866777 sctp_connection.cpp:195] Unhandled notification type 32777
Apr  5 01:41:23 localhost sctpd[2866333]: I0405 01:41:23.796371 2866777 sctp_connection.cpp:195] Unhandled notification type 32777
Apr  5 01:41:23 localhost mme[2866731]: [DEBUG] Sending S6A-UPDATE_LOCATION_REQUEST with IMSI: 222700000000001
Apr  5 01:41:23 localhost mme[2866731]: [INFO] Received S6A-LOCATION-UPDATE_ANSWER for IMSI: 222700000000001; Status: ; StatusCode: 2001
Apr  5 01:41:23 localhost mme[2866731]: [INFO] sent itti S6A-LOCATION-UPDATE_ANSWER for IMSI: 222700000000001
Apr  5 01:41:23 localhost sctpd[2866333]: I0405 01:41:23.909895 2866777 sctp_connection.cpp:195] Unhandled notification type 32777
Apr  5 01:41:25 localhost sctpd[2866333]: I0405 01:41:25.342427 2866777 sctp_connection.cpp:195] Unhandled notification type 32777
Apr  5 01:41:25 localhost smsd[2866142]: INFO:root:mme non_eps_service_config is not SMS_ORC8R, sleeping.
Apr  5 01:41:30 localhost smsd[2866142]: INFO:root:mme non_eps_service_config is not SMS_ORC8R, sleeping.
Apr  5 01:41:33 localhost dhclient[601]: DHCPREQUEST for 172.16.5.121 on eth1 to 255.255.255.255 port 67 (xid=0x25c866c5)
Apr  5 01:41:35 localhost smsd[2866142]: INFO:root:mme non_eps_service_config is not SMS_ORC8R, sleeping.
Apr  5 01:41:36 localhost control_proxy[2866221]: 2022-04-05T01:41:35.515Z [127.0.0.1 -> streamer-controller.magmasi.wavelabs.in,8443] "POST /magma.orc8r.Streamer/GetUpdates HTTP/2" 200 173bytes 0.524s
Apr  5 01:41:36 localhost policydb[2866123]: INFO:root:Processing 4 policy updates (resync=True)
Apr  5 01:41:36 localhost mobilityd[2866051]: INFO:root:Using GW info: {'default': {2: ('172.16.4.1', 'eth0')}, 2: [('172.16.4.1', 'eth0', True)]}
Apr  5 01:41:36 localhost mobilityd[2866051]: INFO:root:GW-v6 probe: timer started
Apr  5 01:41:36 localhost control_proxy[2866221]: 2022-04-05T01:41:36.044Z [127.0.0.1 -> streamer-controller.magmasi.wavelabs.in,8443] "POST /magma.orc8r.Streamer/GetUpdates HTTP/2" 200 7bytes 0.265s
Apr  5 01:41:36 localhost policydb[2866123]: INFO:root:Processing 0 basename -> policy updates
Apr  5 01:41:36 localhost control_proxy[2866221]: 2022-04-05T01:41:36.044Z [127.0.0.1 -> streamer-controller.magmasi.wavelabs.in,8443] "POST /magma.orc8r.Streamer/GetUpdates HTTP/2" 200 13513bytes 0.296s
Apr  5 01:41:36 localhost policydb[2866123]: INFO:root:Processing 222 SID -> apn -> policy updates
Apr  5 01:41:36 localhost control_proxy[2866221]: 2022-04-05T01:41:36.044Z [127.0.0.1 -> streamer-controller.magmasi.wavelabs.in,8443] "POST /magma.orc8r.Streamer/GetUpdates HTTP/2" 200 7bytes 0.263s
Apr  5 01:41:36 localhost policydb[2866123]: INFO:root:Processing 0 rating group updates
Apr  5 01:41:40 localhost smsd[2866142]: INFO:root:mme non_eps_service_config is not SMS_ORC8R, sleeping.
Apr  5 01:41:41 localhost sctpd[2866333]: I0405 01:41:41.817276 2866777 sctp_connection.cpp:195] Unhandled notification type 32776
Apr  5 01:41:42 localhost sctpd[2866333]: I0405 01:41:42.874482 2866777 sctp_connection.cpp:195] Unhandled notification type 32777
Apr  5 01:41:43 localhost sctpd[2866333]: I0405 01:41:43.104246 2866777 sctp_connection.cpp:195] Unhandled notification type 32777
Apr  5 01:41:43 localhost sctpd[2866333]: I0405 01:41:43.309918 2866777 sctp_connection.cpp:195] Unhandled notification type 32777
Apr  5 01:41:45 localhost smsd[2866142]: INFO:root:mme non_eps_service_config is not SMS_ORC8R, sleeping.
Apr  5 01:41:49 localhost sctpd[2866333]: I0405 01:41:49.318154 2866777 sctp_connection.cpp:195] Unhandled notification type 32777
Apr  5 01:41:49 localhost magmad[2865981]: INFO:root:Setting logging level to INFO
Apr  5 01:41:50 localhost smsd[2866142]: INFO:root:mme non_eps_service_config is not SMS_ORC8R, sleeping.
Apr  5 01:41:53 localhost mme[2866731]: [DEBUG] Sending S6A-UPDATE_LOCATION_REQUEST with IMSI: 222700000000001
Apr  5 01:41:53 localhost mme[2866731]: [INFO] Received S6A-LOCATION-UPDATE_ANSWER for IMSI: 222700000000001; Status: ; StatusCode: 2001
Apr  5 01:41:53 localhost mme[2866731]: [INFO] sent itti S6A-LOCATION-UPDATE_ANSWER for IMSI: 222700000000001
Apr  5 01:41:53 localhost sctpd[2866333]: I0405 01:41:53.385740 2866777 sctp_connection.cpp:195] Unhandled notification type 32777
Apr  5 01:41:53 localhost dhclient[601]: DHCPREQUEST for 172.16.5.121 on eth1 to 255.255.255.255 port 67 (xid=0x25c866c5)
Apr  5 01:41:55 localhost smsd[2866142]: INFO:root:mme non_eps_service_config is not SMS_ORC8R, sleeping.
Apr  5 01:41:56 localhost mobilityd[2866051]: INFO:root:Using GW info: {'default': {2: ('172.16.4.1', 'eth0')}, 2: [('172.16.4.1', 'eth0', True)]}
Apr  5 01:41:56 localhost mobilityd[2866051]: INFO:root:GW-v6 probe: timer started
Apr  5 01:42:00 localhost smsd[2866142]: INFO:root:mme non_eps_service_config is not SMS_ORC8R, sleeping.
Apr  5 01:42:00 localhost dhclient[601]: DHCPREQUEST for 172.16.5.121 on eth1 to 255.255.255.255 port 67 (xid=0x25c866c5)
Apr  5 01:42:05 localhost smsd[2866142]: INFO:root:mme non_eps_service_config is not SMS_ORC8R, sleeping.
Apr  5 01:42:09 localhost control_proxy[2866221]: 2022-04-05T01:42:08.262Z [127.0.0.1 -> state-controller.magmasi.wavelabs.in,8443] "POST /magma.orc8r.StateService/ReportStates HTTP/2" 200 5bytes 0.630s
Apr  5 01:42:09 localhost magmad[2865981]: INFO:root:Checkin Successful! Successfully sent states to the cloud!
Apr  5 01:42:09 localhost dhclient[601]: DHCPREQUEST for 172.16.5.121 on eth1 to 255.255.255.255 port 67 (xid=0x25c866c5)
Apr  5 01:42:10 localhost sctpd[2866333]: I0405 01:42:10.056217 2866777 sctp_connection.cpp:195] Unhandled notification type 32776
Apr  5 01:42:10 localhost smsd[2866142]: INFO:root:mme non_eps_service_config is not SMS_ORC8R, sleeping.
Apr  5 01:42:11 localhost sctpd[2866333]: I0405 01:42:11.119016 2866777 sctp_connection.cpp:195] Unhandled notification type 32777
Apr  5 01:42:15 localhost smsd[2866142]: INFO:root:mme non_eps_service_config is not SMS_ORC8R, sleeping.
Apr  5 01:42:16 localhost mobilityd[2866051]: INFO:root:Using GW info: {'default': {2: ('172.16.4.1', 'eth0')}, 2: [('172.16.4.1', 'eth0', True)]}
Apr  5 01:42:16 localhost mobilityd[2866051]: INFO:root:GW-v6 probe: timer started
Apr  5 01:42:16 localhost magmad[2865981]: INFO:root:[SyncRPC] Got heartBeat from cloud
Apr  5 01:42:20 localhost subscriberdb[2866050]: INFO:root:get digest stored in gateway:
Apr  5 01:42:20 localhost smsd[2866142]: INFO:root:mme non_eps_service_config is not SMS_ORC8R, sleeping.
Apr  5 01:42:20 localhost control_proxy[2866221]: 2022-04-05T01:42:20.632Z [127.0.0.1 -> subscriberdb-controller.magmasi.wavelabs.in,8443] "POST /magma.lte.SubscriberDBCloud/CheckInSync HTTP/2" 200 0bytes 0.250s
Apr  5 01:42:20 localhost subscriberdb[2866050]: ERROR:root:Internal Error in subscriberdb-Orc8r communication. If AGW and Orc8r are deployed at a commit hash, upgrade AGW and Orc8r to latest commit hash.
Apr  5 01:42:21 localhost control_proxy[2866221]: 2022-04-05T01:42:20.632Z [127.0.0.1 -> subscriberdb-controller.magmasi.wavelabs.in,8443] "POST /magma.lte.SubscriberDBCloud/Sync HTTP/2" 200 0bytes 0.248s
Apr  5 01:42:21 localhost subscriberdb[2866050]: ERROR:root:Internal Error in subscriberdb-Orc8r communication. If AGW and Orc8r are deployed at a commit hash, upgrade AGW and Orc8r to latest commit hash.
Apr  5 01:42:21 localhost control_proxy[2866221]: 2022-04-05T01:42:21.137Z [127.0.0.1 -> subscriberdb-controller.magmasi.wavelabs.in,8443] "POST /magma.lte.SubscriberDBCloud/ListSubscribers HTTP/2" 200 44088bytes 0.320s
Apr  5 01:42:21 localhost subscriberdb[2866050]: INFO:root:Successfully fetched all subscriber pages from the cloud!
Apr  5 01:42:21 localhost subscriberdb[2866050]: INFO:root:update root digest stored in gateway:
Apr  5 01:42:24 localhost dhclient[601]: DHCPREQUEST for 172.16.5.121 on eth1 to 255.255.255.255 port 67 (xid=0x25c866c5)
Apr  5 01:42:25 localhost smsd[2866142]: INFO:root:mme non_eps_service_config is not SMS_ORC8R, sleeping.
Apr  5 01:42:30 localhost smsd[2866142]: INFO:root:mme non_eps_service_config is not SMS_ORC8R, sleeping.
Apr  5 01:42:32 localhost sctpd[2866333]: I0405 01:42:32.716010 2866777 sctp_connection.cpp:195] Unhandled notification type 32776
Apr  5 01:42:33 localhost sctpd[2866333]: I0405 01:42:33.775238 2866777 sctp_connection.cpp:195] Unhandled notification type 32777
Apr  5 01:42:35 localhost smsd[2866142]: INFO:root:mme non_eps_service_config is not SMS_ORC8R, sleeping.
Apr  5 01:42:36 localhost mobilityd[2866051]: INFO:root:Using GW info: {'default': {2: ('172.16.4.1', 'eth0')}, 2: [('172.16.4.1', 'eth0', True)]}
Apr  5 01:42:36 localhost mobilityd[2866051]: INFO:root:GW-v6 probe: timer started
Apr  5 01:42:37 localhost control_proxy[2866221]: 2022-04-05T01:42:36.943Z [127.0.0.1 -> streamer-controller.magmasi.wavelabs.in,8443] "POST /magma.orc8r.Streamer/GetUpdates HTTP/2" 200 173bytes 0.525s
Apr  5 01:42:37 localhost policydb[2866123]: INFO:root:Processing 4 policy updates (resync=True)
Apr  5 01:42:37 localhost control_proxy[2866221]: 2022-04-05T01:42:37.473Z [127.0.0.1 -> streamer-controller.magmasi.wavelabs.in,8443] "POST /magma.orc8r.Streamer/GetUpdates HTTP/2" 200 7bytes 0.269s
Apr  5 01:42:37 localhost policydb[2866123]: INFO:root:Processing 0 basename -> policy updates
Apr  5 01:42:38 localhost control_proxy[2866221]: 2022-04-05T01:42:37.473Z [127.0.0.1 -> streamer-controller.magmasi.wavelabs.in,8443] "POST /magma.orc8r.Streamer/GetUpdates HTTP/2" 200 13513bytes 0.287s
Apr  5 01:42:38 localhost policydb[2866123]: INFO:root:Processing 222 SID -> apn -> policy updates
Apr  5 01:42:38 localhost dhclient[601]: DHCPREQUEST for 172.16.5.121 on eth1 to 255.255.255.255 port 67 (xid=0x25c866c5)
Apr  5 01:42:38 localhost magmad[2865981]: ERROR:root:Metrics upload error for service subscriberdb (chunk 0)! [StatusCode.DEADLINE_EXCEEDED] Deadline Exceeded
Apr  5 01:42:38 localhost magmad[2865981]: ERROR:root:Metrics upload error for service mobilityd (chunk 0)! [StatusCode.DEADLINE_EXCEEDED] Deadline Exceeded
Apr  5 01:42:38 localhost magmad[2865981]: ERROR:root:Metrics upload error for service mme (chunk 0)! [StatusCode.DEADLINE_EXCEEDED] Deadline Exceeded
Apr  5 01:42:38 localhost magmad[2865981]: ERROR:root:Metrics upload error for service magmad (chunk 0)! [StatusCode.DEADLINE_EXCEEDED] Deadline Exceeded
Apr  5 01:42:38 localhost magmad[2865981]: ERROR:root:Metrics upload error for service enodebd (chunk 0)! [StatusCode.DEADLINE_EXCEEDED] Deadline Exceeded
Apr  5 01:42:38 localhost magmad[2865981]: ERROR:root:Metrics upload error for service pipelined (chunk 0)! [StatusCode.DEADLINE_EXCEEDED] Deadline Exceeded
Apr  5 01:42:38 localhost magmad[2865981]: ERROR:root:Metrics upload error for service state (chunk 0)! [StatusCode.DEADLINE_EXCEEDED] Deadline Exceeded
Apr  5 01:42:38 localhost magmad[2865981]: ERROR:root:Metrics upload error for service sessiond (chunk 0)! [StatusCode.DEADLINE_EXCEEDED] Deadline Exceeded
Apr  5 01:42:38 localhost control_proxy[2866221]: 2022-04-05T01:42:38.042Z [127.0.0.1 -> streamer-controller.magmasi.wavelabs.in,8443] "POST /magma.orc8r.Streamer/GetUpdates HTTP/2" 200 7bytes 0.264s
Apr  5 01:42:38 localhost policydb[2866123]: INFO:root:Processing 0 rating group updates
Apr  5 01:42:40 localhost smsd[2866142]: INFO:root:mme non_eps_service_config is not SMS_ORC8R, sleeping.
Apr  5 01:42:45 localhost smsd[2866142]: INFO:root:mme non_eps_service_config is not SMS_ORC8R, sleeping.
Apr  5 01:42:46 localhost dhclient[601]: DHCPREQUEST for 172.16.5.121 on eth1 to 255.255.255.255 port 67 (xid=0x25c866c5)
Apr  5 01:42:50 localhost smsd[2866142]: INFO:root:mme non_eps_service_config is not SMS_ORC8R, sleeping.
Apr  5 01:42:55 localhost sctpd[2866333]: I0405 01:42:55.757447 2866777 sctp_connection.cpp:195] Unhandled notification type 32776
Apr  5 01:42:55 localhost smsd[2866142]: INFO:root:mme non_eps_service_config is not SMS_ORC8R, sleeping.
Apr  5 01:42:56 localhost mobilityd[2866051]: INFO:root:Using GW info: {'default': {2: ('172.16.4.1', 'eth0')}, 2: [('172.16.4.1', 'eth0', True)]}
Apr  5 01:42:56 localhost mobilityd[2866051]: INFO:root:GW-v6 probe: timer started
Apr  5 01:42:56 localhost sctpd[2866333]: I0405 01:42:56.819669 2866777 sctp_connection.cpp:195] Unhandled notification type 32777
Apr  5 01:42:58 localhost dhclient[601]: DHCPREQUEST for 172.16.5.121 on eth1 to 255.255.255.255 port 67 (xid=0x25c866c5)
Apr  5 01:43:01 localhost smsd[2866142]: INFO:root:mme non_eps_service_config is not SMS_ORC8R, sleeping.
Apr  5 01:43:06 localhost smsd[2866142]: INFO:root:mme non_eps_service_config is not SMS_ORC8R, sleeping.
Apr  5 01:43:09 localhost magmad[2865981]: INFO:root:Setting logging level to INFO
Apr  5 01:43:10 localhost dhclient[601]: DHCPREQUEST for 172.16.5.121 on eth1 to 255.255.255.255 port 67 (xid=0x25c866c5)
Apr  5 01:43:11 localhost smsd[2866142]: INFO:root:mme non_eps_service_config is not SMS_ORC8R, sleeping.
Apr  5 01:43:16 localhost mobilityd[2866051]: INFO:root:Using GW info: {'default': {2: ('172.16.4.1', 'eth0')}, 2: [('172.16.4.1', 'eth0', True)]}
Apr  5 01:43:16 localhost mobilityd[2866051]: INFO:root:GW-v6 probe: timer started
Apr  5 01:43:16 localhost smsd[2866142]: INFO:root:mme non_eps_service_config is not SMS_ORC8R, sleeping.
Apr  5 01:43:16 localhost magmad[2865981]: INFO:root:[SyncRPC] Got heartBeat from cloud
Apr  5 01:43:16 localhost control_proxy[2866221]: 2022-04-05T01:42:16.544Z [127.0.0.1 -> streamer-controller.magmasi.wavelabs.in,8443] "POST /magma.orc8r.Streamer/GetUpdates HTTP/2" 200 0bytes 60.264s
Apr  5 01:43:16 localhost magmad[2865981]: ERROR:root:Error! Streaming from the cloud failed! [StatusCode.ABORTED] error while streaming updates: rpc error: code = DeadlineExceeded desc = context deadline exceeded
Apr  5 01:43:18 localhost sctpd[2866333]: I0405 01:43:18.411007 2866777 sctp_connection.cpp:195] Unhandled notification type 32776
Apr  5 01:43:19 localhost sctpd[2866333]: I0405 01:43:19.467124 2866777 sctp_connection.cpp:195] Unhandled notification type 32777
Apr  5 01:43:21 localhost smsd[2866142]: INFO:root:mme non_eps_service_config is not SMS_ORC8R, sleeping.
Apr  5 01:43:26 localhost smsd[2866142]: INFO:root:mme non_eps_service_config is not SMS_ORC8R, sleeping.
Apr  5 01:43:28 localhost control_proxy[2866221]: 2022-04-05T01:43:28.010Z [127.0.0.1 -> state-controller.magmasi.wavelabs.in,8443] "POST /magma.orc8r.StateService/ReportStates HTTP/2" 200 5bytes 0.514s
Apr  5 01:43:28 localhost magmad[2865981]: INFO:root:Checkin Successful! Successfully sent states to the cloud!
Apr  5 01:43:30 localhost dhclient[601]: DHCPREQUEST for 172.16.5.121 on eth1 to 255.255.255.255 port 67 (xid=0x25c866c5)
Apr  5 01:43:31 localhost smsd[2866142]: INFO:root:mme non_eps_service_config is not SMS_ORC8R, sleeping.
Apr  5 01:43:35 localhost sctpd[2866333]: I0405 01:43:35.979485 2866777 sctp_connection.cpp:195] Unhandled notification type 32776
Apr  5 01:43:36 localhost mobilityd[2866051]: INFO:root:Using GW info: {'default': {2: ('172.16.4.1', 'eth0')}, 2: [('172.16.4.1', 'eth0', True)]}
Apr  5 01:43:36 localhost mobilityd[2866051]: INFO:root:GW-v6 probe: timer started
Apr  5 01:43:36 localhost smsd[2866142]: INFO:root:mme non_eps_service_config is not SMS_ORC8R, sleeping.
Apr  5 01:43:38 localhost magmad[2865981]: ERROR:root:Metrics upload error for service subscriberdb (chunk 0)! [StatusCode.DEADLINE_EXCEEDED] Deadline Exceeded
Apr  5 01:43:38 localhost magmad[2865981]: ERROR:root:Metrics upload error for service mobilityd (chunk 0)! [StatusCode.DEADLINE_EXCEEDED] Deadline Exceeded
Apr  5 01:43:38 localhost magmad[2865981]: ERROR:root:Metrics upload error for service mme (chunk 0)! [StatusCode.DEADLINE_EXCEEDED] Deadline Exceeded
Apr  5 01:43:38 localhost magmad[2865981]: ERROR:root:Metrics upload error for service magmad (chunk 0)! [StatusCode.DEADLINE_EXCEEDED] Deadline Exceeded
Apr  5 01:43:38 localhost magmad[2865981]: ERROR:root:Metrics upload error for service enodebd (chunk 0)! [StatusCode.DEADLINE_EXCEEDED] Deadline Exceeded
Apr  5 01:43:38 localhost magmad[2865981]: ERROR:root:Metrics upload error for service pipelined (chunk 0)! [StatusCode.DEADLINE_EXCEEDED] Deadline Exceeded
Apr  5 01:43:38 localhost magmad[2865981]: ERROR:root:Metrics upload error for service state (chunk 0)! [StatusCode.DEADLINE_EXCEEDED] Deadline Exceeded
Apr  5 01:43:38 localhost magmad[2865981]: ERROR:root:Metrics upload error for service sessiond (chunk 0)! [StatusCode.DEADLINE_EXCEEDED] Deadline Exceeded
Apr  5 01:43:38 localhost control_proxy[2866221]: 2022-04-05T01:43:38.368Z [127.0.0.1 -> streamer-controller.magmasi.wavelabs.in,8443] "POST /magma.orc8r.Streamer/GetUpdates HTTP/2" 200 173bytes 0.517s
Apr  5 01:43:38 localhost policydb[2866123]: INFO:root:Processing 4 policy updates (resync=True)
Apr  5 01:43:39 localhost control_proxy[2866221]: 2022-04-05T01:43:38.368Z [127.0.0.1 -> streamer-controller.magmasi.wavelabs.in,8443] "POST /magma.orc8r.Streamer/GetUpdates HTTP/2" 200 7bytes 0.263s
Apr  5 01:43:39 localhost policydb[2866123]: INFO:root:Processing 0 basename -> policy updates
Apr  5 01:43:39 localhost control_proxy[2866221]: 2022-04-05T01:43:39.155Z [127.0.0.1 -> streamer-controller.magmasi.wavelabs.in,8443] "POST /magma.orc8r.Streamer/GetUpdates HTTP/2" 200 13513bytes 0.298s
Apr  5 01:43:39 localhost policydb[2866123]: INFO:root:Processing 222 SID -> apn -> policy updates
Apr  5 01:43:39 localhost control_proxy[2866221]: 2022-04-05T01:43:39.155Z [127.0.0.1 -> streamer-controller.magmasi.wavelabs.in,8443] "POST /magma.orc8r.Streamer/GetUpdates HTTP/2" 200 7bytes 0.261s
Apr  5 01:43:39 localhost policydb[2866123]: INFO:root:Processing 0 rating group updates
Apr  5 01:43:41 localhost dhclient[601]: DHCPREQUEST for 172.16.5.121 on eth1 to 255.255.255.255 port 67 (xid=0x25c866c5)
Apr  5 01:43:41 localhost smsd[2866142]: INFO:root:mme non_eps_service_config is not SMS_ORC8R, sleeping.
Apr  5 01:43:45 localhost sctpd[2866333]: I0405 01:43:45.603621 2866777 sctp_connection.cpp:195] Unhandled notification type 32777
Apr  5 01:43:45 localhost sctpd[2866333]: I0405 01:43:45.832908 2866777 sctp_connection.cpp:195] Unhandled notification type 32777
Apr  5 01:43:46 localhost smsd[2866142]: INFO:root:mme non_eps_service_config is not SMS_ORC8R, sleeping.
Apr  5 01:43:51 localhost smsd[2866142]: INFO:root:mme non_eps_service_config is not SMS_ORC8R, sleeping.
Apr  5 01:43:56 localhost mobilityd[2866051]: INFO:root:Using GW info: {'default': {2: ('172.16.4.1', 'eth0')}, 2: [('172.16.4.1', 'eth0', True)]}
Apr  5 01:43:56 localhost mobilityd[2866051]: INFO:root:GW-v6 probe: timer started
Apr  5 01:43:56 localhost smsd[2866142]: INFO:root:mme non_eps_service_config is not SMS_ORC8R, sleeping.
Apr  5 01:44:01 localhost smsd[2866142]: INFO:root:mme non_eps_service_config is not SMS_ORC8R, sleeping.
Apr  5 01:44:02 localhost dhclient[601]: DHCPREQUEST for 172.16.5.121 on eth1 to 255.255.255.255 port 67 (xid=0x25c866c5)
Apr  5 01:44:06 localhost smsd[2866142]: INFO:root:mme non_eps_service_config is not SMS_ORC8R, sleeping.
Apr  5 01:44:07 localhost sctpd[2866333]: I0405 01:44:07.859463 2866777 sctp_connection.cpp:195] Unhandled notification type 32776
Apr  5 01:44:07 localhost sctpd[2866333]: I0405 01:44:07.991499 2866777 sctp_connection.cpp:195] Unhandled notification type 32776
Apr  5 01:44:09 localhost sctpd[2866333]: I0405 01:44:09.050889 2866777 sctp_connection.cpp:195] Unhandled notification type 32777
Apr  5 01:44:09 localhost sctpd[2866333]: I0405 01:44:09.163494 2866777 sctp_connection.cpp:195] Unhandled notification type 32777
Apr  5 01:44:09 localhost sctpd[2866333]: I0405 01:44:09.387056 2866777 sctp_connection.cpp:195] Unhandled notification type 32777
Apr  5 01:44:09 localhost sctpd[2866333]: I0405 01:44:09.514405 2866777 sctp_connection.cpp:195] Unhandled notification type 32777
Apr  5 01:44:09 localhost mme[2866731]: [DEBUG] Sending S6A-UPDATE_LOCATION_REQUEST with IMSI: 222700000000001
Apr  5 01:44:09 localhost mme[2866731]: [INFO] Received S6A-LOCATION-UPDATE_ANSWER for IMSI: 222700000000001; Status: ; StatusCode: 2001
Apr  5 01:44:09 localhost mme[2866731]: [INFO] sent itti S6A-LOCATION-UPDATE_ANSWER for IMSI: 222700000000001
Apr  5 01:44:09 localhost sctpd[2866333]: I0405 01:44:09.573472 2866777 sctp_connection.cpp:195] Unhandled notification type 32777
Apr  5 01:44:11 localhost smsd[2866142]: INFO:root:mme non_eps_service_config is not SMS_ORC8R, sleeping.
Apr  5 01:44:11 localhost mobilityd[2866051]: INFO:root:Allocated IP 192.168.128.126 for sid IMSI222700000000001 for apn default
Apr  5 01:44:11 localhost policydb[2866123]: INFO:root:Creating a session for subscriber ID: IMSI222700000000001
Apr  5 01:44:11 localhost sessiond[2866058]: I0405 01:44:11.772490 2866058 SetMessageManagerHandler.cpp:342] Processing a CreateSessionResponse for IMSI222700000000001-97767
Apr  5 01:44:11 localhost sessiond[2866058]: I0405 01:44:11.773337 2866058 SessionState.cpp:2774] RuleID allowlist_sid-IMSI222700000000001-default doesn't have a version registered for IMSI222700000000001-97767, this is unexpected
Apr  5 01:44:11 localhost mme[2866731]: PDUSessionResourceSetupRequestTransfer ::= {
Apr  5 01:44:11 localhost mme[2866731]:     protocolIEs: ProtocolIE-Container ::= {
Apr  5 01:44:11 localhost mme[2866731]:         PDUSessionResourceSetupRequestTransferIEs ::= {
Apr  5 01:44:11 localhost mme[2866731]:             id: 130
Apr  5 01:44:11 localhost mme[2866731]:             criticality: 0 (reject)
Apr  5 01:44:11 localhost mme[2866731]:             value: PDUSessionAggregateMaximumBitRate ::= {
Apr  5 01:44:11 localhost mme[2866731]:                 pDUSessionAggregateMaximumBitRateDL: 100000000
Apr  5 01:44:11 localhost mme[2866731]:                 pDUSessionAggregateMaximumBitRateUL: 100000000
Apr  5 01:44:11 localhost mme[2866731]:             }
Apr  5 01:44:11 localhost mme[2866731]:         }
Apr  5 01:44:11 localhost mme[2866731]:         PDUSessionResourceSetupRequestTransferIEs ::= {
Apr  5 01:44:11 localhost mme[2866731]:             id: 139
Apr  5 01:44:11 localhost mme[2866731]:             criticality: 0 (reject)
Apr  5 01:44:11 localhost mme[2866731]:             value: GTPTunnel ::= {
Apr  5 01:44:11 localhost mme[2866731]:                 transportLayerAddress: AC 10 05 79
Apr  5 01:44:11 localhost mme[2866731]:                 gTP-TEID: 80 00 00 05
Apr  5 01:44:11 localhost mme[2866731]:             }
Apr  5 01:44:11 localhost mme[2866731]:         }
Apr  5 01:44:11 localhost mme[2866731]:         PDUSessionResourceSetupRequestTransferIEs ::= {
Apr  5 01:44:11 localhost mme[2866731]:             id: 134
Apr  5 01:44:11 localhost mme[2866731]:             criticality: 0 (reject)
Apr  5 01:44:11 localhost mme[2866731]:             value: 0 (ipv4)
Apr  5 01:44:11 localhost mme[2866731]:         }
Apr  5 01:44:11 localhost mme[2866731]:         PDUSessionResourceSetupRequestTransferIEs ::= {
Apr  5 01:44:11 localhost mme[2866731]:             id: 136
Apr  5 01:44:11 localhost mme[2866731]:             criticality: 0 (reject)
Apr  5 01:44:11 localhost mme[2866731]:             value: QosFlowSetupRequestList ::= {
Apr  5 01:44:11 localhost mme[2866731]:                 QosFlowSetupRequestItem ::= {
Apr  5 01:44:11 localhost mme[2866731]:                     qosFlowIdentifier: 9
Apr  5 01:44:11 localhost mme[2866731]:                     qosFlowLevelQosParameters: QosFlowLevelQosParameters ::= {
Apr  5 01:44:11 localhost mme[2866731]:                         qosCharacteristics: NonDynamic5QIDescriptor ::= {
Apr  5 01:44:11 localhost mme[2866731]:                             fiveQI: 9
Apr  5 01:44:11 localhost mme[2866731]:                         }
Apr  5 01:44:11 localhost mme[2866731]:                         allocationAndRetentionPriority: AllocationAndRetentionPriority ::= {
Apr  5 01:44:11 localhost mme[2866731]:                             priorityLevelARP: 15
Apr  5 01:44:11 localhost mme[2866731]:                             pre-emptionCapability: 0 (shall-not-trigger-pre-emption)
Apr  5 01:44:11 localhost mme[2866731]:                             pre-emptionVulnerability: 0 (not-pre-emptable)
Apr  5 01:44:11 localhost mme[2866731]:                         }
Apr  5 01:44:11 localhost mme[2866731]:                     }
Apr  5 01:44:11 localhost mme[2866731]:                 }
Apr  5 01:44:11 localhost mme[2866731]:             }
Apr  5 01:44:11 localhost mme[2866731]:         }
Apr  5 01:44:11 localhost mme[2866731]:     }
Apr  5 01:44:11 localhost mme[2866731]: }
Apr  5 01:44:11 localhost sctpd[2866333]: I0405 01:44:11.982156 2866777 sctp_connection.cpp:195] Unhandled notification type 32777
Apr  5 01:44:13 localhost mme[2866731]: InitiatingMessage ::= {
Apr  5 01:44:13 localhost mme[2866731]:     procedureCode: 28
Apr  5 01:44:13 localhost mme[2866731]:     criticality: 1 (ignore)
Apr  5 01:44:13 localhost mme[2866731]:     value: PDUSessionResourceReleaseCommand ::= {
Apr  5 01:44:13 localhost mme[2866731]:         protocolIEs: ProtocolIE-Container ::= {
Apr  5 01:44:13 localhost mme[2866731]:             PDUSessionResourceReleaseCommandIEs ::= {
Apr  5 01:44:13 localhost mme[2866731]:                 id: 10
Apr  5 01:44:13 localhost mme[2866731]:                 criticality: 0 (reject)
Apr  5 01:44:13 localhost mme[2866731]:                 value: 49
Apr  5 01:44:13 localhost mme[2866731]:             }
Apr  5 01:44:13 localhost mme[2866731]:             PDUSessionResourceReleaseCommandIEs ::= {
Apr  5 01:44:13 localhost mme[2866731]:                 id: 85
Apr  5 01:44:13 localhost mme[2866731]:                 criticality: 0 (reject)
Apr  5 01:44:13 localhost mme[2866731]:                 value: 4294967295
Apr  5 01:44:13 localhost mme[2866731]:             }
Apr  5 01:44:13 localhost mme[2866731]:             PDUSessionResourceReleaseCommandIEs ::= {
Apr  5 01:44:13 localhost mme[2866731]:                 id: 38
Apr  5 01:44:13 localhost mme[2866731]:                 criticality: 0 (reject)
Apr  5 01:44:13 localhost mme[2866731]:                 value:
Apr  5 01:44:13 localhost mme[2866731]:                     7E 01 80 08 9D C2 03 7E 00 68 01 00 05 2E 01 01
Apr  5 01:44:13 localhost mme[2866731]:                     D3 24 12 01
Apr  5 01:44:13 localhost mme[2866731]:             }
Apr  5 01:44:13 localhost mme[2866731]:             PDUSessionResourceReleaseCommandIEs ::= {
Apr  5 01:44:13 localhost mme[2866731]:                 id: 79
Apr  5 01:44:13 localhost mme[2866731]:                 criticality: 0 (reject)
Apr  5 01:44:13 localhost mme[2866731]:                 value: PDUSessionResourceToReleaseListRelCmd ::= {
Apr  5 01:44:13 localhost mme[2866731]:                 }
Apr  5 01:44:13 localhost mme[2866731]:             }
Apr  5 01:44:13 localhost mme[2866731]:         }
Apr  5 01:44:13 localhost mme[2866731]:     }
Apr  5 01:44:13 localhost mme[2866731]: }
Apr  5 01:44:14 localhost sctpd[2866333]: I0405 01:44:14.000093 2866777 sctp_connection.cpp:195] Unhandled notification type 32777
Apr  5 01:44:16 localhost mobilityd[2866051]: INFO:root:Using GW info: {'default': {2: ('172.16.4.1', 'eth0')}, 2: [('172.16.4.1', 'eth0', True)]}
Apr  5 01:44:16 localhost mobilityd[2866051]: INFO:root:GW-v6 probe: timer started
Apr  5 01:44:16 localhost magmad[2865981]: INFO:root:[SyncRPC] Got heartBeat from cloud
Apr  5 01:44:16 localhost smsd[2866142]: INFO:root:mme non_eps_service_config is not SMS_ORC8R, sleeping.
Apr  5 01:44:16 localhost control_proxy[2866221]: 2022-04-05T01:44:16.632Z [127.0.0.1 -> state-controller.magmasi.wavelabs.in,8443] "POST /magma.orc8r.StateService/ReportStates HTTP/2" 200 5bytes 0.260s
Apr  5 01:44:21 localhost smsd[2866142]: INFO:root:mme non_eps_service_config is not SMS_ORC8R, sleeping.
Apr  5 01:44:21 localhost dhclient[601]: DHCPREQUEST for 172.16.5.121 on eth1 to 255.255.255.255 port 67 (xid=0x25c866c5)
Apr  5 01:44:26 localhost smsd[2866142]: INFO:root:mme non_eps_service_config is not SMS_ORC8R, sleeping.
Apr  5 01:44:29 localhost magmad[2865981]: INFO:root:Setting logging level to INFO
Apr  5 01:44:31 localhost smsd[2866142]: INFO:root:mme non_eps_service_config is not SMS_ORC8R, sleeping.
Apr  5 01:44:32 localhost sctpd[2866333]: I0405 01:44:32.785557 2866777 sctp_connection.cpp:195] Unhandled notification type 32776
Apr  5 01:44:36 localhost mobilityd[2866051]: INFO:root:Using GW info: {'default': {2: ('172.16.4.1', 'eth0')}, 2: [('172.16.4.1', 'eth0', True)]}
Apr  5 01:44:36 localhost mobilityd[2866051]: INFO:root:GW-v6 probe: timer started
Apr  5 01:44:36 localhost smsd[2866142]: INFO:root:mme non_eps_service_config is not SMS_ORC8R, sleeping.
Apr  5 01:44:40 localhost dhclient[601]: DHCPREQUEST for 172.16.5.121 on eth1 to 255.255.255.255 port 67 (xid=0x25c866c5)
Apr  5 01:44:40 localhost control_proxy[2866221]: 2022-04-05T01:44:39.786Z [127.0.0.1 -> streamer-controller.magmasi.wavelabs.in,8443] "POST /magma.orc8r.Streamer/GetUpdates HTTP/2" 200 173bytes 0.522s
Apr  5 01:44:40 localhost policydb[2866123]: INFO:root:Processing 4 policy updates (resync=True)
Apr  5 01:44:40 localhost control_proxy[2866221]: 2022-04-05T01:44:40.311Z [127.0.0.1 -> streamer-controller.magmasi.wavelabs.in,8443] "POST /magma.orc8r.Streamer/GetUpdates HTTP/2" 200 7bytes 0.265s
Apr  5 01:44:40 localhost policydb[2866123]: INFO:root:Processing 0 basename -> policy updates
Apr  5 01:44:40 localhost control_proxy[2866221]: 2022-04-05T01:44:40.311Z [127.0.0.1 -> streamer-controller.magmasi.wavelabs.in,8443] "POST /magma.orc8r.Streamer/GetUpdates HTTP/2" 200 13513bytes 0.293s
Apr  5 01:44:40 localhost policydb[2866123]: INFO:root:Processing 222 SID -> apn -> policy updates
Apr  5 01:44:41 localhost control_proxy[2866221]: 2022-04-05T01:44:40.311Z [127.0.0.1 -> streamer-controller.magmasi.wavelabs.in,8443] "POST /magma.orc8r.Streamer/GetUpdates HTTP/2" 200 7bytes 0.264s
Apr  5 01:44:41 localhost policydb[2866123]: INFO:root:Processing 0 rating group updates
Apr  5 01:44:41 localhost smsd[2866142]: INFO:root:mme non_eps_service_config is not SMS_ORC8R, sleeping.
Apr  5 01:44:42 localhost sctpd[2866333]: I0405 01:44:42.626612 2866777 sctp_connection.cpp:195] Unhandled notification type 32777
Apr  5 01:44:42 localhost sctpd[2866333]: I0405 01:44:42.849140 2866777 sctp_connection.cpp:195] Unhandled notification type 32777
Apr  5 01:44:42 localhost sessiond[2866058]: I0405 01:44:42.854080 2866058 SetMessageManagerHandler.cpp:142] Release request for session from IMSI: IMSI222700000000001 pdu_id 1
Apr  5 01:44:42 localhost mobilityd[2866051]: INFO:root:Released IP 192.168.128.126 for sid IMSI222700000000001
Apr  5 01:44:42 localhost sctpd[2866333]: I0405 01:44:42.967823 2866777 sctp_connection.cpp:195] Unhandled notification type 32777
Apr  5 01:44:43 localhost sctpd[2866333]: I0405 01:44:43.089697 2866777 sctp_connection.cpp:195] Unhandled notification type 32777
Apr  5 01:44:43 localhost mme[2866731]: [DEBUG] Sending S6A-UPDATE_LOCATION_REQUEST with IMSI: 222700000000001
Apr  5 01:44:43 localhost mme[2866731]: [INFO] Received S6A-LOCATION-UPDATE_ANSWER for IMSI: 222700000000001; Status: ; StatusCode: 2001
Apr  5 01:44:43 localhost mme[2866731]: [INFO] sent itti S6A-LOCATION-UPDATE_ANSWER for IMSI: 222700000000001
Apr  5 01:44:43 localhost sctpd[2866333]: I0405 01:44:43.297899 2866777 sctp_connection.cpp:195] Unhandled notification type 32777
Apr  5 01:44:46 localhost smsd[2866142]: INFO:root:mme non_eps_service_config is not SMS_ORC8R, sleeping.
Apr  5 01:44:47 localhost magmad[2865981]: ERROR:root:Metrics upload error for service subscriberdb (chunk 0)! [StatusCode.DEADLINE_EXCEEDED] Deadline Exceeded
