Apr 26 19:41:34 localhost sctpd[3462640]: I0426 19:41:34.373761 3463078 sctp_connection.cpp:195] Unhandled notification type 32777
Apr 26 19:41:34 localhost mme[3463033]: [DEBUG] Sending S6A-UPDATE_LOCATION_REQUEST with IMSI: 222700000000001
Apr 26 19:41:34 localhost mme[3463033]: [INFO] Received S6A-LOCATION-UPDATE_ANSWER for IMSI: 222700000000001; Status: ; StatusCode: 2001
Apr 26 19:41:34 localhost mme[3463033]: [INFO] sent itti S6A-LOCATION-UPDATE_ANSWER for IMSI: 222700000000001
Apr 26 19:41:34 localhost sctpd[3462640]: I0426 19:41:34.490275 3463078 sctp_connection.cpp:195] Unhandled notification type 32777
Apr 26 19:41:34 localhost dhclient[601]: DHCPREQUEST for 172.16.5.121 on eth1 to 172.16.5.2 port 67 (xid=0x1ea11b90)
Apr 26 19:41:35 localhost mobilityd[3462370]: DEBUG:root:Received AllocateIPAddress
Apr 26 19:41:35 localhost mobilityd[3462370]: INFO:root:GRPC message:
Apr 26 19:41:35 localhost mobilityd[3462370]:   magma.lte.AllocateIPRequest {
Apr 26 19:41:35 localhost mobilityd[3462370]:     "sid": {
Apr 26 19:41:35 localhost mobilityd[3462370]:       "id": "222700000000001"
Apr 26 19:41:35 localhost mobilityd[3462370]:     },
Apr 26 19:41:35 localhost mobilityd[3462370]:     "apn": "default"
Apr 26 19:41:35 localhost mobilityd[3462370]:   }
Apr 26 19:41:35 localhost mobilityd[3462370]: DEBUG:root:Find APN config for: IMSI222700000000001.default,ipv4
Apr 26 19:41:35 localhost mobilityd[3462370]: DEBUG:root:APN config: service_selection: "default"
Apr 26 19:41:35 localhost mobilityd[3462370]: qos_profile {
Apr 26 19:41:35 localhost mobilityd[3462370]:   class_id: 9
Apr 26 19:41:35 localhost mobilityd[3462370]:   priority_level: 15
Apr 26 19:41:35 localhost mobilityd[3462370]: }
Apr 26 19:41:35 localhost mobilityd[3462370]: ambr {
Apr 26 19:41:35 localhost mobilityd[3462370]:   max_bandwidth_ul: 100000000
Apr 26 19:41:35 localhost mobilityd[3462370]:   max_bandwidth_dl: 100000000
Apr 26 19:41:35 localhost mobilityd[3462370]: }
Apr 26 19:41:35 localhost mobilityd[3462370]: DEBUG:root:vlan: Got APN: service_selection: "default"
Apr 26 19:41:35 localhost mobilityd[3462370]: qos_profile {
Apr 26 19:41:35 localhost mobilityd[3462370]:   class_id: 9
Apr 26 19:41:35 localhost mobilityd[3462370]:   priority_level: 15
Apr 26 19:41:35 localhost mobilityd[3462370]: }
Apr 26 19:41:35 localhost mobilityd[3462370]: ambr {
Apr 26 19:41:35 localhost mobilityd[3462370]:   max_bandwidth_ul: 100000000
Apr 26 19:41:35 localhost mobilityd[3462370]:   max_bandwidth_dl: 100000000
Apr 26 19:41:35 localhost mobilityd[3462370]: }
Apr 26 19:41:35 localhost mobilityd[3462370]: DEBUG:root:invalid internet gw ip: None
Apr 26 19:41:35 localhost mobilityd[3462370]: DEBUG:root:could not parse GW IP: None
Apr 26 19:41:35 localhost mobilityd[3462370]: DEBUG:root:Find APN config for: IMSI222700000000001.default,ipv4
Apr 26 19:41:35 localhost mobilityd[3462370]: DEBUG:root:APN config: service_selection: "default"
Apr 26 19:41:35 localhost mobilityd[3462370]: qos_profile {
Apr 26 19:41:35 localhost mobilityd[3462370]:   class_id: 9
Apr 26 19:41:35 localhost mobilityd[3462370]:   priority_level: 15
Apr 26 19:41:35 localhost mobilityd[3462370]: }
Apr 26 19:41:35 localhost mobilityd[3462370]: ambr {
Apr 26 19:41:35 localhost mobilityd[3462370]:   max_bandwidth_ul: 100000000
Apr 26 19:41:35 localhost mobilityd[3462370]:   max_bandwidth_dl: 100000000
Apr 26 19:41:35 localhost mobilityd[3462370]: }
Apr 26 19:41:35 localhost mobilityd[3462370]: DEBUG:root:ip: Got APN: service_selection: "default"
Apr 26 19:41:35 localhost mobilityd[3462370]: qos_profile {
Apr 26 19:41:35 localhost mobilityd[3462370]:   class_id: 9
Apr 26 19:41:35 localhost mobilityd[3462370]:   priority_level: 15
Apr 26 19:41:35 localhost mobilityd[3462370]: }
Apr 26 19:41:35 localhost mobilityd[3462370]: ambr {
Apr 26 19:41:35 localhost mobilityd[3462370]:   max_bandwidth_ul: 100000000
Apr 26 19:41:35 localhost mobilityd[3462370]:   max_bandwidth_dl: 100000000
Apr 26 19:41:35 localhost mobilityd[3462370]: }
Apr 26 19:41:35 localhost mobilityd[3462370]: DEBUG:root:Allocating New IP: <mobilityd.IPDesc {ip: 192.168.128.201, ip_block: 192.168.128.0/24, state: IPState.ALLOCATED, sid: IMSI222700000000001.default,ipv4, type: IPType.IP_POOL }}>
Apr 26 19:41:35 localhost mobilityd[3462370]: INFO:root:Allocated IP 192.168.128.201 for sid IMSI222700000000001 for apn default
Apr 26 19:41:35 localhost mobilityd[3462370]: INFO:root:GRPC message:
Apr 26 19:41:35 localhost mobilityd[3462370]:   magma.lte.AllocateIPAddressResponse {
Apr 26 19:41:35 localhost mobilityd[3462370]:     "ipList": [
Apr 26 19:41:35 localhost mobilityd[3462370]:       {
Apr 26 19:41:35 localhost mobilityd[3462370]:         "address": "wKiAyQ=="
Apr 26 19:41:35 localhost mobilityd[3462370]:       }
Apr 26 19:41:35 localhost mobilityd[3462370]:     ],
Apr 26 19:41:35 localhost mobilityd[3462370]:     "vlan": "0"
Apr 26 19:41:35 localhost mobilityd[3462370]:   }
Apr 26 19:41:35 localhost policydb[3462443]: INFO:root:Creating a session for subscriber ID: IMSI222700000000001
Apr 26 19:41:35 localhost sessiond[3462377]: I0426 19:41:35.696489 3462377 SetMessageManagerHandler.cpp:344] Processing a CreateSessionResponse for IMSI222700000000001-412854
Apr 26 19:41:35 localhost sessiond[3462377]: I0426 19:41:35.696640 3462377 SessionState.cpp:2775] RuleID allowlist_sid-IMSI222700000000001-default doesn't have a version registered for IMSI222700000000001-412854, this is unexpected
Apr 26 19:41:35 localhost mme[3463033]: PDUSessionResourceSetupRequestTransfer ::= {
Apr 26 19:41:35 localhost mme[3463033]:     protocolIEs: ProtocolIE-Container ::= {
Apr 26 19:41:35 localhost mme[3463033]:         PDUSessionResourceSetupRequestTransferIEs ::= {
Apr 26 19:41:35 localhost mme[3463033]:             id: 130
Apr 26 19:41:35 localhost mme[3463033]:             criticality: 0 (reject)
Apr 26 19:41:35 localhost mme[3463033]:             value: PDUSessionAggregateMaximumBitRate ::= {
Apr 26 19:41:35 localhost mme[3463033]:                 pDUSessionAggregateMaximumBitRateDL: 100000000
Apr 26 19:41:35 localhost mme[3463033]:                 pDUSessionAggregateMaximumBitRateUL: 100000000
Apr 26 19:41:35 localhost mme[3463033]:             }
Apr 26 19:41:35 localhost mme[3463033]:         }
Apr 26 19:41:35 localhost mme[3463033]:         PDUSessionResourceSetupRequestTransferIEs ::= {
Apr 26 19:41:35 localhost mme[3463033]:             id: 139
Apr 26 19:41:35 localhost mme[3463033]:             criticality: 0 (reject)
Apr 26 19:41:35 localhost mme[3463033]:             value: GTPTunnel ::= {
Apr 26 19:41:35 localhost mme[3463033]:                 transportLayerAddress: AC 10 05 79
Apr 26 19:41:35 localhost mme[3463033]:                 gTP-TEID: 80 00 00 01
Apr 26 19:41:35 localhost mme[3463033]:             }
Apr 26 19:41:35 localhost mme[3463033]:         }
Apr 26 19:41:35 localhost mme[3463033]:         PDUSessionResourceSetupRequestTransferIEs ::= {
Apr 26 19:41:35 localhost mme[3463033]:             id: 134
Apr 26 19:41:35 localhost mme[3463033]:             criticality: 0 (reject)
Apr 26 19:41:35 localhost mme[3463033]:             value: 0 (ipv4)
Apr 26 19:41:35 localhost mme[3463033]:         }
Apr 26 19:41:35 localhost mme[3463033]:         PDUSessionResourceSetupRequestTransferIEs ::= {
Apr 26 19:41:35 localhost mme[3463033]:             id: 136
Apr 26 19:41:35 localhost mme[3463033]:             criticality: 0 (reject)
Apr 26 19:41:35 localhost mme[3463033]:             value: QosFlowSetupRequestList ::= {
Apr 26 19:41:35 localhost mme[3463033]:                 QosFlowSetupRequestItem ::= {
Apr 26 19:41:35 localhost mme[3463033]:                     qosFlowIdentifier: 9
Apr 26 19:41:35 localhost mme[3463033]:                     qosFlowLevelQosParameters: QosFlowLevelQosParameters ::= {
Apr 26 19:41:35 localhost mme[3463033]:                         qosCharacteristics: NonDynamic5QIDescriptor ::= {
Apr 26 19:41:35 localhost mme[3463033]:                             fiveQI: 9
Apr 26 19:41:35 localhost mme[3463033]:                         }
Apr 26 19:41:35 localhost mme[3463033]:                         allocationAndRetentionPriority: AllocationAndRetentionPriority ::= {
Apr 26 19:41:35 localhost mme[3463033]:                             priorityLevelARP: 15
Apr 26 19:41:35 localhost mme[3463033]:                             pre-emptionCapability: 0 (shall-not-trigger-pre-emption)
Apr 26 19:41:35 localhost mme[3463033]:                             pre-emptionVulnerability: 0 (not-pre-emptable)
Apr 26 19:41:35 localhost mme[3463033]:                         }
Apr 26 19:41:35 localhost mme[3463033]:                     }
Apr 26 19:41:35 localhost mme[3463033]:                 }
Apr 26 19:41:35 localhost mme[3463033]:             }
Apr 26 19:41:35 localhost mme[3463033]:         }
Apr 26 19:41:35 localhost mme[3463033]:     }
Apr 26 19:41:35 localhost mme[3463033]: }
Apr 26 19:41:35 localhost sctpd[3462640]: I0426 19:41:35.904932 3463078 sctp_connection.cpp:195] Unhandled notification type 32777
Apr 26 19:41:36 localhost sessiond[3462377]: I0426 19:41:36.912001 3462377 SetMessageManagerHandler.cpp:144] Release request for session from IMSI: IMSI222700000000001 pdu_id 1
Apr 26 19:41:36 localhost mobilityd[3462370]: DEBUG:root:Received ReleaseIPAddress
Apr 26 19:41:36 localhost mobilityd[3462370]: INFO:root:GRPC message:
Apr 26 19:41:36 localhost mobilityd[3462370]:   magma.lte.ReleaseIPRequest {
Apr 26 19:41:36 localhost mobilityd[3462370]:     "sid": {
Apr 26 19:41:36 localhost mobilityd[3462370]:       "id": "222700000000001"
Apr 26 19:41:36 localhost mobilityd[3462370]:     },
Apr 26 19:41:36 localhost mobilityd[3462370]:     "ip": {
Apr 26 19:41:36 localhost mobilityd[3462370]:       "address": "wKiAyQ=="
Apr 26 19:41:36 localhost mobilityd[3462370]:     },
Apr 26 19:41:36 localhost mobilityd[3462370]:     "apn": "default"
Apr 26 19:41:36 localhost mobilityd[3462370]:   }
Apr 26 19:41:36 localhost mobilityd[3462370]: INFO:root:Released IP 192.168.128.201 for sid IMSI222700000000001
Apr 26 19:41:37 localhost sctpd[3462640]: I0426 19:41:37.165190 3463078 sctp_connection.cpp:195] Unhandled notification type 32777
Apr 26 19:41:37 localhost smsd[3462461]: INFO:root:mme non_eps_service_config is not SMS_ORC8R, sleeping.
Apr 26 19:41:41 localhost policydb[3462443]: INFO:root:Terminating session: IMSI222700000000001-412854
Apr 26 19:41:41 localhost eventd[3462455]: DEBUG:root:Logging event: stream_name: "sessiond"
Apr 26 19:41:41 localhost eventd[3462455]: event_type: "session_terminated"
Apr 26 19:41:41 localhost eventd[3462455]: tag: "IMSI222700000000001"
Apr 26 19:41:41 localhost eventd[3462455]: value: "{\"mac_addr\":\"\",\"user_location\":\"\",\"spgw_ip\":\"\",\"imei\":\"\",\"record_sequence_number\":1,\"pdp_end_time\":19,\"charging_rx\":0,\"duration\":-93966885727229,\"ip_addr\":\"192.168.128.201\",\"monitoring_tx\":0,\"ipv6_addr\":\"\",\"msisdn\":\"\",\"apn\":\"default\",\"session_id\":\"IMSI222700000000001-412854\",\"list_of_service_data\":[],\"charging_characteristics\":\"\",\"total_tx\":0,\"cause_for_rec_closing\":0,\"imsi\":\"IMSI222700000000001\",\"total_rx\":0,\"monitoring_rx\":0,\"charging_tx\":0,\"pdp_start_time\":93966885727248}"
Apr 26 19:41:41 localhost eventd[3462455]: ERROR:root:Connection to FluentBit failed: [Errno 111] Connection refused
Apr 26 19:41:41 localhost eventd[3462455]: INFO:root:FluentBit (td-agent-bit) may not be enabled or configured correctly
Apr 26 19:41:41 localhost sessiond[3462377]: I0426 19:41:41.926362 3462392 SessionEvents.cpp:292] Could not log session_terminated event {"mac_addr":"","user_location":"","spgw_ip":"","imei":"","record_sequence_number":1,"pdp_end_time":19,"charging_rx":0,"duration":-93966885727229,"ip_addr":"192.168.128.201","monitoring_tx":0,"ipv6_addr":"","msisdn":"","apn":"default","session_id":"IMSI222700000000001-412854","list_of_service_data":[],"charging_characteristics":"","total_tx":0,"cause_for_rec_closing":0,"imsi":"IMSI222700000000001","total_rx":0,"monitoring_rx":0,"charging_tx":0,"pdp_start_time":93966885727248}, Error Message: Could not connect to FluentBit locally, Details: [Errno 111] Connection refused
Apr 26 19:41:42 localhost smsd[3462461]: INFO:root:mme non_eps_service_config is not SMS_ORC8R, sleeping.
Apr 26 19:41:46 localhost mobilityd[3462370]: INFO:root:Using GW info: {'default': {2: ('172.16.4.1', 'eth0')}, 2: [('172.16.4.1', 'eth0', True)]}
Apr 26 19:41:46 localhost mobilityd[3462370]: INFO:root:GW-v6 probe: timer started
Apr 26 19:41:47 localhost smsd[3462461]: INFO:root:mme non_eps_service_config is not SMS_ORC8R, sleeping.
Apr 26 19:41:51 localhost mobilityd[3462370]: DEBUG:root:Release Reaped IP: <mobilityd.IPDesc {ip: 192.168.128.201, ip_block: 192.168.128.0/24, state: IPState.FREE, sid: IMSI222700000000001.default,ipv4, type: IPType.IP_POOL }}>
Apr 26 19:41:51 localhost magmad[3462298]: ERROR:root:Metrics upload error for service subscriberdb (chunk 0)! [StatusCode.DEADLINE_EXCEEDED] Deadline Exceeded
Apr 26 19:41:51 localhost magmad[3462298]: ERROR:root:Metrics upload error for service mobilityd (chunk 0)! [StatusCode.DEADLINE_EXCEEDED] Deadline Exceeded
Apr 26 19:41:51 localhost magmad[3462298]: ERROR:root:Metrics upload error for service mme (chunk 0)! [StatusCode.DEADLINE_EXCEEDED] Deadline Exceeded
Apr 26 19:41:51 localhost magmad[3462298]: ERROR:root:Metrics upload error for service magmad (chunk 0)! [StatusCode.DEADLINE_EXCEEDED] Deadline Exceeded
Apr 26 19:41:51 localhost magmad[3462298]: ERROR:root:Metrics upload error for service enodebd (chunk 0)! [StatusCode.DEADLINE_EXCEEDED] Deadline Exceeded
Apr 26 19:41:51 localhost magmad[3462298]: ERROR:root:Metrics upload error for service pipelined (chunk 0)! [StatusCode.DEADLINE_EXCEEDED] Deadline Exceeded
Apr 26 19:41:51 localhost magmad[3462298]: ERROR:root:Metrics upload error for service state (chunk 0)! [StatusCode.DEADLINE_EXCEEDED] Deadline Exceeded
Apr 26 19:41:51 localhost magmad[3462298]: ERROR:root:Metrics upload error for service sessiond (chunk 0)! [StatusCode.DEADLINE_EXCEEDED] Deadline Exceeded
Apr 26 19:41:52 localhost smsd[3462461]: INFO:root:mme non_eps_service_config is not SMS_ORC8R, sleeping.
Apr 26 19:41:55 localhost dhclient[601]: DHCPREQUEST for 172.16.5.121 on eth1 to 172.16.5.2 port 67 (xid=0x1ea11b90)
Apr 26 19:41:57 localhost sctpd[3462640]: I0426 19:41:57.057670 3463078 sctp_connection.cpp:195] Unhandled notification type 32776
Apr 26 19:41:57 localhost smsd[3462461]: INFO:root:mme non_eps_service_config is not SMS_ORC8R, sleeping.
Apr 26 19:41:58 localhost sctpd[3462640]: I0426 19:41:58.123071 3463078 sctp_connection.cpp:195] Unhandled notification type 32777
Apr 26 19:41:58 localhost sctpd[3462640]: I0426 19:41:58.340684 3463078 sctp_connection.cpp:195] Unhandled notification type 32777
Apr 26 19:41:58 localhost sctpd[3462640]: I0426 19:41:58.455334 3463078 sctp_connection.cpp:195] Unhandled notification type 32777
Apr 26 19:41:58 localhost mme[3463033]: [DEBUG] Sending S6A-UPDATE_LOCATION_REQUEST with IMSI: 222700000000001
Apr 26 19:41:58 localhost mme[3463033]: [INFO] Received S6A-LOCATION-UPDATE_ANSWER for IMSI: 222700000000001; Status: ; StatusCode: 2001
Apr 26 19:41:58 localhost mme[3463033]: [INFO] sent itti S6A-LOCATION-UPDATE_ANSWER for IMSI: 222700000000001
Apr 26 19:41:58 localhost sctpd[3462640]: I0426 19:41:58.572297 3463078 sctp_connection.cpp:195] Unhandled notification type 32777
Apr 26 19:42:02 localhost smsd[3462461]: INFO:root:mme non_eps_service_config is not SMS_ORC8R, sleeping.
Apr 26 19:42:06 localhost mobilityd[3462370]: INFO:root:Using GW info: {'default': {2: ('172.16.4.1', 'eth0')}, 2: [('172.16.4.1', 'eth0', True)]}
Apr 26 19:42:06 localhost mobilityd[3462370]: INFO:root:GW-v6 probe: timer started
Apr 26 19:42:07 localhost magmad[3462298]: INFO:root:[SyncRPC] Got heartBeat from cloud
Apr 26 19:42:07 localhost smsd[3462461]: INFO:root:mme non_eps_service_config is not SMS_ORC8R, sleeping.
Apr 26 19:42:08 localhost subscriberdb[3462368]: INFO:root:get digest stored in gateway:
Apr 26 19:42:08 localhost sctpd[3462640]: I0426 19:42:08.965042 3463078 sctp_connection.cpp:195] Unhandled notification type 32777
Apr 26 19:42:08 localhost control_proxy[3462516]: 2022-04-26T19:42:08.735Z [127.0.0.1 -> subscriberdb-controller.magmasi.wavelabs.in,8443] "POST /magma.lte.SubscriberDBCloud/CheckInSync HTTP/2" 200 0bytes 0.253s
Apr 26 19:42:08 localhost subscriberdb[3462368]: ERROR:root:Internal Error in subscriberdb-Orc8r communication. If AGW and Orc8r are deployed at a commit hash, upgrade AGW and Orc8r to latest commit hash.
Apr 26 19:42:09 localhost control_proxy[3462516]: 2022-04-26T19:42:08.735Z [127.0.0.1 -> subscriberdb-controller.magmasi.wavelabs.in,8443] "POST /magma.lte.SubscriberDBCloud/Sync HTTP/2" 200 0bytes 0.254s
Apr 26 19:42:09 localhost subscriberdb[3462368]: ERROR:root:Internal Error in subscriberdb-Orc8r communication. If AGW and Orc8r are deployed at a commit hash, upgrade AGW and Orc8r to latest commit hash.
Apr 26 19:42:09 localhost control_proxy[3462516]: 2022-04-26T19:42:09.249Z [127.0.0.1 -> subscriberdb-controller.magmasi.wavelabs.in,8443] "POST /magma.lte.SubscriberDBCloud/ListSubscribers HTTP/2" 200 44180bytes 0.556s
Apr 26 19:42:09 localhost subscriberdb[3462368]: INFO:root:Successfully fetched all subscriber pages from the cloud!
Apr 26 19:42:10 localhost subscriberdb[3462368]: INFO:root:update root digest stored in gateway:
Apr 26 19:42:11 localhost sctpd[3462640]: I0426 19:42:11.186353 3463078 sctp_connection.cpp:195] Unhandled notification type 32777
Apr 26 19:42:11 localhost sctpd[3462640]: I0426 19:42:11.307677 3463078 sctp_connection.cpp:195] Unhandled notification type 32777
Apr 26 19:42:11 localhost sctpd[3462640]: I0426 19:42:11.430384 3463078 sctp_connection.cpp:195] Unhandled notification type 32777
Apr 26 19:42:11 localhost mme[3463033]: [DEBUG] Sending S6A-UPDATE_LOCATION_REQUEST with IMSI: 222700000000001
Apr 26 19:42:11 localhost mme[3463033]: [INFO] Received S6A-LOCATION-UPDATE_ANSWER for IMSI: 222700000000001; Status: ; StatusCode: 2001
Apr 26 19:42:11 localhost mme[3463033]: [INFO] sent itti S6A-LOCATION-UPDATE_ANSWER for IMSI: 222700000000001
Apr 26 19:42:11 localhost sctpd[3462640]: I0426 19:42:11.554369 3463078 sctp_connection.cpp:195] Unhandled notification type 32777
Apr 26 19:42:13 localhost smsd[3462461]: INFO:root:mme non_eps_service_config is not SMS_ORC8R, sleeping.
Apr 26 19:42:13 localhost sctpd[3462640]: I0426 19:42:13.938354 3463078 sctp_connection.cpp:195] Unhandled notification type 32777
Apr 26 19:42:14 localhost control_proxy[3462516]: 2022-04-26T19:42:13.820Z [127.0.0.1 -> streamer-controller.magmasi.wavelabs.in,8443] "POST /magma.orc8r.Streamer/GetUpdates HTTP/2" 200 173bytes 0.335s
Apr 26 19:42:14 localhost policydb[3462443]: INFO:root:Processing 4 policy updates (resync=True)
Apr 26 19:42:14 localhost control_proxy[3462516]: 2022-04-26T19:42:14.160Z [127.0.0.1 -> streamer-controller.magmasi.wavelabs.in,8443] "POST /magma.orc8r.Streamer/GetUpdates HTTP/2" 200 7bytes 0.306s
Apr 26 19:42:14 localhost policydb[3462443]: INFO:root:Processing 0 basename -> policy updates
Apr 26 19:42:14 localhost dhclient[601]: DHCPREQUEST for 172.16.5.121 on eth1 to 172.16.5.2 port 67 (xid=0x1ea11b90)
Apr 26 19:42:14 localhost control_proxy[3462516]: 2022-04-26T19:42:14.160Z [127.0.0.1 -> streamer-controller.magmasi.wavelabs.in,8443] "POST /magma.orc8r.Streamer/GetUpdates HTTP/2" 200 13536bytes 0.300s
Apr 26 19:42:14 localhost policydb[3462443]: INFO:root:Processing 223 SID -> apn -> policy updates
Apr 26 19:42:15 localhost control_proxy[3462516]: 2022-04-26T19:42:14.160Z [127.0.0.1 -> streamer-controller.magmasi.wavelabs.in,8443] "POST /magma.orc8r.Streamer/GetUpdates HTTP/2" 200 7bytes 0.268s
Apr 26 19:42:15 localhost policydb[3462443]: INFO:root:Processing 0 rating group updates
Apr 26 19:42:16 localhost sctpd[3462640]: I0426 19:42:16.166942 3463078 sctp_connection.cpp:195] Unhandled notification type 32777
Apr 26 19:42:16 localhost sctpd[3462640]: I0426 19:42:16.279114 3463078 sctp_connection.cpp:195] Unhandled notification type 32777
Apr 26 19:42:16 localhost sctpd[3462640]: I0426 19:42:16.390297 3463078 sctp_connection.cpp:195] Unhandled notification type 32777
Apr 26 19:42:16 localhost mme[3463033]: [DEBUG] Sending S6A-UPDATE_LOCATION_REQUEST with IMSI: 222700000000001
Apr 26 19:42:16 localhost mme[3463033]: [INFO] Received S6A-LOCATION-UPDATE_ANSWER for IMSI: 222700000000001; Status: ; StatusCode: 2001
Apr 26 19:42:16 localhost mme[3463033]: [INFO] sent itti S6A-LOCATION-UPDATE_ANSWER for IMSI: 222700000000001
Apr 26 19:42:16 localhost sctpd[3462640]: I0426 19:42:16.513454 3463078 sctp_connection.cpp:195] Unhandled notification type 32777
Apr 26 19:42:18 localhost smsd[3462461]: INFO:root:mme non_eps_service_config is not SMS_ORC8R, sleeping.
Apr 26 19:42:18 localhost sctpd[3462640]: I0426 19:42:18.918131 3463078 sctp_connection.cpp:195] Unhandled notification type 32777
Apr 26 19:42:19 localhost sctpd[3462640]: I0426 19:42:19.176978 3463078 sctp_connection.cpp:195] Unhandled notification type 32777
Apr 26 19:42:19 localhost sctpd[3462640]: I0426 19:42:19.286770 3463078 sctp_connection.cpp:195] Unhandled notification type 32777
Apr 26 19:42:19 localhost sctpd[3462640]: I0426 19:42:19.402583 3463078 sctp_connection.cpp:195] Unhandled notification type 32777
Apr 26 19:42:19 localhost mme[3463033]: [DEBUG] Sending S6A-UPDATE_LOCATION_REQUEST with IMSI: 222700000000001
Apr 26 19:42:19 localhost mme[3463033]: [INFO] Received S6A-LOCATION-UPDATE_ANSWER for IMSI: 222700000000001; Status: ; StatusCode: 2001
Apr 26 19:42:19 localhost mme[3463033]: [INFO] sent itti S6A-LOCATION-UPDATE_ANSWER for IMSI: 222700000000001
Apr 26 19:42:19 localhost sctpd[3462640]: I0426 19:42:19.518889 3463078 sctp_connection.cpp:195] Unhandled notification type 32777
Apr 26 19:42:21 localhost sctpd[3462640]: I0426 19:42:21.917739 3463078 sctp_connection.cpp:195] Unhandled notification type 32777
Apr 26 19:42:22 localhost sctpd[3462640]: I0426 19:42:22.176299 3463078 sctp_connection.cpp:195] Unhandled notification type 32777
Apr 26 19:42:22 localhost sctpd[3462640]: I0426 19:42:22.289304 3463078 sctp_connection.cpp:195] Unhandled notification type 32777
Apr 26 19:42:22 localhost sctpd[3462640]: I0426 19:42:22.413697 3463078 sctp_connection.cpp:195] Unhandled notification type 32777
Apr 26 19:42:22 localhost mme[3463033]: [DEBUG] Sending S6A-UPDATE_LOCATION_REQUEST with IMSI: 222700000000001
Apr 26 19:42:22 localhost mme[3463033]: [INFO] Received S6A-LOCATION-UPDATE_ANSWER for IMSI: 222700000000001; Status: ; StatusCode: 2001
Apr 26 19:42:22 localhost mme[3463033]: [INFO] sent itti S6A-LOCATION-UPDATE_ANSWER for IMSI: 222700000000001
Apr 26 19:42:22 localhost sctpd[3462640]: I0426 19:42:22.529697 3463078 sctp_connection.cpp:195] Unhandled notification type 32777
Apr 26 19:42:23 localhost smsd[3462461]: INFO:root:mme non_eps_service_config is not SMS_ORC8R, sleeping.
Apr 26 19:42:23 localhost magmad[3462298]: INFO:root:Setting logging level to INFO
Apr 26 19:42:23 localhost dhclient[601]: DHCPREQUEST for 172.16.5.121 on eth1 to 172.16.5.2 port 67 (xid=0x1ea11b90)
Apr 26 19:42:24 localhost sctpd[3462640]: I0426 19:42:24.914131 3463078 sctp_connection.cpp:195] Unhandled notification type 32777
Apr 26 19:42:25 localhost sctpd[3462640]: I0426 19:42:25.172660 3463078 sctp_connection.cpp:195] Unhandled notification type 32777
Apr 26 19:42:25 localhost sctpd[3462640]: I0426 19:42:25.279141 3463078 sctp_connection.cpp:195] Unhandled notification type 32777
Apr 26 19:42:25 localhost sctpd[3462640]: I0426 19:42:25.394018 3463078 sctp_connection.cpp:195] Unhandled notification type 32777
Apr 26 19:42:25 localhost mme[3463033]: [DEBUG] Sending S6A-UPDATE_LOCATION_REQUEST with IMSI: 222700000000001
Apr 26 19:42:25 localhost mme[3463033]: [INFO] Received S6A-LOCATION-UPDATE_ANSWER for IMSI: 222700000000001; Status: ; StatusCode: 2001
Apr 26 19:42:25 localhost mme[3463033]: [INFO] sent itti S6A-LOCATION-UPDATE_ANSWER for IMSI: 222700000000001
Apr 26 19:42:25 localhost sctpd[3462640]: I0426 19:42:25.514063 3463078 sctp_connection.cpp:195] Unhandled notification type 32777
Apr 26 19:42:26 localhost mobilityd[3462370]: INFO:root:Using GW info: {'default': {2: ('172.16.4.1', 'eth0')}, 2: [('172.16.4.1', 'eth0', True)]}
Apr 26 19:42:26 localhost mobilityd[3462370]: INFO:root:GW-v6 probe: timer started
Apr 26 19:42:27 localhost sctpd[3462640]: I0426 19:42:27.897315 3463078 sctp_connection.cpp:195] Unhandled notification type 32777
Apr 26 19:42:28 localhost smsd[3462461]: INFO:root:mme non_eps_service_config is not SMS_ORC8R, sleeping.
Apr 26 19:42:28 localhost sctpd[3462640]: I0426 19:42:28.162274 3463078 sctp_connection.cpp:195] Unhandled notification type 32777
Apr 26 19:42:28 localhost sctpd[3462640]: I0426 19:42:28.273032 3463078 sctp_connection.cpp:195] Unhandled notification type 32777
Apr 26 19:42:28 localhost sctpd[3462640]: I0426 19:42:28.393568 3463078 sctp_connection.cpp:195] Unhandled notification type 32777
Apr 26 19:42:28 localhost mme[3463033]: [DEBUG] Sending S6A-UPDATE_LOCATION_REQUEST with IMSI: 222700000000001
Apr 26 19:42:28 localhost mme[3463033]: [INFO] Received S6A-LOCATION-UPDATE_ANSWER for IMSI: 222700000000001; Status: ; StatusCode: 2001
Apr 26 19:42:28 localhost mme[3463033]: [INFO] sent itti S6A-LOCATION-UPDATE_ANSWER for IMSI: 222700000000001
Apr 26 19:42:28 localhost sctpd[3462640]: I0426 19:42:28.510022 3463078 sctp_connection.cpp:195] Unhandled notification type 32777
Apr 26 19:42:30 localhost sctpd[3462640]: I0426 19:42:30.909322 3463078 sctp_connection.cpp:195] Unhandled notification type 32777
Apr 26 19:42:31 localhost sctpd[3462640]: I0426 19:42:31.177013 3463078 sctp_connection.cpp:195] Unhandled notification type 32777
Apr 26 19:42:31 localhost sctpd[3462640]: I0426 19:42:31.298317 3463078 sctp_connection.cpp:195] Unhandled notification type 32777
Apr 26 19:42:31 localhost sctpd[3462640]: I0426 19:42:31.419066 3463078 sctp_connection.cpp:195] Unhandled notification type 32777
Apr 26 19:42:31 localhost mme[3463033]: [DEBUG] Sending S6A-UPDATE_LOCATION_REQUEST with IMSI: 222700000000001
Apr 26 19:42:31 localhost mme[3463033]: [INFO] Received S6A-LOCATION-UPDATE_ANSWER for IMSI: 222700000000001; Status: ; StatusCode: 2001
Apr 26 19:42:31 localhost mme[3463033]: [INFO] sent itti S6A-LOCATION-UPDATE_ANSWER for IMSI: 222700000000001
Apr 26 19:42:31 localhost sctpd[3462640]: I0426 19:42:31.542948 3463078 sctp_connection.cpp:195] Unhandled notification type 32777
Apr 26 19:42:33 localhost smsd[3462461]: INFO:root:mme non_eps_service_config is not SMS_ORC8R, sleeping.
Apr 26 19:42:33 localhost sctpd[3462640]: I0426 19:42:33.949555 3463078 sctp_connection.cpp:195] Unhandled notification type 32777
Apr 26 19:42:34 localhost sctpd[3462640]: I0426 19:42:34.215095 3463078 sctp_connection.cpp:195] Unhandled notification type 32777
Apr 26 19:42:34 localhost sctpd[3462640]: I0426 19:42:34.322393 3463078 sctp_connection.cpp:195] Unhandled notification type 32777
Apr 26 19:42:34 localhost sctpd[3462640]: I0426 19:42:34.437670 3463078 sctp_connection.cpp:195] Unhandled notification type 32777
Apr 26 19:42:34 localhost mme[3463033]: [DEBUG] Sending S6A-UPDATE_LOCATION_REQUEST with IMSI: 222700000000001
Apr 26 19:42:34 localhost mme[3463033]: [INFO] Received S6A-LOCATION-UPDATE_ANSWER for IMSI: 222700000000001; Status: ; StatusCode: 2001
Apr 26 19:42:34 localhost mme[3463033]: [INFO] sent itti S6A-LOCATION-UPDATE_ANSWER for IMSI: 222700000000001
Apr 26 19:42:34 localhost sctpd[3462640]: I0426 19:42:34.553925 3463078 sctp_connection.cpp:195] Unhandled notification type 32777
Apr 26 19:42:36 localhost sctpd[3462640]: I0426 19:42:36.977608 3463078 sctp_connection.cpp:195] Unhandled notification type 32777
Apr 26 19:42:37 localhost sctpd[3462640]: I0426 19:42:37.240540 3463078 sctp_connection.cpp:195] Unhandled notification type 32777
Apr 26 19:42:37 localhost sctpd[3462640]: I0426 19:42:37.352031 3463078 sctp_connection.cpp:195] Unhandled notification type 32777
Apr 26 19:42:37 localhost sctpd[3462640]: I0426 19:42:37.478159 3463078 sctp_connection.cpp:195] Unhandled notification type 32777
Apr 26 19:42:37 localhost mme[3463033]: [DEBUG] Sending S6A-UPDATE_LOCATION_REQUEST with IMSI: 222700000000001
Apr 26 19:42:37 localhost mme[3463033]: [INFO] Received S6A-LOCATION-UPDATE_ANSWER for IMSI: 222700000000001; Status: ; StatusCode: 2001
Apr 26 19:42:37 localhost mme[3463033]: [INFO] sent itti S6A-LOCATION-UPDATE_ANSWER for IMSI: 222700000000001
Apr 26 19:42:37 localhost sctpd[3462640]: I0426 19:42:37.597957 3463078 sctp_connection.cpp:195] Unhandled notification type 32777
Apr 26 19:42:38 localhost smsd[3462461]: INFO:root:mme non_eps_service_config is not SMS_ORC8R, sleeping.
Apr 26 19:42:38 localhost dhclient[601]: DHCPREQUEST for 172.16.5.121 on eth1 to 172.16.5.2 port 67 (xid=0x1ea11b90)
Apr 26 19:42:39 localhost sctpd[3462640]: I0426 19:42:39.978349 3463078 sctp_connection.cpp:195] Unhandled notification type 32777
Apr 26 19:42:40 localhost sctpd[3462640]: I0426 19:42:40.238329 3463078 sctp_connection.cpp:195] Unhandled notification type 32777
Apr 26 19:42:40 localhost sctpd[3462640]: I0426 19:42:40.350590 3463078 sctp_connection.cpp:195] Unhandled notification type 32777
Apr 26 19:42:40 localhost sctpd[3462640]: I0426 19:42:40.465891 3463078 sctp_connection.cpp:195] Unhandled notification type 32777
Apr 26 19:42:40 localhost mme[3463033]: [DEBUG] Sending S6A-UPDATE_LOCATION_REQUEST with IMSI: 222700000000001
Apr 26 19:42:40 localhost mme[3463033]: [INFO] Received S6A-LOCATION-UPDATE_ANSWER for IMSI: 222700000000001; Status: ; StatusCode: 2001
Apr 26 19:42:40 localhost mme[3463033]: [INFO] sent itti S6A-LOCATION-UPDATE_ANSWER for IMSI: 222700000000001
Apr 26 19:42:40 localhost sctpd[3462640]: I0426 19:42:40.585909 3463078 sctp_connection.cpp:195] Unhandled notification type 32777
Apr 26 19:42:42 localhost control_proxy[3462516]: 2022-04-26T19:42:41.714Z [127.0.0.1 -> state-controller.magmasi.wavelabs.in,8443] "POST /magma.orc8r.StateService/ReportStates HTTP/2" 200 5bytes 0.518s
Apr 26 19:42:42 localhost magmad[3462298]: INFO:root:Checkin Successful! Successfully sent states to the cloud!
Apr 26 19:42:42 localhost sctpd[3462640]: I0426 19:42:42.973708 3463078 sctp_connection.cpp:195] Unhandled notification type 32777
Apr 26 19:42:43 localhost smsd[3462461]: INFO:root:mme non_eps_service_config is not SMS_ORC8R, sleeping.
Apr 26 19:42:46 localhost mobilityd[3462370]: INFO:root:Using GW info: {'default': {2: ('172.16.4.1', 'eth0')}, 2: [('172.16.4.1', 'eth0', True)]}
Apr 26 19:42:46 localhost mobilityd[3462370]: INFO:root:GW-v6 probe: timer started
Apr 26 19:42:48 localhost smsd[3462461]: INFO:root:mme non_eps_service_config is not SMS_ORC8R, sleeping.
Apr 26 19:42:51 localhost magmad[3462298]: ERROR:root:Metrics upload error for service subscriberdb (chunk 0)! [StatusCode.DEADLINE_EXCEEDED] Deadline Exceeded
Apr 26 19:42:51 localhost magmad[3462298]: ERROR:root:Metrics upload error for service mobilityd (chunk 0)! [StatusCode.DEADLINE_EXCEEDED] Deadline Exceeded
Apr 26 19:42:51 localhost magmad[3462298]: ERROR:root:Metrics upload error for service mme (chunk 0)! [StatusCode.DEADLINE_EXCEEDED] Deadline Exceeded
Apr 26 19:42:51 localhost magmad[3462298]: ERROR:root:Metrics upload error for service magmad (chunk 0)! [StatusCode.DEADLINE_EXCEEDED] Deadline Exceeded
Apr 26 19:42:51 localhost magmad[3462298]: ERROR:root:Metrics upload error for service enodebd (chunk 0)! [StatusCode.DEADLINE_EXCEEDED] Deadline Exceeded
Apr 26 19:42:51 localhost magmad[3462298]: ERROR:root:Metrics upload error for service pipelined (chunk 0)! [StatusCode.DEADLINE_EXCEEDED] Deadline Exceeded
Apr 26 19:42:52 localhost magmad[3462298]: ERROR:root:Metrics upload error for service state (chunk 0)! [StatusCode.DEADLINE_EXCEEDED] Deadline Exceeded
Apr 26 19:42:52 localhost magmad[3462298]: ERROR:root:Metrics upload error for service sessiond (chunk 0)! [StatusCode.DEADLINE_EXCEEDED] Deadline Exceeded
Apr 26 19:42:53 localhost smsd[3462461]: INFO:root:mme non_eps_service_config is not SMS_ORC8R, sleeping.
Apr 26 19:42:57 localhost dhclient[601]: DHCPREQUEST for 172.16.5.121 on eth1 to 172.16.5.2 port 67 (xid=0x1ea11b90)
Apr 26 19:42:58 localhost smsd[3462461]: INFO:root:mme non_eps_service_config is not SMS_ORC8R, sleeping.
Apr 26 19:43:03 localhost sctpd[3462640]: I0426 19:43:03.199223 3463078 sctp_connection.cpp:195] Unhandled notification type 32776
Apr 26 19:43:03 localhost smsd[3462461]: INFO:root:mme non_eps_service_config is not SMS_ORC8R, sleeping.
Apr 26 19:43:04 localhost sctpd[3462640]: I0426 19:43:04.257366 3463078 sctp_connection.cpp:195] Unhandled notification type 32777
Apr 26 19:43:04 localhost sctpd[3462640]: I0426 19:43:04.581059 3463078 sctp_connection.cpp:195] Unhandled notification type 32777
Apr 26 19:43:04 localhost control_proxy[3462516]: 2022-04-26T19:42:04.405Z [127.0.0.1 -> streamer-controller.magmasi.wavelabs.in,8443] "POST /magma.orc8r.Streamer/GetUpdates HTTP/2" 200 0bytes 60.509s
Apr 26 19:43:04 localhost magmad[3462298]: ERROR:root:Error! Streaming from the cloud failed! [StatusCode.ABORTED] error while streaming updates: rpc error: code = DeadlineExceeded desc = context deadline exceeded
Apr 26 19:43:06 localhost mobilityd[3462370]: INFO:root:Using GW info: {'default': {2: ('172.16.4.1', 'eth0')}, 2: [('172.16.4.1', 'eth0', True)]}
Apr 26 19:43:06 localhost mobilityd[3462370]: INFO:root:GW-v6 probe: timer started
Apr 26 19:43:07 localhost magmad[3462298]: INFO:root:[SyncRPC] Got heartBeat from cloud
Apr 26 19:43:07 localhost dhclient[601]: DHCPREQUEST for 172.16.5.121 on eth1 to 172.16.5.2 port 67 (xid=0x1ea11b90)
Apr 26 19:43:08 localhost smsd[3462461]: INFO:root:mme non_eps_service_config is not SMS_ORC8R, sleeping.
Apr 26 19:43:13 localhost smsd[3462461]: INFO:root:mme non_eps_service_config is not SMS_ORC8R, sleeping.
Apr 26 19:43:15 localhost control_proxy[3462516]: 2022-04-26T19:43:15.095Z [127.0.0.1 -> streamer-controller.magmasi.wavelabs.in,8443] "POST /magma.orc8r.Streamer/GetUpdates HTTP/2" 200 173bytes 0.531s
Apr 26 19:43:15 localhost policydb[3462443]: INFO:root:Processing 4 policy updates (resync=True)
Apr 26 19:43:15 localhost control_proxy[3462516]: 2022-04-26T19:43:15.095Z [127.0.0.1 -> streamer-controller.magmasi.wavelabs.in,8443] "POST /magma.orc8r.Streamer/GetUpdates HTTP/2" 200 7bytes 0.274s
Apr 26 19:43:15 localhost policydb[3462443]: INFO:root:Processing 0 basename -> policy updates
Apr 26 19:43:16 localhost control_proxy[3462516]: 2022-04-26T19:43:15.095Z [127.0.0.1 -> streamer-controller.magmasi.wavelabs.in,8443] "POST /magma.orc8r.Streamer/GetUpdates HTTP/2" 200 13536bytes 0.307s
Apr 26 19:43:16 localhost policydb[3462443]: INFO:root:Processing 223 SID -> apn -> policy updates
Apr 26 19:43:16 localhost control_proxy[3462516]: 2022-04-26T19:43:16.222Z [127.0.0.1 -> streamer-controller.magmasi.wavelabs.in,8443] "POST /magma.orc8r.Streamer/GetUpdates HTTP/2" 200 7bytes 0.276s
Apr 26 19:43:16 localhost policydb[3462443]: INFO:root:Processing 0 rating group updates
Apr 26 19:43:18 localhost smsd[3462461]: INFO:root:mme non_eps_service_config is not SMS_ORC8R, sleeping.
Apr 26 19:43:18 localhost dhclient[601]: DHCPREQUEST for 172.16.5.121 on eth1 to 172.16.5.2 port 67 (xid=0x1ea11b90)
Apr 26 19:43:23 localhost smsd[3462461]: INFO:root:mme non_eps_service_config is not SMS_ORC8R, sleeping.
Apr 26 19:43:24 localhost sctpd[3462640]: I0426 19:43:24.376761 3463078 sctp_connection.cpp:195] Unhandled notification type 32776
Apr 26 19:43:25 localhost sctpd[3462640]: I0426 19:43:25.438761 3463078 sctp_connection.cpp:195] Unhandled notification type 32777
Apr 26 19:43:25 localhost subscriberdb[3462368]: WARNING:root:Subscriber not found: IMSI222700000003333
Apr 26 19:43:25 localhost sctpd[3462640]: I0426 19:43:25.772981 3463078 sctp_connection.cpp:195] Unhandled notification type 32777
Apr 26 19:43:26 localhost mobilityd[3462370]: INFO:root:Using GW info: {'default': {2: ('172.16.4.1', 'eth0')}, 2: [('172.16.4.1', 'eth0', True)]}
Apr 26 19:43:26 localhost mobilityd[3462370]: INFO:root:GW-v6 probe: timer started
Apr 26 19:43:28 localhost smsd[3462461]: INFO:root:mme non_eps_service_config is not SMS_ORC8R, sleeping.
Apr 26 19:43:31 localhost dhclient[601]: DHCPREQUEST for 172.16.5.121 on eth1 to 172.16.5.2 port 67 (xid=0x1ea11b90)
Apr 26 19:43:33 localhost smsd[3462461]: INFO:root:mme non_eps_service_config is not SMS_ORC8R, sleeping.
Apr 26 19:43:38 localhost smsd[3462461]: INFO:root:mme non_eps_service_config is not SMS_ORC8R, sleeping.
Apr 26 19:43:42 localhost magmad[3462298]: INFO:root:Setting logging level to INFO
Apr 26 19:43:43 localhost smsd[3462461]: INFO:root:mme non_eps_service_config is not SMS_ORC8R, sleeping.
Apr 26 19:43:44 localhost dhclient[601]: DHCPREQUEST for 172.16.5.121 on eth1 to 172.16.5.2 port 67 (xid=0x1ea11b90)
Apr 26 19:43:45 localhost sctpd[3462640]: I0426 19:43:45.254166 3463078 sctp_connection.cpp:195] Unhandled notification type 32776
Apr 26 19:43:46 localhost mobilityd[3462370]: INFO:root:Using GW info: {'default': {2: ('172.16.4.1', 'eth0')}, 2: [('172.16.4.1', 'eth0', True)]}
Apr 26 19:43:46 localhost mobilityd[3462370]: INFO:root:GW-v6 probe: timer started
Apr 26 19:43:46 localhost sctpd[3462640]: I0426 19:43:46.324204 3463078 sctp_connection.cpp:195] Unhandled notification type 32777
Apr 26 19:43:48 localhost smsd[3462461]: INFO:root:mme non_eps_service_config is not SMS_ORC8R, sleeping.
Apr 26 19:43:49 localhost sctpd[3462640]: I0426 19:43:49.622773 3463078 sctp_connection.cpp:195] Unhandled notification type 32777
Apr 26 19:43:49 localhost sctpd[3462640]: I0426 19:43:49.829080 3463078 sctp_connection.cpp:195] Unhandled notification type 32777
Apr 26 19:43:53 localhost smsd[3462461]: INFO:root:mme non_eps_service_config is not SMS_ORC8R, sleeping.
Apr 26 19:43:58 localhost smsd[3462461]: INFO:root:mme non_eps_service_config is not SMS_ORC8R, sleeping.
Apr 26 19:44:01 localhost magmad[3462298]: ERROR:root:Metrics upload error for service subscriberdb (chunk 0)! [StatusCode.DEADLINE_EXCEEDED] Deadline Exceeded
Apr 26 19:44:01 localhost magmad[3462298]: ERROR:root:Metrics upload error for service mobilityd (chunk 0)! [StatusCode.DEADLINE_EXCEEDED] Deadline Exceeded
Apr 26 19:44:01 localhost magmad[3462298]: ERROR:root:Metrics upload error for service mme (chunk 0)! [StatusCode.DEADLINE_EXCEEDED] Deadline Exceeded
Apr 26 19:44:01 localhost magmad[3462298]: ERROR:root:Metrics upload error for service magmad (chunk 0)! [StatusCode.DEADLINE_EXCEEDED] Deadline Exceeded
Apr 26 19:44:01 localhost magmad[3462298]: ERROR:root:Metrics upload error for service enodebd (chunk 0)! [StatusCode.DEADLINE_EXCEEDED] Deadline Exceeded
Apr 26 19:44:01 localhost magmad[3462298]: ERROR:root:Metrics upload error for service pipelined (chunk 0)! [StatusCode.DEADLINE_EXCEEDED] Deadline Exceeded
Apr 26 19:44:01 localhost magmad[3462298]: ERROR:root:Metrics upload error for service state (chunk 0)! [StatusCode.DEADLINE_EXCEEDED] Deadline Exceeded
Apr 26 19:44:01 localhost magmad[3462298]: ERROR:root:Metrics upload error for service sessiond (chunk 0)! [StatusCode.DEADLINE_EXCEEDED] Deadline Exceeded
Apr 26 19:44:01 localhost control_proxy[3462516]: 2022-04-26T19:44:01.278Z [127.0.0.1 -> state-controller.magmasi.wavelabs.in,8443] "POST /magma.orc8r.StateService/ReportStates HTTP/2" 200 5bytes 0.519s
Apr 26 19:44:01 localhost magmad[3462298]: INFO:root:Checkin Successful! Successfully sent states to the cloud!
Apr 26 19:44:01 localhost dhclient[601]: DHCPREQUEST for 172.16.5.121 on eth1 to 172.16.5.2 port 67 (xid=0x1ea11b90)
Apr 26 19:44:03 localhost magmad[3462298]: INFO:root:Checking for upgrade...
Apr 26 19:44:03 localhost magmad[3462298]: WARNING:root:magmad package_version config missing or set to default 0.0.0-0, skipping upgrade
Apr 26 19:44:03 localhost smsd[3462461]: INFO:root:mme non_eps_service_config is not SMS_ORC8R, sleeping.
Apr 26 19:44:06 localhost mobilityd[3462370]: INFO:root:Using GW info: {'default': {2: ('172.16.4.1', 'eth0')}, 2: [('172.16.4.1', 'eth0', True)]}
Apr 26 19:44:06 localhost mobilityd[3462370]: INFO:root:GW-v6 probe: timer started
Apr 26 19:44:07 localhost magmad[3462298]: INFO:root:[SyncRPC] Got heartBeat from cloud
Apr 26 19:44:08 localhost smsd[3462461]: INFO:root:mme non_eps_service_config is not SMS_ORC8R, sleeping.
Apr 26 19:44:09 localhost sctpd[3462640]: I0426 19:44:09.435156 3463078 sctp_connection.cpp:195] Unhandled notification type 32776
Apr 26 19:44:10 localhost sctpd[3462640]: I0426 19:44:10.495211 3463078 sctp_connection.cpp:195] Unhandled notification type 32777
Apr 26 19:44:10 localhost sctpd[3462640]: I0426 19:44:10.829069 3463078 sctp_connection.cpp:195] Unhandled notification type 32777
Apr 26 19:44:13 localhost smsd[3462461]: INFO:root:mme non_eps_service_config is not SMS_ORC8R, sleeping.
Apr 26 19:44:14 localhost dhclient[601]: DHCPREQUEST for 172.16.5.121 on eth1 to 172.16.5.2 port 67 (xid=0x1ea11b90)
Apr 26 19:44:16 localhost sctpd[3462640]: I0426 19:44:16.840961 3463078 sctp_connection.cpp:195] Unhandled notification type 32777
Apr 26 19:44:17 localhost control_proxy[3462516]: 2022-04-26T19:44:16.536Z [127.0.0.1 -> streamer-controller.magmasi.wavelabs.in,8443] "POST /magma.orc8r.Streamer/GetUpdates HTTP/2" 200 173bytes 0.614s
Apr 26 19:44:17 localhost policydb[3462443]: INFO:root:Processing 4 policy updates (resync=True)
Apr 26 19:44:17 localhost control_proxy[3462516]: 2022-04-26T19:44:17.154Z [127.0.0.1 -> streamer-controller.magmasi.wavelabs.in,8443] "POST /magma.orc8r.Streamer/GetUpdates HTTP/2" 200 7bytes 0.298s
Apr 26 19:44:17 localhost policydb[3462443]: INFO:root:Processing 0 basename -> policy updates
Apr 26 19:44:17 localhost control_proxy[3462516]: 2022-04-26T19:44:17.154Z [127.0.0.1 -> streamer-controller.magmasi.wavelabs.in,8443] "POST /magma.orc8r.Streamer/GetUpdates HTTP/2" 200 13536bytes 0.347s
Apr 26 19:44:17 localhost policydb[3462443]: INFO:root:Processing 223 SID -> apn -> policy updates
Apr 26 19:44:18 localhost control_proxy[3462516]: 2022-04-26T19:44:17.154Z [127.0.0.1 -> streamer-controller.magmasi.wavelabs.in,8443] "POST /magma.orc8r.Streamer/GetUpdates HTTP/2" 200 7bytes 0.292s
Apr 26 19:44:18 localhost policydb[3462443]: INFO:root:Processing 0 rating group updates
Apr 26 19:44:18 localhost smsd[3462461]: INFO:root:mme non_eps_service_config is not SMS_ORC8R, sleeping.
Apr 26 19:44:22 localhost sctpd[3462640]: I0426 19:44:22.841002 3463078 sctp_connection.cpp:195] Unhandled notification type 32777
Apr 26 19:44:23 localhost smsd[3462461]: INFO:root:mme non_eps_service_config is not SMS_ORC8R, sleeping.
Apr 26 19:44:24 localhost dhclient[601]: DHCPREQUEST for 172.16.5.121 on eth1 to 172.16.5.2 port 67 (xid=0x1ea11b90)
Apr 26 19:44:26 localhost mobilityd[3462370]: INFO:root:Using GW info: {'default': {2: ('172.16.4.1', 'eth0')}, 2: [('172.16.4.1', 'eth0', True)]}
Apr 26 19:44:26 localhost mobilityd[3462370]: INFO:root:GW-v6 probe: timer started
Apr 26 19:44:28 localhost smsd[3462461]: INFO:root:mme non_eps_service_config is not SMS_ORC8R, sleeping.
Apr 26 19:44:28 localhost sctpd[3462640]: I0426 19:44:28.845147 3463078 sctp_connection.cpp:195] Unhandled notification type 32777
Apr 26 19:44:33 localhost smsd[3462461]: INFO:root:mme non_eps_service_config is not SMS_ORC8R, sleeping.
Apr 26 19:44:34 localhost sctpd[3462640]: I0426 19:44:34.845152 3463078 sctp_connection.cpp:195] Unhandled notification type 32777
Apr 26 19:44:37 localhost dhclient[601]: DHCPREQUEST for 172.16.5.121 on eth1 to 172.16.5.2 port 67 (xid=0x1ea11b90)
Apr 26 19:44:38 localhost smsd[3462461]: INFO:root:mme non_eps_service_config is not SMS_ORC8R, sleeping.
Apr 26 19:44:40 localhost sctpd[3462640]: I0426 19:44:40.813346 3463078 sctp_connection.cpp:195] Unhandled notification type 32777
Apr 26 19:44:43 localhost smsd[3462461]: INFO:root:mme non_eps_service_config is not SMS_ORC8R, sleeping.
Apr 26 19:44:46 localhost mobilityd[3462370]: INFO:root:Using GW info: {'default': {2: ('172.16.4.1', 'eth0')}, 2: [('172.16.4.1', 'eth0', True)]}
Apr 26 19:44:46 localhost mobilityd[3462370]: INFO:root:GW-v6 probe: timer started
Apr 26 19:44:48 localhost smsd[3462461]: INFO:root:mme non_eps_service_config is not SMS_ORC8R, sleeping.
Apr 26 19:44:49 localhost dhclient[601]: DHCPREQUEST for 172.16.5.121 on eth1 to 172.16.5.2 port 67 (xid=0x1ea11b90)
Apr 26 19:44:51 localhost magmad[3462298]: ERROR:root:Metrics upload error for service subscriberdb (chunk 0)! [StatusCode.DEADLINE_EXCEEDED] Deadline Exceeded
Apr 26 19:44:51 localhost magmad[3462298]: ERROR:root:Metrics upload error for service mobilityd (chunk 0)! [StatusCode.DEADLINE_EXCEEDED] Deadline Exceeded
Apr 26 19:44:51 localhost magmad[3462298]: ERROR:root:Metrics upload error for service mme (chunk 0)! [StatusCode.DEADLINE_EXCEEDED] Deadline Exceeded
Apr 26 19:44:52 localhost magmad[3462298]: ERROR:root:Metrics upload error for service magmad (chunk 0)! [StatusCode.DEADLINE_EXCEEDED] Deadline Exceeded
Apr 26 19:44:52 localhost magmad[3462298]: ERROR:root:Metrics upload error for service enodebd (chunk 0)! [StatusCode.DEADLINE_EXCEEDED] Deadline Exceeded
Apr 26 19:44:52 localhost magmad[3462298]: ERROR:root:Metrics upload error for service pipelined (chunk 0)! [StatusCode.DEADLINE_EXCEEDED] Deadline Exceeded
Apr 26 19:44:52 localhost magmad[3462298]: ERROR:root:Metrics upload error for service state (chunk 0)! [StatusCode.DEADLINE_EXCEEDED] Deadline Exceeded
Apr 26 19:44:52 localhost magmad[3462298]: ERROR:root:Metrics upload error for service sessiond (chunk 0)! [StatusCode.DEADLINE_EXCEEDED] Deadline Exceeded
Apr 26 19:44:53 localhost smsd[3462461]: INFO:root:mme non_eps_service_config is not SMS_ORC8R, sleeping.
Apr 26 19:44:59 localhost smsd[3462461]: INFO:root:mme non_eps_service_config is not SMS_ORC8R, sleeping.
Apr 26 19:45:00 localhost sctpd[3462640]: I0426 19:45:00.638829 3463078 sctp_connection.cpp:195] Unhandled notification type 32776
Apr 26 19:45:01 localhost dhclient[601]: DHCPREQUEST for 172.16.5.121 on eth1 to 172.16.5.2 port 67 (xid=0x1ea11b90)
Apr 26 19:45:01 localhost sctpd[3462640]: I0426 19:45:01.698303 3463078 sctp_connection.cpp:195] Unhandled notification type 32777
Apr 26 19:45:01 localhost sctpd[3462640]: I0426 19:45:01.927314 3463078 sctp_connection.cpp:195] Unhandled notification type 32777
Apr 26 19:45:02 localhost sctpd[3462640]: I0426 19:45:02.038405 3463078 sctp_connection.cpp:195] Unhandled notification type 32777
Apr 26 19:45:02 localhost mme[3463033]: [DEBUG] Sending S6A-UPDATE_LOCATION_REQUEST with IMSI: 222700000000001
Apr 26 19:45:02 localhost mme[3463033]: [INFO] Received S6A-LOCATION-UPDATE_ANSWER for IMSI: 222700000000001; Status: ; StatusCode: 2001
Apr 26 19:45:02 localhost mme[3463033]: [INFO] sent itti S6A-LOCATION-UPDATE_ANSWER for IMSI: 222700000000001
Apr 26 19:45:02 localhost sctpd[3462640]: I0426 19:45:02.157336 3463078 sctp_connection.cpp:195] Unhandled notification type 32777
Apr 26 19:45:02 localhost magmad[3462298]: INFO:root:Setting logging level to INFO
Apr 26 19:45:03 localhost sctpd[3462640]: I0426 19:45:03.541229 3463078 sctp_connection.cpp:195] Unhandled notification type 32777
Apr 26 19:45:04 localhost smsd[3462461]: INFO:root:mme non_eps_service_config is not SMS_ORC8R, sleeping.
Apr 26 19:45:05 localhost control_proxy[3462516]: 2022-04-26T19:44:04.977Z [127.0.0.1 -> streamer-controller.magmasi.wavelabs.in,8443] "POST /magma.orc8r.Streamer/GetUpdates HTTP/2" 200 0bytes 60.259s
Apr 26 19:45:05 localhost magmad[3462298]: ERROR:root:Error! Streaming from the cloud failed! [StatusCode.ABORTED] error while streaming updates: rpc error: code = DeadlineExceeded desc = context deadline exceeded
Apr 26 19:45:05 localhost sctpd[3462640]: I0426 19:45:05.775228 3463078 sctp_connection.cpp:195] Unhandled notification type 32777
Apr 26 19:45:05 localhost sctpd[3462640]: I0426 19:45:05.895773 3463078 sctp_connection.cpp:195] Unhandled notification type 32777
Apr 26 19:45:06 localhost sctpd[3462640]: I0426 19:45:06.015316 3463078 sctp_connection.cpp:195] Unhandled notification type 32777
Apr 26 19:45:06 localhost mme[3463033]: [DEBUG] Sending S6A-UPDATE_LOCATION_REQUEST with IMSI: 222700000000001
Apr 26 19:45:06 localhost mme[3463033]: [INFO] Received S6A-LOCATION-UPDATE_ANSWER for IMSI: 222700000000001; Status: ; StatusCode: 2001
Apr 26 19:45:06 localhost mme[3463033]: [INFO] sent itti S6A-LOCATION-UPDATE_ANSWER for IMSI: 222700000000001
Apr 26 19:45:06 localhost sctpd[3462640]: I0426 19:45:06.130062 3463078 sctp_connection.cpp:195] Unhandled notification type 32777
Apr 26 19:45:06 localhost mobilityd[3462370]: INFO:root:Using GW info: {'default': {2: ('172.16.4.1', 'eth0')}, 2: [('172.16.4.1', 'eth0', True)]}
Apr 26 19:45:06 localhost mobilityd[3462370]: INFO:root:GW-v6 probe: timer started
Apr 26 19:45:07 localhost magmad[3462298]: INFO:root:[SyncRPC] Got heartBeat from cloud
Apr 26 19:45:07 localhost sctpd[3462640]: I0426 19:45:07.521090 3463078 sctp_connection.cpp:195] Unhandled notification type 32777
Apr 26 19:45:09 localhost smsd[3462461]: INFO:root:mme non_eps_service_config is not SMS_ORC8R, sleeping.
Apr 26 19:45:14 localhost smsd[3462461]: INFO:root:mme non_eps_service_config is not SMS_ORC8R, sleeping.
Apr 26 19:45:14 localhost dhclient[601]: DHCPREQUEST for 172.16.5.121 on eth1 to 172.16.5.2 port 67 (xid=0x1ea11b90)
Apr 26 19:45:18 localhost control_proxy[3462516]: 2022-04-26T19:45:18.148Z [127.0.0.1 -> streamer-controller.magmasi.wavelabs.in,8443] "POST /magma.orc8r.Streamer/GetUpdates HTTP/2" 200 173bytes 0.532s
Apr 26 19:45:18 localhost policydb[3462443]: INFO:root:Processing 4 policy updates (resync=True)
Apr 26 19:45:18 localhost control_proxy[3462516]: 2022-04-26T19:45:18.148Z [127.0.0.1 -> streamer-controller.magmasi.wavelabs.in,8443] "POST /magma.orc8r.Streamer/GetUpdates HTTP/2" 200 7bytes 0.271s
