Apr 26 17:52:16 localhost smsd[3442319]: INFO:root:mme non_eps_service_config is not SMS_ORC8R, sleeping.
Apr 26 17:52:16 localhost mobilityd[3442226]: INFO:root:Using GW info: {'default': {2: ('172.16.4.1', 'eth0')}, 2: [('172.16.4.1', 'eth0', True)]}
Apr 26 17:52:16 localhost mobilityd[3442226]: INFO:root:GW-v6 probe: timer started
Apr 26 17:52:16 localhost sctpd[3442494]: I0426 17:52:16.974063 3442939 sctp_connection.cpp:195] Unhandled notification type 32777
Apr 26 17:52:17 localhost sctpd[3442494]: I0426 17:52:17.203138 3442939 sctp_connection.cpp:195] Unhandled notification type 32777
Apr 26 17:52:17 localhost sctpd[3442494]: I0426 17:52:17.325198 3442939 sctp_connection.cpp:195] Unhandled notification type 32777
Apr 26 17:52:17 localhost mme[3442898]: [DEBUG] Sending S6A-UPDATE_LOCATION_REQUEST with IMSI: 222700000000001
Apr 26 17:52:17 localhost mme[3442898]: [INFO] Received S6A-LOCATION-UPDATE_ANSWER for IMSI: 222700000000001; Status: ; StatusCode: 2001
Apr 26 17:52:17 localhost mme[3442898]: [INFO] sent itti S6A-LOCATION-UPDATE_ANSWER for IMSI: 222700000000001
Apr 26 17:52:17 localhost sctpd[3442494]: I0426 17:52:17.442637 3442939 sctp_connection.cpp:195] Unhandled notification type 32777
Apr 26 17:52:18 localhost sctpd[3442494]: I0426 17:52:18.833513 3442939 sctp_connection.cpp:195] Unhandled notification type 32777
Apr 26 17:52:19 localhost magmad[3442157]: ERROR:root:Metrics upload error for service subscriberdb (chunk 0)! [StatusCode.DEADLINE_EXCEEDED] Deadline Exceeded
Apr 26 17:52:19 localhost magmad[3442157]: ERROR:root:Metrics upload error for service mobilityd (chunk 0)! [StatusCode.DEADLINE_EXCEEDED] Deadline Exceeded
Apr 26 17:52:19 localhost magmad[3442157]: ERROR:root:Metrics upload error for service mme (chunk 0)! [StatusCode.DEADLINE_EXCEEDED] Deadline Exceeded
Apr 26 17:52:19 localhost magmad[3442157]: ERROR:root:Metrics upload error for service magmad (chunk 0)! [StatusCode.DEADLINE_EXCEEDED] Deadline Exceeded
Apr 26 17:52:19 localhost magmad[3442157]: ERROR:root:Metrics upload error for service enodebd (chunk 0)! [StatusCode.DEADLINE_EXCEEDED] Deadline Exceeded
Apr 26 17:52:19 localhost magmad[3442157]: ERROR:root:Metrics upload error for service pipelined (chunk 0)! [StatusCode.DEADLINE_EXCEEDED] Deadline Exceeded
Apr 26 17:52:19 localhost magmad[3442157]: ERROR:root:Metrics upload error for service state (chunk 0)! [StatusCode.DEADLINE_EXCEEDED] Deadline Exceeded
Apr 26 17:52:19 localhost magmad[3442157]: ERROR:root:Metrics upload error for service sessiond (chunk 0)! [StatusCode.DEADLINE_EXCEEDED] Deadline Exceeded
Apr 26 17:52:19 localhost control_proxy[3442397]: 2022-04-26T17:52:18.851Z [127.0.0.1 -> streamer-controller.magmasi.wavelabs.in,8443] "POST /magma.orc8r.Streamer/GetUpdates HTTP/2" 200 173bytes 0.528s
Apr 26 17:52:19 localhost policydb[3442303]: INFO:root:Processing 4 policy updates (resync=True)
Apr 26 17:52:19 localhost control_proxy[3442397]: 2022-04-26T17:52:19.383Z [127.0.0.1 -> streamer-controller.magmasi.wavelabs.in,8443] "POST /magma.orc8r.Streamer/GetUpdates HTTP/2" 200 7bytes 0.272s
Apr 26 17:52:19 localhost policydb[3442303]: INFO:root:Processing 0 basename -> policy updates
Apr 26 17:52:19 localhost control_proxy[3442397]: 2022-04-26T17:52:19.383Z [127.0.0.1 -> streamer-controller.magmasi.wavelabs.in,8443] "POST /magma.orc8r.Streamer/GetUpdates HTTP/2" 200 13536bytes 0.300s
Apr 26 17:52:19 localhost policydb[3442303]: INFO:root:Processing 223 SID -> apn -> policy updates
Apr 26 17:52:20 localhost control_proxy[3442397]: 2022-04-26T17:52:19.383Z [127.0.0.1 -> streamer-controller.magmasi.wavelabs.in,8443] "POST /magma.orc8r.Streamer/GetUpdates HTTP/2" 200 7bytes 0.284s
Apr 26 17:52:20 localhost policydb[3442303]: INFO:root:Processing 0 rating group updates
Apr 26 17:52:21 localhost sctpd[3442494]: I0426 17:52:21.054798 3442939 sctp_connection.cpp:195] Unhandled notification type 32777
Apr 26 17:52:21 localhost sctpd[3442494]: I0426 17:52:21.166766 3442939 sctp_connection.cpp:195] Unhandled notification type 32777
Apr 26 17:52:21 localhost sctpd[3442494]: I0426 17:52:21.285032 3442939 sctp_connection.cpp:195] Unhandled notification type 32777
Apr 26 17:52:21 localhost mme[3442898]: [DEBUG] Sending S6A-UPDATE_LOCATION_REQUEST with IMSI: 222700000000001
Apr 26 17:52:21 localhost mme[3442898]: [INFO] Received S6A-LOCATION-UPDATE_ANSWER for IMSI: 222700000000001; Status: ; StatusCode: 2001
Apr 26 17:52:21 localhost mme[3442898]: [INFO] sent itti S6A-LOCATION-UPDATE_ANSWER for IMSI: 222700000000001
Apr 26 17:52:21 localhost sctpd[3442494]: I0426 17:52:21.397195 3442939 sctp_connection.cpp:195] Unhandled notification type 32777
Apr 26 17:52:21 localhost sctpd[3442494]: I0426 17:52:21.657449 3442939 sctp_connection.cpp:195] Unhandled notification type 32777
Apr 26 17:52:21 localhost smsd[3442319]: INFO:root:mme non_eps_service_config is not SMS_ORC8R, sleeping.
Apr 26 17:52:31 localhost smsd[3442319]: message repeated 2 times: [ INFO:root:mme non_eps_service_config is not SMS_ORC8R, sleeping.]
Apr 26 17:52:32 localhost dhclient[601]: DHCPREQUEST for 172.16.5.121 on eth1 to 172.16.5.2 port 67 (xid=0x1ea11b90)
Apr 26 17:52:36 localhost mobilityd[3442226]: INFO:root:Using GW info: {'default': {2: ('172.16.4.1', 'eth0')}, 2: [('172.16.4.1', 'eth0', True)]}
Apr 26 17:52:36 localhost mobilityd[3442226]: INFO:root:GW-v6 probe: timer started
Apr 26 17:52:36 localhost smsd[3442319]: INFO:root:mme non_eps_service_config is not SMS_ORC8R, sleeping.
Apr 26 17:52:41 localhost smsd[3442319]: INFO:root:mme non_eps_service_config is not SMS_ORC8R, sleeping.
Apr 26 17:52:43 localhost sctpd[3442494]: I0426 17:52:43.471416 3442939 sctp_connection.cpp:195] Unhandled notification type 32776
Apr 26 17:52:43 localhost sctpd[3442494]: I0426 17:52:43.620101 3442939 sctp_connection.cpp:195] Unhandled notification type 32776
Apr 26 17:52:43 localhost dhclient[601]: DHCPREQUEST for 172.16.5.121 on eth1 to 172.16.5.2 port 67 (xid=0x1ea11b90)
Apr 26 17:52:44 localhost sctpd[3442494]: I0426 17:52:44.694133 3442939 sctp_connection.cpp:195] Unhandled notification type 32777
Apr 26 17:52:44 localhost sctpd[3442494]: I0426 17:52:44.810031 3442939 sctp_connection.cpp:195] Unhandled notification type 32777
Apr 26 17:52:45 localhost sctpd[3442494]: I0426 17:52:45.117022 3442939 sctp_connection.cpp:195] Unhandled notification type 32777
Apr 26 17:52:45 localhost sctpd[3442494]: I0426 17:52:45.135085 3442939 sctp_connection.cpp:195] Unhandled notification type 32777
Apr 26 17:52:45 localhost sctpd[3442494]: I0426 17:52:45.246798 3442939 sctp_connection.cpp:195] Unhandled notification type 32777
Apr 26 17:52:45 localhost sctpd[3442494]: I0426 17:52:45.370703 3442939 sctp_connection.cpp:195] Unhandled notification type 32777
Apr 26 17:52:45 localhost mme[3442898]: [DEBUG] Sending S6A-UPDATE_LOCATION_REQUEST with IMSI: 222700000000001
Apr 26 17:52:45 localhost mme[3442898]: [INFO] Received S6A-LOCATION-UPDATE_ANSWER for IMSI: 222700000000001; Status: ; StatusCode: 2001
Apr 26 17:52:45 localhost mme[3442898]: [INFO] sent itti S6A-LOCATION-UPDATE_ANSWER for IMSI: 222700000000001
Apr 26 17:52:45 localhost sctpd[3442494]: I0426 17:52:45.481988 3442939 sctp_connection.cpp:195] Unhandled notification type 32777
Apr 26 17:52:46 localhost sctpd[3442494]: I0426 17:52:46.913908 3442939 sctp_connection.cpp:195] Unhandled notification type 32777
Apr 26 17:52:46 localhost smsd[3442319]: INFO:root:mme non_eps_service_config is not SMS_ORC8R, sleeping.
Apr 26 17:52:49 localhost sctpd[3442494]: I0426 17:52:49.186686 3442939 sctp_connection.cpp:195] Unhandled notification type 32777
Apr 26 17:52:49 localhost sctpd[3442494]: I0426 17:52:49.301889 3442939 sctp_connection.cpp:195] Unhandled notification type 32777
Apr 26 17:52:49 localhost mme[3442898]: [DEBUG] Sending S6A-UPDATE_LOCATION_REQUEST with IMSI: 222700000000001
Apr 26 17:52:49 localhost mme[3442898]: [INFO] Received S6A-LOCATION-UPDATE_ANSWER for IMSI: 222700000000001; Status: ; StatusCode: 2001
Apr 26 17:52:49 localhost mme[3442898]: [INFO] sent itti S6A-LOCATION-UPDATE_ANSWER for IMSI: 222700000000001
Apr 26 17:52:49 localhost sctpd[3442494]: I0426 17:52:49.416772 3442939 sctp_connection.cpp:195] Unhandled notification type 32777
Apr 26 17:52:50 localhost sctpd[3442494]: I0426 17:52:50.845721 3442939 sctp_connection.cpp:195] Unhandled notification type 32777
Apr 26 17:52:52 localhost smsd[3442319]: INFO:root:mme non_eps_service_config is not SMS_ORC8R, sleeping.
Apr 26 17:52:56 localhost mobilityd[3442226]: INFO:root:Using GW info: {'default': {2: ('172.16.4.1', 'eth0')}, 2: [('172.16.4.1', 'eth0', True)]}
Apr 26 17:52:56 localhost mobilityd[3442226]: INFO:root:GW-v6 probe: timer started
Apr 26 17:52:56 localhost magmad[3442157]: INFO:root:[SyncRPC] Got heartBeat from cloud
Apr 26 17:52:57 localhost smsd[3442319]: INFO:root:mme non_eps_service_config is not SMS_ORC8R, sleeping.
Apr 26 17:52:57 localhost dhclient[601]: DHCPREQUEST for 172.16.5.121 on eth1 to 172.16.5.2 port 67 (xid=0x1ea11b90)
Apr 26 17:53:02 localhost smsd[3442319]: INFO:root:mme non_eps_service_config is not SMS_ORC8R, sleeping.
Apr 26 17:53:07 localhost smsd[3442319]: INFO:root:mme non_eps_service_config is not SMS_ORC8R, sleeping.
Apr 26 17:53:08 localhost dhclient[601]: DHCPREQUEST for 172.16.5.121 on eth1 to 172.16.5.2 port 67 (xid=0x1ea11b90)
Apr 26 17:53:09 localhost magmad[3442157]: INFO:root:Setting logging level to INFO
Apr 26 17:53:11 localhost sctpd[3442494]: I0426 17:53:11.499918 3442939 sctp_connection.cpp:195] Unhandled notification type 32776
Apr 26 17:53:12 localhost smsd[3442319]: INFO:root:mme non_eps_service_config is not SMS_ORC8R, sleeping.
Apr 26 17:53:12 localhost sctpd[3442494]: I0426 17:53:12.561975 3442939 sctp_connection.cpp:195] Unhandled notification type 32777
Apr 26 17:53:15 localhost sctpd[3442494]: I0426 17:53:15.851140 3442939 sctp_connection.cpp:195] Unhandled notification type 32777
Apr 26 17:53:15 localhost sctpd[3442494]: I0426 17:53:15.967451 3442939 sctp_connection.cpp:195] Unhandled notification type 32777
Apr 26 17:53:15 localhost mme[3442898]: [DEBUG] Sending S6A-UPDATE_LOCATION_REQUEST with IMSI: 222700000000001
Apr 26 17:53:15 localhost mme[3442898]: [INFO] Received S6A-LOCATION-UPDATE_ANSWER for IMSI: 222700000000001; Status: ; StatusCode: 2001
Apr 26 17:53:15 localhost mme[3442898]: [INFO] sent itti S6A-LOCATION-UPDATE_ANSWER for IMSI: 222700000000001
Apr 26 17:53:16 localhost sctpd[3442494]: I0426 17:53:16.081648 3442939 sctp_connection.cpp:195] Unhandled notification type 32777
Apr 26 17:53:16 localhost mobilityd[3442226]: INFO:root:Using GW info: {'default': {2: ('172.16.4.1', 'eth0')}, 2: [('172.16.4.1', 'eth0', True)]}
Apr 26 17:53:16 localhost mobilityd[3442226]: INFO:root:GW-v6 probe: timer started
Apr 26 17:53:17 localhost smsd[3442319]: INFO:root:mme non_eps_service_config is not SMS_ORC8R, sleeping.
Apr 26 17:53:17 localhost sctpd[3442494]: I0426 17:53:17.665124 3442939 sctp_connection.cpp:195] Unhandled notification type 32777
Apr 26 17:53:20 localhost control_proxy[3442397]: 2022-04-26T17:53:20.311Z [127.0.0.1 -> streamer-controller.magmasi.wavelabs.in,8443] "POST /magma.orc8r.Streamer/GetUpdates HTTP/2" 200 173bytes 0.531s
Apr 26 17:53:20 localhost policydb[3442303]: INFO:root:Processing 4 policy updates (resync=True)
Apr 26 17:53:21 localhost control_proxy[3442397]: 2022-04-26T17:53:20.311Z [127.0.0.1 -> streamer-controller.magmasi.wavelabs.in,8443] "POST /magma.orc8r.Streamer/GetUpdates HTTP/2" 200 7bytes 0.274s
Apr 26 17:53:21 localhost policydb[3442303]: INFO:root:Processing 0 basename -> policy updates
Apr 26 17:53:21 localhost control_proxy[3442397]: 2022-04-26T17:53:21.122Z [127.0.0.1 -> streamer-controller.magmasi.wavelabs.in,8443] "POST /magma.orc8r.Streamer/GetUpdates HTTP/2" 200 13536bytes 0.300s
Apr 26 17:53:21 localhost policydb[3442303]: INFO:root:Processing 223 SID -> apn -> policy updates
Apr 26 17:53:21 localhost control_proxy[3442397]: 2022-04-26T17:53:21.122Z [127.0.0.1 -> streamer-controller.magmasi.wavelabs.in,8443] "POST /magma.orc8r.Streamer/GetUpdates HTTP/2" 200 7bytes 0.268s
Apr 26 17:53:21 localhost policydb[3442303]: INFO:root:Processing 0 rating group updates
Apr 26 17:53:22 localhost smsd[3442319]: INFO:root:mme non_eps_service_config is not SMS_ORC8R, sleeping.
Apr 26 17:53:27 localhost dhclient[601]: DHCPREQUEST for 172.16.5.121 on eth1 to 172.16.5.2 port 67 (xid=0x1ea11b90)
Apr 26 17:53:27 localhost smsd[3442319]: INFO:root:mme non_eps_service_config is not SMS_ORC8R, sleeping.
Apr 26 17:53:28 localhost magmad[3442157]: ERROR:root:Metrics upload error for service subscriberdb (chunk 0)! [StatusCode.DEADLINE_EXCEEDED] Deadline Exceeded
Apr 26 17:53:28 localhost magmad[3442157]: ERROR:root:Metrics upload error for service mobilityd (chunk 0)! [StatusCode.DEADLINE_EXCEEDED] Deadline Exceeded
Apr 26 17:53:28 localhost magmad[3442157]: ERROR:root:Metrics upload error for service mme (chunk 0)! [StatusCode.DEADLINE_EXCEEDED] Deadline Exceeded
Apr 26 17:53:28 localhost magmad[3442157]: ERROR:root:Metrics upload error for service magmad (chunk 0)! [StatusCode.DEADLINE_EXCEEDED] Deadline Exceeded
Apr 26 17:53:28 localhost magmad[3442157]: ERROR:root:Metrics upload error for service enodebd (chunk 0)! [StatusCode.DEADLINE_EXCEEDED] Deadline Exceeded
Apr 26 17:53:28 localhost magmad[3442157]: ERROR:root:Metrics upload error for service pipelined (chunk 0)! [StatusCode.DEADLINE_EXCEEDED] Deadline Exceeded
Apr 26 17:53:28 localhost magmad[3442157]: ERROR:root:Metrics upload error for service state (chunk 0)! [StatusCode.DEADLINE_EXCEEDED] Deadline Exceeded
Apr 26 17:53:28 localhost magmad[3442157]: ERROR:root:Metrics upload error for service sessiond (chunk 0)! [StatusCode.DEADLINE_EXCEEDED] Deadline Exceeded
Apr 26 17:53:28 localhost magmad[3442157]: INFO:root:Checking for upgrade...
Apr 26 17:53:28 localhost magmad[3442157]: WARNING:root:magmad package_version config missing or set to default 0.0.0-0, skipping upgrade
Apr 26 17:53:28 localhost control_proxy[3442397]: 2022-04-26T17:53:28.295Z [127.0.0.1 -> state-controller.magmasi.wavelabs.in,8443] "POST /magma.orc8r.StateService/ReportStates HTTP/2" 200 5bytes 0.266s
Apr 26 17:53:28 localhost magmad[3442157]: INFO:root:Checkin Successful! Successfully sent states to the cloud!
Apr 26 17:53:32 localhost smsd[3442319]: INFO:root:mme non_eps_service_config is not SMS_ORC8R, sleeping.
Apr 26 17:53:36 localhost mobilityd[3442226]: INFO:root:Using GW info: {'default': {2: ('172.16.4.1', 'eth0')}, 2: [('172.16.4.1', 'eth0', True)]}
Apr 26 17:53:36 localhost mobilityd[3442226]: INFO:root:GW-v6 probe: timer started
Apr 26 17:53:36 localhost sctpd[3442494]: I0426 17:53:36.994041 3442939 sctp_connection.cpp:195] Unhandled notification type 32776
Apr 26 17:53:37 localhost smsd[3442319]: INFO:root:mme non_eps_service_config is not SMS_ORC8R, sleeping.
Apr 26 17:53:38 localhost sctpd[3442494]: I0426 17:53:38.051136 3442939 sctp_connection.cpp:195] Unhandled notification type 32777
Apr 26 17:53:38 localhost sctpd[3442494]: I0426 17:53:38.278853 3442939 sctp_connection.cpp:195] Unhandled notification type 32777
Apr 26 17:53:38 localhost sctpd[3442494]: I0426 17:53:38.401469 3442939 sctp_connection.cpp:195] Unhandled notification type 32777
Apr 26 17:53:38 localhost mme[3442898]: [DEBUG] Sending S6A-UPDATE_LOCATION_REQUEST with IMSI: 222700000000001
Apr 26 17:53:38 localhost mme[3442898]: [INFO] Received S6A-LOCATION-UPDATE_ANSWER for IMSI: 222700000000001; Status: ; StatusCode: 2001
Apr 26 17:53:38 localhost mme[3442898]: [INFO] sent itti S6A-LOCATION-UPDATE_ANSWER for IMSI: 222700000000001
Apr 26 17:53:38 localhost sctpd[3442494]: I0426 17:53:38.521468 3442939 sctp_connection.cpp:195] Unhandled notification type 32777
Apr 26 17:53:38 localhost dhclient[601]: DHCPREQUEST for 172.16.5.121 on eth1 to 172.16.5.2 port 67 (xid=0x1ea11b90)
Apr 26 17:53:39 localhost sctpd[3442494]: I0426 17:53:39.804919 3442939 sctp_connection.cpp:195] Unhandled notification type 32777
Apr 26 17:53:42 localhost smsd[3442319]: INFO:root:mme non_eps_service_config is not SMS_ORC8R, sleeping.
Apr 26 17:53:52 localhost smsd[3442319]: message repeated 2 times: [ INFO:root:mme non_eps_service_config is not SMS_ORC8R, sleeping.]
Apr 26 17:53:53 localhost dhclient[601]: DHCPREQUEST for 172.16.5.121 on eth1 to 172.16.5.2 port 67 (xid=0x1ea11b90)
Apr 26 17:53:56 localhost mobilityd[3442226]: INFO:root:Using GW info: {'default': {2: ('172.16.4.1', 'eth0')}, 2: [('172.16.4.1', 'eth0', True)]}
Apr 26 17:53:56 localhost mobilityd[3442226]: INFO:root:GW-v6 probe: timer started
Apr 26 17:53:56 localhost magmad[3442157]: INFO:root:[SyncRPC] Got heartBeat from cloud
Apr 26 17:53:57 localhost smsd[3442319]: INFO:root:mme non_eps_service_config is not SMS_ORC8R, sleeping.
Apr 26 17:53:57 localhost control_proxy[3442397]: 2022-04-26T17:52:57.356Z [127.0.0.1 -> streamer-controller.magmasi.wavelabs.in,8443] "POST /magma.orc8r.Streamer/GetUpdates HTTP/2" 200 0bytes 60.257s
Apr 26 17:53:57 localhost magmad[3442157]: ERROR:root:Error! Streaming from the cloud failed! [StatusCode.ABORTED] error while streaming updates: rpc error: code = DeadlineExceeded desc = context deadline exceeded
Apr 26 17:54:02 localhost smsd[3442319]: INFO:root:mme non_eps_service_config is not SMS_ORC8R, sleeping.
Apr 26 17:54:07 localhost smsd[3442319]: INFO:root:mme non_eps_service_config is not SMS_ORC8R, sleeping.
Apr 26 17:54:08 localhost dhclient[601]: DHCPREQUEST for 172.16.5.121 on eth1 to 172.16.5.2 port 67 (xid=0x1ea11b90)
Apr 26 17:54:12 localhost smsd[3442319]: INFO:root:mme non_eps_service_config is not SMS_ORC8R, sleeping.
Apr 26 17:54:16 localhost mobilityd[3442226]: INFO:root:Using GW info: {'default': {2: ('172.16.4.1', 'eth0')}, 2: [('172.16.4.1', 'eth0', True)]}
Apr 26 17:54:16 localhost mobilityd[3442226]: INFO:root:GW-v6 probe: timer started
Apr 26 17:54:17 localhost smsd[3442319]: INFO:root:mme non_eps_service_config is not SMS_ORC8R, sleeping.
Apr 26 17:54:19 localhost magmad[3442157]: ERROR:root:Metrics upload error for service subscriberdb (chunk 0)! [StatusCode.DEADLINE_EXCEEDED] Deadline Exceeded
Apr 26 17:54:19 localhost magmad[3442157]: ERROR:root:Metrics upload error for service mobilityd (chunk 0)! [StatusCode.DEADLINE_EXCEEDED] Deadline Exceeded
Apr 26 17:54:19 localhost magmad[3442157]: ERROR:root:Metrics upload error for service mme (chunk 0)! [StatusCode.DEADLINE_EXCEEDED] Deadline Exceeded
Apr 26 17:54:19 localhost magmad[3442157]: ERROR:root:Metrics upload error for service magmad (chunk 0)! [StatusCode.DEADLINE_EXCEEDED] Deadline Exceeded
Apr 26 17:54:19 localhost magmad[3442157]: ERROR:root:Metrics upload error for service enodebd (chunk 0)! [StatusCode.DEADLINE_EXCEEDED] Deadline Exceeded
Apr 26 17:54:19 localhost magmad[3442157]: ERROR:root:Metrics upload error for service pipelined (chunk 0)! [StatusCode.DEADLINE_EXCEEDED] Deadline Exceeded
Apr 26 17:54:19 localhost magmad[3442157]: ERROR:root:Metrics upload error for service state (chunk 0)! [StatusCode.DEADLINE_EXCEEDED] Deadline Exceeded
Apr 26 17:54:19 localhost magmad[3442157]: ERROR:root:Metrics upload error for service sessiond (chunk 0)! [StatusCode.DEADLINE_EXCEEDED] Deadline Exceeded
Apr 26 17:54:22 localhost control_proxy[3442397]: 2022-04-26T17:54:21.763Z [127.0.0.1 -> streamer-controller.magmasi.wavelabs.in,8443] "POST /magma.orc8r.Streamer/GetUpdates HTTP/2" 200 173bytes 0.537s
Apr 26 17:54:22 localhost policydb[3442303]: INFO:root:Processing 4 policy updates (resync=True)
Apr 26 17:54:22 localhost smsd[3442319]: INFO:root:mme non_eps_service_config is not SMS_ORC8R, sleeping.
Apr 26 17:54:22 localhost control_proxy[3442397]: 2022-04-26T17:54:22.305Z [127.0.0.1 -> streamer-controller.magmasi.wavelabs.in,8443] "POST /magma.orc8r.Streamer/GetUpdates HTTP/2" 200 7bytes 0.274s
Apr 26 17:54:22 localhost policydb[3442303]: INFO:root:Processing 0 basename -> policy updates
Apr 26 17:54:22 localhost control_proxy[3442397]: 2022-04-26T17:54:22.305Z [127.0.0.1 -> streamer-controller.magmasi.wavelabs.in,8443] "POST /magma.orc8r.Streamer/GetUpdates HTTP/2" 200 13536bytes 0.311s
Apr 26 17:54:22 localhost policydb[3442303]: INFO:root:Processing 223 SID -> apn -> policy updates
Apr 26 17:54:23 localhost control_proxy[3442397]: 2022-04-26T17:54:22.305Z [127.0.0.1 -> streamer-controller.magmasi.wavelabs.in,8443] "POST /magma.orc8r.Streamer/GetUpdates HTTP/2" 200 7bytes 0.271s
Apr 26 17:54:23 localhost policydb[3442303]: INFO:root:Processing 0 rating group updates
Apr 26 17:54:25 localhost sctpd[3442494]: I0426 17:54:25.130404 3442939 sctp_connection.cpp:195] Unhandled notification type 32776
Apr 26 17:54:26 localhost sctpd[3442494]: I0426 17:54:26.194953 3442939 sctp_connection.cpp:195] Unhandled notification type 32777
Apr 26 17:54:27 localhost smsd[3442319]: INFO:root:mme non_eps_service_config is not SMS_ORC8R, sleeping.
Apr 26 17:54:28 localhost dhclient[601]: DHCPREQUEST for 172.16.5.121 on eth1 to 172.16.5.2 port 67 (xid=0x1ea11b90)
Apr 26 17:54:29 localhost magmad[3442157]: INFO:root:Setting logging level to INFO
Apr 26 17:54:29 localhost sctpd[3442494]: I0426 17:54:29.480878 3442939 sctp_connection.cpp:195] Unhandled notification type 32777
Apr 26 17:54:32 localhost smsd[3442319]: INFO:root:mme non_eps_service_config is not SMS_ORC8R, sleeping.
Apr 26 17:54:36 localhost mobilityd[3442226]: INFO:root:Using GW info: {'default': {2: ('172.16.4.1', 'eth0')}, 2: [('172.16.4.1', 'eth0', True)]}
Apr 26 17:54:36 localhost mobilityd[3442226]: INFO:root:GW-v6 probe: timer started
Apr 26 17:54:37 localhost smsd[3442319]: INFO:root:mme non_eps_service_config is not SMS_ORC8R, sleeping.
Apr 26 17:54:42 localhost smsd[3442319]: INFO:root:mme non_eps_service_config is not SMS_ORC8R, sleeping.
Apr 26 17:54:47 localhost dhclient[601]: DHCPREQUEST for 172.16.5.121 on eth1 to 172.16.5.2 port 67 (xid=0x1ea11b90)
Apr 26 17:54:47 localhost smsd[3442319]: INFO:root:mme non_eps_service_config is not SMS_ORC8R, sleeping.
Apr 26 17:54:48 localhost control_proxy[3442397]: 2022-04-26T17:54:47.883Z [127.0.0.1 -> state-controller.magmasi.wavelabs.in,8443] "POST /magma.orc8r.StateService/ReportStates HTTP/2" 200 5bytes 0.514s
Apr 26 17:54:48 localhost magmad[3442157]: INFO:root:Checkin Successful! Successfully sent states to the cloud!
Apr 26 17:54:51 localhost sctpd[3442494]: I0426 17:54:51.289254 3442939 sctp_connection.cpp:195] Unhandled notification type 32776
Apr 26 17:54:52 localhost sctpd[3442494]: I0426 17:54:52.356781 3442939 sctp_connection.cpp:195] Unhandled notification type 32777
Apr 26 17:54:52 localhost smsd[3442319]: INFO:root:mme non_eps_service_config is not SMS_ORC8R, sleeping.
Apr 26 17:54:56 localhost mobilityd[3442226]: INFO:root:Using GW info: {'default': {2: ('172.16.4.1', 'eth0')}, 2: [('172.16.4.1', 'eth0', True)]}
Apr 26 17:54:56 localhost mobilityd[3442226]: INFO:root:GW-v6 probe: timer started
Apr 26 17:54:56 localhost magmad[3442157]: INFO:root:[SyncRPC] Got heartBeat from cloud
Apr 26 17:54:57 localhost smsd[3442319]: INFO:root:mme non_eps_service_config is not SMS_ORC8R, sleeping.
Apr 26 17:55:07 localhost smsd[3442319]: message repeated 2 times: [ INFO:root:mme non_eps_service_config is not SMS_ORC8R, sleeping.]
Apr 26 17:55:08 localhost dhclient[601]: DHCPREQUEST for 172.16.5.121 on eth1 to 172.16.5.2 port 67 (xid=0x1ea11b90)
Apr 26 17:55:12 localhost smsd[3442319]: INFO:root:mme non_eps_service_config is not SMS_ORC8R, sleeping.
Apr 26 17:55:14 localhost sctpd[3442494]: I0426 17:55:14.521402 3442939 sctp_connection.cpp:195] Unhandled notification type 32776
Apr 26 17:55:15 localhost sctpd[3442494]: I0426 17:55:15.582346 3442939 sctp_connection.cpp:195] Unhandled notification type 32777
Apr 26 17:55:16 localhost mobilityd[3442226]: INFO:root:Using GW info: {'default': {2: ('172.16.4.1', 'eth0')}, 2: [('172.16.4.1', 'eth0', True)]}
Apr 26 17:55:16 localhost mobilityd[3442226]: INFO:root:GW-v6 probe: timer started
Apr 26 17:55:17 localhost smsd[3442319]: INFO:root:mme non_eps_service_config is not SMS_ORC8R, sleeping.
Apr 26 17:55:19 localhost magmad[3442157]: ERROR:root:Metrics upload error for service subscriberdb (chunk 0)! [StatusCode.DEADLINE_EXCEEDED] Deadline Exceeded
Apr 26 17:55:19 localhost magmad[3442157]: ERROR:root:Metrics upload error for service mobilityd (chunk 0)! [StatusCode.DEADLINE_EXCEEDED] Deadline Exceeded
Apr 26 17:55:19 localhost magmad[3442157]: ERROR:root:Metrics upload error for service mme (chunk 0)! [StatusCode.DEADLINE_EXCEEDED] Deadline Exceeded
Apr 26 17:55:19 localhost magmad[3442157]: ERROR:root:Metrics upload error for service magmad (chunk 0)! [StatusCode.DEADLINE_EXCEEDED] Deadline Exceeded
Apr 26 17:55:19 localhost magmad[3442157]: ERROR:root:Metrics upload error for service enodebd (chunk 0)! [StatusCode.DEADLINE_EXCEEDED] Deadline Exceeded
Apr 26 17:55:19 localhost magmad[3442157]: ERROR:root:Metrics upload error for service pipelined (chunk 0)! [StatusCode.DEADLINE_EXCEEDED] Deadline Exceeded
Apr 26 17:55:19 localhost magmad[3442157]: ERROR:root:Metrics upload error for service state (chunk 0)! [StatusCode.DEADLINE_EXCEEDED] Deadline Exceeded
Apr 26 17:55:19 localhost magmad[3442157]: ERROR:root:Metrics upload error for service sessiond (chunk 0)! [StatusCode.DEADLINE_EXCEEDED] Deadline Exceeded
Apr 26 17:55:22 localhost smsd[3442319]: INFO:root:mme non_eps_service_config is not SMS_ORC8R, sleeping.
Apr 26 17:55:23 localhost dhclient[601]: DHCPREQUEST for 172.16.5.121 on eth1 to 172.16.5.2 port 67 (xid=0x1ea11b90)
Apr 26 17:55:23 localhost control_proxy[3442397]: 2022-04-26T17:55:23.210Z [127.0.0.1 -> streamer-controller.magmasi.wavelabs.in,8443] "POST /magma.orc8r.Streamer/GetUpdates HTTP/2" 200 173bytes 0.530s
Apr 26 17:55:23 localhost policydb[3442303]: INFO:root:Processing 4 policy updates (resync=True)
Apr 26 17:55:24 localhost control_proxy[3442397]: 2022-04-26T17:55:23.210Z [127.0.0.1 -> streamer-controller.magmasi.wavelabs.in,8443] "POST /magma.orc8r.Streamer/GetUpdates HTTP/2" 200 7bytes 0.275s
Apr 26 17:55:24 localhost policydb[3442303]: INFO:root:Processing 0 basename -> policy updates
Apr 26 17:55:24 localhost control_proxy[3442397]: 2022-04-26T17:55:24.024Z [127.0.0.1 -> streamer-controller.magmasi.wavelabs.in,8443] "POST /magma.orc8r.Streamer/GetUpdates HTTP/2" 200 13536bytes 0.318s
Apr 26 17:55:24 localhost policydb[3442303]: INFO:root:Processing 223 SID -> apn -> policy updates
Apr 26 17:55:24 localhost control_proxy[3442397]: 2022-04-26T17:55:24.024Z [127.0.0.1 -> streamer-controller.magmasi.wavelabs.in,8443] "POST /magma.orc8r.Streamer/GetUpdates HTTP/2" 200 7bytes 0.267s
Apr 26 17:55:24 localhost policydb[3442303]: INFO:root:Processing 0 rating group updates
Apr 26 17:55:27 localhost smsd[3442319]: INFO:root:mme non_eps_service_config is not SMS_ORC8R, sleeping.
Apr 26 17:55:31 localhost dhclient[601]: DHCPREQUEST for 172.16.5.121 on eth1 to 172.16.5.2 port 67 (xid=0x1ea11b90)
Apr 26 17:55:32 localhost smsd[3442319]: INFO:root:mme non_eps_service_config is not SMS_ORC8R, sleeping.
Apr 26 17:55:36 localhost mobilityd[3442226]: INFO:root:Using GW info: {'default': {2: ('172.16.4.1', 'eth0')}, 2: [('172.16.4.1', 'eth0', True)]}
Apr 26 17:55:36 localhost mobilityd[3442226]: INFO:root:GW-v6 probe: timer started
Apr 26 17:55:37 localhost sctpd[3442494]: I0426 17:55:37.595623 3442939 sctp_connection.cpp:195] Unhandled notification type 32776
Apr 26 17:55:37 localhost smsd[3442319]: INFO:root:mme non_eps_service_config is not SMS_ORC8R, sleeping.
Apr 26 17:55:38 localhost sctpd[3442494]: I0426 17:55:38.654894 3442939 sctp_connection.cpp:195] Unhandled notification type 32777
Apr 26 17:55:42 localhost smsd[3442319]: INFO:root:mme non_eps_service_config is not SMS_ORC8R, sleeping.
Apr 26 17:55:43 localhost dhclient[601]: DHCPREQUEST for 172.16.5.121 on eth1 to 172.16.5.2 port 67 (xid=0x1ea11b90)
Apr 26 17:55:48 localhost smsd[3442319]: INFO:root:mme non_eps_service_config is not SMS_ORC8R, sleeping.
Apr 26 17:55:48 localhost magmad[3442157]: INFO:root:Setting logging level to INFO
Apr 26 17:55:50 localhost dhclient[601]: DHCPREQUEST for 172.16.5.121 on eth1 to 172.16.5.2 port 67 (xid=0x1ea11b90)
Apr 26 17:55:53 localhost smsd[3442319]: INFO:root:mme non_eps_service_config is not SMS_ORC8R, sleeping.
Apr 26 17:55:56 localhost mobilityd[3442226]: INFO:root:Using GW info: {'default': {2: ('172.16.4.1', 'eth0')}, 2: [('172.16.4.1', 'eth0', True)]}
Apr 26 17:55:56 localhost mobilityd[3442226]: INFO:root:GW-v6 probe: timer started
Apr 26 17:55:56 localhost magmad[3442157]: INFO:root:[SyncRPC] Got heartBeat from cloud
Apr 26 17:55:57 localhost dhclient[601]: DHCPREQUEST for 172.16.5.121 on eth1 to 172.16.5.2 port 67 (xid=0x1ea11b90)
Apr 26 17:55:57 localhost control_proxy[3442397]: 2022-04-26T17:54:57.669Z [127.0.0.1 -> streamer-controller.magmasi.wavelabs.in,8443] "POST /magma.orc8r.Streamer/GetUpdates HTTP/2" 200 0bytes 60.287s
Apr 26 17:55:57 localhost magmad[3442157]: ERROR:root:Error! Streaming from the cloud failed! [StatusCode.ABORTED] error while streaming updates: rpc error: code = DeadlineExceeded desc = context deadline exceeded
Apr 26 17:55:58 localhost smsd[3442319]: INFO:root:mme non_eps_service_config is not SMS_ORC8R, sleeping.
Apr 26 17:55:58 localhost sctpd[3442494]: I0426 17:55:58.504729 3442939 sctp_connection.cpp:195] Unhandled notification type 32776
Apr 26 17:56:02 localhost subscriberdb[3442225]: INFO:root:get digest stored in gateway:
Apr 26 17:56:02 localhost control_proxy[3442397]: 2022-04-26T17:56:02.625Z [127.0.0.1 -> subscriberdb-controller.magmasi.wavelabs.in,8443] "POST /magma.lte.SubscriberDBCloud/CheckInSync HTTP/2" 200 0bytes 0.252s
Apr 26 17:56:02 localhost subscriberdb[3442225]: ERROR:root:Internal Error in subscriberdb-Orc8r communication. If AGW and Orc8r are deployed at a commit hash, upgrade AGW and Orc8r to latest commit hash.
Apr 26 17:56:03 localhost smsd[3442319]: INFO:root:mme non_eps_service_config is not SMS_ORC8R, sleeping.
Apr 26 17:56:03 localhost control_proxy[3442397]: 2022-04-26T17:56:02.625Z [127.0.0.1 -> subscriberdb-controller.magmasi.wavelabs.in,8443] "POST /magma.lte.SubscriberDBCloud/Sync HTTP/2" 200 0bytes 0.250s
Apr 26 17:56:03 localhost subscriberdb[3442225]: ERROR:root:Internal Error in subscriberdb-Orc8r communication. If AGW and Orc8r are deployed at a commit hash, upgrade AGW and Orc8r to latest commit hash.
Apr 26 17:56:03 localhost control_proxy[3442397]: 2022-04-26T17:56:03.137Z [127.0.0.1 -> subscriberdb-controller.magmasi.wavelabs.in,8443] "POST /magma.lte.SubscriberDBCloud/ListSubscribers HTTP/2" 200 44180bytes 0.330s
Apr 26 17:56:03 localhost subscriberdb[3442225]: INFO:root:Successfully fetched all subscriber pages from the cloud!
Apr 26 17:56:04 localhost subscriberdb[3442225]: INFO:root:update root digest stored in gateway:
Apr 26 17:56:07 localhost control_proxy[3442397]: 2022-04-26T17:56:07.400Z [127.0.0.1 -> state-controller.magmasi.wavelabs.in,8443] "POST /magma.orc8r.StateService/ReportStates HTTP/2" 200 5bytes 0.413s
Apr 26 17:56:07 localhost magmad[3442157]: INFO:root:Checkin Successful! Successfully sent states to the cloud!
Apr 26 17:56:08 localhost smsd[3442319]: INFO:root:mme non_eps_service_config is not SMS_ORC8R, sleeping.
Apr 26 17:56:08 localhost sctpd[3442494]: I0426 17:56:08.558571 3442939 sctp_connection.cpp:195] Unhandled notification type 32777
Apr 26 17:56:11 localhost sctpd[3442494]: I0426 17:56:11.841001 3442939 sctp_connection.cpp:195] Unhandled notification type 32777
Apr 26 17:56:12 localhost dhclient[601]: DHCPREQUEST for 172.16.5.121 on eth1 to 172.16.5.2 port 67 (xid=0x1ea11b90)
Apr 26 17:56:13 localhost smsd[3442319]: INFO:root:mme non_eps_service_config is not SMS_ORC8R, sleeping.
Apr 26 17:56:16 localhost mobilityd[3442226]: INFO:root:Using GW info: {'default': {2: ('172.16.4.1', 'eth0')}, 2: [('172.16.4.1', 'eth0', True)]}
Apr 26 17:56:16 localhost mobilityd[3442226]: INFO:root:GW-v6 probe: timer started
Apr 26 17:56:18 localhost smsd[3442319]: INFO:root:mme non_eps_service_config is not SMS_ORC8R, sleeping.
Apr 26 17:56:20 localhost dhclient[601]: DHCPREQUEST for 172.16.5.121 on eth1 to 172.16.5.2 port 67 (xid=0x1ea11b90)
Apr 26 17:56:23 localhost smsd[3442319]: INFO:root:mme non_eps_service_config is not SMS_ORC8R, sleeping.
Apr 26 17:56:25 localhost control_proxy[3442397]: 2022-04-26T17:56:24.681Z [127.0.0.1 -> streamer-controller.magmasi.wavelabs.in,8443] "POST /magma.orc8r.Streamer/GetUpdates HTTP/2" 200 173bytes 0.538s
Apr 26 17:56:25 localhost policydb[3442303]: INFO:root:Processing 4 policy updates (resync=True)
Apr 26 17:56:25 localhost control_proxy[3442397]: 2022-04-26T17:56:25.225Z [127.0.0.1 -> streamer-controller.magmasi.wavelabs.in,8443] "POST /magma.orc8r.Streamer/GetUpdates HTTP/2" 200 7bytes 0.274s
Apr 26 17:56:25 localhost policydb[3442303]: INFO:root:Processing 0 basename -> policy updates
Apr 26 17:56:25 localhost control_proxy[3442397]: 2022-04-26T17:56:25.225Z [127.0.0.1 -> streamer-controller.magmasi.wavelabs.in,8443] "POST /magma.orc8r.Streamer/GetUpdates HTTP/2" 200 13536bytes 0.310s
Apr 26 17:56:25 localhost policydb[3442303]: INFO:root:Processing 223 SID -> apn -> policy updates
Apr 26 17:56:26 localhost control_proxy[3442397]: 2022-04-26T17:56:25.225Z [127.0.0.1 -> streamer-controller.magmasi.wavelabs.in,8443] "POST /magma.orc8r.Streamer/GetUpdates HTTP/2" 200 7bytes 0.269s
Apr 26 17:56:26 localhost policydb[3442303]: INFO:root:Processing 0 rating group updates
Apr 26 17:56:28 localhost smsd[3442319]: INFO:root:mme non_eps_service_config is not SMS_ORC8R, sleeping.
Apr 26 17:56:28 localhost dhclient[601]: DHCPREQUEST for 172.16.5.121 on eth1 to 172.16.5.2 port 67 (xid=0x1ea11b90)
Apr 26 17:56:33 localhost smsd[3442319]: INFO:root:mme non_eps_service_config is not SMS_ORC8R, sleeping.
Apr 26 17:56:33 localhost sctpd[3442494]: I0426 17:56:33.728601 3442939 sctp_connection.cpp:195] Unhandled notification type 32776
Apr 26 17:56:34 localhost sctpd[3442494]: I0426 17:56:34.786828 3442939 sctp_connection.cpp:195] Unhandled notification type 32777
Apr 26 17:56:36 localhost mobilityd[3442226]: INFO:root:Using GW info: {'default': {2: ('172.16.4.1', 'eth0')}, 2: [('172.16.4.1', 'eth0', True)]}
Apr 26 17:56:36 localhost mobilityd[3442226]: INFO:root:GW-v6 probe: timer started
Apr 26 17:56:37 localhost magmad[3442157]: ERROR:root:Metrics upload error for service subscriberdb (chunk 0)! [StatusCode.DEADLINE_EXCEEDED] Deadline Exceeded
Apr 26 17:56:37 localhost magmad[3442157]: ERROR:root:Metrics upload error for service mobilityd (chunk 0)! [StatusCode.DEADLINE_EXCEEDED] Deadline Exceeded
Apr 26 17:56:37 localhost magmad[3442157]: ERROR:root:Metrics upload error for service mme (chunk 0)! [StatusCode.DEADLINE_EXCEEDED] Deadline Exceeded
Apr 26 17:56:37 localhost magmad[3442157]: ERROR:root:Metrics upload error for service magmad (chunk 0)! [StatusCode.DEADLINE_EXCEEDED] Deadline Exceeded
Apr 26 17:56:37 localhost magmad[3442157]: ERROR:root:Metrics upload error for service enodebd (chunk 0)! [StatusCode.DEADLINE_EXCEEDED] Deadline Exceeded
Apr 26 17:56:37 localhost magmad[3442157]: ERROR:root:Metrics upload error for service pipelined (chunk 0)! [StatusCode.DEADLINE_EXCEEDED] Deadline Exceeded
Apr 26 17:56:37 localhost magmad[3442157]: ERROR:root:Metrics upload error for service state (chunk 0)! [StatusCode.DEADLINE_EXCEEDED] Deadline Exceeded
Apr 26 17:56:37 localhost magmad[3442157]: ERROR:root:Metrics upload error for service sessiond (chunk 0)! [StatusCode.DEADLINE_EXCEEDED] Deadline Exceeded
Apr 26 17:56:38 localhost smsd[3442319]: INFO:root:mme non_eps_service_config is not SMS_ORC8R, sleeping.
Apr 26 17:56:38 localhost dhclient[601]: DHCPREQUEST for 172.16.5.121 on eth1 to 172.16.5.2 port 67 (xid=0x1ea11b90)
Apr 26 17:56:43 localhost smsd[3442319]: INFO:root:mme non_eps_service_config is not SMS_ORC8R, sleeping.
Apr 26 17:56:45 localhost dhclient[601]: DHCPREQUEST for 172.16.5.121 on eth1 to 172.16.5.2 port 67 (xid=0x1ea11b90)
Apr 26 17:56:48 localhost smsd[3442319]: INFO:root:mme non_eps_service_config is not SMS_ORC8R, sleeping.
Apr 26 17:56:53 localhost smsd[3442319]: INFO:root:mme non_eps_service_config is not SMS_ORC8R, sleeping.
Apr 26 17:56:56 localhost mobilityd[3442226]: INFO:root:Using GW info: {'default': {2: ('172.16.4.1', 'eth0')}, 2: [('172.16.4.1', 'eth0', True)]}
Apr 26 17:56:56 localhost mobilityd[3442226]: INFO:root:GW-v6 probe: timer started
Apr 26 17:56:56 localhost sctpd[3442494]: I0426 17:56:56.876587 3442939 sctp_connection.cpp:195] Unhandled notification type 32776
Apr 26 17:56:56 localhost magmad[3442157]: INFO:root:[SyncRPC] Got heartBeat from cloud
Apr 26 17:56:57 localhost sctpd[3442494]: I0426 17:56:57.933122 3442939 sctp_connection.cpp:195] Unhandled notification type 32777
Apr 26 17:56:58 localhost smsd[3442319]: INFO:root:mme non_eps_service_config is not SMS_ORC8R, sleeping.
Apr 26 17:57:03 localhost smsd[3442319]: INFO:root:mme non_eps_service_config is not SMS_ORC8R, sleeping.
Apr 26 17:57:05 localhost dhclient[601]: DHCPREQUEST for 172.16.5.121 on eth1 to 172.16.5.2 port 67 (xid=0x1ea11b90)
Apr 26 17:57:08 localhost smsd[3442319]: INFO:root:mme non_eps_service_config is not SMS_ORC8R, sleeping.
Apr 26 17:57:08 localhost magmad[3442157]: INFO:root:Setting logging level to INFO
Apr 26 17:57:13 localhost smsd[3442319]: INFO:root:mme non_eps_service_config is not SMS_ORC8R, sleeping.
Apr 26 17:57:13 localhost dhclient[601]: DHCPREQUEST for 172.16.5.121 on eth1 to 172.16.5.2 port 67 (xid=0x1ea11b90)
Apr 26 17:57:16 localhost mobilityd[3442226]: INFO:root:Using GW info: {'default': {2: ('172.16.4.1', 'eth0')}, 2: [('172.16.4.1', 'eth0', True)]}
Apr 26 17:57:16 localhost mobilityd[3442226]: INFO:root:GW-v6 probe: timer started
Apr 26 17:57:18 localhost smsd[3442319]: INFO:root:mme non_eps_service_config is not SMS_ORC8R, sleeping.
Apr 26 17:57:19 localhost sctpd[3442494]: I0426 17:57:19.828442 3442939 sctp_connection.cpp:195] Unhandled notification type 32776
Apr 26 17:57:20 localhost sctpd[3442494]: I0426 17:57:20.885851 3442939 sctp_connection.cpp:195] Unhandled notification type 32777
Apr 26 17:57:23 localhost smsd[3442319]: INFO:root:mme non_eps_service_config is not SMS_ORC8R, sleeping.
Apr 26 17:57:24 localhost dhclient[601]: DHCPREQUEST for 172.16.5.121 on eth1 to 172.16.5.2 port 67 (xid=0x1ea11b90)
Apr 26 17:57:26 localhost control_proxy[3442397]: 2022-04-26T17:57:26.151Z [127.0.0.1 -> streamer-controller.magmasi.wavelabs.in,8443] "POST /magma.orc8r.Streamer/GetUpdates HTTP/2" 200 173bytes 0.529s
Apr 26 17:57:26 localhost policydb[3442303]: INFO:root:Processing 4 policy updates (resync=True)
Apr 26 17:57:26 localhost control_proxy[3442397]: 2022-04-26T17:57:26.151Z [127.0.0.1 -> streamer-controller.magmasi.wavelabs.in,8443] "POST /magma.orc8r.Streamer/GetUpdates HTTP/2" 200 7bytes 0.279s
Apr 26 17:57:26 localhost policydb[3442303]: INFO:root:Processing 0 basename -> policy updates
Apr 26 17:57:27 localhost control_proxy[3442397]: 2022-04-26T17:57:26.151Z [127.0.0.1 -> streamer-controller.magmasi.wavelabs.in,8443] "POST /magma.orc8r.Streamer/GetUpdates HTTP/2" 200 13536bytes 0.322s
Apr 26 17:57:27 localhost policydb[3442303]: INFO:root:Processing 223 SID -> apn -> policy updates
Apr 26 17:57:27 localhost control_proxy[3442397]: 2022-04-26T17:57:27.105Z [127.0.0.1 -> state-controller.magmasi.wavelabs.in,8443] "POST /magma.orc8r.StateService/ReportStates HTTP/2" 200 5bytes 0.264s
Apr 26 17:57:27 localhost magmad[3442157]: INFO:root:Checkin Successful! Successfully sent states to the cloud!
Apr 26 17:57:27 localhost control_proxy[3442397]: 2022-04-26T17:57:27.105Z [127.0.0.1 -> streamer-controller.magmasi.wavelabs.in,8443] "POST /magma.orc8r.Streamer/GetUpdates HTTP/2" 200 7bytes 0.269s
Apr 26 17:57:27 localhost policydb[3442303]: INFO:root:Processing 0 rating group updates
Apr 26 17:57:28 localhost smsd[3442319]: INFO:root:mme non_eps_service_config is not SMS_ORC8R, sleeping.
Apr 26 17:57:33 localhost smsd[3442319]: INFO:root:mme non_eps_service_config is not SMS_ORC8R, sleeping.
Apr 26 17:57:36 localhost mobilityd[3442226]: INFO:root:Using GW info: {'default': {2: ('172.16.4.1', 'eth0')}, 2: [('172.16.4.1', 'eth0', True)]}
Apr 26 17:57:36 localhost mobilityd[3442226]: INFO:root:GW-v6 probe: timer started
Apr 26 17:57:37 localhost magmad[3442157]: ERROR:root:Metrics upload error for service subscriberdb (chunk 0)! [StatusCode.DEADLINE_EXCEEDED] Deadline Exceeded
Apr 26 17:57:37 localhost magmad[3442157]: ERROR:root:Metrics upload error for service mobilityd (chunk 0)! [StatusCode.DEADLINE_EXCEEDED] Deadline Exceeded
Apr 26 17:57:37 localhost magmad[3442157]: ERROR:root:Metrics upload error for service mme (chunk 0)! [StatusCode.DEADLINE_EXCEEDED] Deadline Exceeded
Apr 26 17:57:37 localhost magmad[3442157]: ERROR:root:Metrics upload error for service magmad (chunk 0)! [StatusCode.DEADLINE_EXCEEDED] Deadline Exceeded
Apr 26 17:57:37 localhost magmad[3442157]: ERROR:root:Metrics upload error for service enodebd (chunk 0)! [StatusCode.DEADLINE_EXCEEDED] Deadline Exceeded
Apr 26 17:57:37 localhost magmad[3442157]: ERROR:root:Metrics upload error for service pipelined (chunk 0)! [StatusCode.DEADLINE_EXCEEDED] Deadline Exceeded
Apr 26 17:57:37 localhost magmad[3442157]: ERROR:root:Metrics upload error for service state (chunk 0)! [StatusCode.DEADLINE_EXCEEDED] Deadline Exceeded
Apr 26 17:57:37 localhost magmad[3442157]: ERROR:root:Metrics upload error for service sessiond (chunk 0)! [StatusCode.DEADLINE_EXCEEDED] Deadline Exceeded
Apr 26 17:57:37 localhost dhclient[601]: DHCPREQUEST for 172.16.5.121 on eth1 to 172.16.5.2 port 67 (xid=0x1ea11b90)
Apr 26 17:57:38 localhost smsd[3442319]: INFO:root:mme non_eps_service_config is not SMS_ORC8R, sleeping.
Apr 26 17:57:42 localhost sctpd[3442494]: I0426 17:57:42.827150 3442939 sctp_connection.cpp:195] Unhandled notification type 32776
Apr 26 17:57:43 localhost smsd[3442319]: INFO:root:mme non_eps_service_config is not SMS_ORC8R, sleeping.
Apr 26 17:57:43 localhost sctpd[3442494]: I0426 17:57:43.887900 3442939 sctp_connection.cpp:195] Unhandled notification type 32777
Apr 26 17:57:47 localhost sctpd[3442494]: I0426 17:57:47.175936 3442939 sctp_connection.cpp:195] Unhandled notification type 32777
Apr 26 17:57:48 localhost dhclient[601]: DHCPREQUEST for 172.16.5.121 on eth1 to 172.16.5.2 port 67 (xid=0x1ea11b90)
Apr 26 17:57:48 localhost smsd[3442319]: INFO:root:mme non_eps_service_config is not SMS_ORC8R, sleeping.
Apr 26 17:57:53 localhost smsd[3442319]: INFO:root:mme non_eps_service_config is not SMS_ORC8R, sleeping.
Apr 26 17:57:56 localhost mobilityd[3442226]: INFO:root:Using GW info: {'default': {2: ('172.16.4.1', 'eth0')}, 2: [('172.16.4.1', 'eth0', True)]}
Apr 26 17:57:56 localhost mobilityd[3442226]: INFO:root:GW-v6 probe: timer started
Apr 26 17:57:56 localhost magmad[3442157]: INFO:root:[SyncRPC] Got heartBeat from cloud
Apr 26 17:57:58 localhost control_proxy[3442397]: 2022-04-26T17:56:58.005Z [127.0.0.1 -> streamer-controller.magmasi.wavelabs.in,8443] "POST /magma.orc8r.Streamer/GetUpdates HTTP/2" 200 0bytes 60.267s
Apr 26 17:57:58 localhost magmad[3442157]: ERROR:root:Error! Streaming from the cloud failed! [StatusCode.ABORTED] error while streaming updates: rpc error: code = DeadlineExceeded desc = context deadline exceeded
Apr 26 17:57:58 localhost smsd[3442319]: INFO:root:mme non_eps_service_config is not SMS_ORC8R, sleeping.
Apr 26 17:58:03 localhost smsd[3442319]: INFO:root:mme non_eps_service_config is not SMS_ORC8R, sleeping.
Apr 26 17:58:07 localhost dhclient[601]: DHCPREQUEST for 172.16.5.121 on eth1 to 172.16.5.2 port 67 (xid=0x1ea11b90)
Apr 26 17:58:08 localhost smsd[3442319]: INFO:root:mme non_eps_service_config is not SMS_ORC8R, sleeping.
Apr 26 17:58:09 localhost sctpd[3442494]: I0426 17:58:09.186031 3442939 sctp_connection.cpp:195] Unhandled notification type 32776
Apr 26 17:58:10 localhost sctpd[3442494]: I0426 17:58:10.249768 3442939 sctp_connection.cpp:195] Unhandled notification type 32777
Apr 26 17:58:13 localhost sctpd[3442494]: I0426 17:58:13.525630 3442939 sctp_connection.cpp:195] Unhandled notification type 32777
Apr 26 17:58:13 localhost smsd[3442319]: INFO:root:mme non_eps_service_config is not SMS_ORC8R, sleeping.
Apr 26 17:58:16 localhost mobilityd[3442226]: INFO:root:Using GW info: {'default': {2: ('172.16.4.1', 'eth0')}, 2: [('172.16.4.1', 'eth0', True)]}
Apr 26 17:58:16 localhost mobilityd[3442226]: INFO:root:GW-v6 probe: timer started
Apr 26 17:58:16 localhost dhclient[601]: DHCPREQUEST for 172.16.5.121 on eth1 to 172.16.5.2 port 67 (xid=0x1ea11b90)
Apr 26 17:58:18 localhost smsd[3442319]: INFO:root:mme non_eps_service_config is not SMS_ORC8R, sleeping.
Apr 26 17:58:23 localhost smsd[3442319]: INFO:root:mme non_eps_service_config is not SMS_ORC8R, sleeping.
Apr 26 17:58:27 localhost control_proxy[3442397]: 2022-04-26T17:58:27.590Z [127.0.0.1 -> streamer-controller.magmasi.wavelabs.in,8443] "POST /magma.orc8r.Streamer/GetUpdates HTTP/2" 200 173bytes 0.319s
Apr 26 17:58:27 localhost policydb[3442303]: INFO:root:Processing 4 policy updates (resync=True)
Apr 26 17:58:28 localhost magmad[3442157]: INFO:root:Setting logging level to INFO
Apr 26 17:58:28 localhost control_proxy[3442397]: 2022-04-26T17:58:27.590Z [127.0.0.1 -> streamer-controller.magmasi.wavelabs.in,8443] "POST /magma.orc8r.Streamer/GetUpdates HTTP/2" 200 7bytes 0.272s
Apr 26 17:58:28 localhost policydb[3442303]: INFO:root:Processing 0 basename -> policy updates
Apr 26 17:58:28 localhost control_proxy[3442397]: 2022-04-26T17:58:28.190Z [127.0.0.1 -> streamer-controller.magmasi.wavelabs.in,8443] "POST /magma.orc8r.Streamer/GetUpdates HTTP/2" 200 13536bytes 0.328s
Apr 26 17:58:28 localhost policydb[3442303]: INFO:root:Processing 223 SID -> apn -> policy updates
Apr 26 17:58:28 localhost control_proxy[3442397]: 2022-04-26T17:58:28.190Z [127.0.0.1 -> streamer-controller.magmasi.wavelabs.in,8443] "POST /magma.orc8r.Streamer/GetUpdates HTTP/2" 200 7bytes 0.268s
Apr 26 17:58:28 localhost policydb[3442303]: INFO:root:Processing 0 rating group updates
Apr 26 17:58:28 localhost smsd[3442319]: INFO:root:mme non_eps_service_config is not SMS_ORC8R, sleeping.
Apr 26 17:58:30 localhost dhclient[601]: DHCPREQUEST for 172.16.5.121 on eth1 to 172.16.5.2 port 67 (xid=0x1ea11b90)
Apr 26 17:58:33 localhost smsd[3442319]: INFO:root:mme non_eps_service_config is not SMS_ORC8R, sleeping.
Apr 26 17:58:35 localhost sctpd[3442494]: I0426 17:58:35.520735 3442939 sctp_connection.cpp:195] Unhandled notification type 32776
Apr 26 17:58:35 localhost sctpd[3442494]: I0426 17:58:35.659024 3442939 sctp_connection.cpp:195] Unhandled notification type 32776
Apr 26 17:58:36 localhost sctpd[3442494]: I0426 17:58:36.717650 3442939 sctp_connection.cpp:195] Unhandled notification type 32777
Apr 26 17:58:36 localhost sctpd[3442494]: I0426 17:58:36.824874 3442939 sctp_connection.cpp:195] Unhandled notification type 32777
Apr 26 17:58:36 localhost mobilityd[3442226]: INFO:root:Using GW info: {'default': {2: ('172.16.4.1', 'eth0')}, 2: [('172.16.4.1', 'eth0', True)]}
Apr 26 17:58:36 localhost mobilityd[3442226]: INFO:root:GW-v6 probe: timer started
Apr 26 17:58:37 localhost sctpd[3442494]: I0426 17:58:37.058717 3442939 sctp_connection.cpp:195] Unhandled notification type 32777
Apr 26 17:58:37 localhost sctpd[3442494]: I0426 17:58:37.179270 3442939 sctp_connection.cpp:195] Unhandled notification type 32777
Apr 26 17:58:37 localhost mme[3442898]: [DEBUG] Sending S6A-UPDATE_LOCATION_REQUEST with IMSI: 222700000000001
Apr 26 17:58:37 localhost mme[3442898]: [INFO] Received S6A-LOCATION-UPDATE_ANSWER for IMSI: 222700000000001; Status: ; StatusCode: 2001
Apr 26 17:58:37 localhost mme[3442898]: [INFO] sent itti S6A-LOCATION-UPDATE_ANSWER for IMSI: 222700000000001
Apr 26 17:58:37 localhost sctpd[3442494]: I0426 17:58:37.293475 3442939 sctp_connection.cpp:195] Unhandled notification type 32777
Apr 26 17:58:38 localhost mobilityd[3442226]: DEBUG:root:Received AllocateIPAddress
Apr 26 17:58:38 localhost mobilityd[3442226]: INFO:root:GRPC message:
Apr 26 17:58:38 localhost mobilityd[3442226]:   magma.lte.AllocateIPRequest {
Apr 26 17:58:38 localhost mobilityd[3442226]:     "sid": {
Apr 26 17:58:38 localhost mobilityd[3442226]:       "id": "222700000000001"
Apr 26 17:58:38 localhost mobilityd[3442226]:     },
Apr 26 17:58:38 localhost mobilityd[3442226]:     "apn": "default"
Apr 26 17:58:38 localhost mobilityd[3442226]:   }
Apr 26 17:58:38 localhost mobilityd[3442226]: DEBUG:root:Find APN config for: IMSI222700000000001.default,ipv4
Apr 26 17:58:38 localhost mobilityd[3442226]: DEBUG:root:APN config: service_selection: "default"
Apr 26 17:58:38 localhost mobilityd[3442226]: qos_profile {
Apr 26 17:58:38 localhost mobilityd[3442226]:   class_id: 9
Apr 26 17:58:38 localhost mobilityd[3442226]:   priority_level: 15
Apr 26 17:58:38 localhost mobilityd[3442226]: }
Apr 26 17:58:38 localhost mobilityd[3442226]: ambr {
Apr 26 17:58:38 localhost mobilityd[3442226]:   max_bandwidth_ul: 100000000
Apr 26 17:58:38 localhost mobilityd[3442226]:   max_bandwidth_dl: 100000000
Apr 26 17:58:38 localhost mobilityd[3442226]: }
Apr 26 17:58:38 localhost mobilityd[3442226]: DEBUG:root:vlan: Got APN: service_selection: "default"
Apr 26 17:58:38 localhost mobilityd[3442226]: qos_profile {
Apr 26 17:58:38 localhost mobilityd[3442226]:   class_id: 9
Apr 26 17:58:38 localhost mobilityd[3442226]:   priority_level: 15
Apr 26 17:58:38 localhost mobilityd[3442226]: }
Apr 26 17:58:38 localhost mobilityd[3442226]: ambr {
Apr 26 17:58:38 localhost mobilityd[3442226]:   max_bandwidth_ul: 100000000
Apr 26 17:58:38 localhost mobilityd[3442226]:   max_bandwidth_dl: 100000000
Apr 26 17:58:38 localhost mobilityd[3442226]: }
Apr 26 17:58:38 localhost mobilityd[3442226]: DEBUG:root:invalid internet gw ip: None
Apr 26 17:58:38 localhost mobilityd[3442226]: DEBUG:root:could not parse GW IP: None
Apr 26 17:58:38 localhost mobilityd[3442226]: DEBUG:root:Find APN config for: IMSI222700000000001.default,ipv4
