Apr 22 07:24:20 localhost control_proxy[2310194]: 2022-04-22T07:24:20.192Z [127.0.0.1 -> streamer-controller.magmasi.wavelabs.in,8443] "POST /magma.orc8r.Streamer/GetUpdates HTTP/2" 200 7bytes 0.268s
Apr 22 07:24:20 localhost policydb[2310084]: INFO:root:Processing 0 basename -> policy updates
Apr 22 07:24:20 localhost control_proxy[2310194]: 2022-04-22T07:24:20.192Z [127.0.0.1 -> streamer-controller.magmasi.wavelabs.in,8443] "POST /magma.orc8r.Streamer/GetUpdates HTTP/2" 200 13536bytes 0.309s
Apr 22 07:24:20 localhost policydb[2310084]: INFO:root:Processing 223 SID -> apn -> policy updates
Apr 22 07:24:21 localhost control_proxy[2310194]: 2022-04-22T07:24:20.192Z [127.0.0.1 -> streamer-controller.magmasi.wavelabs.in,8443] "POST /magma.orc8r.Streamer/GetUpdates HTTP/2" 200 7bytes 0.276s
Apr 22 07:24:21 localhost policydb[2310084]: INFO:root:Processing 0 rating group updates
Apr 22 07:24:24 localhost smsd[2310104]: INFO:root:mme non_eps_service_config is not SMS_ORC8R, sleeping.
Apr 22 07:24:27 localhost mobilityd[2310013]: INFO:root:Using GW info: {'default': {2: ('172.16.4.1', 'eth0')}, 2: [('172.16.4.1', 'eth0', True)]}
Apr 22 07:24:27 localhost mobilityd[2310013]: INFO:root:GW-v6 probe: timer started
Apr 22 07:24:28 localhost magmad[2309940]: ERROR:root:Metrics upload error for service subscriberdb (chunk 0)! [StatusCode.DEADLINE_EXCEEDED] Deadline Exceeded
Apr 22 07:24:28 localhost magmad[2309940]: ERROR:root:Metrics upload error for service mobilityd (chunk 0)! [StatusCode.DEADLINE_EXCEEDED] Deadline Exceeded
Apr 22 07:24:28 localhost magmad[2309940]: ERROR:root:Metrics upload error for service mme (chunk 0)! [StatusCode.DEADLINE_EXCEEDED] Deadline Exceeded
Apr 22 07:24:28 localhost magmad[2309940]: ERROR:root:Metrics upload error for service magmad (chunk 0)! [StatusCode.DEADLINE_EXCEEDED] Deadline Exceeded
Apr 22 07:24:28 localhost magmad[2309940]: ERROR:root:Metrics upload error for service enodebd (chunk 0)! [StatusCode.DEADLINE_EXCEEDED] Deadline Exceeded
Apr 22 07:24:28 localhost magmad[2309940]: ERROR:root:Metrics upload error for service pipelined (chunk 0)! [StatusCode.DEADLINE_EXCEEDED] Deadline Exceeded
Apr 22 07:24:28 localhost magmad[2309940]: ERROR:root:Metrics upload error for service state (chunk 0)! [StatusCode.DEADLINE_EXCEEDED] Deadline Exceeded
Apr 22 07:24:28 localhost magmad[2309940]: ERROR:root:Metrics upload error for service sessiond (chunk 0)! [StatusCode.DEADLINE_EXCEEDED] Deadline Exceeded
Apr 22 07:24:29 localhost smsd[2310104]: INFO:root:mme non_eps_service_config is not SMS_ORC8R, sleeping.
Apr 22 07:24:34 localhost smsd[2310104]: INFO:root:mme non_eps_service_config is not SMS_ORC8R, sleeping.
Apr 22 07:24:37 localhost dnsmasq-dhcp[2310193]: DHCPDISCOVER(eth1) 172.16.5.61 fa:16:3e:0c:4b:bd 
Apr 22 07:24:37 localhost dnsmasq-dhcp[2310193]: DHCPOFFER(eth1) 172.16.7.242 fa:16:3e:0c:4b:bd 
Apr 22 07:24:38 localhost magmad[2309940]: INFO:root:Setting logging level to INFO
Apr 22 07:24:40 localhost smsd[2310104]: INFO:root:mme non_eps_service_config is not SMS_ORC8R, sleeping.
Apr 22 07:24:40 localhost sctpd[2310276]: I0422 07:24:40.240768 2310719 sctp_connection.cpp:195] Unhandled notification type 32776
Apr 22 07:24:41 localhost sctpd[2310276]: I0422 07:24:41.300596 2310719 sctp_connection.cpp:195] Unhandled notification type 32777
Apr 22 07:24:45 localhost smsd[2310104]: INFO:root:mme non_eps_service_config is not SMS_ORC8R, sleeping.
Apr 22 07:24:47 localhost mobilityd[2310013]: INFO:root:Using GW info: {'default': {2: ('172.16.4.1', 'eth0')}, 2: [('172.16.4.1', 'eth0', True)]}
Apr 22 07:24:47 localhost mobilityd[2310013]: INFO:root:GW-v6 probe: timer started
Apr 22 07:24:47 localhost magmad[2309940]: INFO:root:[SyncRPC] Got heartBeat from cloud
Apr 22 07:24:48 localhost control_proxy[2310194]: 2022-04-22T07:23:48.660Z [127.0.0.1 -> streamer-controller.magmasi.wavelabs.in,8443] "POST /magma.orc8r.Streamer/GetUpdates HTTP/2" 200 0bytes 60.257s
Apr 22 07:24:48 localhost magmad[2309940]: ERROR:root:Error! Streaming from the cloud failed! [StatusCode.ABORTED] error while streaming updates: rpc error: code = DeadlineExceeded desc = context deadline exceeded
Apr 22 07:24:50 localhost smsd[2310104]: INFO:root:mme non_eps_service_config is not SMS_ORC8R, sleeping.
Apr 22 07:24:55 localhost smsd[2310104]: INFO:root:mme non_eps_service_config is not SMS_ORC8R, sleeping.
Apr 22 07:24:57 localhost control_proxy[2310194]: 2022-04-22T07:24:57.160Z [127.0.0.1 -> state-controller.magmasi.wavelabs.in,8443] "POST /magma.orc8r.StateService/ReportStates HTTP/2" 200 5bytes 0.505s
Apr 22 07:24:57 localhost magmad[2309940]: INFO:root:Checkin Successful! Successfully sent states to the cloud!
Apr 22 07:25:00 localhost smsd[2310104]: INFO:root:mme non_eps_service_config is not SMS_ORC8R, sleeping.
Apr 22 07:25:03 localhost sctpd[2310276]: I0422 07:25:03.417083 2310719 sctp_connection.cpp:195] Unhandled notification type 32776
Apr 22 07:25:04 localhost sctpd[2310276]: I0422 07:25:04.475771 2310719 sctp_connection.cpp:195] Unhandled notification type 32777
Apr 22 07:25:05 localhost smsd[2310104]: INFO:root:mme non_eps_service_config is not SMS_ORC8R, sleeping.
Apr 22 07:25:07 localhost mobilityd[2310013]: INFO:root:Using GW info: {'default': {2: ('172.16.4.1', 'eth0')}, 2: [('172.16.4.1', 'eth0', True)]}
Apr 22 07:25:07 localhost mobilityd[2310013]: INFO:root:GW-v6 probe: timer started
Apr 22 07:25:10 localhost smsd[2310104]: INFO:root:mme non_eps_service_config is not SMS_ORC8R, sleeping.
Apr 22 07:25:20 localhost smsd[2310104]: message repeated 2 times: [ INFO:root:mme non_eps_service_config is not SMS_ORC8R, sleeping.]
Apr 22 07:25:21 localhost control_proxy[2310194]: 2022-04-22T07:25:21.062Z [127.0.0.1 -> streamer-controller.magmasi.wavelabs.in,8443] "POST /magma.orc8r.Streamer/GetUpdates HTTP/2" 200 173bytes 0.276s
Apr 22 07:25:21 localhost policydb[2310084]: INFO:root:Processing 4 policy updates (resync=True)
Apr 22 07:25:21 localhost control_proxy[2310194]: 2022-04-22T07:25:21.062Z [127.0.0.1 -> streamer-controller.magmasi.wavelabs.in,8443] "POST /magma.orc8r.Streamer/GetUpdates HTTP/2" 200 7bytes 0.268s
Apr 22 07:25:21 localhost policydb[2310084]: INFO:root:Processing 0 basename -> policy updates
Apr 22 07:25:21 localhost control_proxy[2310194]: 2022-04-22T07:25:21.062Z [127.0.0.1 -> streamer-controller.magmasi.wavelabs.in,8443] "POST /magma.orc8r.Streamer/GetUpdates HTTP/2" 200 13536bytes 0.306s
Apr 22 07:25:21 localhost policydb[2310084]: INFO:root:Processing 223 SID -> apn -> policy updates
Apr 22 07:25:22 localhost control_proxy[2310194]: 2022-04-22T07:25:21.062Z [127.0.0.1 -> streamer-controller.magmasi.wavelabs.in,8443] "POST /magma.orc8r.Streamer/GetUpdates HTTP/2" 200 7bytes 0.267s
Apr 22 07:25:22 localhost policydb[2310084]: INFO:root:Processing 0 rating group updates
Apr 22 07:25:25 localhost smsd[2310104]: INFO:root:mme non_eps_service_config is not SMS_ORC8R, sleeping.
Apr 22 07:25:26 localhost sctpd[2310276]: I0422 07:25:26.659072 2310719 sctp_connection.cpp:195] Unhandled notification type 32776
Apr 22 07:25:27 localhost mobilityd[2310013]: INFO:root:Using GW info: {'default': {2: ('172.16.4.1', 'eth0')}, 2: [('172.16.4.1', 'eth0', True)]}
Apr 22 07:25:27 localhost mobilityd[2310013]: INFO:root:GW-v6 probe: timer started
Apr 22 07:25:27 localhost sctpd[2310276]: I0422 07:25:27.717630 2310719 sctp_connection.cpp:195] Unhandled notification type 32777
Apr 22 07:25:28 localhost magmad[2309940]: ERROR:root:Metrics upload error for service subscriberdb (chunk 0)! [StatusCode.DEADLINE_EXCEEDED] Deadline Exceeded
Apr 22 07:25:28 localhost magmad[2309940]: ERROR:root:Metrics upload error for service mobilityd (chunk 0)! [StatusCode.DEADLINE_EXCEEDED] Deadline Exceeded
Apr 22 07:25:28 localhost magmad[2309940]: ERROR:root:Metrics upload error for service mme (chunk 0)! [StatusCode.DEADLINE_EXCEEDED] Deadline Exceeded
Apr 22 07:25:28 localhost magmad[2309940]: ERROR:root:Metrics upload error for service magmad (chunk 0)! [StatusCode.DEADLINE_EXCEEDED] Deadline Exceeded
Apr 22 07:25:28 localhost magmad[2309940]: ERROR:root:Metrics upload error for service enodebd (chunk 0)! [StatusCode.DEADLINE_EXCEEDED] Deadline Exceeded
Apr 22 07:25:28 localhost magmad[2309940]: ERROR:root:Metrics upload error for service pipelined (chunk 0)! [StatusCode.DEADLINE_EXCEEDED] Deadline Exceeded
Apr 22 07:25:28 localhost magmad[2309940]: ERROR:root:Metrics upload error for service state (chunk 0)! [StatusCode.DEADLINE_EXCEEDED] Deadline Exceeded
Apr 22 07:25:28 localhost magmad[2309940]: ERROR:root:Metrics upload error for service sessiond (chunk 0)! [StatusCode.DEADLINE_EXCEEDED] Deadline Exceeded
Apr 22 07:25:30 localhost smsd[2310104]: INFO:root:mme non_eps_service_config is not SMS_ORC8R, sleeping.
Apr 22 07:25:40 localhost smsd[2310104]: message repeated 2 times: [ INFO:root:mme non_eps_service_config is not SMS_ORC8R, sleeping.]
Apr 22 07:25:44 localhost sctpd[2310276]: I0422 07:25:44.965628 2310719 sctp_connection.cpp:195] Unhandled notification type 32776
Apr 22 07:25:45 localhost smsd[2310104]: INFO:root:mme non_eps_service_config is not SMS_ORC8R, sleeping.
Apr 22 07:25:46 localhost sctpd[2310276]: I0422 07:25:46.027923 2310719 sctp_connection.cpp:195] Unhandled notification type 32777
Apr 22 07:25:47 localhost mobilityd[2310013]: INFO:root:Using GW info: {'default': {2: ('172.16.4.1', 'eth0')}, 2: [('172.16.4.1', 'eth0', True)]}
Apr 22 07:25:47 localhost mobilityd[2310013]: INFO:root:GW-v6 probe: timer started
Apr 22 07:25:47 localhost magmad[2309940]: INFO:root:[SyncRPC] Got heartBeat from cloud
Apr 22 07:25:50 localhost smsd[2310104]: INFO:root:mme non_eps_service_config is not SMS_ORC8R, sleeping.
Apr 22 07:25:55 localhost smsd[2310104]: INFO:root:mme non_eps_service_config is not SMS_ORC8R, sleeping.
Apr 22 07:25:56 localhost subscriberdb[2310012]: INFO:root:get digest stored in gateway:
Apr 22 07:25:57 localhost control_proxy[2310194]: 2022-04-22T07:25:56.695Z [127.0.0.1 -> subscriberdb-controller.magmasi.wavelabs.in,8443] "POST /magma.lte.SubscriberDBCloud/CheckInSync HTTP/2" 200 0bytes 0.495s
Apr 22 07:25:57 localhost subscriberdb[2310012]: ERROR:root:Internal Error in subscriberdb-Orc8r communication. If AGW and Orc8r are deployed at a commit hash, upgrade AGW and Orc8r to latest commit hash.
Apr 22 07:25:57 localhost control_proxy[2310194]: 2022-04-22T07:25:57.196Z [127.0.0.1 -> subscriberdb-controller.magmasi.wavelabs.in,8443] "POST /magma.lte.SubscriberDBCloud/Sync HTTP/2" 200 0bytes 0.248s
Apr 22 07:25:57 localhost subscriberdb[2310012]: ERROR:root:Internal Error in subscriberdb-Orc8r communication. If AGW and Orc8r are deployed at a commit hash, upgrade AGW and Orc8r to latest commit hash.
Apr 22 07:25:58 localhost control_proxy[2310194]: 2022-04-22T07:25:57.196Z [127.0.0.1 -> subscriberdb-controller.magmasi.wavelabs.in,8443] "POST /magma.lte.SubscriberDBCloud/ListSubscribers HTTP/2" 200 44180bytes 0.554s
Apr 22 07:25:58 localhost subscriberdb[2310012]: INFO:root:Successfully fetched all subscriber pages from the cloud!
Apr 22 07:25:58 localhost magmad[2309940]: INFO:root:Setting logging level to INFO
Apr 22 07:25:58 localhost subscriberdb[2310012]: INFO:root:update root digest stored in gateway:
Apr 22 07:26:00 localhost smsd[2310104]: INFO:root:mme non_eps_service_config is not SMS_ORC8R, sleeping.
Apr 22 07:26:05 localhost smsd[2310104]: INFO:root:mme non_eps_service_config is not SMS_ORC8R, sleeping.
Apr 22 07:26:07 localhost mobilityd[2310013]: INFO:root:Using GW info: {'default': {2: ('172.16.4.1', 'eth0')}, 2: [('172.16.4.1', 'eth0', True)]}
Apr 22 07:26:07 localhost mobilityd[2310013]: INFO:root:GW-v6 probe: timer started
Apr 22 07:26:08 localhost sctpd[2310276]: I0422 07:26:08.286442 2310719 sctp_connection.cpp:195] Unhandled notification type 32776
Apr 22 07:26:09 localhost sctpd[2310276]: I0422 07:26:09.341996 2310719 sctp_connection.cpp:195] Unhandled notification type 32777
Apr 22 07:26:10 localhost smsd[2310104]: INFO:root:mme non_eps_service_config is not SMS_ORC8R, sleeping.
Apr 22 07:26:15 localhost smsd[2310104]: INFO:root:mme non_eps_service_config is not SMS_ORC8R, sleeping.
Apr 22 07:26:17 localhost control_proxy[2310194]: 2022-04-22T07:26:16.712Z [127.0.0.1 -> state-controller.magmasi.wavelabs.in,8443] "POST /magma.orc8r.StateService/ReportStates HTTP/2" 200 5bytes 0.618s
Apr 22 07:26:17 localhost magmad[2309940]: INFO:root:Checkin Successful! Successfully sent states to the cloud!
Apr 22 07:26:20 localhost smsd[2310104]: INFO:root:mme non_eps_service_config is not SMS_ORC8R, sleeping.
Apr 22 07:26:22 localhost control_proxy[2310194]: 2022-04-22T07:26:22.257Z [127.0.0.1 -> streamer-controller.magmasi.wavelabs.in,8443] "POST /magma.orc8r.Streamer/GetUpdates HTTP/2" 200 173bytes 0.290s
Apr 22 07:26:22 localhost policydb[2310084]: INFO:root:Processing 4 policy updates (resync=True)
Apr 22 07:26:22 localhost control_proxy[2310194]: 2022-04-22T07:26:22.257Z [127.0.0.1 -> streamer-controller.magmasi.wavelabs.in,8443] "POST /magma.orc8r.Streamer/GetUpdates HTTP/2" 200 7bytes 0.274s
Apr 22 07:26:22 localhost policydb[2310084]: INFO:root:Processing 0 basename -> policy updates
Apr 22 07:26:23 localhost control_proxy[2310194]: 2022-04-22T07:26:22.257Z [127.0.0.1 -> streamer-controller.magmasi.wavelabs.in,8443] "POST /magma.orc8r.Streamer/GetUpdates HTTP/2" 200 13536bytes 0.299s
Apr 22 07:26:23 localhost policydb[2310084]: INFO:root:Processing 223 SID -> apn -> policy updates
Apr 22 07:26:23 localhost control_proxy[2310194]: 2022-04-22T07:26:23.132Z [127.0.0.1 -> streamer-controller.magmasi.wavelabs.in,8443] "POST /magma.orc8r.Streamer/GetUpdates HTTP/2" 200 7bytes 0.267s
Apr 22 07:26:23 localhost policydb[2310084]: INFO:root:Processing 0 rating group updates
Apr 22 07:26:25 localhost smsd[2310104]: INFO:root:mme non_eps_service_config is not SMS_ORC8R, sleeping.
Apr 22 07:26:26 localhost sctpd[2310276]: I0422 07:26:26.382160 2310719 sctp_connection.cpp:195] Unhandled notification type 32776
Apr 22 07:26:27 localhost mobilityd[2310013]: INFO:root:Using GW info: {'default': {2: ('172.16.4.1', 'eth0')}, 2: [('172.16.4.1', 'eth0', True)]}
Apr 22 07:26:27 localhost mobilityd[2310013]: INFO:root:GW-v6 probe: timer started
Apr 22 07:26:27 localhost sctpd[2310276]: I0422 07:26:27.445286 2310719 sctp_connection.cpp:195] Unhandled notification type 32777
Apr 22 07:26:30 localhost smsd[2310104]: INFO:root:mme non_eps_service_config is not SMS_ORC8R, sleeping.
Apr 22 07:26:45 localhost smsd[2310104]: message repeated 3 times: [ INFO:root:mme non_eps_service_config is not SMS_ORC8R, sleeping.]
Apr 22 07:26:46 localhost magmad[2309940]: ERROR:root:Metrics upload error for service subscriberdb (chunk 0)! [StatusCode.DEADLINE_EXCEEDED] Deadline Exceeded
Apr 22 07:26:46 localhost magmad[2309940]: ERROR:root:Metrics upload error for service mobilityd (chunk 0)! [StatusCode.DEADLINE_EXCEEDED] Deadline Exceeded
Apr 22 07:26:46 localhost magmad[2309940]: ERROR:root:Metrics upload error for service mme (chunk 0)! [StatusCode.DEADLINE_EXCEEDED] Deadline Exceeded
Apr 22 07:26:46 localhost magmad[2309940]: ERROR:root:Metrics upload error for service magmad (chunk 0)! [StatusCode.DEADLINE_EXCEEDED] Deadline Exceeded
Apr 22 07:26:46 localhost magmad[2309940]: ERROR:root:Metrics upload error for service enodebd (chunk 0)! [StatusCode.DEADLINE_EXCEEDED] Deadline Exceeded
Apr 22 07:26:46 localhost magmad[2309940]: ERROR:root:Metrics upload error for service pipelined (chunk 0)! [StatusCode.DEADLINE_EXCEEDED] Deadline Exceeded
Apr 22 07:26:46 localhost magmad[2309940]: ERROR:root:Metrics upload error for service state (chunk 0)! [StatusCode.DEADLINE_EXCEEDED] Deadline Exceeded
Apr 22 07:26:46 localhost magmad[2309940]: ERROR:root:Metrics upload error for service sessiond (chunk 0)! [StatusCode.DEADLINE_EXCEEDED] Deadline Exceeded
Apr 22 07:26:47 localhost mobilityd[2310013]: INFO:root:Using GW info: {'default': {2: ('172.16.4.1', 'eth0')}, 2: [('172.16.4.1', 'eth0', True)]}
Apr 22 07:26:47 localhost mobilityd[2310013]: INFO:root:GW-v6 probe: timer started
Apr 22 07:26:47 localhost magmad[2309940]: INFO:root:[SyncRPC] Got heartBeat from cloud
Apr 22 07:26:49 localhost control_proxy[2310194]: 2022-04-22T07:25:48.964Z [127.0.0.1 -> streamer-controller.magmasi.wavelabs.in,8443] "POST /magma.orc8r.Streamer/GetUpdates HTTP/2" 200 0bytes 60.254s
Apr 22 07:26:49 localhost magmad[2309940]: ERROR:root:Error! Streaming from the cloud failed! [StatusCode.ABORTED] error while streaming updates: rpc error: code = DeadlineExceeded desc = context deadline exceeded
Apr 22 07:26:49 localhost sctpd[2310276]: I0422 07:26:49.860544 2310719 sctp_connection.cpp:195] Unhandled notification type 32776
Apr 22 07:26:50 localhost smsd[2310104]: INFO:root:mme non_eps_service_config is not SMS_ORC8R, sleeping.
Apr 22 07:26:50 localhost sctpd[2310276]: I0422 07:26:50.919200 2310719 sctp_connection.cpp:195] Unhandled notification type 32777
Apr 22 07:26:55 localhost smsd[2310104]: INFO:root:mme non_eps_service_config is not SMS_ORC8R, sleeping.
Apr 22 07:27:05 localhost smsd[2310104]: message repeated 2 times: [ INFO:root:mme non_eps_service_config is not SMS_ORC8R, sleeping.]
Apr 22 07:27:07 localhost mobilityd[2310013]: INFO:root:Using GW info: {'default': {2: ('172.16.4.1', 'eth0')}, 2: [('172.16.4.1', 'eth0', True)]}
Apr 22 07:27:07 localhost mobilityd[2310013]: INFO:root:GW-v6 probe: timer started
Apr 22 07:27:10 localhost smsd[2310104]: INFO:root:mme non_eps_service_config is not SMS_ORC8R, sleeping.
Apr 22 07:27:13 localhost sctpd[2310276]: I0422 07:27:13.662693 2310719 sctp_connection.cpp:195] Unhandled notification type 32776
Apr 22 07:27:14 localhost sctpd[2310276]: I0422 07:27:14.725438 2310719 sctp_connection.cpp:195] Unhandled notification type 32777
Apr 22 07:27:14 localhost sctpd[2310276]: I0422 07:27:14.949963 2310719 sctp_connection.cpp:195] Unhandled notification type 32777
Apr 22 07:27:15 localhost smsd[2310104]: INFO:root:mme non_eps_service_config is not SMS_ORC8R, sleeping.
Apr 22 07:27:17 localhost magmad[2309940]: INFO:root:Setting logging level to INFO
Apr 22 07:27:20 localhost smsd[2310104]: INFO:root:mme non_eps_service_config is not SMS_ORC8R, sleeping.
Apr 22 07:27:23 localhost control_proxy[2310194]: 2022-04-22T07:27:23.455Z [127.0.0.1 -> streamer-controller.magmasi.wavelabs.in,8443] "POST /magma.orc8r.Streamer/GetUpdates HTTP/2" 200 173bytes 0.526s
Apr 22 07:27:23 localhost policydb[2310084]: INFO:root:Processing 4 policy updates (resync=True)
Apr 22 07:27:24 localhost control_proxy[2310194]: 2022-04-22T07:27:23.455Z [127.0.0.1 -> streamer-controller.magmasi.wavelabs.in,8443] "POST /magma.orc8r.Streamer/GetUpdates HTTP/2" 200 7bytes 0.290s
Apr 22 07:27:24 localhost policydb[2310084]: INFO:root:Processing 0 basename -> policy updates
Apr 22 07:27:24 localhost control_proxy[2310194]: 2022-04-22T07:27:24.277Z [127.0.0.1 -> streamer-controller.magmasi.wavelabs.in,8443] "POST /magma.orc8r.Streamer/GetUpdates HTTP/2" 200 13536bytes 0.300s
Apr 22 07:27:24 localhost policydb[2310084]: INFO:root:Processing 223 SID -> apn -> policy updates
Apr 22 07:27:24 localhost control_proxy[2310194]: 2022-04-22T07:27:24.277Z [127.0.0.1 -> streamer-controller.magmasi.wavelabs.in,8443] "POST /magma.orc8r.Streamer/GetUpdates HTTP/2" 200 7bytes 0.266s
Apr 22 07:27:24 localhost policydb[2310084]: INFO:root:Processing 0 rating group updates
Apr 22 07:27:25 localhost smsd[2310104]: INFO:root:mme non_eps_service_config is not SMS_ORC8R, sleeping.
Apr 22 07:27:27 localhost mobilityd[2310013]: INFO:root:Using GW info: {'default': {2: ('172.16.4.1', 'eth0')}, 2: [('172.16.4.1', 'eth0', True)]}
Apr 22 07:27:27 localhost mobilityd[2310013]: INFO:root:GW-v6 probe: timer started
Apr 22 07:27:30 localhost smsd[2310104]: INFO:root:mme non_eps_service_config is not SMS_ORC8R, sleeping.
Apr 22 07:27:36 localhost smsd[2310104]: INFO:root:mme non_eps_service_config is not SMS_ORC8R, sleeping.
Apr 22 07:27:36 localhost control_proxy[2310194]: 2022-04-22T07:27:36.445Z [127.0.0.1 -> state-controller.magmasi.wavelabs.in,8443] "POST /magma.orc8r.StateService/ReportStates HTTP/2" 200 5bytes 0.510s
Apr 22 07:27:36 localhost magmad[2309940]: INFO:root:Checkin Successful! Successfully sent states to the cloud!
Apr 22 07:27:37 localhost sctpd[2310276]: I0422 07:27:37.152323 2310719 sctp_connection.cpp:195] Unhandled notification type 32776
Apr 22 07:27:41 localhost smsd[2310104]: INFO:root:mme non_eps_service_config is not SMS_ORC8R, sleeping.
Apr 22 07:27:46 localhost smsd[2310104]: INFO:root:mme non_eps_service_config is not SMS_ORC8R, sleeping.
Apr 22 07:27:46 localhost magmad[2309940]: ERROR:root:Metrics upload error for service subscriberdb (chunk 0)! [StatusCode.DEADLINE_EXCEEDED] Deadline Exceeded
Apr 22 07:27:46 localhost magmad[2309940]: ERROR:root:Metrics upload error for service mobilityd (chunk 0)! [StatusCode.DEADLINE_EXCEEDED] Deadline Exceeded
Apr 22 07:27:46 localhost magmad[2309940]: ERROR:root:Metrics upload error for service mme (chunk 0)! [StatusCode.DEADLINE_EXCEEDED] Deadline Exceeded
Apr 22 07:27:46 localhost magmad[2309940]: ERROR:root:Metrics upload error for service magmad (chunk 0)! [StatusCode.DEADLINE_EXCEEDED] Deadline Exceeded
Apr 22 07:27:46 localhost magmad[2309940]: ERROR:root:Metrics upload error for service enodebd (chunk 0)! [StatusCode.DEADLINE_EXCEEDED] Deadline Exceeded
Apr 22 07:27:46 localhost magmad[2309940]: ERROR:root:Metrics upload error for service pipelined (chunk 0)! [StatusCode.DEADLINE_EXCEEDED] Deadline Exceeded
Apr 22 07:27:46 localhost magmad[2309940]: ERROR:root:Metrics upload error for service state (chunk 0)! [StatusCode.DEADLINE_EXCEEDED] Deadline Exceeded
Apr 22 07:27:46 localhost magmad[2309940]: ERROR:root:Metrics upload error for service sessiond (chunk 0)! [StatusCode.DEADLINE_EXCEEDED] Deadline Exceeded
Apr 22 07:27:47 localhost mobilityd[2310013]: INFO:root:Using GW info: {'default': {2: ('172.16.4.1', 'eth0')}, 2: [('172.16.4.1', 'eth0', True)]}
Apr 22 07:27:47 localhost mobilityd[2310013]: INFO:root:GW-v6 probe: timer started
Apr 22 07:27:47 localhost magmad[2309940]: INFO:root:[SyncRPC] Got heartBeat from cloud
Apr 22 07:27:47 localhost sctpd[2310276]: I0422 07:27:47.810402 2310719 sctp_connection.cpp:195] Unhandled notification type 32777
Apr 22 07:27:48 localhost sctpd[2310276]: I0422 07:27:48.052175 2310719 sctp_connection.cpp:195] Unhandled notification type 32777
Apr 22 07:27:51 localhost smsd[2310104]: INFO:root:mme non_eps_service_config is not SMS_ORC8R, sleeping.
Apr 22 07:28:06 localhost smsd[2310104]: message repeated 3 times: [ INFO:root:mme non_eps_service_config is not SMS_ORC8R, sleeping.]
Apr 22 07:28:07 localhost mobilityd[2310013]: INFO:root:Using GW info: {'default': {2: ('172.16.4.1', 'eth0')}, 2: [('172.16.4.1', 'eth0', True)]}
Apr 22 07:28:07 localhost mobilityd[2310013]: INFO:root:GW-v6 probe: timer started
Apr 22 07:28:10 localhost sctpd[2310276]: I0422 07:28:10.205282 2310719 sctp_connection.cpp:195] Unhandled notification type 32776
Apr 22 07:28:11 localhost smsd[2310104]: INFO:root:mme non_eps_service_config is not SMS_ORC8R, sleeping.
Apr 22 07:28:11 localhost sctpd[2310276]: I0422 07:28:11.264956 2310719 sctp_connection.cpp:195] Unhandled notification type 32777
Apr 22 07:28:11 localhost sctpd[2310276]: I0422 07:28:11.492110 2310719 sctp_connection.cpp:195] Unhandled notification type 32777
Apr 22 07:28:16 localhost smsd[2310104]: INFO:root:mme non_eps_service_config is not SMS_ORC8R, sleeping.
Apr 22 07:28:21 localhost smsd[2310104]: INFO:root:mme non_eps_service_config is not SMS_ORC8R, sleeping.
Apr 22 07:28:25 localhost control_proxy[2310194]: 2022-04-22T07:28:24.904Z [127.0.0.1 -> streamer-controller.magmasi.wavelabs.in,8443] "POST /magma.orc8r.Streamer/GetUpdates HTTP/2" 200 173bytes 0.523s
Apr 22 07:28:25 localhost policydb[2310084]: INFO:root:Processing 4 policy updates (resync=True)
Apr 22 07:28:25 localhost control_proxy[2310194]: 2022-04-22T07:28:25.433Z [127.0.0.1 -> streamer-controller.magmasi.wavelabs.in,8443] "POST /magma.orc8r.Streamer/GetUpdates HTTP/2" 200 7bytes 0.272s
Apr 22 07:28:25 localhost policydb[2310084]: INFO:root:Processing 0 basename -> policy updates
Apr 22 07:28:26 localhost control_proxy[2310194]: 2022-04-22T07:28:25.433Z [127.0.0.1 -> streamer-controller.magmasi.wavelabs.in,8443] "POST /magma.orc8r.Streamer/GetUpdates HTTP/2" 200 13536bytes 0.310s
Apr 22 07:28:26 localhost policydb[2310084]: INFO:root:Processing 223 SID -> apn -> policy updates
Apr 22 07:28:26 localhost control_proxy[2310194]: 2022-04-22T07:28:26.027Z [127.0.0.1 -> streamer-controller.magmasi.wavelabs.in,8443] "POST /magma.orc8r.Streamer/GetUpdates HTTP/2" 200 7bytes 0.264s
Apr 22 07:28:26 localhost policydb[2310084]: INFO:root:Processing 0 rating group updates
Apr 22 07:28:26 localhost smsd[2310104]: INFO:root:mme non_eps_service_config is not SMS_ORC8R, sleeping.
Apr 22 07:28:27 localhost mobilityd[2310013]: INFO:root:Using GW info: {'default': {2: ('172.16.4.1', 'eth0')}, 2: [('172.16.4.1', 'eth0', True)]}
Apr 22 07:28:27 localhost mobilityd[2310013]: INFO:root:GW-v6 probe: timer started
Apr 22 07:28:28 localhost dnsmasq-dhcp[2310193]: DHCPDISCOVER(eth1) fa:16:3e:f3:0b:17 
Apr 22 07:28:28 localhost dnsmasq-dhcp[2310193]: DHCPOFFER(eth1) 172.16.7.254 fa:16:3e:f3:0b:17 
Apr 22 07:28:31 localhost smsd[2310104]: INFO:root:mme non_eps_service_config is not SMS_ORC8R, sleeping.
Apr 22 07:28:33 localhost sctpd[2310276]: I0422 07:28:33.530958 2310719 sctp_connection.cpp:195] Unhandled notification type 32776
Apr 22 07:28:34 localhost sctpd[2310276]: I0422 07:28:34.593927 2310719 sctp_connection.cpp:195] Unhandled notification type 32777
Apr 22 07:28:36 localhost smsd[2310104]: INFO:root:mme non_eps_service_config is not SMS_ORC8R, sleeping.
Apr 22 07:28:37 localhost magmad[2309940]: INFO:root:Setting logging level to INFO
Apr 22 07:28:41 localhost smsd[2310104]: INFO:root:mme non_eps_service_config is not SMS_ORC8R, sleeping.
Apr 22 07:28:46 localhost smsd[2310104]: INFO:root:mme non_eps_service_config is not SMS_ORC8R, sleeping.
Apr 22 07:28:47 localhost mobilityd[2310013]: INFO:root:Using GW info: {'default': {2: ('172.16.4.1', 'eth0')}, 2: [('172.16.4.1', 'eth0', True)]}
Apr 22 07:28:47 localhost mobilityd[2310013]: INFO:root:GW-v6 probe: timer started
Apr 22 07:28:47 localhost magmad[2309940]: INFO:root:[SyncRPC] Got heartBeat from cloud
Apr 22 07:28:48 localhost dnsmasq-dhcp[2310193]: DHCPDISCOVER(eth1) fa:16:3e:f3:0b:17 
Apr 22 07:28:48 localhost dnsmasq-dhcp[2310193]: DHCPOFFER(eth1) 172.16.7.254 fa:16:3e:f3:0b:17 
Apr 22 07:28:49 localhost control_proxy[2310194]: 2022-04-22T07:27:49.278Z [127.0.0.1 -> streamer-controller.magmasi.wavelabs.in,8443] "POST /magma.orc8r.Streamer/GetUpdates HTTP/2" 200 0bytes 60.254s
Apr 22 07:28:49 localhost magmad[2309940]: ERROR:root:Error! Streaming from the cloud failed! [StatusCode.ABORTED] error while streaming updates: rpc error: code = DeadlineExceeded desc = context deadline exceeded
Apr 22 07:28:51 localhost smsd[2310104]: INFO:root:mme non_eps_service_config is not SMS_ORC8R, sleeping.
Apr 22 07:28:55 localhost magmad[2309940]: ERROR:root:Metrics upload error for service subscriberdb (chunk 0)! [StatusCode.DEADLINE_EXCEEDED] Deadline Exceeded
Apr 22 07:28:55 localhost magmad[2309940]: ERROR:root:Metrics upload error for service mobilityd (chunk 0)! [StatusCode.DEADLINE_EXCEEDED] Deadline Exceeded
Apr 22 07:28:55 localhost magmad[2309940]: ERROR:root:Metrics upload error for service mme (chunk 0)! [StatusCode.DEADLINE_EXCEEDED] Deadline Exceeded
Apr 22 07:28:55 localhost magmad[2309940]: ERROR:root:Metrics upload error for service magmad (chunk 0)! [StatusCode.DEADLINE_EXCEEDED] Deadline Exceeded
Apr 22 07:28:55 localhost magmad[2309940]: ERROR:root:Metrics upload error for service enodebd (chunk 0)! [StatusCode.DEADLINE_EXCEEDED] Deadline Exceeded
Apr 22 07:28:55 localhost magmad[2309940]: ERROR:root:Metrics upload error for service pipelined (chunk 0)! [StatusCode.DEADLINE_EXCEEDED] Deadline Exceeded
Apr 22 07:28:55 localhost magmad[2309940]: ERROR:root:Metrics upload error for service state (chunk 0)! [StatusCode.DEADLINE_EXCEEDED] Deadline Exceeded
Apr 22 07:28:55 localhost magmad[2309940]: ERROR:root:Metrics upload error for service sessiond (chunk 0)! [StatusCode.DEADLINE_EXCEEDED] Deadline Exceeded
Apr 22 07:28:55 localhost magmad[2309940]: INFO:root:Checking for upgrade...
Apr 22 07:28:55 localhost magmad[2309940]: WARNING:root:magmad package_version config missing or set to default 0.0.0-0, skipping upgrade
Apr 22 07:28:56 localhost smsd[2310104]: INFO:root:mme non_eps_service_config is not SMS_ORC8R, sleeping.
Apr 22 07:28:56 localhost control_proxy[2310194]: 2022-04-22T07:28:56.068Z [127.0.0.1 -> state-controller.magmasi.wavelabs.in,8443] "POST /magma.orc8r.StateService/ReportStates HTTP/2" 200 5bytes 0.511s
Apr 22 07:28:56 localhost magmad[2309940]: INFO:root:Checkin Successful! Successfully sent states to the cloud!
Apr 22 07:28:56 localhost sctpd[2310276]: I0422 07:28:56.739508 2310719 sctp_connection.cpp:195] Unhandled notification type 32776
Apr 22 07:28:57 localhost sctpd[2310276]: I0422 07:28:57.802332 2310719 sctp_connection.cpp:195] Unhandled notification type 32777
Apr 22 07:29:01 localhost smsd[2310104]: INFO:root:mme non_eps_service_config is not SMS_ORC8R, sleeping.
Apr 22 07:29:06 localhost smsd[2310104]: INFO:root:mme non_eps_service_config is not SMS_ORC8R, sleeping.
Apr 22 07:29:07 localhost mobilityd[2310013]: INFO:root:Using GW info: {'default': {2: ('172.16.4.1', 'eth0')}, 2: [('172.16.4.1', 'eth0', True)]}
Apr 22 07:29:07 localhost mobilityd[2310013]: INFO:root:GW-v6 probe: timer started
Apr 22 07:29:10 localhost systemd[1]: Started Session 4744 of user ubuntu.
Apr 22 07:29:11 localhost smsd[2310104]: INFO:root:mme non_eps_service_config is not SMS_ORC8R, sleeping.
Apr 22 07:29:12 localhost mobilityd[2310013]: DEBUG:root:Received GetSubscriberIPTable
Apr 22 07:29:12 localhost mobilityd[2310013]: INFO:root:GRPC message:
Apr 22 07:29:12 localhost mobilityd[2310013]:   magma.orc8r.Void {}
Apr 22 07:29:12 localhost mobilityd[2310013]: INFO:root:GRPC message:
Apr 22 07:29:12 localhost mobilityd[2310013]:   magma.lte.SubscriberIPTable {}
