Apr 15 16:09:54 localhost control_proxy[1068590]: 2022-04-15T16:09:53.555Z [127.0.0.1 -> streamer-controller.magmasi.wavelabs.in,8443] "POST /magma.orc8r.Streamer/GetUpdates HTTP/2" 200 173bytes 0.536s
Apr 15 16:09:54 localhost policydb[1068506]: INFO:root:Processing 4 policy updates (resync=True)
Apr 15 16:09:54 localhost sctpd[1068704]: I0415 16:09:54.193679 1069220 sctp_connection.cpp:195] Unhandled notification type 32777
Apr 15 16:09:54 localhost mme[1069107]: [DEBUG] Sending S6A-UPDATE_LOCATION_REQUEST with IMSI: 222700000000001
Apr 15 16:09:54 localhost mme[1069107]: [INFO] Received S6A-LOCATION-UPDATE_ANSWER for IMSI: 222700000000001; Status: ; StatusCode: 2001
Apr 15 16:09:54 localhost mme[1069107]: [INFO] sent itti S6A-LOCATION-UPDATE_ANSWER for IMSI: 222700000000001
Apr 15 16:09:54 localhost sctpd[1068704]: I0415 16:09:54.318195 1069220 sctp_connection.cpp:195] Unhandled notification type 32777
Apr 15 16:09:54 localhost control_proxy[1068590]: 2022-04-15T16:09:54.094Z [127.0.0.1 -> streamer-controller.magmasi.wavelabs.in,8443] "POST /magma.orc8r.Streamer/GetUpdates HTTP/2" 200 7bytes 0.278s
Apr 15 16:09:54 localhost policydb[1068506]: INFO:root:Processing 0 basename -> policy updates
Apr 15 16:09:54 localhost control_proxy[1068590]: 2022-04-15T16:09:54.094Z [127.0.0.1 -> streamer-controller.magmasi.wavelabs.in,8443] "POST /magma.orc8r.Streamer/GetUpdates HTTP/2" 200 13513bytes 0.299s
Apr 15 16:09:54 localhost policydb[1068506]: INFO:root:Processing 222 SID -> apn -> policy updates
Apr 15 16:09:54 localhost control_proxy[1068590]: 2022-04-15T16:09:54.094Z [127.0.0.1 -> streamer-controller.magmasi.wavelabs.in,8443] "POST /magma.orc8r.Streamer/GetUpdates HTTP/2" 200 7bytes 0.273s
Apr 15 16:09:54 localhost policydb[1068506]: INFO:root:Processing 0 rating group updates
Apr 15 16:09:56 localhost sctpd[1068704]: I0415 16:09:56.723691 1069220 sctp_connection.cpp:195] Unhandled notification type 32777
Apr 15 16:09:57 localhost smsd[1068528]: INFO:root:mme non_eps_service_config is not SMS_ORC8R, sleeping.
Apr 15 16:09:57 localhost dhclient[601]: DHCPREQUEST for 172.16.5.121 on eth1 to 172.16.5.2 port 67 (xid=0x1858e024)
Apr 15 16:09:58 localhost sctpd[1068704]: I0415 16:09:58.952107 1069220 sctp_connection.cpp:195] Unhandled notification type 32777
Apr 15 16:09:59 localhost sctpd[1068704]: I0415 16:09:59.068825 1069220 sctp_connection.cpp:195] Unhandled notification type 32777
Apr 15 16:09:59 localhost mobilityd[1068431]: INFO:root:Using GW info: {'default': {2: ('172.16.4.1', 'eth0')}, 2: [('172.16.4.1', 'eth0', True)]}
Apr 15 16:09:59 localhost mobilityd[1068431]: INFO:root:GW-v6 probe: timer started
Apr 15 16:09:59 localhost sctpd[1068704]: I0415 16:09:59.188246 1069220 sctp_connection.cpp:195] Unhandled notification type 32777
Apr 15 16:09:59 localhost mme[1069107]: [DEBUG] Sending S6A-UPDATE_LOCATION_REQUEST with IMSI: 222700000000001
Apr 15 16:09:59 localhost mme[1069107]: [INFO] Received S6A-LOCATION-UPDATE_ANSWER for IMSI: 222700000000001; Status: ; StatusCode: 2001
Apr 15 16:09:59 localhost mme[1069107]: [INFO] sent itti S6A-LOCATION-UPDATE_ANSWER for IMSI: 222700000000001
Apr 15 16:09:59 localhost sctpd[1068704]: I0415 16:09:59.310009 1069220 sctp_connection.cpp:195] Unhandled notification type 32777
Apr 15 16:10:02 localhost smsd[1068528]: INFO:root:mme non_eps_service_config is not SMS_ORC8R, sleeping.
Apr 15 16:10:07 localhost dhclient[601]: DHCPREQUEST for 172.16.5.121 on eth1 to 172.16.5.2 port 67 (xid=0x1858e024)
Apr 15 16:10:07 localhost smsd[1068528]: INFO:root:mme non_eps_service_config is not SMS_ORC8R, sleeping.
Apr 15 16:10:12 localhost smsd[1068528]: INFO:root:mme non_eps_service_config is not SMS_ORC8R, sleeping.
Apr 15 16:10:14 localhost magmad[1068362]: INFO:root:Setting logging level to INFO
Apr 15 16:10:17 localhost smsd[1068528]: INFO:root:mme non_eps_service_config is not SMS_ORC8R, sleeping.
Apr 15 16:10:18 localhost sctpd[1068704]: I0415 16:10:18.058372 1069220 sctp_connection.cpp:195] Unhandled notification type 32776
Apr 15 16:10:18 localhost sctpd[1068704]: I0415 16:10:18.180871 1069220 sctp_connection.cpp:195] Unhandled notification type 32776
Apr 15 16:10:19 localhost mobilityd[1068431]: INFO:root:Using GW info: {'default': {2: ('172.16.4.1', 'eth0')}, 2: [('172.16.4.1', 'eth0', True)]}
Apr 15 16:10:19 localhost mobilityd[1068431]: INFO:root:GW-v6 probe: timer started
Apr 15 16:10:19 localhost sctpd[1068704]: I0415 16:10:19.238570 1069220 sctp_connection.cpp:195] Unhandled notification type 32777
Apr 15 16:10:19 localhost sctpd[1068704]: I0415 16:10:19.357952 1069220 sctp_connection.cpp:195] Unhandled notification type 32777
Apr 15 16:10:19 localhost dhclient[601]: DHCPREQUEST for 172.16.5.121 on eth1 to 172.16.5.2 port 67 (xid=0x1858e024)
Apr 15 16:10:19 localhost sctpd[1068704]: I0415 16:10:19.673395 1069220 sctp_connection.cpp:195] Unhandled notification type 32777
Apr 15 16:10:19 localhost sctpd[1068704]: I0415 16:10:19.706529 1069220 sctp_connection.cpp:195] Unhandled notification type 32777
Apr 15 16:10:19 localhost sctpd[1068704]: I0415 16:10:19.826754 1069220 sctp_connection.cpp:195] Unhandled notification type 32777
Apr 15 16:10:19 localhost sctpd[1068704]: I0415 16:10:19.950297 1069220 sctp_connection.cpp:195] Unhandled notification type 32777
Apr 15 16:10:19 localhost mme[1069107]: [DEBUG] Sending S6A-UPDATE_LOCATION_REQUEST with IMSI: 222700000000001
Apr 15 16:10:19 localhost mme[1069107]: [INFO] Received S6A-LOCATION-UPDATE_ANSWER for IMSI: 222700000000001; Status: ; StatusCode: 2001
Apr 15 16:10:19 localhost mme[1069107]: [INFO] sent itti S6A-LOCATION-UPDATE_ANSWER for IMSI: 222700000000001
Apr 15 16:10:20 localhost sctpd[1068704]: I0415 16:10:20.066088 1069220 sctp_connection.cpp:195] Unhandled notification type 32777
Apr 15 16:10:22 localhost sctpd[1068704]: I0415 16:10:22.514298 1069220 sctp_connection.cpp:195] Unhandled notification type 32777
Apr 15 16:10:22 localhost smsd[1068528]: INFO:root:mme non_eps_service_config is not SMS_ORC8R, sleeping.
Apr 15 16:10:24 localhost sctpd[1068704]: I0415 16:10:24.792090 1069220 sctp_connection.cpp:195] Unhandled notification type 32777
Apr 15 16:10:24 localhost sctpd[1068704]: I0415 16:10:24.909193 1069220 sctp_connection.cpp:195] Unhandled notification type 32777
Apr 15 16:10:24 localhost mme[1069107]: [DEBUG] Sending S6A-UPDATE_LOCATION_REQUEST with IMSI: 222700000000001
Apr 15 16:10:24 localhost mme[1069107]: [INFO] Received S6A-LOCATION-UPDATE_ANSWER for IMSI: 222700000000001; Status: ; StatusCode: 2001
Apr 15 16:10:24 localhost mme[1069107]: [INFO] sent itti S6A-LOCATION-UPDATE_ANSWER for IMSI: 222700000000001
Apr 15 16:10:25 localhost sctpd[1068704]: I0415 16:10:25.021984 1069220 sctp_connection.cpp:195] Unhandled notification type 32777
Apr 15 16:10:25 localhost sctpd[1068704]: I0415 16:10:25.397838 1069220 sctp_connection.cpp:195] Unhandled notification type 32777
Apr 15 16:10:27 localhost smsd[1068528]: INFO:root:mme non_eps_service_config is not SMS_ORC8R, sleeping.
Apr 15 16:10:31 localhost dhclient[601]: DHCPREQUEST for 172.16.5.121 on eth1 to 172.16.5.2 port 67 (xid=0x1858e024)
Apr 15 16:10:32 localhost smsd[1068528]: INFO:root:mme non_eps_service_config is not SMS_ORC8R, sleeping.
Apr 15 16:10:33 localhost control_proxy[1068590]: 2022-04-15T16:10:32.964Z [127.0.0.1 -> state-controller.magmasi.wavelabs.in,8443] "POST /magma.orc8r.StateService/ReportStates HTTP/2" 200 5bytes 0.524s
Apr 15 16:10:33 localhost magmad[1068362]: INFO:root:Checkin Successful! Successfully sent states to the cloud!
Apr 15 16:10:37 localhost smsd[1068528]: INFO:root:mme non_eps_service_config is not SMS_ORC8R, sleeping.
Apr 15 16:10:39 localhost mobilityd[1068431]: INFO:root:Using GW info: {'default': {2: ('172.16.4.1', 'eth0')}, 2: [('172.16.4.1', 'eth0', True)]}
Apr 15 16:10:39 localhost mobilityd[1068431]: INFO:root:GW-v6 probe: timer started
Apr 15 16:10:39 localhost magmad[1068362]: INFO:root:[SyncRPC] Got heartBeat from cloud
Apr 15 16:10:42 localhost sctpd[1068704]: I0415 16:10:42.316589 1069220 sctp_connection.cpp:195] Unhandled notification type 32776
Apr 15 16:10:42 localhost smsd[1068528]: INFO:root:mme non_eps_service_config is not SMS_ORC8R, sleeping.
Apr 15 16:10:43 localhost magmad[1068362]: ERROR:root:Metrics upload error for service subscriberdb (chunk 0)! [StatusCode.DEADLINE_EXCEEDED] Deadline Exceeded
Apr 15 16:10:43 localhost magmad[1068362]: ERROR:root:Metrics upload error for service mobilityd (chunk 0)! [StatusCode.DEADLINE_EXCEEDED] Deadline Exceeded
Apr 15 16:10:43 localhost magmad[1068362]: ERROR:root:Metrics upload error for service mme (chunk 0)! [StatusCode.DEADLINE_EXCEEDED] Deadline Exceeded
Apr 15 16:10:43 localhost magmad[1068362]: ERROR:root:Metrics upload error for service magmad (chunk 0)! [StatusCode.DEADLINE_EXCEEDED] Deadline Exceeded
Apr 15 16:10:43 localhost magmad[1068362]: ERROR:root:Metrics upload error for service enodebd (chunk 0)! [StatusCode.DEADLINE_EXCEEDED] Deadline Exceeded
Apr 15 16:10:43 localhost magmad[1068362]: ERROR:root:Metrics upload error for service pipelined (chunk 0)! [StatusCode.DEADLINE_EXCEEDED] Deadline Exceeded
Apr 15 16:10:43 localhost magmad[1068362]: ERROR:root:Metrics upload error for service state (chunk 0)! [StatusCode.DEADLINE_EXCEEDED] Deadline Exceeded
Apr 15 16:10:43 localhost magmad[1068362]: ERROR:root:Metrics upload error for service sessiond (chunk 0)! [StatusCode.DEADLINE_EXCEEDED] Deadline Exceeded
Apr 15 16:10:43 localhost sctpd[1068704]: I0415 16:10:43.379792 1069220 sctp_connection.cpp:195] Unhandled notification type 32777
Apr 15 16:10:43 localhost sctpd[1068704]: I0415 16:10:43.622997 1069220 sctp_connection.cpp:195] Unhandled notification type 32777
Apr 15 16:10:43 localhost sctpd[1068704]: I0415 16:10:43.741225 1069220 sctp_connection.cpp:195] Unhandled notification type 32777
Apr 15 16:10:43 localhost mme[1069107]: [DEBUG] Sending S6A-UPDATE_LOCATION_REQUEST with IMSI: 222700000000001
Apr 15 16:10:43 localhost mme[1069107]: [INFO] Received S6A-LOCATION-UPDATE_ANSWER for IMSI: 222700000000001; Status: ; StatusCode: 2001
Apr 15 16:10:43 localhost mme[1069107]: [INFO] sent itti S6A-LOCATION-UPDATE_ANSWER for IMSI: 222700000000001
Apr 15 16:10:43 localhost sctpd[1068704]: I0415 16:10:43.853982 1069220 sctp_connection.cpp:195] Unhandled notification type 32777
Apr 15 16:10:46 localhost sctpd[1068704]: I0415 16:10:46.242116 1069220 sctp_connection.cpp:195] Unhandled notification type 32777
Apr 15 16:10:47 localhost smsd[1068528]: INFO:root:mme non_eps_service_config is not SMS_ORC8R, sleeping.
Apr 15 16:10:48 localhost sctpd[1068704]: I0415 16:10:48.463927 1069220 sctp_connection.cpp:195] Unhandled notification type 32777
Apr 15 16:10:48 localhost sctpd[1068704]: I0415 16:10:48.583269 1069220 sctp_connection.cpp:195] Unhandled notification type 32777
Apr 15 16:10:48 localhost mme[1069107]: [DEBUG] Sending S6A-UPDATE_LOCATION_REQUEST with IMSI: 222700000000001
Apr 15 16:10:48 localhost mme[1069107]: [INFO] Received S6A-LOCATION-UPDATE_ANSWER for IMSI: 222700000000001; Status: ; StatusCode: 2001
Apr 15 16:10:48 localhost mme[1069107]: [INFO] sent itti S6A-LOCATION-UPDATE_ANSWER for IMSI: 222700000000001
Apr 15 16:10:48 localhost sctpd[1068704]: I0415 16:10:48.713311 1069220 sctp_connection.cpp:195] Unhandled notification type 32777
Apr 15 16:10:50 localhost dhclient[601]: DHCPREQUEST for 172.16.5.121 on eth1 to 172.16.5.2 port 67 (xid=0x1858e024)
Apr 15 16:10:51 localhost sctpd[1068704]: I0415 16:10:51.106092 1069220 sctp_connection.cpp:195] Unhandled notification type 32777
Apr 15 16:10:51 localhost sctpd[1068704]: I0415 16:10:51.367408 1069220 sctp_connection.cpp:195] Unhandled notification type 32777
Apr 15 16:10:51 localhost sctpd[1068704]: I0415 16:10:51.483880 1069220 sctp_connection.cpp:195] Unhandled notification type 32777
Apr 15 16:10:51 localhost sctpd[1068704]: I0415 16:10:51.600242 1069220 sctp_connection.cpp:195] Unhandled notification type 32777
Apr 15 16:10:51 localhost mme[1069107]: [DEBUG] Sending S6A-UPDATE_LOCATION_REQUEST with IMSI: 222700000000001
Apr 15 16:10:51 localhost mme[1069107]: [INFO] Received S6A-LOCATION-UPDATE_ANSWER for IMSI: 222700000000001; Status: ; StatusCode: 2001
Apr 15 16:10:51 localhost mme[1069107]: [INFO] sent itti S6A-LOCATION-UPDATE_ANSWER for IMSI: 222700000000001
Apr 15 16:10:51 localhost sctpd[1068704]: I0415 16:10:51.712772 1069220 sctp_connection.cpp:195] Unhandled notification type 32777
Apr 15 16:10:52 localhost smsd[1068528]: INFO:root:mme non_eps_service_config is not SMS_ORC8R, sleeping.
Apr 15 16:10:54 localhost sctpd[1068704]: I0415 16:10:54.102391 1069220 sctp_connection.cpp:195] Unhandled notification type 32777
Apr 15 16:10:55 localhost control_proxy[1068590]: 2022-04-15T16:10:55.016Z [127.0.0.1 -> streamer-controller.magmasi.wavelabs.in,8443] "POST /magma.orc8r.Streamer/GetUpdates HTTP/2" 200 173bytes 0.540s
Apr 15 16:10:55 localhost policydb[1068506]: INFO:root:Processing 4 policy updates (resync=True)
Apr 15 16:10:55 localhost control_proxy[1068590]: 2022-04-15T16:10:55.016Z [127.0.0.1 -> streamer-controller.magmasi.wavelabs.in,8443] "POST /magma.orc8r.Streamer/GetUpdates HTTP/2" 200 7bytes 0.272s
Apr 15 16:10:55 localhost policydb[1068506]: INFO:root:Processing 0 basename -> policy updates
Apr 15 16:10:56 localhost control_proxy[1068590]: 2022-04-15T16:10:55.016Z [127.0.0.1 -> streamer-controller.magmasi.wavelabs.in,8443] "POST /magma.orc8r.Streamer/GetUpdates HTTP/2" 200 13513bytes 0.323s
Apr 15 16:10:56 localhost policydb[1068506]: INFO:root:Processing 222 SID -> apn -> policy updates
Apr 15 16:10:56 localhost control_proxy[1068590]: 2022-04-15T16:10:56.235Z [127.0.0.1 -> streamer-controller.magmasi.wavelabs.in,8443] "POST /magma.orc8r.Streamer/GetUpdates HTTP/2" 200 7bytes 0.270s
Apr 15 16:10:56 localhost policydb[1068506]: INFO:root:Processing 0 rating group updates
Apr 15 16:10:57 localhost smsd[1068528]: INFO:root:mme non_eps_service_config is not SMS_ORC8R, sleeping.
Apr 15 16:10:59 localhost mobilityd[1068431]: INFO:root:Using GW info: {'default': {2: ('172.16.4.1', 'eth0')}, 2: [('172.16.4.1', 'eth0', True)]}
Apr 15 16:10:59 localhost mobilityd[1068431]: INFO:root:GW-v6 probe: timer started
Apr 15 16:11:02 localhost smsd[1068528]: INFO:root:mme non_eps_service_config is not SMS_ORC8R, sleeping.
Apr 15 16:11:07 localhost smsd[1068528]: INFO:root:mme non_eps_service_config is not SMS_ORC8R, sleeping.
Apr 15 16:11:11 localhost dhclient[601]: DHCPREQUEST for 172.16.5.121 on eth1 to 172.16.5.2 port 67 (xid=0x1858e024)
Apr 15 16:11:12 localhost smsd[1068528]: INFO:root:mme non_eps_service_config is not SMS_ORC8R, sleeping.
Apr 15 16:11:13 localhost sctpd[1068704]: I0415 16:11:13.111285 1069220 sctp_connection.cpp:195] Unhandled notification type 32776
Apr 15 16:11:14 localhost sctpd[1068704]: I0415 16:11:14.171833 1069220 sctp_connection.cpp:195] Unhandled notification type 32777
Apr 15 16:11:14 localhost sctpd[1068704]: I0415 16:11:14.405498 1069220 sctp_connection.cpp:195] Unhandled notification type 32777
Apr 15 16:11:14 localhost sctpd[1068704]: I0415 16:11:14.517652 1069220 sctp_connection.cpp:195] Unhandled notification type 32777
Apr 15 16:11:14 localhost mme[1069107]: [DEBUG] Sending S6A-UPDATE_LOCATION_REQUEST with IMSI: 222700000000001
Apr 15 16:11:14 localhost mme[1069107]: [INFO] Received S6A-LOCATION-UPDATE_ANSWER for IMSI: 222700000000001; Status: ; StatusCode: 2001
Apr 15 16:11:14 localhost mme[1069107]: [INFO] sent itti S6A-LOCATION-UPDATE_ANSWER for IMSI: 222700000000001
Apr 15 16:11:14 localhost sctpd[1068704]: I0415 16:11:14.629972 1069220 sctp_connection.cpp:195] Unhandled notification type 32777
Apr 15 16:11:17 localhost sctpd[1068704]: I0415 16:11:17.014319 1069220 sctp_connection.cpp:195] Unhandled notification type 32777
Apr 15 16:11:17 localhost smsd[1068528]: INFO:root:mme non_eps_service_config is not SMS_ORC8R, sleeping.
Apr 15 16:11:19 localhost mobilityd[1068431]: INFO:root:Using GW info: {'default': {2: ('172.16.4.1', 'eth0')}, 2: [('172.16.4.1', 'eth0', True)]}
Apr 15 16:11:19 localhost mobilityd[1068431]: INFO:root:GW-v6 probe: timer started
Apr 15 16:11:19 localhost sctpd[1068704]: I0415 16:11:19.329610 1069220 sctp_connection.cpp:195] Unhandled notification type 32777
Apr 15 16:11:22 localhost smsd[1068528]: INFO:root:mme non_eps_service_config is not SMS_ORC8R, sleeping.
Apr 15 16:11:23 localhost dhclient[601]: DHCPREQUEST for 172.16.5.121 on eth1 to 172.16.5.2 port 67 (xid=0x1858e024)
Apr 15 16:11:25 localhost sctpd[1068704]: I0415 16:11:25.337522 1069220 sctp_connection.cpp:195] Unhandled notification type 32777
Apr 15 16:11:27 localhost smsd[1068528]: INFO:root:mme non_eps_service_config is not SMS_ORC8R, sleeping.
Apr 15 16:11:31 localhost dhclient[601]: DHCPREQUEST for 172.16.5.121 on eth1 to 172.16.5.2 port 67 (xid=0x1858e024)
Apr 15 16:11:31 localhost sctpd[1068704]: I0415 16:11:31.345628 1069220 sctp_connection.cpp:195] Unhandled notification type 32777
Apr 15 16:11:33 localhost smsd[1068528]: INFO:root:mme non_eps_service_config is not SMS_ORC8R, sleeping.
Apr 15 16:11:34 localhost magmad[1068362]: INFO:root:Setting logging level to INFO
Apr 15 16:11:37 localhost sctpd[1068704]: I0415 16:11:37.353494 1069220 sctp_connection.cpp:195] Unhandled notification type 32777
Apr 15 16:11:38 localhost smsd[1068528]: INFO:root:mme non_eps_service_config is not SMS_ORC8R, sleeping.
Apr 15 16:11:38 localhost control_proxy[1068590]: 2022-04-15T16:10:38.340Z [127.0.0.1 -> streamer-controller.magmasi.wavelabs.in,8443] "POST /magma.orc8r.Streamer/GetUpdates HTTP/2" 200 0bytes 60.265s
Apr 15 16:11:38 localhost magmad[1068362]: ERROR:root:Error! Streaming from the cloud failed! [StatusCode.ABORTED] error while streaming updates: rpc error: code = DeadlineExceeded desc = context deadline exceeded
Apr 15 16:11:39 localhost mobilityd[1068431]: INFO:root:Using GW info: {'default': {2: ('172.16.4.1', 'eth0')}, 2: [('172.16.4.1', 'eth0', True)]}
Apr 15 16:11:39 localhost mobilityd[1068431]: INFO:root:GW-v6 probe: timer started
Apr 15 16:11:39 localhost magmad[1068362]: INFO:root:[SyncRPC] Got heartBeat from cloud
Apr 15 16:11:43 localhost smsd[1068528]: INFO:root:mme non_eps_service_config is not SMS_ORC8R, sleeping.
Apr 15 16:11:43 localhost sctpd[1068704]: I0415 16:11:43.361580 1069220 sctp_connection.cpp:195] Unhandled notification type 32777
Apr 15 16:11:45 localhost dhclient[601]: DHCPREQUEST for 172.16.5.121 on eth1 to 172.16.5.2 port 67 (xid=0x1858e024)
Apr 15 16:11:48 localhost smsd[1068528]: INFO:root:mme non_eps_service_config is not SMS_ORC8R, sleeping.
Apr 15 16:11:49 localhost sctpd[1068704]: I0415 16:11:49.365563 1069220 sctp_connection.cpp:195] Unhandled notification type 32777
Apr 15 16:11:52 localhost magmad[1068362]: ERROR:root:Metrics upload error for service subscriberdb (chunk 0)! [StatusCode.DEADLINE_EXCEEDED] Deadline Exceeded
Apr 15 16:11:52 localhost magmad[1068362]: ERROR:root:Metrics upload error for service mobilityd (chunk 0)! [StatusCode.DEADLINE_EXCEEDED] Deadline Exceeded
Apr 15 16:11:52 localhost magmad[1068362]: ERROR:root:Metrics upload error for service mme (chunk 0)! [StatusCode.DEADLINE_EXCEEDED] Deadline Exceeded
Apr 15 16:11:52 localhost magmad[1068362]: ERROR:root:Metrics upload error for service magmad (chunk 0)! [StatusCode.DEADLINE_EXCEEDED] Deadline Exceeded
Apr 15 16:11:52 localhost magmad[1068362]: ERROR:root:Metrics upload error for service enodebd (chunk 0)! [StatusCode.DEADLINE_EXCEEDED] Deadline Exceeded
Apr 15 16:11:52 localhost magmad[1068362]: ERROR:root:Metrics upload error for service pipelined (chunk 0)! [StatusCode.DEADLINE_EXCEEDED] Deadline Exceeded
Apr 15 16:11:52 localhost magmad[1068362]: ERROR:root:Metrics upload error for service state (chunk 0)! [StatusCode.DEADLINE_EXCEEDED] Deadline Exceeded
Apr 15 16:11:52 localhost magmad[1068362]: ERROR:root:Metrics upload error for service sessiond (chunk 0)! [StatusCode.DEADLINE_EXCEEDED] Deadline Exceeded
Apr 15 16:11:52 localhost magmad[1068362]: INFO:root:Checking for upgrade...
Apr 15 16:11:52 localhost magmad[1068362]: WARNING:root:magmad package_version config missing or set to default 0.0.0-0, skipping upgrade
Apr 15 16:11:53 localhost control_proxy[1068590]: 2022-04-15T16:11:52.581Z [127.0.0.1 -> state-controller.magmasi.wavelabs.in,8443] "POST /magma.orc8r.StateService/ReportStates HTTP/2" 200 5bytes 0.526s
Apr 15 16:11:53 localhost magmad[1068362]: INFO:root:Checkin Successful! Successfully sent states to the cloud!
Apr 15 16:11:53 localhost smsd[1068528]: INFO:root:mme non_eps_service_config is not SMS_ORC8R, sleeping.
Apr 15 16:11:56 localhost control_proxy[1068590]: 2022-04-15T16:11:56.569Z [127.0.0.1 -> streamer-controller.magmasi.wavelabs.in,8443] "POST /magma.orc8r.Streamer/GetUpdates HTTP/2" 200 173bytes 0.288s
Apr 15 16:11:56 localhost policydb[1068506]: INFO:root:Processing 4 policy updates (resync=True)
Apr 15 16:11:57 localhost control_proxy[1068590]: 2022-04-15T16:11:56.569Z [127.0.0.1 -> streamer-controller.magmasi.wavelabs.in,8443] "POST /magma.orc8r.Streamer/GetUpdates HTTP/2" 200 7bytes 0.275s
Apr 15 16:11:57 localhost policydb[1068506]: INFO:root:Processing 0 basename -> policy updates
Apr 15 16:11:57 localhost control_proxy[1068590]: 2022-04-15T16:11:57.138Z [127.0.0.1 -> streamer-controller.magmasi.wavelabs.in,8443] "POST /magma.orc8r.Streamer/GetUpdates HTTP/2" 200 13513bytes 0.311s
Apr 15 16:11:57 localhost policydb[1068506]: INFO:root:Processing 222 SID -> apn -> policy updates
Apr 15 16:11:57 localhost control_proxy[1068590]: 2022-04-15T16:11:57.138Z [127.0.0.1 -> streamer-controller.magmasi.wavelabs.in,8443] "POST /magma.orc8r.Streamer/GetUpdates HTTP/2" 200 7bytes 0.270s
Apr 15 16:11:57 localhost policydb[1068506]: INFO:root:Processing 0 rating group updates
Apr 15 16:11:58 localhost smsd[1068528]: INFO:root:mme non_eps_service_config is not SMS_ORC8R, sleeping.
Apr 15 16:11:59 localhost mobilityd[1068431]: INFO:root:Using GW info: {'default': {2: ('172.16.4.1', 'eth0')}, 2: [('172.16.4.1', 'eth0', True)]}
Apr 15 16:11:59 localhost mobilityd[1068431]: INFO:root:GW-v6 probe: timer started
Apr 15 16:11:59 localhost dhclient[601]: DHCPREQUEST for 172.16.5.121 on eth1 to 172.16.5.2 port 67 (xid=0x1858e024)
Apr 15 16:12:03 localhost smsd[1068528]: INFO:root:mme non_eps_service_config is not SMS_ORC8R, sleeping.
Apr 15 16:12:08 localhost smsd[1068528]: INFO:root:mme non_eps_service_config is not SMS_ORC8R, sleeping.
Apr 15 16:12:08 localhost sctpd[1068704]: I0415 16:12:08.394279 1069220 sctp_connection.cpp:195] Unhandled notification type 32776
Apr 15 16:12:09 localhost sctpd[1068704]: I0415 16:12:09.454138 1069220 sctp_connection.cpp:195] Unhandled notification type 32777
Apr 15 16:12:09 localhost sctpd[1068704]: I0415 16:12:09.674890 1069220 sctp_connection.cpp:195] Unhandled notification type 32777
Apr 15 16:12:09 localhost sctpd[1068704]: I0415 16:12:09.791927 1069220 sctp_connection.cpp:195] Unhandled notification type 32777
Apr 15 16:12:09 localhost mme[1069107]: [DEBUG] Sending S6A-UPDATE_LOCATION_REQUEST with IMSI: 222700000000001
Apr 15 16:12:09 localhost mme[1069107]: [INFO] Received S6A-LOCATION-UPDATE_ANSWER for IMSI: 222700000000001; Status: ; StatusCode: 2001
Apr 15 16:12:09 localhost mme[1069107]: [INFO] sent itti S6A-LOCATION-UPDATE_ANSWER for IMSI: 222700000000001
Apr 15 16:12:09 localhost sctpd[1068704]: I0415 16:12:09.904721 1069220 sctp_connection.cpp:195] Unhandled notification type 32777
Apr 15 16:12:13 localhost smsd[1068528]: INFO:root:mme non_eps_service_config is not SMS_ORC8R, sleeping.
Apr 15 16:12:15 localhost mme[1069107]: [DEBUG] Sending S6A-UPDATE_LOCATION_REQUEST with IMSI: 222700000000001
Apr 15 16:12:15 localhost mme[1069107]: [INFO] Received S6A-LOCATION-UPDATE_ANSWER for IMSI: 222700000000001; Status: ; StatusCode: 2001
Apr 15 16:12:15 localhost mme[1069107]: [INFO] sent itti S6A-LOCATION-UPDATE_ANSWER for IMSI: 222700000000001
Apr 15 16:12:16 localhost sctpd[1068704]: I0415 16:12:16.009598 1069220 sctp_connection.cpp:195] Unhandled notification type 32777
Apr 15 16:12:17 localhost dhclient[601]: DHCPREQUEST for 172.16.5.121 on eth1 to 172.16.5.2 port 67 (xid=0x1858e024)
Apr 15 16:12:18 localhost smsd[1068528]: INFO:root:mme non_eps_service_config is not SMS_ORC8R, sleeping.
Apr 15 16:12:19 localhost mobilityd[1068431]: INFO:root:Using GW info: {'default': {2: ('172.16.4.1', 'eth0')}, 2: [('172.16.4.1', 'eth0', True)]}
Apr 15 16:12:19 localhost mobilityd[1068431]: INFO:root:GW-v6 probe: timer started
Apr 15 16:12:21 localhost mme[1069107]: [DEBUG] Sending S6A-UPDATE_LOCATION_REQUEST with IMSI: 222700000000001
Apr 15 16:12:21 localhost mme[1069107]: [INFO] Received S6A-LOCATION-UPDATE_ANSWER for IMSI: 222700000000001; Status: ; StatusCode: 2001
Apr 15 16:12:21 localhost mme[1069107]: [INFO] sent itti S6A-LOCATION-UPDATE_ANSWER for IMSI: 222700000000001
Apr 15 16:12:22 localhost sctpd[1068704]: I0415 16:12:22.017424 1069220 sctp_connection.cpp:195] Unhandled notification type 32777
Apr 15 16:12:23 localhost smsd[1068528]: INFO:root:mme non_eps_service_config is not SMS_ORC8R, sleeping.
Apr 15 16:12:25 localhost dhclient[601]: DHCPREQUEST for 172.16.5.121 on eth1 to 172.16.5.2 port 67 (xid=0x1858e024)
Apr 15 16:12:27 localhost mme[1069107]: [DEBUG] Sending S6A-UPDATE_LOCATION_REQUEST with IMSI: 222700000000001
Apr 15 16:12:27 localhost mme[1069107]: [INFO] Received S6A-LOCATION-UPDATE_ANSWER for IMSI: 222700000000001; Status: ; StatusCode: 2001
Apr 15 16:12:27 localhost mme[1069107]: [INFO] sent itti S6A-LOCATION-UPDATE_ANSWER for IMSI: 222700000000001
Apr 15 16:12:28 localhost smsd[1068528]: INFO:root:mme non_eps_service_config is not SMS_ORC8R, sleeping.
Apr 15 16:12:33 localhost smsd[1068528]: INFO:root:mme non_eps_service_config is not SMS_ORC8R, sleeping.
Apr 15 16:12:33 localhost mme[1069107]: [DEBUG] Sending S6A-UPDATE_LOCATION_REQUEST with IMSI: 222700000000001
Apr 15 16:12:33 localhost mme[1069107]: [INFO] Received S6A-LOCATION-UPDATE_ANSWER for IMSI: 222700000000001; Status: ; StatusCode: 2001
Apr 15 16:12:33 localhost mme[1069107]: [INFO] sent itti S6A-LOCATION-UPDATE_ANSWER for IMSI: 222700000000001
Apr 15 16:12:37 localhost sctpd[1068704]: I0415 16:12:37.336979 1069220 sctp_connection.cpp:195] Unhandled notification type 32776
Apr 15 16:12:37 localhost dhclient[601]: DHCPREQUEST for 172.16.5.121 on eth1 to 172.16.5.2 port 67 (xid=0x1858e024)
Apr 15 16:12:38 localhost sctpd[1068704]: I0415 16:12:38.398953 1069220 sctp_connection.cpp:195] Unhandled notification type 32777
Apr 15 16:12:38 localhost smsd[1068528]: INFO:root:mme non_eps_service_config is not SMS_ORC8R, sleeping.
Apr 15 16:12:39 localhost mobilityd[1068431]: INFO:root:Using GW info: {'default': {2: ('172.16.4.1', 'eth0')}, 2: [('172.16.4.1', 'eth0', True)]}
Apr 15 16:12:39 localhost mobilityd[1068431]: INFO:root:GW-v6 probe: timer started
Apr 15 16:12:39 localhost magmad[1068362]: INFO:root:[SyncRPC] Got heartBeat from cloud
Apr 15 16:12:43 localhost magmad[1068362]: ERROR:root:Metrics upload error for service subscriberdb (chunk 0)! [StatusCode.DEADLINE_EXCEEDED] Deadline Exceeded
Apr 15 16:12:43 localhost magmad[1068362]: ERROR:root:Metrics upload error for service mobilityd (chunk 0)! [StatusCode.DEADLINE_EXCEEDED] Deadline Exceeded
Apr 15 16:12:43 localhost magmad[1068362]: ERROR:root:Metrics upload error for service mme (chunk 0)! [StatusCode.DEADLINE_EXCEEDED] Deadline Exceeded
Apr 15 16:12:43 localhost magmad[1068362]: ERROR:root:Metrics upload error for service magmad (chunk 0)! [StatusCode.DEADLINE_EXCEEDED] Deadline Exceeded
Apr 15 16:12:43 localhost magmad[1068362]: ERROR:root:Metrics upload error for service enodebd (chunk 0)! [StatusCode.DEADLINE_EXCEEDED] Deadline Exceeded
Apr 15 16:12:43 localhost magmad[1068362]: ERROR:root:Metrics upload error for service pipelined (chunk 0)! [StatusCode.DEADLINE_EXCEEDED] Deadline Exceeded
Apr 15 16:12:43 localhost magmad[1068362]: ERROR:root:Metrics upload error for service state (chunk 0)! [StatusCode.DEADLINE_EXCEEDED] Deadline Exceeded
Apr 15 16:12:43 localhost magmad[1068362]: ERROR:root:Metrics upload error for service sessiond (chunk 0)! [StatusCode.DEADLINE_EXCEEDED] Deadline Exceeded
Apr 15 16:12:43 localhost smsd[1068528]: INFO:root:mme non_eps_service_config is not SMS_ORC8R, sleeping.
Apr 15 16:12:47 localhost dhclient[601]: DHCPREQUEST for 172.16.5.121 on eth1 to 172.16.5.2 port 67 (xid=0x1858e024)
Apr 15 16:12:48 localhost smsd[1068528]: INFO:root:mme non_eps_service_config is not SMS_ORC8R, sleeping.
Apr 15 16:12:53 localhost smsd[1068528]: INFO:root:mme non_eps_service_config is not SMS_ORC8R, sleeping.
Apr 15 16:12:53 localhost magmad[1068362]: INFO:root:Setting logging level to INFO
Apr 15 16:12:55 localhost sctpd[1068704]: I0415 16:12:55.214958 1069220 sctp_connection.cpp:195] Unhandled notification type 32776
Apr 15 16:12:56 localhost sctpd[1068704]: I0415 16:12:56.275305 1069220 sctp_connection.cpp:195] Unhandled notification type 32777
Apr 15 16:12:56 localhost sctpd[1068704]: I0415 16:12:56.502907 1069220 sctp_connection.cpp:195] Unhandled notification type 32777
Apr 15 16:12:56 localhost sctpd[1068704]: I0415 16:12:56.614794 1069220 sctp_connection.cpp:195] Unhandled notification type 32777
Apr 15 16:12:56 localhost mme[1069107]: [DEBUG] Sending S6A-UPDATE_LOCATION_REQUEST with IMSI: 222700000000001
Apr 15 16:12:56 localhost mme[1069107]: [INFO] Received S6A-LOCATION-UPDATE_ANSWER for IMSI: 222700000000001; Status: ; StatusCode: 2001
Apr 15 16:12:56 localhost mme[1069107]: [INFO] sent itti S6A-LOCATION-UPDATE_ANSWER for IMSI: 222700000000001
Apr 15 16:12:56 localhost sctpd[1068704]: I0415 16:12:56.734632 1069220 sctp_connection.cpp:195] Unhandled notification type 32777
Apr 15 16:12:58 localhost control_proxy[1068590]: 2022-04-15T16:12:57.787Z [127.0.0.1 -> streamer-controller.magmasi.wavelabs.in,8443] "POST /magma.orc8r.Streamer/GetUpdates HTTP/2" 200 173bytes 0.557s
Apr 15 16:12:58 localhost policydb[1068506]: INFO:root:Processing 4 policy updates (resync=True)
Apr 15 16:12:58 localhost smsd[1068528]: INFO:root:mme non_eps_service_config is not SMS_ORC8R, sleeping.
Apr 15 16:12:58 localhost control_proxy[1068590]: 2022-04-15T16:12:58.348Z [127.0.0.1 -> streamer-controller.magmasi.wavelabs.in,8443] "POST /magma.orc8r.Streamer/GetUpdates HTTP/2" 200 7bytes 0.327s
Apr 15 16:12:58 localhost policydb[1068506]: INFO:root:Processing 0 basename -> policy updates
Apr 15 16:12:59 localhost control_proxy[1068590]: 2022-04-15T16:12:58.348Z [127.0.0.1 -> streamer-controller.magmasi.wavelabs.in,8443] "POST /magma.orc8r.Streamer/GetUpdates HTTP/2" 200 13513bytes 0.345s
Apr 15 16:12:59 localhost policydb[1068506]: INFO:root:Processing 222 SID -> apn -> policy updates
Apr 15 16:12:59 localhost sctpd[1068704]: I0415 16:12:59.133291 1069220 sctp_connection.cpp:195] Unhandled notification type 32777
Apr 15 16:12:59 localhost mobilityd[1068431]: INFO:root:Using GW info: {'default': {2: ('172.16.4.1', 'eth0')}, 2: [('172.16.4.1', 'eth0', True)]}
Apr 15 16:12:59 localhost mobilityd[1068431]: INFO:root:GW-v6 probe: timer started
Apr 15 16:12:59 localhost control_proxy[1068590]: 2022-04-15T16:12:59.032Z [127.0.0.1 -> streamer-controller.magmasi.wavelabs.in,8443] "POST /magma.orc8r.Streamer/GetUpdates HTTP/2" 200 7bytes 0.275s
Apr 15 16:12:59 localhost policydb[1068506]: INFO:root:Processing 0 rating group updates
Apr 15 16:13:01 localhost sctpd[1068704]: I0415 16:13:01.370978 1069220 sctp_connection.cpp:195] Unhandled notification type 32777
Apr 15 16:13:01 localhost sctpd[1068704]: I0415 16:13:01.491820 1069220 sctp_connection.cpp:195] Unhandled notification type 32777
Apr 15 16:13:01 localhost sctpd[1068704]: I0415 16:13:01.602108 1069220 sctp_connection.cpp:195] Unhandled notification type 32777
Apr 15 16:13:01 localhost mme[1069107]: [DEBUG] Sending S6A-UPDATE_LOCATION_REQUEST with IMSI: 222700000000001
Apr 15 16:13:01 localhost mme[1069107]: [INFO] Received S6A-LOCATION-UPDATE_ANSWER for IMSI: 222700000000001; Status: ; StatusCode: 2001
Apr 15 16:13:01 localhost mme[1069107]: [INFO] sent itti S6A-LOCATION-UPDATE_ANSWER for IMSI: 222700000000001
Apr 15 16:13:01 localhost sctpd[1068704]: I0415 16:13:01.718201 1069220 sctp_connection.cpp:195] Unhandled notification type 32777
Apr 15 16:13:02 localhost dhclient[601]: DHCPREQUEST for 172.16.5.121 on eth1 to 172.16.5.2 port 67 (xid=0x1858e024)
Apr 15 16:13:03 localhost smsd[1068528]: INFO:root:mme non_eps_service_config is not SMS_ORC8R, sleeping.
Apr 15 16:13:03 localhost mobilityd[1068431]: INFO:root:Allocated IP 192.168.128.144 for sid IMSI222700000000001 for apn default
Apr 15 16:13:03 localhost policydb[1068506]: INFO:root:Creating a session for subscriber ID: IMSI222700000000001
Apr 15 16:13:03 localhost sessiond[1068440]: I0415 16:13:03.936136 1068440 SetMessageManagerHandler.cpp:342] Processing a CreateSessionResponse for IMSI222700000000001-627576
Apr 15 16:13:03 localhost sessiond[1068440]: I0415 16:13:03.936344 1068440 SessionState.cpp:2774] RuleID allowlist_sid-IMSI222700000000001-default doesn't have a version registered for IMSI222700000000001-627576, this is unexpected
Apr 15 16:13:03 localhost mme[1069107]: PDUSessionResourceSetupRequestTransfer ::= {
Apr 15 16:13:03 localhost mme[1069107]:     protocolIEs: ProtocolIE-Container ::= {
Apr 15 16:13:03 localhost mme[1069107]:         PDUSessionResourceSetupRequestTransferIEs ::= {
Apr 15 16:13:03 localhost mme[1069107]:             id: 130
Apr 15 16:13:03 localhost mme[1069107]:             criticality: 0 (reject)
Apr 15 16:13:03 localhost mme[1069107]:             value: PDUSessionAggregateMaximumBitRate ::= {
Apr 15 16:13:03 localhost mme[1069107]:                 pDUSessionAggregateMaximumBitRateDL: 100000000
Apr 15 16:13:03 localhost mme[1069107]:                 pDUSessionAggregateMaximumBitRateUL: 100000000
Apr 15 16:13:03 localhost mme[1069107]:             }
Apr 15 16:13:03 localhost mme[1069107]:         }
Apr 15 16:13:03 localhost mme[1069107]:         PDUSessionResourceSetupRequestTransferIEs ::= {
Apr 15 16:13:03 localhost mme[1069107]:             id: 139
Apr 15 16:13:03 localhost mme[1069107]:             criticality: 0 (reject)
Apr 15 16:13:03 localhost mme[1069107]:             value: GTPTunnel ::= {
Apr 15 16:13:03 localhost mme[1069107]:                 transportLayerAddress: AC 10 05 79
Apr 15 16:13:03 localhost mme[1069107]:                 gTP-TEID: 80 00 00 01
Apr 15 16:13:03 localhost mme[1069107]:             }
Apr 15 16:13:03 localhost mme[1069107]:         }
Apr 15 16:13:03 localhost mme[1069107]:         PDUSessionResourceSetupRequestTransferIEs ::= {
Apr 15 16:13:03 localhost mme[1069107]:             id: 134
Apr 15 16:13:03 localhost mme[1069107]:             criticality: 0 (reject)
Apr 15 16:13:03 localhost mme[1069107]:             value: 0 (ipv4)
Apr 15 16:13:03 localhost mme[1069107]:         }
Apr 15 16:13:03 localhost mme[1069107]:         PDUSessionResourceSetupRequestTransferIEs ::= {
Apr 15 16:13:03 localhost mme[1069107]:             id: 136
Apr 15 16:13:03 localhost mme[1069107]:             criticality: 0 (reject)
Apr 15 16:13:03 localhost mme[1069107]:             value: QosFlowSetupRequestList ::= {
Apr 15 16:13:03 localhost mme[1069107]:                 QosFlowSetupRequestItem ::= {
Apr 15 16:13:03 localhost mme[1069107]:                     qosFlowIdentifier: 9
Apr 15 16:13:03 localhost mme[1069107]:                     qosFlowLevelQosParameters: QosFlowLevelQosParameters ::= {
Apr 15 16:13:03 localhost mme[1069107]:                         qosCharacteristics: NonDynamic5QIDescriptor ::= {
Apr 15 16:13:03 localhost mme[1069107]:                             fiveQI: 9
Apr 15 16:13:03 localhost mme[1069107]:                         }
Apr 15 16:13:03 localhost mme[1069107]:                         allocationAndRetentionPriority: AllocationAndRetentionPriority ::= {
Apr 15 16:13:03 localhost mme[1069107]:                             priorityLevelARP: 15
Apr 15 16:13:03 localhost mme[1069107]:                             pre-emptionCapability: 0 (shall-not-trigger-pre-emption)
Apr 15 16:13:03 localhost mme[1069107]:                             pre-emptionVulnerability: 0 (not-pre-emptable)
Apr 15 16:13:03 localhost mme[1069107]:                         }
Apr 15 16:13:03 localhost mme[1069107]:                     }
Apr 15 16:13:03 localhost mme[1069107]:                 }
Apr 15 16:13:03 localhost mme[1069107]:             }
Apr 15 16:13:03 localhost mme[1069107]:         }
Apr 15 16:13:03 localhost mme[1069107]:     }
Apr 15 16:13:03 localhost mme[1069107]: }
Apr 15 16:13:04 localhost sctpd[1068704]: I0415 16:13:04.014829 1069220 sctp_connection.cpp:195] Unhandled notification type 32777
Apr 15 16:13:04 localhost sessiond[1068440]: I0415 16:13:04.017798 1068440 SessionStateEnforcer.cpp:869]  AMF teid: 40000000 ip address 10.10.10.11 of imsi: IMSI222700000000001 fteid: 2147483649 pdu id: 1 UE ip address 192.168.128.144
Apr 15 16:13:04 localhost eventd[1068520]: DEBUG:root:Logging event: stream_name: "sessiond"
Apr 15 16:13:04 localhost eventd[1068520]: event_type: "session_created"
Apr 15 16:13:04 localhost eventd[1068520]: tag: "IMSI222700000000001"
Apr 15 16:13:04 localhost eventd[1068520]: value: "{\"mac_addr\":\"\",\"user_location\":\"\",\"spgw_ip\":\"\",\"imei\":\"\",\"pdp_start_time\":94222059512672,\"session_id\":\"IMSI222700000000001-627576\",\"apn\":\"default\",\"msisdn\":\"\",\"charging_characteristics\":\"\",\"ipv6_addr\":\"\",\"ip_addr\":\"192.168.128.144\",\"imsi\":\"IMSI222700000000001\"}"
Apr 15 16:13:04 localhost eventd[1068520]: ERROR:root:Connection to FluentBit failed: [Errno 111] Connection refused
Apr 15 16:13:04 localhost eventd[1068520]: INFO:root:FluentBit (td-agent-bit) may not be enabled or configured correctly
Apr 15 16:13:04 localhost sessiond[1068440]: I0415 16:13:04.028470 1068450 SessionEvents.cpp:131] Could not log session_created event {"mac_addr":"","user_location":"","spgw_ip":"","imei":"","pdp_start_time":94222059512672,"session_id":"IMSI222700000000001-627576","apn":"default","msisdn":"","charging_characteristics":"","ipv6_addr":"","ip_addr":"192.168.128.144","imsi":"IMSI222700000000001"}, Error Message: Could not connect to FluentBit locally, Details: [Errno 111] Connection refused
Apr 15 16:13:04 localhost sessiond[1068440]: I0415 16:13:04.225747 1068440 SetMessageManagerHandler.cpp:142] Release request for session from IMSI: IMSI222700000000001 pdu_id 1
Apr 15 16:13:04 localhost mobilityd[1068431]: INFO:root:Released IP 192.168.128.144 for sid IMSI222700000000001
Apr 15 16:13:04 localhost policydb[1068506]: INFO:root:Terminating session: IMSI222700000000001-627576
Apr 15 16:13:04 localhost eventd[1068520]: DEBUG:root:Logging event: stream_name: "sessiond"
Apr 15 16:13:04 localhost eventd[1068520]: event_type: "session_terminated"
Apr 15 16:13:04 localhost eventd[1068520]: tag: "IMSI222700000000001"
Apr 15 16:13:04 localhost eventd[1068520]: value: "{\"mac_addr\":\"\",\"user_location\":\"\",\"spgw_ip\":\"\",\"imei\":\"\",\"record_sequence_number\":1,\"pdp_end_time\":19,\"charging_rx\":0,\"duration\":-94222059512653,\"ip_addr\":\"192.168.128.144\",\"monitoring_tx\":0,\"ipv6_addr\":\"\",\"msisdn\":\"\",\"apn\":\"default\",\"session_id\":\"IMSI222700000000001-627576\",\"list_of_service_data\":[],\"charging_characteristics\":\"\",\"total_tx\":0,\"cause_for_rec_closing\":0,\"imsi\":\"IMSI222700000000001\",\"total_rx\":0,\"monitoring_rx\":0,\"charging_tx\":0,\"pdp_start_time\":94222059512672}"
Apr 15 16:13:04 localhost eventd[1068520]: ERROR:root:Connection to FluentBit failed: [Errno 111] Connection refused
Apr 15 16:13:04 localhost eventd[1068520]: INFO:root:FluentBit (td-agent-bit) may not be enabled or configured correctly
Apr 15 16:13:04 localhost sessiond[1068440]: I0415 16:13:04.255957 1068450 SessionEvents.cpp:291] Could not log session_terminated event {"mac_addr":"","user_location":"","spgw_ip":"","imei":"","record_sequence_number":1,"pdp_end_time":19,"charging_rx":0,"duration":-94222059512653,"ip_addr":"192.168.128.144","monitoring_tx":0,"ipv6_addr":"","msisdn":"","apn":"default","session_id":"IMSI222700000000001-627576","list_of_service_data":[],"charging_characteristics":"","total_tx":0,"cause_for_rec_closing":0,"imsi":"IMSI222700000000001","total_rx":0,"monitoring_rx":0,"charging_tx":0,"pdp_start_time":94222059512672}, Error Message: Could not connect to FluentBit locally, Details: [Errno 111] Connection refused
Apr 15 16:13:04 localhost sctpd[1068704]: I0415 16:13:04.382328 1069220 sctp_connection.cpp:195] Unhandled notification type 32777
Apr 15 16:13:08 localhost smsd[1068528]: INFO:root:mme non_eps_service_config is not SMS_ORC8R, sleeping.
Apr 15 16:13:09 localhost sessiond[1068440]: I0415 16:13:09.226418 1068440 SessionStateEnforcer.cpp:377] Nothing to remove as no respective entry found for session id IMSI222700000000001-627576 of IMSI IMSI222700000000001
Apr 15 16:13:12 localhost control_proxy[1068590]: 2022-04-15T16:13:12.203Z [127.0.0.1 -> state-controller.magmasi.wavelabs.in,8443] "POST /magma.orc8r.StateService/ReportStates HTTP/2" 200 5bytes 0.265s
Apr 15 16:13:12 localhost magmad[1068362]: INFO:root:Checkin Successful! Successfully sent states to the cloud!
Apr 15 16:13:13 localhost smsd[1068528]: INFO:root:mme non_eps_service_config is not SMS_ORC8R, sleeping.
Apr 15 16:13:18 localhost smsd[1068528]: INFO:root:mme non_eps_service_config is not SMS_ORC8R, sleeping.
Apr 15 16:13:18 localhost dhclient[601]: DHCPREQUEST for 172.16.5.121 on eth1 to 172.16.5.2 port 67 (xid=0x1858e024)
Apr 15 16:13:19 localhost mobilityd[1068431]: INFO:root:Using GW info: {'default': {2: ('172.16.4.1', 'eth0')}, 2: [('172.16.4.1', 'eth0', True)]}
Apr 15 16:13:19 localhost mobilityd[1068431]: INFO:root:GW-v6 probe: timer started
Apr 15 16:13:23 localhost sctpd[1068704]: I0415 16:13:23.133373 1069220 sctp_connection.cpp:195] Unhandled notification type 32776
Apr 15 16:13:23 localhost smsd[1068528]: INFO:root:mme non_eps_service_config is not SMS_ORC8R, sleeping.
Apr 15 16:13:24 localhost sctpd[1068704]: I0415 16:13:24.194630 1069220 sctp_connection.cpp:195] Unhandled notification type 32777
Apr 15 16:13:24 localhost sctpd[1068704]: I0415 16:13:24.413462 1069220 sctp_connection.cpp:195] Unhandled notification type 32777
Apr 15 16:13:28 localhost smsd[1068528]: INFO:root:mme non_eps_service_config is not SMS_ORC8R, sleeping.
Apr 15 16:13:33 localhost smsd[1068528]: INFO:root:mme non_eps_service_config is not SMS_ORC8R, sleeping.
Apr 15 16:13:34 localhost dhclient[601]: DHCPREQUEST for 172.16.5.121 on eth1 to 172.16.5.2 port 67 (xid=0x1858e024)
Apr 15 16:13:38 localhost smsd[1068528]: INFO:root:mme non_eps_service_config is not SMS_ORC8R, sleeping.
Apr 15 16:13:39 localhost control_proxy[1068590]: 2022-04-15T16:12:38.636Z [127.0.0.1 -> streamer-controller.magmasi.wavelabs.in,8443] "POST /magma.orc8r.Streamer/GetUpdates HTTP/2" 200 0bytes 60.512s
Apr 15 16:13:39 localhost magmad[1068362]: ERROR:root:Error! Streaming from the cloud failed! [StatusCode.ABORTED] error while streaming updates: rpc error: code = DeadlineExceeded desc = context deadline exceeded
Apr 15 16:13:39 localhost mobilityd[1068431]: INFO:root:Using GW info: {'default': {2: ('172.16.4.1', 'eth0')}, 2: [('172.16.4.1', 'eth0', True)]}
Apr 15 16:13:39 localhost mobilityd[1068431]: INFO:root:GW-v6 probe: timer started
Apr 15 16:13:39 localhost magmad[1068362]: INFO:root:[SyncRPC] Got heartBeat from cloud
Apr 15 16:13:43 localhost magmad[1068362]: ERROR:root:Metrics upload error for service subscriberdb (chunk 0)! [StatusCode.DEADLINE_EXCEEDED] Deadline Exceeded
Apr 15 16:13:43 localhost magmad[1068362]: ERROR:root:Metrics upload error for service mobilityd (chunk 0)! [StatusCode.DEADLINE_EXCEEDED] Deadline Exceeded
Apr 15 16:13:43 localhost magmad[1068362]: ERROR:root:Metrics upload error for service mme (chunk 0)! [StatusCode.DEADLINE_EXCEEDED] Deadline Exceeded
Apr 15 16:13:43 localhost magmad[1068362]: ERROR:root:Metrics upload error for service magmad (chunk 0)! [StatusCode.DEADLINE_EXCEEDED] Deadline Exceeded
Apr 15 16:13:43 localhost magmad[1068362]: ERROR:root:Metrics upload error for service enodebd (chunk 0)! [StatusCode.DEADLINE_EXCEEDED] Deadline Exceeded
Apr 15 16:13:43 localhost magmad[1068362]: ERROR:root:Metrics upload error for service pipelined (chunk 0)! [StatusCode.DEADLINE_EXCEEDED] Deadline Exceeded
Apr 15 16:13:43 localhost magmad[1068362]: ERROR:root:Metrics upload error for service state (chunk 0)! [StatusCode.DEADLINE_EXCEEDED] Deadline Exceeded
Apr 15 16:13:43 localhost magmad[1068362]: ERROR:root:Metrics upload error for service sessiond (chunk 0)! [StatusCode.DEADLINE_EXCEEDED] Deadline Exceeded
Apr 15 16:13:43 localhost smsd[1068528]: INFO:root:mme non_eps_service_config is not SMS_ORC8R, sleeping.
Apr 15 16:13:46 localhost sctpd[1068704]: I0415 16:13:46.052150 1069220 sctp_connection.cpp:195] Unhandled notification type 32776
Apr 15 16:13:47 localhost sctpd[1068704]: I0415 16:13:47.118731 1069220 sctp_connection.cpp:195] Unhandled notification type 32777
Apr 15 16:13:47 localhost sctpd[1068704]: I0415 16:13:47.360597 1069220 sctp_connection.cpp:195] Unhandled notification type 32777
Apr 15 16:13:47 localhost sctpd[1068704]: I0415 16:13:47.483661 1069220 sctp_connection.cpp:195] Unhandled notification type 32777
Apr 15 16:13:47 localhost sctpd[1068704]: I0415 16:13:47.601691 1069220 sctp_connection.cpp:195] Unhandled notification type 32777
Apr 15 16:13:47 localhost mme[1069107]: [DEBUG] Sending S6A-UPDATE_LOCATION_REQUEST with IMSI: 222700000000001
Apr 15 16:13:47 localhost mme[1069107]: [INFO] Received S6A-LOCATION-UPDATE_ANSWER for IMSI: 222700000000001; Status: ; StatusCode: 2001
Apr 15 16:13:47 localhost mme[1069107]: [INFO] sent itti S6A-LOCATION-UPDATE_ANSWER for IMSI: 222700000000001
Apr 15 16:13:47 localhost sctpd[1068704]: I0415 16:13:47.721963 1069220 sctp_connection.cpp:195] Unhandled notification type 32777
Apr 15 16:13:47 localhost mobilityd[1068431]: INFO:root:Allocated IP 192.168.128.145 for sid IMSI222700000000001 for apn default
Apr 15 16:13:47 localhost policydb[1068506]: INFO:root:Creating a session for subscriber ID: IMSI222700000000001
Apr 15 16:13:47 localhost sessiond[1068440]: I0415 16:13:47.956130 1068440 SetMessageManagerHandler.cpp:342] Processing a CreateSessionResponse for IMSI222700000000001-423937
Apr 15 16:13:47 localhost sessiond[1068440]: I0415 16:13:47.956312 1068440 SessionState.cpp:2774] RuleID allowlist_sid-IMSI222700000000001-default doesn't have a version registered for IMSI222700000000001-423937, this is unexpected
Apr 15 16:13:47 localhost mme[1069107]: PDUSessionResourceSetupRequestTransfer ::= {
Apr 15 16:13:47 localhost mme[1069107]:     protocolIEs: ProtocolIE-Container ::= {
Apr 15 16:13:47 localhost mme[1069107]:         PDUSessionResourceSetupRequestTransferIEs ::= {
Apr 15 16:13:47 localhost mme[1069107]:             id: 130
Apr 15 16:13:47 localhost mme[1069107]:             criticality: 0 (reject)
Apr 15 16:13:47 localhost mme[1069107]:             value: PDUSessionAggregateMaximumBitRate ::= {
Apr 15 16:13:47 localhost mme[1069107]:                 pDUSessionAggregateMaximumBitRateDL: 100000000
Apr 15 16:13:47 localhost mme[1069107]:                 pDUSessionAggregateMaximumBitRateUL: 100000000
Apr 15 16:13:47 localhost mme[1069107]:             }
Apr 15 16:13:47 localhost mme[1069107]:         }
Apr 15 16:13:47 localhost mme[1069107]:         PDUSessionResourceSetupRequestTransferIEs ::= {
Apr 15 16:13:47 localhost mme[1069107]:             id: 139
Apr 15 16:13:47 localhost mme[1069107]:             criticality: 0 (reject)
Apr 15 16:13:47 localhost mme[1069107]:             value: GTPTunnel ::= {
Apr 15 16:13:47 localhost mme[1069107]:                 transportLayerAddress: AC 10 05 79
Apr 15 16:13:47 localhost mme[1069107]:                 gTP-TEID: 80 00 00 02
Apr 15 16:13:47 localhost mme[1069107]:             }
Apr 15 16:13:47 localhost mme[1069107]:         }
Apr 15 16:13:47 localhost mme[1069107]:         PDUSessionResourceSetupRequestTransferIEs ::= {
Apr 15 16:13:47 localhost mme[1069107]:             id: 134
Apr 15 16:13:47 localhost mme[1069107]:             criticality: 0 (reject)
Apr 15 16:13:47 localhost mme[1069107]:             value: 0 (ipv4)
Apr 15 16:13:47 localhost mme[1069107]:         }
Apr 15 16:13:47 localhost mme[1069107]:         PDUSessionResourceSetupRequestTransferIEs ::= {
Apr 15 16:13:47 localhost mme[1069107]:             id: 136
Apr 15 16:13:47 localhost mme[1069107]:             criticality: 0 (reject)
Apr 15 16:13:47 localhost mme[1069107]:             value: QosFlowSetupRequestList ::= {
Apr 15 16:13:47 localhost mme[1069107]:                 QosFlowSetupRequestItem ::= {
Apr 15 16:13:47 localhost mme[1069107]:                     qosFlowIdentifier: 9
Apr 15 16:13:47 localhost mme[1069107]:                     qosFlowLevelQosParameters: QosFlowLevelQosParameters ::= {
Apr 15 16:13:47 localhost mme[1069107]:                         qosCharacteristics: NonDynamic5QIDescriptor ::= {
Apr 15 16:13:47 localhost mme[1069107]:                             fiveQI: 9
Apr 15 16:13:47 localhost mme[1069107]:                         }
Apr 15 16:13:47 localhost mme[1069107]:                         allocationAndRetentionPriority: AllocationAndRetentionPriority ::= {
Apr 15 16:13:47 localhost mme[1069107]:                             priorityLevelARP: 15
Apr 15 16:13:47 localhost mme[1069107]:                             pre-emptionCapability: 0 (shall-not-trigger-pre-emption)
Apr 15 16:13:47 localhost mme[1069107]:                             pre-emptionVulnerability: 0 (not-pre-emptable)
Apr 15 16:13:47 localhost mme[1069107]:                         }
Apr 15 16:13:47 localhost mme[1069107]:                     }
Apr 15 16:13:47 localhost mme[1069107]:                 }
Apr 15 16:13:47 localhost mme[1069107]:             }
Apr 15 16:13:47 localhost mme[1069107]:         }
Apr 15 16:13:47 localhost mme[1069107]:     }
