Apr 27 00:42:37 localhost mobilityd[3500058]: INFO:root:Using GW info: {'default': {2: ('172.16.4.1', 'eth0')}, 2: [('172.16.4.1', 'eth0', True)]}
Apr 27 00:42:37 localhost mobilityd[3500058]: INFO:root:GW-v6 probe: timer started
Apr 27 00:42:37 localhost sctpd[3500334]: I0427 00:42:37.489145 3500778 sctp_connection.cpp:195] Unhandled notification type 32777
Apr 27 00:42:37 localhost sctpd[3500334]: I0427 00:42:37.606520 3500778 sctp_connection.cpp:195] Unhandled notification type 32777
Apr 27 00:42:37 localhost mme[3500735]: [DEBUG] Sending S6A-UPDATE_LOCATION_REQUEST with IMSI: 222700000000001
Apr 27 00:42:37 localhost mme[3500735]: [INFO] Received S6A-LOCATION-UPDATE_ANSWER for IMSI: 222700000000001; Status: ; StatusCode: 2001
Apr 27 00:42:37 localhost mme[3500735]: [INFO] sent itti S6A-LOCATION-UPDATE_ANSWER for IMSI: 222700000000001
Apr 27 00:42:37 localhost smsd[3500148]: INFO:root:mme non_eps_service_config is not SMS_ORC8R, sleeping.
Apr 27 00:42:37 localhost sctpd[3500334]: I0427 00:42:37.724503 3500778 sctp_connection.cpp:195] Unhandled notification type 32777
Apr 27 00:42:39 localhost sctpd[3500334]: I0427 00:42:39.120657 3500778 sctp_connection.cpp:195] Unhandled notification type 32777
Apr 27 00:42:39 localhost dnsmasq-dhcp[3500231]: DHCPDISCOVER(eth1) 172.16.5.21 fa:16:3e:c6:08:54 
Apr 27 00:42:39 localhost dnsmasq-dhcp[3500231]: DHCPOFFER(eth1) 172.16.7.243 fa:16:3e:c6:08:54 
Apr 27 00:42:39 localhost magmad[3499983]: ERROR:root:Metrics upload error for service subscriberdb (chunk 0)! [StatusCode.DEADLINE_EXCEEDED] Deadline Exceeded
Apr 27 00:42:39 localhost magmad[3499983]: ERROR:root:Metrics upload error for service mobilityd (chunk 0)! [StatusCode.DEADLINE_EXCEEDED] Deadline Exceeded
Apr 27 00:42:39 localhost magmad[3499983]: ERROR:root:Metrics upload error for service mme (chunk 0)! [StatusCode.DEADLINE_EXCEEDED] Deadline Exceeded
Apr 27 00:42:39 localhost magmad[3499983]: ERROR:root:Metrics upload error for service magmad (chunk 0)! [StatusCode.DEADLINE_EXCEEDED] Deadline Exceeded
Apr 27 00:42:39 localhost magmad[3499983]: ERROR:root:Metrics upload error for service enodebd (chunk 0)! [StatusCode.DEADLINE_EXCEEDED] Deadline Exceeded
Apr 27 00:42:39 localhost magmad[3499983]: ERROR:root:Metrics upload error for service pipelined (chunk 0)! [StatusCode.DEADLINE_EXCEEDED] Deadline Exceeded
Apr 27 00:42:39 localhost magmad[3499983]: ERROR:root:Metrics upload error for service state (chunk 0)! [StatusCode.DEADLINE_EXCEEDED] Deadline Exceeded
Apr 27 00:42:39 localhost magmad[3499983]: ERROR:root:Metrics upload error for service sessiond (chunk 0)! [StatusCode.DEADLINE_EXCEEDED] Deadline Exceeded
Apr 27 00:42:39 localhost control_proxy[3500225]: 2022-04-27T00:42:39.223Z [127.0.0.1 -> streamer-controller.magmasi.wavelabs.in,8443] "POST /magma.orc8r.Streamer/GetUpdates HTTP/2" 200 173bytes 0.518s
Apr 27 00:42:39 localhost policydb[3500134]: INFO:root:Processing 4 policy updates (resync=True)
Apr 27 00:42:40 localhost control_proxy[3500225]: 2022-04-27T00:42:39.223Z [127.0.0.1 -> streamer-controller.magmasi.wavelabs.in,8443] "POST /magma.orc8r.Streamer/GetUpdates HTTP/2" 200 7bytes 0.262s
Apr 27 00:42:40 localhost policydb[3500134]: INFO:root:Processing 0 basename -> policy updates
Apr 27 00:42:40 localhost control_proxy[3500225]: 2022-04-27T00:42:40.010Z [127.0.0.1 -> streamer-controller.magmasi.wavelabs.in,8443] "POST /magma.orc8r.Streamer/GetUpdates HTTP/2" 200 13536bytes 0.295s
Apr 27 00:42:40 localhost policydb[3500134]: INFO:root:Processing 223 SID -> apn -> policy updates
Apr 27 00:42:40 localhost control_proxy[3500225]: 2022-04-27T00:42:40.010Z [127.0.0.1 -> streamer-controller.magmasi.wavelabs.in,8443] "POST /magma.orc8r.Streamer/GetUpdates HTTP/2" 200 7bytes 0.260s
Apr 27 00:42:40 localhost policydb[3500134]: INFO:root:Processing 0 rating group updates
Apr 27 00:42:41 localhost sctpd[3500334]: I0427 00:42:41.342357 3500778 sctp_connection.cpp:195] Unhandled notification type 32777
Apr 27 00:42:41 localhost sctpd[3500334]: I0427 00:42:41.454731 3500778 sctp_connection.cpp:195] Unhandled notification type 32777
Apr 27 00:42:41 localhost sctpd[3500334]: I0427 00:42:41.571687 3500778 sctp_connection.cpp:195] Unhandled notification type 32777
Apr 27 00:42:41 localhost mme[3500735]: [DEBUG] Sending S6A-UPDATE_LOCATION_REQUEST with IMSI: 222700000000001
Apr 27 00:42:41 localhost mme[3500735]: [INFO] Received S6A-LOCATION-UPDATE_ANSWER for IMSI: 222700000000001; Status: ; StatusCode: 2001
Apr 27 00:42:41 localhost mme[3500735]: [INFO] sent itti S6A-LOCATION-UPDATE_ANSWER for IMSI: 222700000000001
Apr 27 00:42:41 localhost sctpd[3500334]: I0427 00:42:41.684962 3500778 sctp_connection.cpp:195] Unhandled notification type 32777
Apr 27 00:42:41 localhost sctpd[3500334]: I0427 00:42:41.944638 3500778 sctp_connection.cpp:195] Unhandled notification type 32777
Apr 27 00:42:42 localhost smsd[3500148]: INFO:root:mme non_eps_service_config is not SMS_ORC8R, sleeping.
Apr 27 00:42:42 localhost dhclient[601]: DHCPREQUEST for 172.16.5.121 on eth1 to 172.16.5.2 port 67 (xid=0x1ea11b90)
Apr 27 00:42:47 localhost smsd[3500148]: INFO:root:mme non_eps_service_config is not SMS_ORC8R, sleeping.
Apr 27 00:42:52 localhost smsd[3500148]: INFO:root:mme non_eps_service_config is not SMS_ORC8R, sleeping.
Apr 27 00:42:57 localhost mobilityd[3500058]: INFO:root:Using GW info: {'default': {2: ('172.16.4.1', 'eth0')}, 2: [('172.16.4.1', 'eth0', True)]}
Apr 27 00:42:57 localhost mobilityd[3500058]: INFO:root:GW-v6 probe: timer started
Apr 27 00:42:57 localhost smsd[3500148]: INFO:root:mme non_eps_service_config is not SMS_ORC8R, sleeping.
Apr 27 00:43:02 localhost smsd[3500148]: INFO:root:mme non_eps_service_config is not SMS_ORC8R, sleeping.
Apr 27 00:43:03 localhost dhclient[601]: DHCPREQUEST for 172.16.5.121 on eth1 to 172.16.5.2 port 67 (xid=0x1ea11b90)
Apr 27 00:43:04 localhost sctpd[3500334]: I0427 00:43:04.673630 3500778 sctp_connection.cpp:195] Unhandled notification type 32776
Apr 27 00:43:04 localhost sctpd[3500334]: I0427 00:43:04.817562 3500778 sctp_connection.cpp:195] Unhandled notification type 32776
Apr 27 00:43:05 localhost sctpd[3500334]: I0427 00:43:05.872978 3500778 sctp_connection.cpp:195] Unhandled notification type 32777
Apr 27 00:43:05 localhost sctpd[3500334]: I0427 00:43:05.988268 3500778 sctp_connection.cpp:195] Unhandled notification type 32777
Apr 27 00:43:06 localhost sctpd[3500334]: I0427 00:43:06.299588 3500778 sctp_connection.cpp:195] Unhandled notification type 32777
Apr 27 00:43:06 localhost sctpd[3500334]: I0427 00:43:06.318703 3500778 sctp_connection.cpp:195] Unhandled notification type 32777
Apr 27 00:43:06 localhost sctpd[3500334]: I0427 00:43:06.441445 3500778 sctp_connection.cpp:195] Unhandled notification type 32777
Apr 27 00:43:06 localhost sctpd[3500334]: I0427 00:43:06.554108 3500778 sctp_connection.cpp:195] Unhandled notification type 32777
Apr 27 00:43:06 localhost mme[3500735]: [DEBUG] Sending S6A-UPDATE_LOCATION_REQUEST with IMSI: 222700000000001
Apr 27 00:43:06 localhost mme[3500735]: [INFO] Received S6A-LOCATION-UPDATE_ANSWER for IMSI: 222700000000001; Status: ; StatusCode: 2001
Apr 27 00:43:06 localhost mme[3500735]: [INFO] sent itti S6A-LOCATION-UPDATE_ANSWER for IMSI: 222700000000001
Apr 27 00:43:06 localhost sctpd[3500334]: I0427 00:43:06.664022 3500778 sctp_connection.cpp:195] Unhandled notification type 32777
Apr 27 00:43:07 localhost smsd[3500148]: INFO:root:mme non_eps_service_config is not SMS_ORC8R, sleeping.
Apr 27 00:43:08 localhost sctpd[3500334]: I0427 00:43:08.090454 3500778 sctp_connection.cpp:195] Unhandled notification type 32777
Apr 27 00:43:10 localhost sctpd[3500334]: I0427 00:43:10.359820 3500778 sctp_connection.cpp:195] Unhandled notification type 32777
Apr 27 00:43:10 localhost sctpd[3500334]: I0427 00:43:10.466027 3500778 sctp_connection.cpp:195] Unhandled notification type 32777
Apr 27 00:43:10 localhost mme[3500735]: [DEBUG] Sending S6A-UPDATE_LOCATION_REQUEST with IMSI: 222700000000001
Apr 27 00:43:10 localhost mme[3500735]: [INFO] Received S6A-LOCATION-UPDATE_ANSWER for IMSI: 222700000000001; Status: ; StatusCode: 2001
Apr 27 00:43:10 localhost mme[3500735]: [INFO] sent itti S6A-LOCATION-UPDATE_ANSWER for IMSI: 222700000000001
Apr 27 00:43:10 localhost sctpd[3500334]: I0427 00:43:10.565949 3500778 sctp_connection.cpp:195] Unhandled notification type 32777
Apr 27 00:43:12 localhost sctpd[3500334]: I0427 00:43:11.999758 3500778 sctp_connection.cpp:195] Unhandled notification type 32777
Apr 27 00:43:12 localhost smsd[3500148]: INFO:root:mme non_eps_service_config is not SMS_ORC8R, sleeping.
Apr 27 00:43:17 localhost mobilityd[3500058]: INFO:root:Using GW info: {'default': {2: ('172.16.4.1', 'eth0')}, 2: [('172.16.4.1', 'eth0', True)]}
Apr 27 00:43:17 localhost mobilityd[3500058]: INFO:root:GW-v6 probe: timer started
Apr 27 00:43:17 localhost magmad[3499983]: INFO:root:[SyncRPC] Got heartBeat from cloud
Apr 27 00:43:17 localhost smsd[3500148]: INFO:root:mme non_eps_service_config is not SMS_ORC8R, sleeping.
Apr 27 00:43:20 localhost dhclient[601]: DHCPREQUEST for 172.16.5.121 on eth1 to 172.16.5.2 port 67 (xid=0x1ea11b90)
Apr 27 00:43:22 localhost smsd[3500148]: INFO:root:mme non_eps_service_config is not SMS_ORC8R, sleeping.
Apr 27 00:43:27 localhost smsd[3500148]: INFO:root:mme non_eps_service_config is not SMS_ORC8R, sleeping.
Apr 27 00:43:30 localhost magmad[3499983]: INFO:root:Setting logging level to INFO
Apr 27 00:43:32 localhost sctpd[3500334]: I0427 00:43:32.663442 3500778 sctp_connection.cpp:195] Unhandled notification type 32776
Apr 27 00:43:32 localhost smsd[3500148]: INFO:root:mme non_eps_service_config is not SMS_ORC8R, sleeping.
Apr 27 00:43:33 localhost sctpd[3500334]: I0427 00:43:33.724718 3500778 sctp_connection.cpp:195] Unhandled notification type 32777
Apr 27 00:43:33 localhost dhclient[601]: DHCPREQUEST for 172.16.5.121 on eth1 to 172.16.5.2 port 67 (xid=0x1ea11b90)
Apr 27 00:43:37 localhost sctpd[3500334]: I0427 00:43:37.021513 3500778 sctp_connection.cpp:195] Unhandled notification type 32777
Apr 27 00:43:37 localhost sctpd[3500334]: I0427 00:43:37.143822 3500778 sctp_connection.cpp:195] Unhandled notification type 32777
Apr 27 00:43:37 localhost mme[3500735]: [DEBUG] Sending S6A-UPDATE_LOCATION_REQUEST with IMSI: 222700000000001
Apr 27 00:43:37 localhost mme[3500735]: [INFO] Received S6A-LOCATION-UPDATE_ANSWER for IMSI: 222700000000001; Status: ; StatusCode: 2001
Apr 27 00:43:37 localhost mme[3500735]: [INFO] sent itti S6A-LOCATION-UPDATE_ANSWER for IMSI: 222700000000001
Apr 27 00:43:37 localhost sctpd[3500334]: I0427 00:43:37.260047 3500778 sctp_connection.cpp:195] Unhandled notification type 32777
Apr 27 00:43:37 localhost mobilityd[3500058]: INFO:root:Using GW info: {'default': {2: ('172.16.4.1', 'eth0')}, 2: [('172.16.4.1', 'eth0', True)]}
Apr 27 00:43:37 localhost mobilityd[3500058]: INFO:root:GW-v6 probe: timer started
Apr 27 00:43:38 localhost smsd[3500148]: INFO:root:mme non_eps_service_config is not SMS_ORC8R, sleeping.
Apr 27 00:43:38 localhost sctpd[3500334]: I0427 00:43:38.843605 3500778 sctp_connection.cpp:195] Unhandled notification type 32777
Apr 27 00:43:41 localhost control_proxy[3500225]: 2022-04-27T00:43:40.637Z [127.0.0.1 -> streamer-controller.magmasi.wavelabs.in,8443] "POST /magma.orc8r.Streamer/GetUpdates HTTP/2" 200 173bytes 0.520s
Apr 27 00:43:41 localhost policydb[3500134]: INFO:root:Processing 4 policy updates (resync=True)
Apr 27 00:43:41 localhost control_proxy[3500225]: 2022-04-27T00:43:41.161Z [127.0.0.1 -> streamer-controller.magmasi.wavelabs.in,8443] "POST /magma.orc8r.Streamer/GetUpdates HTTP/2" 200 7bytes 0.263s
Apr 27 00:43:41 localhost policydb[3500134]: INFO:root:Processing 0 basename -> policy updates
Apr 27 00:43:41 localhost control_proxy[3500225]: 2022-04-27T00:43:41.161Z [127.0.0.1 -> streamer-controller.magmasi.wavelabs.in,8443] "POST /magma.orc8r.Streamer/GetUpdates HTTP/2" 200 13536bytes 0.301s
Apr 27 00:43:41 localhost policydb[3500134]: INFO:root:Processing 223 SID -> apn -> policy updates
Apr 27 00:43:41 localhost control_proxy[3500225]: 2022-04-27T00:43:41.161Z [127.0.0.1 -> streamer-controller.magmasi.wavelabs.in,8443] "POST /magma.orc8r.Streamer/GetUpdates HTTP/2" 200 7bytes 0.259s
Apr 27 00:43:42 localhost policydb[3500134]: INFO:root:Processing 0 rating group updates
Apr 27 00:43:43 localhost smsd[3500148]: INFO:root:mme non_eps_service_config is not SMS_ORC8R, sleeping.
Apr 27 00:43:48 localhost smsd[3500148]: INFO:root:mme non_eps_service_config is not SMS_ORC8R, sleeping.
Apr 27 00:43:48 localhost magmad[3499983]: ERROR:root:Metrics upload error for service subscriberdb (chunk 0)! [StatusCode.DEADLINE_EXCEEDED] Deadline Exceeded
Apr 27 00:43:48 localhost magmad[3499983]: ERROR:root:Metrics upload error for service mobilityd (chunk 0)! [StatusCode.DEADLINE_EXCEEDED] Deadline Exceeded
Apr 27 00:43:48 localhost magmad[3499983]: ERROR:root:Metrics upload error for service mme (chunk 0)! [StatusCode.DEADLINE_EXCEEDED] Deadline Exceeded
Apr 27 00:43:48 localhost magmad[3499983]: ERROR:root:Metrics upload error for service magmad (chunk 0)! [StatusCode.DEADLINE_EXCEEDED] Deadline Exceeded
Apr 27 00:43:48 localhost magmad[3499983]: ERROR:root:Metrics upload error for service enodebd (chunk 0)! [StatusCode.DEADLINE_EXCEEDED] Deadline Exceeded
Apr 27 00:43:48 localhost magmad[3499983]: ERROR:root:Metrics upload error for service pipelined (chunk 0)! [StatusCode.DEADLINE_EXCEEDED] Deadline Exceeded
Apr 27 00:43:48 localhost magmad[3499983]: ERROR:root:Metrics upload error for service state (chunk 0)! [StatusCode.DEADLINE_EXCEEDED] Deadline Exceeded
Apr 27 00:43:48 localhost magmad[3499983]: ERROR:root:Metrics upload error for service sessiond (chunk 0)! [StatusCode.DEADLINE_EXCEEDED] Deadline Exceeded
Apr 27 00:43:48 localhost magmad[3499983]: INFO:root:Checking for upgrade...
Apr 27 00:43:48 localhost magmad[3499983]: WARNING:root:magmad package_version config missing or set to default 0.0.0-0, skipping upgrade
Apr 27 00:43:49 localhost control_proxy[3500225]: 2022-04-27T00:43:48.889Z [127.0.0.1 -> state-controller.magmasi.wavelabs.in,8443] "POST /magma.orc8r.StateService/ReportStates HTTP/2" 200 5bytes 0.259s
Apr 27 00:43:49 localhost magmad[3499983]: INFO:root:Checkin Successful! Successfully sent states to the cloud!
Apr 27 00:43:53 localhost smsd[3500148]: INFO:root:mme non_eps_service_config is not SMS_ORC8R, sleeping.
Apr 27 00:43:54 localhost dhclient[601]: DHCPREQUEST for 172.16.5.121 on eth1 to 172.16.5.2 port 67 (xid=0x1ea11b90)
Apr 27 00:43:57 localhost mobilityd[3500058]: INFO:root:Using GW info: {'default': {2: ('172.16.4.1', 'eth0')}, 2: [('172.16.4.1', 'eth0', True)]}
Apr 27 00:43:57 localhost mobilityd[3500058]: INFO:root:GW-v6 probe: timer started
Apr 27 00:43:58 localhost smsd[3500148]: INFO:root:mme non_eps_service_config is not SMS_ORC8R, sleeping.
Apr 27 00:43:58 localhost sctpd[3500334]: I0427 00:43:58.250727 3500778 sctp_connection.cpp:195] Unhandled notification type 32776
Apr 27 00:43:59 localhost sctpd[3500334]: I0427 00:43:59.308677 3500778 sctp_connection.cpp:195] Unhandled notification type 32777
Apr 27 00:43:59 localhost sctpd[3500334]: I0427 00:43:59.541514 3500778 sctp_connection.cpp:195] Unhandled notification type 32777
Apr 27 00:43:59 localhost sctpd[3500334]: I0427 00:43:59.656431 3500778 sctp_connection.cpp:195] Unhandled notification type 32777
Apr 27 00:43:59 localhost mme[3500735]: [DEBUG] Sending S6A-UPDATE_LOCATION_REQUEST with IMSI: 222700000000001
Apr 27 00:43:59 localhost mme[3500735]: [INFO] Received S6A-LOCATION-UPDATE_ANSWER for IMSI: 222700000000001; Status: ; StatusCode: 2001
Apr 27 00:43:59 localhost mme[3500735]: [INFO] sent itti S6A-LOCATION-UPDATE_ANSWER for IMSI: 222700000000001
Apr 27 00:43:59 localhost sctpd[3500334]: I0427 00:43:59.776432 3500778 sctp_connection.cpp:195] Unhandled notification type 32777
Apr 27 00:44:01 localhost sctpd[3500334]: I0427 00:44:01.060434 3500778 sctp_connection.cpp:195] Unhandled notification type 32777
Apr 27 00:44:01 localhost dhclient[601]: DHCPREQUEST for 172.16.5.121 on eth1 to 172.16.5.2 port 67 (xid=0x1ea11b90)
Apr 27 00:44:03 localhost smsd[3500148]: INFO:root:mme non_eps_service_config is not SMS_ORC8R, sleeping.
Apr 27 00:44:08 localhost smsd[3500148]: INFO:root:mme non_eps_service_config is not SMS_ORC8R, sleeping.
Apr 27 00:44:10 localhost dhclient[601]: DHCPREQUEST for 172.16.5.121 on eth1 to 172.16.5.2 port 67 (xid=0x1ea11b90)
Apr 27 00:44:13 localhost smsd[3500148]: INFO:root:mme non_eps_service_config is not SMS_ORC8R, sleeping.
Apr 27 00:44:17 localhost mobilityd[3500058]: INFO:root:Using GW info: {'default': {2: ('172.16.4.1', 'eth0')}, 2: [('172.16.4.1', 'eth0', True)]}
Apr 27 00:44:17 localhost mobilityd[3500058]: INFO:root:GW-v6 probe: timer started
Apr 27 00:44:17 localhost magmad[3499983]: INFO:root:[SyncRPC] Got heartBeat from cloud
Apr 27 00:44:18 localhost control_proxy[3500225]: 2022-04-27T00:43:17.878Z [127.0.0.1 -> streamer-controller.magmasi.wavelabs.in,8443] "POST /magma.orc8r.Streamer/GetUpdates HTTP/2" 200 0bytes 60.259s
Apr 27 00:44:18 localhost magmad[3499983]: ERROR:root:Error! Streaming from the cloud failed! [StatusCode.ABORTED] error while streaming updates: rpc error: code = DeadlineExceeded desc = context deadline exceeded
Apr 27 00:44:18 localhost smsd[3500148]: INFO:root:mme non_eps_service_config is not SMS_ORC8R, sleeping.
Apr 27 00:44:22 localhost dhclient[601]: DHCPREQUEST for 172.16.5.121 on eth1 to 172.16.5.2 port 67 (xid=0x1ea11b90)
Apr 27 00:44:23 localhost smsd[3500148]: INFO:root:mme non_eps_service_config is not SMS_ORC8R, sleeping.
Apr 27 00:44:33 localhost smsd[3500148]: message repeated 2 times: [ INFO:root:mme non_eps_service_config is not SMS_ORC8R, sleeping.]
Apr 27 00:44:33 localhost dhclient[601]: DHCPREQUEST for 172.16.5.121 on eth1 to 172.16.5.2 port 67 (xid=0x1ea11b90)
Apr 27 00:44:37 localhost mobilityd[3500058]: INFO:root:Using GW info: {'default': {2: ('172.16.4.1', 'eth0')}, 2: [('172.16.4.1', 'eth0', True)]}
Apr 27 00:44:37 localhost mobilityd[3500058]: INFO:root:GW-v6 probe: timer started
Apr 27 00:44:38 localhost smsd[3500148]: INFO:root:mme non_eps_service_config is not SMS_ORC8R, sleeping.
Apr 27 00:44:39 localhost magmad[3499983]: ERROR:root:Metrics upload error for service subscriberdb (chunk 0)! [StatusCode.DEADLINE_EXCEEDED] Deadline Exceeded
Apr 27 00:44:39 localhost magmad[3499983]: ERROR:root:Metrics upload error for service mobilityd (chunk 0)! [StatusCode.DEADLINE_EXCEEDED] Deadline Exceeded
Apr 27 00:44:39 localhost magmad[3499983]: ERROR:root:Metrics upload error for service mme (chunk 0)! [StatusCode.DEADLINE_EXCEEDED] Deadline Exceeded
Apr 27 00:44:39 localhost magmad[3499983]: ERROR:root:Metrics upload error for service magmad (chunk 0)! [StatusCode.DEADLINE_EXCEEDED] Deadline Exceeded
Apr 27 00:44:39 localhost magmad[3499983]: ERROR:root:Metrics upload error for service enodebd (chunk 0)! [StatusCode.DEADLINE_EXCEEDED] Deadline Exceeded
Apr 27 00:44:39 localhost magmad[3499983]: ERROR:root:Metrics upload error for service pipelined (chunk 0)! [StatusCode.DEADLINE_EXCEEDED] Deadline Exceeded
Apr 27 00:44:39 localhost magmad[3499983]: ERROR:root:Metrics upload error for service state (chunk 0)! [StatusCode.DEADLINE_EXCEEDED] Deadline Exceeded
Apr 27 00:44:39 localhost magmad[3499983]: ERROR:root:Metrics upload error for service sessiond (chunk 0)! [StatusCode.DEADLINE_EXCEEDED] Deadline Exceeded
Apr 27 00:44:41 localhost dhclient[601]: DHCPREQUEST for 172.16.5.121 on eth1 to 172.16.5.2 port 67 (xid=0x1ea11b90)
Apr 27 00:44:42 localhost control_proxy[3500225]: 2022-04-27T00:44:42.046Z [127.0.0.1 -> streamer-controller.magmasi.wavelabs.in,8443] "POST /magma.orc8r.Streamer/GetUpdates HTTP/2" 200 173bytes 0.527s
Apr 27 00:44:42 localhost policydb[3500134]: INFO:root:Processing 4 policy updates (resync=True)
Apr 27 00:44:42 localhost control_proxy[3500225]: 2022-04-27T00:44:42.046Z [127.0.0.1 -> streamer-controller.magmasi.wavelabs.in,8443] "POST /magma.orc8r.Streamer/GetUpdates HTTP/2" 200 7bytes 0.261s
Apr 27 00:44:42 localhost policydb[3500134]: INFO:root:Processing 0 basename -> policy updates
Apr 27 00:44:43 localhost control_proxy[3500225]: 2022-04-27T00:44:42.046Z [127.0.0.1 -> streamer-controller.magmasi.wavelabs.in,8443] "POST /magma.orc8r.Streamer/GetUpdates HTTP/2" 200 13536bytes 0.303s
Apr 27 00:44:43 localhost policydb[3500134]: INFO:root:Processing 223 SID -> apn -> policy updates
Apr 27 00:44:43 localhost smsd[3500148]: INFO:root:mme non_eps_service_config is not SMS_ORC8R, sleeping.
Apr 27 00:44:43 localhost control_proxy[3500225]: 2022-04-27T00:44:43.155Z [127.0.0.1 -> streamer-controller.magmasi.wavelabs.in,8443] "POST /magma.orc8r.Streamer/GetUpdates HTTP/2" 200 7bytes 0.261s
Apr 27 00:44:43 localhost policydb[3500134]: INFO:root:Processing 0 rating group updates
Apr 27 00:44:46 localhost sctpd[3500334]: I0427 00:44:46.391296 3500778 sctp_connection.cpp:195] Unhandled notification type 32776
Apr 27 00:44:47 localhost sctpd[3500334]: I0427 00:44:47.453503 3500778 sctp_connection.cpp:195] Unhandled notification type 32777
Apr 27 00:44:48 localhost smsd[3500148]: INFO:root:mme non_eps_service_config is not SMS_ORC8R, sleeping.
Apr 27 00:44:49 localhost magmad[3499983]: INFO:root:Setting logging level to INFO
Apr 27 00:44:50 localhost sctpd[3500334]: I0427 00:44:50.730659 3500778 sctp_connection.cpp:195] Unhandled notification type 32777
Apr 27 00:44:53 localhost smsd[3500148]: INFO:root:mme non_eps_service_config is not SMS_ORC8R, sleeping.
Apr 27 00:44:53 localhost dhclient[601]: DHCPREQUEST for 172.16.5.121 on eth1 to 172.16.5.2 port 67 (xid=0x1ea11b90)
Apr 27 00:44:57 localhost mobilityd[3500058]: INFO:root:Using GW info: {'default': {2: ('172.16.4.1', 'eth0')}, 2: [('172.16.4.1', 'eth0', True)]}
Apr 27 00:44:57 localhost mobilityd[3500058]: INFO:root:GW-v6 probe: timer started
Apr 27 00:44:58 localhost smsd[3500148]: INFO:root:mme non_eps_service_config is not SMS_ORC8R, sleeping.
Apr 27 00:45:03 localhost smsd[3500148]: INFO:root:mme non_eps_service_config is not SMS_ORC8R, sleeping.
Apr 27 00:45:08 localhost dhclient[601]: DHCPREQUEST for 172.16.5.121 on eth1 to 172.16.5.2 port 67 (xid=0x1ea11b90)
Apr 27 00:45:08 localhost smsd[3500148]: INFO:root:mme non_eps_service_config is not SMS_ORC8R, sleeping.
Apr 27 00:45:08 localhost control_proxy[3500225]: 2022-04-27T00:45:08.480Z [127.0.0.1 -> state-controller.magmasi.wavelabs.in,8443] "POST /magma.orc8r.StateService/ReportStates HTTP/2" 200 5bytes 0.514s
Apr 27 00:45:08 localhost magmad[3499983]: INFO:root:Checkin Successful! Successfully sent states to the cloud!
Apr 27 00:45:12 localhost sctpd[3500334]: I0427 00:45:12.326757 3500778 sctp_connection.cpp:195] Unhandled notification type 32776
Apr 27 00:45:13 localhost sctpd[3500334]: I0427 00:45:13.384791 3500778 sctp_connection.cpp:195] Unhandled notification type 32777
Apr 27 00:45:13 localhost smsd[3500148]: INFO:root:mme non_eps_service_config is not SMS_ORC8R, sleeping.
Apr 27 00:45:17 localhost mobilityd[3500058]: INFO:root:Using GW info: {'default': {2: ('172.16.4.1', 'eth0')}, 2: [('172.16.4.1', 'eth0', True)]}
Apr 27 00:45:17 localhost mobilityd[3500058]: INFO:root:GW-v6 probe: timer started
Apr 27 00:45:17 localhost magmad[3499983]: INFO:root:[SyncRPC] Got heartBeat from cloud
Apr 27 00:45:18 localhost smsd[3500148]: INFO:root:mme non_eps_service_config is not SMS_ORC8R, sleeping.
Apr 27 00:45:20 localhost dhclient[601]: DHCPREQUEST for 172.16.5.121 on eth1 to 172.16.5.2 port 67 (xid=0x1ea11b90)
Apr 27 00:45:23 localhost smsd[3500148]: INFO:root:mme non_eps_service_config is not SMS_ORC8R, sleeping.
Apr 27 00:45:33 localhost smsd[3500148]: message repeated 2 times: [ INFO:root:mme non_eps_service_config is not SMS_ORC8R, sleeping.]
Apr 27 00:45:34 localhost dhclient[601]: DHCPREQUEST for 172.16.5.121 on eth1 to 172.16.5.2 port 67 (xid=0x1ea11b90)
Apr 27 00:45:35 localhost sctpd[3500334]: I0427 00:45:35.147248 3500778 sctp_connection.cpp:195] Unhandled notification type 32776
Apr 27 00:45:36 localhost sctpd[3500334]: I0427 00:45:36.209370 3500778 sctp_connection.cpp:195] Unhandled notification type 32777
Apr 27 00:45:37 localhost mobilityd[3500058]: INFO:root:Using GW info: {'default': {2: ('172.16.4.1', 'eth0')}, 2: [('172.16.4.1', 'eth0', True)]}
Apr 27 00:45:37 localhost mobilityd[3500058]: INFO:root:GW-v6 probe: timer started
Apr 27 00:45:38 localhost smsd[3500148]: INFO:root:mme non_eps_service_config is not SMS_ORC8R, sleeping.
Apr 27 00:45:39 localhost magmad[3499983]: ERROR:root:Metrics upload error for service subscriberdb (chunk 0)! [StatusCode.DEADLINE_EXCEEDED] Deadline Exceeded
Apr 27 00:45:39 localhost magmad[3499983]: ERROR:root:Metrics upload error for service mobilityd (chunk 0)! [StatusCode.DEADLINE_EXCEEDED] Deadline Exceeded
Apr 27 00:45:39 localhost magmad[3499983]: ERROR:root:Metrics upload error for service mme (chunk 0)! [StatusCode.DEADLINE_EXCEEDED] Deadline Exceeded
Apr 27 00:45:39 localhost magmad[3499983]: ERROR:root:Metrics upload error for service magmad (chunk 0)! [StatusCode.DEADLINE_EXCEEDED] Deadline Exceeded
Apr 27 00:45:39 localhost magmad[3499983]: ERROR:root:Metrics upload error for service enodebd (chunk 0)! [StatusCode.DEADLINE_EXCEEDED] Deadline Exceeded
Apr 27 00:45:39 localhost magmad[3499983]: ERROR:root:Metrics upload error for service pipelined (chunk 0)! [StatusCode.DEADLINE_EXCEEDED] Deadline Exceeded
Apr 27 00:45:39 localhost magmad[3499983]: ERROR:root:Metrics upload error for service state (chunk 0)! [StatusCode.DEADLINE_EXCEEDED] Deadline Exceeded
Apr 27 00:45:39 localhost magmad[3499983]: ERROR:root:Metrics upload error for service sessiond (chunk 0)! [StatusCode.DEADLINE_EXCEEDED] Deadline Exceeded
Apr 27 00:45:43 localhost smsd[3500148]: INFO:root:mme non_eps_service_config is not SMS_ORC8R, sleeping.
Apr 27 00:45:43 localhost control_proxy[3500225]: 2022-04-27T00:45:43.477Z [127.0.0.1 -> streamer-controller.magmasi.wavelabs.in,8443] "POST /magma.orc8r.Streamer/GetUpdates HTTP/2" 200 173bytes 0.515s
Apr 27 00:45:43 localhost policydb[3500134]: INFO:root:Processing 4 policy updates (resync=True)
Apr 27 00:45:44 localhost dhclient[601]: DHCPREQUEST for 172.16.5.121 on eth1 to 172.16.5.2 port 67 (xid=0x1ea11b90)
Apr 27 00:45:44 localhost control_proxy[3500225]: 2022-04-27T00:45:43.477Z [127.0.0.1 -> streamer-controller.magmasi.wavelabs.in,8443] "POST /magma.orc8r.Streamer/GetUpdates HTTP/2" 200 7bytes 0.262s
Apr 27 00:45:44 localhost policydb[3500134]: INFO:root:Processing 0 basename -> policy updates
Apr 27 00:45:44 localhost control_proxy[3500225]: 2022-04-27T00:45:44.260Z [127.0.0.1 -> streamer-controller.magmasi.wavelabs.in,8443] "POST /magma.orc8r.Streamer/GetUpdates HTTP/2" 200 13536bytes 0.293s
Apr 27 00:45:44 localhost policydb[3500134]: INFO:root:Processing 223 SID -> apn -> policy updates
Apr 27 00:45:44 localhost control_proxy[3500225]: 2022-04-27T00:45:44.260Z [127.0.0.1 -> streamer-controller.magmasi.wavelabs.in,8443] "POST /magma.orc8r.Streamer/GetUpdates HTTP/2" 200 7bytes 0.259s
Apr 27 00:45:44 localhost policydb[3500134]: INFO:root:Processing 0 rating group updates
Apr 27 00:45:48 localhost smsd[3500148]: INFO:root:mme non_eps_service_config is not SMS_ORC8R, sleeping.
Apr 27 00:45:53 localhost smsd[3500148]: INFO:root:mme non_eps_service_config is not SMS_ORC8R, sleeping.
Apr 27 00:45:57 localhost mobilityd[3500058]: INFO:root:Using GW info: {'default': {2: ('172.16.4.1', 'eth0')}, 2: [('172.16.4.1', 'eth0', True)]}
Apr 27 00:45:57 localhost mobilityd[3500058]: INFO:root:GW-v6 probe: timer started
Apr 27 00:45:57 localhost dhclient[601]: DHCPREQUEST for 172.16.5.121 on eth1 to 172.16.5.2 port 67 (xid=0x1ea11b90)
Apr 27 00:45:58 localhost sctpd[3500334]: I0427 00:45:58.301906 3500778 sctp_connection.cpp:195] Unhandled notification type 32776
Apr 27 00:45:58 localhost smsd[3500148]: INFO:root:mme non_eps_service_config is not SMS_ORC8R, sleeping.
Apr 27 00:45:59 localhost sctpd[3500334]: I0427 00:45:59.364421 3500778 sctp_connection.cpp:195] Unhandled notification type 32777
Apr 27 00:46:03 localhost smsd[3500148]: INFO:root:mme non_eps_service_config is not SMS_ORC8R, sleeping.
Apr 27 00:46:04 localhost dhclient[601]: DHCPREQUEST for 172.16.5.121 on eth1 to 172.16.5.2 port 67 (xid=0x1ea11b90)
Apr 27 00:46:08 localhost smsd[3500148]: INFO:root:mme non_eps_service_config is not SMS_ORC8R, sleeping.
Apr 27 00:46:09 localhost magmad[3499983]: INFO:root:Setting logging level to INFO
Apr 27 00:46:13 localhost smsd[3500148]: INFO:root:mme non_eps_service_config is not SMS_ORC8R, sleeping.
Apr 27 00:46:14 localhost dhclient[601]: DHCPREQUEST for 172.16.5.121 on eth1 to 172.16.5.2 port 67 (xid=0x1ea11b90)
Apr 27 00:46:17 localhost mobilityd[3500058]: INFO:root:Using GW info: {'default': {2: ('172.16.4.1', 'eth0')}, 2: [('172.16.4.1', 'eth0', True)]}
Apr 27 00:46:17 localhost mobilityd[3500058]: INFO:root:GW-v6 probe: timer started
Apr 27 00:46:17 localhost magmad[3499983]: INFO:root:[SyncRPC] Got heartBeat from cloud
Apr 27 00:46:18 localhost control_proxy[3500225]: 2022-04-27T00:45:18.177Z [127.0.0.1 -> streamer-controller.magmasi.wavelabs.in,8443] "POST /magma.orc8r.Streamer/GetUpdates HTTP/2" 200 0bytes 60.255s
Apr 27 00:46:18 localhost magmad[3499983]: ERROR:root:Error! Streaming from the cloud failed! [StatusCode.ABORTED] error while streaming updates: rpc error: code = DeadlineExceeded desc = context deadline exceeded
Apr 27 00:46:18 localhost smsd[3500148]: INFO:root:mme non_eps_service_config is not SMS_ORC8R, sleeping.
Apr 27 00:46:19 localhost sctpd[3500334]: I0427 00:46:19.160573 3500778 sctp_connection.cpp:195] Unhandled notification type 32776
Apr 27 00:46:23 localhost dhclient[601]: DHCPREQUEST for 172.16.5.121 on eth1 to 172.16.5.2 port 67 (xid=0x1ea11b90)
Apr 27 00:46:23 localhost subscriberdb[3500051]: INFO:root:get digest stored in gateway:
Apr 27 00:46:23 localhost smsd[3500148]: INFO:root:mme non_eps_service_config is not SMS_ORC8R, sleeping.
Apr 27 00:46:24 localhost control_proxy[3500225]: 2022-04-27T00:46:23.698Z [127.0.0.1 -> subscriberdb-controller.magmasi.wavelabs.in,8443] "POST /magma.lte.SubscriberDBCloud/CheckInSync HTTP/2" 200 0bytes 0.497s
Apr 27 00:46:24 localhost subscriberdb[3500051]: ERROR:root:Internal Error in subscriberdb-Orc8r communication. If AGW and Orc8r are deployed at a commit hash, upgrade AGW and Orc8r to latest commit hash.
Apr 27 00:46:24 localhost control_proxy[3500225]: 2022-04-27T00:46:24.200Z [127.0.0.1 -> subscriberdb-controller.magmasi.wavelabs.in,8443] "POST /magma.lte.SubscriberDBCloud/Sync HTTP/2" 200 0bytes 0.247s
Apr 27 00:46:24 localhost subscriberdb[3500051]: ERROR:root:Internal Error in subscriberdb-Orc8r communication. If AGW and Orc8r are deployed at a commit hash, upgrade AGW and Orc8r to latest commit hash.
Apr 27 00:46:24 localhost control_proxy[3500225]: 2022-04-27T00:46:24.200Z [127.0.0.1 -> subscriberdb-controller.magmasi.wavelabs.in,8443] "POST /magma.lte.SubscriberDBCloud/ListSubscribers HTTP/2" 200 44180bytes 0.316s
Apr 27 00:46:24 localhost subscriberdb[3500051]: INFO:root:Successfully fetched all subscriber pages from the cloud!
Apr 27 00:46:25 localhost subscriberdb[3500051]: INFO:root:update root digest stored in gateway:
Apr 27 00:46:28 localhost control_proxy[3500225]: 2022-04-27T00:46:28.002Z [127.0.0.1 -> state-controller.magmasi.wavelabs.in,8443] "POST /magma.orc8r.StateService/ReportStates HTTP/2" 200 5bytes 0.399s
Apr 27 00:46:28 localhost magmad[3499983]: INFO:root:Checkin Successful! Successfully sent states to the cloud!
Apr 27 00:46:29 localhost smsd[3500148]: INFO:root:mme non_eps_service_config is not SMS_ORC8R, sleeping.
Apr 27 00:46:29 localhost sctpd[3500334]: I0427 00:46:29.302798 3500778 sctp_connection.cpp:195] Unhandled notification type 32777
Apr 27 00:46:32 localhost sctpd[3500334]: I0427 00:46:32.582520 3500778 sctp_connection.cpp:195] Unhandled notification type 32777
Apr 27 00:46:32 localhost dhclient[601]: DHCPREQUEST for 172.16.5.121 on eth1 to 172.16.5.2 port 67 (xid=0x1ea11b90)
Apr 27 00:46:34 localhost smsd[3500148]: INFO:root:mme non_eps_service_config is not SMS_ORC8R, sleeping.
Apr 27 00:46:37 localhost mobilityd[3500058]: INFO:root:Using GW info: {'default': {2: ('172.16.4.1', 'eth0')}, 2: [('172.16.4.1', 'eth0', True)]}
Apr 27 00:46:37 localhost mobilityd[3500058]: INFO:root:GW-v6 probe: timer started
Apr 27 00:46:39 localhost smsd[3500148]: INFO:root:mme non_eps_service_config is not SMS_ORC8R, sleeping.
Apr 27 00:46:44 localhost smsd[3500148]: INFO:root:mme non_eps_service_config is not SMS_ORC8R, sleeping.
Apr 27 00:46:45 localhost control_proxy[3500225]: 2022-04-27T00:46:44.870Z [127.0.0.1 -> streamer-controller.magmasi.wavelabs.in,8443] "POST /magma.orc8r.Streamer/GetUpdates HTTP/2" 200 173bytes 0.515s
Apr 27 00:46:45 localhost policydb[3500134]: INFO:root:Processing 4 policy updates (resync=True)
Apr 27 00:46:45 localhost control_proxy[3500225]: 2022-04-27T00:46:45.391Z [127.0.0.1 -> streamer-controller.magmasi.wavelabs.in,8443] "POST /magma.orc8r.Streamer/GetUpdates HTTP/2" 200 7bytes 0.262s
Apr 27 00:46:45 localhost policydb[3500134]: INFO:root:Processing 0 basename -> policy updates
Apr 27 00:46:45 localhost control_proxy[3500225]: 2022-04-27T00:46:45.391Z [127.0.0.1 -> streamer-controller.magmasi.wavelabs.in,8443] "POST /magma.orc8r.Streamer/GetUpdates HTTP/2" 200 13536bytes 0.314s
Apr 27 00:46:45 localhost policydb[3500134]: INFO:root:Processing 223 SID -> apn -> policy updates
Apr 27 00:46:46 localhost control_proxy[3500225]: 2022-04-27T00:46:45.391Z [127.0.0.1 -> streamer-controller.magmasi.wavelabs.in,8443] "POST /magma.orc8r.Streamer/GetUpdates HTTP/2" 200 7bytes 0.260s
Apr 27 00:46:46 localhost policydb[3500134]: INFO:root:Processing 0 rating group updates
Apr 27 00:46:49 localhost smsd[3500148]: INFO:root:mme non_eps_service_config is not SMS_ORC8R, sleeping.
Apr 27 00:46:49 localhost dhclient[601]: DHCPREQUEST for 172.16.5.121 on eth1 to 172.16.5.2 port 67 (xid=0x1ea11b90)
Apr 27 00:46:54 localhost smsd[3500148]: INFO:root:mme non_eps_service_config is not SMS_ORC8R, sleeping.
Apr 27 00:46:54 localhost sctpd[3500334]: I0427 00:46:54.491902 3500778 sctp_connection.cpp:195] Unhandled notification type 32776
Apr 27 00:46:55 localhost sctpd[3500334]: I0427 00:46:55.561147 3500778 sctp_connection.cpp:195] Unhandled notification type 32777
Apr 27 00:46:57 localhost mobilityd[3500058]: INFO:root:Using GW info: {'default': {2: ('172.16.4.1', 'eth0')}, 2: [('172.16.4.1', 'eth0', True)]}
Apr 27 00:46:57 localhost mobilityd[3500058]: INFO:root:GW-v6 probe: timer started
Apr 27 00:46:57 localhost magmad[3499983]: ERROR:root:Metrics upload error for service subscriberdb (chunk 0)! [StatusCode.DEADLINE_EXCEEDED] Deadline Exceeded
Apr 27 00:46:57 localhost magmad[3499983]: ERROR:root:Metrics upload error for service mobilityd (chunk 0)! [StatusCode.DEADLINE_EXCEEDED] Deadline Exceeded
Apr 27 00:46:58 localhost magmad[3499983]: ERROR:root:Metrics upload error for service mme (chunk 0)! [StatusCode.DEADLINE_EXCEEDED] Deadline Exceeded
Apr 27 00:46:58 localhost magmad[3499983]: ERROR:root:Metrics upload error for service magmad (chunk 0)! [StatusCode.DEADLINE_EXCEEDED] Deadline Exceeded
Apr 27 00:46:58 localhost magmad[3499983]: ERROR:root:Metrics upload error for service enodebd (chunk 0)! [StatusCode.DEADLINE_EXCEEDED] Deadline Exceeded
Apr 27 00:46:58 localhost magmad[3499983]: ERROR:root:Metrics upload error for service pipelined (chunk 0)! [StatusCode.DEADLINE_EXCEEDED] Deadline Exceeded
Apr 27 00:46:58 localhost magmad[3499983]: ERROR:root:Metrics upload error for service state (chunk 0)! [StatusCode.DEADLINE_EXCEEDED] Deadline Exceeded
Apr 27 00:46:58 localhost magmad[3499983]: ERROR:root:Metrics upload error for service sessiond (chunk 0)! [StatusCode.DEADLINE_EXCEEDED] Deadline Exceeded
Apr 27 00:46:59 localhost smsd[3500148]: INFO:root:mme non_eps_service_config is not SMS_ORC8R, sleeping.
Apr 27 00:47:04 localhost smsd[3500148]: INFO:root:mme non_eps_service_config is not SMS_ORC8R, sleeping.
Apr 27 00:47:05 localhost dhclient[601]: DHCPREQUEST for 172.16.5.121 on eth1 to 172.16.5.2 port 67 (xid=0x1ea11b90)
Apr 27 00:47:09 localhost smsd[3500148]: INFO:root:mme non_eps_service_config is not SMS_ORC8R, sleeping.
Apr 27 00:47:14 localhost dhclient[601]: DHCPREQUEST for 172.16.5.121 on eth1 to 172.16.5.2 port 67 (xid=0x1ea11b90)
Apr 27 00:47:14 localhost smsd[3500148]: INFO:root:mme non_eps_service_config is not SMS_ORC8R, sleeping.
Apr 27 00:47:17 localhost mobilityd[3500058]: INFO:root:Using GW info: {'default': {2: ('172.16.4.1', 'eth0')}, 2: [('172.16.4.1', 'eth0', True)]}
Apr 27 00:47:17 localhost mobilityd[3500058]: INFO:root:GW-v6 probe: timer started
Apr 27 00:47:17 localhost sctpd[3500334]: I0427 00:47:17.476516 3500778 sctp_connection.cpp:195] Unhandled notification type 32776
Apr 27 00:47:17 localhost magmad[3499983]: INFO:root:[SyncRPC] Got heartBeat from cloud
Apr 27 00:47:18 localhost sctpd[3500334]: I0427 00:47:18.534989 3500778 sctp_connection.cpp:195] Unhandled notification type 32777
Apr 27 00:47:19 localhost smsd[3500148]: INFO:root:mme non_eps_service_config is not SMS_ORC8R, sleeping.
Apr 27 00:47:24 localhost smsd[3500148]: INFO:root:mme non_eps_service_config is not SMS_ORC8R, sleeping.
Apr 27 00:47:25 localhost dhclient[601]: DHCPREQUEST for 172.16.5.121 on eth1 to 172.16.5.2 port 67 (xid=0x1ea11b90)
Apr 27 00:47:29 localhost magmad[3499983]: INFO:root:Setting logging level to INFO
Apr 27 00:47:29 localhost smsd[3500148]: INFO:root:mme non_eps_service_config is not SMS_ORC8R, sleeping.
Apr 27 00:47:34 localhost smsd[3500148]: INFO:root:mme non_eps_service_config is not SMS_ORC8R, sleeping.
Apr 27 00:47:37 localhost mobilityd[3500058]: INFO:root:Using GW info: {'default': {2: ('172.16.4.1', 'eth0')}, 2: [('172.16.4.1', 'eth0', True)]}
Apr 27 00:47:37 localhost mobilityd[3500058]: INFO:root:GW-v6 probe: timer started
Apr 27 00:47:39 localhost dhclient[601]: DHCPREQUEST for 172.16.5.121 on eth1 to 172.16.5.2 port 67 (xid=0x1ea11b90)
Apr 27 00:47:39 localhost smsd[3500148]: INFO:root:mme non_eps_service_config is not SMS_ORC8R, sleeping.
Apr 27 00:47:40 localhost sctpd[3500334]: I0427 00:47:40.339605 3500778 sctp_connection.cpp:195] Unhandled notification type 32776
Apr 27 00:47:41 localhost sctpd[3500334]: I0427 00:47:41.401175 3500778 sctp_connection.cpp:195] Unhandled notification type 32777
Apr 27 00:47:44 localhost smsd[3500148]: INFO:root:mme non_eps_service_config is not SMS_ORC8R, sleeping.
Apr 27 00:47:46 localhost control_proxy[3500225]: 2022-04-27T00:47:46.281Z [127.0.0.1 -> streamer-controller.magmasi.wavelabs.in,8443] "POST /magma.orc8r.Streamer/GetUpdates HTTP/2" 200 173bytes 0.516s
Apr 27 00:47:46 localhost policydb[3500134]: INFO:root:Processing 4 policy updates (resync=True)
Apr 27 00:47:47 localhost control_proxy[3500225]: 2022-04-27T00:47:46.281Z [127.0.0.1 -> streamer-controller.magmasi.wavelabs.in,8443] "POST /magma.orc8r.Streamer/GetUpdates HTTP/2" 200 7bytes 0.261s
Apr 27 00:47:47 localhost policydb[3500134]: INFO:root:Processing 0 basename -> policy updates
Apr 27 00:47:47 localhost control_proxy[3500225]: 2022-04-27T00:47:47.065Z [127.0.0.1 -> streamer-controller.magmasi.wavelabs.in,8443] "POST /magma.orc8r.Streamer/GetUpdates HTTP/2" 200 13536bytes 0.287s
Apr 27 00:47:47 localhost policydb[3500134]: INFO:root:Processing 223 SID -> apn -> policy updates
Apr 27 00:47:47 localhost control_proxy[3500225]: 2022-04-27T00:47:47.065Z [127.0.0.1 -> streamer-controller.magmasi.wavelabs.in,8443] "POST /magma.orc8r.Streamer/GetUpdates HTTP/2" 200 7bytes 0.274s
Apr 27 00:47:47 localhost policydb[3500134]: INFO:root:Processing 0 rating group updates
Apr 27 00:47:47 localhost control_proxy[3500225]: 2022-04-27T00:47:47.065Z [127.0.0.1 -> state-controller.magmasi.wavelabs.in,8443] "POST /magma.orc8r.StateService/ReportStates HTTP/2" 200 5bytes 0.288s
Apr 27 00:47:47 localhost magmad[3499983]: INFO:root:Checkin Successful! Successfully sent states to the cloud!
Apr 27 00:47:49 localhost smsd[3500148]: INFO:root:mme non_eps_service_config is not SMS_ORC8R, sleeping.
Apr 27 00:47:50 localhost dhclient[601]: DHCPREQUEST for 172.16.5.121 on eth1 to 172.16.5.2 port 67 (xid=0x1ea11b90)
Apr 27 00:47:54 localhost smsd[3500148]: INFO:root:mme non_eps_service_config is not SMS_ORC8R, sleeping.
Apr 27 00:47:57 localhost mobilityd[3500058]: INFO:root:Using GW info: {'default': {2: ('172.16.4.1', 'eth0')}, 2: [('172.16.4.1', 'eth0', True)]}
Apr 27 00:47:57 localhost mobilityd[3500058]: INFO:root:GW-v6 probe: timer started
Apr 27 00:47:58 localhost magmad[3499983]: ERROR:root:Metrics upload error for service subscriberdb (chunk 0)! [StatusCode.DEADLINE_EXCEEDED] Deadline Exceeded
Apr 27 00:47:58 localhost magmad[3499983]: ERROR:root:Metrics upload error for service mobilityd (chunk 0)! [StatusCode.DEADLINE_EXCEEDED] Deadline Exceeded
Apr 27 00:47:58 localhost magmad[3499983]: ERROR:root:Metrics upload error for service mme (chunk 0)! [StatusCode.DEADLINE_EXCEEDED] Deadline Exceeded
Apr 27 00:47:58 localhost magmad[3499983]: ERROR:root:Metrics upload error for service magmad (chunk 0)! [StatusCode.DEADLINE_EXCEEDED] Deadline Exceeded
Apr 27 00:47:58 localhost magmad[3499983]: ERROR:root:Metrics upload error for service enodebd (chunk 0)! [StatusCode.DEADLINE_EXCEEDED] Deadline Exceeded
Apr 27 00:47:58 localhost magmad[3499983]: ERROR:root:Metrics upload error for service pipelined (chunk 0)! [StatusCode.DEADLINE_EXCEEDED] Deadline Exceeded
Apr 27 00:47:58 localhost magmad[3499983]: ERROR:root:Metrics upload error for service state (chunk 0)! [StatusCode.DEADLINE_EXCEEDED] Deadline Exceeded
Apr 27 00:47:58 localhost magmad[3499983]: ERROR:root:Metrics upload error for service sessiond (chunk 0)! [StatusCode.DEADLINE_EXCEEDED] Deadline Exceeded
Apr 27 00:47:59 localhost smsd[3500148]: INFO:root:mme non_eps_service_config is not SMS_ORC8R, sleeping.
Apr 27 00:48:02 localhost dhclient[601]: DHCPREQUEST for 172.16.5.121 on eth1 to 172.16.5.2 port 67 (xid=0x1ea11b90)
Apr 27 00:48:03 localhost sctpd[3500334]: I0427 00:48:03.163645 3500778 sctp_connection.cpp:195] Unhandled notification type 32776
Apr 27 00:48:04 localhost sctpd[3500334]: I0427 00:48:04.227694 3500778 sctp_connection.cpp:195] Unhandled notification type 32777
Apr 27 00:48:04 localhost smsd[3500148]: INFO:root:mme non_eps_service_config is not SMS_ORC8R, sleeping.
Apr 27 00:48:07 localhost sctpd[3500334]: I0427 00:48:07.504667 3500778 sctp_connection.cpp:195] Unhandled notification type 32777
Apr 27 00:48:09 localhost smsd[3500148]: INFO:root:mme non_eps_service_config is not SMS_ORC8R, sleeping.
Apr 27 00:48:14 localhost smsd[3500148]: INFO:root:mme non_eps_service_config is not SMS_ORC8R, sleeping.
Apr 27 00:48:15 localhost dhclient[601]: DHCPREQUEST for 172.16.5.121 on eth1 to 172.16.5.2 port 67 (xid=0x1ea11b90)
Apr 27 00:48:17 localhost mobilityd[3500058]: INFO:root:Using GW info: {'default': {2: ('172.16.4.1', 'eth0')}, 2: [('172.16.4.1', 'eth0', True)]}
Apr 27 00:48:17 localhost mobilityd[3500058]: INFO:root:GW-v6 probe: timer started
Apr 27 00:48:17 localhost magmad[3499983]: INFO:root:[SyncRPC] Got heartBeat from cloud
Apr 27 00:48:18 localhost control_proxy[3500225]: 2022-04-27T00:47:18.496Z [127.0.0.1 -> streamer-controller.magmasi.wavelabs.in,8443] "POST /magma.orc8r.Streamer/GetUpdates HTTP/2" 200 0bytes 60.256s
Apr 27 00:48:18 localhost magmad[3499983]: ERROR:root:Error! Streaming from the cloud failed! [StatusCode.ABORTED] error while streaming updates: rpc error: code = DeadlineExceeded desc = context deadline exceeded
Apr 27 00:48:19 localhost smsd[3500148]: INFO:root:mme non_eps_service_config is not SMS_ORC8R, sleeping.
Apr 27 00:48:24 localhost smsd[3500148]: INFO:root:mme non_eps_service_config is not SMS_ORC8R, sleeping.
Apr 27 00:48:26 localhost dhclient[601]: DHCPREQUEST for 172.16.5.121 on eth1 to 172.16.5.2 port 67 (xid=0x1ea11b90)
Apr 27 00:48:29 localhost sctpd[3500334]: I0427 00:48:29.363886 3500778 sctp_connection.cpp:195] Unhandled notification type 32776
Apr 27 00:48:29 localhost smsd[3500148]: INFO:root:mme non_eps_service_config is not SMS_ORC8R, sleeping.
Apr 27 00:48:30 localhost sctpd[3500334]: I0427 00:48:30.427541 3500778 sctp_connection.cpp:195] Unhandled notification type 32777
Apr 27 00:48:33 localhost sctpd[3500334]: I0427 00:48:33.722417 3500778 sctp_connection.cpp:195] Unhandled notification type 32777
Apr 27 00:48:34 localhost smsd[3500148]: INFO:root:mme non_eps_service_config is not SMS_ORC8R, sleeping.
Apr 27 00:48:35 localhost dhclient[601]: DHCPREQUEST for 172.16.5.121 on eth1 to 172.16.5.2 port 67 (xid=0x1ea11b90)
Apr 27 00:48:37 localhost mobilityd[3500058]: INFO:root:Using GW info: {'default': {2: ('172.16.4.1', 'eth0')}, 2: [('172.16.4.1', 'eth0', True)]}
Apr 27 00:48:37 localhost mobilityd[3500058]: INFO:root:GW-v6 probe: timer started
Apr 27 00:48:39 localhost smsd[3500148]: INFO:root:mme non_eps_service_config is not SMS_ORC8R, sleeping.
Apr 27 00:48:44 localhost smsd[3500148]: INFO:root:mme non_eps_service_config is not SMS_ORC8R, sleeping.
Apr 27 00:48:47 localhost control_proxy[3500225]: 2022-04-27T00:48:47.697Z [127.0.0.1 -> streamer-controller.magmasi.wavelabs.in,8443] "POST /magma.orc8r.Streamer/GetUpdates HTTP/2" 200 173bytes 0.298s
Apr 27 00:48:47 localhost policydb[3500134]: INFO:root:Processing 4 policy updates (resync=True)
Apr 27 00:48:48 localhost control_proxy[3500225]: 2022-04-27T00:48:47.697Z [127.0.0.1 -> streamer-controller.magmasi.wavelabs.in,8443] "POST /magma.orc8r.Streamer/GetUpdates HTTP/2" 200 7bytes 0.264s
Apr 27 00:48:48 localhost policydb[3500134]: INFO:root:Processing 0 basename -> policy updates
Apr 27 00:48:48 localhost dhclient[601]: DHCPREQUEST for 172.16.5.121 on eth1 to 172.16.5.2 port 67 (xid=0x1ea11b90)
Apr 27 00:48:48 localhost control_proxy[3500225]: 2022-04-27T00:48:48.265Z [127.0.0.1 -> streamer-controller.magmasi.wavelabs.in,8443] "POST /magma.orc8r.Streamer/GetUpdates HTTP/2" 200 13536bytes 0.289s
Apr 27 00:48:48 localhost policydb[3500134]: INFO:root:Processing 223 SID -> apn -> policy updates
Apr 27 00:48:48 localhost magmad[3499983]: INFO:root:Setting logging level to INFO
Apr 27 00:48:48 localhost control_proxy[3500225]: 2022-04-27T00:48:48.265Z [127.0.0.1 -> streamer-controller.magmasi.wavelabs.in,8443] "POST /magma.orc8r.Streamer/GetUpdates HTTP/2" 200 7bytes 0.259s
Apr 27 00:48:48 localhost policydb[3500134]: INFO:root:Processing 0 rating group updates
Apr 27 00:48:49 localhost smsd[3500148]: INFO:root:mme non_eps_service_config is not SMS_ORC8R, sleeping.
Apr 27 00:48:54 localhost smsd[3500148]: INFO:root:mme non_eps_service_config is not SMS_ORC8R, sleeping.
Apr 27 00:48:55 localhost sctpd[3500334]: I0427 00:48:55.941232 3500778 sctp_connection.cpp:195] Unhandled notification type 32776
Apr 27 00:48:56 localhost sctpd[3500334]: I0427 00:48:56.081272 3500778 sctp_connection.cpp:195] Unhandled notification type 32776
Apr 27 00:48:57 localhost sctpd[3500334]: I0427 00:48:57.135275 3500778 sctp_connection.cpp:195] Unhandled notification type 32777
Apr 27 00:48:57 localhost sctpd[3500334]: I0427 00:48:57.245916 3500778 sctp_connection.cpp:195] Unhandled notification type 32777
Apr 27 00:48:57 localhost mobilityd[3500058]: INFO:root:Using GW info: {'default': {2: ('172.16.4.1', 'eth0')}, 2: [('172.16.4.1', 'eth0', True)]}
Apr 27 00:48:57 localhost mobilityd[3500058]: INFO:root:GW-v6 probe: timer started
Apr 27 00:48:57 localhost sctpd[3500334]: I0427 00:48:57.478220 3500778 sctp_connection.cpp:195] Unhandled notification type 32777
Apr 27 00:48:57 localhost sctpd[3500334]: I0427 00:48:57.589884 3500778 sctp_connection.cpp:195] Unhandled notification type 32777
Apr 27 00:48:57 localhost mme[3500735]: [DEBUG] Sending S6A-UPDATE_LOCATION_REQUEST with IMSI: 222700000000001
Apr 27 00:48:57 localhost mme[3500735]: [INFO] Received S6A-LOCATION-UPDATE_ANSWER for IMSI: 222700000000001; Status: ; StatusCode: 2001
Apr 27 00:48:57 localhost mme[3500735]: [INFO] sent itti S6A-LOCATION-UPDATE_ANSWER for IMSI: 222700000000001
Apr 27 00:48:57 localhost sctpd[3500334]: I0427 00:48:57.698428 3500778 sctp_connection.cpp:195] Unhandled notification type 32777
Apr 27 00:48:57 localhost dhclient[601]: DHCPREQUEST for 172.16.5.121 on eth1 to 172.16.5.2 port 67 (xid=0x1ea11b90)
Apr 27 00:48:58 localhost mobilityd[3500058]: DEBUG:root:Received AllocateIPAddress
Apr 27 00:48:58 localhost mobilityd[3500058]: INFO:root:GRPC message:
Apr 27 00:48:58 localhost mobilityd[3500058]:   magma.lte.AllocateIPRequest {
Apr 27 00:48:58 localhost mobilityd[3500058]:     "sid": {
Apr 27 00:48:58 localhost mobilityd[3500058]:       "id": "222700000000001"
Apr 27 00:48:58 localhost mobilityd[3500058]:     },
Apr 27 00:48:58 localhost mobilityd[3500058]:     "apn": "default"
Apr 27 00:48:58 localhost mobilityd[3500058]:   }
Apr 27 00:48:58 localhost mobilityd[3500058]: DEBUG:root:Find APN config for: IMSI222700000000001.default,ipv4
Apr 27 00:48:58 localhost mobilityd[3500058]: DEBUG:root:APN config: service_selection: "default"
Apr 27 00:48:58 localhost mobilityd[3500058]: qos_profile {
Apr 27 00:48:58 localhost mobilityd[3500058]:   class_id: 9
Apr 27 00:48:58 localhost mobilityd[3500058]:   priority_level: 15
Apr 27 00:48:58 localhost mobilityd[3500058]: }
Apr 27 00:48:58 localhost mobilityd[3500058]: ambr {
Apr 27 00:48:58 localhost mobilityd[3500058]:   max_bandwidth_ul: 100000000
Apr 27 00:48:58 localhost mobilityd[3500058]:   max_bandwidth_dl: 100000000
Apr 27 00:48:58 localhost mobilityd[3500058]: }
Apr 27 00:48:58 localhost mobilityd[3500058]: DEBUG:root:vlan: Got APN: service_selection: "default"
Apr 27 00:48:58 localhost mobilityd[3500058]: qos_profile {
Apr 27 00:48:58 localhost mobilityd[3500058]:   class_id: 9
Apr 27 00:48:58 localhost mobilityd[3500058]:   priority_level: 15
Apr 27 00:48:58 localhost mobilityd[3500058]: }
Apr 27 00:48:58 localhost mobilityd[3500058]: ambr {
