Mar 10 17:46:06 localhost sctpd[965526]: I0310 17:46:06.851910 965996 sctp_connection.cpp:193] Unhandled notification type 32777
Mar 10 17:46:06 localhost sctpd[965526]: I0310 17:46:06.851930 965996 sctp_connection.cpp:167] HandleClientSock sd = 63
Mar 10 17:46:06 localhost sctpd[965526]: I0310 17:46:06.851951 965996 sctp_connection.cpp:220] [sd:63] msg of len 22 on 3898:1
Mar 10 17:46:07 localhost sctpd[965526]: I0310 17:46:07.055022 965996 sctp_connection.cpp:167] HandleClientSock sd = 63
Mar 10 17:46:07 localhost sctpd[965526]: I0310 17:46:07.055130 965996 sctp_connection.cpp:220] [sd:63] msg of len 56 on 3898:1
Mar 10 17:46:09 localhost sctpd[965526]: I0310 17:46:09.015147 965996 sctp_connection.cpp:167] HandleClientSock sd = 63
Mar 10 17:46:09 localhost sctpd[965526]: I0310 17:46:09.015254 965996 sctp_connection.cpp:220] [sd:63] msg of len 70 on 3898:1
Mar 10 17:46:09 localhost sctpd[965526]: I0310 17:46:09.020787 965531 sctpd_downlink_impl.cpp:76] SctpdDownlinkImpl::SendDl starting
Mar 10 17:46:09 localhost sctpd[965526]: I0310 17:46:09.021638 965531 sctpd_downlink_impl.cpp:76] SctpdDownlinkImpl::SendDl starting
Mar 10 17:46:09 localhost sctpd[965526]: I0310 17:46:09.126765 965996 sctp_connection.cpp:167] HandleClientSock sd = 63
Mar 10 17:46:09 localhost sctpd[965526]: I0310 17:46:09.126870 965996 sctp_connection.cpp:220] [sd:63] msg of len 28 on 3898:1
Mar 10 17:46:09 localhost sctpd[965526]: I0310 17:46:09.239028 965996 sctp_connection.cpp:167] HandleClientSock sd = 63
Mar 10 17:46:09 localhost sctpd[965526]: I0310 17:46:09.239135 965996 sctp_connection.cpp:193] Unhandled notification type 32777
Mar 10 17:46:09 localhost sctpd[965526]: I0310 17:46:09.239156 965996 sctp_connection.cpp:167] HandleClientSock sd = 63
Mar 10 17:46:09 localhost sctpd[965526]: I0310 17:46:09.239177 965996 sctp_connection.cpp:220] [sd:63] msg of len 22 on 3898:1
Mar 10 17:46:09 localhost sctpd[965526]: I0310 17:46:09.443014 965996 sctp_connection.cpp:167] HandleClientSock sd = 63
Mar 10 17:46:09 localhost sctpd[965526]: I0310 17:46:09.443115 965996 sctp_connection.cpp:220] [sd:63] msg of len 42 on 3898:0
Mar 10 17:46:09 localhost sctpd[965526]: I0310 17:46:09.444984 965531 sctpd_downlink_impl.cpp:76] SctpdDownlinkImpl::SendDl starting
Mar 10 17:46:09 localhost sctpd[965526]: I0310 17:46:09.509716 965996 sctp_connection.cpp:167] HandleClientSock sd = 63
Mar 10 17:46:09 localhost sctpd[965526]: I0310 17:46:09.509814 965996 sctp_connection.cpp:193] Unhandled notification type 32777
Mar 10 17:46:09 localhost sctpd[965526]: I0310 17:46:09.509833 965996 sctp_connection.cpp:167] HandleClientSock sd = 63
Mar 10 17:46:09 localhost sctpd[965526]: I0310 17:46:09.509855 965996 sctp_connection.cpp:220] [sd:63] msg of len 71 on 3898:1
Mar 10 17:46:09 localhost sctpd[965526]: I0310 17:46:09.514468 965531 sctpd_downlink_impl.cpp:76] SctpdDownlinkImpl::SendDl starting
Mar 10 17:46:09 localhost sctpd[965526]: I0310 17:46:09.515228 965531 sctpd_downlink_impl.cpp:76] SctpdDownlinkImpl::SendDl starting
Mar 10 17:46:09 localhost sctpd[965526]: I0310 17:46:09.772140 965996 sctp_connection.cpp:167] HandleClientSock sd = 63
Mar 10 17:46:09 localhost sctpd[965526]: I0310 17:46:09.772238 965996 sctp_connection.cpp:193] Unhandled notification type 32777
Mar 10 17:46:09 localhost sctpd[965526]: I0310 17:46:09.772258 965996 sctp_connection.cpp:167] HandleClientSock sd = 63
Mar 10 17:46:09 localhost sctpd[965526]: I0310 17:46:09.772279 965996 sctp_connection.cpp:220] [sd:63] msg of len 22 on 3898:1
Mar 10 17:46:10 localhost smsd[965347]: INFO:root:mme non_eps_service_config is not SMS_ORC8R, sleeping.
Mar 10 17:46:15 localhost dnsmasq-dhcp[965430]: DHCPDISCOVER(eth1) fa:16:3e:2a:89:3f 
Mar 10 17:46:15 localhost dnsmasq-dhcp[965430]: DHCPOFFER(eth1) 172.16.7.251 fa:16:3e:2a:89:3f 
Mar 10 17:46:15 localhost smsd[965347]: INFO:root:mme non_eps_service_config is not SMS_ORC8R, sleeping.
Mar 10 17:46:17 localhost sctpd[965526]: I0310 17:46:17.120131 965996 sctp_connection.cpp:167] HandleClientSock sd = 63
Mar 10 17:46:17 localhost sctpd[965526]: I0310 17:46:17.120220 965996 sctp_connection.cpp:185] SCTP_SHUTDOWN_EVENT received
Mar 10 17:46:17 localhost sctpd[965526]: I0310 17:46:17.120231 965996 sctp_connection.cpp:280] Sending close connection for assoc_id 3898
Mar 10 17:46:20 localhost smsd[965347]: INFO:root:mme non_eps_service_config is not SMS_ORC8R, sleeping.
Mar 10 17:46:22 localhost dhclient[601]: DHCPREQUEST for 172.16.5.121 on eth1 to 172.16.5.2 port 67 (xid=0x4b4058b5)
Mar 10 17:46:25 localhost smsd[965347]: INFO:root:mme non_eps_service_config is not SMS_ORC8R, sleeping.
Mar 10 17:46:25 localhost magmad[965184]: INFO:root:[SyncRPC] Got heartBeat from cloud
Mar 10 17:46:26 localhost mobilityd[965259]: INFO:root:Using GW info: {'default': {2: ('172.16.4.1', 'eth0')}, 2: [('172.16.4.1', 'eth0', True)]}
Mar 10 17:46:26 localhost mobilityd[965259]: INFO:root:GW-v6 probe: timer started
Mar 10 17:46:26 localhost sctpd[965526]: I0310 17:46:26.062621 965996 sctp_connection.cpp:167] HandleClientSock sd = 64
Mar 10 17:46:26 localhost sctpd[965526]: I0310 17:46:26.062695 965996 sctp_connection.cpp:189] SCTP association change event received
Mar 10 17:46:26 localhost sctpd[965526]: I0310 17:46:26.063796 965996 sctp_connection.cpp:167] HandleClientSock sd = 64
Mar 10 17:46:26 localhost sctpd[965526]: I0310 17:46:26.063822 965996 sctp_connection.cpp:193] Unhandled notification type 32776
Mar 10 17:46:27 localhost sctpd[965526]: I0310 17:46:27.123733 965996 sctp_connection.cpp:167] HandleClientSock sd = 64
Mar 10 17:46:27 localhost sctpd[965526]: I0310 17:46:27.123842 965996 sctp_connection.cpp:220] [sd:64] msg of len 42 on 3899:0
Mar 10 17:46:27 localhost sctpd[965526]: I0310 17:46:27.126087 965531 sctpd_downlink_impl.cpp:76] SctpdDownlinkImpl::SendDl starting
Mar 10 17:46:27 localhost sctpd[965526]: I0310 17:46:27.126621 965996 sctp_connection.cpp:167] HandleClientSock sd = 64
Mar 10 17:46:27 localhost sctpd[965526]: I0310 17:46:27.126662 965996 sctp_connection.cpp:193] Unhandled notification type 32777
Mar 10 17:46:27 localhost sctpd[965526]: I0310 17:46:27.245853 965996 sctp_connection.cpp:167] HandleClientSock sd = 64
Mar 10 17:46:27 localhost sctpd[965526]: I0310 17:46:27.245965 965996 sctp_connection.cpp:220] [sd:64] msg of len 88 on 3899:1
Mar 10 17:46:27 localhost sctpd[965526]: I0310 17:46:27.261469 965531 sctpd_downlink_impl.cpp:76] SctpdDownlinkImpl::SendDl starting
Mar 10 17:46:27 localhost sctpd[965526]: I0310 17:46:27.364295 965996 sctp_connection.cpp:167] HandleClientSock sd = 64
Mar 10 17:46:27 localhost sctpd[965526]: I0310 17:46:27.364389 965996 sctp_connection.cpp:193] Unhandled notification type 32777
Mar 10 17:46:27 localhost sctpd[965526]: I0310 17:46:27.364408 965996 sctp_connection.cpp:167] HandleClientSock sd = 64
Mar 10 17:46:27 localhost sctpd[965526]: I0310 17:46:27.364429 965996 sctp_connection.cpp:220] [sd:64] msg of len 67 on 3899:1
Mar 10 17:46:27 localhost sctpd[965526]: I0310 17:46:27.368806 965531 sctpd_downlink_impl.cpp:76] SctpdDownlinkImpl::SendDl starting
Mar 10 17:46:27 localhost sctpd[965526]: I0310 17:46:27.482081 965996 sctp_connection.cpp:167] HandleClientSock sd = 64
Mar 10 17:46:27 localhost sctpd[965526]: I0310 17:46:27.482175 965996 sctp_connection.cpp:193] Unhandled notification type 32777
Mar 10 17:46:27 localhost sctpd[965526]: I0310 17:46:27.482193 965996 sctp_connection.cpp:167] HandleClientSock sd = 64
Mar 10 17:46:27 localhost sctpd[965526]: I0310 17:46:27.482215 965996 sctp_connection.cpp:220] [sd:64] msg of len 56 on 3899:1
Mar 10 17:46:27 localhost mme[965940]: [DEBUG] Sending S6A-UPDATE_LOCATION_REQUEST with IMSI: 222700000000001
Mar 10 17:46:27 localhost sctpd[965526]: I0310 17:46:27.487696 965531 sctpd_downlink_impl.cpp:76] SctpdDownlinkImpl::SendDl starting
Mar 10 17:46:27 localhost mme[965940]: [INFO] Received S6A-LOCATION-UPDATE_ANSWER for IMSI: 222700000000001; Status: ; StatusCode: 2001
Mar 10 17:46:27 localhost mme[965940]: [INFO] sent itti S6A-LOCATION-UPDATE_ANSWER for IMSI: 222700000000001
Mar 10 17:46:27 localhost sctpd[965526]: I0310 17:46:27.600270 965996 sctp_connection.cpp:167] HandleClientSock sd = 64
Mar 10 17:46:27 localhost sctpd[965526]: I0310 17:46:27.600366 965996 sctp_connection.cpp:193] Unhandled notification type 32777
Mar 10 17:46:27 localhost sctpd[965526]: I0310 17:46:27.600385 965996 sctp_connection.cpp:167] HandleClientSock sd = 64
Mar 10 17:46:27 localhost sctpd[965526]: I0310 17:46:27.600406 965996 sctp_connection.cpp:220] [sd:64] msg of len 22 on 3899:1
Mar 10 17:46:27 localhost sctpd[965526]: I0310 17:46:27.802868 965996 sctp_connection.cpp:167] HandleClientSock sd = 64
Mar 10 17:46:27 localhost sctpd[965526]: I0310 17:46:27.802965 965996 sctp_connection.cpp:220] [sd:64] msg of len 56 on 3899:1
Mar 10 17:46:27 localhost sctpd[965526]: I0310 17:46:27.803812 965996 sctp_connection.cpp:167] HandleClientSock sd = 64
Mar 10 17:46:27 localhost sctpd[965526]: I0310 17:46:27.803867 965996 sctp_connection.cpp:220] [sd:64] msg of len 82 on 3899:1
Mar 10 17:46:27 localhost mobilityd[965259]: WARNING:root:Re-allocate IP 192.168.128.236 for sid IMSI222700000000001.default,ipv4 without MME releasing it first ip-state-map
Mar 10 17:46:27 localhost mobilityd[965259]: INFO:root:Allocating the same IP 192.168.128.236 for sid IMSI222700000000001.default,ipv4
Mar 10 17:46:27 localhost mobilityd[965259]: INFO:root:Allocated IP 192.168.128.236 for sid IMSI222700000000001 for apn default
Mar 10 17:46:27 localhost sessiond[965262]: I0310 17:46:27.816017 965262 SetMessageManagerHandler.cpp:294] Duplicate request of same PDU_id 1 of IMSI IMSI222700000000001 nothing to do
Mar 10 17:46:27 localhost mme[965940]: AsyncSetAmfSessionContext fails with code 6, msg: Duplicate request
Mar 10 17:46:28 localhost dnsmasq-dhcp[965430]: DHCPDISCOVER(eth1) fa:16:3e:2a:89:3f 
Mar 10 17:46:28 localhost dnsmasq-dhcp[965430]: DHCPOFFER(eth1) 172.16.7.251 fa:16:3e:2a:89:3f 
Mar 10 17:46:29 localhost magmad[965184]: ERROR:root:Metrics upload error for service subscriberdb (chunk 0)! [StatusCode.DEADLINE_EXCEEDED] Deadline Exceeded
Mar 10 17:46:29 localhost magmad[965184]: ERROR:root:Metrics upload error for service mobilityd (chunk 0)! [StatusCode.DEADLINE_EXCEEDED] Deadline Exceeded
Mar 10 17:46:29 localhost magmad[965184]: ERROR:root:Metrics upload error for service mme (chunk 0)! [StatusCode.DEADLINE_EXCEEDED] Deadline Exceeded
Mar 10 17:46:29 localhost magmad[965184]: ERROR:root:Metrics upload error for service magmad (chunk 0)! [StatusCode.DEADLINE_EXCEEDED] Deadline Exceeded
Mar 10 17:46:29 localhost magmad[965184]: ERROR:root:Metrics upload error for service enodebd (chunk 0)! [StatusCode.DEADLINE_EXCEEDED] Deadline Exceeded
Mar 10 17:46:29 localhost magmad[965184]: ERROR:root:Metrics upload error for service pipelined (chunk 0)! [StatusCode.DEADLINE_EXCEEDED] Deadline Exceeded
Mar 10 17:46:29 localhost magmad[965184]: ERROR:root:Metrics upload error for service state (chunk 0)! [StatusCode.DEADLINE_EXCEEDED] Deadline Exceeded
Mar 10 17:46:29 localhost magmad[965184]: ERROR:root:Metrics upload error for service sessiond (chunk 0)! [StatusCode.DEADLINE_EXCEEDED] Deadline Exceeded
Mar 10 17:46:30 localhost smsd[965347]: INFO:root:mme non_eps_service_config is not SMS_ORC8R, sleeping.
Mar 10 17:46:35 localhost smsd[965347]: INFO:root:mme non_eps_service_config is not SMS_ORC8R, sleeping.
Mar 10 17:46:36 localhost dnsmasq-dhcp[965430]: DHCPDISCOVER(eth1) fa:16:3e:2a:89:3f 
Mar 10 17:46:36 localhost dnsmasq-dhcp[965430]: DHCPOFFER(eth1) 172.16.7.251 fa:16:3e:2a:89:3f 
Mar 10 17:46:40 localhost sctpd[965526]: I0310 17:46:40.068065 965996 sctp_connection.cpp:167] HandleClientSock sd = 64
Mar 10 17:46:40 localhost sctpd[965526]: I0310 17:46:40.068114 965996 sctp_connection.cpp:185] SCTP_SHUTDOWN_EVENT received
Mar 10 17:46:40 localhost sctpd[965526]: I0310 17:46:40.068120 965996 sctp_connection.cpp:280] Sending close connection for assoc_id 3899
Mar 10 17:46:40 localhost magmad[965184]: INFO:root:Setting logging level to INFO
Mar 10 17:46:40 localhost smsd[965347]: INFO:root:mme non_eps_service_config is not SMS_ORC8R, sleeping.
Mar 10 17:46:43 localhost control_proxy[965403]: 2022-03-10T17:46:42.958Z [127.0.0.1 -> streamer-controller.magmasi.wavelabs.in,8443] "POST /magma.orc8r.Streamer/GetUpdates HTTP/2" 200 91bytes 0.549s
Mar 10 17:46:43 localhost policydb[965328]: INFO:root:Processing 2 policy updates (resync=True)
Mar 10 17:46:43 localhost control_proxy[965403]: 2022-03-10T17:46:43.510Z [127.0.0.1 -> streamer-controller.magmasi.wavelabs.in,8443] "POST /magma.orc8r.Streamer/GetUpdates HTTP/2" 200 7bytes 0.273s
Mar 10 17:46:43 localhost policydb[965328]: INFO:root:Processing 0 basename -> policy updates
Mar 10 17:46:43 localhost dhclient[601]: DHCPREQUEST for 172.16.5.121 on eth1 to 172.16.5.2 port 67 (xid=0x4b4058b5)
Mar 10 17:46:44 localhost control_proxy[965403]: 2022-03-10T17:46:43.510Z [127.0.0.1 -> streamer-controller.magmasi.wavelabs.in,8443] "POST /magma.orc8r.Streamer/GetUpdates HTTP/2" 200 5113bytes 0.292s
Mar 10 17:46:44 localhost policydb[965328]: INFO:root:Processing 222 SID -> apn -> policy updates
Mar 10 17:46:44 localhost control_proxy[965403]: 2022-03-10T17:46:44.085Z [127.0.0.1 -> streamer-controller.magmasi.wavelabs.in,8443] "POST /magma.orc8r.Streamer/GetUpdates HTTP/2" 200 7bytes 0.269s
Mar 10 17:46:44 localhost policydb[965328]: INFO:root:Processing 0 rating group updates
Mar 10 17:46:45 localhost smsd[965347]: INFO:root:mme non_eps_service_config is not SMS_ORC8R, sleeping.
Mar 10 17:46:46 localhost mobilityd[965259]: INFO:root:Using GW info: {'default': {2: ('172.16.4.1', 'eth0')}, 2: [('172.16.4.1', 'eth0', True)]}
Mar 10 17:46:46 localhost mobilityd[965259]: INFO:root:GW-v6 probe: timer started
Mar 10 17:46:46 localhost dnsmasq-dhcp[965430]: DHCPDISCOVER(eth1) fa:16:3e:2a:89:3f 
Mar 10 17:46:46 localhost dnsmasq-dhcp[965430]: DHCPOFFER(eth1) 172.16.7.251 fa:16:3e:2a:89:3f 
Mar 10 17:46:50 localhost sctpd[965526]: I0310 17:46:50.166795 965996 sctp_connection.cpp:167] HandleClientSock sd = 65
Mar 10 17:46:50 localhost sctpd[965526]: I0310 17:46:50.166880 965996 sctp_connection.cpp:189] SCTP association change event received
Mar 10 17:46:50 localhost sctpd[965526]: I0310 17:46:50.167805 965996 sctp_connection.cpp:167] HandleClientSock sd = 65
Mar 10 17:46:50 localhost sctpd[965526]: I0310 17:46:50.167838 965996 sctp_connection.cpp:193] Unhandled notification type 32776
Mar 10 17:46:50 localhost smsd[965347]: INFO:root:mme non_eps_service_config is not SMS_ORC8R, sleeping.
Mar 10 17:46:51 localhost sctpd[965526]: I0310 17:46:51.224624 965996 sctp_connection.cpp:167] HandleClientSock sd = 65
Mar 10 17:46:51 localhost sctpd[965526]: I0310 17:46:51.224725 965996 sctp_connection.cpp:220] [sd:65] msg of len 42 on 3900:0
Mar 10 17:46:51 localhost sctpd[965526]: I0310 17:46:51.226769 965993 sctpd_downlink_impl.cpp:76] SctpdDownlinkImpl::SendDl starting
Mar 10 17:46:51 localhost sctpd[965526]: I0310 17:46:51.227324 965996 sctp_connection.cpp:167] HandleClientSock sd = 65
Mar 10 17:46:51 localhost sctpd[965526]: I0310 17:46:51.227386 965996 sctp_connection.cpp:193] Unhandled notification type 32777
Mar 10 17:46:55 localhost smsd[965347]: INFO:root:mme non_eps_service_config is not SMS_ORC8R, sleeping.
Mar 10 17:46:58 localhost sctpd[965526]: I0310 17:46:58.604876 965996 sctp_connection.cpp:167] HandleClientSock sd = 65
Mar 10 17:46:58 localhost sctpd[965526]: I0310 17:46:58.604986 965996 sctp_connection.cpp:185] SCTP_SHUTDOWN_EVENT received
Mar 10 17:46:58 localhost sctpd[965526]: I0310 17:46:58.605000 965996 sctp_connection.cpp:280] Sending close connection for assoc_id 3900
Mar 10 17:46:58 localhost control_proxy[965403]: 2022-03-10T17:46:58.570Z [127.0.0.1 -> state-controller.magmasi.wavelabs.in,8443] "POST /magma.orc8r.StateService/ReportStates HTTP/2" 200 5bytes 0.267s
Mar 10 17:46:58 localhost magmad[965184]: INFO:root:Checkin Successful! Successfully sent states to the cloud!
Mar 10 17:46:59 localhost dhclient[601]: DHCPREQUEST for 172.16.5.121 on eth1 to 172.16.5.2 port 67 (xid=0x4b4058b5)
Mar 10 17:47:00 localhost dnsmasq-dhcp[965430]: DHCPDISCOVER(eth1) fa:16:3e:2a:89:3f 
Mar 10 17:47:00 localhost dnsmasq-dhcp[965430]: DHCPOFFER(eth1) 172.16.7.251 fa:16:3e:2a:89:3f 
Mar 10 17:47:00 localhost smsd[965347]: INFO:root:mme non_eps_service_config is not SMS_ORC8R, sleeping.
Mar 10 17:47:05 localhost smsd[965347]: INFO:root:mme non_eps_service_config is not SMS_ORC8R, sleeping.
Mar 10 17:47:06 localhost mobilityd[965259]: INFO:root:Using GW info: {'default': {2: ('172.16.4.1', 'eth0')}, 2: [('172.16.4.1', 'eth0', True)]}
Mar 10 17:47:06 localhost mobilityd[965259]: INFO:root:GW-v6 probe: timer started
Mar 10 17:47:07 localhost sctpd[965526]: I0310 17:47:07.521162 965996 sctp_connection.cpp:167] HandleClientSock sd = 66
Mar 10 17:47:07 localhost sctpd[965526]: I0310 17:47:07.521256 965996 sctp_connection.cpp:189] SCTP association change event received
Mar 10 17:47:07 localhost sctpd[965526]: I0310 17:47:07.522051 965996 sctp_connection.cpp:167] HandleClientSock sd = 66
Mar 10 17:47:07 localhost sctpd[965526]: I0310 17:47:07.522083 965996 sctp_connection.cpp:193] Unhandled notification type 32776
Mar 10 17:47:07 localhost dnsmasq-dhcp[965430]: DHCPDISCOVER(eth1) fa:16:3e:2a:89:3f 
Mar 10 17:47:07 localhost dnsmasq-dhcp[965430]: DHCPOFFER(eth1) 172.16.7.251 fa:16:3e:2a:89:3f 
Mar 10 17:47:10 localhost smsd[965347]: INFO:root:mme non_eps_service_config is not SMS_ORC8R, sleeping.
Mar 10 17:47:13 localhost dhclient[601]: DHCPREQUEST for 172.16.5.121 on eth1 to 172.16.5.2 port 67 (xid=0x4b4058b5)
Mar 10 17:47:15 localhost smsd[965347]: INFO:root:mme non_eps_service_config is not SMS_ORC8R, sleeping.
Mar 10 17:47:17 localhost sctpd[965526]: I0310 17:47:17.285187 965996 sctp_connection.cpp:167] HandleClientSock sd = 66
Mar 10 17:47:17 localhost sctpd[965526]: I0310 17:47:17.285297 965996 sctp_connection.cpp:220] [sd:66] msg of len 42 on 3901:0
Mar 10 17:47:17 localhost sctpd[965526]: I0310 17:47:17.287348 965531 sctpd_downlink_impl.cpp:76] SctpdDownlinkImpl::SendDl starting
Mar 10 17:47:17 localhost sctpd[965526]: I0310 17:47:17.287909 965996 sctp_connection.cpp:167] HandleClientSock sd = 66
Mar 10 17:47:17 localhost sctpd[965526]: I0310 17:47:17.287961 965996 sctp_connection.cpp:193] Unhandled notification type 32777
Mar 10 17:47:17 localhost sctpd[965526]: I0310 17:47:17.403612 965996 sctp_connection.cpp:167] HandleClientSock sd = 66
Mar 10 17:47:17 localhost sctpd[965526]: I0310 17:47:17.403725 965996 sctp_connection.cpp:220] [sd:66] msg of len 42 on 3901:0
Mar 10 17:47:17 localhost sctpd[965526]: I0310 17:47:17.405571 965993 sctpd_downlink_impl.cpp:76] SctpdDownlinkImpl::SendDl starting
Mar 10 17:47:17 localhost sctpd[965526]: I0310 17:47:17.522291 965996 sctp_connection.cpp:167] HandleClientSock sd = 66
Mar 10 17:47:17 localhost sctpd[965526]: I0310 17:47:17.522387 965996 sctp_connection.cpp:193] Unhandled notification type 32777
Mar 10 17:47:17 localhost sctpd[965526]: I0310 17:47:17.522406 965996 sctp_connection.cpp:167] HandleClientSock sd = 66
Mar 10 17:47:17 localhost sctpd[965526]: I0310 17:47:17.522428 965996 sctp_connection.cpp:220] [sd:66] msg of len 88 on 3901:1
Mar 10 17:47:17 localhost sctpd[965526]: I0310 17:47:17.538587 965993 sctpd_downlink_impl.cpp:76] SctpdDownlinkImpl::SendDl starting
Mar 10 17:47:17 localhost sctpd[965526]: I0310 17:47:17.641393 965996 sctp_connection.cpp:167] HandleClientSock sd = 66
Mar 10 17:47:17 localhost sctpd[965526]: I0310 17:47:17.641494 965996 sctp_connection.cpp:193] Unhandled notification type 32777
Mar 10 17:47:17 localhost sctpd[965526]: I0310 17:47:17.641511 965996 sctp_connection.cpp:167] HandleClientSock sd = 66
Mar 10 17:47:17 localhost sctpd[965526]: I0310 17:47:17.641535 965996 sctp_connection.cpp:220] [sd:66] msg of len 67 on 3901:1
Mar 10 17:47:17 localhost sctpd[965526]: I0310 17:47:17.646315 965993 sctpd_downlink_impl.cpp:76] SctpdDownlinkImpl::SendDl starting
Mar 10 17:47:17 localhost sctpd[965526]: I0310 17:47:17.759948 965996 sctp_connection.cpp:167] HandleClientSock sd = 66
Mar 10 17:47:17 localhost sctpd[965526]: I0310 17:47:17.760035 965996 sctp_connection.cpp:193] Unhandled notification type 32777
Mar 10 17:47:17 localhost sctpd[965526]: I0310 17:47:17.760054 965996 sctp_connection.cpp:167] HandleClientSock sd = 66
Mar 10 17:47:17 localhost sctpd[965526]: I0310 17:47:17.760075 965996 sctp_connection.cpp:220] [sd:66] msg of len 56 on 3901:1
Mar 10 17:47:17 localhost mme[965940]: [DEBUG] Sending S6A-UPDATE_LOCATION_REQUEST with IMSI: 222700000000001
Mar 10 17:47:17 localhost sctpd[965526]: I0310 17:47:17.765806 965993 sctpd_downlink_impl.cpp:76] SctpdDownlinkImpl::SendDl starting
Mar 10 17:47:17 localhost mme[965940]: [INFO] Received S6A-LOCATION-UPDATE_ANSWER for IMSI: 222700000000001; Status: ; StatusCode: 2001
Mar 10 17:47:17 localhost mme[965940]: [INFO] sent itti S6A-LOCATION-UPDATE_ANSWER for IMSI: 222700000000001
Mar 10 17:47:17 localhost sctpd[965526]: I0310 17:47:17.874861 965996 sctp_connection.cpp:167] HandleClientSock sd = 66
Mar 10 17:47:17 localhost sctpd[965526]: I0310 17:47:17.874967 965996 sctp_connection.cpp:193] Unhandled notification type 32777
Mar 10 17:47:17 localhost sctpd[965526]: I0310 17:47:17.874986 965996 sctp_connection.cpp:167] HandleClientSock sd = 66
Mar 10 17:47:17 localhost sctpd[965526]: I0310 17:47:17.875007 965996 sctp_connection.cpp:220] [sd:66] msg of len 22 on 3901:1
Mar 10 17:47:18 localhost sctpd[965526]: I0310 17:47:18.078933 965996 sctp_connection.cpp:167] HandleClientSock sd = 66
Mar 10 17:47:18 localhost sctpd[965526]: I0310 17:47:18.079039 965996 sctp_connection.cpp:220] [sd:66] msg of len 70 on 3901:1
Mar 10 17:47:18 localhost sctpd[965526]: I0310 17:47:18.085024 965993 sctpd_downlink_impl.cpp:76] SctpdDownlinkImpl::SendDl starting
Mar 10 17:47:18 localhost sctpd[965526]: I0310 17:47:18.085609 965993 sctpd_downlink_impl.cpp:76] SctpdDownlinkImpl::SendDl starting
Mar 10 17:47:18 localhost dnsmasq-dhcp[965430]: DHCPDISCOVER(eth1) fa:16:3e:2a:89:3f 
Mar 10 17:47:18 localhost dnsmasq-dhcp[965430]: DHCPOFFER(eth1) 172.16.7.251 fa:16:3e:2a:89:3f 
Mar 10 17:47:18 localhost sctpd[965526]: I0310 17:47:18.342438 965996 sctp_connection.cpp:167] HandleClientSock sd = 66
Mar 10 17:47:18 localhost sctpd[965526]: I0310 17:47:18.342559 965996 sctp_connection.cpp:193] Unhandled notification type 32777
Mar 10 17:47:18 localhost sctpd[965526]: I0310 17:47:18.342588 965996 sctp_connection.cpp:167] HandleClientSock sd = 66
Mar 10 17:47:18 localhost sctpd[965526]: I0310 17:47:18.342617 965996 sctp_connection.cpp:220] [sd:66] msg of len 22 on 3901:1
Mar 10 17:47:18 localhost sctpd[965526]: I0310 17:47:18.543112 965996 sctp_connection.cpp:167] HandleClientSock sd = 66
Mar 10 17:47:18 localhost sctpd[965526]: I0310 17:47:18.543215 965996 sctp_connection.cpp:220] [sd:66] msg of len 56 on 3901:1
Mar 10 17:47:20 localhost smsd[965347]: INFO:root:mme non_eps_service_config is not SMS_ORC8R, sleeping.
Mar 10 17:47:23 localhost dhclient[601]: DHCPREQUEST for 172.16.5.121 on eth1 to 172.16.5.2 port 67 (xid=0x4b4058b5)
Mar 10 17:47:25 localhost magmad[965184]: INFO:root:[SyncRPC] Got heartBeat from cloud
Mar 10 17:47:25 localhost smsd[965347]: INFO:root:mme non_eps_service_config is not SMS_ORC8R, sleeping.
Mar 10 17:47:25 localhost control_proxy[965403]: 2022-03-10T17:46:25.575Z [127.0.0.1 -> streamer-controller.magmasi.wavelabs.in,8443] "POST /magma.orc8r.Streamer/GetUpdates HTTP/2" 200 0bytes 60.264s
Mar 10 17:47:25 localhost magmad[965184]: ERROR:root:Error! Streaming from the cloud failed! [StatusCode.ABORTED] error while streaming updates: rpc error: code = DeadlineExceeded desc = context deadline exceeded
Mar 10 17:47:26 localhost mobilityd[965259]: INFO:root:Using GW info: {'default': {2: ('172.16.4.1', 'eth0')}, 2: [('172.16.4.1', 'eth0', True)]}
Mar 10 17:47:26 localhost mobilityd[965259]: INFO:root:GW-v6 probe: timer started
Mar 10 17:47:26 localhost sctpd[965526]: I0310 17:47:26.829238 965996 sctp_connection.cpp:167] HandleClientSock sd = 66
Mar 10 17:47:26 localhost sctpd[965526]: I0310 17:47:26.829334 965996 sctp_connection.cpp:185] SCTP_SHUTDOWN_EVENT received
Mar 10 17:47:26 localhost sctpd[965526]: I0310 17:47:26.829345 965996 sctp_connection.cpp:280] Sending close connection for assoc_id 3901
Mar 10 17:47:29 localhost magmad[965184]: ERROR:root:Metrics upload error for service subscriberdb (chunk 0)! [StatusCode.DEADLINE_EXCEEDED] Deadline Exceeded
Mar 10 17:47:29 localhost magmad[965184]: ERROR:root:Metrics upload error for service mobilityd (chunk 0)! [StatusCode.DEADLINE_EXCEEDED] Deadline Exceeded
Mar 10 17:47:29 localhost magmad[965184]: ERROR:root:Metrics upload error for service mme (chunk 0)! [StatusCode.DEADLINE_EXCEEDED] Deadline Exceeded
Mar 10 17:47:29 localhost magmad[965184]: ERROR:root:Metrics upload error for service magmad (chunk 0)! [StatusCode.DEADLINE_EXCEEDED] Deadline Exceeded
Mar 10 17:47:29 localhost magmad[965184]: ERROR:root:Metrics upload error for service enodebd (chunk 0)! [StatusCode.DEADLINE_EXCEEDED] Deadline Exceeded
Mar 10 17:47:29 localhost magmad[965184]: ERROR:root:Metrics upload error for service pipelined (chunk 0)! [StatusCode.DEADLINE_EXCEEDED] Deadline Exceeded
Mar 10 17:47:29 localhost magmad[965184]: ERROR:root:Metrics upload error for service state (chunk 0)! [StatusCode.DEADLINE_EXCEEDED] Deadline Exceeded
Mar 10 17:47:29 localhost magmad[965184]: ERROR:root:Metrics upload error for service sessiond (chunk 0)! [StatusCode.DEADLINE_EXCEEDED] Deadline Exceeded
Mar 10 17:47:30 localhost smsd[965347]: INFO:root:mme non_eps_service_config is not SMS_ORC8R, sleeping.
Mar 10 17:47:32 localhost dnsmasq-dhcp[965430]: DHCPDISCOVER(eth1) fa:16:3e:2a:89:3f 
Mar 10 17:47:32 localhost dnsmasq-dhcp[965430]: DHCPOFFER(eth1) 172.16.7.251 fa:16:3e:2a:89:3f 
Mar 10 17:47:33 localhost dhclient[601]: DHCPREQUEST for 172.16.5.121 on eth1 to 172.16.5.2 port 67 (xid=0x4b4058b5)
Mar 10 17:47:35 localhost smsd[965347]: INFO:root:mme non_eps_service_config is not SMS_ORC8R, sleeping.
Mar 10 17:47:36 localhost sctpd[965526]: I0310 17:47:36.314652 965996 sctp_connection.cpp:167] HandleClientSock sd = 67
Mar 10 17:47:36 localhost sctpd[965526]: I0310 17:47:36.314771 965996 sctp_connection.cpp:189] SCTP association change event received
Mar 10 17:47:36 localhost sctpd[965526]: I0310 17:47:36.315677 965996 sctp_connection.cpp:167] HandleClientSock sd = 67
Mar 10 17:47:36 localhost sctpd[965526]: I0310 17:47:36.315707 965996 sctp_connection.cpp:193] Unhandled notification type 32776
Mar 10 17:47:36 localhost sctpd[965526]: I0310 17:47:36.425158 965996 sctp_connection.cpp:167] HandleClientSock sd = 68
Mar 10 17:47:36 localhost sctpd[965526]: I0310 17:47:36.425247 965996 sctp_connection.cpp:189] SCTP association change event received
Mar 10 17:47:36 localhost sctpd[965526]: I0310 17:47:36.425931 965996 sctp_connection.cpp:167] HandleClientSock sd = 68
Mar 10 17:47:36 localhost sctpd[965526]: I0310 17:47:36.425976 965996 sctp_connection.cpp:193] Unhandled notification type 32776
Mar 10 17:47:37 localhost sctpd[965526]: I0310 17:47:37.484771 965996 sctp_connection.cpp:167] HandleClientSock sd = 67
Mar 10 17:47:37 localhost sctpd[965526]: I0310 17:47:37.484905 965996 sctp_connection.cpp:220] [sd:67] msg of len 42 on 3902:0
Mar 10 17:47:37 localhost sctpd[965526]: I0310 17:47:37.487839 965993 sctpd_downlink_impl.cpp:76] SctpdDownlinkImpl::SendDl starting
Mar 10 17:47:37 localhost sctpd[965526]: I0310 17:47:37.488324 965996 sctp_connection.cpp:167] HandleClientSock sd = 67
Mar 10 17:47:37 localhost sctpd[965526]: I0310 17:47:37.488370 965996 sctp_connection.cpp:193] Unhandled notification type 32777
Mar 10 17:47:37 localhost sctpd[965526]: I0310 17:47:37.599793 965996 sctp_connection.cpp:167] HandleClientSock sd = 68
Mar 10 17:47:37 localhost sctpd[965526]: I0310 17:47:37.599896 965996 sctp_connection.cpp:220] [sd:68] msg of len 42 on 3903:0
Mar 10 17:47:37 localhost sctpd[965526]: I0310 17:47:37.601878 965531 sctpd_downlink_impl.cpp:76] SctpdDownlinkImpl::SendDl starting
Mar 10 17:47:37 localhost sctpd[965526]: I0310 17:47:37.602471 965996 sctp_connection.cpp:167] HandleClientSock sd = 68
Mar 10 17:47:37 localhost sctpd[965526]: I0310 17:47:37.602528 965996 sctp_connection.cpp:193] Unhandled notification type 32777
Mar 10 17:47:37 localhost sctpd[965526]: I0310 17:47:37.705734 965996 sctp_connection.cpp:167] HandleClientSock sd = 68
Mar 10 17:47:37 localhost sctpd[965526]: I0310 17:47:37.705852 965996 sctp_connection.cpp:220] [sd:68] msg of len 83 on 3903:1
Mar 10 17:47:37 localhost sctpd[965526]: I0310 17:47:37.720327 965531 sctpd_downlink_impl.cpp:76] SctpdDownlinkImpl::SendDl starting
Mar 10 17:47:37 localhost sctpd[965526]: I0310 17:47:37.811992 965996 sctp_connection.cpp:167] HandleClientSock sd = 68
Mar 10 17:47:37 localhost sctpd[965526]: I0310 17:47:37.812088 965996 sctp_connection.cpp:193] Unhandled notification type 32777
Mar 10 17:47:37 localhost sctpd[965526]: I0310 17:47:37.812114 965996 sctp_connection.cpp:167] HandleClientSock sd = 68
Mar 10 17:47:37 localhost sctpd[965526]: I0310 17:47:37.812144 965996 sctp_connection.cpp:220] [sd:68] msg of len 67 on 3903:1
Mar 10 17:47:37 localhost sctpd[965526]: I0310 17:47:37.816596 965531 sctpd_downlink_impl.cpp:76] SctpdDownlinkImpl::SendDl starting
Mar 10 17:47:37 localhost sctpd[965526]: I0310 17:47:37.925935 965996 sctp_connection.cpp:167] HandleClientSock sd = 68
Mar 10 17:47:37 localhost sctpd[965526]: I0310 17:47:37.926036 965996 sctp_connection.cpp:193] Unhandled notification type 32777
Mar 10 17:47:37 localhost sctpd[965526]: I0310 17:47:37.926055 965996 sctp_connection.cpp:167] HandleClientSock sd = 68
Mar 10 17:47:37 localhost sctpd[965526]: I0310 17:47:37.926082 965996 sctp_connection.cpp:220] [sd:68] msg of len 56 on 3903:1
Mar 10 17:47:37 localhost mme[965940]: [DEBUG] Sending S6A-UPDATE_LOCATION_REQUEST with IMSI: 222700000000001
Mar 10 17:47:37 localhost sctpd[965526]: I0310 17:47:37.932190 965531 sctpd_downlink_impl.cpp:76] SctpdDownlinkImpl::SendDl starting
Mar 10 17:47:37 localhost mme[965940]: [INFO] Received S6A-LOCATION-UPDATE_ANSWER for IMSI: 222700000000001; Status: ; StatusCode: 2001
Mar 10 17:47:37 localhost mme[965940]: [INFO] sent itti S6A-LOCATION-UPDATE_ANSWER for IMSI: 222700000000001
Mar 10 17:47:37 localhost sctpd[965526]: I0310 17:47:37.985648 965996 sctp_connection.cpp:167] HandleClientSock sd = 68
Mar 10 17:47:37 localhost sctpd[965526]: I0310 17:47:37.985743 965996 sctp_connection.cpp:193] Unhandled notification type 32777
Mar 10 17:47:37 localhost sctpd[965526]: I0310 17:47:37.985761 965996 sctp_connection.cpp:167] HandleClientSock sd = 68
Mar 10 17:47:37 localhost sctpd[965526]: I0310 17:47:37.985785 965996 sctp_connection.cpp:220] [sd:68] msg of len 56 on 3903:1
Mar 10 17:47:39 localhost dnsmasq-dhcp[965430]: DHCPDISCOVER(eth1) fa:16:3e:2a:89:3f 
Mar 10 17:47:39 localhost dnsmasq-dhcp[965430]: DHCPOFFER(eth1) 172.16.7.251 fa:16:3e:2a:89:3f 
Mar 10 17:47:40 localhost sctpd[965526]: I0310 17:47:40.144359 965996 sctp_connection.cpp:167] HandleClientSock sd = 68
Mar 10 17:47:40 localhost sctpd[965526]: I0310 17:47:40.144484 965996 sctp_connection.cpp:220] [sd:68] msg of len 82 on 3903:1
Mar 10 17:47:40 localhost mobilityd[965259]: WARNING:root:Re-allocate IP 192.168.128.236 for sid IMSI222700000000001.default,ipv4 without MME releasing it first ip-state-map
Mar 10 17:47:40 localhost mobilityd[965259]: INFO:root:Allocating the same IP 192.168.128.236 for sid IMSI222700000000001.default,ipv4
Mar 10 17:47:40 localhost mobilityd[965259]: INFO:root:Allocated IP 192.168.128.236 for sid IMSI222700000000001 for apn default
Mar 10 17:47:40 localhost sessiond[965262]: I0310 17:47:40.153748 965262 SetMessageManagerHandler.cpp:294] Duplicate request of same PDU_id 1 of IMSI IMSI222700000000001 nothing to do
Mar 10 17:47:40 localhost mme[965940]: AsyncSetAmfSessionContext fails with code 6, msg: Duplicate request
Mar 10 17:47:40 localhost smsd[965347]: INFO:root:mme non_eps_service_config is not SMS_ORC8R, sleeping.
Mar 10 17:47:40 localhost dhclient[601]: DHCPREQUEST for 172.16.5.121 on eth1 to 172.16.5.2 port 67 (xid=0x4b4058b5)
Mar 10 17:47:42 localhost sctpd[965526]: I0310 17:47:42.361487 965996 sctp_connection.cpp:167] HandleClientSock sd = 68
Mar 10 17:47:42 localhost sctpd[965526]: I0310 17:47:42.361599 965996 sctp_connection.cpp:220] [sd:68] msg of len 74 on 3903:1
Mar 10 17:47:42 localhost mme[965940]: InitiatingMessage ::= {
Mar 10 17:47:42 localhost mme[965940]:     procedureCode: 28
Mar 10 17:47:42 localhost mme[965940]:     criticality: 1 (ignore)
Mar 10 17:47:42 localhost mme[965940]:     value: PDUSessionResourceReleaseCommand ::= {
Mar 10 17:47:42 localhost mme[965940]:         protocolIEs: ProtocolIE-Container ::= {
Mar 10 17:47:42 localhost mme[965940]:             PDUSessionResourceReleaseCommandIEs ::= {
Mar 10 17:47:42 localhost mme[965940]:                 id: 10
Mar 10 17:47:42 localhost mme[965940]:                 criticality: 0 (reject)
Mar 10 17:47:42 localhost mme[965940]:                 value: 60
Mar 10 17:47:42 localhost mme[965940]:             }
Mar 10 17:47:42 localhost mme[965940]:             PDUSessionResourceReleaseCommandIEs ::= {
Mar 10 17:47:42 localhost mme[965940]:                 id: 85
Mar 10 17:47:42 localhost mme[965940]:                 criticality: 0 (reject)
Mar 10 17:47:42 localhost mme[965940]:                 value: 4294967295
Mar 10 17:47:42 localhost mme[965940]:             }
Mar 10 17:47:42 localhost mme[965940]:             PDUSessionResourceReleaseCommandIEs ::= {
Mar 10 17:47:42 localhost mme[965940]:                 id: 38
Mar 10 17:47:42 localhost mme[965940]:                 criticality: 0 (reject)
Mar 10 17:47:42 localhost mme[965940]:                 value:
Mar 10 17:47:42 localhost mme[965940]:                     7E 01 3C 44 FA BF 02 7E 00 68 01 00 05 2E 01 01
Mar 10 17:47:42 localhost mme[965940]:                     D3 24 12 01
Mar 10 17:47:42 localhost mme[965940]:             }
Mar 10 17:47:42 localhost mme[965940]:             PDUSessionResourceReleaseCommandIEs ::= {
Mar 10 17:47:42 localhost mme[965940]:                 id: 79
Mar 10 17:47:42 localhost mme[965940]:                 criticality: 0 (reject)
Mar 10 17:47:42 localhost mme[965940]:                 value: PDUSessionResourceToReleaseListRelCmd ::= {
Mar 10 17:47:42 localhost mme[965940]:                 }
Mar 10 17:47:42 localhost mme[965940]:             }
Mar 10 17:47:42 localhost mme[965940]:         }
Mar 10 17:47:42 localhost mme[965940]:     }
Mar 10 17:47:42 localhost mme[965940]: }
Mar 10 17:47:42 localhost sctpd[965526]: I0310 17:47:42.367555 965531 sctpd_downlink_impl.cpp:76] SctpdDownlinkImpl::SendDl starting
Mar 10 17:47:42 localhost sctpd[965526]: I0310 17:47:42.420847 965996 sctp_connection.cpp:167] HandleClientSock sd = 68
Mar 10 17:47:42 localhost sctpd[965526]: I0310 17:47:42.420924 965996 sctp_connection.cpp:193] Unhandled notification type 32777
Mar 10 17:47:42 localhost sctpd[965526]: I0310 17:47:42.420938 965996 sctp_connection.cpp:167] HandleClientSock sd = 68
Mar 10 17:47:42 localhost sctpd[965526]: I0310 17:47:42.420956 965996 sctp_connection.cpp:220] [sd:68] msg of len 70 on 3903:1
Mar 10 17:47:42 localhost sctpd[965526]: I0310 17:47:42.623131 965996 sctp_connection.cpp:167] HandleClientSock sd = 68
Mar 10 17:47:42 localhost sctpd[965526]: I0310 17:47:42.623234 965996 sctp_connection.cpp:220] [sd:68] msg of len 72 on 3903:1
Mar 10 17:47:44 localhost control_proxy[965403]: 2022-03-10T17:47:44.412Z [127.0.0.1 -> streamer-controller.magmasi.wavelabs.in,8443] "POST /magma.orc8r.Streamer/GetUpdates HTTP/2" 200 91bytes 0.547s
Mar 10 17:47:44 localhost policydb[965328]: INFO:root:Processing 2 policy updates (resync=True)
Mar 10 17:47:45 localhost control_proxy[965403]: 2022-03-10T17:47:44.412Z [127.0.0.1 -> streamer-controller.magmasi.wavelabs.in,8443] "POST /magma.orc8r.Streamer/GetUpdates HTTP/2" 200 7bytes 0.281s
Mar 10 17:47:45 localhost policydb[965328]: INFO:root:Processing 0 basename -> policy updates
Mar 10 17:47:45 localhost control_proxy[965403]: 2022-03-10T17:47:45.246Z [127.0.0.1 -> streamer-controller.magmasi.wavelabs.in,8443] "POST /magma.orc8r.Streamer/GetUpdates HTTP/2" 200 5113bytes 0.292s
Mar 10 17:47:45 localhost policydb[965328]: INFO:root:Processing 222 SID -> apn -> policy updates
Mar 10 17:47:45 localhost smsd[965347]: INFO:root:mme non_eps_service_config is not SMS_ORC8R, sleeping.
Mar 10 17:47:45 localhost control_proxy[965403]: 2022-03-10T17:47:45.246Z [127.0.0.1 -> streamer-controller.magmasi.wavelabs.in,8443] "POST /magma.orc8r.Streamer/GetUpdates HTTP/2" 200 7bytes 0.274s
Mar 10 17:47:45 localhost policydb[965328]: INFO:root:Processing 0 rating group updates
Mar 10 17:47:46 localhost mobilityd[965259]: INFO:root:Using GW info: {'default': {2: ('172.16.4.1', 'eth0')}, 2: [('172.16.4.1', 'eth0', True)]}
Mar 10 17:47:46 localhost mobilityd[965259]: INFO:root:GW-v6 probe: timer started
Mar 10 17:47:50 localhost dnsmasq-dhcp[965430]: DHCPDISCOVER(eth1) fa:16:3e:2a:89:3f 
Mar 10 17:47:50 localhost dnsmasq-dhcp[965430]: DHCPOFFER(eth1) 172.16.7.251 fa:16:3e:2a:89:3f 
Mar 10 17:47:50 localhost smsd[965347]: INFO:root:mme non_eps_service_config is not SMS_ORC8R, sleeping.
Mar 10 17:47:51 localhost dhclient[601]: DHCPREQUEST for 172.16.5.121 on eth1 to 172.16.5.2 port 67 (xid=0x4b4058b5)
Mar 10 17:47:51 localhost sctpd[965526]: I0310 17:47:51.916456 965996 sctp_connection.cpp:167] HandleClientSock sd = 67
Mar 10 17:47:51 localhost sctpd[965526]: I0310 17:47:51.916579 965996 sctp_connection.cpp:185] SCTP_SHUTDOWN_EVENT received
Mar 10 17:47:51 localhost sctpd[965526]: I0310 17:47:51.916592 965996 sctp_connection.cpp:280] Sending close connection for assoc_id 3902
Mar 10 17:47:51 localhost sctpd[965526]: I0310 17:47:51.965715 965996 sctp_connection.cpp:167] HandleClientSock sd = 68
Mar 10 17:47:51 localhost sctpd[965526]: I0310 17:47:51.965823 965996 sctp_connection.cpp:185] SCTP_SHUTDOWN_EVENT received
Mar 10 17:47:51 localhost sctpd[965526]: I0310 17:47:51.965835 965996 sctp_connection.cpp:280] Sending close connection for assoc_id 3903
Mar 10 17:47:55 localhost smsd[965347]: INFO:root:mme non_eps_service_config is not SMS_ORC8R, sleeping.
Mar 10 17:47:58 localhost sctpd[965526]: I0310 17:47:58.373275 965531 sctpd_downlink_impl.cpp:76] SctpdDownlinkImpl::SendDl starting
Mar 10 17:47:59 localhost magmad[965184]: INFO:root:Setting logging level to INFO
Mar 10 17:48:00 localhost smsd[965347]: INFO:root:mme non_eps_service_config is not SMS_ORC8R, sleeping.
Mar 10 17:48:00 localhost sctpd[965526]: I0310 17:48:00.882783 965996 sctp_connection.cpp:167] HandleClientSock sd = 69
Mar 10 17:48:00 localhost sctpd[965526]: I0310 17:48:00.882875 965996 sctp_connection.cpp:189] SCTP association change event received
Mar 10 17:48:00 localhost sctpd[965526]: I0310 17:48:00.884341 965996 sctp_connection.cpp:167] HandleClientSock sd = 69
Mar 10 17:48:00 localhost sctpd[965526]: I0310 17:48:00.884425 965996 sctp_connection.cpp:193] Unhandled notification type 32776
Mar 10 17:48:04 localhost dnsmasq-dhcp[965430]: DHCPDISCOVER(eth1) fa:16:3e:2a:89:3f 
Mar 10 17:48:04 localhost dnsmasq-dhcp[965430]: DHCPOFFER(eth1) 172.16.7.251 fa:16:3e:2a:89:3f 
Mar 10 17:48:05 localhost smsd[965347]: INFO:root:mme non_eps_service_config is not SMS_ORC8R, sleeping.
Mar 10 17:48:06 localhost mobilityd[965259]: INFO:root:Using GW info: {'default': {2: ('172.16.4.1', 'eth0')}, 2: [('172.16.4.1', 'eth0', True)]}
Mar 10 17:48:06 localhost mobilityd[965259]: INFO:root:GW-v6 probe: timer started
Mar 10 17:48:10 localhost dhclient[601]: DHCPREQUEST for 172.16.5.121 on eth1 to 172.16.5.2 port 67 (xid=0x4b4058b5)
Mar 10 17:48:10 localhost sctpd[965526]: I0310 17:48:10.633047 965996 sctp_connection.cpp:167] HandleClientSock sd = 69
Mar 10 17:48:10 localhost sctpd[965526]: I0310 17:48:10.633154 965996 sctp_connection.cpp:220] [sd:69] msg of len 42 on 3904:0
Mar 10 17:48:10 localhost sctpd[965526]: I0310 17:48:10.635211 965993 sctpd_downlink_impl.cpp:76] SctpdDownlinkImpl::SendDl starting
Mar 10 17:48:10 localhost sctpd[965526]: I0310 17:48:10.635924 965996 sctp_connection.cpp:167] HandleClientSock sd = 69
Mar 10 17:48:10 localhost sctpd[965526]: I0310 17:48:10.636009 965996 sctp_connection.cpp:193] Unhandled notification type 32777
Mar 10 17:48:10 localhost smsd[965347]: INFO:root:mme non_eps_service_config is not SMS_ORC8R, sleeping.
Mar 10 17:48:10 localhost sctpd[965526]: I0310 17:48:10.746599 965996 sctp_connection.cpp:167] HandleClientSock sd = 69
Mar 10 17:48:10 localhost sctpd[965526]: I0310 17:48:10.746645 965996 sctp_connection.cpp:220] [sd:69] msg of len 42 on 3904:0
Mar 10 17:48:10 localhost sctpd[965526]: I0310 17:48:10.747938 965993 sctpd_downlink_impl.cpp:76] SctpdDownlinkImpl::SendDl starting
Mar 10 17:48:10 localhost sctpd[965526]: I0310 17:48:10.855536 965996 sctp_connection.cpp:167] HandleClientSock sd = 69
Mar 10 17:48:10 localhost sctpd[965526]: I0310 17:48:10.855597 965996 sctp_connection.cpp:193] Unhandled notification type 32777
Mar 10 17:48:10 localhost sctpd[965526]: I0310 17:48:10.855607 965996 sctp_connection.cpp:167] HandleClientSock sd = 69
Mar 10 17:48:10 localhost sctpd[965526]: I0310 17:48:10.855618 965996 sctp_connection.cpp:220] [sd:69] msg of len 83 on 3904:1
Mar 10 17:48:10 localhost sctpd[965526]: I0310 17:48:10.869194 965531 sctpd_downlink_impl.cpp:76] SctpdDownlinkImpl::SendDl starting
Mar 10 17:48:10 localhost sctpd[965526]: I0310 17:48:10.971477 965996 sctp_connection.cpp:167] HandleClientSock sd = 69
Mar 10 17:48:10 localhost sctpd[965526]: I0310 17:48:10.971537 965996 sctp_connection.cpp:193] Unhandled notification type 32777
Mar 10 17:48:10 localhost sctpd[965526]: I0310 17:48:10.971547 965996 sctp_connection.cpp:167] HandleClientSock sd = 69
Mar 10 17:48:10 localhost sctpd[965526]: I0310 17:48:10.971560 965996 sctp_connection.cpp:220] [sd:69] msg of len 67 on 3904:1
Mar 10 17:48:10 localhost sctpd[965526]: I0310 17:48:10.974341 965531 sctpd_downlink_impl.cpp:76] SctpdDownlinkImpl::SendDl starting
Mar 10 17:48:11 localhost sctpd[965526]: I0310 17:48:11.084533 965996 sctp_connection.cpp:167] HandleClientSock sd = 69
Mar 10 17:48:11 localhost sctpd[965526]: I0310 17:48:11.084596 965996 sctp_connection.cpp:193] Unhandled notification type 32777
Mar 10 17:48:11 localhost sctpd[965526]: I0310 17:48:11.084605 965996 sctp_connection.cpp:167] HandleClientSock sd = 69
Mar 10 17:48:11 localhost sctpd[965526]: I0310 17:48:11.084617 965996 sctp_connection.cpp:220] [sd:69] msg of len 56 on 3904:1
Mar 10 17:48:11 localhost mme[965940]: [DEBUG] Sending S6A-UPDATE_LOCATION_REQUEST with IMSI: 222700000000001
Mar 10 17:48:11 localhost sctpd[965526]: I0310 17:48:11.090029 965531 sctpd_downlink_impl.cpp:76] SctpdDownlinkImpl::SendDl starting
Mar 10 17:48:11 localhost mme[965940]: [INFO] Received S6A-LOCATION-UPDATE_ANSWER for IMSI: 222700000000001; Status: ; StatusCode: 2001
Mar 10 17:48:11 localhost mme[965940]: [INFO] sent itti S6A-LOCATION-UPDATE_ANSWER for IMSI: 222700000000001
Mar 10 17:48:11 localhost sctpd[965526]: I0310 17:48:11.293884 965996 sctp_connection.cpp:167] HandleClientSock sd = 69
Mar 10 17:48:11 localhost sctpd[965526]: I0310 17:48:11.293941 965996 sctp_connection.cpp:193] Unhandled notification type 32777
Mar 10 17:48:11 localhost dnsmasq-dhcp[965430]: DHCPDISCOVER(eth1) fa:16:3e:2a:89:3f 
Mar 10 17:48:11 localhost dnsmasq-dhcp[965430]: DHCPOFFER(eth1) 172.16.7.251 fa:16:3e:2a:89:3f 
Mar 10 17:48:14 localhost sctpd[965526]: I0310 17:48:14.379499 965531 sctpd_downlink_impl.cpp:76] SctpdDownlinkImpl::SendDl starting
Mar 10 17:48:15 localhost smsd[965347]: INFO:root:mme non_eps_service_config is not SMS_ORC8R, sleeping.
Mar 10 17:48:17 localhost mme[965940]: [DEBUG] Sending S6A-UPDATE_LOCATION_REQUEST with IMSI: 222700000000001
Mar 10 17:48:17 localhost sctpd[965526]: I0310 17:48:17.095697 965531 sctpd_downlink_impl.cpp:76] SctpdDownlinkImpl::SendDl starting
Mar 10 17:48:17 localhost mme[965940]: [INFO] Received S6A-LOCATION-UPDATE_ANSWER for IMSI: 222700000000001; Status: ; StatusCode: 2001
Mar 10 17:48:17 localhost mme[965940]: [INFO] sent itti S6A-LOCATION-UPDATE_ANSWER for IMSI: 222700000000001
Mar 10 17:48:17 localhost sctpd[965526]: I0310 17:48:17.298135 965996 sctp_connection.cpp:167] HandleClientSock sd = 69
Mar 10 17:48:17 localhost sctpd[965526]: I0310 17:48:17.298277 965996 sctp_connection.cpp:193] Unhandled notification type 32777
Mar 10 17:48:18 localhost control_proxy[965403]: 2022-03-10T17:48:18.117Z [127.0.0.1 -> state-controller.magmasi.wavelabs.in,8443] "POST /magma.orc8r.StateService/ReportStates HTTP/2" 200 5bytes 0.638s
Mar 10 17:48:18 localhost magmad[965184]: INFO:root:Checkin Successful! Successfully sent states to the cloud!
Mar 10 17:48:20 localhost smsd[965347]: INFO:root:mme non_eps_service_config is not SMS_ORC8R, sleeping.
Mar 10 17:48:21 localhost sctpd[965526]: I0310 17:48:21.194528 965996 sctp_connection.cpp:167] HandleClientSock sd = 69
Mar 10 17:48:21 localhost sctpd[965526]: I0310 17:48:21.194631 965996 sctp_connection.cpp:220] [sd:69] msg of len 56 on 3904:1
Mar 10 17:48:22 localhost dnsmasq-dhcp[965430]: DHCPDISCOVER(eth1) fa:16:3e:2a:89:3f 
Mar 10 17:48:22 localhost dnsmasq-dhcp[965430]: DHCPOFFER(eth1) 172.16.7.251 fa:16:3e:2a:89:3f 
Mar 10 17:48:25 localhost magmad[965184]: INFO:root:[SyncRPC] Got heartBeat from cloud
Mar 10 17:48:25 localhost smsd[965347]: INFO:root:mme non_eps_service_config is not SMS_ORC8R, sleeping.
Mar 10 17:48:26 localhost mobilityd[965259]: INFO:root:Using GW info: {'default': {2: ('172.16.4.1', 'eth0')}, 2: [('172.16.4.1', 'eth0', True)]}
Mar 10 17:48:26 localhost mobilityd[965259]: INFO:root:GW-v6 probe: timer started
Mar 10 17:48:26 localhost dhclient[601]: DHCPREQUEST for 172.16.5.121 on eth1 to 172.16.5.2 port 67 (xid=0x4b4058b5)
Mar 10 17:48:28 localhost sctpd[965526]: I0310 17:48:28.526127 965996 sctp_connection.cpp:167] HandleClientSock sd = 69
Mar 10 17:48:28 localhost sctpd[965526]: I0310 17:48:28.526279 965996 sctp_connection.cpp:185] SCTP_SHUTDOWN_EVENT received
Mar 10 17:48:28 localhost sctpd[965526]: I0310 17:48:28.526294 965996 sctp_connection.cpp:280] Sending close connection for assoc_id 3904
Mar 10 17:48:30 localhost subscriberdb[965257]: INFO:root:get digest stored in gateway:
Mar 10 17:48:30 localhost control_proxy[965403]: 2022-03-10T17:48:30.107Z [127.0.0.1 -> subscriberdb-controller.magmasi.wavelabs.in,8443] "POST /magma.lte.SubscriberDBCloud/CheckInSync HTTP/2" 200 0bytes 0.259s
Mar 10 17:48:30 localhost subscriberdb[965257]: ERROR:root:Internal Error in subscriberdb-Orc8r communication. If AGW and Orc8r are deployed at a commit hash, upgrade AGW and Orc8r to latest commit hash.
Mar 10 17:48:30 localhost sctpd[965526]: I0310 17:48:30.390645 965993 sctpd_downlink_impl.cpp:76] SctpdDownlinkImpl::SendDl starting
Mar 10 17:48:30 localhost control_proxy[965403]: 2022-03-10T17:48:30.107Z [127.0.0.1 -> subscriberdb-controller.magmasi.wavelabs.in,8443] "POST /magma.lte.SubscriberDBCloud/Sync HTTP/2" 200 0bytes 0.257s
Mar 10 17:48:30 localhost subscriberdb[965257]: ERROR:root:Internal Error in subscriberdb-Orc8r communication. If AGW and Orc8r are deployed at a commit hash, upgrade AGW and Orc8r to latest commit hash.
Mar 10 17:48:30 localhost smsd[965347]: INFO:root:mme non_eps_service_config is not SMS_ORC8R, sleeping.
Mar 10 17:48:31 localhost control_proxy[965403]: 2022-03-10T17:48:30.107Z [127.0.0.1 -> subscriberdb-controller.magmasi.wavelabs.in,8443] "POST /magma.lte.SubscriberDBCloud/ListSubscribers HTTP/2" 200 26260bytes 0.568s
Mar 10 17:48:31 localhost subscriberdb[965257]: INFO:root:Successfully fetched all subscriber pages from the cloud!
Mar 10 17:48:31 localhost subscriberdb[965257]: INFO:root:update root digest stored in gateway:
Mar 10 17:48:35 localhost dnsmasq-dhcp[965430]: DHCPDISCOVER(eth1) fa:16:3e:2a:89:3f 
Mar 10 17:48:35 localhost dnsmasq-dhcp[965430]: DHCPOFFER(eth1) 172.16.7.251 fa:16:3e:2a:89:3f 
Mar 10 17:48:35 localhost smsd[965347]: INFO:root:mme non_eps_service_config is not SMS_ORC8R, sleeping.
Mar 10 17:48:37 localhost sctpd[965526]: I0310 17:48:37.665009 965996 sctp_connection.cpp:167] HandleClientSock sd = 70
Mar 10 17:48:37 localhost sctpd[965526]: I0310 17:48:37.665096 965996 sctp_connection.cpp:189] SCTP association change event received
Mar 10 17:48:37 localhost sctpd[965526]: I0310 17:48:37.665946 965996 sctp_connection.cpp:167] HandleClientSock sd = 70
Mar 10 17:48:37 localhost sctpd[965526]: I0310 17:48:37.665994 965996 sctp_connection.cpp:193] Unhandled notification type 32776
Mar 10 17:48:40 localhost dhclient[601]: DHCPREQUEST for 172.16.5.121 on eth1 to 172.16.5.2 port 67 (xid=0x4b4058b5)
Mar 10 17:48:40 localhost smsd[965347]: INFO:root:mme non_eps_service_config is not SMS_ORC8R, sleeping.
Mar 10 17:48:43 localhost dnsmasq-dhcp[965430]: DHCPDISCOVER(eth1) fa:16:3e:2a:89:3f 
Mar 10 17:48:43 localhost dnsmasq-dhcp[965430]: DHCPOFFER(eth1) 172.16.7.251 fa:16:3e:2a:89:3f 
Mar 10 17:48:45 localhost smsd[965347]: INFO:root:mme non_eps_service_config is not SMS_ORC8R, sleeping.
Mar 10 17:48:46 localhost mobilityd[965259]: INFO:root:Using GW info: {'default': {2: ('172.16.4.1', 'eth0')}, 2: [('172.16.4.1', 'eth0', True)]}
Mar 10 17:48:46 localhost mobilityd[965259]: INFO:root:GW-v6 probe: timer started
Mar 10 17:48:46 localhost control_proxy[965403]: 2022-03-10T17:48:45.853Z [127.0.0.1 -> streamer-controller.magmasi.wavelabs.in,8443] "POST /magma.orc8r.Streamer/GetUpdates HTTP/2" 200 91bytes 0.536s
Mar 10 17:48:46 localhost policydb[965328]: INFO:root:Processing 2 policy updates (resync=True)
Mar 10 17:48:46 localhost sctpd[965526]: I0310 17:48:46.409292 965531 sctpd_downlink_impl.cpp:76] SctpdDownlinkImpl::SendDl starting
