Mar 10 17:51:16 localhost smsd[965347]: INFO:root:mme non_eps_service_config is not SMS_ORC8R, sleeping.
Mar 10 17:51:21 localhost smsd[965347]: INFO:root:mme non_eps_service_config is not SMS_ORC8R, sleeping.
Mar 10 17:51:22 localhost dnsmasq-dhcp[965430]: DHCPDISCOVER(eth1) fa:16:3e:2a:89:3f 
Mar 10 17:51:22 localhost dnsmasq-dhcp[965430]: DHCPOFFER(eth1) 172.16.7.251 fa:16:3e:2a:89:3f 
Mar 10 17:51:23 localhost sctpd[965526]: I0310 17:51:23.400938 965996 sctp_connection.cpp:167] HandleClientSock sd = 76
Mar 10 17:51:23 localhost sctpd[965526]: I0310 17:51:23.401060 965996 sctp_connection.cpp:185] SCTP_SHUTDOWN_EVENT received
Mar 10 17:51:23 localhost sctpd[965526]: I0310 17:51:23.401078 965996 sctp_connection.cpp:280] Sending close connection for assoc_id 3911
Mar 10 17:51:23 localhost sctpd[965526]: I0310 17:51:23.450749 965996 sctp_connection.cpp:167] HandleClientSock sd = 77
Mar 10 17:51:23 localhost sctpd[965526]: I0310 17:51:23.450848 965996 sctp_connection.cpp:185] SCTP_SHUTDOWN_EVENT received
Mar 10 17:51:23 localhost sctpd[965526]: I0310 17:51:23.450868 965996 sctp_connection.cpp:280] Sending close connection for assoc_id 3912
Mar 10 17:51:25 localhost magmad[965184]: INFO:root:[SyncRPC] Got heartBeat from cloud
Mar 10 17:51:26 localhost mobilityd[965259]: INFO:root:Using GW info: {'default': {2: ('172.16.4.1', 'eth0')}, 2: [('172.16.4.1', 'eth0', True)]}
Mar 10 17:51:26 localhost mobilityd[965259]: INFO:root:GW-v6 probe: timer started
Mar 10 17:51:26 localhost control_proxy[965403]: 2022-03-10T17:50:26.237Z [127.0.0.1 -> streamer-controller.magmasi.wavelabs.in,8443] "POST /magma.orc8r.Streamer/GetUpdates HTTP/2" 200 0bytes 60.272s
Mar 10 17:51:26 localhost magmad[965184]: ERROR:root:Error! Streaming from the cloud failed! [StatusCode.ABORTED] error while streaming updates: rpc error: code = DeadlineExceeded desc = context deadline exceeded
Mar 10 17:51:26 localhost smsd[965347]: INFO:root:mme non_eps_service_config is not SMS_ORC8R, sleeping.
Mar 10 17:51:30 localhost dhclient[601]: DHCPREQUEST for 172.16.5.121 on eth1 to 172.16.5.2 port 67 (xid=0x4b4058b5)
Mar 10 17:51:31 localhost smsd[965347]: INFO:root:mme non_eps_service_config is not SMS_ORC8R, sleeping.
Mar 10 17:51:32 localhost sctpd[965526]: I0310 17:51:32.558614 965996 sctp_connection.cpp:167] HandleClientSock sd = 78
Mar 10 17:51:32 localhost sctpd[965526]: I0310 17:51:32.558728 965996 sctp_connection.cpp:189] SCTP association change event received
Mar 10 17:51:32 localhost sctpd[965526]: I0310 17:51:32.559576 965996 sctp_connection.cpp:167] HandleClientSock sd = 78
Mar 10 17:51:32 localhost sctpd[965526]: I0310 17:51:32.559608 965996 sctp_connection.cpp:193] Unhandled notification type 32776
Mar 10 17:51:33 localhost dnsmasq-dhcp[965430]: DHCPDISCOVER(eth1) fa:16:3e:2a:89:3f 
Mar 10 17:51:33 localhost dnsmasq-dhcp[965430]: DHCPOFFER(eth1) 172.16.7.251 fa:16:3e:2a:89:3f 
Mar 10 17:51:36 localhost smsd[965347]: INFO:root:mme non_eps_service_config is not SMS_ORC8R, sleeping.
Mar 10 17:51:41 localhost smsd[965347]: INFO:root:mme non_eps_service_config is not SMS_ORC8R, sleeping.
Mar 10 17:51:42 localhost sctpd[965526]: I0310 17:51:42.291575 965996 sctp_connection.cpp:167] HandleClientSock sd = 78
Mar 10 17:51:42 localhost sctpd[965526]: I0310 17:51:42.291674 965996 sctp_connection.cpp:220] [sd:78] msg of len 42 on 3913:0
Mar 10 17:51:42 localhost sctpd[965526]: I0310 17:51:42.293689 965993 sctpd_downlink_impl.cpp:76] SctpdDownlinkImpl::SendDl starting
Mar 10 17:51:42 localhost sctpd[965526]: I0310 17:51:42.294298 965996 sctp_connection.cpp:167] HandleClientSock sd = 78
Mar 10 17:51:42 localhost sctpd[965526]: I0310 17:51:42.294378 965996 sctp_connection.cpp:193] Unhandled notification type 32777
Mar 10 17:51:42 localhost sctpd[965526]: I0310 17:51:42.414860 965996 sctp_connection.cpp:167] HandleClientSock sd = 78
Mar 10 17:51:42 localhost sctpd[965526]: I0310 17:51:42.414958 965996 sctp_connection.cpp:220] [sd:78] msg of len 42 on 3913:0
Mar 10 17:51:42 localhost sctpd[965526]: I0310 17:51:42.416958 965993 sctpd_downlink_impl.cpp:76] SctpdDownlinkImpl::SendDl starting
Mar 10 17:51:42 localhost sctpd[965526]: I0310 17:51:42.533582 965996 sctp_connection.cpp:167] HandleClientSock sd = 78
Mar 10 17:51:42 localhost sctpd[965526]: I0310 17:51:42.533675 965996 sctp_connection.cpp:193] Unhandled notification type 32777
Mar 10 17:51:42 localhost sctpd[965526]: I0310 17:51:42.533694 965996 sctp_connection.cpp:167] HandleClientSock sd = 78
Mar 10 17:51:42 localhost sctpd[965526]: I0310 17:51:42.533712 965996 sctp_connection.cpp:220] [sd:78] msg of len 88 on 3913:1
Mar 10 17:51:42 localhost sctpd[965526]: I0310 17:51:42.550153 965993 sctpd_downlink_impl.cpp:76] SctpdDownlinkImpl::SendDl starting
Mar 10 17:51:42 localhost sctpd[965526]: I0310 17:51:42.656744 965996 sctp_connection.cpp:167] HandleClientSock sd = 78
Mar 10 17:51:42 localhost sctpd[965526]: I0310 17:51:42.656839 965996 sctp_connection.cpp:193] Unhandled notification type 32777
Mar 10 17:51:42 localhost sctpd[965526]: I0310 17:51:42.656858 965996 sctp_connection.cpp:167] HandleClientSock sd = 78
Mar 10 17:51:42 localhost sctpd[965526]: I0310 17:51:42.656877 965996 sctp_connection.cpp:220] [sd:78] msg of len 67 on 3913:1
Mar 10 17:51:42 localhost sctpd[965526]: I0310 17:51:42.661180 965993 sctpd_downlink_impl.cpp:76] SctpdDownlinkImpl::SendDl starting
Mar 10 17:51:42 localhost sctpd[965526]: I0310 17:51:42.774708 965996 sctp_connection.cpp:167] HandleClientSock sd = 78
Mar 10 17:51:42 localhost sctpd[965526]: I0310 17:51:42.774798 965996 sctp_connection.cpp:193] Unhandled notification type 32777
Mar 10 17:51:42 localhost sctpd[965526]: I0310 17:51:42.774818 965996 sctp_connection.cpp:167] HandleClientSock sd = 78
Mar 10 17:51:42 localhost sctpd[965526]: I0310 17:51:42.774837 965996 sctp_connection.cpp:220] [sd:78] msg of len 56 on 3913:1
Mar 10 17:51:42 localhost mme[965940]: [DEBUG] Sending S6A-UPDATE_LOCATION_REQUEST with IMSI: 222700000000001
Mar 10 17:51:42 localhost sctpd[965526]: I0310 17:51:42.780489 965993 sctpd_downlink_impl.cpp:76] SctpdDownlinkImpl::SendDl starting
Mar 10 17:51:42 localhost mme[965940]: [INFO] Received S6A-LOCATION-UPDATE_ANSWER for IMSI: 222700000000001; Status: ; StatusCode: 2001
Mar 10 17:51:42 localhost mme[965940]: [INFO] sent itti S6A-LOCATION-UPDATE_ANSWER for IMSI: 222700000000001
Mar 10 17:51:42 localhost sctpd[965526]: I0310 17:51:42.890472 965996 sctp_connection.cpp:167] HandleClientSock sd = 78
Mar 10 17:51:42 localhost sctpd[965526]: I0310 17:51:42.890583 965996 sctp_connection.cpp:193] Unhandled notification type 32777
Mar 10 17:51:42 localhost sctpd[965526]: I0310 17:51:42.890609 965996 sctp_connection.cpp:167] HandleClientSock sd = 78
Mar 10 17:51:42 localhost sctpd[965526]: I0310 17:51:42.890638 965996 sctp_connection.cpp:220] [sd:78] msg of len 22 on 3913:1
Mar 10 17:51:43 localhost sctpd[965526]: I0310 17:51:43.094883 965996 sctp_connection.cpp:167] HandleClientSock sd = 78
Mar 10 17:51:43 localhost sctpd[965526]: I0310 17:51:43.094985 965996 sctp_connection.cpp:220] [sd:78] msg of len 56 on 3913:1
Mar 10 17:51:43 localhost sctpd[965526]: I0310 17:51:43.095737 965996 sctp_connection.cpp:167] HandleClientSock sd = 78
Mar 10 17:51:43 localhost sctpd[965526]: I0310 17:51:43.095777 965996 sctp_connection.cpp:220] [sd:78] msg of len 83 on 3913:1
Mar 10 17:51:43 localhost mobilityd[965259]: INFO:root:Allocated IP 192.168.128.235 for sid IMSI222700000000001 for apn internet
Mar 10 17:51:43 localhost sessiond[965262]: I0310 17:51:43.123020 965262 SetMessageManagerHandler.cpp:294] Duplicate request of same PDU_id 1 of IMSI IMSI222700000000001 nothing to do
Mar 10 17:51:43 localhost mme[965940]: AsyncSetAmfSessionContext fails with code 6, msg: Duplicate request
Mar 10 17:51:44 localhost dhclient[601]: DHCPREQUEST for 172.16.5.121 on eth1 to 172.16.5.2 port 67 (xid=0x4b4058b5)
Mar 10 17:51:46 localhost mobilityd[965259]: INFO:root:Using GW info: {'default': {2: ('172.16.4.1', 'eth0')}, 2: [('172.16.4.1', 'eth0', True)]}
Mar 10 17:51:46 localhost mobilityd[965259]: INFO:root:GW-v6 probe: timer started
Mar 10 17:51:46 localhost smsd[965347]: INFO:root:mme non_eps_service_config is not SMS_ORC8R, sleeping.
Mar 10 17:51:47 localhost dnsmasq-dhcp[965430]: DHCPDISCOVER(eth1) fa:16:3e:2a:89:3f 
Mar 10 17:51:47 localhost dnsmasq-dhcp[965430]: DHCPOFFER(eth1) 172.16.7.251 fa:16:3e:2a:89:3f 
Mar 10 17:51:48 localhost magmad[965184]: ERROR:root:Metrics upload error for service subscriberdb (chunk 0)! [StatusCode.DEADLINE_EXCEEDED] Deadline Exceeded
Mar 10 17:51:48 localhost magmad[965184]: ERROR:root:Metrics upload error for service mobilityd (chunk 0)! [StatusCode.DEADLINE_EXCEEDED] Deadline Exceeded
Mar 10 17:51:48 localhost magmad[965184]: ERROR:root:Metrics upload error for service mme (chunk 0)! [StatusCode.DEADLINE_EXCEEDED] Deadline Exceeded
Mar 10 17:51:48 localhost magmad[965184]: ERROR:root:Metrics upload error for service magmad (chunk 0)! [StatusCode.DEADLINE_EXCEEDED] Deadline Exceeded
Mar 10 17:51:48 localhost magmad[965184]: ERROR:root:Metrics upload error for service enodebd (chunk 0)! [StatusCode.DEADLINE_EXCEEDED] Deadline Exceeded
Mar 10 17:51:48 localhost magmad[965184]: ERROR:root:Metrics upload error for service pipelined (chunk 0)! [StatusCode.DEADLINE_EXCEEDED] Deadline Exceeded
Mar 10 17:51:48 localhost magmad[965184]: ERROR:root:Metrics upload error for service state (chunk 0)! [StatusCode.DEADLINE_EXCEEDED] Deadline Exceeded
Mar 10 17:51:48 localhost magmad[965184]: ERROR:root:Metrics upload error for service sessiond (chunk 0)! [StatusCode.DEADLINE_EXCEEDED] Deadline Exceeded
Mar 10 17:51:50 localhost control_proxy[965403]: 2022-03-10T17:51:50.254Z [127.0.0.1 -> streamer-controller.magmasi.wavelabs.in,8443] "POST /magma.orc8r.Streamer/GetUpdates HTTP/2" 200 91bytes 0.535s
Mar 10 17:51:50 localhost policydb[965328]: INFO:root:Processing 2 policy updates (resync=True)
Mar 10 17:51:51 localhost control_proxy[965403]: 2022-03-10T17:51:50.254Z [127.0.0.1 -> streamer-controller.magmasi.wavelabs.in,8443] "POST /magma.orc8r.Streamer/GetUpdates HTTP/2" 200 7bytes 0.281s
Mar 10 17:51:51 localhost policydb[965328]: INFO:root:Processing 0 basename -> policy updates
Mar 10 17:51:51 localhost control_proxy[965403]: 2022-03-10T17:51:51.077Z [127.0.0.1 -> streamer-controller.magmasi.wavelabs.in,8443] "POST /magma.orc8r.Streamer/GetUpdates HTTP/2" 200 5113bytes 0.283s
Mar 10 17:51:51 localhost policydb[965328]: INFO:root:Processing 222 SID -> apn -> policy updates
Mar 10 17:51:51 localhost control_proxy[965403]: 2022-03-10T17:51:51.077Z [127.0.0.1 -> streamer-controller.magmasi.wavelabs.in,8443] "POST /magma.orc8r.Streamer/GetUpdates HTTP/2" 200 7bytes 0.279s
Mar 10 17:51:51 localhost policydb[965328]: INFO:root:Processing 0 rating group updates
Mar 10 17:51:52 localhost smsd[965347]: INFO:root:mme non_eps_service_config is not SMS_ORC8R, sleeping.
Mar 10 17:51:54 localhost dnsmasq-dhcp[965430]: DHCPDISCOVER(eth1) fa:16:3e:2a:89:3f 
Mar 10 17:51:54 localhost dnsmasq-dhcp[965430]: DHCPOFFER(eth1) 172.16.7.251 fa:16:3e:2a:89:3f 
Mar 10 17:51:55 localhost sctpd[965526]: I0310 17:51:55.357452 965996 sctp_connection.cpp:167] HandleClientSock sd = 78
Mar 10 17:51:55 localhost sctpd[965526]: I0310 17:51:55.357543 965996 sctp_connection.cpp:185] SCTP_SHUTDOWN_EVENT received
Mar 10 17:51:55 localhost sctpd[965526]: I0310 17:51:55.357555 965996 sctp_connection.cpp:280] Sending close connection for assoc_id 3913
Mar 10 17:51:57 localhost smsd[965347]: INFO:root:mme non_eps_service_config is not SMS_ORC8R, sleeping.
Mar 10 17:51:58 localhost magmad[965184]: INFO:root:Setting logging level to INFO
Mar 10 17:52:01 localhost dhclient[601]: DHCPREQUEST for 172.16.5.121 on eth1 to 172.16.5.2 port 67 (xid=0x4b4058b5)
Mar 10 17:52:02 localhost smsd[965347]: INFO:root:mme non_eps_service_config is not SMS_ORC8R, sleeping.
Mar 10 17:52:04 localhost sctpd[965526]: I0310 17:52:04.623200 965996 sctp_connection.cpp:167] HandleClientSock sd = 79
Mar 10 17:52:04 localhost sctpd[965526]: I0310 17:52:04.623270 965996 sctp_connection.cpp:189] SCTP association change event received
Mar 10 17:52:04 localhost sctpd[965526]: I0310 17:52:04.623780 965996 sctp_connection.cpp:167] HandleClientSock sd = 79
Mar 10 17:52:04 localhost sctpd[965526]: I0310 17:52:04.623802 965996 sctp_connection.cpp:193] Unhandled notification type 32776
Mar 10 17:52:05 localhost dnsmasq-dhcp[965430]: DHCPDISCOVER(eth1) fa:16:3e:2a:89:3f 
Mar 10 17:52:05 localhost dnsmasq-dhcp[965430]: DHCPOFFER(eth1) 172.16.7.251 fa:16:3e:2a:89:3f 
Mar 10 17:52:05 localhost sctpd[965526]: I0310 17:52:05.680212 965996 sctp_connection.cpp:167] HandleClientSock sd = 79
Mar 10 17:52:05 localhost sctpd[965526]: I0310 17:52:05.680336 965996 sctp_connection.cpp:220] [sd:79] msg of len 42 on 3914:0
Mar 10 17:52:05 localhost sctpd[965526]: I0310 17:52:05.682852 965531 sctpd_downlink_impl.cpp:76] SctpdDownlinkImpl::SendDl starting
Mar 10 17:52:05 localhost sctpd[965526]: I0310 17:52:05.683362 965996 sctp_connection.cpp:167] HandleClientSock sd = 79
Mar 10 17:52:05 localhost sctpd[965526]: I0310 17:52:05.683425 965996 sctp_connection.cpp:193] Unhandled notification type 32777
Mar 10 17:52:05 localhost sctpd[965526]: I0310 17:52:05.798519 965996 sctp_connection.cpp:167] HandleClientSock sd = 79
Mar 10 17:52:05 localhost sctpd[965526]: I0310 17:52:05.798621 965996 sctp_connection.cpp:220] [sd:79] msg of len 93 on 3914:1
Mar 10 17:52:05 localhost sctpd[965526]: I0310 17:52:05.803295 965531 sctpd_downlink_impl.cpp:76] SctpdDownlinkImpl::SendDl starting
Mar 10 17:52:05 localhost sctpd[965526]: I0310 17:52:05.803915 965531 sctpd_downlink_impl.cpp:76] SctpdDownlinkImpl::SendDl starting
Mar 10 17:52:06 localhost sctpd[965526]: I0310 17:52:06.066275 965996 sctp_connection.cpp:167] HandleClientSock sd = 79
Mar 10 17:52:06 localhost sctpd[965526]: I0310 17:52:06.066368 965996 sctp_connection.cpp:193] Unhandled notification type 32777
Mar 10 17:52:06 localhost sctpd[965526]: I0310 17:52:06.066387 965996 sctp_connection.cpp:167] HandleClientSock sd = 79
Mar 10 17:52:06 localhost sctpd[965526]: I0310 17:52:06.066406 965996 sctp_connection.cpp:220] [sd:79] msg of len 22 on 3914:1
Mar 10 17:52:06 localhost mobilityd[965259]: INFO:root:Using GW info: {'default': {2: ('172.16.4.1', 'eth0')}, 2: [('172.16.4.1', 'eth0', True)]}
Mar 10 17:52:06 localhost mobilityd[965259]: INFO:root:GW-v6 probe: timer started
Mar 10 17:52:07 localhost smsd[965347]: INFO:root:mme non_eps_service_config is not SMS_ORC8R, sleeping.
Mar 10 17:52:10 localhost dhclient[601]: DHCPREQUEST for 172.16.5.121 on eth1 to 172.16.5.2 port 67 (xid=0x4b4058b5)
Mar 10 17:52:12 localhost smsd[965347]: INFO:root:mme non_eps_service_config is not SMS_ORC8R, sleeping.
Mar 10 17:52:13 localhost sctpd[965526]: I0310 17:52:13.384351 965996 sctp_connection.cpp:167] HandleClientSock sd = 79
Mar 10 17:52:13 localhost sctpd[965526]: I0310 17:52:13.384444 965996 sctp_connection.cpp:185] SCTP_SHUTDOWN_EVENT received
Mar 10 17:52:13 localhost sctpd[965526]: I0310 17:52:13.384456 965996 sctp_connection.cpp:280] Sending close connection for assoc_id 3914
Mar 10 17:52:17 localhost smsd[965347]: INFO:root:mme non_eps_service_config is not SMS_ORC8R, sleeping.
Mar 10 17:52:17 localhost control_proxy[965403]: 2022-03-10T17:52:17.034Z [127.0.0.1 -> state-controller.magmasi.wavelabs.in,8443] "POST /magma.orc8r.StateService/ReportStates HTTP/2" 200 5bytes 0.531s
Mar 10 17:52:17 localhost magmad[965184]: INFO:root:Checkin Successful! Successfully sent states to the cloud!
Mar 10 17:52:18 localhost dnsmasq-dhcp[965430]: DHCPDISCOVER(eth1) fa:16:3e:2a:89:3f 
Mar 10 17:52:18 localhost dnsmasq-dhcp[965430]: DHCPOFFER(eth1) 172.16.7.251 fa:16:3e:2a:89:3f 
Mar 10 17:52:22 localhost smsd[965347]: INFO:root:mme non_eps_service_config is not SMS_ORC8R, sleeping.
Mar 10 17:52:22 localhost sctpd[965526]: I0310 17:52:22.906888 965996 sctp_connection.cpp:167] HandleClientSock sd = 80
Mar 10 17:52:22 localhost sctpd[965526]: I0310 17:52:22.906976 965996 sctp_connection.cpp:189] SCTP association change event received
Mar 10 17:52:22 localhost sctpd[965526]: I0310 17:52:22.907799 965996 sctp_connection.cpp:167] HandleClientSock sd = 80
Mar 10 17:52:22 localhost sctpd[965526]: I0310 17:52:22.907828 965996 sctp_connection.cpp:193] Unhandled notification type 32776
Mar 10 17:52:23 localhost sctpd[965526]: I0310 17:52:23.963375 965996 sctp_connection.cpp:167] HandleClientSock sd = 80
Mar 10 17:52:23 localhost sctpd[965526]: I0310 17:52:23.963476 965996 sctp_connection.cpp:220] [sd:80] msg of len 42 on 3915:0
Mar 10 17:52:23 localhost sctpd[965526]: I0310 17:52:23.965718 965531 sctpd_downlink_impl.cpp:76] SctpdDownlinkImpl::SendDl starting
Mar 10 17:52:23 localhost sctpd[965526]: I0310 17:52:23.966275 965996 sctp_connection.cpp:167] HandleClientSock sd = 80
Mar 10 17:52:23 localhost sctpd[965526]: I0310 17:52:23.966333 965996 sctp_connection.cpp:193] Unhandled notification type 32777
Mar 10 17:52:24 localhost sctpd[965526]: I0310 17:52:24.077209 965996 sctp_connection.cpp:167] HandleClientSock sd = 80
Mar 10 17:52:24 localhost sctpd[965526]: I0310 17:52:24.077302 965996 sctp_connection.cpp:220] [sd:80] msg of len 88 on 3915:1
Mar 10 17:52:24 localhost sctpd[965526]: I0310 17:52:24.094475 965531 sctpd_downlink_impl.cpp:76] SctpdDownlinkImpl::SendDl starting
Mar 10 17:52:24 localhost sctpd[965526]: I0310 17:52:24.195957 965996 sctp_connection.cpp:167] HandleClientSock sd = 80
Mar 10 17:52:24 localhost sctpd[965526]: I0310 17:52:24.196049 965996 sctp_connection.cpp:193] Unhandled notification type 32777
Mar 10 17:52:24 localhost sctpd[965526]: I0310 17:52:24.196067 965996 sctp_connection.cpp:167] HandleClientSock sd = 80
Mar 10 17:52:24 localhost sctpd[965526]: I0310 17:52:24.196087 965996 sctp_connection.cpp:220] [sd:80] msg of len 67 on 3915:1
Mar 10 17:52:24 localhost sctpd[965526]: I0310 17:52:24.200834 965531 sctpd_downlink_impl.cpp:76] SctpdDownlinkImpl::SendDl starting
Mar 10 17:52:24 localhost sctpd[965526]: I0310 17:52:24.309463 965996 sctp_connection.cpp:167] HandleClientSock sd = 80
Mar 10 17:52:24 localhost sctpd[965526]: I0310 17:52:24.309554 965996 sctp_connection.cpp:193] Unhandled notification type 32777
Mar 10 17:52:24 localhost sctpd[965526]: I0310 17:52:24.309573 965996 sctp_connection.cpp:167] HandleClientSock sd = 80
Mar 10 17:52:24 localhost sctpd[965526]: I0310 17:52:24.309592 965996 sctp_connection.cpp:220] [sd:80] msg of len 56 on 3915:1
Mar 10 17:52:24 localhost mme[965940]: [DEBUG] Sending S6A-UPDATE_LOCATION_REQUEST with IMSI: 222700000000001
Mar 10 17:52:24 localhost sctpd[965526]: I0310 17:52:24.315161 965531 sctpd_downlink_impl.cpp:76] SctpdDownlinkImpl::SendDl starting
Mar 10 17:52:24 localhost mme[965940]: [INFO] Received S6A-LOCATION-UPDATE_ANSWER for IMSI: 222700000000001; Status: ; StatusCode: 2001
Mar 10 17:52:24 localhost mme[965940]: [INFO] sent itti S6A-LOCATION-UPDATE_ANSWER for IMSI: 222700000000001
Mar 10 17:52:24 localhost sctpd[965526]: I0310 17:52:24.418473 965996 sctp_connection.cpp:167] HandleClientSock sd = 80
Mar 10 17:52:24 localhost sctpd[965526]: I0310 17:52:24.418570 965996 sctp_connection.cpp:193] Unhandled notification type 32777
Mar 10 17:52:24 localhost sctpd[965526]: I0310 17:52:24.418586 965996 sctp_connection.cpp:167] HandleClientSock sd = 80
Mar 10 17:52:24 localhost sctpd[965526]: I0310 17:52:24.418606 965996 sctp_connection.cpp:220] [sd:80] msg of len 22 on 3915:1
Mar 10 17:52:24 localhost sctpd[965526]: I0310 17:52:24.626884 965996 sctp_connection.cpp:167] HandleClientSock sd = 80
Mar 10 17:52:24 localhost sctpd[965526]: I0310 17:52:24.626992 965996 sctp_connection.cpp:220] [sd:80] msg of len 56 on 3915:1
Mar 10 17:52:25 localhost magmad[965184]: INFO:root:[SyncRPC] Got heartBeat from cloud
Mar 10 17:52:26 localhost mobilityd[965259]: INFO:root:Using GW info: {'default': {2: ('172.16.4.1', 'eth0')}, 2: [('172.16.4.1', 'eth0', True)]}
Mar 10 17:52:26 localhost mobilityd[965259]: INFO:root:GW-v6 probe: timer started
Mar 10 17:52:26 localhost control_proxy[965403]: 2022-03-10T17:52:26.280Z [127.0.0.1 -> state-controller.magmasi.wavelabs.in,8443] "POST /magma.orc8r.StateService/ReportStates HTTP/2" 200 5bytes 0.273s
Mar 10 17:52:26 localhost sctpd[965526]: I0310 17:52:26.591248 965996 sctp_connection.cpp:167] HandleClientSock sd = 80
Mar 10 17:52:26 localhost sctpd[965526]: I0310 17:52:26.591361 965996 sctp_connection.cpp:220] [sd:80] msg of len 70 on 3915:1
Mar 10 17:52:26 localhost sctpd[965526]: I0310 17:52:26.597713 965531 sctpd_downlink_impl.cpp:76] SctpdDownlinkImpl::SendDl starting
Mar 10 17:52:26 localhost sctpd[965526]: I0310 17:52:26.598435 965531 sctpd_downlink_impl.cpp:76] SctpdDownlinkImpl::SendDl starting
Mar 10 17:52:26 localhost dnsmasq-dhcp[965430]: DHCPDISCOVER(eth1) fa:16:3e:2a:89:3f 
Mar 10 17:52:26 localhost dnsmasq-dhcp[965430]: DHCPOFFER(eth1) 172.16.7.251 fa:16:3e:2a:89:3f 
Mar 10 17:52:26 localhost sctpd[965526]: I0310 17:52:26.702538 965996 sctp_connection.cpp:167] HandleClientSock sd = 80
Mar 10 17:52:26 localhost sctpd[965526]: I0310 17:52:26.702646 965996 sctp_connection.cpp:220] [sd:80] msg of len 28 on 3915:1
Mar 10 17:52:26 localhost sctpd[965526]: I0310 17:52:26.814146 965996 sctp_connection.cpp:167] HandleClientSock sd = 80
Mar 10 17:52:26 localhost sctpd[965526]: I0310 17:52:26.814296 965996 sctp_connection.cpp:193] Unhandled notification type 32777
Mar 10 17:52:26 localhost sctpd[965526]: I0310 17:52:26.814325 965996 sctp_connection.cpp:167] HandleClientSock sd = 80
Mar 10 17:52:26 localhost sctpd[965526]: I0310 17:52:26.814352 965996 sctp_connection.cpp:220] [sd:80] msg of len 22 on 3915:1
Mar 10 17:52:27 localhost smsd[965347]: INFO:root:mme non_eps_service_config is not SMS_ORC8R, sleeping.
Mar 10 17:52:27 localhost dhclient[601]: DHCPREQUEST for 172.16.5.121 on eth1 to 172.16.5.2 port 67 (xid=0x4b4058b5)
Mar 10 17:52:28 localhost sctpd[965526]: I0310 17:52:28.929117 965996 sctp_connection.cpp:167] HandleClientSock sd = 80
Mar 10 17:52:28 localhost sctpd[965526]: I0310 17:52:28.929226 965996 sctp_connection.cpp:220] [sd:80] msg of len 86 on 3915:1
Mar 10 17:52:28 localhost sctpd[965526]: I0310 17:52:28.933461 965531 sctpd_downlink_impl.cpp:76] SctpdDownlinkImpl::SendDl starting
Mar 10 17:52:29 localhost sctpd[965526]: I0310 17:52:29.048040 965996 sctp_connection.cpp:167] HandleClientSock sd = 80
Mar 10 17:52:29 localhost sctpd[965526]: I0310 17:52:29.048139 965996 sctp_connection.cpp:193] Unhandled notification type 32777
Mar 10 17:52:29 localhost sctpd[965526]: I0310 17:52:29.048157 965996 sctp_connection.cpp:167] HandleClientSock sd = 80
Mar 10 17:52:29 localhost sctpd[965526]: I0310 17:52:29.048177 965996 sctp_connection.cpp:220] [sd:80] msg of len 64 on 3915:1
Mar 10 17:52:29 localhost sctpd[965526]: I0310 17:52:29.062563 965531 sctpd_downlink_impl.cpp:76] SctpdDownlinkImpl::SendDl starting
Mar 10 17:52:29 localhost sctpd[965526]: I0310 17:52:29.155798 965996 sctp_connection.cpp:167] HandleClientSock sd = 80
Mar 10 17:52:29 localhost sctpd[965526]: I0310 17:52:29.155903 965996 sctp_connection.cpp:193] Unhandled notification type 32777
Mar 10 17:52:29 localhost sctpd[965526]: I0310 17:52:29.155923 965996 sctp_connection.cpp:167] HandleClientSock sd = 80
Mar 10 17:52:29 localhost sctpd[965526]: I0310 17:52:29.155943 965996 sctp_connection.cpp:220] [sd:80] msg of len 67 on 3915:1
Mar 10 17:52:29 localhost sctpd[965526]: I0310 17:52:29.160478 965531 sctpd_downlink_impl.cpp:76] SctpdDownlinkImpl::SendDl starting
Mar 10 17:52:29 localhost sctpd[965526]: I0310 17:52:29.273591 965996 sctp_connection.cpp:167] HandleClientSock sd = 80
Mar 10 17:52:29 localhost sctpd[965526]: I0310 17:52:29.273689 965996 sctp_connection.cpp:193] Unhandled notification type 32777
Mar 10 17:52:29 localhost sctpd[965526]: I0310 17:52:29.273705 965996 sctp_connection.cpp:167] HandleClientSock sd = 80
Mar 10 17:52:29 localhost sctpd[965526]: I0310 17:52:29.273726 965996 sctp_connection.cpp:220] [sd:80] msg of len 56 on 3915:1
Mar 10 17:52:29 localhost mme[965940]: [DEBUG] Sending S6A-UPDATE_LOCATION_REQUEST with IMSI: 222700000000001
Mar 10 17:52:29 localhost sctpd[965526]: I0310 17:52:29.279255 965531 sctpd_downlink_impl.cpp:76] SctpdDownlinkImpl::SendDl starting
Mar 10 17:52:29 localhost mme[965940]: [INFO] Received S6A-LOCATION-UPDATE_ANSWER for IMSI: 222700000000001; Status: ; StatusCode: 2001
Mar 10 17:52:29 localhost mme[965940]: [INFO] sent itti S6A-LOCATION-UPDATE_ANSWER for IMSI: 222700000000001
Mar 10 17:52:29 localhost sctpd[965526]: I0310 17:52:29.386473 965996 sctp_connection.cpp:167] HandleClientSock sd = 80
Mar 10 17:52:29 localhost sctpd[965526]: I0310 17:52:29.386580 965996 sctp_connection.cpp:193] Unhandled notification type 32777
Mar 10 17:52:29 localhost sctpd[965526]: I0310 17:52:29.386608 965996 sctp_connection.cpp:167] HandleClientSock sd = 80
Mar 10 17:52:29 localhost sctpd[965526]: I0310 17:52:29.386636 965996 sctp_connection.cpp:220] [sd:80] msg of len 22 on 3915:1
Mar 10 17:52:29 localhost sctpd[965526]: I0310 17:52:29.590833 965996 sctp_connection.cpp:167] HandleClientSock sd = 80
Mar 10 17:52:29 localhost sctpd[965526]: I0310 17:52:29.590942 965996 sctp_connection.cpp:220] [sd:80] msg of len 56 on 3915:1
Mar 10 17:52:31 localhost sctpd[965526]: I0310 17:52:31.571007 965996 sctp_connection.cpp:167] HandleClientSock sd = 80
Mar 10 17:52:31 localhost sctpd[965526]: I0310 17:52:31.571116 965996 sctp_connection.cpp:220] [sd:80] msg of len 70 on 3915:1
Mar 10 17:52:31 localhost sctpd[965526]: I0310 17:52:31.577033 965531 sctpd_downlink_impl.cpp:76] SctpdDownlinkImpl::SendDl starting
Mar 10 17:52:31 localhost sctpd[965526]: I0310 17:52:31.577651 965993 sctpd_downlink_impl.cpp:76] SctpdDownlinkImpl::SendDl starting
Mar 10 17:52:31 localhost sctpd[965526]: I0310 17:52:31.685904 965996 sctp_connection.cpp:167] HandleClientSock sd = 80
Mar 10 17:52:31 localhost sctpd[965526]: I0310 17:52:31.686004 965996 sctp_connection.cpp:220] [sd:80] msg of len 28 on 3915:1
Mar 10 17:52:31 localhost sctpd[965526]: I0310 17:52:31.790016 965996 sctp_connection.cpp:167] HandleClientSock sd = 80
Mar 10 17:52:31 localhost sctpd[965526]: I0310 17:52:31.790129 965996 sctp_connection.cpp:193] Unhandled notification type 32777
Mar 10 17:52:31 localhost sctpd[965526]: I0310 17:52:31.790154 965996 sctp_connection.cpp:167] HandleClientSock sd = 80
Mar 10 17:52:31 localhost sctpd[965526]: I0310 17:52:31.790174 965996 sctp_connection.cpp:220] [sd:80] msg of len 22 on 3915:1
Mar 10 17:52:32 localhost smsd[965347]: INFO:root:mme non_eps_service_config is not SMS_ORC8R, sleeping.
Mar 10 17:52:37 localhost dnsmasq-dhcp[965430]: DHCPDISCOVER(eth1) fa:16:3e:2a:89:3f 
Mar 10 17:52:37 localhost dnsmasq-dhcp[965430]: DHCPOFFER(eth1) 172.16.7.251 fa:16:3e:2a:89:3f 
Mar 10 17:52:37 localhost smsd[965347]: INFO:root:mme non_eps_service_config is not SMS_ORC8R, sleeping.
Mar 10 17:52:41 localhost sctpd[965526]: I0310 17:52:41.203629 965996 sctp_connection.cpp:167] HandleClientSock sd = 80
Mar 10 17:52:41 localhost sctpd[965526]: I0310 17:52:41.203804 965996 sctp_connection.cpp:185] SCTP_SHUTDOWN_EVENT received
Mar 10 17:52:41 localhost sctpd[965526]: I0310 17:52:41.203815 965996 sctp_connection.cpp:280] Sending close connection for assoc_id 3915
Mar 10 17:52:42 localhost smsd[965347]: INFO:root:mme non_eps_service_config is not SMS_ORC8R, sleeping.
Mar 10 17:52:45 localhost dhclient[601]: DHCPREQUEST for 172.16.5.121 on eth1 to 172.16.5.2 port 67 (xid=0x4b4058b5)
Mar 10 17:52:46 localhost mobilityd[965259]: INFO:root:Using GW info: {'default': {2: ('172.16.4.1', 'eth0')}, 2: [('172.16.4.1', 'eth0', True)]}
Mar 10 17:52:46 localhost mobilityd[965259]: INFO:root:GW-v6 probe: timer started
Mar 10 17:52:47 localhost smsd[965347]: INFO:root:mme non_eps_service_config is not SMS_ORC8R, sleeping.
Mar 10 17:52:48 localhost magmad[965184]: ERROR:root:Metrics upload error for service subscriberdb (chunk 0)! [StatusCode.DEADLINE_EXCEEDED] Deadline Exceeded
Mar 10 17:52:48 localhost magmad[965184]: ERROR:root:Metrics upload error for service mobilityd (chunk 0)! [StatusCode.DEADLINE_EXCEEDED] Deadline Exceeded
Mar 10 17:52:48 localhost magmad[965184]: ERROR:root:Metrics upload error for service mme (chunk 0)! [StatusCode.DEADLINE_EXCEEDED] Deadline Exceeded
Mar 10 17:52:48 localhost magmad[965184]: ERROR:root:Metrics upload error for service magmad (chunk 0)! [StatusCode.DEADLINE_EXCEEDED] Deadline Exceeded
Mar 10 17:52:48 localhost magmad[965184]: ERROR:root:Metrics upload error for service enodebd (chunk 0)! [StatusCode.DEADLINE_EXCEEDED] Deadline Exceeded
Mar 10 17:52:48 localhost magmad[965184]: ERROR:root:Metrics upload error for service pipelined (chunk 0)! [StatusCode.DEADLINE_EXCEEDED] Deadline Exceeded
Mar 10 17:52:48 localhost magmad[965184]: ERROR:root:Metrics upload error for service state (chunk 0)! [StatusCode.DEADLINE_EXCEEDED] Deadline Exceeded
Mar 10 17:52:48 localhost magmad[965184]: ERROR:root:Metrics upload error for service sessiond (chunk 0)! [StatusCode.DEADLINE_EXCEEDED] Deadline Exceeded
Mar 10 17:52:50 localhost sctpd[965526]: I0310 17:52:50.317790 965996 sctp_connection.cpp:167] HandleClientSock sd = 81
Mar 10 17:52:50 localhost sctpd[965526]: I0310 17:52:50.317874 965996 sctp_connection.cpp:189] SCTP association change event received
Mar 10 17:52:50 localhost sctpd[965526]: I0310 17:52:50.318818 965996 sctp_connection.cpp:167] HandleClientSock sd = 81
Mar 10 17:52:50 localhost sctpd[965526]: I0310 17:52:50.318850 965996 sctp_connection.cpp:193] Unhandled notification type 32776
Mar 10 17:52:50 localhost dnsmasq-dhcp[965430]: DHCPDISCOVER(eth1) fa:16:3e:2a:89:3f 
Mar 10 17:52:50 localhost dnsmasq-dhcp[965430]: DHCPOFFER(eth1) 172.16.7.251 fa:16:3e:2a:89:3f 
Mar 10 17:52:51 localhost sctpd[965526]: I0310 17:52:51.384194 965996 sctp_connection.cpp:167] HandleClientSock sd = 81
Mar 10 17:52:51 localhost sctpd[965526]: I0310 17:52:51.384356 965996 sctp_connection.cpp:220] [sd:81] msg of len 42 on 3916:0
Mar 10 17:52:51 localhost sctpd[965526]: I0310 17:52:51.387179 965531 sctpd_downlink_impl.cpp:76] SctpdDownlinkImpl::SendDl starting
Mar 10 17:52:51 localhost sctpd[965526]: I0310 17:52:51.387835 965996 sctp_connection.cpp:167] HandleClientSock sd = 81
Mar 10 17:52:51 localhost sctpd[965526]: I0310 17:52:51.387892 965996 sctp_connection.cpp:193] Unhandled notification type 32777
Mar 10 17:52:51 localhost sctpd[965526]: I0310 17:52:51.516948 965996 sctp_connection.cpp:167] HandleClientSock sd = 81
Mar 10 17:52:51 localhost sctpd[965526]: I0310 17:52:51.517061 965996 sctp_connection.cpp:220] [sd:81] msg of len 88 on 3916:1
Mar 10 17:52:51 localhost sctpd[965526]: I0310 17:52:51.533445 965531 sctpd_downlink_impl.cpp:76] SctpdDownlinkImpl::SendDl starting
Mar 10 17:52:51 localhost sctpd[965526]: I0310 17:52:51.741451 965996 sctp_connection.cpp:167] HandleClientSock sd = 81
Mar 10 17:52:51 localhost sctpd[965526]: I0310 17:52:51.741549 965996 sctp_connection.cpp:193] Unhandled notification type 32777
Mar 10 17:52:52 localhost control_proxy[965403]: 2022-03-10T17:52:51.710Z [127.0.0.1 -> streamer-controller.magmasi.wavelabs.in,8443] "POST /magma.orc8r.Streamer/GetUpdates HTTP/2" 200 91bytes 0.551s
Mar 10 17:52:52 localhost policydb[965328]: INFO:root:Processing 2 policy updates (resync=True)
Mar 10 17:52:52 localhost smsd[965347]: INFO:root:mme non_eps_service_config is not SMS_ORC8R, sleeping.
Mar 10 17:52:52 localhost control_proxy[965403]: 2022-03-10T17:52:52.266Z [127.0.0.1 -> streamer-controller.magmasi.wavelabs.in,8443] "POST /magma.orc8r.Streamer/GetUpdates HTTP/2" 200 7bytes 0.282s
Mar 10 17:52:52 localhost policydb[965328]: INFO:root:Processing 0 basename -> policy updates
Mar 10 17:52:52 localhost control_proxy[965403]: 2022-03-10T17:52:52.266Z [127.0.0.1 -> streamer-controller.magmasi.wavelabs.in,8443] "POST /magma.orc8r.Streamer/GetUpdates HTTP/2" 200 5113bytes 0.288s
Mar 10 17:52:52 localhost policydb[965328]: INFO:root:Processing 222 SID -> apn -> policy updates
Mar 10 17:52:53 localhost control_proxy[965403]: 2022-03-10T17:52:52.266Z [127.0.0.1 -> streamer-controller.magmasi.wavelabs.in,8443] "POST /magma.orc8r.Streamer/GetUpdates HTTP/2" 200 7bytes 0.269s
Mar 10 17:52:53 localhost policydb[965328]: INFO:root:Processing 0 rating group updates
Mar 10 17:52:57 localhost smsd[965347]: INFO:root:mme non_eps_service_config is not SMS_ORC8R, sleeping.
Mar 10 17:52:57 localhost sctpd[965526]: I0310 17:52:57.538851 965531 sctpd_downlink_impl.cpp:76] SctpdDownlinkImpl::SendDl starting
Mar 10 17:52:57 localhost sctpd[965526]: I0310 17:52:57.745510 965996 sctp_connection.cpp:167] HandleClientSock sd = 81
Mar 10 17:52:57 localhost sctpd[965526]: I0310 17:52:57.745601 965996 sctp_connection.cpp:193] Unhandled notification type 32777
Mar 10 17:52:58 localhost dnsmasq-dhcp[965430]: DHCPDISCOVER(eth1) fa:16:3e:2a:89:3f 
Mar 10 17:52:58 localhost dnsmasq-dhcp[965430]: DHCPOFFER(eth1) 172.16.7.251 fa:16:3e:2a:89:3f 
Mar 10 17:52:58 localhost sctpd[965526]: I0310 17:52:58.857587 965996 sctp_connection.cpp:167] HandleClientSock sd = 81
Mar 10 17:52:58 localhost sctpd[965526]: I0310 17:52:58.857722 965996 sctp_connection.cpp:185] SCTP_SHUTDOWN_EVENT received
Mar 10 17:52:58 localhost sctpd[965526]: I0310 17:52:58.857738 965996 sctp_connection.cpp:280] Sending close connection for assoc_id 3916
Mar 10 17:53:02 localhost smsd[965347]: INFO:root:mme non_eps_service_config is not SMS_ORC8R, sleeping.
Mar 10 17:53:03 localhost sctpd[965526]: I0310 17:53:03.543833 965993 sctpd_downlink_impl.cpp:76] SctpdDownlinkImpl::SendDl starting
Mar 10 17:53:06 localhost mobilityd[965259]: INFO:root:Using GW info: {'default': {2: ('172.16.4.1', 'eth0')}, 2: [('172.16.4.1', 'eth0', True)]}
Mar 10 17:53:06 localhost mobilityd[965259]: INFO:root:GW-v6 probe: timer started
Mar 10 17:53:06 localhost dhclient[601]: DHCPREQUEST for 172.16.5.121 on eth1 to 172.16.5.2 port 67 (xid=0x4b4058b5)
Mar 10 17:53:07 localhost smsd[965347]: INFO:root:mme non_eps_service_config is not SMS_ORC8R, sleeping.
Mar 10 17:53:08 localhost sctpd[965526]: I0310 17:53:08.223731 965996 sctp_connection.cpp:167] HandleClientSock sd = 82
Mar 10 17:53:08 localhost sctpd[965526]: I0310 17:53:08.223805 965996 sctp_connection.cpp:189] SCTP association change event received
Mar 10 17:53:08 localhost sctpd[965526]: I0310 17:53:08.224701 965996 sctp_connection.cpp:167] HandleClientSock sd = 82
Mar 10 17:53:08 localhost sctpd[965526]: I0310 17:53:08.224738 965996 sctp_connection.cpp:193] Unhandled notification type 32776
Mar 10 17:53:08 localhost dnsmasq-dhcp[965430]: DHCPDISCOVER(eth1) fa:16:3e:2a:89:3f 
Mar 10 17:53:08 localhost dnsmasq-dhcp[965430]: DHCPOFFER(eth1) 172.16.7.251 fa:16:3e:2a:89:3f 
Mar 10 17:53:09 localhost sctpd[965526]: I0310 17:53:09.279999 965996 sctp_connection.cpp:167] HandleClientSock sd = 82
Mar 10 17:53:09 localhost sctpd[965526]: I0310 17:53:09.280105 965996 sctp_connection.cpp:220] [sd:82] msg of len 42 on 3917:0
Mar 10 17:53:09 localhost sctpd[965526]: I0310 17:53:09.282120 965993 sctpd_downlink_impl.cpp:76] SctpdDownlinkImpl::SendDl starting
Mar 10 17:53:09 localhost sctpd[965526]: I0310 17:53:09.282755 965996 sctp_connection.cpp:167] HandleClientSock sd = 82
Mar 10 17:53:09 localhost sctpd[965526]: I0310 17:53:09.282819 965996 sctp_connection.cpp:193] Unhandled notification type 32777
Mar 10 17:53:09 localhost sctpd[965526]: I0310 17:53:09.550910 965993 sctpd_downlink_impl.cpp:76] SctpdDownlinkImpl::SendDl starting
Mar 10 17:53:12 localhost smsd[965347]: INFO:root:mme non_eps_service_config is not SMS_ORC8R, sleeping.
Mar 10 17:53:15 localhost sctpd[965526]: I0310 17:53:15.556578 965993 sctpd_downlink_impl.cpp:76] SctpdDownlinkImpl::SendDl starting
Mar 10 17:53:16 localhost sctpd[965526]: I0310 17:53:16.689352 965996 sctp_connection.cpp:167] HandleClientSock sd = 82
Mar 10 17:53:16 localhost sctpd[965526]: I0310 17:53:16.689420 965996 sctp_connection.cpp:185] SCTP_SHUTDOWN_EVENT received
Mar 10 17:53:16 localhost sctpd[965526]: I0310 17:53:16.689429 965996 sctp_connection.cpp:280] Sending close connection for assoc_id 3917
Mar 10 17:53:17 localhost smsd[965347]: INFO:root:mme non_eps_service_config is not SMS_ORC8R, sleeping.
Mar 10 17:53:18 localhost magmad[965184]: INFO:root:Setting logging level to INFO
Mar 10 17:53:21 localhost sctpd[965526]: I0310 17:53:21.560060 965993 sctpd_downlink_impl.cpp:76] SctpdDownlinkImpl::SendDl starting
Mar 10 17:53:22 localhost smsd[965347]: INFO:root:mme non_eps_service_config is not SMS_ORC8R, sleeping.
Mar 10 17:53:22 localhost dnsmasq-dhcp[965430]: DHCPDISCOVER(eth1) fa:16:3e:2a:89:3f 
Mar 10 17:53:22 localhost dnsmasq-dhcp[965430]: DHCPOFFER(eth1) 172.16.7.251 fa:16:3e:2a:89:3f 
Mar 10 17:53:25 localhost magmad[965184]: INFO:root:[SyncRPC] Got heartBeat from cloud
Mar 10 17:53:25 localhost sctpd[965526]: I0310 17:53:25.927084 965996 sctp_connection.cpp:167] HandleClientSock sd = 83
Mar 10 17:53:25 localhost sctpd[965526]: I0310 17:53:25.927172 965996 sctp_connection.cpp:189] SCTP association change event received
Mar 10 17:53:25 localhost sctpd[965526]: I0310 17:53:25.928004 965996 sctp_connection.cpp:167] HandleClientSock sd = 83
Mar 10 17:53:25 localhost sctpd[965526]: I0310 17:53:25.928036 965996 sctp_connection.cpp:193] Unhandled notification type 32776
Mar 10 17:53:26 localhost mobilityd[965259]: INFO:root:Using GW info: {'default': {2: ('172.16.4.1', 'eth0')}, 2: [('172.16.4.1', 'eth0', True)]}
Mar 10 17:53:26 localhost mobilityd[965259]: INFO:root:GW-v6 probe: timer started
Mar 10 17:53:26 localhost control_proxy[965403]: 2022-03-10T17:52:26.280Z [127.0.0.1 -> streamer-controller.magmasi.wavelabs.in,8443] "POST /magma.orc8r.Streamer/GetUpdates HTTP/2" 200 0bytes 60.271s
Mar 10 17:53:26 localhost magmad[965184]: ERROR:root:Error! Streaming from the cloud failed! [StatusCode.ABORTED] error while streaming updates: rpc error: code = DeadlineExceeded desc = context deadline exceeded
Mar 10 17:53:26 localhost sctpd[965526]: I0310 17:53:26.982364 965996 sctp_connection.cpp:167] HandleClientSock sd = 83
Mar 10 17:53:26 localhost sctpd[965526]: I0310 17:53:26.982465 965996 sctp_connection.cpp:220] [sd:83] msg of len 42 on 3918:0
Mar 10 17:53:26 localhost sctpd[965526]: I0310 17:53:26.984571 965993 sctpd_downlink_impl.cpp:76] SctpdDownlinkImpl::SendDl starting
Mar 10 17:53:26 localhost sctpd[965526]: I0310 17:53:26.984937 965996 sctp_connection.cpp:167] HandleClientSock sd = 83
Mar 10 17:53:26 localhost sctpd[965526]: I0310 17:53:26.985015 965996 sctp_connection.cpp:193] Unhandled notification type 32777
Mar 10 17:53:27 localhost dhclient[601]: DHCPREQUEST for 172.16.5.121 on eth1 to 172.16.5.2 port 67 (xid=0x4b4058b5)
Mar 10 17:53:27 localhost sctpd[965526]: I0310 17:53:27.113037 965996 sctp_connection.cpp:167] HandleClientSock sd = 83
Mar 10 17:53:27 localhost sctpd[965526]: I0310 17:53:27.113135 965996 sctp_connection.cpp:220] [sd:83] msg of len 88 on 3918:1
Mar 10 17:53:27 localhost sctpd[965526]: I0310 17:53:27.128700 965993 sctpd_downlink_impl.cpp:76] SctpdDownlinkImpl::SendDl starting
Mar 10 17:53:27 localhost sctpd[965526]: I0310 17:53:27.235144 965996 sctp_connection.cpp:167] HandleClientSock sd = 83
Mar 10 17:53:27 localhost sctpd[965526]: I0310 17:53:27.235242 965996 sctp_connection.cpp:193] Unhandled notification type 32777
Mar 10 17:53:27 localhost sctpd[965526]: I0310 17:53:27.235267 965996 sctp_connection.cpp:167] HandleClientSock sd = 83
Mar 10 17:53:27 localhost sctpd[965526]: I0310 17:53:27.235296 965996 sctp_connection.cpp:220] [sd:83] msg of len 50 on 3918:1
Mar 10 17:53:27 localhost sctpd[965526]: I0310 17:53:27.239943 965993 sctpd_downlink_impl.cpp:76] SctpdDownlinkImpl::SendDl starting
Mar 10 17:53:27 localhost sctpd[965526]: I0310 17:53:27.240844 965993 sctpd_downlink_impl.cpp:76] SctpdDownlinkImpl::SendDl starting
Mar 10 17:53:27 localhost smsd[965347]: INFO:root:mme non_eps_service_config is not SMS_ORC8R, sleeping.
Mar 10 17:53:27 localhost sctpd[965526]: I0310 17:53:27.645473 965996 sctp_connection.cpp:167] HandleClientSock sd = 83
Mar 10 17:53:27 localhost sctpd[965526]: I0310 17:53:27.645572 965996 sctp_connection.cpp:193] Unhandled notification type 32777
Mar 10 17:53:30 localhost dnsmasq-dhcp[965430]: DHCPDISCOVER(eth1) fa:16:3e:2a:89:3f 
Mar 10 17:53:30 localhost dnsmasq-dhcp[965430]: DHCPOFFER(eth1) 172.16.7.251 fa:16:3e:2a:89:3f 
Mar 10 17:53:31 localhost subscriberdb[965257]: INFO:root:get digest stored in gateway:
Mar 10 17:53:31 localhost control_proxy[965403]: 2022-03-10T17:53:31.604Z [127.0.0.1 -> subscriberdb-controller.magmasi.wavelabs.in,8443] "POST /magma.lte.SubscriberDBCloud/CheckInSync HTTP/2" 200 0bytes 0.257s
Mar 10 17:53:31 localhost subscriberdb[965257]: ERROR:root:Internal Error in subscriberdb-Orc8r communication. If AGW and Orc8r are deployed at a commit hash, upgrade AGW and Orc8r to latest commit hash.
Mar 10 17:53:32 localhost control_proxy[965403]: 2022-03-10T17:53:31.604Z [127.0.0.1 -> subscriberdb-controller.magmasi.wavelabs.in,8443] "POST /magma.lte.SubscriberDBCloud/Sync HTTP/2" 200 0bytes 0.330s
Mar 10 17:53:32 localhost subscriberdb[965257]: ERROR:root:Internal Error in subscriberdb-Orc8r communication. If AGW and Orc8r are deployed at a commit hash, upgrade AGW and Orc8r to latest commit hash.
Mar 10 17:53:32 localhost smsd[965347]: INFO:root:mme non_eps_service_config is not SMS_ORC8R, sleeping.
Mar 10 17:53:32 localhost control_proxy[965403]: 2022-03-10T17:53:32.197Z [127.0.0.1 -> subscriberdb-controller.magmasi.wavelabs.in,8443] "POST /magma.lte.SubscriberDBCloud/ListSubscribers HTTP/2" 200 26260bytes 0.662s
Mar 10 17:53:32 localhost subscriberdb[965257]: INFO:root:Successfully fetched all subscriber pages from the cloud!
Mar 10 17:53:33 localhost subscriberdb[965257]: INFO:root:update root digest stored in gateway:
Mar 10 17:53:34 localhost sctpd[965526]: I0310 17:53:34.557129 965996 sctp_connection.cpp:167] HandleClientSock sd = 83
Mar 10 17:53:34 localhost sctpd[965526]: I0310 17:53:34.557224 965996 sctp_connection.cpp:185] SCTP_SHUTDOWN_EVENT received
Mar 10 17:53:34 localhost sctpd[965526]: I0310 17:53:34.557241 965996 sctp_connection.cpp:280] Sending close connection for assoc_id 3918
Mar 10 17:53:37 localhost control_proxy[965403]: 2022-03-10T17:53:36.571Z [127.0.0.1 -> state-controller.magmasi.wavelabs.in,8443] "POST /magma.orc8r.StateService/ReportStates HTTP/2" 200 5bytes 0.501s
Mar 10 17:53:37 localhost magmad[965184]: INFO:root:Checkin Successful! Successfully sent states to the cloud!
Mar 10 17:53:37 localhost smsd[965347]: INFO:root:mme non_eps_service_config is not SMS_ORC8R, sleeping.
Mar 10 17:53:41 localhost dnsmasq-dhcp[965430]: DHCPDISCOVER(eth1) fa:16:3e:2a:89:3f 
Mar 10 17:53:41 localhost dnsmasq-dhcp[965430]: DHCPOFFER(eth1) 172.16.7.251 fa:16:3e:2a:89:3f 
Mar 10 17:53:41 localhost dhclient[601]: DHCPREQUEST for 172.16.5.121 on eth1 to 172.16.5.2 port 67 (xid=0x4b4058b5)
Mar 10 17:53:42 localhost smsd[965347]: INFO:root:mme non_eps_service_config is not SMS_ORC8R, sleeping.
Mar 10 17:53:44 localhost sctpd[965526]: I0310 17:53:44.010519 965996 sctp_connection.cpp:167] HandleClientSock sd = 84
Mar 10 17:53:44 localhost sctpd[965526]: I0310 17:53:44.010618 965996 sctp_connection.cpp:189] SCTP association change event received
Mar 10 17:53:44 localhost sctpd[965526]: I0310 17:53:44.011504 965996 sctp_connection.cpp:167] HandleClientSock sd = 84
Mar 10 17:53:44 localhost sctpd[965526]: I0310 17:53:44.011539 965996 sctp_connection.cpp:193] Unhandled notification type 32776
Mar 10 17:53:45 localhost sctpd[965526]: I0310 17:53:45.068747 965996 sctp_connection.cpp:167] HandleClientSock sd = 84
Mar 10 17:53:45 localhost sctpd[965526]: I0310 17:53:45.068841 965996 sctp_connection.cpp:220] [sd:84] msg of len 42 on 3919:0
Mar 10 17:53:45 localhost sctpd[965526]: I0310 17:53:45.071533 965531 sctpd_downlink_impl.cpp:76] SctpdDownlinkImpl::SendDl starting
Mar 10 17:53:45 localhost sctpd[965526]: I0310 17:53:45.071960 965996 sctp_connection.cpp:167] HandleClientSock sd = 84
Mar 10 17:53:45 localhost sctpd[965526]: I0310 17:53:45.072007 965996 sctp_connection.cpp:193] Unhandled notification type 32777
Mar 10 17:53:45 localhost sctpd[965526]: I0310 17:53:45.182504 965996 sctp_connection.cpp:167] HandleClientSock sd = 84
Mar 10 17:53:45 localhost sctpd[965526]: I0310 17:53:45.182610 965996 sctp_connection.cpp:220] [sd:84] msg of len 88 on 3919:1
Mar 10 17:53:45 localhost sctpd[965526]: I0310 17:53:45.198477 965993 sctpd_downlink_impl.cpp:76] SctpdDownlinkImpl::SendDl starting
Mar 10 17:53:45 localhost sctpd[965526]: I0310 17:53:45.307170 965996 sctp_connection.cpp:167] HandleClientSock sd = 84
Mar 10 17:53:45 localhost sctpd[965526]: I0310 17:53:45.307257 965996 sctp_connection.cpp:193] Unhandled notification type 32777
Mar 10 17:53:45 localhost sctpd[965526]: I0310 17:53:45.307276 965996 sctp_connection.cpp:167] HandleClientSock sd = 84
Mar 10 17:53:45 localhost sctpd[965526]: I0310 17:53:45.307296 965996 sctp_connection.cpp:220] [sd:84] msg of len 67 on 3919:1
Mar 10 17:53:45 localhost sctpd[965526]: I0310 17:53:45.312121 965993 sctpd_downlink_impl.cpp:76] SctpdDownlinkImpl::SendDl starting
Mar 10 17:53:45 localhost sctpd[965526]: I0310 17:53:45.513386 965996 sctp_connection.cpp:167] HandleClientSock sd = 84
Mar 10 17:53:45 localhost sctpd[965526]: I0310 17:53:45.513480 965996 sctp_connection.cpp:193] Unhandled notification type 32777
Mar 10 17:53:46 localhost mobilityd[965259]: INFO:root:Using GW info: {'default': {2: ('172.16.4.1', 'eth0')}, 2: [('172.16.4.1', 'eth0', True)]}
Mar 10 17:53:46 localhost mobilityd[965259]: INFO:root:GW-v6 probe: timer started
Mar 10 17:53:47 localhost smsd[965347]: INFO:root:mme non_eps_service_config is not SMS_ORC8R, sleeping.
Mar 10 17:53:51 localhost sctpd[965526]: I0310 17:53:51.318326 965531 sctpd_downlink_impl.cpp:76] SctpdDownlinkImpl::SendDl starting
Mar 10 17:53:51 localhost sctpd[965526]: I0310 17:53:51.521384 965996 sctp_connection.cpp:167] HandleClientSock sd = 84
Mar 10 17:53:51 localhost sctpd[965526]: I0310 17:53:51.521490 965996 sctp_connection.cpp:193] Unhandled notification type 32777
Mar 10 17:53:52 localhost sctpd[965526]: I0310 17:53:52.657490 965996 sctp_connection.cpp:167] HandleClientSock sd = 84
Mar 10 17:53:52 localhost sctpd[965526]: I0310 17:53:52.657601 965996 sctp_connection.cpp:185] SCTP_SHUTDOWN_EVENT received
Mar 10 17:53:52 localhost sctpd[965526]: I0310 17:53:52.657613 965996 sctp_connection.cpp:280] Sending close connection for assoc_id 3919
Mar 10 17:53:52 localhost smsd[965347]: INFO:root:mme non_eps_service_config is not SMS_ORC8R, sleeping.
Mar 10 17:53:53 localhost control_proxy[965403]: 2022-03-10T17:53:53.161Z [127.0.0.1 -> streamer-controller.magmasi.wavelabs.in,8443] "POST /magma.orc8r.Streamer/GetUpdates HTTP/2" 200 91bytes 0.537s
Mar 10 17:53:53 localhost policydb[965328]: INFO:root:Processing 2 policy updates (resync=True)
Mar 10 17:53:53 localhost control_proxy[965403]: 2022-03-10T17:53:53.161Z [127.0.0.1 -> streamer-controller.magmasi.wavelabs.in,8443] "POST /magma.orc8r.Streamer/GetUpdates HTTP/2" 200 7bytes 0.278s
Mar 10 17:53:53 localhost policydb[965328]: INFO:root:Processing 0 basename -> policy updates
Mar 10 17:53:54 localhost control_proxy[965403]: 2022-03-10T17:53:53.161Z [127.0.0.1 -> streamer-controller.magmasi.wavelabs.in,8443] "POST /magma.orc8r.Streamer/GetUpdates HTTP/2" 200 5113bytes 0.297s
Mar 10 17:53:54 localhost policydb[965328]: INFO:root:Processing 222 SID -> apn -> policy updates
Mar 10 17:53:54 localhost control_proxy[965403]: 2022-03-10T17:53:54.288Z [127.0.0.1 -> streamer-controller.magmasi.wavelabs.in,8443] "POST /magma.orc8r.Streamer/GetUpdates HTTP/2" 200 7bytes 0.270s
Mar 10 17:53:54 localhost policydb[965328]: INFO:root:Processing 0 rating group updates
Mar 10 17:53:54 localhost dnsmasq-dhcp[965430]: DHCPDISCOVER(eth1) fa:16:3e:2a:89:3f 
Mar 10 17:53:54 localhost dnsmasq-dhcp[965430]: DHCPOFFER(eth1) 172.16.7.251 fa:16:3e:2a:89:3f 
Mar 10 17:53:56 localhost dhclient[601]: DHCPREQUEST for 172.16.5.121 on eth1 to 172.16.5.2 port 67 (xid=0x4b4058b5)
Mar 10 17:53:57 localhost sctpd[965526]: I0310 17:53:57.326382 965531 sctpd_downlink_impl.cpp:76] SctpdDownlinkImpl::SendDl starting
Mar 10 17:53:57 localhost smsd[965347]: INFO:root:mme non_eps_service_config is not SMS_ORC8R, sleeping.
Mar 10 17:54:01 localhost sctpd[965526]: I0310 17:54:01.681412 965996 sctp_connection.cpp:167] HandleClientSock sd = 85
Mar 10 17:54:01 localhost sctpd[965526]: I0310 17:54:01.681497 965996 sctp_connection.cpp:189] SCTP association change event received
Mar 10 17:54:01 localhost sctpd[965526]: I0310 17:54:01.682338 965996 sctp_connection.cpp:167] HandleClientSock sd = 85
Mar 10 17:54:01 localhost sctpd[965526]: I0310 17:54:01.682375 965996 sctp_connection.cpp:193] Unhandled notification type 32776
Mar 10 17:54:02 localhost dnsmasq-dhcp[965430]: DHCPDISCOVER(eth1) fa:16:3e:2a:89:3f 
Mar 10 17:54:02 localhost dnsmasq-dhcp[965430]: DHCPOFFER(eth1) 172.16.7.251 fa:16:3e:2a:89:3f 
Mar 10 17:54:02 localhost sctpd[965526]: I0310 17:54:02.744268 965996 sctp_connection.cpp:167] HandleClientSock sd = 85
Mar 10 17:54:02 localhost sctpd[965526]: I0310 17:54:02.744364 965996 sctp_connection.cpp:220] [sd:85] msg of len 42 on 3920:0
Mar 10 17:54:02 localhost sctpd[965526]: I0310 17:54:02.746526 965993 sctpd_downlink_impl.cpp:76] SctpdDownlinkImpl::SendDl starting
Mar 10 17:54:02 localhost sctpd[965526]: I0310 17:54:02.747048 965996 sctp_connection.cpp:167] HandleClientSock sd = 85
Mar 10 17:54:02 localhost sctpd[965526]: I0310 17:54:02.747125 965996 sctp_connection.cpp:193] Unhandled notification type 32777
Mar 10 17:54:02 localhost smsd[965347]: INFO:root:mme non_eps_service_config is not SMS_ORC8R, sleeping.
Mar 10 17:54:02 localhost sctpd[965526]: I0310 17:54:02.862884 965996 sctp_connection.cpp:167] HandleClientSock sd = 85
Mar 10 17:54:02 localhost sctpd[965526]: I0310 17:54:02.862993 965996 sctp_connection.cpp:220] [sd:85] msg of len 42 on 3920:0
