Mar 10 16:58:02 localhost dhclient[601]: DHCPREQUEST for 172.16.5.121 on eth1 to 172.16.5.2 port 67 (xid=0x4b4058b5)
Mar 10 16:58:03 localhost smsd[954530]: INFO:root:mme non_eps_service_config is not SMS_ORC8R, sleeping.
Mar 10 16:58:06 localhost dnsmasq-dhcp[954615]: DHCPDISCOVER(eth1) fa:16:3e:2a:89:3f 
Mar 10 16:58:06 localhost dnsmasq-dhcp[954615]: DHCPOFFER(eth1) 172.16.7.251 fa:16:3e:2a:89:3f 
Mar 10 16:58:08 localhost sctpd[954704]: I0310 16:58:08.058938 955196 sctp_connection.cpp:167] HandleClientSock sd = 19
Mar 10 16:58:08 localhost sctpd[954704]: I0310 16:58:08.059049 955196 sctp_connection.cpp:189] SCTP association change event received
Mar 10 16:58:08 localhost sctpd[954704]: I0310 16:58:08.061933 955196 sctp_connection.cpp:167] HandleClientSock sd = 19
Mar 10 16:58:08 localhost sctpd[954704]: I0310 16:58:08.061995 955196 sctp_connection.cpp:193] Unhandled notification type 32776
Mar 10 16:58:08 localhost smsd[954530]: INFO:root:mme non_eps_service_config is not SMS_ORC8R, sleeping.
Mar 10 16:58:09 localhost sctpd[954704]: I0310 16:58:09.124083 955196 sctp_connection.cpp:167] HandleClientSock sd = 19
Mar 10 16:58:09 localhost sctpd[954704]: I0310 16:58:09.124188 955196 sctp_connection.cpp:220] [sd:19] msg of len 42 on 3789:0
Mar 10 16:58:09 localhost sctpd[954704]: I0310 16:58:09.127228 955195 sctpd_downlink_impl.cpp:76] SctpdDownlinkImpl::SendDl starting
Mar 10 16:58:09 localhost sctpd[954704]: I0310 16:58:09.128011 955196 sctp_connection.cpp:167] HandleClientSock sd = 19
Mar 10 16:58:09 localhost sctpd[954704]: I0310 16:58:09.128088 955196 sctp_connection.cpp:193] Unhandled notification type 32777
Mar 10 16:58:11 localhost magmad[954360]: INFO:root:Setting logging level to INFO
Mar 10 16:58:13 localhost mobilityd[954428]: INFO:root:Using GW info: {'default': {2: ('172.16.4.1', 'eth0')}, 2: [('172.16.4.1', 'eth0', True)]}
Mar 10 16:58:13 localhost mobilityd[954428]: INFO:root:GW-v6 probe: timer started
Mar 10 16:58:13 localhost smsd[954530]: INFO:root:mme non_eps_service_config is not SMS_ORC8R, sleeping.
Mar 10 16:58:13 localhost dnsmasq-dhcp[954615]: DHCPDISCOVER(eth1) fa:16:3e:2a:89:3f 
Mar 10 16:58:13 localhost dnsmasq-dhcp[954615]: DHCPOFFER(eth1) 172.16.7.251 fa:16:3e:2a:89:3f 
Mar 10 16:58:16 localhost sctpd[954704]: I0310 16:58:16.467249 955196 sctp_connection.cpp:167] HandleClientSock sd = 19
Mar 10 16:58:16 localhost sctpd[954704]: I0310 16:58:16.467367 955196 sctp_connection.cpp:185] SCTP_SHUTDOWN_EVENT received
Mar 10 16:58:16 localhost sctpd[954704]: I0310 16:58:16.467451 955196 sctp_connection.cpp:280] Sending close connection for assoc_id 3789
Mar 10 16:58:16 localhost dhclient[601]: DHCPREQUEST for 172.16.5.121 on eth1 to 172.16.5.2 port 67 (xid=0x4b4058b5)
Mar 10 16:58:18 localhost smsd[954530]: INFO:root:mme non_eps_service_config is not SMS_ORC8R, sleeping.
Mar 10 16:58:23 localhost smsd[954530]: INFO:root:mme non_eps_service_config is not SMS_ORC8R, sleeping.
Mar 10 16:58:24 localhost dnsmasq-dhcp[954615]: DHCPDISCOVER(eth1) fa:16:3e:2a:89:3f 
Mar 10 16:58:24 localhost dnsmasq-dhcp[954615]: DHCPOFFER(eth1) 172.16.7.251 fa:16:3e:2a:89:3f 
Mar 10 16:58:25 localhost dhclient[601]: DHCPREQUEST for 172.16.5.121 on eth1 to 172.16.5.2 port 67 (xid=0x4b4058b5)
Mar 10 16:58:25 localhost sctpd[954704]: I0310 16:58:25.224033 955196 sctp_connection.cpp:167] HandleClientSock sd = 23
Mar 10 16:58:25 localhost sctpd[954704]: I0310 16:58:25.224124 955196 sctp_connection.cpp:189] SCTP association change event received
Mar 10 16:58:25 localhost sctpd[954704]: I0310 16:58:25.225080 955196 sctp_connection.cpp:167] HandleClientSock sd = 23
Mar 10 16:58:25 localhost sctpd[954704]: I0310 16:58:25.225126 955196 sctp_connection.cpp:193] Unhandled notification type 32776
Mar 10 16:58:28 localhost smsd[954530]: INFO:root:mme non_eps_service_config is not SMS_ORC8R, sleeping.
Mar 10 16:58:29 localhost magmad[954360]: ERROR:root:Metrics upload error for service subscriberdb (chunk 0)! [StatusCode.DEADLINE_EXCEEDED] Deadline Exceeded
Mar 10 16:58:29 localhost magmad[954360]: ERROR:root:Metrics upload error for service mobilityd (chunk 0)! [StatusCode.DEADLINE_EXCEEDED] Deadline Exceeded
Mar 10 16:58:29 localhost magmad[954360]: ERROR:root:Metrics upload error for service mme (chunk 0)! [StatusCode.DEADLINE_EXCEEDED] Deadline Exceeded
Mar 10 16:58:29 localhost magmad[954360]: ERROR:root:Metrics upload error for service magmad (chunk 0)! [StatusCode.DEADLINE_EXCEEDED] Deadline Exceeded
Mar 10 16:58:29 localhost magmad[954360]: ERROR:root:Metrics upload error for service enodebd (chunk 0)! [StatusCode.DEADLINE_EXCEEDED] Deadline Exceeded
Mar 10 16:58:29 localhost magmad[954360]: ERROR:root:Metrics upload error for service pipelined (chunk 0)! [StatusCode.DEADLINE_EXCEEDED] Deadline Exceeded
Mar 10 16:58:29 localhost magmad[954360]: ERROR:root:Metrics upload error for service state (chunk 0)! [StatusCode.DEADLINE_EXCEEDED] Deadline Exceeded
Mar 10 16:58:29 localhost magmad[954360]: ERROR:root:Metrics upload error for service sessiond (chunk 0)! [StatusCode.DEADLINE_EXCEEDED] Deadline Exceeded
Mar 10 16:58:30 localhost control_proxy[954599]: 2022-03-10T16:58:29.820Z [127.0.0.1 -> state-controller.magmasi.wavelabs.in,8443] "POST /magma.orc8r.StateService/ReportStates HTTP/2" 200 5bytes 0.531s
Mar 10 16:58:30 localhost magmad[954360]: INFO:root:Checkin Successful! Successfully sent states to the cloud!
Mar 10 16:58:33 localhost mobilityd[954428]: INFO:root:Using GW info: {'default': {2: ('172.16.4.1', 'eth0')}, 2: [('172.16.4.1', 'eth0', True)]}
Mar 10 16:58:33 localhost mobilityd[954428]: INFO:root:GW-v6 probe: timer started
Mar 10 16:58:33 localhost smsd[954530]: INFO:root:mme non_eps_service_config is not SMS_ORC8R, sleeping.
Mar 10 16:58:34 localhost dhclient[601]: DHCPREQUEST for 172.16.5.121 on eth1 to 172.16.5.2 port 67 (xid=0x4b4058b5)
Mar 10 16:58:35 localhost sctpd[954704]: I0310 16:58:35.644232 955196 sctp_connection.cpp:167] HandleClientSock sd = 23
Mar 10 16:58:35 localhost sctpd[954704]: I0310 16:58:35.644349 955196 sctp_connection.cpp:220] [sd:23] msg of len 42 on 3790:0
Mar 10 16:58:35 localhost sctpd[954704]: I0310 16:58:35.646652 955195 sctpd_downlink_impl.cpp:76] SctpdDownlinkImpl::SendDl starting
Mar 10 16:58:35 localhost sctpd[954704]: I0310 16:58:35.647208 955196 sctp_connection.cpp:167] HandleClientSock sd = 23
Mar 10 16:58:35 localhost sctpd[954704]: I0310 16:58:35.647259 955196 sctp_connection.cpp:193] Unhandled notification type 32777
Mar 10 16:58:35 localhost sctpd[954704]: I0310 16:58:35.761600 955196 sctp_connection.cpp:167] HandleClientSock sd = 23
Mar 10 16:58:35 localhost sctpd[954704]: I0310 16:58:35.761705 955196 sctp_connection.cpp:220] [sd:23] msg of len 88 on 3790:1
Mar 10 16:58:35 localhost sctpd[954704]: I0310 16:58:35.780146 955195 sctpd_downlink_impl.cpp:76] SctpdDownlinkImpl::SendDl starting
Mar 10 16:58:35 localhost sctpd[954704]: I0310 16:58:35.874965 955196 sctp_connection.cpp:167] HandleClientSock sd = 23
Mar 10 16:58:35 localhost sctpd[954704]: I0310 16:58:35.875061 955196 sctp_connection.cpp:193] Unhandled notification type 32777
Mar 10 16:58:35 localhost sctpd[954704]: I0310 16:58:35.875079 955196 sctp_connection.cpp:167] HandleClientSock sd = 23
Mar 10 16:58:35 localhost sctpd[954704]: I0310 16:58:35.875102 955196 sctp_connection.cpp:220] [sd:23] msg of len 67 on 3790:1
Mar 10 16:58:35 localhost sctpd[954704]: I0310 16:58:35.879722 955195 sctpd_downlink_impl.cpp:76] SctpdDownlinkImpl::SendDl starting
Mar 10 16:58:35 localhost sctpd[954704]: I0310 16:58:35.998569 955196 sctp_connection.cpp:167] HandleClientSock sd = 23
Mar 10 16:58:35 localhost sctpd[954704]: I0310 16:58:35.998656 955196 sctp_connection.cpp:193] Unhandled notification type 32777
Mar 10 16:58:35 localhost sctpd[954704]: I0310 16:58:35.998674 955196 sctp_connection.cpp:167] HandleClientSock sd = 23
Mar 10 16:58:35 localhost sctpd[954704]: I0310 16:58:35.998697 955196 sctp_connection.cpp:220] [sd:23] msg of len 56 on 3790:1
Mar 10 16:58:36 localhost mme[955130]: [SIG][D]MME_UNIT_TEST Flag is Disabled
Mar 10 16:58:36 localhost mme[955130]: filename /var/run/mme.pid failed to be written
Mar 10 16:58:36 localhost mme[955130]: [DEBUG] Sending S6A-UPDATE_LOCATION_REQUEST with IMSI: 222700000000001
Mar 10 16:58:36 localhost sctpd[954704]: I0310 16:58:36.005261 955195 sctpd_downlink_impl.cpp:76] SctpdDownlinkImpl::SendDl starting
Mar 10 16:58:36 localhost mme[955130]: [INFO] Received S6A-LOCATION-UPDATE_ANSWER for IMSI: 222700000000001; Status: ; StatusCode: 2001
Mar 10 16:58:36 localhost mme[955130]: [INFO] sent itti S6A-LOCATION-UPDATE_ANSWER for IMSI: 222700000000001
Mar 10 16:58:36 localhost sctpd[954704]: I0310 16:58:36.114183 955196 sctp_connection.cpp:167] HandleClientSock sd = 23
Mar 10 16:58:36 localhost sctpd[954704]: I0310 16:58:36.114315 955196 sctp_connection.cpp:193] Unhandled notification type 32777
Mar 10 16:58:36 localhost sctpd[954704]: I0310 16:58:36.114336 955196 sctp_connection.cpp:167] HandleClientSock sd = 23
Mar 10 16:58:36 localhost sctpd[954704]: I0310 16:58:36.114356 955196 sctp_connection.cpp:220] [sd:23] msg of len 22 on 3790:1
Mar 10 16:58:36 localhost sctpd[954704]: I0310 16:58:36.315240 955196 sctp_connection.cpp:167] HandleClientSock sd = 23
Mar 10 16:58:36 localhost sctpd[954704]: I0310 16:58:36.315358 955196 sctp_connection.cpp:220] [sd:23] msg of len 56 on 3790:1
Mar 10 16:58:38 localhost dnsmasq-dhcp[954615]: DHCPDISCOVER(eth1) fa:16:3e:2a:89:3f 
Mar 10 16:58:38 localhost dnsmasq-dhcp[954615]: DHCPOFFER(eth1) 172.16.7.251 fa:16:3e:2a:89:3f 
Mar 10 16:58:38 localhost smsd[954530]: INFO:root:mme non_eps_service_config is not SMS_ORC8R, sleeping.
Mar 10 16:58:43 localhost sctpd[954704]: I0310 16:58:43.451259 955196 sctp_connection.cpp:167] HandleClientSock sd = 23
Mar 10 16:58:43 localhost sctpd[954704]: I0310 16:58:43.451356 955196 sctp_connection.cpp:185] SCTP_SHUTDOWN_EVENT received
Mar 10 16:58:43 localhost sctpd[954704]: I0310 16:58:43.451373 955196 sctp_connection.cpp:280] Sending close connection for assoc_id 3790
Mar 10 16:58:43 localhost smsd[954530]: INFO:root:mme non_eps_service_config is not SMS_ORC8R, sleeping.
Mar 10 16:58:45 localhost dnsmasq-dhcp[954615]: DHCPDISCOVER(eth1) fa:16:3e:2a:89:3f 
Mar 10 16:58:45 localhost dnsmasq-dhcp[954615]: DHCPOFFER(eth1) 172.16.7.251 fa:16:3e:2a:89:3f 
Mar 10 16:58:45 localhost dhclient[601]: DHCPREQUEST for 172.16.5.121 on eth1 to 172.16.5.2 port 67 (xid=0x4b4058b5)
Mar 10 16:58:48 localhost smsd[954530]: INFO:root:mme non_eps_service_config is not SMS_ORC8R, sleeping.
Mar 10 16:58:50 localhost magmad[954360]: INFO:root:Checking for upgrade...
Mar 10 16:58:50 localhost magmad[954360]: WARNING:root:magmad package_version config missing or set to default 0.0.0-0, skipping upgrade
Mar 10 16:58:51 localhost control_proxy[954599]: 2022-03-10T16:57:50.482Z [127.0.0.1 -> streamer-controller.magmasi.wavelabs.in,8443] "POST /magma.orc8r.Streamer/GetUpdates HTTP/2" 200 0bytes 60.374s
Mar 10 16:58:51 localhost magmad[954360]: ERROR:root:Error! Streaming from the cloud failed! [StatusCode.ABORTED] error while streaming updates: rpc error: code = DeadlineExceeded desc = context deadline exceeded
Mar 10 16:58:52 localhost sctpd[954704]: I0310 16:58:52.485656 955196 sctp_connection.cpp:167] HandleClientSock sd = 24
Mar 10 16:58:52 localhost sctpd[954704]: I0310 16:58:52.485744 955196 sctp_connection.cpp:189] SCTP association change event received
Mar 10 16:58:52 localhost sctpd[954704]: I0310 16:58:52.486644 955196 sctp_connection.cpp:167] HandleClientSock sd = 24
Mar 10 16:58:52 localhost sctpd[954704]: I0310 16:58:52.486868 955196 sctp_connection.cpp:193] Unhandled notification type 32776
Mar 10 16:58:53 localhost mobilityd[954428]: INFO:root:Using GW info: {'default': {2: ('172.16.4.1', 'eth0')}, 2: [('172.16.4.1', 'eth0', True)]}
Mar 10 16:58:53 localhost mobilityd[954428]: INFO:root:GW-v6 probe: timer started
Mar 10 16:58:53 localhost sctpd[954704]: I0310 16:58:53.545214 955196 sctp_connection.cpp:167] HandleClientSock sd = 24
Mar 10 16:58:53 localhost sctpd[954704]: I0310 16:58:53.545337 955196 sctp_connection.cpp:220] [sd:24] msg of len 42 on 3791:0
Mar 10 16:58:53 localhost sctpd[954704]: I0310 16:58:53.547328 955195 sctpd_downlink_impl.cpp:76] SctpdDownlinkImpl::SendDl starting
Mar 10 16:58:53 localhost sctpd[954704]: I0310 16:58:53.547942 955196 sctp_connection.cpp:167] HandleClientSock sd = 24
Mar 10 16:58:53 localhost sctpd[954704]: I0310 16:58:53.547996 955196 sctp_connection.cpp:193] Unhandled notification type 32777
Mar 10 16:58:53 localhost sctpd[954704]: I0310 16:58:53.662331 955196 sctp_connection.cpp:167] HandleClientSock sd = 24
Mar 10 16:58:53 localhost sctpd[954704]: I0310 16:58:53.662461 955196 sctp_connection.cpp:220] [sd:24] msg of len 88 on 3791:1
Mar 10 16:58:53 localhost sctpd[954704]: I0310 16:58:53.676676 955195 sctpd_downlink_impl.cpp:76] SctpdDownlinkImpl::SendDl starting
Mar 10 16:58:53 localhost sctpd[954704]: I0310 16:58:53.780942 955196 sctp_connection.cpp:167] HandleClientSock sd = 24
Mar 10 16:58:53 localhost sctpd[954704]: I0310 16:58:53.781050 955196 sctp_connection.cpp:193] Unhandled notification type 32777
Mar 10 16:58:53 localhost sctpd[954704]: I0310 16:58:53.781071 955196 sctp_connection.cpp:167] HandleClientSock sd = 24
Mar 10 16:58:53 localhost sctpd[954704]: I0310 16:58:53.781093 955196 sctp_connection.cpp:220] [sd:24] msg of len 67 on 3791:1
Mar 10 16:58:53 localhost sctpd[954704]: I0310 16:58:53.785531 955195 sctpd_downlink_impl.cpp:76] SctpdDownlinkImpl::SendDl starting
Mar 10 16:58:53 localhost smsd[954530]: INFO:root:mme non_eps_service_config is not SMS_ORC8R, sleeping.
Mar 10 16:58:53 localhost sctpd[954704]: I0310 16:58:53.899549 955196 sctp_connection.cpp:167] HandleClientSock sd = 24
Mar 10 16:58:53 localhost sctpd[954704]: I0310 16:58:53.899617 955196 sctp_connection.cpp:193] Unhandled notification type 32777
Mar 10 16:58:53 localhost sctpd[954704]: I0310 16:58:53.899634 955196 sctp_connection.cpp:167] HandleClientSock sd = 24
Mar 10 16:58:53 localhost sctpd[954704]: I0310 16:58:53.899652 955196 sctp_connection.cpp:220] [sd:24] msg of len 56 on 3791:1
Mar 10 16:58:53 localhost mme[955130]: [DEBUG] Sending S6A-UPDATE_LOCATION_REQUEST with IMSI: 222700000000001
Mar 10 16:58:53 localhost sctpd[954704]: I0310 16:58:53.905125 955195 sctpd_downlink_impl.cpp:76] SctpdDownlinkImpl::SendDl starting
Mar 10 16:58:53 localhost mme[955130]: [INFO] Received S6A-LOCATION-UPDATE_ANSWER for IMSI: 222700000000001; Status: ; StatusCode: 2001
Mar 10 16:58:53 localhost mme[955130]: [INFO] sent itti S6A-LOCATION-UPDATE_ANSWER for IMSI: 222700000000001
Mar 10 16:58:54 localhost sctpd[954704]: I0310 16:58:54.018412 955196 sctp_connection.cpp:167] HandleClientSock sd = 24
Mar 10 16:58:54 localhost sctpd[954704]: I0310 16:58:54.018520 955196 sctp_connection.cpp:193] Unhandled notification type 32777
Mar 10 16:58:54 localhost sctpd[954704]: I0310 16:58:54.018540 955196 sctp_connection.cpp:167] HandleClientSock sd = 24
Mar 10 16:58:54 localhost sctpd[954704]: I0310 16:58:54.018563 955196 sctp_connection.cpp:220] [sd:24] msg of len 22 on 3791:1
Mar 10 16:58:54 localhost sctpd[954704]: I0310 16:58:54.218945 955196 sctp_connection.cpp:167] HandleClientSock sd = 24
Mar 10 16:58:54 localhost sctpd[954704]: I0310 16:58:54.219041 955196 sctp_connection.cpp:220] [sd:24] msg of len 56 on 3791:1
Mar 10 16:58:54 localhost sctpd[954704]: I0310 16:58:54.219839 955196 sctp_connection.cpp:167] HandleClientSock sd = 24
Mar 10 16:58:54 localhost sctpd[954704]: I0310 16:58:54.219892 955196 sctp_connection.cpp:220] [sd:24] msg of len 70 on 3791:1
Mar 10 16:58:54 localhost sctpd[954704]: I0310 16:58:54.226174 955195 sctpd_downlink_impl.cpp:76] SctpdDownlinkImpl::SendDl starting
Mar 10 16:58:54 localhost sctpd[954704]: I0310 16:58:54.226956 954709 sctpd_downlink_impl.cpp:76] SctpdDownlinkImpl::SendDl starting
Mar 10 16:58:54 localhost magmad[954360]: INFO:root:[SyncRPC] Got heartBeat from cloud
Mar 10 16:58:54 localhost sctpd[954704]: I0310 16:58:54.482012 955196 sctp_connection.cpp:167] HandleClientSock sd = 24
Mar 10 16:58:54 localhost sctpd[954704]: I0310 16:58:54.482118 955196 sctp_connection.cpp:193] Unhandled notification type 32777
Mar 10 16:58:54 localhost sctpd[954704]: I0310 16:58:54.482138 955196 sctp_connection.cpp:167] HandleClientSock sd = 24
Mar 10 16:58:54 localhost sctpd[954704]: I0310 16:58:54.482160 955196 sctp_connection.cpp:220] [sd:24] msg of len 22 on 3791:1
Mar 10 16:58:56 localhost dnsmasq-dhcp[954615]: DHCPDISCOVER(eth1) fa:16:3e:2a:89:3f 
Mar 10 16:58:56 localhost dnsmasq-dhcp[954615]: DHCPOFFER(eth1) 172.16.7.251 fa:16:3e:2a:89:3f 
Mar 10 16:58:56 localhost control_proxy[954599]: 2022-03-10T16:58:56.559Z [127.0.0.1 -> streamer-controller.magmasi.wavelabs.in,8443] "POST /magma.orc8r.Streamer/GetUpdates HTTP/2" 200 91bytes 0.279s
Mar 10 16:58:56 localhost policydb[954502]: INFO:root:Processing 2 policy updates (resync=True)
Mar 10 16:58:57 localhost control_proxy[954599]: 2022-03-10T16:58:56.559Z [127.0.0.1 -> streamer-controller.magmasi.wavelabs.in,8443] "POST /magma.orc8r.Streamer/GetUpdates HTTP/2" 200 7bytes 0.277s
Mar 10 16:58:57 localhost policydb[954502]: INFO:root:Processing 0 basename -> policy updates
Mar 10 16:58:57 localhost control_proxy[954599]: 2022-03-10T16:58:57.122Z [127.0.0.1 -> streamer-controller.magmasi.wavelabs.in,8443] "POST /magma.orc8r.Streamer/GetUpdates HTTP/2" 200 5113bytes 0.287s
Mar 10 16:58:57 localhost policydb[954502]: INFO:root:Processing 222 SID -> apn -> policy updates
Mar 10 16:58:57 localhost control_proxy[954599]: 2022-03-10T16:58:57.122Z [127.0.0.1 -> streamer-controller.magmasi.wavelabs.in,8443] "POST /magma.orc8r.Streamer/GetUpdates HTTP/2" 200 7bytes 0.273s
Mar 10 16:58:57 localhost policydb[954502]: INFO:root:Processing 0 rating group updates
Mar 10 16:58:58 localhost smsd[954530]: INFO:root:mme non_eps_service_config is not SMS_ORC8R, sleeping.
Mar 10 16:59:01 localhost sctpd[954704]: I0310 16:59:01.764936 955196 sctp_connection.cpp:167] HandleClientSock sd = 24
Mar 10 16:59:01 localhost sctpd[954704]: I0310 16:59:01.765060 955196 sctp_connection.cpp:185] SCTP_SHUTDOWN_EVENT received
Mar 10 16:59:01 localhost sctpd[954704]: I0310 16:59:01.765075 955196 sctp_connection.cpp:280] Sending close connection for assoc_id 3791
Mar 10 16:59:02 localhost dhclient[601]: DHCPREQUEST for 172.16.5.121 on eth1 to 172.16.5.2 port 67 (xid=0x4b4058b5)
Mar 10 16:59:03 localhost smsd[954530]: INFO:root:mme non_eps_service_config is not SMS_ORC8R, sleeping.
Mar 10 16:59:08 localhost smsd[954530]: INFO:root:mme non_eps_service_config is not SMS_ORC8R, sleeping.
Mar 10 16:59:09 localhost dnsmasq-dhcp[954615]: DHCPDISCOVER(eth1) fa:16:3e:2a:89:3f 
Mar 10 16:59:09 localhost dnsmasq-dhcp[954615]: DHCPOFFER(eth1) 172.16.7.251 fa:16:3e:2a:89:3f 
Mar 10 16:59:10 localhost sctpd[954704]: I0310 16:59:10.722211 955196 sctp_connection.cpp:167] HandleClientSock sd = 25
Mar 10 16:59:10 localhost sctpd[954704]: I0310 16:59:10.722334 955196 sctp_connection.cpp:189] SCTP association change event received
Mar 10 16:59:10 localhost sctpd[954704]: I0310 16:59:10.723107 955196 sctp_connection.cpp:167] HandleClientSock sd = 25
Mar 10 16:59:10 localhost sctpd[954704]: I0310 16:59:10.723140 955196 sctp_connection.cpp:193] Unhandled notification type 32776
Mar 10 16:59:10 localhost sctpd[954704]: I0310 16:59:10.823751 955196 sctp_connection.cpp:167] HandleClientSock sd = 26
Mar 10 16:59:10 localhost sctpd[954704]: I0310 16:59:10.823835 955196 sctp_connection.cpp:189] SCTP association change event received
Mar 10 16:59:10 localhost sctpd[954704]: I0310 16:59:10.824529 955196 sctp_connection.cpp:167] HandleClientSock sd = 26
Mar 10 16:59:10 localhost sctpd[954704]: I0310 16:59:10.824579 955196 sctp_connection.cpp:193] Unhandled notification type 32776
Mar 10 16:59:11 localhost sctpd[954704]: I0310 16:59:11.881399 955196 sctp_connection.cpp:167] HandleClientSock sd = 25
Mar 10 16:59:11 localhost sctpd[954704]: I0310 16:59:11.881559 955196 sctp_connection.cpp:220] [sd:25] msg of len 42 on 3792:0
Mar 10 16:59:11 localhost sctpd[954704]: I0310 16:59:11.883800 955195 sctpd_downlink_impl.cpp:76] SctpdDownlinkImpl::SendDl starting
Mar 10 16:59:11 localhost sctpd[954704]: I0310 16:59:11.884565 955196 sctp_connection.cpp:167] HandleClientSock sd = 25
Mar 10 16:59:11 localhost sctpd[954704]: I0310 16:59:11.884640 955196 sctp_connection.cpp:193] Unhandled notification type 32777
Mar 10 16:59:11 localhost sctpd[954704]: I0310 16:59:11.997467 955196 sctp_connection.cpp:167] HandleClientSock sd = 26
Mar 10 16:59:11 localhost sctpd[954704]: I0310 16:59:11.997596 955196 sctp_connection.cpp:220] [sd:26] msg of len 42 on 3793:0
Mar 10 16:59:12 localhost sctpd[954704]: I0310 16:59:11.999914 954709 sctpd_downlink_impl.cpp:76] SctpdDownlinkImpl::SendDl starting
Mar 10 16:59:12 localhost sctpd[954704]: I0310 16:59:12.000538 955196 sctp_connection.cpp:167] HandleClientSock sd = 26
Mar 10 16:59:12 localhost sctpd[954704]: I0310 16:59:12.000599 955196 sctp_connection.cpp:193] Unhandled notification type 32777
Mar 10 16:59:13 localhost dhclient[601]: DHCPREQUEST for 172.16.5.121 on eth1 to 172.16.5.2 port 67 (xid=0x4b4058b5)
Mar 10 16:59:13 localhost mobilityd[954428]: INFO:root:Using GW info: {'default': {2: ('172.16.4.1', 'eth0')}, 2: [('172.16.4.1', 'eth0', True)]}
Mar 10 16:59:13 localhost mobilityd[954428]: INFO:root:GW-v6 probe: timer started
Mar 10 16:59:13 localhost smsd[954530]: INFO:root:mme non_eps_service_config is not SMS_ORC8R, sleeping.
Mar 10 16:59:17 localhost dnsmasq-dhcp[954615]: DHCPDISCOVER(eth1) fa:16:3e:2a:89:3f 
Mar 10 16:59:17 localhost dnsmasq-dhcp[954615]: DHCPOFFER(eth1) 172.16.7.251 fa:16:3e:2a:89:3f 
Mar 10 16:59:19 localhost smsd[954530]: INFO:root:mme non_eps_service_config is not SMS_ORC8R, sleeping.
Mar 10 16:59:19 localhost sctpd[954704]: I0310 16:59:19.325033 955196 sctp_connection.cpp:167] HandleClientSock sd = 25
Mar 10 16:59:19 localhost sctpd[954704]: I0310 16:59:19.325137 955196 sctp_connection.cpp:185] SCTP_SHUTDOWN_EVENT received
Mar 10 16:59:19 localhost sctpd[954704]: I0310 16:59:19.325150 955196 sctp_connection.cpp:280] Sending close connection for assoc_id 3792
Mar 10 16:59:19 localhost sctpd[954704]: I0310 16:59:19.373025 955196 sctp_connection.cpp:167] HandleClientSock sd = 26
Mar 10 16:59:19 localhost sctpd[954704]: I0310 16:59:19.373116 955196 sctp_connection.cpp:185] SCTP_SHUTDOWN_EVENT received
Mar 10 16:59:19 localhost sctpd[954704]: I0310 16:59:19.373127 955196 sctp_connection.cpp:280] Sending close connection for assoc_id 3793
Mar 10 16:59:20 localhost magmad[954360]: ERROR:root:Metrics upload error for service subscriberdb (chunk 0)! [StatusCode.DEADLINE_EXCEEDED] Deadline Exceeded
Mar 10 16:59:20 localhost magmad[954360]: ERROR:root:Metrics upload error for service mobilityd (chunk 0)! [StatusCode.DEADLINE_EXCEEDED] Deadline Exceeded
Mar 10 16:59:20 localhost magmad[954360]: ERROR:root:Metrics upload error for service mme (chunk 0)! [StatusCode.DEADLINE_EXCEEDED] Deadline Exceeded
Mar 10 16:59:20 localhost magmad[954360]: ERROR:root:Metrics upload error for service magmad (chunk 0)! [StatusCode.DEADLINE_EXCEEDED] Deadline Exceeded
Mar 10 16:59:20 localhost magmad[954360]: ERROR:root:Metrics upload error for service enodebd (chunk 0)! [StatusCode.DEADLINE_EXCEEDED] Deadline Exceeded
Mar 10 16:59:20 localhost magmad[954360]: ERROR:root:Metrics upload error for service pipelined (chunk 0)! [StatusCode.DEADLINE_EXCEEDED] Deadline Exceeded
Mar 10 16:59:20 localhost magmad[954360]: ERROR:root:Metrics upload error for service state (chunk 0)! [StatusCode.DEADLINE_EXCEEDED] Deadline Exceeded
Mar 10 16:59:20 localhost magmad[954360]: ERROR:root:Metrics upload error for service sessiond (chunk 0)! [StatusCode.DEADLINE_EXCEEDED] Deadline Exceeded
Mar 10 16:59:24 localhost smsd[954530]: INFO:root:mme non_eps_service_config is not SMS_ORC8R, sleeping.
Mar 10 16:59:26 localhost dhclient[601]: DHCPREQUEST for 172.16.5.121 on eth1 to 172.16.5.2 port 67 (xid=0x4b4058b5)
Mar 10 16:59:27 localhost dnsmasq-dhcp[954615]: DHCPDISCOVER(eth1) fa:16:3e:2a:89:3f 
Mar 10 16:59:27 localhost dnsmasq-dhcp[954615]: DHCPOFFER(eth1) 172.16.7.251 fa:16:3e:2a:89:3f 
Mar 10 16:59:28 localhost sctpd[954704]: I0310 16:59:28.037539 955196 sctp_connection.cpp:167] HandleClientSock sd = 27
Mar 10 16:59:28 localhost sctpd[954704]: I0310 16:59:28.037632 955196 sctp_connection.cpp:189] SCTP association change event received
Mar 10 16:59:28 localhost sctpd[954704]: I0310 16:59:28.038417 955196 sctp_connection.cpp:167] HandleClientSock sd = 27
Mar 10 16:59:28 localhost sctpd[954704]: I0310 16:59:28.038452 955196 sctp_connection.cpp:193] Unhandled notification type 32776
Mar 10 16:59:29 localhost smsd[954530]: INFO:root:mme non_eps_service_config is not SMS_ORC8R, sleeping.
Mar 10 16:59:29 localhost sctpd[954704]: I0310 16:59:29.095486 955196 sctp_connection.cpp:167] HandleClientSock sd = 27
Mar 10 16:59:29 localhost sctpd[954704]: I0310 16:59:29.095592 955196 sctp_connection.cpp:220] [sd:27] msg of len 42 on 3794:0
Mar 10 16:59:29 localhost sctpd[954704]: I0310 16:59:29.097452 955195 sctpd_downlink_impl.cpp:76] SctpdDownlinkImpl::SendDl starting
Mar 10 16:59:29 localhost sctpd[954704]: I0310 16:59:29.097985 955196 sctp_connection.cpp:167] HandleClientSock sd = 27
Mar 10 16:59:29 localhost sctpd[954704]: I0310 16:59:29.098038 955196 sctp_connection.cpp:193] Unhandled notification type 32777
Mar 10 16:59:29 localhost sctpd[954704]: I0310 16:59:29.201965 955196 sctp_connection.cpp:167] HandleClientSock sd = 27
Mar 10 16:59:29 localhost sctpd[954704]: I0310 16:59:29.202102 955196 sctp_connection.cpp:220] [sd:27] msg of len 88 on 3794:1
Mar 10 16:59:29 localhost sctpd[954704]: I0310 16:59:29.217217 954709 sctpd_downlink_impl.cpp:76] SctpdDownlinkImpl::SendDl starting
Mar 10 16:59:29 localhost sctpd[954704]: I0310 16:59:29.311506 955196 sctp_connection.cpp:167] HandleClientSock sd = 27
Mar 10 16:59:29 localhost sctpd[954704]: I0310 16:59:29.311614 955196 sctp_connection.cpp:193] Unhandled notification type 32777
Mar 10 16:59:29 localhost sctpd[954704]: I0310 16:59:29.311633 955196 sctp_connection.cpp:167] HandleClientSock sd = 27
Mar 10 16:59:29 localhost sctpd[954704]: I0310 16:59:29.311655 955196 sctp_connection.cpp:220] [sd:27] msg of len 67 on 3794:1
Mar 10 16:59:29 localhost sctpd[954704]: I0310 16:59:29.316009 954709 sctpd_downlink_impl.cpp:76] SctpdDownlinkImpl::SendDl starting
Mar 10 16:59:29 localhost sctpd[954704]: I0310 16:59:29.425612 955196 sctp_connection.cpp:167] HandleClientSock sd = 27
Mar 10 16:59:29 localhost sctpd[954704]: I0310 16:59:29.425714 955196 sctp_connection.cpp:193] Unhandled notification type 32777
Mar 10 16:59:29 localhost sctpd[954704]: I0310 16:59:29.425732 955196 sctp_connection.cpp:167] HandleClientSock sd = 27
Mar 10 16:59:29 localhost sctpd[954704]: I0310 16:59:29.425755 955196 sctp_connection.cpp:220] [sd:27] msg of len 56 on 3794:1
Mar 10 16:59:29 localhost mme[955130]: [DEBUG] Sending S6A-UPDATE_LOCATION_REQUEST with IMSI: 222700000000001
Mar 10 16:59:29 localhost sctpd[954704]: I0310 16:59:29.432135 954709 sctpd_downlink_impl.cpp:76] SctpdDownlinkImpl::SendDl starting
Mar 10 16:59:29 localhost mme[955130]: [INFO] Received S6A-LOCATION-UPDATE_ANSWER for IMSI: 222700000000001; Status: ; StatusCode: 2001
Mar 10 16:59:29 localhost mme[955130]: [INFO] sent itti S6A-LOCATION-UPDATE_ANSWER for IMSI: 222700000000001
Mar 10 16:59:29 localhost sctpd[954704]: I0310 16:59:29.538101 955196 sctp_connection.cpp:167] HandleClientSock sd = 27
Mar 10 16:59:29 localhost sctpd[954704]: I0310 16:59:29.538214 955196 sctp_connection.cpp:193] Unhandled notification type 32777
Mar 10 16:59:29 localhost sctpd[954704]: I0310 16:59:29.538276 955196 sctp_connection.cpp:167] HandleClientSock sd = 27
Mar 10 16:59:29 localhost sctpd[954704]: I0310 16:59:29.538301 955196 sctp_connection.cpp:220] [sd:27] msg of len 22 on 3794:1
Mar 10 16:59:29 localhost sctpd[954704]: I0310 16:59:29.739177 955196 sctp_connection.cpp:167] HandleClientSock sd = 27
Mar 10 16:59:29 localhost sctpd[954704]: I0310 16:59:29.739354 955196 sctp_connection.cpp:220] [sd:27] msg of len 56 on 3794:1
Mar 10 16:59:30 localhost magmad[954360]: INFO:root:Setting logging level to INFO
Mar 10 16:59:31 localhost sctpd[954704]: I0310 16:59:31.712260 955196 sctp_connection.cpp:167] HandleClientSock sd = 27
Mar 10 16:59:31 localhost sctpd[954704]: I0310 16:59:31.712400 955196 sctp_connection.cpp:220] [sd:27] msg of len 70 on 3794:1
Mar 10 16:59:31 localhost sctpd[954704]: I0310 16:59:31.718502 954709 sctpd_downlink_impl.cpp:76] SctpdDownlinkImpl::SendDl starting
Mar 10 16:59:31 localhost sctpd[954704]: I0310 16:59:31.719205 955195 sctpd_downlink_impl.cpp:76] SctpdDownlinkImpl::SendDl starting
Mar 10 16:59:31 localhost sctpd[954704]: I0310 16:59:31.822800 955196 sctp_connection.cpp:167] HandleClientSock sd = 27
Mar 10 16:59:31 localhost sctpd[954704]: I0310 16:59:31.822911 955196 sctp_connection.cpp:220] [sd:27] msg of len 28 on 3794:1
Mar 10 16:59:31 localhost sctpd[954704]: I0310 16:59:31.931528 955196 sctp_connection.cpp:167] HandleClientSock sd = 27
Mar 10 16:59:31 localhost sctpd[954704]: I0310 16:59:31.931643 955196 sctp_connection.cpp:193] Unhandled notification type 32777
Mar 10 16:59:31 localhost sctpd[954704]: I0310 16:59:31.931663 955196 sctp_connection.cpp:167] HandleClientSock sd = 27
Mar 10 16:59:31 localhost sctpd[954704]: I0310 16:59:31.931685 955196 sctp_connection.cpp:220] [sd:27] msg of len 22 on 3794:1
Mar 10 16:59:33 localhost mobilityd[954428]: INFO:root:Using GW info: {'default': {2: ('172.16.4.1', 'eth0')}, 2: [('172.16.4.1', 'eth0', True)]}
Mar 10 16:59:33 localhost mobilityd[954428]: INFO:root:GW-v6 probe: timer started
Mar 10 16:59:34 localhost sctpd[954704]: I0310 16:59:34.042368 955196 sctp_connection.cpp:167] HandleClientSock sd = 27
Mar 10 16:59:34 localhost sctpd[954704]: I0310 16:59:34.042474 955196 sctp_connection.cpp:220] [sd:27] msg of len 86 on 3794:1
Mar 10 16:59:34 localhost sctpd[954704]: I0310 16:59:34.045603 955195 sctpd_downlink_impl.cpp:76] SctpdDownlinkImpl::SendDl starting
Mar 10 16:59:34 localhost smsd[954530]: INFO:root:mme non_eps_service_config is not SMS_ORC8R, sleeping.
Mar 10 16:59:34 localhost sctpd[954704]: I0310 16:59:34.154398 955196 sctp_connection.cpp:167] HandleClientSock sd = 27
Mar 10 16:59:34 localhost sctpd[954704]: I0310 16:59:34.154500 955196 sctp_connection.cpp:193] Unhandled notification type 32777
Mar 10 16:59:34 localhost sctpd[954704]: I0310 16:59:34.154518 955196 sctp_connection.cpp:167] HandleClientSock sd = 27
Mar 10 16:59:34 localhost sctpd[954704]: I0310 16:59:34.154542 955196 sctp_connection.cpp:220] [sd:27] msg of len 64 on 3794:1
Mar 10 16:59:34 localhost sctpd[954704]: I0310 16:59:34.167737 954709 sctpd_downlink_impl.cpp:76] SctpdDownlinkImpl::SendDl starting
Mar 10 16:59:34 localhost sctpd[954704]: I0310 16:59:34.264178 955196 sctp_connection.cpp:167] HandleClientSock sd = 27
Mar 10 16:59:34 localhost sctpd[954704]: I0310 16:59:34.264271 955196 sctp_connection.cpp:193] Unhandled notification type 32777
Mar 10 16:59:34 localhost sctpd[954704]: I0310 16:59:34.264289 955196 sctp_connection.cpp:167] HandleClientSock sd = 27
Mar 10 16:59:34 localhost sctpd[954704]: I0310 16:59:34.264310 955196 sctp_connection.cpp:220] [sd:27] msg of len 67 on 3794:1
Mar 10 16:59:34 localhost sctpd[954704]: I0310 16:59:34.268231 954709 sctpd_downlink_impl.cpp:76] SctpdDownlinkImpl::SendDl starting
Mar 10 16:59:34 localhost sctpd[954704]: I0310 16:59:34.374665 955196 sctp_connection.cpp:167] HandleClientSock sd = 27
Mar 10 16:59:34 localhost sctpd[954704]: I0310 16:59:34.374765 955196 sctp_connection.cpp:193] Unhandled notification type 32777
Mar 10 16:59:34 localhost sctpd[954704]: I0310 16:59:34.374785 955196 sctp_connection.cpp:167] HandleClientSock sd = 27
Mar 10 16:59:34 localhost sctpd[954704]: I0310 16:59:34.374807 955196 sctp_connection.cpp:220] [sd:27] msg of len 56 on 3794:1
Mar 10 16:59:34 localhost mme[955130]: [DEBUG] Sending S6A-UPDATE_LOCATION_REQUEST with IMSI: 222700000000001
Mar 10 16:59:34 localhost sctpd[954704]: I0310 16:59:34.380515 954709 sctpd_downlink_impl.cpp:76] SctpdDownlinkImpl::SendDl starting
Mar 10 16:59:34 localhost mme[955130]: [INFO] Received S6A-LOCATION-UPDATE_ANSWER for IMSI: 222700000000001; Status: ; StatusCode: 2001
Mar 10 16:59:34 localhost mme[955130]: [INFO] sent itti S6A-LOCATION-UPDATE_ANSWER for IMSI: 222700000000001
Mar 10 16:59:34 localhost sctpd[954704]: I0310 16:59:34.487272 955196 sctp_connection.cpp:167] HandleClientSock sd = 27
Mar 10 16:59:34 localhost sctpd[954704]: I0310 16:59:34.487366 955196 sctp_connection.cpp:193] Unhandled notification type 32777
Mar 10 16:59:34 localhost sctpd[954704]: I0310 16:59:34.487385 955196 sctp_connection.cpp:167] HandleClientSock sd = 27
Mar 10 16:59:34 localhost sctpd[954704]: I0310 16:59:34.487406 955196 sctp_connection.cpp:220] [sd:27] msg of len 22 on 3794:1
Mar 10 16:59:34 localhost sctpd[954704]: I0310 16:59:34.691053 955196 sctp_connection.cpp:167] HandleClientSock sd = 27
Mar 10 16:59:34 localhost sctpd[954704]: I0310 16:59:34.691169 955196 sctp_connection.cpp:220] [sd:27] msg of len 56 on 3794:1
Mar 10 16:59:36 localhost sctpd[954704]: I0310 16:59:36.660044 955196 sctp_connection.cpp:167] HandleClientSock sd = 27
Mar 10 16:59:36 localhost sctpd[954704]: I0310 16:59:36.660133 955196 sctp_connection.cpp:220] [sd:27] msg of len 70 on 3794:1
Mar 10 16:59:36 localhost sctpd[954704]: I0310 16:59:36.664925 954709 sctpd_downlink_impl.cpp:76] SctpdDownlinkImpl::SendDl starting
Mar 10 16:59:36 localhost sctpd[954704]: I0310 16:59:36.666115 955195 sctpd_downlink_impl.cpp:76] SctpdDownlinkImpl::SendDl starting
Mar 10 16:59:36 localhost sctpd[954704]: I0310 16:59:36.770421 955196 sctp_connection.cpp:167] HandleClientSock sd = 27
Mar 10 16:59:36 localhost sctpd[954704]: I0310 16:59:36.770547 955196 sctp_connection.cpp:220] [sd:27] msg of len 28 on 3794:1
Mar 10 16:59:36 localhost sctpd[954704]: I0310 16:59:36.875003 955196 sctp_connection.cpp:167] HandleClientSock sd = 27
Mar 10 16:59:36 localhost sctpd[954704]: I0310 16:59:36.875116 955196 sctp_connection.cpp:193] Unhandled notification type 32777
Mar 10 16:59:36 localhost sctpd[954704]: I0310 16:59:36.875138 955196 sctp_connection.cpp:167] HandleClientSock sd = 27
Mar 10 16:59:36 localhost sctpd[954704]: I0310 16:59:36.875159 955196 sctp_connection.cpp:220] [sd:27] msg of len 22 on 3794:1
Mar 10 16:59:39 localhost smsd[954530]: INFO:root:mme non_eps_service_config is not SMS_ORC8R, sleeping.
Mar 10 16:59:40 localhost dhclient[601]: DHCPREQUEST for 172.16.5.121 on eth1 to 172.16.5.2 port 67 (xid=0x4b4058b5)
Mar 10 16:59:41 localhost dnsmasq-dhcp[954615]: DHCPDISCOVER(eth1) fa:16:3e:2a:89:3f 
Mar 10 16:59:41 localhost dnsmasq-dhcp[954615]: DHCPOFFER(eth1) 172.16.7.251 fa:16:3e:2a:89:3f 
Mar 10 16:59:44 localhost smsd[954530]: INFO:root:mme non_eps_service_config is not SMS_ORC8R, sleeping.
Mar 10 16:59:46 localhost sctpd[954704]: I0310 16:59:46.220796 955196 sctp_connection.cpp:167] HandleClientSock sd = 27
Mar 10 16:59:46 localhost sctpd[954704]: I0310 16:59:46.220927 955196 sctp_connection.cpp:185] SCTP_SHUTDOWN_EVENT received
Mar 10 16:59:46 localhost sctpd[954704]: I0310 16:59:46.220939 955196 sctp_connection.cpp:280] Sending close connection for assoc_id 3794
Mar 10 16:59:49 localhost smsd[954530]: INFO:root:mme non_eps_service_config is not SMS_ORC8R, sleeping.
Mar 10 16:59:49 localhost dnsmasq-dhcp[954615]: DHCPDISCOVER(eth1) fa:16:3e:2a:89:3f 
Mar 10 16:59:49 localhost dnsmasq-dhcp[954615]: DHCPOFFER(eth1) 172.16.7.251 fa:16:3e:2a:89:3f 
Mar 10 16:59:49 localhost control_proxy[954599]: 2022-03-10T16:59:49.410Z [127.0.0.1 -> state-controller.magmasi.wavelabs.in,8443] "POST /magma.orc8r.StateService/ReportStates HTTP/2" 200 5bytes 0.533s
Mar 10 16:59:49 localhost magmad[954360]: INFO:root:Checkin Successful! Successfully sent states to the cloud!
Mar 10 16:59:50 localhost dhclient[601]: DHCPREQUEST for 172.16.5.121 on eth1 to 172.16.5.2 port 67 (xid=0x4b4058b5)
Mar 10 16:59:53 localhost mobilityd[954428]: INFO:root:Using GW info: {'default': {2: ('172.16.4.1', 'eth0')}, 2: [('172.16.4.1', 'eth0', True)]}
Mar 10 16:59:53 localhost mobilityd[954428]: INFO:root:GW-v6 probe: timer started
Mar 10 16:59:54 localhost smsd[954530]: INFO:root:mme non_eps_service_config is not SMS_ORC8R, sleeping.
Mar 10 16:59:54 localhost magmad[954360]: INFO:root:[SyncRPC] Got heartBeat from cloud
Mar 10 16:59:55 localhost sctpd[954704]: I0310 16:59:55.445745 955196 sctp_connection.cpp:167] HandleClientSock sd = 28
Mar 10 16:59:55 localhost sctpd[954704]: I0310 16:59:55.445850 955196 sctp_connection.cpp:189] SCTP association change event received
Mar 10 16:59:55 localhost sctpd[954704]: I0310 16:59:55.446733 955196 sctp_connection.cpp:167] HandleClientSock sd = 28
Mar 10 16:59:55 localhost sctpd[954704]: I0310 16:59:55.446763 955196 sctp_connection.cpp:193] Unhandled notification type 32776
Mar 10 16:59:56 localhost sctpd[954704]: I0310 16:59:56.504875 955196 sctp_connection.cpp:167] HandleClientSock sd = 28
Mar 10 16:59:56 localhost sctpd[954704]: I0310 16:59:56.505015 955196 sctp_connection.cpp:220] [sd:28] msg of len 42 on 3795:0
Mar 10 16:59:56 localhost sctpd[954704]: I0310 16:59:56.507740 954709 sctpd_downlink_impl.cpp:76] SctpdDownlinkImpl::SendDl starting
Mar 10 16:59:56 localhost sctpd[954704]: I0310 16:59:56.508535 955196 sctp_connection.cpp:167] HandleClientSock sd = 28
Mar 10 16:59:56 localhost sctpd[954704]: I0310 16:59:56.508596 955196 sctp_connection.cpp:193] Unhandled notification type 32777
Mar 10 16:59:56 localhost sctpd[954704]: I0310 16:59:56.624020 955196 sctp_connection.cpp:167] HandleClientSock sd = 28
Mar 10 16:59:56 localhost sctpd[954704]: I0310 16:59:56.624095 955196 sctp_connection.cpp:220] [sd:28] msg of len 88 on 3795:1
Mar 10 16:59:56 localhost sctpd[954704]: I0310 16:59:56.641110 955195 sctpd_downlink_impl.cpp:76] SctpdDownlinkImpl::SendDl starting
Mar 10 16:59:56 localhost sctpd[954704]: I0310 16:59:56.744472 955196 sctp_connection.cpp:167] HandleClientSock sd = 28
Mar 10 16:59:56 localhost sctpd[954704]: I0310 16:59:56.744541 955196 sctp_connection.cpp:193] Unhandled notification type 32777
Mar 10 16:59:56 localhost sctpd[954704]: I0310 16:59:56.744551 955196 sctp_connection.cpp:167] HandleClientSock sd = 28
Mar 10 16:59:56 localhost sctpd[954704]: I0310 16:59:56.744565 955196 sctp_connection.cpp:220] [sd:28] msg of len 67 on 3795:1
Mar 10 16:59:56 localhost sctpd[954704]: I0310 16:59:56.749228 955195 sctpd_downlink_impl.cpp:76] SctpdDownlinkImpl::SendDl starting
Mar 10 16:59:56 localhost sctpd[954704]: I0310 16:59:56.866976 955196 sctp_connection.cpp:167] HandleClientSock sd = 28
Mar 10 16:59:56 localhost sctpd[954704]: I0310 16:59:56.867082 955196 sctp_connection.cpp:193] Unhandled notification type 32777
Mar 10 16:59:56 localhost sctpd[954704]: I0310 16:59:56.867105 955196 sctp_connection.cpp:167] HandleClientSock sd = 28
Mar 10 16:59:56 localhost sctpd[954704]: I0310 16:59:56.867128 955196 sctp_connection.cpp:220] [sd:28] msg of len 56 on 3795:1
Mar 10 16:59:56 localhost mme[955130]: [DEBUG] Sending S6A-UPDATE_LOCATION_REQUEST with IMSI: 222700000000001
Mar 10 16:59:56 localhost sctpd[954704]: I0310 16:59:56.872709 955195 sctpd_downlink_impl.cpp:76] SctpdDownlinkImpl::SendDl starting
Mar 10 16:59:56 localhost mme[955130]: [INFO] Received S6A-LOCATION-UPDATE_ANSWER for IMSI: 222700000000001; Status: ; StatusCode: 2001
Mar 10 16:59:56 localhost mme[955130]: [INFO] sent itti S6A-LOCATION-UPDATE_ANSWER for IMSI: 222700000000001
Mar 10 16:59:56 localhost sctpd[954704]: I0310 16:59:56.985949 955196 sctp_connection.cpp:167] HandleClientSock sd = 28
Mar 10 16:59:56 localhost sctpd[954704]: I0310 16:59:56.986047 955196 sctp_connection.cpp:193] Unhandled notification type 32777
Mar 10 16:59:56 localhost sctpd[954704]: I0310 16:59:56.986064 955196 sctp_connection.cpp:167] HandleClientSock sd = 28
Mar 10 16:59:56 localhost sctpd[954704]: I0310 16:59:56.986085 955196 sctp_connection.cpp:220] [sd:28] msg of len 22 on 3795:1
Mar 10 16:59:57 localhost sctpd[954704]: I0310 16:59:57.186723 955196 sctp_connection.cpp:167] HandleClientSock sd = 28
Mar 10 16:59:57 localhost sctpd[954704]: I0310 16:59:57.186822 955196 sctp_connection.cpp:220] [sd:28] msg of len 56 on 3795:1
Mar 10 16:59:57 localhost sctpd[954704]: I0310 16:59:57.187534 955196 sctp_connection.cpp:167] HandleClientSock sd = 28
Mar 10 16:59:57 localhost sctpd[954704]: I0310 16:59:57.187580 955196 sctp_connection.cpp:220] [sd:28] msg of len 82 on 3795:1
Mar 10 16:59:57 localhost mobilityd[954428]: INFO:root:Allocated IP 192.168.128.224 for sid IMSI222700000000001 for apn default
Mar 10 16:59:57 localhost policydb[954502]: INFO:root:Creating a session for subscriber ID: IMSI222700000000001
Mar 10 16:59:57 localhost sessiond[954439]: I0310 16:59:57.224746 954439 SetMessageManagerHandler.cpp:342] Processing a CreateSessionResponse for IMSI222700000000001-408944
Mar 10 16:59:57 localhost sessiond[954439]: I0310 16:59:57.224896 954439 SessionState.cpp:2774] RuleID allowlist_sid-IMSI222700000000001-default doesn't have a version registered for IMSI222700000000001-408944, this is unexpected
Mar 10 16:59:57 localhost control_proxy[954599]: 2022-03-10T16:59:57.696Z [127.0.0.1 -> streamer-controller.magmasi.wavelabs.in,8443] "POST /magma.orc8r.Streamer/GetUpdates HTTP/2" 200 91bytes 0.286s
Mar 10 16:59:57 localhost policydb[954502]: INFO:root:Processing 2 policy updates (resync=True)
Mar 10 16:59:58 localhost control_proxy[954599]: 2022-03-10T16:59:57.696Z [127.0.0.1 -> streamer-controller.magmasi.wavelabs.in,8443] "POST /magma.orc8r.Streamer/GetUpdates HTTP/2" 200 7bytes 0.278s
Mar 10 16:59:58 localhost policydb[954502]: INFO:root:Processing 0 basename -> policy updates
Mar 10 16:59:58 localhost control_proxy[954599]: 2022-03-10T16:59:58.266Z [127.0.0.1 -> streamer-controller.magmasi.wavelabs.in,8443] "POST /magma.orc8r.Streamer/GetUpdates HTTP/2" 200 5113bytes 0.298s
Mar 10 16:59:58 localhost policydb[954502]: INFO:root:Processing 222 SID -> apn -> policy updates
Mar 10 16:59:58 localhost control_proxy[954599]: 2022-03-10T16:59:58.266Z [127.0.0.1 -> streamer-controller.magmasi.wavelabs.in,8443] "POST /magma.orc8r.Streamer/GetUpdates HTTP/2" 200 7bytes 0.274s
Mar 10 16:59:58 localhost policydb[954502]: INFO:root:Processing 0 rating group updates
Mar 10 16:59:59 localhost smsd[954530]: INFO:root:mme non_eps_service_config is not SMS_ORC8R, sleeping.
Mar 10 16:59:59 localhost dnsmasq-dhcp[954615]: DHCPDISCOVER(eth1) fa:16:3e:2a:89:3f 
Mar 10 16:59:59 localhost dnsmasq-dhcp[954615]: DHCPOFFER(eth1) 172.16.7.251 fa:16:3e:2a:89:3f 
Mar 10 17:00:00 localhost dhclient[601]: DHCPREQUEST for 172.16.5.121 on eth1 to 172.16.5.2 port 67 (xid=0x4b4058b5)
Mar 10 17:00:00 localhost mme[955130]: PDUSessionResourceSetupRequestTransfer ::= {
Mar 10 17:00:00 localhost mme[955130]:     protocolIEs: ProtocolIE-Container ::= {
Mar 10 17:00:00 localhost mme[955130]:         PDUSessionResourceSetupRequestTransferIEs ::= {
Mar 10 17:00:00 localhost mme[955130]:             id: 130
Mar 10 17:00:00 localhost mme[955130]:             criticality: 0 (reject)
Mar 10 17:00:00 localhost mme[955130]:             value: PDUSessionAggregateMaximumBitRate ::= {
Mar 10 17:00:00 localhost mme[955130]:                 pDUSessionAggregateMaximumBitRateDL: 100000000
Mar 10 17:00:00 localhost mme[955130]:                 pDUSessionAggregateMaximumBitRateUL: 100000000
Mar 10 17:00:00 localhost mme[955130]:             }
Mar 10 17:00:00 localhost mme[955130]:         }
Mar 10 17:00:00 localhost mme[955130]:         PDUSessionResourceSetupRequestTransferIEs ::= {
Mar 10 17:00:00 localhost mme[955130]:             id: 139
Mar 10 17:00:00 localhost mme[955130]:             criticality: 0 (reject)
Mar 10 17:00:00 localhost mme[955130]:             value: GTPTunnel ::= {
Mar 10 17:00:00 localhost mme[955130]:                 transportLayerAddress: AC 10 05 79
Mar 10 17:00:00 localhost mme[955130]:                 gTP-TEID: 7F FF FF FF
Mar 10 17:00:00 localhost mme[955130]:             }
Mar 10 17:00:00 localhost mme[955130]:         }
Mar 10 17:00:00 localhost mme[955130]:         PDUSessionResourceSetupRequestTransferIEs ::= {
Mar 10 17:00:00 localhost mme[955130]:             id: 134
Mar 10 17:00:00 localhost mme[955130]:             criticality: 0 (reject)
Mar 10 17:00:00 localhost mme[955130]:             value: 0 (ipv4)
Mar 10 17:00:00 localhost mme[955130]:         }
Mar 10 17:00:00 localhost mme[955130]:         PDUSessionResourceSetupRequestTransferIEs ::= {
Mar 10 17:00:00 localhost mme[955130]:             id: 136
Mar 10 17:00:00 localhost mme[955130]:             criticality: 0 (reject)
Mar 10 17:00:00 localhost mme[955130]:             value: QosFlowSetupRequestList ::= {
Mar 10 17:00:00 localhost mme[955130]:                 QosFlowSetupRequestItem ::= {
Mar 10 17:00:00 localhost mme[955130]:                     qosFlowIdentifier: 9
Mar 10 17:00:00 localhost mme[955130]:                     qosFlowLevelQosParameters: QosFlowLevelQosParameters ::= {
Mar 10 17:00:00 localhost mme[955130]:                         qosCharacteristics: NonDynamic5QIDescriptor ::= {
Mar 10 17:00:00 localhost mme[955130]:                             fiveQI: 9
Mar 10 17:00:00 localhost mme[955130]:                         }
Mar 10 17:00:00 localhost mme[955130]:                         allocationAndRetentionPriority: AllocationAndRetentionPriority ::= {
Mar 10 17:00:00 localhost mme[955130]:                             priorityLevelARP: 15
Mar 10 17:00:00 localhost mme[955130]:                             pre-emptionCapability: 0 (shall-not-trigger-pre-emption)
Mar 10 17:00:00 localhost mme[955130]:                             pre-emptionVulnerability: 0 (not-pre-emptable)
Mar 10 17:00:00 localhost mme[955130]:                         }
Mar 10 17:00:00 localhost mme[955130]:                     }
Mar 10 17:00:00 localhost mme[955130]:                 }
Mar 10 17:00:00 localhost mme[955130]:             }
Mar 10 17:00:00 localhost mme[955130]:         }
Mar 10 17:00:00 localhost mme[955130]:     }
Mar 10 17:00:00 localhost mme[955130]: }
Mar 10 17:00:00 localhost sctpd[954704]: I0310 17:00:00.701241 955195 sctpd_downlink_impl.cpp:76] SctpdDownlinkImpl::SendDl starting
Mar 10 17:00:00 localhost sctpd[954704]: I0310 17:00:00.905972 955196 sctp_connection.cpp:167] HandleClientSock sd = 28
Mar 10 17:00:00 localhost sctpd[954704]: I0310 17:00:00.906080 955196 sctp_connection.cpp:193] Unhandled notification type 32777
Mar 10 17:00:01 localhost sctpd[954704]: I0310 17:00:01.871701 955196 sctp_connection.cpp:167] HandleClientSock sd = 28
Mar 10 17:00:01 localhost sctpd[954704]: I0310 17:00:01.871824 955196 sctp_connection.cpp:220] [sd:28] msg of len 70 on 3795:1
Mar 10 17:00:01 localhost sessiond[954439]: I0310 17:00:01.878584 954439 SetMessageManagerHandler.cpp:142] Release request for session from IMSI: IMSI222700000000001 pdu_id 1
Mar 10 17:00:01 localhost sctpd[954704]: I0310 17:00:01.878612 954709 sctpd_downlink_impl.cpp:76] SctpdDownlinkImpl::SendDl starting
Mar 10 17:00:01 localhost sctpd[954704]: I0310 17:00:01.879456 955195 sctpd_downlink_impl.cpp:76] SctpdDownlinkImpl::SendDl starting
Mar 10 17:00:01 localhost mobilityd[954428]: INFO:root:Released IP 192.168.128.224 for sid IMSI222700000000001
Mar 10 17:00:02 localhost sctpd[954704]: I0310 17:00:02.138149 955196 sctp_connection.cpp:167] HandleClientSock sd = 28
Mar 10 17:00:02 localhost sctpd[954704]: I0310 17:00:02.138335 955196 sctp_connection.cpp:193] Unhandled notification type 32777
Mar 10 17:00:02 localhost sctpd[954704]: I0310 17:00:02.138356 955196 sctp_connection.cpp:167] HandleClientSock sd = 28
Mar 10 17:00:02 localhost sctpd[954704]: I0310 17:00:02.138378 955196 sctp_connection.cpp:220] [sd:28] msg of len 22 on 3795:1
Mar 10 17:00:04 localhost smsd[954530]: INFO:root:mme non_eps_service_config is not SMS_ORC8R, sleeping.
Mar 10 17:00:06 localhost policydb[954502]: INFO:root:Terminating session: IMSI222700000000001-408944
Mar 10 17:00:06 localhost eventd[954524]: DEBUG:root:Logging event: stream_name: "sessiond"
Mar 10 17:00:06 localhost eventd[954524]: event_type: "session_terminated"
Mar 10 17:00:06 localhost eventd[954524]: tag: "IMSI222700000000001"
Mar 10 17:00:06 localhost eventd[954524]: value: "{\"mac_addr\":\"\",\"user_location\":\"\",\"spgw_ip\":\"\",\"imei\":\"\",\"record_sequence_number\":1,\"pdp_end_time\":33,\"charging_rx\":0,\"duration\":33,\"ip_addr\":\"192.168.128.224\",\"monitoring_tx\":0,\"ipv6_addr\":\"\",\"msisdn\":\"\",\"apn\":\"default\",\"session_id\":\"IMSI222700000000001-408944\",\"list_of_service_data\":[],\"charging_characteristics\":\"\",\"total_tx\":0,\"cause_for_rec_closing\":0,\"imsi\":\"IMSI222700000000001\",\"total_rx\":0,\"monitoring_rx\":0,\"charging_tx\":0,\"pdp_start_time\":0}"
Mar 10 17:00:06 localhost eventd[954524]: ERROR:root:Connection to FluentBit failed: [Errno 111] Connection refused
Mar 10 17:00:06 localhost eventd[954524]: INFO:root:FluentBit (td-agent-bit) may not be enabled or configured correctly
Mar 10 17:00:06 localhost sessiond[954439]: I0310 17:00:06.894626 954451 SessionEvents.cpp:291] Could not log session_terminated event {"mac_addr":"","user_location":"","spgw_ip":"","imei":"","record_sequence_number":1,"pdp_end_time":33,"charging_rx":0,"duration":33,"ip_addr":"192.168.128.224","monitoring_tx":0,"ipv6_addr":"","msisdn":"","apn":"default","session_id":"IMSI222700000000001-408944","list_of_service_data":[],"charging_characteristics":"","total_tx":0,"cause_for_rec_closing":0,"imsi":"IMSI222700000000001","total_rx":0,"monitoring_rx":0,"charging_tx":0,"pdp_start_time":0}, Error Message: Could not connect to FluentBit locally, Details: [Errno 111] Connection refused
Mar 10 17:00:09 localhost smsd[954530]: INFO:root:mme non_eps_service_config is not SMS_ORC8R, sleeping.
