Apr  4 20:56:25 localhost eventd[2814147]: DEBUG:root:Logging event: stream_name: "sessiond"
Apr  4 20:56:25 localhost eventd[2814147]: event_type: "session_terminated"
Apr  4 20:56:25 localhost eventd[2814147]: tag: "IMSI222700000000001"
Apr  4 20:56:25 localhost eventd[2814147]: value: "{\"mac_addr\":\"\",\"user_location\":\"\",\"spgw_ip\":\"\",\"imei\":\"\",\"record_sequence_number\":1,\"pdp_end_time\":140020106065488,\"charging_rx\":0,\"duration\":548320568,\"ip_addr\":\"192.168.128.76\",\"monitoring_tx\":0,\"ipv6_addr\":\"\",\"msisdn\":\"\",\"apn\":\"default\",\"session_id\":\"IMSI222700000000001-569860\",\"list_of_service_data\":[],\"charging_characteristics\":\"\",\"total_tx\":0,\"cause_for_rec_closing\":0,\"imsi\":\"IMSI222700000000001\",\"total_rx\":0,\"monitoring_rx\":0,\"charging_tx\":0,\"pdp_start_time\":140019557744920}"
Apr  4 20:56:25 localhost eventd[2814147]: ERROR:root:Connection to FluentBit failed: [Errno 111] Connection refused
Apr  4 20:56:25 localhost eventd[2814147]: INFO:root:FluentBit (td-agent-bit) may not be enabled or configured correctly
Apr  4 20:56:25 localhost sessiond[2814068]: I0404 20:56:25.371639 2814083 SessionEvents.cpp:291] Could not log session_terminated event {"mac_addr":"","user_location":"","spgw_ip":"","imei":"","record_sequence_number":1,"pdp_end_time":140020106065488,"charging_rx":0,"duration":548320568,"ip_addr":"192.168.128.76","monitoring_tx":0,"ipv6_addr":"","msisdn":"","apn":"default","session_id":"IMSI222700000000001-569860","list_of_service_data":[],"charging_characteristics":"","total_tx":0,"cause_for_rec_closing":0,"imsi":"IMSI222700000000001","total_rx":0,"monitoring_rx":0,"charging_tx":0,"pdp_start_time":140019557744920}, Error Message: Could not connect to FluentBit locally, Details: [Errno 111] Connection refused
Apr  4 20:56:28 localhost smsd[2814155]: INFO:root:mme non_eps_service_config is not SMS_ORC8R, sleeping.
Apr  4 20:56:31 localhost dhclient[601]: DHCPREQUEST for 172.16.5.121 on eth1 to 172.16.5.2 port 67 (xid=0x25c866c5)
Apr  4 20:56:32 localhost control_proxy[2814227]: 2022-04-04T20:56:31.971Z [127.0.0.1 -> state-controller.magmasi.wavelabs.in,8443] "POST /magma.orc8r.StateService/ReportStates HTTP/2" 200 5bytes 0.275s
Apr  4 20:56:32 localhost magmad[2813991]: INFO:root:Checkin Successful! Successfully sent states to the cloud!
Apr  4 20:56:33 localhost smsd[2814155]: INFO:root:mme non_eps_service_config is not SMS_ORC8R, sleeping.
Apr  4 20:56:37 localhost sctpd[2814340]: I0404 20:56:37.365664 2814785 sctp_connection.cpp:195] Unhandled notification type 32776
Apr  4 20:56:37 localhost sctpd[2814340]: I0404 20:56:37.502446 2814785 sctp_connection.cpp:195] Unhandled notification type 32776
Apr  4 20:56:38 localhost smsd[2814155]: INFO:root:mme non_eps_service_config is not SMS_ORC8R, sleeping.
Apr  4 20:56:38 localhost sctpd[2814340]: I0404 20:56:38.560361 2814785 sctp_connection.cpp:195] Unhandled notification type 32777
Apr  4 20:56:38 localhost sctpd[2814340]: I0404 20:56:38.671433 2814785 sctp_connection.cpp:195] Unhandled notification type 32777
Apr  4 20:56:38 localhost sctpd[2814340]: I0404 20:56:38.895439 2814785 sctp_connection.cpp:195] Unhandled notification type 32777
Apr  4 20:56:39 localhost sctpd[2814340]: I0404 20:56:39.014823 2814785 sctp_connection.cpp:195] Unhandled notification type 32777
Apr  4 20:56:39 localhost mme[2814743]: [DEBUG] Sending S6A-UPDATE_LOCATION_REQUEST with IMSI: 222700000000001
Apr  4 20:56:39 localhost mme[2814743]: [INFO] Received S6A-LOCATION-UPDATE_ANSWER for IMSI: 222700000000001; Status: ; StatusCode: 2001
Apr  4 20:56:39 localhost mme[2814743]: [INFO] sent itti S6A-LOCATION-UPDATE_ANSWER for IMSI: 222700000000001
Apr  4 20:56:39 localhost sctpd[2814340]: I0404 20:56:39.126920 2814785 sctp_connection.cpp:195] Unhandled notification type 32777
Apr  4 20:56:39 localhost mobilityd[2814061]: INFO:root:Using GW info: {'default': {2: ('172.16.4.1', 'eth0')}, 2: [('172.16.4.1', 'eth0', True)]}
Apr  4 20:56:39 localhost mobilityd[2814061]: INFO:root:GW-v6 probe: timer started
Apr  4 20:56:41 localhost mobilityd[2814061]: INFO:root:Allocated IP 192.168.128.80 for sid IMSI222700000000001 for apn default
Apr  4 20:56:41 localhost policydb[2814134]: INFO:root:Creating a session for subscriber ID: IMSI222700000000001
Apr  4 20:56:41 localhost sessiond[2814068]: I0404 20:56:41.376909 2814068 SetMessageManagerHandler.cpp:342] Processing a CreateSessionResponse for IMSI222700000000001-763341
Apr  4 20:56:41 localhost sessiond[2814068]: I0404 20:56:41.377043 2814068 SessionState.cpp:2774] RuleID allowlist_sid-IMSI222700000000001-default doesn't have a version registered for IMSI222700000000001-763341, this is unexpected
Apr  4 20:56:41 localhost mme[2814743]: PDUSessionResourceSetupRequestTransfer ::= {
Apr  4 20:56:41 localhost mme[2814743]:     protocolIEs: ProtocolIE-Container ::= {
Apr  4 20:56:41 localhost mme[2814743]:         PDUSessionResourceSetupRequestTransferIEs ::= {
Apr  4 20:56:41 localhost mme[2814743]:             id: 130
Apr  4 20:56:41 localhost mme[2814743]:             criticality: 0 (reject)
Apr  4 20:56:41 localhost mme[2814743]:             value: PDUSessionAggregateMaximumBitRate ::= {
Apr  4 20:56:41 localhost mme[2814743]:                 pDUSessionAggregateMaximumBitRateDL: 100000000
Apr  4 20:56:41 localhost mme[2814743]:                 pDUSessionAggregateMaximumBitRateUL: 100000000
Apr  4 20:56:41 localhost mme[2814743]:             }
Apr  4 20:56:41 localhost mme[2814743]:         }
Apr  4 20:56:41 localhost mme[2814743]:         PDUSessionResourceSetupRequestTransferIEs ::= {
Apr  4 20:56:41 localhost mme[2814743]:             id: 139
Apr  4 20:56:41 localhost mme[2814743]:             criticality: 0 (reject)
Apr  4 20:56:41 localhost mme[2814743]:             value: GTPTunnel ::= {
Apr  4 20:56:41 localhost mme[2814743]:                 transportLayerAddress: AC 10 05 79
Apr  4 20:56:41 localhost mme[2814743]:                 gTP-TEID: 80 00 00 04
Apr  4 20:56:41 localhost mme[2814743]:             }
Apr  4 20:56:41 localhost mme[2814743]:         }
Apr  4 20:56:41 localhost mme[2814743]:         PDUSessionResourceSetupRequestTransferIEs ::= {
Apr  4 20:56:41 localhost mme[2814743]:             id: 134
Apr  4 20:56:41 localhost mme[2814743]:             criticality: 0 (reject)
Apr  4 20:56:41 localhost mme[2814743]:             value: 0 (ipv4)
Apr  4 20:56:41 localhost mme[2814743]:         }
Apr  4 20:56:41 localhost mme[2814743]:         PDUSessionResourceSetupRequestTransferIEs ::= {
Apr  4 20:56:41 localhost mme[2814743]:             id: 136
Apr  4 20:56:41 localhost mme[2814743]:             criticality: 0 (reject)
Apr  4 20:56:41 localhost mme[2814743]:             value: QosFlowSetupRequestList ::= {
Apr  4 20:56:41 localhost mme[2814743]:                 QosFlowSetupRequestItem ::= {
Apr  4 20:56:41 localhost mme[2814743]:                     qosFlowIdentifier: 9
Apr  4 20:56:41 localhost mme[2814743]:                     qosFlowLevelQosParameters: QosFlowLevelQosParameters ::= {
Apr  4 20:56:41 localhost mme[2814743]:                         qosCharacteristics: NonDynamic5QIDescriptor ::= {
Apr  4 20:56:41 localhost mme[2814743]:                             fiveQI: 9
Apr  4 20:56:41 localhost mme[2814743]:                         }
Apr  4 20:56:41 localhost mme[2814743]:                         allocationAndRetentionPriority: AllocationAndRetentionPriority ::= {
Apr  4 20:56:41 localhost mme[2814743]:                             priorityLevelARP: 15
Apr  4 20:56:41 localhost mme[2814743]:                             pre-emptionCapability: 0 (shall-not-trigger-pre-emption)
Apr  4 20:56:41 localhost mme[2814743]:                             pre-emptionVulnerability: 0 (not-pre-emptable)
Apr  4 20:56:41 localhost mme[2814743]:                         }
Apr  4 20:56:41 localhost mme[2814743]:                     }
Apr  4 20:56:41 localhost mme[2814743]:                 }
Apr  4 20:56:41 localhost mme[2814743]:             }
Apr  4 20:56:41 localhost mme[2814743]:         }
Apr  4 20:56:41 localhost mme[2814743]:     }
Apr  4 20:56:41 localhost mme[2814743]: }
Apr  4 20:56:41 localhost sctpd[2814340]: I0404 20:56:41.459059 2814785 sctp_connection.cpp:195] Unhandled notification type 32777
Apr  4 20:56:41 localhost sessiond[2814068]: I0404 20:56:41.462208 2814068 SessionStateEnforcer.cpp:869]  AMF teid: 40000000 ip address 10.10.10.11 of imsi: IMSI222700000000001 fteid: 2147483652 pdu id: 1 UE ip address 192.168.128.80
Apr  4 20:56:41 localhost eventd[2814147]: DEBUG:root:Logging event: stream_name: "sessiond"
Apr  4 20:56:41 localhost eventd[2814147]: event_type: "session_created"
Apr  4 20:56:41 localhost eventd[2814147]: tag: "IMSI222700000000001"
Apr  4 20:56:41 localhost eventd[2814147]: value: "{\"mac_addr\":\"\",\"user_location\":\"\",\"spgw_ip\":\"\",\"imei\":\"\",\"pdp_start_time\":140019557744920,\"session_id\":\"IMSI222700000000001-763341\",\"apn\":\"default\",\"msisdn\":\"\",\"charging_characteristics\":\"\",\"ipv6_addr\":\"\",\"ip_addr\":\"192.168.128.80\",\"imsi\":\"IMSI222700000000001\"}"
Apr  4 20:56:41 localhost eventd[2814147]: ERROR:root:Connection to FluentBit failed: [Errno 111] Connection refused
Apr  4 20:56:41 localhost eventd[2814147]: INFO:root:FluentBit (td-agent-bit) may not be enabled or configured correctly
Apr  4 20:56:41 localhost sessiond[2814068]: I0404 20:56:41.466995 2814083 SessionEvents.cpp:131] Could not log session_created event {"mac_addr":"","user_location":"","spgw_ip":"","imei":"","pdp_start_time":140019557744920,"session_id":"IMSI222700000000001-763341","apn":"default","msisdn":"","charging_characteristics":"","ipv6_addr":"","ip_addr":"192.168.128.80","imsi":"IMSI222700000000001"}, Error Message: Could not connect to FluentBit locally, Details: [Errno 111] Connection refused
Apr  4 20:56:42 localhost dhclient[601]: DHCPREQUEST for 172.16.5.121 on eth1 to 172.16.5.2 port 67 (xid=0x25c866c5)
Apr  4 20:56:43 localhost smsd[2814155]: INFO:root:mme non_eps_service_config is not SMS_ORC8R, sleeping.
Apr  4 20:56:43 localhost mme[2814743]: InitiatingMessage ::= {
Apr  4 20:56:43 localhost mme[2814743]:     procedureCode: 28
Apr  4 20:56:43 localhost mme[2814743]:     criticality: 1 (ignore)
Apr  4 20:56:43 localhost mme[2814743]:     value: PDUSessionResourceReleaseCommand ::= {
Apr  4 20:56:43 localhost mme[2814743]:         protocolIEs: ProtocolIE-Container ::= {
Apr  4 20:56:43 localhost mme[2814743]:             PDUSessionResourceReleaseCommandIEs ::= {
Apr  4 20:56:43 localhost mme[2814743]:                 id: 10
Apr  4 20:56:43 localhost mme[2814743]:                 criticality: 0 (reject)
Apr  4 20:56:43 localhost mme[2814743]:                 value: 42
Apr  4 20:56:43 localhost mme[2814743]:             }
Apr  4 20:56:43 localhost mme[2814743]:             PDUSessionResourceReleaseCommandIEs ::= {
Apr  4 20:56:43 localhost mme[2814743]:                 id: 85
Apr  4 20:56:43 localhost mme[2814743]:                 criticality: 0 (reject)
Apr  4 20:56:43 localhost mme[2814743]:                 value: 4294967295
Apr  4 20:56:43 localhost mme[2814743]:             }
Apr  4 20:56:43 localhost mme[2814743]:             PDUSessionResourceReleaseCommandIEs ::= {
Apr  4 20:56:43 localhost mme[2814743]:                 id: 38
Apr  4 20:56:43 localhost mme[2814743]:                 criticality: 0 (reject)
Apr  4 20:56:43 localhost mme[2814743]:                 value:
Apr  4 20:56:43 localhost mme[2814743]:                     7E 01 70 BD A7 EE 03 7E 00 68 01 00 05 2E 01 01
Apr  4 20:56:43 localhost mme[2814743]:                     D3 24 12 01
Apr  4 20:56:43 localhost mme[2814743]:             }
Apr  4 20:56:43 localhost mme[2814743]:             PDUSessionResourceReleaseCommandIEs ::= {
Apr  4 20:56:43 localhost mme[2814743]:                 id: 79
Apr  4 20:56:43 localhost mme[2814743]:                 criticality: 0 (reject)
Apr  4 20:56:43 localhost mme[2814743]:                 value: PDUSessionResourceToReleaseListRelCmd ::= {
Apr  4 20:56:43 localhost mme[2814743]:                 }
Apr  4 20:56:43 localhost mme[2814743]:             }
Apr  4 20:56:43 localhost mme[2814743]:         }
Apr  4 20:56:43 localhost mme[2814743]:     }
Apr  4 20:56:43 localhost mme[2814743]: }
Apr  4 20:56:43 localhost sctpd[2814340]: I0404 20:56:43.725574 2814785 sctp_connection.cpp:195] Unhandled notification type 32777
Apr  4 20:56:43 localhost sessiond[2814068]: I0404 20:56:43.933290 2814068 SetMessageManagerHandler.cpp:142] Release request for session from IMSI: IMSI222700000000001 pdu_id 1
Apr  4 20:56:43 localhost mobilityd[2814061]: INFO:root:Released IP 192.168.128.80 for sid IMSI222700000000001
Apr  4 20:56:43 localhost policydb[2814134]: INFO:root:Terminating session: IMSI222700000000001-763341
Apr  4 20:56:43 localhost eventd[2814147]: DEBUG:root:Logging event: stream_name: "sessiond"
Apr  4 20:56:43 localhost eventd[2814147]: event_type: "session_terminated"
Apr  4 20:56:43 localhost eventd[2814147]: tag: "IMSI222700000000001"
Apr  4 20:56:43 localhost eventd[2814147]: value: "{\"mac_addr\":\"\",\"user_location\":\"\",\"spgw_ip\":\"\",\"imei\":\"\",\"record_sequence_number\":1,\"pdp_end_time\":140020106065488,\"charging_rx\":0,\"duration\":548320568,\"ip_addr\":\"192.168.128.80\",\"monitoring_tx\":0,\"ipv6_addr\":\"\",\"msisdn\":\"\",\"apn\":\"default\",\"session_id\":\"IMSI222700000000001-763341\",\"list_of_service_data\":[],\"charging_characteristics\":\"\",\"total_tx\":0,\"cause_for_rec_closing\":0,\"imsi\":\"IMSI222700000000001\",\"total_rx\":0,\"monitoring_rx\":0,\"charging_tx\":0,\"pdp_start_time\":140019557744920}"
Apr  4 20:56:43 localhost eventd[2814147]: ERROR:root:Connection to FluentBit failed: [Errno 111] Connection refused
Apr  4 20:56:43 localhost eventd[2814147]: INFO:root:FluentBit (td-agent-bit) may not be enabled or configured correctly
Apr  4 20:56:43 localhost sessiond[2814068]: I0404 20:56:43.958957 2814083 SessionEvents.cpp:291] Could not log session_terminated event {"mac_addr":"","user_location":"","spgw_ip":"","imei":"","record_sequence_number":1,"pdp_end_time":140020106065488,"charging_rx":0,"duration":548320568,"ip_addr":"192.168.128.80","monitoring_tx":0,"ipv6_addr":"","msisdn":"","apn":"default","session_id":"IMSI222700000000001-763341","list_of_service_data":[],"charging_characteristics":"","total_tx":0,"cause_for_rec_closing":0,"imsi":"IMSI222700000000001","total_rx":0,"monitoring_rx":0,"charging_tx":0,"pdp_start_time":140019557744920}, Error Message: Could not connect to FluentBit locally, Details: [Errno 111] Connection refused
Apr  4 20:56:44 localhost sctpd[2814340]: I0404 20:56:44.123469 2814785 sctp_connection.cpp:195] Unhandled notification type 32777
Apr  4 20:56:48 localhost smsd[2814155]: INFO:root:mme non_eps_service_config is not SMS_ORC8R, sleeping.
Apr  4 20:56:48 localhost sessiond[2814068]: I0404 20:56:48.936256 2814068 SessionStateEnforcer.cpp:377] Nothing to remove as no respective entry found for session id IMSI222700000000001-763341 of IMSI IMSI222700000000001
Apr  4 20:56:53 localhost smsd[2814155]: INFO:root:mme non_eps_service_config is not SMS_ORC8R, sleeping.
Apr  4 20:56:53 localhost dhclient[601]: DHCPREQUEST for 172.16.5.121 on eth1 to 172.16.5.2 port 67 (xid=0x25c866c5)
Apr  4 20:56:58 localhost smsd[2814155]: INFO:root:mme non_eps_service_config is not SMS_ORC8R, sleeping.
Apr  4 20:56:59 localhost mobilityd[2814061]: INFO:root:Using GW info: {'default': {2: ('172.16.4.1', 'eth0')}, 2: [('172.16.4.1', 'eth0', True)]}
Apr  4 20:56:59 localhost mobilityd[2814061]: INFO:root:GW-v6 probe: timer started
Apr  4 20:56:59 localhost control_proxy[2814227]: 2022-04-04T20:55:59.098Z [127.0.0.1 -> streamer-controller.magmasi.wavelabs.in,8443] "POST /magma.orc8r.Streamer/GetUpdates HTTP/2" 200 0bytes 60.501s
Apr  4 20:56:59 localhost magmad[2813991]: ERROR:root:Error! Streaming from the cloud failed! [StatusCode.ABORTED] error while streaming updates: rpc error: code = DeadlineExceeded desc = context deadline exceeded
Apr  4 20:56:59 localhost magmad[2813991]: INFO:root:[SyncRPC] Got heartBeat from cloud
Apr  4 20:57:01 localhost dhclient[601]: DHCPREQUEST for 172.16.5.121 on eth1 to 172.16.5.2 port 67 (xid=0x25c866c5)
Apr  4 20:57:02 localhost sctpd[2814340]: I0404 20:57:02.747489 2814785 sctp_connection.cpp:195] Unhandled notification type 32776
Apr  4 20:57:03 localhost magmad[2813991]: ERROR:root:Metrics upload error for service subscriberdb (chunk 0)! [StatusCode.DEADLINE_EXCEEDED] Deadline Exceeded
Apr  4 20:57:03 localhost magmad[2813991]: ERROR:root:Metrics upload error for service mobilityd (chunk 0)! [StatusCode.DEADLINE_EXCEEDED] Deadline Exceeded
Apr  4 20:57:03 localhost magmad[2813991]: ERROR:root:Metrics upload error for service mme (chunk 0)! [StatusCode.DEADLINE_EXCEEDED] Deadline Exceeded
Apr  4 20:57:03 localhost magmad[2813991]: ERROR:root:Metrics upload error for service magmad (chunk 0)! [StatusCode.DEADLINE_EXCEEDED] Deadline Exceeded
Apr  4 20:57:03 localhost magmad[2813991]: ERROR:root:Metrics upload error for service enodebd (chunk 0)! [StatusCode.DEADLINE_EXCEEDED] Deadline Exceeded
Apr  4 20:57:03 localhost magmad[2813991]: ERROR:root:Metrics upload error for service pipelined (chunk 0)! [StatusCode.DEADLINE_EXCEEDED] Deadline Exceeded
Apr  4 20:57:03 localhost magmad[2813991]: ERROR:root:Metrics upload error for service state (chunk 0)! [StatusCode.DEADLINE_EXCEEDED] Deadline Exceeded
Apr  4 20:57:03 localhost magmad[2813991]: ERROR:root:Metrics upload error for service sessiond (chunk 0)! [StatusCode.DEADLINE_EXCEEDED] Deadline Exceeded
Apr  4 20:57:03 localhost smsd[2814155]: INFO:root:mme non_eps_service_config is not SMS_ORC8R, sleeping.
Apr  4 20:57:08 localhost smsd[2814155]: INFO:root:mme non_eps_service_config is not SMS_ORC8R, sleeping.
Apr  4 20:57:08 localhost dhclient[601]: DHCPREQUEST for 172.16.5.121 on eth1 to 172.16.5.2 port 67 (xid=0x25c866c5)
Apr  4 20:57:12 localhost sctpd[2814340]: I0404 20:57:12.415799 2814785 sctp_connection.cpp:195] Unhandled notification type 32777
Apr  4 20:57:12 localhost sctpd[2814340]: I0404 20:57:12.641824 2814785 sctp_connection.cpp:195] Unhandled notification type 32777
Apr  4 20:57:12 localhost sctpd[2814340]: I0404 20:57:12.752575 2814785 sctp_connection.cpp:195] Unhandled notification type 32777
Apr  4 20:57:12 localhost sctpd[2814340]: I0404 20:57:12.866748 2814785 sctp_connection.cpp:195] Unhandled notification type 32777
Apr  4 20:57:12 localhost mme[2814743]: [DEBUG] Sending S6A-UPDATE_LOCATION_REQUEST with IMSI: 222700000000001
Apr  4 20:57:12 localhost mme[2814743]: [INFO] Received S6A-LOCATION-UPDATE_ANSWER for IMSI: 222700000000001; Status: ; StatusCode: 2001
Apr  4 20:57:12 localhost mme[2814743]: [INFO] sent itti S6A-LOCATION-UPDATE_ANSWER for IMSI: 222700000000001
Apr  4 20:57:12 localhost sctpd[2814340]: I0404 20:57:12.983067 2814785 sctp_connection.cpp:195] Unhandled notification type 32777
Apr  4 20:57:13 localhost smsd[2814155]: INFO:root:mme non_eps_service_config is not SMS_ORC8R, sleeping.
Apr  4 20:57:14 localhost sctpd[2814340]: I0404 20:57:14.415340 2814785 sctp_connection.cpp:195] Unhandled notification type 32777
Apr  4 20:57:15 localhost dhclient[601]: DHCPREQUEST for 172.16.5.121 on eth1 to 172.16.5.2 port 67 (xid=0x25c866c5)
Apr  4 20:57:18 localhost smsd[2814155]: INFO:root:mme non_eps_service_config is not SMS_ORC8R, sleeping.
Apr  4 20:57:19 localhost mobilityd[2814061]: INFO:root:Using GW info: {'default': {2: ('172.16.4.1', 'eth0')}, 2: [('172.16.4.1', 'eth0', True)]}
Apr  4 20:57:19 localhost mobilityd[2814061]: INFO:root:GW-v6 probe: timer started
Apr  4 20:57:19 localhost control_proxy[2814227]: 2022-04-04T20:57:18.839Z [127.0.0.1 -> streamer-controller.magmasi.wavelabs.in,8443] "POST /magma.orc8r.Streamer/GetUpdates HTTP/2" 200 173bytes 0.523s
Apr  4 20:57:19 localhost policydb[2814134]: INFO:root:Processing 4 policy updates (resync=True)
Apr  4 20:57:19 localhost control_proxy[2814227]: 2022-04-04T20:57:19.365Z [127.0.0.1 -> streamer-controller.magmasi.wavelabs.in,8443] "POST /magma.orc8r.Streamer/GetUpdates HTTP/2" 200 7bytes 0.270s
Apr  4 20:57:19 localhost policydb[2814134]: INFO:root:Processing 0 basename -> policy updates
Apr  4 20:57:19 localhost control_proxy[2814227]: 2022-04-04T20:57:19.365Z [127.0.0.1 -> streamer-controller.magmasi.wavelabs.in,8443] "POST /magma.orc8r.Streamer/GetUpdates HTTP/2" 200 13513bytes 0.303s
Apr  4 20:57:19 localhost policydb[2814134]: INFO:root:Processing 222 SID -> apn -> policy updates
Apr  4 20:57:20 localhost control_proxy[2814227]: 2022-04-04T20:57:19.365Z [127.0.0.1 -> streamer-controller.magmasi.wavelabs.in,8443] "POST /magma.orc8r.Streamer/GetUpdates HTTP/2" 200 7bytes 0.263s
Apr  4 20:57:20 localhost policydb[2814134]: INFO:root:Processing 0 rating group updates
Apr  4 20:57:23 localhost smsd[2814155]: INFO:root:mme non_eps_service_config is not SMS_ORC8R, sleeping.
Apr  4 20:57:26 localhost dhclient[601]: DHCPREQUEST for 172.16.5.121 on eth1 to 172.16.5.2 port 67 (xid=0x25c866c5)
Apr  4 20:57:28 localhost smsd[2814155]: INFO:root:mme non_eps_service_config is not SMS_ORC8R, sleeping.
Apr  4 20:57:30 localhost sctpd[2814340]: I0404 20:57:30.959728 2814785 sctp_connection.cpp:195] Unhandled notification type 32776
Apr  4 20:57:32 localhost sctpd[2814340]: I0404 20:57:32.024013 2814785 sctp_connection.cpp:195] Unhandled notification type 32777
Apr  4 20:57:32 localhost sctpd[2814340]: I0404 20:57:32.256942 2814785 sctp_connection.cpp:195] Unhandled notification type 32777
Apr  4 20:57:32 localhost sctpd[2814340]: I0404 20:57:32.462965 2814785 sctp_connection.cpp:195] Unhandled notification type 32777
Apr  4 20:57:33 localhost magmad[2813991]: INFO:root:Setting logging level to INFO
Apr  4 20:57:33 localhost smsd[2814155]: INFO:root:mme non_eps_service_config is not SMS_ORC8R, sleeping.
Apr  4 20:57:38 localhost sctpd[2814340]: I0404 20:57:38.471256 2814785 sctp_connection.cpp:195] Unhandled notification type 32777
Apr  4 20:57:38 localhost smsd[2814155]: INFO:root:mme non_eps_service_config is not SMS_ORC8R, sleeping.
Apr  4 20:57:39 localhost mobilityd[2814061]: INFO:root:Using GW info: {'default': {2: ('172.16.4.1', 'eth0')}, 2: [('172.16.4.1', 'eth0', True)]}
Apr  4 20:57:39 localhost mobilityd[2814061]: INFO:root:GW-v6 probe: timer started
Apr  4 20:57:41 localhost dhclient[601]: DHCPREQUEST for 172.16.5.121 on eth1 to 172.16.5.2 port 67 (xid=0x25c866c5)
Apr  4 20:57:42 localhost mme[2814743]: [DEBUG] Sending S6A-UPDATE_LOCATION_REQUEST with IMSI: 222700000000001
Apr  4 20:57:42 localhost mme[2814743]: [INFO] Received S6A-LOCATION-UPDATE_ANSWER for IMSI: 222700000000001; Status: ; StatusCode: 2001
Apr  4 20:57:42 localhost mme[2814743]: [INFO] sent itti S6A-LOCATION-UPDATE_ANSWER for IMSI: 222700000000001
Apr  4 20:57:42 localhost sctpd[2814340]: I0404 20:57:42.572738 2814785 sctp_connection.cpp:195] Unhandled notification type 32777
Apr  4 20:57:43 localhost smsd[2814155]: INFO:root:mme non_eps_service_config is not SMS_ORC8R, sleeping.
Apr  4 20:57:48 localhost smsd[2814155]: INFO:root:mme non_eps_service_config is not SMS_ORC8R, sleeping.
Apr  4 20:57:52 localhost control_proxy[2814227]: 2022-04-04T20:57:51.493Z [127.0.0.1 -> state-controller.magmasi.wavelabs.in,8443] "POST /magma.orc8r.StateService/ReportStates HTTP/2" 200 5bytes 0.838s
Apr  4 20:57:52 localhost magmad[2813991]: INFO:root:Checkin Successful! Successfully sent states to the cloud!
Apr  4 20:57:53 localhost smsd[2814155]: INFO:root:mme non_eps_service_config is not SMS_ORC8R, sleeping.
Apr  4 20:57:56 localhost dhclient[601]: DHCPREQUEST for 172.16.5.121 on eth1 to 172.16.5.2 port 67 (xid=0x25c866c5)
Apr  4 20:57:58 localhost smsd[2814155]: INFO:root:mme non_eps_service_config is not SMS_ORC8R, sleeping.
Apr  4 20:57:59 localhost sctpd[2814340]: I0404 20:57:59.112480 2814785 sctp_connection.cpp:195] Unhandled notification type 32776
Apr  4 20:57:59 localhost mobilityd[2814061]: INFO:root:Using GW info: {'default': {2: ('172.16.4.1', 'eth0')}, 2: [('172.16.4.1', 'eth0', True)]}
Apr  4 20:57:59 localhost mobilityd[2814061]: INFO:root:GW-v6 probe: timer started
Apr  4 20:57:59 localhost magmad[2813991]: INFO:root:[SyncRPC] Got heartBeat from cloud
Apr  4 20:58:00 localhost sctpd[2814340]: I0404 20:58:00.172662 2814785 sctp_connection.cpp:195] Unhandled notification type 32777
Apr  4 20:58:03 localhost subscriberdb[2814058]: INFO:root:get digest stored in gateway:
Apr  4 20:58:03 localhost smsd[2814155]: INFO:root:mme non_eps_service_config is not SMS_ORC8R, sleeping.
Apr  4 20:58:04 localhost control_proxy[2814227]: 2022-04-04T20:58:03.893Z [127.0.0.1 -> subscriberdb-controller.magmasi.wavelabs.in,8443] "POST /magma.lte.SubscriberDBCloud/CheckInSync HTTP/2" 200 0bytes 0.258s
Apr  4 20:58:04 localhost subscriberdb[2814058]: ERROR:root:Internal Error in subscriberdb-Orc8r communication. If AGW and Orc8r are deployed at a commit hash, upgrade AGW and Orc8r to latest commit hash.
Apr  4 20:58:04 localhost control_proxy[2814227]: 2022-04-04T20:58:04.155Z [127.0.0.1 -> subscriberdb-controller.magmasi.wavelabs.in,8443] "POST /magma.lte.SubscriberDBCloud/Sync HTTP/2" 200 0bytes 0.248s
Apr  4 20:58:04 localhost subscriberdb[2814058]: ERROR:root:Internal Error in subscriberdb-Orc8r communication. If AGW and Orc8r are deployed at a commit hash, upgrade AGW and Orc8r to latest commit hash.
Apr  4 20:58:04 localhost control_proxy[2814227]: 2022-04-04T20:58:04.155Z [127.0.0.1 -> subscriberdb-controller.magmasi.wavelabs.in,8443] "POST /magma.lte.SubscriberDBCloud/ListSubscribers HTTP/2" 200 44088bytes 0.311s
Apr  4 20:58:04 localhost subscriberdb[2814058]: INFO:root:Successfully fetched all subscriber pages from the cloud!
Apr  4 20:58:05 localhost subscriberdb[2814058]: INFO:root:update root digest stored in gateway:
Apr  4 20:58:06 localhost dhclient[601]: DHCPREQUEST for 172.16.5.121 on eth1 to 172.16.5.2 port 67 (xid=0x25c866c5)
Apr  4 20:58:09 localhost smsd[2814155]: INFO:root:mme non_eps_service_config is not SMS_ORC8R, sleeping.
Apr  4 20:58:19 localhost smsd[2814155]: message repeated 2 times: [ INFO:root:mme non_eps_service_config is not SMS_ORC8R, sleeping.]
Apr  4 20:58:19 localhost mobilityd[2814061]: INFO:root:Using GW info: {'default': {2: ('172.16.4.1', 'eth0')}, 2: [('172.16.4.1', 'eth0', True)]}
Apr  4 20:58:19 localhost mobilityd[2814061]: INFO:root:GW-v6 probe: timer started
Apr  4 20:58:20 localhost control_proxy[2814227]: 2022-04-04T20:58:20.252Z [127.0.0.1 -> streamer-controller.magmasi.wavelabs.in,8443] "POST /magma.orc8r.Streamer/GetUpdates HTTP/2" 200 173bytes 0.525s
Apr  4 20:58:20 localhost policydb[2814134]: INFO:root:Processing 4 policy updates (resync=True)
Apr  4 20:58:21 localhost control_proxy[2814227]: 2022-04-04T20:58:20.252Z [127.0.0.1 -> streamer-controller.magmasi.wavelabs.in,8443] "POST /magma.orc8r.Streamer/GetUpdates HTTP/2" 200 7bytes 0.317s
Apr  4 20:58:21 localhost policydb[2814134]: INFO:root:Processing 0 basename -> policy updates
Apr  4 20:58:21 localhost control_proxy[2814227]: 2022-04-04T20:58:21.102Z [127.0.0.1 -> streamer-controller.magmasi.wavelabs.in,8443] "POST /magma.orc8r.Streamer/GetUpdates HTTP/2" 200 13513bytes 0.359s
Apr  4 20:58:21 localhost policydb[2814134]: INFO:root:Processing 222 SID -> apn -> policy updates
Apr  4 20:58:21 localhost magmad[2813991]: ERROR:root:Metrics upload error for service subscriberdb (chunk 0)! [StatusCode.DEADLINE_EXCEEDED] Deadline Exceeded
Apr  4 20:58:21 localhost magmad[2813991]: ERROR:root:Metrics upload error for service mobilityd (chunk 0)! [StatusCode.DEADLINE_EXCEEDED] Deadline Exceeded
Apr  4 20:58:21 localhost magmad[2813991]: ERROR:root:Metrics upload error for service mme (chunk 0)! [StatusCode.DEADLINE_EXCEEDED] Deadline Exceeded
Apr  4 20:58:21 localhost magmad[2813991]: ERROR:root:Metrics upload error for service magmad (chunk 0)! [StatusCode.DEADLINE_EXCEEDED] Deadline Exceeded
Apr  4 20:58:21 localhost magmad[2813991]: ERROR:root:Metrics upload error for service enodebd (chunk 0)! [StatusCode.DEADLINE_EXCEEDED] Deadline Exceeded
Apr  4 20:58:21 localhost magmad[2813991]: ERROR:root:Metrics upload error for service pipelined (chunk 0)! [StatusCode.DEADLINE_EXCEEDED] Deadline Exceeded
Apr  4 20:58:21 localhost magmad[2813991]: ERROR:root:Metrics upload error for service state (chunk 0)! [StatusCode.DEADLINE_EXCEEDED] Deadline Exceeded
Apr  4 20:58:21 localhost magmad[2813991]: ERROR:root:Metrics upload error for service sessiond (chunk 0)! [StatusCode.DEADLINE_EXCEEDED] Deadline Exceeded
Apr  4 20:58:21 localhost control_proxy[2814227]: 2022-04-04T20:58:21.102Z [127.0.0.1 -> streamer-controller.magmasi.wavelabs.in,8443] "POST /magma.orc8r.Streamer/GetUpdates HTTP/2" 200 7bytes 0.299s
Apr  4 20:58:21 localhost policydb[2814134]: INFO:root:Processing 0 rating group updates
Apr  4 20:58:21 localhost sctpd[2814340]: I0404 20:58:21.799973 2814785 sctp_connection.cpp:195] Unhandled notification type 32776
Apr  4 20:58:22 localhost sctpd[2814340]: I0404 20:58:22.860092 2814785 sctp_connection.cpp:195] Unhandled notification type 32777
Apr  4 20:58:23 localhost dhclient[601]: DHCPREQUEST for 172.16.5.121 on eth1 to 172.16.5.2 port 67 (xid=0x25c866c5)
Apr  4 20:58:24 localhost smsd[2814155]: INFO:root:mme non_eps_service_config is not SMS_ORC8R, sleeping.
Apr  4 20:58:34 localhost smsd[2814155]: message repeated 2 times: [ INFO:root:mme non_eps_service_config is not SMS_ORC8R, sleeping.]
Apr  4 20:58:36 localhost dhclient[601]: DHCPREQUEST for 172.16.5.121 on eth1 to 172.16.5.2 port 67 (xid=0x25c866c5)
Apr  4 20:58:39 localhost mobilityd[2814061]: INFO:root:Using GW info: {'default': {2: ('172.16.4.1', 'eth0')}, 2: [('172.16.4.1', 'eth0', True)]}
Apr  4 20:58:39 localhost mobilityd[2814061]: INFO:root:GW-v6 probe: timer started
Apr  4 20:58:39 localhost smsd[2814155]: INFO:root:mme non_eps_service_config is not SMS_ORC8R, sleeping.
Apr  4 20:58:44 localhost smsd[2814155]: INFO:root:mme non_eps_service_config is not SMS_ORC8R, sleeping.
Apr  4 20:58:44 localhost sctpd[2814340]: I0404 20:58:44.561211 2814785 sctp_connection.cpp:195] Unhandled notification type 32776
Apr  4 20:58:45 localhost sctpd[2814340]: I0404 20:58:45.624799 2814785 sctp_connection.cpp:195] Unhandled notification type 32777
Apr  4 20:58:49 localhost smsd[2814155]: INFO:root:mme non_eps_service_config is not SMS_ORC8R, sleeping.
Apr  4 20:58:50 localhost dhclient[601]: DHCPREQUEST for 172.16.5.121 on eth1 to 172.16.5.2 port 67 (xid=0x25c866c5)
Apr  4 20:58:52 localhost magmad[2813991]: INFO:root:Setting logging level to INFO
Apr  4 20:58:54 localhost smsd[2814155]: INFO:root:mme non_eps_service_config is not SMS_ORC8R, sleeping.
Apr  4 20:58:59 localhost dhclient[601]: DHCPREQUEST for 172.16.5.121 on eth1 to 172.16.5.2 port 67 (xid=0x25c866c5)
Apr  4 20:58:59 localhost mobilityd[2814061]: INFO:root:Using GW info: {'default': {2: ('172.16.4.1', 'eth0')}, 2: [('172.16.4.1', 'eth0', True)]}
Apr  4 20:58:59 localhost mobilityd[2814061]: INFO:root:GW-v6 probe: timer started
Apr  4 20:58:59 localhost smsd[2814155]: INFO:root:mme non_eps_service_config is not SMS_ORC8R, sleeping.
Apr  4 20:58:59 localhost magmad[2813991]: INFO:root:[SyncRPC] Got heartBeat from cloud
Apr  4 20:58:59 localhost control_proxy[2814227]: 2022-04-04T20:57:59.663Z [127.0.0.1 -> streamer-controller.magmasi.wavelabs.in,8443] "POST /magma.orc8r.Streamer/GetUpdates HTTP/2" 200 0bytes 60.255s
Apr  4 20:58:59 localhost magmad[2813991]: ERROR:root:Error! Streaming from the cloud failed! [StatusCode.ABORTED] error while streaming updates: rpc error: code = DeadlineExceeded desc = context deadline exceeded
Apr  4 20:59:04 localhost smsd[2814155]: INFO:root:mme non_eps_service_config is not SMS_ORC8R, sleeping.
Apr  4 20:59:07 localhost sctpd[2814340]: I0404 20:59:07.332376 2814785 sctp_connection.cpp:195] Unhandled notification type 32776
Apr  4 20:59:08 localhost sctpd[2814340]: I0404 20:59:08.392707 2814785 sctp_connection.cpp:195] Unhandled notification type 32777
Apr  4 20:59:09 localhost dhclient[601]: DHCPREQUEST for 172.16.5.121 on eth1 to 172.16.5.2 port 67 (xid=0x25c866c5)
Apr  4 20:59:09 localhost smsd[2814155]: INFO:root:mme non_eps_service_config is not SMS_ORC8R, sleeping.
Apr  4 20:59:11 localhost control_proxy[2814227]: 2022-04-04T20:59:11.224Z [127.0.0.1 -> state-controller.magmasi.wavelabs.in,8443] "POST /magma.orc8r.StateService/ReportStates HTTP/2" 200 5bytes 0.524s
Apr  4 20:59:11 localhost magmad[2813991]: INFO:root:Checkin Successful! Successfully sent states to the cloud!
Apr  4 20:59:14 localhost smsd[2814155]: INFO:root:mme non_eps_service_config is not SMS_ORC8R, sleeping.
Apr  4 20:59:19 localhost mobilityd[2814061]: INFO:root:Using GW info: {'default': {2: ('172.16.4.1', 'eth0')}, 2: [('172.16.4.1', 'eth0', True)]}
Apr  4 20:59:19 localhost mobilityd[2814061]: INFO:root:GW-v6 probe: timer started
Apr  4 20:59:19 localhost smsd[2814155]: INFO:root:mme non_eps_service_config is not SMS_ORC8R, sleeping.
Apr  4 20:59:21 localhost magmad[2813991]: ERROR:root:Metrics upload error for service subscriberdb (chunk 0)! [StatusCode.DEADLINE_EXCEEDED] Deadline Exceeded
Apr  4 20:59:21 localhost magmad[2813991]: ERROR:root:Metrics upload error for service mobilityd (chunk 0)! [StatusCode.DEADLINE_EXCEEDED] Deadline Exceeded
Apr  4 20:59:21 localhost magmad[2813991]: ERROR:root:Metrics upload error for service mme (chunk 0)! [StatusCode.DEADLINE_EXCEEDED] Deadline Exceeded
Apr  4 20:59:21 localhost magmad[2813991]: ERROR:root:Metrics upload error for service magmad (chunk 0)! [StatusCode.DEADLINE_EXCEEDED] Deadline Exceeded
Apr  4 20:59:21 localhost magmad[2813991]: ERROR:root:Metrics upload error for service enodebd (chunk 0)! [StatusCode.DEADLINE_EXCEEDED] Deadline Exceeded
Apr  4 20:59:21 localhost magmad[2813991]: ERROR:root:Metrics upload error for service pipelined (chunk 0)! [StatusCode.DEADLINE_EXCEEDED] Deadline Exceeded
Apr  4 20:59:21 localhost magmad[2813991]: ERROR:root:Metrics upload error for service state (chunk 0)! [StatusCode.DEADLINE_EXCEEDED] Deadline Exceeded
Apr  4 20:59:21 localhost magmad[2813991]: ERROR:root:Metrics upload error for service sessiond (chunk 0)! [StatusCode.DEADLINE_EXCEEDED] Deadline Exceeded
Apr  4 20:59:22 localhost dhclient[601]: DHCPREQUEST for 172.16.5.121 on eth1 to 172.16.5.2 port 67 (xid=0x25c866c5)
Apr  4 20:59:22 localhost control_proxy[2814227]: 2022-04-04T20:59:21.820Z [127.0.0.1 -> streamer-controller.magmasi.wavelabs.in,8443] "POST /magma.orc8r.Streamer/GetUpdates HTTP/2" 200 173bytes 0.563s
Apr  4 20:59:22 localhost policydb[2814134]: INFO:root:Processing 4 policy updates (resync=True)
Apr  4 20:59:22 localhost control_proxy[2814227]: 2022-04-04T20:59:22.388Z [127.0.0.1 -> streamer-controller.magmasi.wavelabs.in,8443] "POST /magma.orc8r.Streamer/GetUpdates HTTP/2" 200 7bytes 0.289s
Apr  4 20:59:22 localhost policydb[2814134]: INFO:root:Processing 0 basename -> policy updates
Apr  4 20:59:22 localhost control_proxy[2814227]: 2022-04-04T20:59:22.388Z [127.0.0.1 -> streamer-controller.magmasi.wavelabs.in,8443] "POST /magma.orc8r.Streamer/GetUpdates HTTP/2" 200 13513bytes 0.300s
Apr  4 20:59:22 localhost policydb[2814134]: INFO:root:Processing 222 SID -> apn -> policy updates
Apr  4 20:59:23 localhost control_proxy[2814227]: 2022-04-04T20:59:22.388Z [127.0.0.1 -> streamer-controller.magmasi.wavelabs.in,8443] "POST /magma.orc8r.Streamer/GetUpdates HTTP/2" 200 7bytes 0.276s
Apr  4 20:59:23 localhost policydb[2814134]: INFO:root:Processing 0 rating group updates
Apr  4 20:59:24 localhost smsd[2814155]: INFO:root:mme non_eps_service_config is not SMS_ORC8R, sleeping.
Apr  4 20:59:25 localhost sctpd[2814340]: I0404 20:59:25.103405 2814785 sctp_connection.cpp:195] Unhandled notification type 32776
Apr  4 20:59:29 localhost smsd[2814155]: INFO:root:mme non_eps_service_config is not SMS_ORC8R, sleeping.
Apr  4 20:59:34 localhost smsd[2814155]: INFO:root:mme non_eps_service_config is not SMS_ORC8R, sleeping.
Apr  4 20:59:34 localhost sctpd[2814340]: I0404 20:59:34.972759 2814785 sctp_connection.cpp:195] Unhandled notification type 32777
Apr  4 20:59:35 localhost sctpd[2814340]: I0404 20:59:35.213618 2814785 sctp_connection.cpp:195] Unhandled notification type 32777
Apr  4 20:59:38 localhost dhclient[601]: DHCPREQUEST for 172.16.5.121 on eth1 to 172.16.5.2 port 67 (xid=0x25c866c5)
Apr  4 20:59:39 localhost mobilityd[2814061]: INFO:root:Using GW info: {'default': {2: ('172.16.4.1', 'eth0')}, 2: [('172.16.4.1', 'eth0', True)]}
Apr  4 20:59:39 localhost mobilityd[2814061]: INFO:root:GW-v6 probe: timer started
Apr  4 20:59:39 localhost smsd[2814155]: INFO:root:mme non_eps_service_config is not SMS_ORC8R, sleeping.
Apr  4 20:59:54 localhost smsd[2814155]: message repeated 3 times: [ INFO:root:mme non_eps_service_config is not SMS_ORC8R, sleeping.]
Apr  4 20:59:56 localhost sctpd[2814340]: I0404 20:59:56.706898 2814785 sctp_connection.cpp:195] Unhandled notification type 32776
Apr  4 20:59:56 localhost sctpd[2814340]: I0404 20:59:56.826710 2814785 sctp_connection.cpp:195] Unhandled notification type 32776
Apr  4 20:59:57 localhost dhclient[601]: DHCPREQUEST for 172.16.5.121 on eth1 to 172.16.5.2 port 67 (xid=0x25c866c5)
Apr  4 20:59:57 localhost sctpd[2814340]: I0404 20:59:57.888258 2814785 sctp_connection.cpp:195] Unhandled notification type 32777
Apr  4 20:59:57 localhost sctpd[2814340]: I0404 20:59:57.996069 2814785 sctp_connection.cpp:195] Unhandled notification type 32777
Apr  4 20:59:58 localhost sctpd[2814340]: I0404 20:59:58.221678 2814785 sctp_connection.cpp:195] Unhandled notification type 32777
Apr  4 20:59:58 localhost sctpd[2814340]: I0404 20:59:58.335043 2814785 sctp_connection.cpp:195] Unhandled notification type 32777
Apr  4 20:59:58 localhost mme[2814743]: [DEBUG] Sending S6A-UPDATE_LOCATION_REQUEST with IMSI: 222700000000001
Apr  4 20:59:58 localhost mme[2814743]: [INFO] Received S6A-LOCATION-UPDATE_ANSWER for IMSI: 222700000000001; Status: ; StatusCode: 2001
Apr  4 20:59:58 localhost mme[2814743]: [INFO] sent itti S6A-LOCATION-UPDATE_ANSWER for IMSI: 222700000000001
Apr  4 20:59:58 localhost sctpd[2814340]: I0404 20:59:58.390967 2814785 sctp_connection.cpp:195] Unhandled notification type 32777
Apr  4 20:59:59 localhost mobilityd[2814061]: INFO:root:Using GW info: {'default': {2: ('172.16.4.1', 'eth0')}, 2: [('172.16.4.1', 'eth0', True)]}
Apr  4 20:59:59 localhost mobilityd[2814061]: INFO:root:GW-v6 probe: timer started
Apr  4 20:59:59 localhost smsd[2814155]: INFO:root:mme non_eps_service_config is not SMS_ORC8R, sleeping.
Apr  4 20:59:59 localhost magmad[2813991]: INFO:root:[SyncRPC] Got heartBeat from cloud
Apr  4 21:00:00 localhost mobilityd[2814061]: INFO:root:Allocated IP 192.168.128.79 for sid IMSI222700000000001 for apn default
Apr  4 21:00:00 localhost policydb[2814134]: INFO:root:Creating a session for subscriber ID: IMSI222700000000001
Apr  4 21:00:00 localhost sessiond[2814068]: I0404 21:00:00.587550 2814068 SetMessageManagerHandler.cpp:342] Processing a CreateSessionResponse for IMSI222700000000001-489170
Apr  4 21:00:00 localhost sessiond[2814068]: I0404 21:00:00.587834 2814068 SessionState.cpp:2774] RuleID allowlist_sid-IMSI222700000000001-default doesn't have a version registered for IMSI222700000000001-489170, this is unexpected
Apr  4 21:00:00 localhost mme[2814743]: PDUSessionResourceSetupRequestTransfer ::= {
Apr  4 21:00:00 localhost mme[2814743]:     protocolIEs: ProtocolIE-Container ::= {
Apr  4 21:00:00 localhost mme[2814743]:         PDUSessionResourceSetupRequestTransferIEs ::= {
Apr  4 21:00:00 localhost mme[2814743]:             id: 130
Apr  4 21:00:00 localhost mme[2814743]:             criticality: 0 (reject)
Apr  4 21:00:00 localhost mme[2814743]:             value: PDUSessionAggregateMaximumBitRate ::= {
Apr  4 21:00:00 localhost mme[2814743]:                 pDUSessionAggregateMaximumBitRateDL: 100000000
Apr  4 21:00:00 localhost mme[2814743]:                 pDUSessionAggregateMaximumBitRateUL: 100000000
Apr  4 21:00:00 localhost mme[2814743]:             }
Apr  4 21:00:00 localhost mme[2814743]:         }
Apr  4 21:00:00 localhost mme[2814743]:         PDUSessionResourceSetupRequestTransferIEs ::= {
Apr  4 21:00:00 localhost mme[2814743]:             id: 139
Apr  4 21:00:00 localhost mme[2814743]:             criticality: 0 (reject)
Apr  4 21:00:00 localhost mme[2814743]:             value: GTPTunnel ::= {
Apr  4 21:00:00 localhost mme[2814743]:                 transportLayerAddress: AC 10 05 79
Apr  4 21:00:00 localhost mme[2814743]:                 gTP-TEID: 80 00 00 05
Apr  4 21:00:00 localhost mme[2814743]:             }
Apr  4 21:00:00 localhost mme[2814743]:         }
Apr  4 21:00:00 localhost mme[2814743]:         PDUSessionResourceSetupRequestTransferIEs ::= {
Apr  4 21:00:00 localhost mme[2814743]:             id: 134
Apr  4 21:00:00 localhost mme[2814743]:             criticality: 0 (reject)
Apr  4 21:00:00 localhost mme[2814743]:             value: 0 (ipv4)
Apr  4 21:00:00 localhost mme[2814743]:         }
Apr  4 21:00:00 localhost mme[2814743]:         PDUSessionResourceSetupRequestTransferIEs ::= {
Apr  4 21:00:00 localhost mme[2814743]:             id: 136
Apr  4 21:00:00 localhost mme[2814743]:             criticality: 0 (reject)
Apr  4 21:00:00 localhost mme[2814743]:             value: QosFlowSetupRequestList ::= {
Apr  4 21:00:00 localhost mme[2814743]:                 QosFlowSetupRequestItem ::= {
Apr  4 21:00:00 localhost mme[2814743]:                     qosFlowIdentifier: 9
Apr  4 21:00:00 localhost mme[2814743]:                     qosFlowLevelQosParameters: QosFlowLevelQosParameters ::= {
Apr  4 21:00:00 localhost mme[2814743]:                         qosCharacteristics: NonDynamic5QIDescriptor ::= {
Apr  4 21:00:00 localhost mme[2814743]:                             fiveQI: 9
Apr  4 21:00:00 localhost mme[2814743]:                         }
Apr  4 21:00:00 localhost mme[2814743]:                         allocationAndRetentionPriority: AllocationAndRetentionPriority ::= {
Apr  4 21:00:00 localhost mme[2814743]:                             priorityLevelARP: 15
Apr  4 21:00:00 localhost mme[2814743]:                             pre-emptionCapability: 0 (shall-not-trigger-pre-emption)
Apr  4 21:00:00 localhost mme[2814743]:                             pre-emptionVulnerability: 0 (not-pre-emptable)
Apr  4 21:00:00 localhost mme[2814743]:                         }
Apr  4 21:00:00 localhost mme[2814743]:                     }
Apr  4 21:00:00 localhost mme[2814743]:                 }
Apr  4 21:00:00 localhost mme[2814743]:             }
Apr  4 21:00:00 localhost mme[2814743]:         }
Apr  4 21:00:00 localhost mme[2814743]:     }
Apr  4 21:00:00 localhost mme[2814743]: }
Apr  4 21:00:00 localhost sctpd[2814340]: I0404 21:00:00.795086 2814785 sctp_connection.cpp:195] Unhandled notification type 32777
Apr  4 21:00:02 localhost mme[2814743]: InitiatingMessage ::= {
Apr  4 21:00:02 localhost mme[2814743]:     procedureCode: 28
Apr  4 21:00:02 localhost mme[2814743]:     criticality: 1 (ignore)
Apr  4 21:00:02 localhost mme[2814743]:     value: PDUSessionResourceReleaseCommand ::= {
Apr  4 21:00:02 localhost mme[2814743]:         protocolIEs: ProtocolIE-Container ::= {
Apr  4 21:00:02 localhost mme[2814743]:             PDUSessionResourceReleaseCommandIEs ::= {
Apr  4 21:00:02 localhost mme[2814743]:                 id: 10
Apr  4 21:00:02 localhost mme[2814743]:                 criticality: 0 (reject)
Apr  4 21:00:02 localhost mme[2814743]:                 value: 49
Apr  4 21:00:02 localhost mme[2814743]:             }
Apr  4 21:00:02 localhost mme[2814743]:             PDUSessionResourceReleaseCommandIEs ::= {
Apr  4 21:00:02 localhost mme[2814743]:                 id: 85
Apr  4 21:00:02 localhost mme[2814743]:                 criticality: 0 (reject)
Apr  4 21:00:02 localhost mme[2814743]:                 value: 4294967295
Apr  4 21:00:02 localhost mme[2814743]:             }
Apr  4 21:00:02 localhost mme[2814743]:             PDUSessionResourceReleaseCommandIEs ::= {
Apr  4 21:00:02 localhost mme[2814743]:                 id: 38
Apr  4 21:00:02 localhost mme[2814743]:                 criticality: 0 (reject)
Apr  4 21:00:02 localhost mme[2814743]:                 value:
Apr  4 21:00:02 localhost mme[2814743]:                     7E 01 C5 33 A7 15 03 7E 00 68 01 00 05 2E 01 01
Apr  4 21:00:02 localhost mme[2814743]:                     D3 24 12 01
Apr  4 21:00:02 localhost mme[2814743]:             }
Apr  4 21:00:02 localhost mme[2814743]:             PDUSessionResourceReleaseCommandIEs ::= {
Apr  4 21:00:02 localhost mme[2814743]:                 id: 79
Apr  4 21:00:02 localhost mme[2814743]:                 criticality: 0 (reject)
Apr  4 21:00:02 localhost mme[2814743]:                 value: PDUSessionResourceToReleaseListRelCmd ::= {
Apr  4 21:00:02 localhost mme[2814743]:                 }
Apr  4 21:00:02 localhost mme[2814743]:             }
Apr  4 21:00:02 localhost mme[2814743]:         }
Apr  4 21:00:02 localhost mme[2814743]:     }
Apr  4 21:00:02 localhost mme[2814743]: }
Apr  4 21:00:02 localhost sctpd[2814340]: I0404 21:00:02.822703 2814785 sctp_connection.cpp:195] Unhandled notification type 32777
Apr  4 21:00:04 localhost smsd[2814155]: INFO:root:mme non_eps_service_config is not SMS_ORC8R, sleeping.
Apr  4 21:00:09 localhost smsd[2814155]: INFO:root:mme non_eps_service_config is not SMS_ORC8R, sleeping.
Apr  4 21:00:09 localhost dhclient[601]: DHCPREQUEST for 172.16.5.121 on eth1 to 172.16.5.2 port 67 (xid=0x25c866c5)
Apr  4 21:00:12 localhost magmad[2813991]: INFO:root:Setting logging level to INFO
Apr  4 21:00:14 localhost smsd[2814155]: INFO:root:mme non_eps_service_config is not SMS_ORC8R, sleeping.
Apr  4 21:00:19 localhost mobilityd[2814061]: INFO:root:Using GW info: {'default': {2: ('172.16.4.1', 'eth0')}, 2: [('172.16.4.1', 'eth0', True)]}
Apr  4 21:00:19 localhost mobilityd[2814061]: INFO:root:GW-v6 probe: timer started
Apr  4 21:00:19 localhost smsd[2814155]: INFO:root:mme non_eps_service_config is not SMS_ORC8R, sleeping.
Apr  4 21:00:21 localhost sctpd[2814340]: I0404 21:00:21.583302 2814785 sctp_connection.cpp:195] Unhandled notification type 32776
Apr  4 21:00:21 localhost dhclient[601]: DHCPREQUEST for 172.16.5.121 on eth1 to 172.16.5.2 port 67 (xid=0x25c866c5)
Apr  4 21:00:24 localhost control_proxy[2814227]: 2022-04-04T21:00:23.329Z [127.0.0.1 -> streamer-controller.magmasi.wavelabs.in,8443] "POST /magma.orc8r.Streamer/GetUpdates HTTP/2" 200 173bytes 0.679s
Apr  4 21:00:24 localhost policydb[2814134]: INFO:root:Processing 4 policy updates (resync=True)
Apr  4 21:00:24 localhost control_proxy[2814227]: 2022-04-04T21:00:24.013Z [127.0.0.1 -> streamer-controller.magmasi.wavelabs.in,8443] "POST /magma.orc8r.Streamer/GetUpdates HTTP/2" 200 7bytes 0.335s
Apr  4 21:00:24 localhost policydb[2814134]: INFO:root:Processing 0 basename -> policy updates
Apr  4 21:00:24 localhost control_proxy[2814227]: 2022-04-04T21:00:24.013Z [127.0.0.1 -> streamer-controller.magmasi.wavelabs.in,8443] "POST /magma.orc8r.Streamer/GetUpdates HTTP/2" 200 13513bytes 0.370s
Apr  4 21:00:24 localhost policydb[2814134]: INFO:root:Processing 222 SID -> apn -> policy updates
Apr  4 21:00:24 localhost smsd[2814155]: INFO:root:mme non_eps_service_config is not SMS_ORC8R, sleeping.
Apr  4 21:00:25 localhost control_proxy[2814227]: 2022-04-04T21:00:24.013Z [127.0.0.1 -> streamer-controller.magmasi.wavelabs.in,8443] "POST /magma.orc8r.Streamer/GetUpdates HTTP/2" 200 7bytes 0.306s
Apr  4 21:00:25 localhost policydb[2814134]: INFO:root:Processing 0 rating group updates
Apr  4 21:00:29 localhost smsd[2814155]: INFO:root:mme non_eps_service_config is not SMS_ORC8R, sleeping.
Apr  4 21:00:30 localhost magmad[2813991]: ERROR:root:Metrics upload error for service subscriberdb (chunk 0)! [StatusCode.DEADLINE_EXCEEDED] Deadline Exceeded
Apr  4 21:00:30 localhost magmad[2813991]: ERROR:root:Metrics upload error for service mobilityd (chunk 0)! [StatusCode.DEADLINE_EXCEEDED] Deadline Exceeded
Apr  4 21:00:30 localhost magmad[2813991]: ERROR:root:Metrics upload error for service mme (chunk 0)! [StatusCode.DEADLINE_EXCEEDED] Deadline Exceeded
Apr  4 21:00:30 localhost magmad[2813991]: ERROR:root:Metrics upload error for service magmad (chunk 0)! [StatusCode.DEADLINE_EXCEEDED] Deadline Exceeded
Apr  4 21:00:30 localhost magmad[2813991]: ERROR:root:Metrics upload error for service enodebd (chunk 0)! [StatusCode.DEADLINE_EXCEEDED] Deadline Exceeded
Apr  4 21:00:30 localhost magmad[2813991]: ERROR:root:Metrics upload error for service pipelined (chunk 0)! [StatusCode.DEADLINE_EXCEEDED] Deadline Exceeded
Apr  4 21:00:30 localhost magmad[2813991]: ERROR:root:Metrics upload error for service state (chunk 0)! [StatusCode.DEADLINE_EXCEEDED] Deadline Exceeded
Apr  4 21:00:30 localhost magmad[2813991]: ERROR:root:Metrics upload error for service sessiond (chunk 0)! [StatusCode.DEADLINE_EXCEEDED] Deadline Exceeded
Apr  4 21:00:30 localhost magmad[2813991]: INFO:root:Checking for upgrade...
Apr  4 21:00:30 localhost magmad[2813991]: WARNING:root:magmad package_version config missing or set to default 0.0.0-0, skipping upgrade
Apr  4 21:00:31 localhost control_proxy[2814227]: 2022-04-04T21:00:30.829Z [127.0.0.1 -> state-controller.magmasi.wavelabs.in,8443] "POST /magma.orc8r.StateService/ReportStates HTTP/2" 200 5bytes 0.261s
Apr  4 21:00:31 localhost magmad[2813991]: INFO:root:Checkin Successful! Successfully sent states to the cloud!
Apr  4 21:00:31 localhost sctpd[2814340]: I0404 21:00:31.317920 2814785 sctp_connection.cpp:195] Unhandled notification type 32777
Apr  4 21:00:31 localhost sctpd[2814340]: I0404 21:00:31.545994 2814785 sctp_connection.cpp:195] Unhandled notification type 32777
Apr  4 21:00:31 localhost sessiond[2814068]: I0404 21:00:31.549208 2814068 SetMessageManagerHandler.cpp:142] Release request for session from IMSI: IMSI222700000000001 pdu_id 1
