Mar 10 15:29:16 localhost dnsmasq-dhcp[922714]: DHCPOFFER(eth1) 172.16.7.251 fa:16:3e:2a:89:3f 
Mar 10 15:29:20 localhost smsd[922620]: INFO:root:mme non_eps_service_config is not SMS_ORC8R, sleeping.
Mar 10 15:29:23 localhost dhclient[601]: DHCPREQUEST for 172.16.5.121 on eth1 to 172.16.5.2 port 67 (xid=0x4b4058b5)
Mar 10 15:29:24 localhost sctpd[922811]: I0310 15:29:24.015662 923283 sctp_connection.cpp:167] HandleClientSock sd = 67
Mar 10 15:29:24 localhost sctpd[922811]: I0310 15:29:24.015765 923283 sctp_connection.cpp:185] SCTP_SHUTDOWN_EVENT received
Mar 10 15:29:24 localhost sctpd[922811]: I0310 15:29:24.015779 923283 sctp_connection.cpp:280] Sending close connection for assoc_id 3630
Mar 10 15:29:24 localhost sctpd[922811]: I0310 15:29:24.067065 923283 sctp_connection.cpp:167] HandleClientSock sd = 68
Mar 10 15:29:24 localhost sctpd[922811]: I0310 15:29:24.067198 923283 sctp_connection.cpp:185] SCTP_SHUTDOWN_EVENT received
Mar 10 15:29:24 localhost sctpd[922811]: I0310 15:29:24.067214 923283 sctp_connection.cpp:280] Sending close connection for assoc_id 3631
Mar 10 15:29:25 localhost smsd[922620]: INFO:root:mme non_eps_service_config is not SMS_ORC8R, sleeping.
Mar 10 15:29:25 localhost mobilityd[922527]: INFO:root:Using GW info: {'default': {2: ('172.16.4.1', 'eth0')}, 2: [('172.16.4.1', 'eth0', True)]}
Mar 10 15:29:25 localhost mobilityd[922527]: INFO:root:GW-v6 probe: timer started
Mar 10 15:29:26 localhost control_proxy[922710]: 2022-03-10T15:29:25.714Z [127.0.0.1 -> streamer-controller.magmasi.wavelabs.in,8443] "POST /magma.orc8r.Streamer/GetUpdates HTTP/2" 200 91bytes 0.536s
Mar 10 15:29:26 localhost policydb[922600]: INFO:root:Processing 2 policy updates (resync=True)
Mar 10 15:29:26 localhost control_proxy[922710]: 2022-03-10T15:29:26.253Z [127.0.0.1 -> streamer-controller.magmasi.wavelabs.in,8443] "POST /magma.orc8r.Streamer/GetUpdates HTTP/2" 200 7bytes 0.279s
Mar 10 15:29:26 localhost policydb[922600]: INFO:root:Processing 0 basename -> policy updates
Mar 10 15:29:26 localhost control_proxy[922710]: 2022-03-10T15:29:26.253Z [127.0.0.1 -> streamer-controller.magmasi.wavelabs.in,8443] "POST /magma.orc8r.Streamer/GetUpdates HTTP/2" 200 5113bytes 0.283s
Mar 10 15:29:26 localhost policydb[922600]: INFO:root:Processing 222 SID -> apn -> policy updates
Mar 10 15:29:27 localhost control_proxy[922710]: 2022-03-10T15:29:26.253Z [127.0.0.1 -> streamer-controller.magmasi.wavelabs.in,8443] "POST /magma.orc8r.Streamer/GetUpdates HTTP/2" 200 7bytes 0.264s
Mar 10 15:29:27 localhost policydb[922600]: INFO:root:Processing 0 rating group updates
Mar 10 15:29:27 localhost dnsmasq-dhcp[922714]: DHCPDISCOVER(eth1) fa:16:3e:2a:89:3f 
Mar 10 15:29:27 localhost dnsmasq-dhcp[922714]: DHCPOFFER(eth1) 172.16.7.251 fa:16:3e:2a:89:3f 
Mar 10 15:29:28 localhost magmad[922453]: ERROR:root:Metrics upload error for service subscriberdb (chunk 0)! [StatusCode.DEADLINE_EXCEEDED] Deadline Exceeded
Mar 10 15:29:28 localhost magmad[922453]: ERROR:root:Metrics upload error for service mobilityd (chunk 0)! [StatusCode.DEADLINE_EXCEEDED] Deadline Exceeded
Mar 10 15:29:28 localhost magmad[922453]: ERROR:root:Metrics upload error for service mme (chunk 0)! [StatusCode.DEADLINE_EXCEEDED] Deadline Exceeded
Mar 10 15:29:28 localhost magmad[922453]: ERROR:root:Metrics upload error for service magmad (chunk 0)! [StatusCode.DEADLINE_EXCEEDED] Deadline Exceeded
Mar 10 15:29:28 localhost magmad[922453]: ERROR:root:Metrics upload error for service enodebd (chunk 0)! [StatusCode.DEADLINE_EXCEEDED] Deadline Exceeded
Mar 10 15:29:28 localhost magmad[922453]: ERROR:root:Metrics upload error for service pipelined (chunk 0)! [StatusCode.DEADLINE_EXCEEDED] Deadline Exceeded
Mar 10 15:29:28 localhost magmad[922453]: ERROR:root:Metrics upload error for service state (chunk 0)! [StatusCode.DEADLINE_EXCEEDED] Deadline Exceeded
Mar 10 15:29:28 localhost magmad[922453]: ERROR:root:Metrics upload error for service sessiond (chunk 0)! [StatusCode.DEADLINE_EXCEEDED] Deadline Exceeded
Mar 10 15:29:30 localhost sctpd[922811]: I0310 15:29:30.483232 923281 sctpd_downlink_impl.cpp:76] SctpdDownlinkImpl::SendDl starting
Mar 10 15:29:30 localhost smsd[922620]: INFO:root:mme non_eps_service_config is not SMS_ORC8R, sleeping.
Mar 10 15:29:33 localhost sctpd[922811]: I0310 15:29:33.424671 923283 sctp_connection.cpp:167] HandleClientSock sd = 69
Mar 10 15:29:33 localhost sctpd[922811]: I0310 15:29:33.424762 923283 sctp_connection.cpp:189] SCTP association change event received
Mar 10 15:29:33 localhost sctpd[922811]: I0310 15:29:33.425518 923283 sctp_connection.cpp:167] HandleClientSock sd = 69
Mar 10 15:29:33 localhost sctpd[922811]: I0310 15:29:33.425551 923283 sctp_connection.cpp:193] Unhandled notification type 32776
Mar 10 15:29:34 localhost dhclient[601]: DHCPREQUEST for 172.16.5.121 on eth1 to 172.16.5.2 port 67 (xid=0x4b4058b5)
Mar 10 15:29:35 localhost smsd[922620]: INFO:root:mme non_eps_service_config is not SMS_ORC8R, sleeping.
Mar 10 15:29:40 localhost smsd[922620]: INFO:root:mme non_eps_service_config is not SMS_ORC8R, sleeping.
Mar 10 15:29:40 localhost dnsmasq-dhcp[922714]: DHCPDISCOVER(eth1) fa:16:3e:2a:89:3f 
Mar 10 15:29:40 localhost dnsmasq-dhcp[922714]: DHCPOFFER(eth1) 172.16.7.251 fa:16:3e:2a:89:3f 
Mar 10 15:29:42 localhost sctpd[922811]: I0310 15:29:42.880612 923283 sctp_connection.cpp:167] HandleClientSock sd = 69
Mar 10 15:29:42 localhost sctpd[922811]: I0310 15:29:42.880755 923283 sctp_connection.cpp:220] [sd:69] msg of len 42 on 3632:0
Mar 10 15:29:42 localhost sctpd[922811]: I0310 15:29:42.883453 922817 sctpd_downlink_impl.cpp:76] SctpdDownlinkImpl::SendDl starting
Mar 10 15:29:42 localhost sctpd[922811]: I0310 15:29:42.884039 923283 sctp_connection.cpp:167] HandleClientSock sd = 69
Mar 10 15:29:42 localhost sctpd[922811]: I0310 15:29:42.884109 923283 sctp_connection.cpp:193] Unhandled notification type 32777
Mar 10 15:29:42 localhost sctpd[922811]: I0310 15:29:42.990459 923283 sctp_connection.cpp:167] HandleClientSock sd = 69
Mar 10 15:29:42 localhost sctpd[922811]: I0310 15:29:42.990558 923283 sctp_connection.cpp:220] [sd:69] msg of len 42 on 3632:0
Mar 10 15:29:42 localhost sctpd[922811]: I0310 15:29:42.992429 922817 sctpd_downlink_impl.cpp:76] SctpdDownlinkImpl::SendDl starting
Mar 10 15:29:43 localhost sctpd[922811]: I0310 15:29:43.109618 923283 sctp_connection.cpp:167] HandleClientSock sd = 69
Mar 10 15:29:43 localhost sctpd[922811]: I0310 15:29:43.109735 923283 sctp_connection.cpp:193] Unhandled notification type 32777
Mar 10 15:29:43 localhost sctpd[922811]: I0310 15:29:43.109761 923283 sctp_connection.cpp:167] HandleClientSock sd = 69
Mar 10 15:29:43 localhost sctpd[922811]: I0310 15:29:43.109782 923283 sctp_connection.cpp:220] [sd:69] msg of len 83 on 3632:1
Mar 10 15:29:43 localhost sctpd[922811]: I0310 15:29:43.126657 922817 sctpd_downlink_impl.cpp:76] SctpdDownlinkImpl::SendDl starting
Mar 10 15:29:43 localhost sctpd[922811]: I0310 15:29:43.220490 923283 sctp_connection.cpp:167] HandleClientSock sd = 69
Mar 10 15:29:43 localhost sctpd[922811]: I0310 15:29:43.220608 923283 sctp_connection.cpp:193] Unhandled notification type 32777
Mar 10 15:29:43 localhost sctpd[922811]: I0310 15:29:43.220635 923283 sctp_connection.cpp:167] HandleClientSock sd = 69
Mar 10 15:29:43 localhost sctpd[922811]: I0310 15:29:43.220666 923283 sctp_connection.cpp:220] [sd:69] msg of len 67 on 3632:1
Mar 10 15:29:43 localhost sctpd[922811]: I0310 15:29:43.225917 922817 sctpd_downlink_impl.cpp:76] SctpdDownlinkImpl::SendDl starting
Mar 10 15:29:43 localhost sctpd[922811]: I0310 15:29:43.340189 923283 sctp_connection.cpp:167] HandleClientSock sd = 69
Mar 10 15:29:43 localhost sctpd[922811]: I0310 15:29:43.340293 923283 sctp_connection.cpp:193] Unhandled notification type 32777
Mar 10 15:29:43 localhost sctpd[922811]: I0310 15:29:43.340314 923283 sctp_connection.cpp:167] HandleClientSock sd = 69
Mar 10 15:29:43 localhost sctpd[922811]: I0310 15:29:43.340335 923283 sctp_connection.cpp:220] [sd:69] msg of len 56 on 3632:1
Mar 10 15:29:43 localhost mme[923218]: [DEBUG] Sending S6A-UPDATE_LOCATION_REQUEST with IMSI: 222700000000001
Mar 10 15:29:43 localhost sctpd[922811]: I0310 15:29:43.347271 922817 sctpd_downlink_impl.cpp:76] SctpdDownlinkImpl::SendDl starting
Mar 10 15:29:43 localhost mme[923218]: [INFO] Received S6A-LOCATION-UPDATE_ANSWER for IMSI: 222700000000001; Status: ; StatusCode: 2001
Mar 10 15:29:43 localhost mme[923218]: [INFO] sent itti S6A-LOCATION-UPDATE_ANSWER for IMSI: 222700000000001
Mar 10 15:29:43 localhost sctpd[922811]: I0310 15:29:43.550968 923283 sctp_connection.cpp:167] HandleClientSock sd = 69
Mar 10 15:29:43 localhost sctpd[922811]: I0310 15:29:43.551074 923283 sctp_connection.cpp:193] Unhandled notification type 32777
Mar 10 15:29:45 localhost smsd[922620]: INFO:root:mme non_eps_service_config is not SMS_ORC8R, sleeping.
Mar 10 15:29:45 localhost mobilityd[922527]: INFO:root:Using GW info: {'default': {2: ('172.16.4.1', 'eth0')}, 2: [('172.16.4.1', 'eth0', True)]}
Mar 10 15:29:45 localhost mobilityd[922527]: INFO:root:GW-v6 probe: timer started
Mar 10 15:29:46 localhost sctpd[922811]: I0310 15:29:46.486596 922817 sctpd_downlink_impl.cpp:76] SctpdDownlinkImpl::SendDl starting
Mar 10 15:29:48 localhost dhclient[601]: DHCPREQUEST for 172.16.5.121 on eth1 to 172.16.5.2 port 67 (xid=0x4b4058b5)
Mar 10 15:29:48 localhost dnsmasq-dhcp[922714]: DHCPDISCOVER(eth1) fa:16:3e:2a:89:3f 
Mar 10 15:29:48 localhost dnsmasq-dhcp[922714]: DHCPOFFER(eth1) 172.16.7.251 fa:16:3e:2a:89:3f 
Mar 10 15:29:49 localhost mme[923218]: [DEBUG] Sending S6A-UPDATE_LOCATION_REQUEST with IMSI: 222700000000001
Mar 10 15:29:49 localhost sctpd[922811]: I0310 15:29:49.353269 922817 sctpd_downlink_impl.cpp:76] SctpdDownlinkImpl::SendDl starting
Mar 10 15:29:49 localhost mme[923218]: [INFO] Received S6A-LOCATION-UPDATE_ANSWER for IMSI: 222700000000001; Status: ; StatusCode: 2001
Mar 10 15:29:49 localhost mme[923218]: [INFO] sent itti S6A-LOCATION-UPDATE_ANSWER for IMSI: 222700000000001
Mar 10 15:29:49 localhost sctpd[922811]: I0310 15:29:49.555074 923283 sctp_connection.cpp:167] HandleClientSock sd = 69
Mar 10 15:29:49 localhost sctpd[922811]: I0310 15:29:49.555187 923283 sctp_connection.cpp:193] Unhandled notification type 32777
Mar 10 15:29:50 localhost smsd[922620]: INFO:root:mme non_eps_service_config is not SMS_ORC8R, sleeping.
Mar 10 15:29:53 localhost sctpd[922811]: I0310 15:29:53.457520 923283 sctp_connection.cpp:167] HandleClientSock sd = 69
Mar 10 15:29:53 localhost sctpd[922811]: I0310 15:29:53.457633 923283 sctp_connection.cpp:220] [sd:69] msg of len 56 on 3632:1
Mar 10 15:29:55 localhost smsd[922620]: INFO:root:mme non_eps_service_config is not SMS_ORC8R, sleeping.
Mar 10 15:29:59 localhost magmad[922453]: INFO:root:Setting logging level to INFO
Mar 10 15:29:59 localhost dnsmasq-dhcp[922714]: DHCPDISCOVER(eth1) fa:16:3e:2a:89:3f 
Mar 10 15:29:59 localhost dnsmasq-dhcp[922714]: DHCPOFFER(eth1) 172.16.7.251 fa:16:3e:2a:89:3f 
Mar 10 15:30:00 localhost dhclient[601]: DHCPREQUEST for 172.16.5.121 on eth1 to 172.16.5.2 port 67 (xid=0x4b4058b5)
Mar 10 15:30:00 localhost sctpd[922811]: I0310 15:30:00.818503 923283 sctp_connection.cpp:167] HandleClientSock sd = 69
Mar 10 15:30:00 localhost sctpd[922811]: I0310 15:30:00.818603 923283 sctp_connection.cpp:185] SCTP_SHUTDOWN_EVENT received
Mar 10 15:30:00 localhost sctpd[922811]: I0310 15:30:00.818621 923283 sctp_connection.cpp:280] Sending close connection for assoc_id 3632
Mar 10 15:30:00 localhost smsd[922620]: INFO:root:mme non_eps_service_config is not SMS_ORC8R, sleeping.
Mar 10 15:30:02 localhost sctpd[922811]: I0310 15:30:02.496919 922817 sctpd_downlink_impl.cpp:76] SctpdDownlinkImpl::SendDl starting
Mar 10 15:30:05 localhost smsd[922620]: INFO:root:mme non_eps_service_config is not SMS_ORC8R, sleeping.
Mar 10 15:30:05 localhost mobilityd[922527]: INFO:root:Using GW info: {'default': {2: ('172.16.4.1', 'eth0')}, 2: [('172.16.4.1', 'eth0', True)]}
Mar 10 15:30:05 localhost mobilityd[922527]: INFO:root:GW-v6 probe: timer started
Mar 10 15:30:06 localhost magmad[922453]: INFO:root:[SyncRPC] Got heartBeat from cloud
Mar 10 15:30:06 localhost control_proxy[922710]: 2022-03-10T15:29:06.298Z [127.0.0.1 -> streamer-controller.magmasi.wavelabs.in,8443] "POST /magma.orc8r.Streamer/GetUpdates HTTP/2" 200 0bytes 60.272s
Mar 10 15:30:06 localhost magmad[922453]: ERROR:root:Error! Streaming from the cloud failed! [StatusCode.ABORTED] error while streaming updates: rpc error: code = DeadlineExceeded desc = context deadline exceeded
Mar 10 15:30:06 localhost control_proxy[922710]: 2022-03-10T15:30:06.328Z [127.0.0.1 -> state-controller.magmasi.wavelabs.in,8443] "POST /magma.orc8r.StateService/ReportStates HTTP/2" 200 5bytes 0.267s
Mar 10 15:30:09 localhost sctpd[922811]: I0310 15:30:09.863162 923283 sctp_connection.cpp:167] HandleClientSock sd = 70
Mar 10 15:30:09 localhost sctpd[922811]: I0310 15:30:09.863355 923283 sctp_connection.cpp:189] SCTP association change event received
Mar 10 15:30:09 localhost sctpd[922811]: I0310 15:30:09.864975 923283 sctp_connection.cpp:167] HandleClientSock sd = 70
Mar 10 15:30:09 localhost sctpd[922811]: I0310 15:30:09.865028 923283 sctp_connection.cpp:193] Unhandled notification type 32776
Mar 10 15:30:10 localhost smsd[922620]: INFO:root:mme non_eps_service_config is not SMS_ORC8R, sleeping.
Mar 10 15:30:13 localhost dnsmasq-dhcp[922714]: DHCPDISCOVER(eth1) fa:16:3e:2a:89:3f 
Mar 10 15:30:13 localhost dnsmasq-dhcp[922714]: DHCPOFFER(eth1) 172.16.7.251 fa:16:3e:2a:89:3f 
Mar 10 15:30:15 localhost smsd[922620]: INFO:root:mme non_eps_service_config is not SMS_ORC8R, sleeping.
Mar 10 15:30:16 localhost dhclient[601]: DHCPREQUEST for 172.16.5.121 on eth1 to 172.16.5.2 port 67 (xid=0x4b4058b5)
Mar 10 15:30:18 localhost control_proxy[922710]: 2022-03-10T15:30:17.946Z [127.0.0.1 -> state-controller.magmasi.wavelabs.in,8443] "POST /magma.orc8r.StateService/ReportStates HTTP/2" 200 5bytes 0.509s
Mar 10 15:30:18 localhost magmad[922453]: INFO:root:Checkin Successful! Successfully sent states to the cloud!
Mar 10 15:30:18 localhost sctpd[922811]: I0310 15:30:18.513126 923281 sctpd_downlink_impl.cpp:76] SctpdDownlinkImpl::SendDl starting
Mar 10 15:30:19 localhost sctpd[922811]: I0310 15:30:19.345616 923283 sctp_connection.cpp:167] HandleClientSock sd = 70
Mar 10 15:30:19 localhost sctpd[922811]: I0310 15:30:19.345764 923283 sctp_connection.cpp:220] [sd:70] msg of len 42 on 3633:0
Mar 10 15:30:19 localhost sctpd[922811]: I0310 15:30:19.348176 922817 sctpd_downlink_impl.cpp:76] SctpdDownlinkImpl::SendDl starting
Mar 10 15:30:19 localhost sctpd[922811]: I0310 15:30:19.348881 923283 sctp_connection.cpp:167] HandleClientSock sd = 70
Mar 10 15:30:19 localhost sctpd[922811]: I0310 15:30:19.348969 923283 sctp_connection.cpp:193] Unhandled notification type 32777
Mar 10 15:30:19 localhost sctpd[922811]: I0310 15:30:19.460274 923283 sctp_connection.cpp:167] HandleClientSock sd = 70
Mar 10 15:30:19 localhost sctpd[922811]: I0310 15:30:19.460378 923283 sctp_connection.cpp:220] [sd:70] msg of len 42 on 3633:0
Mar 10 15:30:19 localhost sctpd[922811]: I0310 15:30:19.462690 922817 sctpd_downlink_impl.cpp:76] SctpdDownlinkImpl::SendDl starting
Mar 10 15:30:19 localhost sctpd[922811]: I0310 15:30:19.586277 923283 sctp_connection.cpp:167] HandleClientSock sd = 70
Mar 10 15:30:19 localhost sctpd[922811]: I0310 15:30:19.586380 923283 sctp_connection.cpp:193] Unhandled notification type 32777
Mar 10 15:30:19 localhost sctpd[922811]: I0310 15:30:19.586398 923283 sctp_connection.cpp:167] HandleClientSock sd = 70
Mar 10 15:30:19 localhost sctpd[922811]: I0310 15:30:19.586421 923283 sctp_connection.cpp:220] [sd:70] msg of len 88 on 3633:1
Mar 10 15:30:19 localhost sctpd[922811]: I0310 15:30:19.603763 922817 sctpd_downlink_impl.cpp:76] SctpdDownlinkImpl::SendDl starting
Mar 10 15:30:19 localhost sctpd[922811]: I0310 15:30:19.700690 923283 sctp_connection.cpp:167] HandleClientSock sd = 70
Mar 10 15:30:19 localhost sctpd[922811]: I0310 15:30:19.700790 923283 sctp_connection.cpp:193] Unhandled notification type 32777
Mar 10 15:30:19 localhost sctpd[922811]: I0310 15:30:19.700810 923283 sctp_connection.cpp:167] HandleClientSock sd = 70
Mar 10 15:30:19 localhost sctpd[922811]: I0310 15:30:19.700834 923283 sctp_connection.cpp:220] [sd:70] msg of len 67 on 3633:1
Mar 10 15:30:19 localhost sctpd[922811]: I0310 15:30:19.705081 922817 sctpd_downlink_impl.cpp:76] SctpdDownlinkImpl::SendDl starting
Mar 10 15:30:19 localhost sctpd[922811]: I0310 15:30:19.808712 923283 sctp_connection.cpp:167] HandleClientSock sd = 70
Mar 10 15:30:19 localhost sctpd[922811]: I0310 15:30:19.808802 923283 sctp_connection.cpp:193] Unhandled notification type 32777
Mar 10 15:30:19 localhost sctpd[922811]: I0310 15:30:19.808820 923283 sctp_connection.cpp:167] HandleClientSock sd = 70
Mar 10 15:30:19 localhost sctpd[922811]: I0310 15:30:19.808841 923283 sctp_connection.cpp:220] [sd:70] msg of len 56 on 3633:1
Mar 10 15:30:19 localhost mme[923218]: [DEBUG] Sending S6A-UPDATE_LOCATION_REQUEST with IMSI: 222700000000001
Mar 10 15:30:19 localhost sctpd[922811]: I0310 15:30:19.815407 922817 sctpd_downlink_impl.cpp:76] SctpdDownlinkImpl::SendDl starting
Mar 10 15:30:19 localhost mme[923218]: [INFO] Received S6A-LOCATION-UPDATE_ANSWER for IMSI: 222700000000001; Status: ; StatusCode: 2001
Mar 10 15:30:19 localhost mme[923218]: [INFO] sent itti S6A-LOCATION-UPDATE_ANSWER for IMSI: 222700000000001
Mar 10 15:30:19 localhost sctpd[922811]: I0310 15:30:19.928234 923283 sctp_connection.cpp:167] HandleClientSock sd = 70
Mar 10 15:30:19 localhost sctpd[922811]: I0310 15:30:19.928326 923283 sctp_connection.cpp:193] Unhandled notification type 32777
Mar 10 15:30:19 localhost sctpd[922811]: I0310 15:30:19.928346 923283 sctp_connection.cpp:167] HandleClientSock sd = 70
Mar 10 15:30:19 localhost sctpd[922811]: I0310 15:30:19.928367 923283 sctp_connection.cpp:220] [sd:70] msg of len 22 on 3633:1
Mar 10 15:30:20 localhost sctpd[922811]: I0310 15:30:20.134908 923283 sctp_connection.cpp:167] HandleClientSock sd = 70
Mar 10 15:30:20 localhost sctpd[922811]: I0310 15:30:20.135011 923283 sctp_connection.cpp:220] [sd:70] msg of len 56 on 3633:1
Mar 10 15:30:20 localhost dnsmasq-dhcp[922714]: DHCPDISCOVER(eth1) fa:16:3e:2a:89:3f 
Mar 10 15:30:20 localhost dnsmasq-dhcp[922714]: DHCPOFFER(eth1) 172.16.7.251 fa:16:3e:2a:89:3f 
Mar 10 15:30:20 localhost smsd[922620]: INFO:root:mme non_eps_service_config is not SMS_ORC8R, sleeping.
Mar 10 15:30:21 localhost sctpd[922811]: I0310 15:30:21.099650 923283 sctp_connection.cpp:167] HandleClientSock sd = 70
Mar 10 15:30:21 localhost sctpd[922811]: I0310 15:30:21.099761 923283 sctp_connection.cpp:220] [sd:70] msg of len 70 on 3633:1
Mar 10 15:30:25 localhost mobilityd[922527]: INFO:root:Using GW info: {'default': {2: ('172.16.4.1', 'eth0')}, 2: [('172.16.4.1', 'eth0', True)]}
Mar 10 15:30:25 localhost mobilityd[922527]: INFO:root:GW-v6 probe: timer started
Mar 10 15:30:26 localhost smsd[922620]: INFO:root:mme non_eps_service_config is not SMS_ORC8R, sleeping.
Mar 10 15:30:27 localhost control_proxy[922710]: 2022-03-10T15:30:27.152Z [127.0.0.1 -> streamer-controller.magmasi.wavelabs.in,8443] "POST /magma.orc8r.Streamer/GetUpdates HTTP/2" 200 91bytes 0.531s
Mar 10 15:30:27 localhost policydb[922600]: INFO:root:Processing 2 policy updates (resync=True)
Mar 10 15:30:27 localhost control_proxy[922710]: 2022-03-10T15:30:27.152Z [127.0.0.1 -> streamer-controller.magmasi.wavelabs.in,8443] "POST /magma.orc8r.Streamer/GetUpdates HTTP/2" 200 7bytes 0.274s
Mar 10 15:30:27 localhost policydb[922600]: INFO:root:Processing 0 basename -> policy updates
Mar 10 15:30:28 localhost control_proxy[922710]: 2022-03-10T15:30:27.152Z [127.0.0.1 -> streamer-controller.magmasi.wavelabs.in,8443] "POST /magma.orc8r.Streamer/GetUpdates HTTP/2" 200 5113bytes 0.294s
Mar 10 15:30:28 localhost policydb[922600]: INFO:root:Processing 222 SID -> apn -> policy updates
Mar 10 15:30:28 localhost magmad[922453]: ERROR:root:Metrics upload error for service subscriberdb (chunk 0)! [StatusCode.DEADLINE_EXCEEDED] Deadline Exceeded
Mar 10 15:30:28 localhost magmad[922453]: ERROR:root:Metrics upload error for service mobilityd (chunk 0)! [StatusCode.DEADLINE_EXCEEDED] Deadline Exceeded
Mar 10 15:30:28 localhost magmad[922453]: ERROR:root:Metrics upload error for service mme (chunk 0)! [StatusCode.DEADLINE_EXCEEDED] Deadline Exceeded
Mar 10 15:30:28 localhost magmad[922453]: ERROR:root:Metrics upload error for service magmad (chunk 0)! [StatusCode.DEADLINE_EXCEEDED] Deadline Exceeded
Mar 10 15:30:28 localhost magmad[922453]: ERROR:root:Metrics upload error for service enodebd (chunk 0)! [StatusCode.DEADLINE_EXCEEDED] Deadline Exceeded
Mar 10 15:30:28 localhost magmad[922453]: ERROR:root:Metrics upload error for service pipelined (chunk 0)! [StatusCode.DEADLINE_EXCEEDED] Deadline Exceeded
Mar 10 15:30:28 localhost magmad[922453]: ERROR:root:Metrics upload error for service state (chunk 0)! [StatusCode.DEADLINE_EXCEEDED] Deadline Exceeded
Mar 10 15:30:28 localhost magmad[922453]: ERROR:root:Metrics upload error for service sessiond (chunk 0)! [StatusCode.DEADLINE_EXCEEDED] Deadline Exceeded
Mar 10 15:30:28 localhost control_proxy[922710]: 2022-03-10T15:30:28.267Z [127.0.0.1 -> streamer-controller.magmasi.wavelabs.in,8443] "POST /magma.orc8r.Streamer/GetUpdates HTTP/2" 200 7bytes 0.285s
Mar 10 15:30:28 localhost policydb[922600]: INFO:root:Processing 0 rating group updates
Mar 10 15:30:31 localhost smsd[922620]: INFO:root:mme non_eps_service_config is not SMS_ORC8R, sleeping.
Mar 10 15:30:31 localhost dnsmasq-dhcp[922714]: DHCPDISCOVER(eth1) fa:16:3e:2a:89:3f 
Mar 10 15:30:31 localhost dnsmasq-dhcp[922714]: DHCPOFFER(eth1) 172.16.7.251 fa:16:3e:2a:89:3f 
Mar 10 15:30:33 localhost sctpd[922811]: I0310 15:30:33.470346 923283 sctp_connection.cpp:167] HandleClientSock sd = 70
Mar 10 15:30:33 localhost sctpd[922811]: I0310 15:30:33.470449 923283 sctp_connection.cpp:185] SCTP_SHUTDOWN_EVENT received
Mar 10 15:30:33 localhost sctpd[922811]: I0310 15:30:33.470460 923283 sctp_connection.cpp:280] Sending close connection for assoc_id 3633
Mar 10 15:30:34 localhost sessiond[922532]: I0310 15:30:34.522938 922532 SetMessageManagerHandler.cpp:142] Release request for session from IMSI: IMSI222700000000001 pdu_id 1
Mar 10 15:30:34 localhost mobilityd[922527]: INFO:root:Released IP 192.168.128.194 for sid IMSI222700000000001
Mar 10 15:30:36 localhost smsd[922620]: INFO:root:mme non_eps_service_config is not SMS_ORC8R, sleeping.
Mar 10 15:30:37 localhost dhclient[601]: DHCPREQUEST for 172.16.5.121 on eth1 to 172.16.5.2 port 67 (xid=0x4b4058b5)
Mar 10 15:30:39 localhost policydb[922600]: INFO:root:Terminating session: IMSI222700000000001-225224
Mar 10 15:30:39 localhost eventd[922612]: DEBUG:root:Logging event: stream_name: "sessiond"
Mar 10 15:30:39 localhost eventd[922612]: event_type: "session_terminated"
Mar 10 15:30:39 localhost eventd[922612]: tag: "IMSI222700000000001"
Mar 10 15:30:39 localhost eventd[922612]: value: "{\"mac_addr\":\"\",\"user_location\":\"\",\"spgw_ip\":\"\",\"imei\":\"\",\"record_sequence_number\":1,\"pdp_end_time\":0,\"charging_rx\":0,\"duration\":-8589934594,\"ip_addr\":\"192.168.128.194\",\"monitoring_tx\":0,\"ipv6_addr\":\"\",\"msisdn\":\"\",\"apn\":\"default\",\"session_id\":\"IMSI222700000000001-225224\",\"list_of_service_data\":[],\"charging_characteristics\":\"\",\"total_tx\":0,\"cause_for_rec_closing\":0,\"imsi\":\"IMSI222700000000001\",\"total_rx\":0,\"monitoring_rx\":0,\"charging_tx\":0,\"pdp_start_time\":8589934594}"
Mar 10 15:30:39 localhost eventd[922612]: ERROR:root:Connection to FluentBit failed: [Errno 111] Connection refused
Mar 10 15:30:39 localhost eventd[922612]: INFO:root:FluentBit (td-agent-bit) may not be enabled or configured correctly
Mar 10 15:30:39 localhost sessiond[922532]: I0310 15:30:39.536733 922547 SessionEvents.cpp:291] Could not log session_terminated event {"mac_addr":"","user_location":"","spgw_ip":"","imei":"","record_sequence_number":1,"pdp_end_time":0,"charging_rx":0,"duration":-8589934594,"ip_addr":"192.168.128.194","monitoring_tx":0,"ipv6_addr":"","msisdn":"","apn":"default","session_id":"IMSI222700000000001-225224","list_of_service_data":[],"charging_characteristics":"","total_tx":0,"cause_for_rec_closing":0,"imsi":"IMSI222700000000001","total_rx":0,"monitoring_rx":0,"charging_tx":0,"pdp_start_time":8589934594}, Error Message: Could not connect to FluentBit locally, Details: [Errno 111] Connection refused
Mar 10 15:30:41 localhost smsd[922620]: INFO:root:mme non_eps_service_config is not SMS_ORC8R, sleeping.
Mar 10 15:30:42 localhost sctpd[922811]: I0310 15:30:42.546553 923283 sctp_connection.cpp:167] HandleClientSock sd = 71
Mar 10 15:30:42 localhost sctpd[922811]: I0310 15:30:42.546641 923283 sctp_connection.cpp:189] SCTP association change event received
Mar 10 15:30:42 localhost sctpd[922811]: I0310 15:30:42.547415 923283 sctp_connection.cpp:167] HandleClientSock sd = 71
Mar 10 15:30:42 localhost sctpd[922811]: I0310 15:30:42.547449 923283 sctp_connection.cpp:193] Unhandled notification type 32776
Mar 10 15:30:42 localhost sctpd[922811]: I0310 15:30:42.657606 923283 sctp_connection.cpp:167] HandleClientSock sd = 72
Mar 10 15:30:42 localhost sctpd[922811]: I0310 15:30:42.657693 923283 sctp_connection.cpp:189] SCTP association change event received
Mar 10 15:30:42 localhost sctpd[922811]: I0310 15:30:42.658509 923283 sctp_connection.cpp:167] HandleClientSock sd = 72
Mar 10 15:30:42 localhost sctpd[922811]: I0310 15:30:42.658563 923283 sctp_connection.cpp:193] Unhandled notification type 32776
Mar 10 15:30:43 localhost sctpd[922811]: I0310 15:30:43.713043 923283 sctp_connection.cpp:167] HandleClientSock sd = 71
Mar 10 15:30:43 localhost sctpd[922811]: I0310 15:30:43.713161 923283 sctp_connection.cpp:220] [sd:71] msg of len 42 on 3634:0
Mar 10 15:30:43 localhost sctpd[922811]: I0310 15:30:43.715375 923281 sctpd_downlink_impl.cpp:76] SctpdDownlinkImpl::SendDl starting
Mar 10 15:30:43 localhost sctpd[922811]: I0310 15:30:43.716137 923283 sctp_connection.cpp:167] HandleClientSock sd = 71
Mar 10 15:30:43 localhost sctpd[922811]: I0310 15:30:43.716225 923283 sctp_connection.cpp:193] Unhandled notification type 32777
Mar 10 15:30:43 localhost sctpd[922811]: I0310 15:30:43.825847 923283 sctp_connection.cpp:167] HandleClientSock sd = 72
Mar 10 15:30:43 localhost sctpd[922811]: I0310 15:30:43.825958 923283 sctp_connection.cpp:220] [sd:72] msg of len 42 on 3635:0
Mar 10 15:30:43 localhost sctpd[922811]: I0310 15:30:43.827832 922817 sctpd_downlink_impl.cpp:76] SctpdDownlinkImpl::SendDl starting
Mar 10 15:30:43 localhost sctpd[922811]: I0310 15:30:43.828343 923283 sctp_connection.cpp:167] HandleClientSock sd = 72
Mar 10 15:30:43 localhost sctpd[922811]: I0310 15:30:43.828384 923283 sctp_connection.cpp:193] Unhandled notification type 32777
Mar 10 15:30:43 localhost sctpd[922811]: I0310 15:30:43.943570 923283 sctp_connection.cpp:167] HandleClientSock sd = 72
Mar 10 15:30:43 localhost sctpd[922811]: I0310 15:30:43.943681 923283 sctp_connection.cpp:220] [sd:72] msg of len 88 on 3635:1
Mar 10 15:30:43 localhost sctpd[922811]: I0310 15:30:43.960139 922817 sctpd_downlink_impl.cpp:76] SctpdDownlinkImpl::SendDl starting
Mar 10 15:30:44 localhost sctpd[922811]: I0310 15:30:44.061499 923283 sctp_connection.cpp:167] HandleClientSock sd = 72
Mar 10 15:30:44 localhost sctpd[922811]: I0310 15:30:44.061597 923283 sctp_connection.cpp:193] Unhandled notification type 32777
Mar 10 15:30:44 localhost sctpd[922811]: I0310 15:30:44.061616 923283 sctp_connection.cpp:167] HandleClientSock sd = 72
Mar 10 15:30:44 localhost sctpd[922811]: I0310 15:30:44.061638 923283 sctp_connection.cpp:220] [sd:72] msg of len 67 on 3635:1
Mar 10 15:30:44 localhost sctpd[922811]: I0310 15:30:44.066221 922817 sctpd_downlink_impl.cpp:76] SctpdDownlinkImpl::SendDl starting
Mar 10 15:30:44 localhost sctpd[922811]: I0310 15:30:44.186141 923283 sctp_connection.cpp:167] HandleClientSock sd = 72
Mar 10 15:30:44 localhost sctpd[922811]: I0310 15:30:44.186303 923283 sctp_connection.cpp:193] Unhandled notification type 32777
Mar 10 15:30:44 localhost sctpd[922811]: I0310 15:30:44.186326 923283 sctp_connection.cpp:167] HandleClientSock sd = 72
Mar 10 15:30:44 localhost sctpd[922811]: I0310 15:30:44.186347 923283 sctp_connection.cpp:220] [sd:72] msg of len 56 on 3635:1
Mar 10 15:30:44 localhost mme[923218]: [DEBUG] Sending S6A-UPDATE_LOCATION_REQUEST with IMSI: 222700000000001
Mar 10 15:30:44 localhost sctpd[922811]: I0310 15:30:44.192337 922817 sctpd_downlink_impl.cpp:76] SctpdDownlinkImpl::SendDl starting
Mar 10 15:30:44 localhost mme[923218]: [INFO] Received S6A-LOCATION-UPDATE_ANSWER for IMSI: 222700000000001; Status: ; StatusCode: 2001
Mar 10 15:30:44 localhost mme[923218]: [INFO] sent itti S6A-LOCATION-UPDATE_ANSWER for IMSI: 222700000000001
Mar 10 15:30:44 localhost sctpd[922811]: I0310 15:30:44.294414 923283 sctp_connection.cpp:167] HandleClientSock sd = 72
Mar 10 15:30:44 localhost sctpd[922811]: I0310 15:30:44.294500 923283 sctp_connection.cpp:193] Unhandled notification type 32777
Mar 10 15:30:44 localhost sctpd[922811]: I0310 15:30:44.294519 923283 sctp_connection.cpp:167] HandleClientSock sd = 72
Mar 10 15:30:44 localhost sctpd[922811]: I0310 15:30:44.294540 923283 sctp_connection.cpp:220] [sd:72] msg of len 22 on 3635:1
Mar 10 15:30:44 localhost sctpd[922811]: I0310 15:30:44.503234 923283 sctp_connection.cpp:167] HandleClientSock sd = 72
Mar 10 15:30:44 localhost sctpd[922811]: I0310 15:30:44.503363 923283 sctp_connection.cpp:220] [sd:72] msg of len 56 on 3635:1
Mar 10 15:30:45 localhost dnsmasq-dhcp[922714]: DHCPDISCOVER(eth1) fa:16:3e:2a:89:3f 
Mar 10 15:30:45 localhost dnsmasq-dhcp[922714]: DHCPOFFER(eth1) 172.16.7.251 fa:16:3e:2a:89:3f 
Mar 10 15:30:45 localhost mobilityd[922527]: INFO:root:Using GW info: {'default': {2: ('172.16.4.1', 'eth0')}, 2: [('172.16.4.1', 'eth0', True)]}
Mar 10 15:30:45 localhost mobilityd[922527]: INFO:root:GW-v6 probe: timer started
Mar 10 15:30:46 localhost smsd[922620]: INFO:root:mme non_eps_service_config is not SMS_ORC8R, sleeping.
Mar 10 15:30:46 localhost dhclient[601]: DHCPREQUEST for 172.16.5.121 on eth1 to 172.16.5.2 port 67 (xid=0x4b4058b5)
Mar 10 15:30:46 localhost sctpd[922811]: I0310 15:30:46.520653 923283 sctp_connection.cpp:167] HandleClientSock sd = 72
Mar 10 15:30:46 localhost sctpd[922811]: I0310 15:30:46.520766 923283 sctp_connection.cpp:220] [sd:72] msg of len 82 on 3635:1
Mar 10 15:30:46 localhost mobilityd[922527]: INFO:root:Allocating the same IP 192.168.128.194 for sid IMSI222700000000001.default,ipv4
Mar 10 15:30:46 localhost mobilityd[922527]: INFO:root:Allocated IP 192.168.128.194 for sid IMSI222700000000001 for apn default
Mar 10 15:30:46 localhost policydb[922600]: INFO:root:Creating a session for subscriber ID: IMSI222700000000001
Mar 10 15:30:46 localhost sessiond[922532]: I0310 15:30:46.541935 922532 SetMessageManagerHandler.cpp:342] Processing a CreateSessionResponse for IMSI222700000000001-432910
Mar 10 15:30:46 localhost sessiond[922532]: I0310 15:30:46.542026 922532 SessionState.cpp:2774] RuleID allowlist_sid-IMSI222700000000001-default doesn't have a version registered for IMSI222700000000001-432910, this is unexpected
Mar 10 15:30:46 localhost mme[923218]: PDUSessionResourceSetupRequestTransfer ::= {
Mar 10 15:30:46 localhost mme[923218]:     protocolIEs: ProtocolIE-Container ::= {
Mar 10 15:30:46 localhost mme[923218]:         PDUSessionResourceSetupRequestTransferIEs ::= {
Mar 10 15:30:46 localhost mme[923218]:             id: 130
Mar 10 15:30:46 localhost mme[923218]:             criticality: 0 (reject)
Mar 10 15:30:46 localhost mme[923218]:             value: PDUSessionAggregateMaximumBitRate ::= {
Mar 10 15:30:46 localhost mme[923218]:                 pDUSessionAggregateMaximumBitRateDL: 100000000
Mar 10 15:30:46 localhost mme[923218]:                 pDUSessionAggregateMaximumBitRateUL: 100000000
Mar 10 15:30:46 localhost mme[923218]:             }
Mar 10 15:30:46 localhost mme[923218]:         }
Mar 10 15:30:46 localhost mme[923218]:         PDUSessionResourceSetupRequestTransferIEs ::= {
Mar 10 15:30:46 localhost mme[923218]:             id: 139
Mar 10 15:30:46 localhost mme[923218]:             criticality: 0 (reject)
Mar 10 15:30:46 localhost mme[923218]:             value: GTPTunnel ::= {
Mar 10 15:30:46 localhost mme[923218]:                 transportLayerAddress: AC 10 05 79
Mar 10 15:30:46 localhost mme[923218]:                 gTP-TEID: 80 00 00 07
Mar 10 15:30:46 localhost mme[923218]:             }
Mar 10 15:30:46 localhost mme[923218]:         }
Mar 10 15:30:46 localhost mme[923218]:         PDUSessionResourceSetupRequestTransferIEs ::= {
Mar 10 15:30:46 localhost mme[923218]:             id: 134
Mar 10 15:30:46 localhost mme[923218]:             criticality: 0 (reject)
Mar 10 15:30:46 localhost mme[923218]:             value: 0 (ipv4)
Mar 10 15:30:46 localhost mme[923218]:         }
Mar 10 15:30:46 localhost mme[923218]:         PDUSessionResourceSetupRequestTransferIEs ::= {
Mar 10 15:30:46 localhost mme[923218]:             id: 136
Mar 10 15:30:46 localhost mme[923218]:             criticality: 0 (reject)
Mar 10 15:30:46 localhost mme[923218]:             value: QosFlowSetupRequestList ::= {
Mar 10 15:30:46 localhost mme[923218]:                 QosFlowSetupRequestItem ::= {
Mar 10 15:30:46 localhost mme[923218]:                     qosFlowIdentifier: 9
Mar 10 15:30:46 localhost mme[923218]:                     qosFlowLevelQosParameters: QosFlowLevelQosParameters ::= {
Mar 10 15:30:46 localhost mme[923218]:                         qosCharacteristics: NonDynamic5QIDescriptor ::= {
Mar 10 15:30:46 localhost mme[923218]:                             fiveQI: 9
Mar 10 15:30:46 localhost mme[923218]:                         }
Mar 10 15:30:46 localhost mme[923218]:                         allocationAndRetentionPriority: AllocationAndRetentionPriority ::= {
Mar 10 15:30:46 localhost mme[923218]:                             priorityLevelARP: 15
Mar 10 15:30:46 localhost mme[923218]:                             pre-emptionCapability: 0 (shall-not-trigger-pre-emption)
Mar 10 15:30:46 localhost mme[923218]:                             pre-emptionVulnerability: 0 (not-pre-emptable)
Mar 10 15:30:46 localhost mme[923218]:                         }
Mar 10 15:30:46 localhost mme[923218]:                     }
Mar 10 15:30:46 localhost mme[923218]:                 }
Mar 10 15:30:46 localhost mme[923218]:             }
Mar 10 15:30:46 localhost mme[923218]:         }
Mar 10 15:30:46 localhost mme[923218]:     }
Mar 10 15:30:46 localhost mme[923218]: }
Mar 10 15:30:46 localhost sctpd[922811]: I0310 15:30:46.546612 922817 sctpd_downlink_impl.cpp:76] SctpdDownlinkImpl::SendDl starting
Mar 10 15:30:46 localhost sctpd[922811]: I0310 15:30:46.644767 923283 sctp_connection.cpp:167] HandleClientSock sd = 72
Mar 10 15:30:46 localhost sctpd[922811]: I0310 15:30:46.644861 923283 sctp_connection.cpp:193] Unhandled notification type 32777
Mar 10 15:30:46 localhost sctpd[922811]: I0310 15:30:46.644881 923283 sctp_connection.cpp:167] HandleClientSock sd = 72
Mar 10 15:30:46 localhost sctpd[922811]: I0310 15:30:46.644902 923283 sctp_connection.cpp:220] [sd:72] msg of len 43 on 3635:1
Mar 10 15:30:46 localhost sessiond[922532]: I0310 15:30:46.647917 922532 SessionStateEnforcer.cpp:869]  AMF teid: 40000000 ip address 10.10.10.11 of imsi: IMSI222700000000001 fteid: 2147483655 pdu id: 1 UE ip address 192.168.128.194
Mar 10 15:30:46 localhost eventd[922612]: DEBUG:root:Logging event: stream_name: "sessiond"
Mar 10 15:30:46 localhost eventd[922612]: event_type: "session_created"
Mar 10 15:30:46 localhost eventd[922612]: tag: "IMSI222700000000001"
Mar 10 15:30:46 localhost eventd[922612]: value: "{\"mac_addr\":\"\",\"user_location\":\"\",\"spgw_ip\":\"\",\"imei\":\"\",\"pdp_start_time\":8589934594,\"session_id\":\"IMSI222700000000001-432910\",\"apn\":\"default\",\"msisdn\":\"\",\"charging_characteristics\":\"\",\"ipv6_addr\":\"\",\"ip_addr\":\"192.168.128.194\",\"imsi\":\"IMSI222700000000001\"}"
Mar 10 15:30:46 localhost eventd[922612]: ERROR:root:Connection to FluentBit failed: [Errno 111] Connection refused
Mar 10 15:30:46 localhost eventd[922612]: INFO:root:FluentBit (td-agent-bit) may not be enabled or configured correctly
Mar 10 15:30:46 localhost sessiond[922532]: I0310 15:30:46.653280 922547 SessionEvents.cpp:131] Could not log session_created event {"mac_addr":"","user_location":"","spgw_ip":"","imei":"","pdp_start_time":8589934594,"session_id":"IMSI222700000000001-432910","apn":"default","msisdn":"","charging_characteristics":"","ipv6_addr":"","ip_addr":"192.168.128.194","imsi":"IMSI222700000000001"}, Error Message: Could not connect to FluentBit locally, Details: [Errno 111] Connection refused
Mar 10 15:30:48 localhost sctpd[922811]: I0310 15:30:48.858423 923283 sctp_connection.cpp:167] HandleClientSock sd = 72
Mar 10 15:30:48 localhost sctpd[922811]: I0310 15:30:48.858530 923283 sctp_connection.cpp:220] [sd:72] msg of len 74 on 3635:1
Mar 10 15:30:48 localhost mme[923218]: InitiatingMessage ::= {
Mar 10 15:30:48 localhost mme[923218]:     procedureCode: 28
Mar 10 15:30:48 localhost mme[923218]:     criticality: 1 (ignore)
Mar 10 15:30:48 localhost mme[923218]:     value: PDUSessionResourceReleaseCommand ::= {
Mar 10 15:30:48 localhost mme[923218]:         protocolIEs: ProtocolIE-Container ::= {
Mar 10 15:30:48 localhost mme[923218]:             PDUSessionResourceReleaseCommandIEs ::= {
Mar 10 15:30:48 localhost mme[923218]:                 id: 10
Mar 10 15:30:48 localhost mme[923218]:                 criticality: 0 (reject)
Mar 10 15:30:48 localhost mme[923218]:                 value: 63
Mar 10 15:30:48 localhost mme[923218]:             }
Mar 10 15:30:48 localhost mme[923218]:             PDUSessionResourceReleaseCommandIEs ::= {
Mar 10 15:30:48 localhost mme[923218]:                 id: 85
Mar 10 15:30:48 localhost mme[923218]:                 criticality: 0 (reject)
Mar 10 15:30:48 localhost mme[923218]:                 value: 4294967295
Mar 10 15:30:48 localhost mme[923218]:             }
Mar 10 15:30:48 localhost mme[923218]:             PDUSessionResourceReleaseCommandIEs ::= {
Mar 10 15:30:48 localhost mme[923218]:                 id: 38
Mar 10 15:30:48 localhost mme[923218]:                 criticality: 0 (reject)
Mar 10 15:30:48 localhost mme[923218]:                 value:
Mar 10 15:30:48 localhost mme[923218]:                     7E 01 46 6B E3 4F 03 7E 00 68 01 00 05 2E 01 01
Mar 10 15:30:48 localhost mme[923218]:                     D3 24 12 01
Mar 10 15:30:48 localhost mme[923218]:             }
Mar 10 15:30:48 localhost mme[923218]:             PDUSessionResourceReleaseCommandIEs ::= {
Mar 10 15:30:48 localhost mme[923218]:                 id: 79
Mar 10 15:30:48 localhost mme[923218]:                 criticality: 0 (reject)
Mar 10 15:30:48 localhost mme[923218]:                 value: PDUSessionResourceToReleaseListRelCmd ::= {
Mar 10 15:30:48 localhost mme[923218]:                 }
Mar 10 15:30:48 localhost mme[923218]:             }
Mar 10 15:30:48 localhost mme[923218]:         }
Mar 10 15:30:48 localhost mme[923218]:     }
Mar 10 15:30:48 localhost mme[923218]: }
Mar 10 15:30:48 localhost sctpd[922811]: I0310 15:30:48.864171 922817 sctpd_downlink_impl.cpp:76] SctpdDownlinkImpl::SendDl starting
Mar 10 15:30:48 localhost sctpd[922811]: I0310 15:30:48.917624 923283 sctp_connection.cpp:167] HandleClientSock sd = 72
Mar 10 15:30:48 localhost sctpd[922811]: I0310 15:30:48.917712 923283 sctp_connection.cpp:193] Unhandled notification type 32777
Mar 10 15:30:48 localhost sctpd[922811]: I0310 15:30:48.917732 923283 sctp_connection.cpp:167] HandleClientSock sd = 72
Mar 10 15:30:48 localhost sctpd[922811]: I0310 15:30:48.917752 923283 sctp_connection.cpp:220] [sd:72] msg of len 70 on 3635:1
Mar 10 15:30:51 localhost smsd[922620]: INFO:root:mme non_eps_service_config is not SMS_ORC8R, sleeping.
Mar 10 15:30:52 localhost dnsmasq-dhcp[922714]: DHCPDISCOVER(eth1) fa:16:3e:2a:89:3f 
Mar 10 15:30:52 localhost dnsmasq-dhcp[922714]: DHCPOFFER(eth1) 172.16.7.251 fa:16:3e:2a:89:3f 
Mar 10 15:30:56 localhost smsd[922620]: INFO:root:mme non_eps_service_config is not SMS_ORC8R, sleeping.
Mar 10 15:30:58 localhost dhclient[601]: DHCPREQUEST for 172.16.5.121 on eth1 to 172.16.5.2 port 67 (xid=0x4b4058b5)
Mar 10 15:31:01 localhost smsd[922620]: INFO:root:mme non_eps_service_config is not SMS_ORC8R, sleeping.
Mar 10 15:31:03 localhost dnsmasq-dhcp[922714]: DHCPDISCOVER(eth1) fa:16:3e:2a:89:3f 
Mar 10 15:31:03 localhost dnsmasq-dhcp[922714]: DHCPOFFER(eth1) 172.16.7.251 fa:16:3e:2a:89:3f 
Mar 10 15:31:04 localhost sctpd[922811]: I0310 15:31:04.876942 922817 sctpd_downlink_impl.cpp:76] SctpdDownlinkImpl::SendDl starting
Mar 10 15:31:05 localhost sctpd[922811]: I0310 15:31:05.079115 923283 sctp_connection.cpp:167] HandleClientSock sd = 72
Mar 10 15:31:05 localhost sctpd[922811]: I0310 15:31:05.079226 923283 sctp_connection.cpp:193] Unhandled notification type 32777
Mar 10 15:31:05 localhost mobilityd[922527]: INFO:root:Using GW info: {'default': {2: ('172.16.4.1', 'eth0')}, 2: [('172.16.4.1', 'eth0', True)]}
Mar 10 15:31:05 localhost mobilityd[922527]: INFO:root:GW-v6 probe: timer started
Mar 10 15:31:06 localhost magmad[922453]: INFO:root:[SyncRPC] Got heartBeat from cloud
Mar 10 15:31:06 localhost smsd[922620]: INFO:root:mme non_eps_service_config is not SMS_ORC8R, sleeping.
Mar 10 15:31:16 localhost smsd[922620]: message repeated 2 times: [ INFO:root:mme non_eps_service_config is not SMS_ORC8R, sleeping.]
Mar 10 15:31:16 localhost dhclient[601]: DHCPREQUEST for 172.16.5.121 on eth1 to 172.16.5.2 port 67 (xid=0x4b4058b5)
Mar 10 15:31:17 localhost dnsmasq-dhcp[922714]: DHCPDISCOVER(eth1) fa:16:3e:2a:89:3f 
Mar 10 15:31:17 localhost dnsmasq-dhcp[922714]: DHCPOFFER(eth1) 172.16.7.251 fa:16:3e:2a:89:3f 
Mar 10 15:31:19 localhost magmad[922453]: INFO:root:Setting logging level to INFO
Mar 10 15:31:20 localhost sctpd[922811]: I0310 15:31:20.893726 923281 sctpd_downlink_impl.cpp:76] SctpdDownlinkImpl::SendDl starting
Mar 10 15:31:21 localhost sctpd[922811]: I0310 15:31:21.094978 923283 sctp_connection.cpp:167] HandleClientSock sd = 72
Mar 10 15:31:21 localhost sctpd[922811]: I0310 15:31:21.095101 923283 sctp_connection.cpp:193] Unhandled notification type 32777
Mar 10 15:31:21 localhost smsd[922620]: INFO:root:mme non_eps_service_config is not SMS_ORC8R, sleeping.
Mar 10 15:31:25 localhost dnsmasq-dhcp[922714]: DHCPDISCOVER(eth1) fa:16:3e:2a:89:3f 
Mar 10 15:31:25 localhost dnsmasq-dhcp[922714]: DHCPOFFER(eth1) 172.16.7.251 fa:16:3e:2a:89:3f 
Mar 10 15:31:25 localhost mobilityd[922527]: INFO:root:Using GW info: {'default': {2: ('172.16.4.1', 'eth0')}, 2: [('172.16.4.1', 'eth0', True)]}
Mar 10 15:31:25 localhost mobilityd[922527]: INFO:root:GW-v6 probe: timer started
Mar 10 15:31:26 localhost smsd[922620]: INFO:root:mme non_eps_service_config is not SMS_ORC8R, sleeping.
Mar 10 15:31:29 localhost control_proxy[922710]: 2022-03-10T15:31:28.607Z [127.0.0.1 -> streamer-controller.magmasi.wavelabs.in,8443] "POST /magma.orc8r.Streamer/GetUpdates HTTP/2" 200 91bytes 0.523s
Mar 10 15:31:29 localhost policydb[922600]: INFO:root:Processing 2 policy updates (resync=True)
Mar 10 15:31:29 localhost control_proxy[922710]: 2022-03-10T15:31:29.134Z [127.0.0.1 -> streamer-controller.magmasi.wavelabs.in,8443] "POST /magma.orc8r.Streamer/GetUpdates HTTP/2" 200 7bytes 0.284s
Mar 10 15:31:29 localhost policydb[922600]: INFO:root:Processing 0 basename -> policy updates
Mar 10 15:31:29 localhost control_proxy[922710]: 2022-03-10T15:31:29.134Z [127.0.0.1 -> streamer-controller.magmasi.wavelabs.in,8443] "POST /magma.orc8r.Streamer/GetUpdates HTTP/2" 200 5113bytes 0.281s
Mar 10 15:31:29 localhost policydb[922600]: INFO:root:Processing 222 SID -> apn -> policy updates
Mar 10 15:31:29 localhost control_proxy[922710]: 2022-03-10T15:31:29.134Z [127.0.0.1 -> streamer-controller.magmasi.wavelabs.in,8443] "POST /magma.orc8r.Streamer/GetUpdates HTTP/2" 200 7bytes 0.266s
Mar 10 15:31:29 localhost policydb[922600]: INFO:root:Processing 0 rating group updates
Mar 10 15:31:31 localhost smsd[922620]: INFO:root:mme non_eps_service_config is not SMS_ORC8R, sleeping.
Mar 10 15:31:35 localhost dnsmasq-dhcp[922714]: DHCPDISCOVER(eth1) fa:16:3e:2a:89:3f 
Mar 10 15:31:35 localhost dnsmasq-dhcp[922714]: DHCPOFFER(eth1) 172.16.7.251 fa:16:3e:2a:89:3f 
Mar 10 15:31:36 localhost dhclient[601]: DHCPREQUEST for 172.16.5.121 on eth1 to 172.16.5.2 port 67 (xid=0x4b4058b5)
Mar 10 15:31:36 localhost smsd[922620]: INFO:root:mme non_eps_service_config is not SMS_ORC8R, sleeping.
Mar 10 15:31:36 localhost sctpd[922811]: I0310 15:31:36.910384 923281 sctpd_downlink_impl.cpp:76] SctpdDownlinkImpl::SendDl starting
Mar 10 15:31:37 localhost sctpd[922811]: I0310 15:31:37.114915 923283 sctp_connection.cpp:167] HandleClientSock sd = 72
Mar 10 15:31:37 localhost sctpd[922811]: I0310 15:31:37.115010 923283 sctp_connection.cpp:193] Unhandled notification type 32777
Mar 10 15:31:37 localhost magmad[922453]: ERROR:root:Metrics upload error for service subscriberdb (chunk 0)! [StatusCode.DEADLINE_EXCEEDED] Deadline Exceeded
Mar 10 15:31:37 localhost magmad[922453]: ERROR:root:Metrics upload error for service mobilityd (chunk 0)! [StatusCode.DEADLINE_EXCEEDED] Deadline Exceeded
Mar 10 15:31:37 localhost magmad[922453]: ERROR:root:Metrics upload error for service mme (chunk 0)! [StatusCode.DEADLINE_EXCEEDED] Deadline Exceeded
Mar 10 15:31:37 localhost magmad[922453]: ERROR:root:Metrics upload error for service magmad (chunk 0)! [StatusCode.DEADLINE_EXCEEDED] Deadline Exceeded
Mar 10 15:31:37 localhost magmad[922453]: ERROR:root:Metrics upload error for service enodebd (chunk 0)! [StatusCode.DEADLINE_EXCEEDED] Deadline Exceeded
Mar 10 15:31:37 localhost magmad[922453]: ERROR:root:Metrics upload error for service pipelined (chunk 0)! [StatusCode.DEADLINE_EXCEEDED] Deadline Exceeded
Mar 10 15:31:37 localhost magmad[922453]: ERROR:root:Metrics upload error for service state (chunk 0)! [StatusCode.DEADLINE_EXCEEDED] Deadline Exceeded
Mar 10 15:31:37 localhost magmad[922453]: ERROR:root:Metrics upload error for service sessiond (chunk 0)! [StatusCode.DEADLINE_EXCEEDED] Deadline Exceeded
Mar 10 15:31:37 localhost magmad[922453]: INFO:root:Checking for upgrade...
Mar 10 15:31:37 localhost magmad[922453]: WARNING:root:magmad package_version config missing or set to default 0.0.0-0, skipping upgrade
Mar 10 15:31:37 localhost control_proxy[922710]: 2022-03-10T15:31:37.516Z [127.0.0.1 -> state-controller.magmasi.wavelabs.in,8443] "POST /magma.orc8r.StateService/ReportStates HTTP/2" 200 5bytes 0.268s
Mar 10 15:31:37 localhost magmad[922453]: INFO:root:Checkin Successful! Successfully sent states to the cloud!
Mar 10 15:31:41 localhost smsd[922620]: INFO:root:mme non_eps_service_config is not SMS_ORC8R, sleeping.
Mar 10 15:31:45 localhost mobilityd[922527]: INFO:root:Using GW info: {'default': {2: ('172.16.4.1', 'eth0')}, 2: [('172.16.4.1', 'eth0', True)]}
Mar 10 15:31:45 localhost mobilityd[922527]: INFO:root:GW-v6 probe: timer started
Mar 10 15:31:46 localhost dhclient[601]: DHCPREQUEST for 172.16.5.121 on eth1 to 172.16.5.2 port 67 (xid=0x4b4058b5)
Mar 10 15:31:46 localhost smsd[922620]: INFO:root:mme non_eps_service_config is not SMS_ORC8R, sleeping.
Mar 10 15:31:49 localhost dnsmasq-dhcp[922714]: DHCPDISCOVER(eth1) fa:16:3e:2a:89:3f 
Mar 10 15:31:49 localhost dnsmasq-dhcp[922714]: DHCPOFFER(eth1) 172.16.7.251 fa:16:3e:2a:89:3f 
Mar 10 15:31:51 localhost smsd[922620]: INFO:root:mme non_eps_service_config is not SMS_ORC8R, sleeping.
Mar 10 15:31:52 localhost sctpd[922811]: I0310 15:31:52.926118 922817 sctpd_downlink_impl.cpp:76] SctpdDownlinkImpl::SendDl starting
Mar 10 15:31:53 localhost sctpd[922811]: I0310 15:31:53.131036 923283 sctp_connection.cpp:167] HandleClientSock sd = 72
Mar 10 15:31:53 localhost sctpd[922811]: I0310 15:31:53.131135 923283 sctp_connection.cpp:193] Unhandled notification type 32777
Mar 10 15:31:56 localhost smsd[922620]: INFO:root:mme non_eps_service_config is not SMS_ORC8R, sleeping.
Mar 10 15:31:57 localhost dnsmasq-dhcp[922714]: DHCPDISCOVER(eth1) fa:16:3e:2a:89:3f 
Mar 10 15:31:57 localhost dnsmasq-dhcp[922714]: DHCPOFFER(eth1) 172.16.7.251 fa:16:3e:2a:89:3f 
Mar 10 15:31:59 localhost sctpd[922811]: I0310 15:31:59.201452 923283 sctp_connection.cpp:167] HandleClientSock sd = 72
Mar 10 15:31:59 localhost sctpd[922811]: I0310 15:31:59.201561 923283 sctp_connection.cpp:220] [sd:72] msg of len 72 on 3635:1
Mar 10 15:31:59 localhost sctpd[922811]: I0310 15:31:59.403049 923283 sctp_connection.cpp:167] HandleClientSock sd = 72
Mar 10 15:31:59 localhost sctpd[922811]: I0310 15:31:59.403153 923283 sctp_connection.cpp:220] [sd:72] msg of len 70 on 3635:1
Mar 10 15:31:59 localhost sessiond[922532]: I0310 15:31:59.409096 922532 SetMessageManagerHandler.cpp:142] Release request for session from IMSI: IMSI222700000000001 pdu_id 1
Mar 10 15:31:59 localhost sctpd[922811]: I0310 15:31:59.409401 922817 sctpd_downlink_impl.cpp:76] SctpdDownlinkImpl::SendDl starting
Mar 10 15:31:59 localhost sctpd[922811]: I0310 15:31:59.410791 922817 sctpd_downlink_impl.cpp:76] SctpdDownlinkImpl::SendDl starting
Mar 10 15:31:59 localhost mobilityd[922527]: INFO:root:Released IP 192.168.128.194 for sid IMSI222700000000001
Mar 10 15:31:59 localhost policydb[922600]: INFO:root:Terminating session: IMSI222700000000001-432910
Mar 10 15:31:59 localhost eventd[922612]: DEBUG:root:Logging event: stream_name: "sessiond"
Mar 10 15:31:59 localhost eventd[922612]: event_type: "session_terminated"
Mar 10 15:31:59 localhost eventd[922612]: tag: "IMSI222700000000001"
