Apr 12 18:31:26 localhost sessiond[419471]: I0412 18:31:26.904718 419471 SetMessageManagerHandler.cpp:142] Release request for session from IMSI: IMSI222700000000001 pdu_id 2
Apr 12 18:31:26 localhost sessiond[419471]: I0412 18:31:26.906993 419471 SetMessageManagerHandler.cpp:142] Release request for session from IMSI: IMSI222700000000001 pdu_id 1
Apr 12 18:31:26 localhost mobilityd[419462]: INFO:root:Released IP 192.168.128.117 for sid IMSI222700000000001
Apr 12 18:31:26 localhost mobilityd[419462]: WARNING:root:IP not found in used list, check if IP is already released: <IMSI222700000000001.default,ipv4, 192.168.128.117>
Apr 12 18:31:26 localhost mme[420130]: ReleaseIPv4Address fails with code 5, msg: IP 192.168.128.117 not in use
Apr 12 18:31:26 localhost policydb[419541]: INFO:root:Terminating session: IMSI222700000000001-648102
Apr 12 18:31:26 localhost eventd[419546]: DEBUG:root:Logging event: stream_name: "sessiond"
Apr 12 18:31:26 localhost eventd[419546]: event_type: "session_terminated"
Apr 12 18:31:26 localhost eventd[419546]: tag: "IMSI222700000000001"
Apr 12 18:31:26 localhost eventd[419546]: value: "{\"mac_addr\":\"\",\"user_location\":\"\",\"spgw_ip\":\"\",\"imei\":\"\",\"record_sequence_number\":1,\"pdp_end_time\":0,\"charging_rx\":0,\"duration\":-1,\"ip_addr\":\"192.168.128.117\",\"monitoring_tx\":0,\"ipv6_addr\":\"\",\"msisdn\":\"\",\"apn\":\"default\",\"session_id\":\"IMSI222700000000001-648102\",\"list_of_service_data\":[],\"charging_characteristics\":\"\",\"total_tx\":0,\"cause_for_rec_closing\":0,\"imsi\":\"IMSI222700000000001\",\"total_rx\":0,\"monitoring_rx\":0,\"charging_tx\":0,\"pdp_start_time\":1}"
Apr 12 18:31:26 localhost eventd[419546]: ERROR:root:Connection to FluentBit failed: [Errno 111] Connection refused
Apr 12 18:31:26 localhost eventd[419546]: INFO:root:FluentBit (td-agent-bit) may not be enabled or configured correctly
Apr 12 18:31:26 localhost sessiond[419471]: I0412 18:31:26.927742 419484 SessionEvents.cpp:291] Could not log session_terminated event {"mac_addr":"","user_location":"","spgw_ip":"","imei":"","record_sequence_number":1,"pdp_end_time":0,"charging_rx":0,"duration":-1,"ip_addr":"192.168.128.117","monitoring_tx":0,"ipv6_addr":"","msisdn":"","apn":"default","session_id":"IMSI222700000000001-648102","list_of_service_data":[],"charging_characteristics":"","total_tx":0,"cause_for_rec_closing":0,"imsi":"IMSI222700000000001","total_rx":0,"monitoring_rx":0,"charging_tx":0,"pdp_start_time":1}, Error Message: Could not connect to FluentBit locally, Details: [Errno 111] Connection refused
Apr 12 18:31:26 localhost policydb[419541]: INFO:root:Terminating session: IMSI222700000000001-854053
Apr 12 18:31:26 localhost eventd[419546]: DEBUG:root:Logging event: stream_name: "sessiond"
Apr 12 18:31:26 localhost eventd[419546]: event_type: "session_terminated"
Apr 12 18:31:26 localhost eventd[419546]: tag: "IMSI222700000000001"
Apr 12 18:31:26 localhost eventd[419546]: value: "{\"mac_addr\":\"\",\"user_location\":\"\",\"spgw_ip\":\"\",\"imei\":\"\",\"record_sequence_number\":1,\"pdp_end_time\":0,\"charging_rx\":0,\"duration\":-1,\"ip_addr\":\"192.168.128.117\",\"monitoring_tx\":0,\"ipv6_addr\":\"\",\"msisdn\":\"\",\"apn\":\"default\",\"session_id\":\"IMSI222700000000001-854053\",\"list_of_service_data\":[],\"charging_characteristics\":\"\",\"total_tx\":0,\"cause_for_rec_closing\":0,\"imsi\":\"IMSI222700000000001\",\"total_rx\":0,\"monitoring_rx\":0,\"charging_tx\":0,\"pdp_start_time\":1}"
Apr 12 18:31:26 localhost eventd[419546]: ERROR:root:Connection to FluentBit failed: [Errno 111] Connection refused
Apr 12 18:31:26 localhost eventd[419546]: INFO:root:FluentBit (td-agent-bit) may not be enabled or configured correctly
Apr 12 18:31:26 localhost sessiond[419471]: I0412 18:31:26.929777 419484 SessionEvents.cpp:291] Could not log session_terminated event {"mac_addr":"","user_location":"","spgw_ip":"","imei":"","record_sequence_number":1,"pdp_end_time":0,"charging_rx":0,"duration":-1,"ip_addr":"192.168.128.117","monitoring_tx":0,"ipv6_addr":"","msisdn":"","apn":"default","session_id":"IMSI222700000000001-854053","list_of_service_data":[],"charging_characteristics":"","total_tx":0,"cause_for_rec_closing":0,"imsi":"IMSI222700000000001","total_rx":0,"monitoring_rx":0,"charging_tx":0,"pdp_start_time":1}, Error Message: Could not connect to FluentBit locally, Details: [Errno 111] Connection refused
Apr 12 18:31:27 localhost sctpd[419727]: I0412 18:31:27.157631 420169 sctp_connection.cpp:195] Unhandled notification type 32777
Apr 12 18:31:29 localhost dhclient[601]: DHCPREQUEST for 172.16.5.121 on eth1 to 255.255.255.255 port 67 (xid=0x6123bf67)
Apr 12 18:31:29 localhost smsd[419555]: INFO:root:mme non_eps_service_config is not SMS_ORC8R, sleeping.
Apr 12 18:31:31 localhost sessiond[419471]: I0412 18:31:31.910110 419471 SessionStateEnforcer.cpp:377] Nothing to remove as no respective entry found for session id IMSI222700000000001-648102 of IMSI IMSI222700000000001
Apr 12 18:31:31 localhost sessiond[419471]: I0412 18:31:31.910202 419471 SessionStateEnforcer.cpp:377] Nothing to remove as no respective entry found for session id IMSI222700000000001-854053 of IMSI IMSI222700000000001
Apr 12 18:31:34 localhost smsd[419555]: INFO:root:mme non_eps_service_config is not SMS_ORC8R, sleeping.
Apr 12 18:31:34 localhost mobilityd[419462]: INFO:root:Using GW info: {'default': {2: ('172.16.4.1', 'eth0')}, 2: [('172.16.4.1', 'eth0', True)]}
Apr 12 18:31:34 localhost mobilityd[419462]: INFO:root:GW-v6 probe: timer started
Apr 12 18:31:37 localhost dhclient[601]: DHCPREQUEST for 172.16.5.121 on eth1 to 255.255.255.255 port 67 (xid=0x6123bf67)
Apr 12 18:31:38 localhost control_proxy[419590]: 2022-04-12T18:31:37.774Z [127.0.0.1 -> streamer-controller.magmasi.wavelabs.in,8443] "POST /magma.orc8r.Streamer/GetUpdates HTTP/2" 200 173bytes 0.545s
Apr 12 18:31:38 localhost policydb[419541]: INFO:root:Processing 4 policy updates (resync=True)
Apr 12 18:31:38 localhost control_proxy[419590]: 2022-04-12T18:31:38.324Z [127.0.0.1 -> streamer-controller.magmasi.wavelabs.in,8443] "POST /magma.orc8r.Streamer/GetUpdates HTTP/2" 200 7bytes 0.273s
Apr 12 18:31:38 localhost policydb[419541]: INFO:root:Processing 0 basename -> policy updates
Apr 12 18:31:38 localhost control_proxy[419590]: 2022-04-12T18:31:38.324Z [127.0.0.1 -> streamer-controller.magmasi.wavelabs.in,8443] "POST /magma.orc8r.Streamer/GetUpdates HTTP/2" 200 13513bytes 0.301s
Apr 12 18:31:38 localhost policydb[419541]: INFO:root:Processing 222 SID -> apn -> policy updates
Apr 12 18:31:39 localhost control_proxy[419590]: 2022-04-12T18:31:38.324Z [127.0.0.1 -> streamer-controller.magmasi.wavelabs.in,8443] "POST /magma.orc8r.Streamer/GetUpdates HTTP/2" 200 7bytes 0.280s
Apr 12 18:31:39 localhost policydb[419541]: INFO:root:Processing 0 rating group updates
Apr 12 18:31:39 localhost smsd[419555]: INFO:root:mme non_eps_service_config is not SMS_ORC8R, sleeping.
Apr 12 18:31:44 localhost sctpd[419727]: I0412 18:31:44.418941 420169 sctp_connection.cpp:195] Unhandled notification type 32776
Apr 12 18:31:44 localhost smsd[419555]: INFO:root:mme non_eps_service_config is not SMS_ORC8R, sleeping.
Apr 12 18:31:45 localhost sctpd[419727]: I0412 18:31:45.481441 420169 sctp_connection.cpp:195] Unhandled notification type 32777
Apr 12 18:31:45 localhost sctpd[419727]: I0412 18:31:45.720578 420169 sctp_connection.cpp:195] Unhandled notification type 32777
Apr 12 18:31:45 localhost sctpd[419727]: I0412 18:31:45.840052 420169 sctp_connection.cpp:195] Unhandled notification type 32777
Apr 12 18:31:45 localhost sctpd[419727]: I0412 18:31:45.959497 420169 sctp_connection.cpp:195] Unhandled notification type 32777
Apr 12 18:31:45 localhost mme[420130]: [DEBUG] Sending S6A-UPDATE_LOCATION_REQUEST with IMSI: 222700000000001
Apr 12 18:31:45 localhost mme[420130]: [INFO] Received S6A-LOCATION-UPDATE_ANSWER for IMSI: 222700000000001; Status: ; StatusCode: 2001
Apr 12 18:31:45 localhost mme[420130]: [INFO] sent itti S6A-LOCATION-UPDATE_ANSWER for IMSI: 222700000000001
Apr 12 18:31:46 localhost sctpd[419727]: I0412 18:31:46.069299 420169 sctp_connection.cpp:195] Unhandled notification type 32777
Apr 12 18:31:47 localhost sctpd[419727]: I0412 18:31:47.464520 420169 sctp_connection.cpp:195] Unhandled notification type 32777
Apr 12 18:31:49 localhost smsd[419555]: INFO:root:mme non_eps_service_config is not SMS_ORC8R, sleeping.
Apr 12 18:31:49 localhost dhclient[601]: DHCPREQUEST for 172.16.5.121 on eth1 to 255.255.255.255 port 67 (xid=0x6123bf67)
Apr 12 18:31:54 localhost magmad[419393]: ERROR:root:Metrics upload error for service subscriberdb (chunk 0)! [StatusCode.DEADLINE_EXCEEDED] Deadline Exceeded
Apr 12 18:31:54 localhost magmad[419393]: ERROR:root:Metrics upload error for service mobilityd (chunk 0)! [StatusCode.DEADLINE_EXCEEDED] Deadline Exceeded
Apr 12 18:31:54 localhost magmad[419393]: ERROR:root:Metrics upload error for service mme (chunk 0)! [StatusCode.DEADLINE_EXCEEDED] Deadline Exceeded
Apr 12 18:31:54 localhost magmad[419393]: ERROR:root:Metrics upload error for service magmad (chunk 0)! [StatusCode.DEADLINE_EXCEEDED] Deadline Exceeded
Apr 12 18:31:54 localhost magmad[419393]: ERROR:root:Metrics upload error for service enodebd (chunk 0)! [StatusCode.DEADLINE_EXCEEDED] Deadline Exceeded
Apr 12 18:31:54 localhost magmad[419393]: ERROR:root:Metrics upload error for service pipelined (chunk 0)! [StatusCode.DEADLINE_EXCEEDED] Deadline Exceeded
Apr 12 18:31:54 localhost magmad[419393]: ERROR:root:Metrics upload error for service state (chunk 0)! [StatusCode.DEADLINE_EXCEEDED] Deadline Exceeded
Apr 12 18:31:54 localhost magmad[419393]: ERROR:root:Metrics upload error for service sessiond (chunk 0)! [StatusCode.DEADLINE_EXCEEDED] Deadline Exceeded
Apr 12 18:31:54 localhost smsd[419555]: INFO:root:mme non_eps_service_config is not SMS_ORC8R, sleeping.
Apr 12 18:31:54 localhost mobilityd[419462]: INFO:root:Using GW info: {'default': {2: ('172.16.4.1', 'eth0')}, 2: [('172.16.4.1', 'eth0', True)]}
Apr 12 18:31:54 localhost mobilityd[419462]: INFO:root:GW-v6 probe: timer started
Apr 12 18:31:59 localhost magmad[419393]: INFO:root:[SyncRPC] Got heartBeat from cloud
Apr 12 18:31:59 localhost smsd[419555]: INFO:root:mme non_eps_service_config is not SMS_ORC8R, sleeping.
Apr 12 18:32:00 localhost dhclient[601]: DHCPREQUEST for 172.16.5.121 on eth1 to 255.255.255.255 port 67 (xid=0x6123bf67)
Apr 12 18:32:04 localhost magmad[419393]: INFO:root:Setting logging level to INFO
Apr 12 18:32:04 localhost sctpd[419727]: I0412 18:32:04.763953 420169 sctp_connection.cpp:195] Unhandled notification type 32776
Apr 12 18:32:04 localhost smsd[419555]: INFO:root:mme non_eps_service_config is not SMS_ORC8R, sleeping.
Apr 12 18:32:05 localhost sctpd[419727]: I0412 18:32:05.826440 420169 sctp_connection.cpp:195] Unhandled notification type 32777
Apr 12 18:32:06 localhost sctpd[419727]: I0412 18:32:06.062387 420169 sctp_connection.cpp:195] Unhandled notification type 32777
Apr 12 18:32:06 localhost sctpd[419727]: I0412 18:32:06.181852 420169 sctp_connection.cpp:195] Unhandled notification type 32777
Apr 12 18:32:06 localhost mme[420130]: [DEBUG] Sending S6A-UPDATE_LOCATION_REQUEST with IMSI: 222700000000001
Apr 12 18:32:06 localhost mme[420130]: [INFO] Received S6A-LOCATION-UPDATE_ANSWER for IMSI: 222700000000001; Status: ; StatusCode: 2001
Apr 12 18:32:06 localhost mme[420130]: [INFO] sent itti S6A-LOCATION-UPDATE_ANSWER for IMSI: 222700000000001
Apr 12 18:32:06 localhost sctpd[419727]: I0412 18:32:06.388833 420169 sctp_connection.cpp:195] Unhandled notification type 32777
Apr 12 18:32:09 localhost smsd[419555]: INFO:root:mme non_eps_service_config is not SMS_ORC8R, sleeping.
Apr 12 18:32:12 localhost mme[420130]: [DEBUG] Sending S6A-UPDATE_LOCATION_REQUEST with IMSI: 222700000000001
Apr 12 18:32:12 localhost mme[420130]: [INFO] Received S6A-LOCATION-UPDATE_ANSWER for IMSI: 222700000000001; Status: ; StatusCode: 2001
Apr 12 18:32:12 localhost mme[420130]: [INFO] sent itti S6A-LOCATION-UPDATE_ANSWER for IMSI: 222700000000001
Apr 12 18:32:12 localhost sctpd[419727]: I0412 18:32:12.396737 420169 sctp_connection.cpp:195] Unhandled notification type 32777
Apr 12 18:32:14 localhost dhclient[601]: DHCPREQUEST for 172.16.5.121 on eth1 to 255.255.255.255 port 67 (xid=0x6123bf67)
Apr 12 18:32:14 localhost mobilityd[419462]: INFO:root:Using GW info: {'default': {2: ('172.16.4.1', 'eth0')}, 2: [('172.16.4.1', 'eth0', True)]}
Apr 12 18:32:14 localhost mobilityd[419462]: INFO:root:GW-v6 probe: timer started
Apr 12 18:32:14 localhost smsd[419555]: INFO:root:mme non_eps_service_config is not SMS_ORC8R, sleeping.
Apr 12 18:32:18 localhost mme[420130]: [DEBUG] Sending S6A-UPDATE_LOCATION_REQUEST with IMSI: 222700000000001
Apr 12 18:32:18 localhost mme[420130]: [INFO] Received S6A-LOCATION-UPDATE_ANSWER for IMSI: 222700000000001; Status: ; StatusCode: 2001
Apr 12 18:32:18 localhost mme[420130]: [INFO] sent itti S6A-LOCATION-UPDATE_ANSWER for IMSI: 222700000000001
Apr 12 18:32:19 localhost smsd[419555]: INFO:root:mme non_eps_service_config is not SMS_ORC8R, sleeping.
Apr 12 18:32:23 localhost control_proxy[419590]: 2022-04-12T18:32:22.856Z [127.0.0.1 -> state-controller.magmasi.wavelabs.in,8443] "POST /magma.orc8r.StateService/ReportStates HTTP/2" 200 5bytes 0.522s
Apr 12 18:32:23 localhost magmad[419393]: INFO:root:Checkin Successful! Successfully sent states to the cloud!
Apr 12 18:32:23 localhost sctpd[419727]: I0412 18:32:23.413105 420169 sctp_connection.cpp:195] Unhandled notification type 32776
Apr 12 18:32:24 localhost mme[420130]: [DEBUG] Sending S6A-UPDATE_LOCATION_REQUEST with IMSI: 222700000000001
Apr 12 18:32:24 localhost mme[420130]: [INFO] Received S6A-LOCATION-UPDATE_ANSWER for IMSI: 222700000000001; Status: ; StatusCode: 2001
Apr 12 18:32:24 localhost mme[420130]: [INFO] sent itti S6A-LOCATION-UPDATE_ANSWER for IMSI: 222700000000001
Apr 12 18:32:24 localhost sctpd[419727]: I0412 18:32:24.473677 420169 sctp_connection.cpp:195] Unhandled notification type 32777
Apr 12 18:32:24 localhost smsd[419555]: INFO:root:mme non_eps_service_config is not SMS_ORC8R, sleeping.
Apr 12 18:32:30 localhost smsd[419555]: INFO:root:mme non_eps_service_config is not SMS_ORC8R, sleeping.
Apr 12 18:32:30 localhost mme[420130]: [DEBUG] Sending S6A-UPDATE_LOCATION_REQUEST with IMSI: 222700000000001
Apr 12 18:32:30 localhost mme[420130]: [INFO] Received S6A-LOCATION-UPDATE_ANSWER for IMSI: 222700000000001; Status: ; StatusCode: 2001
Apr 12 18:32:30 localhost mme[420130]: [INFO] sent itti S6A-LOCATION-UPDATE_ANSWER for IMSI: 222700000000001
Apr 12 18:32:32 localhost dhclient[601]: DHCPREQUEST for 172.16.5.121 on eth1 to 255.255.255.255 port 67 (xid=0x6123bf67)
Apr 12 18:32:34 localhost mobilityd[419462]: INFO:root:Using GW info: {'default': {2: ('172.16.4.1', 'eth0')}, 2: [('172.16.4.1', 'eth0', True)]}
Apr 12 18:32:34 localhost mobilityd[419462]: INFO:root:GW-v6 probe: timer started
Apr 12 18:32:35 localhost smsd[419555]: INFO:root:mme non_eps_service_config is not SMS_ORC8R, sleeping.
Apr 12 18:32:37 localhost systemd[1]: Started Session 4194 of user ubuntu.
Apr 12 18:32:39 localhost control_proxy[419590]: 2022-04-12T18:32:39.251Z [127.0.0.1 -> streamer-controller.magmasi.wavelabs.in,8443] "POST /magma.orc8r.Streamer/GetUpdates HTTP/2" 200 173bytes 0.525s
Apr 12 18:32:39 localhost policydb[419541]: INFO:root:Processing 4 policy updates (resync=True)
Apr 12 18:32:40 localhost control_proxy[419590]: 2022-04-12T18:32:39.251Z [127.0.0.1 -> streamer-controller.magmasi.wavelabs.in,8443] "POST /magma.orc8r.Streamer/GetUpdates HTTP/2" 200 7bytes 0.272s
Apr 12 18:32:40 localhost policydb[419541]: INFO:root:Processing 0 basename -> policy updates
Apr 12 18:32:40 localhost smsd[419555]: INFO:root:mme non_eps_service_config is not SMS_ORC8R, sleeping.
Apr 12 18:32:40 localhost control_proxy[419590]: 2022-04-12T18:32:40.058Z [127.0.0.1 -> streamer-controller.magmasi.wavelabs.in,8443] "POST /magma.orc8r.Streamer/GetUpdates HTTP/2" 200 13513bytes 0.301s
Apr 12 18:32:40 localhost policydb[419541]: INFO:root:Processing 222 SID -> apn -> policy updates
Apr 12 18:32:40 localhost control_proxy[419590]: 2022-04-12T18:32:40.058Z [127.0.0.1 -> streamer-controller.magmasi.wavelabs.in,8443] "POST /magma.orc8r.Streamer/GetUpdates HTTP/2" 200 7bytes 0.267s
Apr 12 18:32:40 localhost policydb[419541]: INFO:root:Processing 0 rating group updates
