Apr 12 18:16:52 localhost sessiond[419471]: I0412 18:16:52.083796 419484 SessionEvents.cpp:291] Could not log session_terminated event {"mac_addr":"","user_location":"","spgw_ip":"","imei":"","record_sequence_number":1,"pdp_end_time":94801907678368,"charging_rx":0,"duration":-1008,"ip_addr":"192.168.128.105","monitoring_tx":0,"ipv6_addr":"","msisdn":"","apn":"default","session_id":"IMSI222700000000001-52204","list_of_service_data":[],"charging_characteristics":"","total_tx":0,"cause_for_rec_closing":0,"imsi":"IMSI222700000000001","total_rx":0,"monitoring_rx":0,"charging_tx":0,"pdp_start_time":94801907679376}, Error Message: Could not connect to FluentBit locally, Details: [Errno 111] Connection refused
Apr 12 18:16:54 localhost smsd[419555]: INFO:root:mme non_eps_service_config is not SMS_ORC8R, sleeping.
Apr 12 18:16:54 localhost control_proxy[419590]: 2022-04-12T18:15:54.431Z [127.0.0.1 -> streamer-controller.magmasi.wavelabs.in,8443] "POST /magma.orc8r.Streamer/GetUpdates HTTP/2" 200 0bytes 60.263s
Apr 12 18:16:54 localhost magmad[419393]: ERROR:root:Error! Streaming from the cloud failed! [StatusCode.ABORTED] error while streaming updates: rpc error: code = DeadlineExceeded desc = context deadline exceeded
Apr 12 18:16:54 localhost mobilityd[419462]: INFO:root:Using GW info: {'default': {2: ('172.16.4.1', 'eth0')}, 2: [('172.16.4.1', 'eth0', True)]}
Apr 12 18:16:54 localhost mobilityd[419462]: INFO:root:GW-v6 probe: timer started
Apr 12 18:16:55 localhost control_proxy[419590]: 2022-04-12T18:16:55.021Z [127.0.0.1 -> state-controller.magmasi.wavelabs.in,8443] "POST /magma.orc8r.StateService/ReportStates HTTP/2" 200 5bytes 0.264s
Apr 12 18:16:58 localhost dhclient[601]: DHCPREQUEST for 172.16.5.121 on eth1 to 255.255.255.255 port 67 (xid=0x6123bf67)
Apr 12 18:16:58 localhost magmad[419393]: ERROR:root:Metrics upload error for service subscriberdb (chunk 0)! [StatusCode.DEADLINE_EXCEEDED] Deadline Exceeded
Apr 12 18:16:58 localhost magmad[419393]: ERROR:root:Metrics upload error for service mobilityd (chunk 0)! [StatusCode.DEADLINE_EXCEEDED] Deadline Exceeded
Apr 12 18:16:58 localhost magmad[419393]: ERROR:root:Metrics upload error for service mme (chunk 0)! [StatusCode.DEADLINE_EXCEEDED] Deadline Exceeded
Apr 12 18:16:58 localhost magmad[419393]: ERROR:root:Metrics upload error for service magmad (chunk 0)! [StatusCode.DEADLINE_EXCEEDED] Deadline Exceeded
Apr 12 18:16:58 localhost magmad[419393]: ERROR:root:Metrics upload error for service enodebd (chunk 0)! [StatusCode.DEADLINE_EXCEEDED] Deadline Exceeded
Apr 12 18:16:58 localhost magmad[419393]: ERROR:root:Metrics upload error for service pipelined (chunk 0)! [StatusCode.DEADLINE_EXCEEDED] Deadline Exceeded
Apr 12 18:16:58 localhost magmad[419393]: ERROR:root:Metrics upload error for service state (chunk 0)! [StatusCode.DEADLINE_EXCEEDED] Deadline Exceeded
Apr 12 18:16:58 localhost magmad[419393]: ERROR:root:Metrics upload error for service sessiond (chunk 0)! [StatusCode.DEADLINE_EXCEEDED] Deadline Exceeded
Apr 12 18:16:59 localhost smsd[419555]: INFO:root:mme non_eps_service_config is not SMS_ORC8R, sleeping.
Apr 12 18:16:59 localhost magmad[419393]: INFO:root:[SyncRPC] Got heartBeat from cloud
Apr 12 18:17:01 localhost CRON[421833]: (root) CMD (   cd / && run-parts --report /etc/cron.hourly)
Apr 12 18:17:04 localhost sctpd[419727]: I0412 18:17:04.186353 420169 sctp_connection.cpp:195] Unhandled notification type 32776
Apr 12 18:17:04 localhost smsd[419555]: INFO:root:mme non_eps_service_config is not SMS_ORC8R, sleeping.
Apr 12 18:17:05 localhost sctpd[419727]: I0412 18:17:05.250556 420169 sctp_connection.cpp:195] Unhandled notification type 32777
Apr 12 18:17:05 localhost sctpd[419727]: I0412 18:17:05.481125 420169 sctp_connection.cpp:195] Unhandled notification type 32777
Apr 12 18:17:05 localhost sctpd[419727]: I0412 18:17:05.590394 420169 sctp_connection.cpp:195] Unhandled notification type 32777
Apr 12 18:17:05 localhost sctpd[419727]: I0412 18:17:05.713367 420169 sctp_connection.cpp:195] Unhandled notification type 32777
Apr 12 18:17:05 localhost mme[420130]: [DEBUG] Sending S6A-UPDATE_LOCATION_REQUEST with IMSI: 222700000000001
Apr 12 18:17:05 localhost mme[420130]: [INFO] Received S6A-LOCATION-UPDATE_ANSWER for IMSI: 222700000000001; Status: ; StatusCode: 2001
Apr 12 18:17:05 localhost mme[420130]: [INFO] sent itti S6A-LOCATION-UPDATE_ANSWER for IMSI: 222700000000001
Apr 12 18:17:05 localhost sctpd[419727]: I0412 18:17:05.832795 420169 sctp_connection.cpp:195] Unhandled notification type 32777
Apr 12 18:17:06 localhost mobilityd[419462]: INFO:root:Allocated IP 192.168.128.108 for sid IMSI222700000000001 for apn default
Apr 12 18:17:06 localhost policydb[419541]: INFO:root:Creating a session for subscriber ID: IMSI222700000000001
Apr 12 18:17:06 localhost sessiond[419471]: I0412 18:17:06.059846 419471 SetMessageManagerHandler.cpp:342] Processing a CreateSessionResponse for IMSI222700000000001-493128
Apr 12 18:17:06 localhost sessiond[419471]: I0412 18:17:06.059921 419471 SessionState.cpp:2774] RuleID allowlist_sid-IMSI222700000000001-default doesn't have a version registered for IMSI222700000000001-493128, this is unexpected
Apr 12 18:17:06 localhost mme[420130]: PDUSessionResourceSetupRequestTransfer ::= {
Apr 12 18:17:06 localhost mme[420130]:     protocolIEs: ProtocolIE-Container ::= {
Apr 12 18:17:06 localhost mme[420130]:         PDUSessionResourceSetupRequestTransferIEs ::= {
Apr 12 18:17:06 localhost mme[420130]:             id: 130
Apr 12 18:17:06 localhost mme[420130]:             criticality: 0 (reject)
Apr 12 18:17:06 localhost mme[420130]:             value: PDUSessionAggregateMaximumBitRate ::= {
Apr 12 18:17:06 localhost mme[420130]:                 pDUSessionAggregateMaximumBitRateDL: 100000000
Apr 12 18:17:06 localhost mme[420130]:                 pDUSessionAggregateMaximumBitRateUL: 100000000
Apr 12 18:17:06 localhost mme[420130]:             }
Apr 12 18:17:06 localhost mme[420130]:         }
Apr 12 18:17:06 localhost mme[420130]:         PDUSessionResourceSetupRequestTransferIEs ::= {
Apr 12 18:17:06 localhost mme[420130]:             id: 139
Apr 12 18:17:06 localhost mme[420130]:             criticality: 0 (reject)
Apr 12 18:17:06 localhost mme[420130]:             value: GTPTunnel ::= {
Apr 12 18:17:06 localhost mme[420130]:                 transportLayerAddress: AC 10 05 79
Apr 12 18:17:06 localhost mme[420130]:                 gTP-TEID: 80 00 00 03
Apr 12 18:17:06 localhost mme[420130]:             }
Apr 12 18:17:06 localhost mme[420130]:         }
Apr 12 18:17:06 localhost mme[420130]:         PDUSessionResourceSetupRequestTransferIEs ::= {
Apr 12 18:17:06 localhost mme[420130]:             id: 134
Apr 12 18:17:06 localhost mme[420130]:             criticality: 0 (reject)
Apr 12 18:17:06 localhost mme[420130]:             value: 0 (ipv4)
Apr 12 18:17:06 localhost mme[420130]:         }
Apr 12 18:17:06 localhost mme[420130]:         PDUSessionResourceSetupRequestTransferIEs ::= {
Apr 12 18:17:06 localhost mme[420130]:             id: 136
Apr 12 18:17:06 localhost mme[420130]:             criticality: 0 (reject)
Apr 12 18:17:06 localhost mme[420130]:             value: QosFlowSetupRequestList ::= {
Apr 12 18:17:06 localhost mme[420130]:                 QosFlowSetupRequestItem ::= {
Apr 12 18:17:06 localhost mme[420130]:                     qosFlowIdentifier: 9
Apr 12 18:17:06 localhost mme[420130]:                     qosFlowLevelQosParameters: QosFlowLevelQosParameters ::= {
Apr 12 18:17:06 localhost mme[420130]:                         qosCharacteristics: NonDynamic5QIDescriptor ::= {
Apr 12 18:17:06 localhost mme[420130]:                             fiveQI: 9
Apr 12 18:17:06 localhost mme[420130]:                         }
Apr 12 18:17:06 localhost mme[420130]:                         allocationAndRetentionPriority: AllocationAndRetentionPriority ::= {
Apr 12 18:17:06 localhost mme[420130]:                             priorityLevelARP: 15
Apr 12 18:17:06 localhost mme[420130]:                             pre-emptionCapability: 0 (shall-not-trigger-pre-emption)
Apr 12 18:17:06 localhost mme[420130]:                             pre-emptionVulnerability: 0 (not-pre-emptable)
Apr 12 18:17:06 localhost mme[420130]:                         }
Apr 12 18:17:06 localhost mme[420130]:                     }
Apr 12 18:17:06 localhost mme[420130]:                 }
Apr 12 18:17:06 localhost mme[420130]:             }
Apr 12 18:17:06 localhost mme[420130]:         }
Apr 12 18:17:06 localhost mme[420130]:     }
Apr 12 18:17:06 localhost mme[420130]: }
Apr 12 18:17:06 localhost sctpd[419727]: I0412 18:17:06.119832 420169 sctp_connection.cpp:195] Unhandled notification type 32777
Apr 12 18:17:06 localhost sessiond[419471]: I0412 18:17:06.121722 419471 SessionStateEnforcer.cpp:869]  AMF teid: 40000000 ip address 0.0.0.0 of imsi: IMSI222700000000001 fteid: 2147483651 pdu id: 1 UE ip address 192.168.128.108
Apr 12 18:17:06 localhost eventd[419546]: DEBUG:root:Logging event: stream_name: "sessiond"
Apr 12 18:17:06 localhost eventd[419546]: event_type: "session_created"
Apr 12 18:17:06 localhost eventd[419546]: tag: "IMSI222700000000001"
Apr 12 18:17:06 localhost eventd[419546]: value: "{\"mac_addr\":\"\",\"user_location\":\"\",\"spgw_ip\":\"\",\"imei\":\"\",\"pdp_start_time\":1,\"session_id\":\"IMSI222700000000001-493128\",\"apn\":\"default\",\"msisdn\":\"\",\"charging_characteristics\":\"\",\"ipv6_addr\":\"\",\"ip_addr\":\"192.168.128.108\",\"imsi\":\"IMSI222700000000001\"}"
Apr 12 18:17:06 localhost eventd[419546]: ERROR:root:Connection to FluentBit failed: [Errno 111] Connection refused
Apr 12 18:17:06 localhost eventd[419546]: INFO:root:FluentBit (td-agent-bit) may not be enabled or configured correctly
Apr 12 18:17:06 localhost sessiond[419471]: I0412 18:17:06.126325 419484 SessionEvents.cpp:131] Could not log session_created event {"mac_addr":"","user_location":"","spgw_ip":"","imei":"","pdp_start_time":1,"session_id":"IMSI222700000000001-493128","apn":"default","msisdn":"","charging_characteristics":"","ipv6_addr":"","ip_addr":"192.168.128.108","imsi":"IMSI222700000000001"}, Error Message: Could not connect to FluentBit locally, Details: [Errno 111] Connection refused
Apr 12 18:17:07 localhost sessiond[419471]: I0412 18:17:07.293879 419471 SetMessageManagerHandler.cpp:142] Release request for session from IMSI: IMSI222700000000001 pdu_id 1
Apr 12 18:17:07 localhost mobilityd[419462]: INFO:root:Released IP 192.168.128.108 for sid IMSI222700000000001
Apr 12 18:17:07 localhost eventd[419546]: DEBUG:root:Logging event: stream_name: "sessiond"
Apr 12 18:17:07 localhost eventd[419546]: event_type: "session_terminated"
Apr 12 18:17:07 localhost eventd[419546]: tag: "IMSI222700000000001"
Apr 12 18:17:07 localhost eventd[419546]: value: "{\"mac_addr\":\"\",\"user_location\":\"\",\"spgw_ip\":\"\",\"imei\":\"\",\"record_sequence_number\":1,\"pdp_end_time\":0,\"charging_rx\":0,\"duration\":-1,\"ip_addr\":\"192.168.128.108\",\"monitoring_tx\":0,\"ipv6_addr\":\"\",\"msisdn\":\"\",\"apn\":\"default\",\"session_id\":\"IMSI222700000000001-493128\",\"list_of_service_data\":[],\"charging_characteristics\":\"\",\"total_tx\":0,\"cause_for_rec_closing\":0,\"imsi\":\"IMSI222700000000001\",\"total_rx\":0,\"monitoring_rx\":0,\"charging_tx\":0,\"pdp_start_time\":1}"
Apr 12 18:17:07 localhost eventd[419546]: ERROR:root:Connection to FluentBit failed: [Errno 111] Connection refused
Apr 12 18:17:07 localhost eventd[419546]: INFO:root:FluentBit (td-agent-bit) may not be enabled or configured correctly
Apr 12 18:17:07 localhost sessiond[419471]: I0412 18:17:07.318581 419484 SessionEvents.cpp:291] Could not log session_terminated event {"mac_addr":"","user_location":"","spgw_ip":"","imei":"","record_sequence_number":1,"pdp_end_time":0,"charging_rx":0,"duration":-1,"ip_addr":"192.168.128.108","monitoring_tx":0,"ipv6_addr":"","msisdn":"","apn":"default","session_id":"IMSI222700000000001-493128","list_of_service_data":[],"charging_characteristics":"","total_tx":0,"cause_for_rec_closing":0,"imsi":"IMSI222700000000001","total_rx":0,"monitoring_rx":0,"charging_tx":0,"pdp_start_time":1}, Error Message: Could not connect to FluentBit locally, Details: [Errno 111] Connection refused
Apr 12 18:17:07 localhost policydb[419541]: INFO:root:Terminating session: IMSI222700000000001-493128
Apr 12 18:17:07 localhost sctpd[419727]: I0412 18:17:07.549180 420169 sctp_connection.cpp:195] Unhandled notification type 32777
Apr 12 18:17:09 localhost smsd[419555]: INFO:root:mme non_eps_service_config is not SMS_ORC8R, sleeping.
Apr 12 18:17:12 localhost sessiond[419471]: I0412 18:17:12.298426 419471 SessionStateEnforcer.cpp:377] Nothing to remove as no respective entry found for session id IMSI222700000000001-493128 of IMSI IMSI222700000000001
Apr 12 18:17:14 localhost smsd[419555]: INFO:root:mme non_eps_service_config is not SMS_ORC8R, sleeping.
Apr 12 18:17:14 localhost mobilityd[419462]: INFO:root:Using GW info: {'default': {2: ('172.16.4.1', 'eth0')}, 2: [('172.16.4.1', 'eth0', True)]}
Apr 12 18:17:14 localhost mobilityd[419462]: INFO:root:GW-v6 probe: timer started
Apr 12 18:17:16 localhost dhclient[601]: DHCPREQUEST for 172.16.5.121 on eth1 to 255.255.255.255 port 67 (xid=0x6123bf67)
Apr 12 18:17:19 localhost control_proxy[419590]: 2022-04-12T18:17:18.744Z [127.0.0.1 -> streamer-controller.magmasi.wavelabs.in,8443] "POST /magma.orc8r.Streamer/GetUpdates HTTP/2" 200 173bytes 0.521s
Apr 12 18:17:19 localhost policydb[419541]: INFO:root:Processing 4 policy updates (resync=True)
Apr 12 18:17:19 localhost control_proxy[419590]: 2022-04-12T18:17:19.270Z [127.0.0.1 -> streamer-controller.magmasi.wavelabs.in,8443] "POST /magma.orc8r.Streamer/GetUpdates HTTP/2" 200 7bytes 0.264s
Apr 12 18:17:19 localhost policydb[419541]: INFO:root:Processing 0 basename -> policy updates
Apr 12 18:17:19 localhost smsd[419555]: INFO:root:mme non_eps_service_config is not SMS_ORC8R, sleeping.
Apr 12 18:17:19 localhost control_proxy[419590]: 2022-04-12T18:17:19.270Z [127.0.0.1 -> streamer-controller.magmasi.wavelabs.in,8443] "POST /magma.orc8r.Streamer/GetUpdates HTTP/2" 200 13513bytes 0.297s
Apr 12 18:17:19 localhost policydb[419541]: INFO:root:Processing 222 SID -> apn -> policy updates
Apr 12 18:17:20 localhost control_proxy[419590]: 2022-04-12T18:17:19.270Z [127.0.0.1 -> streamer-controller.magmasi.wavelabs.in,8443] "POST /magma.orc8r.Streamer/GetUpdates HTTP/2" 200 7bytes 0.261s
Apr 12 18:17:20 localhost policydb[419541]: INFO:root:Processing 0 rating group updates
Apr 12 18:17:24 localhost sctpd[419727]: I0412 18:17:24.485399 420169 sctp_connection.cpp:195] Unhandled notification type 32776
Apr 12 18:17:24 localhost sctpd[419727]: I0412 18:17:24.671808 420169 sctp_connection.cpp:195] Unhandled notification type 32776
Apr 12 18:17:24 localhost smsd[419555]: INFO:root:mme non_eps_service_config is not SMS_ORC8R, sleeping.
Apr 12 18:17:25 localhost sctpd[419727]: I0412 18:17:25.730330 420169 sctp_connection.cpp:195] Unhandled notification type 32777
Apr 12 18:17:25 localhost sctpd[419727]: I0412 18:17:25.841990 420169 sctp_connection.cpp:195] Unhandled notification type 32777
Apr 12 18:17:26 localhost sctpd[419727]: I0412 18:17:26.074149 420169 sctp_connection.cpp:195] Unhandled notification type 32777
Apr 12 18:17:26 localhost sctpd[419727]: I0412 18:17:26.192617 420169 sctp_connection.cpp:195] Unhandled notification type 32777
Apr 12 18:17:26 localhost mme[420130]: [DEBUG] Sending S6A-UPDATE_LOCATION_REQUEST with IMSI: 222700000000001
Apr 12 18:17:26 localhost mme[420130]: [INFO] Received S6A-LOCATION-UPDATE_ANSWER for IMSI: 222700000000001; Status: ; StatusCode: 2001
Apr 12 18:17:26 localhost mme[420130]: [INFO] sent itti S6A-LOCATION-UPDATE_ANSWER for IMSI: 222700000000001
Apr 12 18:17:26 localhost sctpd[419727]: I0412 18:17:26.304760 420169 sctp_connection.cpp:195] Unhandled notification type 32777
Apr 12 18:17:28 localhost mobilityd[419462]: INFO:root:Allocated IP 192.168.128.109 for sid IMSI222700000000001 for apn default
Apr 12 18:17:28 localhost policydb[419541]: INFO:root:Creating a session for subscriber ID: IMSI222700000000001
Apr 12 18:17:28 localhost sessiond[419471]: I0412 18:17:28.551723 419471 SetMessageManagerHandler.cpp:342] Processing a CreateSessionResponse for IMSI222700000000001-181697
Apr 12 18:17:28 localhost sessiond[419471]: I0412 18:17:28.551872 419471 SessionState.cpp:2774] RuleID allowlist_sid-IMSI222700000000001-default doesn't have a version registered for IMSI222700000000001-181697, this is unexpected
Apr 12 18:17:28 localhost mme[420130]: PDUSessionResourceSetupRequestTransfer ::= {
Apr 12 18:17:28 localhost mme[420130]:     protocolIEs: ProtocolIE-Container ::= {
Apr 12 18:17:28 localhost mme[420130]:         PDUSessionResourceSetupRequestTransferIEs ::= {
Apr 12 18:17:28 localhost mme[420130]:             id: 130
Apr 12 18:17:28 localhost mme[420130]:             criticality: 0 (reject)
Apr 12 18:17:28 localhost mme[420130]:             value: PDUSessionAggregateMaximumBitRate ::= {
Apr 12 18:17:28 localhost mme[420130]:                 pDUSessionAggregateMaximumBitRateDL: 100000000
Apr 12 18:17:28 localhost mme[420130]:                 pDUSessionAggregateMaximumBitRateUL: 100000000
Apr 12 18:17:28 localhost mme[420130]:             }
Apr 12 18:17:28 localhost mme[420130]:         }
Apr 12 18:17:28 localhost mme[420130]:         PDUSessionResourceSetupRequestTransferIEs ::= {
Apr 12 18:17:28 localhost mme[420130]:             id: 139
Apr 12 18:17:28 localhost mme[420130]:             criticality: 0 (reject)
Apr 12 18:17:28 localhost mme[420130]:             value: GTPTunnel ::= {
Apr 12 18:17:28 localhost mme[420130]:                 transportLayerAddress: AC 10 05 79
Apr 12 18:17:28 localhost mme[420130]:                 gTP-TEID: 80 00 00 04
Apr 12 18:17:28 localhost mme[420130]:             }
Apr 12 18:17:28 localhost mme[420130]:         }
Apr 12 18:17:28 localhost mme[420130]:         PDUSessionResourceSetupRequestTransferIEs ::= {
Apr 12 18:17:28 localhost mme[420130]:             id: 134
Apr 12 18:17:28 localhost mme[420130]:             criticality: 0 (reject)
Apr 12 18:17:28 localhost mme[420130]:             value: 0 (ipv4)
Apr 12 18:17:28 localhost mme[420130]:         }
Apr 12 18:17:28 localhost mme[420130]:         PDUSessionResourceSetupRequestTransferIEs ::= {
Apr 12 18:17:28 localhost mme[420130]:             id: 136
Apr 12 18:17:28 localhost mme[420130]:             criticality: 0 (reject)
Apr 12 18:17:28 localhost mme[420130]:             value: QosFlowSetupRequestList ::= {
Apr 12 18:17:28 localhost mme[420130]:                 QosFlowSetupRequestItem ::= {
Apr 12 18:17:28 localhost mme[420130]:                     qosFlowIdentifier: 9
Apr 12 18:17:28 localhost mme[420130]:                     qosFlowLevelQosParameters: QosFlowLevelQosParameters ::= {
Apr 12 18:17:28 localhost mme[420130]:                         qosCharacteristics: NonDynamic5QIDescriptor ::= {
Apr 12 18:17:28 localhost mme[420130]:                             fiveQI: 9
Apr 12 18:17:28 localhost mme[420130]:                         }
Apr 12 18:17:28 localhost mme[420130]:                         allocationAndRetentionPriority: AllocationAndRetentionPriority ::= {
Apr 12 18:17:28 localhost mme[420130]:                             priorityLevelARP: 15
Apr 12 18:17:28 localhost mme[420130]:                             pre-emptionCapability: 0 (shall-not-trigger-pre-emption)
Apr 12 18:17:28 localhost mme[420130]:                             pre-emptionVulnerability: 0 (not-pre-emptable)
Apr 12 18:17:28 localhost mme[420130]:                         }
Apr 12 18:17:28 localhost mme[420130]:                     }
Apr 12 18:17:28 localhost mme[420130]:                 }
Apr 12 18:17:28 localhost mme[420130]:             }
Apr 12 18:17:28 localhost mme[420130]:         }
Apr 12 18:17:28 localhost mme[420130]:     }
Apr 12 18:17:28 localhost mme[420130]: }
Apr 12 18:17:28 localhost magmad[419393]: INFO:root:Setting logging level to INFO
Apr 12 18:17:28 localhost sctpd[419727]: I0412 18:17:28.645424 420169 sctp_connection.cpp:195] Unhandled notification type 32777
Apr 12 18:17:28 localhost sessiond[419471]: I0412 18:17:28.646935 419471 SessionStateEnforcer.cpp:869]  AMF teid: 40000000 ip address 10.10.10.11 of imsi: IMSI222700000000001 fteid: 2147483652 pdu id: 1 UE ip address 192.168.128.109
Apr 12 18:17:28 localhost eventd[419546]: DEBUG:root:Logging event: stream_name: "sessiond"
Apr 12 18:17:28 localhost eventd[419546]: event_type: "session_created"
Apr 12 18:17:28 localhost eventd[419546]: tag: "IMSI222700000000001"
Apr 12 18:17:28 localhost eventd[419546]: value: "{\"mac_addr\":\"\",\"user_location\":\"\",\"spgw_ip\":\"\",\"imei\":\"\",\"pdp_start_time\":1,\"session_id\":\"IMSI222700000000001-181697\",\"apn\":\"default\",\"msisdn\":\"\",\"charging_characteristics\":\"\",\"ipv6_addr\":\"\",\"ip_addr\":\"192.168.128.109\",\"imsi\":\"IMSI222700000000001\"}"
Apr 12 18:17:28 localhost eventd[419546]: ERROR:root:Connection to FluentBit failed: [Errno 111] Connection refused
Apr 12 18:17:28 localhost eventd[419546]: INFO:root:FluentBit (td-agent-bit) may not be enabled or configured correctly
Apr 12 18:17:28 localhost sessiond[419471]: I0412 18:17:28.649292 419484 SessionEvents.cpp:131] Could not log session_created event {"mac_addr":"","user_location":"","spgw_ip":"","imei":"","pdp_start_time":1,"session_id":"IMSI222700000000001-181697","apn":"default","msisdn":"","charging_characteristics":"","ipv6_addr":"","ip_addr":"192.168.128.109","imsi":"IMSI222700000000001"}, Error Message: Could not connect to FluentBit locally, Details: [Errno 111] Connection refused
Apr 12 18:17:29 localhost smsd[419555]: INFO:root:mme non_eps_service_config is not SMS_ORC8R, sleeping.
Apr 12 18:17:30 localhost mme[420130]: InitiatingMessage ::= {
Apr 12 18:17:30 localhost mme[420130]:     procedureCode: 28
Apr 12 18:17:30 localhost mme[420130]:     criticality: 1 (ignore)
Apr 12 18:17:30 localhost mme[420130]:     value: PDUSessionResourceReleaseCommand ::= {
Apr 12 18:17:30 localhost mme[420130]:         protocolIEs: ProtocolIE-Container ::= {
Apr 12 18:17:30 localhost mme[420130]:             PDUSessionResourceReleaseCommandIEs ::= {
Apr 12 18:17:30 localhost mme[420130]:                 id: 10
Apr 12 18:17:30 localhost mme[420130]:                 criticality: 0 (reject)
Apr 12 18:17:30 localhost mme[420130]:                 value: 45
Apr 12 18:17:30 localhost mme[420130]:             }
Apr 12 18:17:30 localhost mme[420130]:             PDUSessionResourceReleaseCommandIEs ::= {
Apr 12 18:17:30 localhost mme[420130]:                 id: 85
Apr 12 18:17:30 localhost mme[420130]:                 criticality: 0 (reject)
Apr 12 18:17:30 localhost mme[420130]:                 value: 4294967295
Apr 12 18:17:30 localhost mme[420130]:             }
Apr 12 18:17:30 localhost mme[420130]:             PDUSessionResourceReleaseCommandIEs ::= {
Apr 12 18:17:30 localhost mme[420130]:                 id: 38
Apr 12 18:17:30 localhost mme[420130]:                 criticality: 0 (reject)
Apr 12 18:17:30 localhost mme[420130]:                 value:
Apr 12 18:17:30 localhost mme[420130]:                     7E 01 35 B3 7F DD 03 7E 00 68 01 00 05 2E 01 01
Apr 12 18:17:30 localhost mme[420130]:                     D3 24 12 01
Apr 12 18:17:30 localhost mme[420130]:             }
Apr 12 18:17:30 localhost mme[420130]:             PDUSessionResourceReleaseCommandIEs ::= {
Apr 12 18:17:30 localhost mme[420130]:                 id: 79
Apr 12 18:17:30 localhost mme[420130]:                 criticality: 0 (reject)
Apr 12 18:17:30 localhost mme[420130]:                 value: PDUSessionResourceToReleaseListRelCmd ::= {
Apr 12 18:17:30 localhost mme[420130]:                 }
Apr 12 18:17:30 localhost mme[420130]:             }
Apr 12 18:17:30 localhost mme[420130]:         }
Apr 12 18:17:30 localhost mme[420130]:     }
Apr 12 18:17:30 localhost mme[420130]: }
Apr 12 18:17:30 localhost sctpd[419727]: I0412 18:17:30.931875 420169 sctp_connection.cpp:195] Unhandled notification type 32777
Apr 12 18:17:31 localhost sessiond[419471]: I0412 18:17:31.142387 419471 SetMessageManagerHandler.cpp:142] Release request for session from IMSI: IMSI222700000000001 pdu_id 1
Apr 12 18:17:31 localhost mobilityd[419462]: INFO:root:Released IP 192.168.128.109 for sid IMSI222700000000001
Apr 12 18:17:31 localhost policydb[419541]: INFO:root:Terminating session: IMSI222700000000001-181697
Apr 12 18:17:31 localhost eventd[419546]: DEBUG:root:Logging event: stream_name: "sessiond"
Apr 12 18:17:31 localhost eventd[419546]: event_type: "session_terminated"
Apr 12 18:17:31 localhost eventd[419546]: tag: "IMSI222700000000001"
Apr 12 18:17:31 localhost eventd[419546]: value: "{\"mac_addr\":\"\",\"user_location\":\"\",\"spgw_ip\":\"\",\"imei\":\"\",\"record_sequence_number\":1,\"pdp_end_time\":0,\"charging_rx\":0,\"duration\":-1,\"ip_addr\":\"192.168.128.109\",\"monitoring_tx\":0,\"ipv6_addr\":\"\",\"msisdn\":\"\",\"apn\":\"default\",\"session_id\":\"IMSI222700000000001-181697\",\"list_of_service_data\":[],\"charging_characteristics\":\"\",\"total_tx\":0,\"cause_for_rec_closing\":0,\"imsi\":\"IMSI222700000000001\",\"total_rx\":0,\"monitoring_rx\":0,\"charging_tx\":0,\"pdp_start_time\":1}"
Apr 12 18:17:31 localhost eventd[419546]: ERROR:root:Connection to FluentBit failed: [Errno 111] Connection refused
Apr 12 18:17:31 localhost eventd[419546]: INFO:root:FluentBit (td-agent-bit) may not be enabled or configured correctly
Apr 12 18:17:31 localhost sessiond[419471]: I0412 18:17:31.162648 419484 SessionEvents.cpp:291] Could not log session_terminated event {"mac_addr":"","user_location":"","spgw_ip":"","imei":"","record_sequence_number":1,"pdp_end_time":0,"charging_rx":0,"duration":-1,"ip_addr":"192.168.128.109","monitoring_tx":0,"ipv6_addr":"","msisdn":"","apn":"default","session_id":"IMSI222700000000001-181697","list_of_service_data":[],"charging_characteristics":"","total_tx":0,"cause_for_rec_closing":0,"imsi":"IMSI222700000000001","total_rx":0,"monitoring_rx":0,"charging_tx":0,"pdp_start_time":1}, Error Message: Could not connect to FluentBit locally, Details: [Errno 111] Connection refused
Apr 12 18:17:31 localhost sctpd[419727]: I0412 18:17:31.324823 420169 sctp_connection.cpp:195] Unhandled notification type 32777
Apr 12 18:17:34 localhost dhclient[601]: DHCPREQUEST for 172.16.5.121 on eth1 to 255.255.255.255 port 67 (xid=0x6123bf67)
Apr 12 18:17:34 localhost mobilityd[419462]: INFO:root:Using GW info: {'default': {2: ('172.16.4.1', 'eth0')}, 2: [('172.16.4.1', 'eth0', True)]}
Apr 12 18:17:34 localhost mobilityd[419462]: INFO:root:GW-v6 probe: timer started
Apr 12 18:17:34 localhost smsd[419555]: INFO:root:mme non_eps_service_config is not SMS_ORC8R, sleeping.
Apr 12 18:17:36 localhost sessiond[419471]: I0412 18:17:36.150534 419471 SessionStateEnforcer.cpp:377] Nothing to remove as no respective entry found for session id IMSI222700000000001-181697 of IMSI IMSI222700000000001
Apr 12 18:17:39 localhost smsd[419555]: INFO:root:mme non_eps_service_config is not SMS_ORC8R, sleeping.
Apr 12 18:17:44 localhost smsd[419555]: INFO:root:mme non_eps_service_config is not SMS_ORC8R, sleeping.
Apr 12 18:17:47 localhost control_proxy[419590]: 2022-04-12T18:17:47.081Z [127.0.0.1 -> state-controller.magmasi.wavelabs.in,8443] "POST /magma.orc8r.StateService/ReportStates HTTP/2" 200 5bytes 0.651s
Apr 12 18:17:47 localhost magmad[419393]: INFO:root:Checkin Successful! Successfully sent states to the cloud!
Apr 12 18:17:49 localhost smsd[419555]: INFO:root:mme non_eps_service_config is not SMS_ORC8R, sleeping.
Apr 12 18:17:50 localhost sctpd[419727]: I0412 18:17:50.340670 420169 sctp_connection.cpp:195] Unhandled notification type 32776
Apr 12 18:17:53 localhost dhclient[601]: DHCPREQUEST for 172.16.5.121 on eth1 to 255.255.255.255 port 67 (xid=0x6123bf67)
Apr 12 18:17:54 localhost mobilityd[419462]: INFO:root:Using GW info: {'default': {2: ('172.16.4.1', 'eth0')}, 2: [('172.16.4.1', 'eth0', True)]}
Apr 12 18:17:54 localhost mobilityd[419462]: INFO:root:GW-v6 probe: timer started
Apr 12 18:17:54 localhost smsd[419555]: INFO:root:mme non_eps_service_config is not SMS_ORC8R, sleeping.
Apr 12 18:17:59 localhost magmad[419393]: INFO:root:[SyncRPC] Got heartBeat from cloud
Apr 12 18:17:59 localhost smsd[419555]: INFO:root:mme non_eps_service_config is not SMS_ORC8R, sleeping.
Apr 12 18:18:01 localhost sctpd[419727]: I0412 18:18:01.018927 420169 sctp_connection.cpp:195] Unhandled notification type 32777
Apr 12 18:18:01 localhost sctpd[419727]: I0412 18:18:01.244541 420169 sctp_connection.cpp:195] Unhandled notification type 32777
Apr 12 18:18:01 localhost sctpd[419727]: I0412 18:18:01.358815 420169 sctp_connection.cpp:195] Unhandled notification type 32777
Apr 12 18:18:01 localhost sctpd[419727]: I0412 18:18:01.477345 420169 sctp_connection.cpp:195] Unhandled notification type 32777
Apr 12 18:18:01 localhost mme[420130]: [DEBUG] Sending S6A-UPDATE_LOCATION_REQUEST with IMSI: 222700000000001
Apr 12 18:18:01 localhost mme[420130]: [INFO] Received S6A-LOCATION-UPDATE_ANSWER for IMSI: 222700000000001; Status: ; StatusCode: 2001
Apr 12 18:18:01 localhost mme[420130]: [INFO] sent itti S6A-LOCATION-UPDATE_ANSWER for IMSI: 222700000000001
Apr 12 18:18:01 localhost sctpd[419727]: I0412 18:18:01.592866 420169 sctp_connection.cpp:195] Unhandled notification type 32777
Apr 12 18:18:03 localhost sctpd[419727]: I0412 18:18:03.016839 420169 sctp_connection.cpp:195] Unhandled notification type 32777
Apr 12 18:18:04 localhost subscriberdb[419460]: INFO:root:get digest stored in gateway:
Apr 12 18:18:04 localhost control_proxy[419590]: 2022-04-12T18:18:04.402Z [127.0.0.1 -> subscriberdb-controller.magmasi.wavelabs.in,8443] "POST /magma.lte.SubscriberDBCloud/CheckInSync HTTP/2" 200 0bytes 0.251s
Apr 12 18:18:04 localhost subscriberdb[419460]: ERROR:root:Internal Error in subscriberdb-Orc8r communication. If AGW and Orc8r are deployed at a commit hash, upgrade AGW and Orc8r to latest commit hash.
Apr 12 18:18:04 localhost control_proxy[419590]: 2022-04-12T18:18:04.402Z [127.0.0.1 -> subscriberdb-controller.magmasi.wavelabs.in,8443] "POST /magma.lte.SubscriberDBCloud/Sync HTTP/2" 200 0bytes 0.252s
Apr 12 18:18:04 localhost subscriberdb[419460]: ERROR:root:Internal Error in subscriberdb-Orc8r communication. If AGW and Orc8r are deployed at a commit hash, upgrade AGW and Orc8r to latest commit hash.
Apr 12 18:18:04 localhost smsd[419555]: INFO:root:mme non_eps_service_config is not SMS_ORC8R, sleeping.
Apr 12 18:18:05 localhost control_proxy[419590]: 2022-04-12T18:18:04.402Z [127.0.0.1 -> subscriberdb-controller.magmasi.wavelabs.in,8443] "POST /magma.lte.SubscriberDBCloud/ListSubscribers HTTP/2" 200 44088bytes 0.328s
Apr 12 18:18:05 localhost subscriberdb[419460]: INFO:root:Successfully fetched all subscriber pages from the cloud!
Apr 12 18:18:05 localhost subscriberdb[419460]: INFO:root:update root digest stored in gateway:
Apr 12 18:18:08 localhost dhclient[601]: DHCPREQUEST for 172.16.5.121 on eth1 to 255.255.255.255 port 67 (xid=0x6123bf67)
Apr 12 18:18:10 localhost smsd[419555]: INFO:root:mme non_eps_service_config is not SMS_ORC8R, sleeping.
Apr 12 18:18:14 localhost mobilityd[419462]: INFO:root:Using GW info: {'default': {2: ('172.16.4.1', 'eth0')}, 2: [('172.16.4.1', 'eth0', True)]}
Apr 12 18:18:14 localhost mobilityd[419462]: INFO:root:GW-v6 probe: timer started
Apr 12 18:18:15 localhost smsd[419555]: INFO:root:mme non_eps_service_config is not SMS_ORC8R, sleeping.
Apr 12 18:18:17 localhost magmad[419393]: ERROR:root:Metrics upload error for service subscriberdb (chunk 0)! [StatusCode.DEADLINE_EXCEEDED] Deadline Exceeded
Apr 12 18:18:17 localhost magmad[419393]: ERROR:root:Metrics upload error for service mobilityd (chunk 0)! [StatusCode.DEADLINE_EXCEEDED] Deadline Exceeded
Apr 12 18:18:17 localhost magmad[419393]: ERROR:root:Metrics upload error for service mme (chunk 0)! [StatusCode.DEADLINE_EXCEEDED] Deadline Exceeded
Apr 12 18:18:17 localhost magmad[419393]: ERROR:root:Metrics upload error for service magmad (chunk 0)! [StatusCode.DEADLINE_EXCEEDED] Deadline Exceeded
Apr 12 18:18:17 localhost magmad[419393]: ERROR:root:Metrics upload error for service enodebd (chunk 0)! [StatusCode.DEADLINE_EXCEEDED] Deadline Exceeded
Apr 12 18:18:17 localhost magmad[419393]: ERROR:root:Metrics upload error for service pipelined (chunk 0)! [StatusCode.DEADLINE_EXCEEDED] Deadline Exceeded
Apr 12 18:18:17 localhost magmad[419393]: ERROR:root:Metrics upload error for service state (chunk 0)! [StatusCode.DEADLINE_EXCEEDED] Deadline Exceeded
Apr 12 18:18:17 localhost magmad[419393]: ERROR:root:Metrics upload error for service sessiond (chunk 0)! [StatusCode.DEADLINE_EXCEEDED] Deadline Exceeded
Apr 12 18:18:19 localhost sctpd[419727]: I0412 18:18:19.720221 420169 sctp_connection.cpp:195] Unhandled notification type 32776
Apr 12 18:18:20 localhost smsd[419555]: INFO:root:mme non_eps_service_config is not SMS_ORC8R, sleeping.
Apr 12 18:18:20 localhost control_proxy[419590]: 2022-04-12T18:18:20.123Z [127.0.0.1 -> streamer-controller.magmasi.wavelabs.in,8443] "POST /magma.orc8r.Streamer/GetUpdates HTTP/2" 200 173bytes 0.527s
Apr 12 18:18:20 localhost policydb[419541]: INFO:root:Processing 4 policy updates (resync=True)
Apr 12 18:18:20 localhost sctpd[419727]: I0412 18:18:20.777667 420169 sctp_connection.cpp:195] Unhandled notification type 32777
Apr 12 18:18:20 localhost control_proxy[419590]: 2022-04-12T18:18:20.123Z [127.0.0.1 -> streamer-controller.magmasi.wavelabs.in,8443] "POST /magma.orc8r.Streamer/GetUpdates HTTP/2" 200 7bytes 0.267s
Apr 12 18:18:20 localhost policydb[419541]: INFO:root:Processing 0 basename -> policy updates
Apr 12 18:18:21 localhost sctpd[419727]: I0412 18:18:21.005899 420169 sctp_connection.cpp:195] Unhandled notification type 32777
Apr 12 18:18:21 localhost sctpd[419727]: I0412 18:18:21.212427 420169 sctp_connection.cpp:195] Unhandled notification type 32777
Apr 12 18:18:21 localhost control_proxy[419590]: 2022-04-12T18:18:20.123Z [127.0.0.1 -> streamer-controller.magmasi.wavelabs.in,8443] "POST /magma.orc8r.Streamer/GetUpdates HTTP/2" 200 13513bytes 0.290s
Apr 12 18:18:21 localhost policydb[419541]: INFO:root:Processing 222 SID -> apn -> policy updates
Apr 12 18:18:21 localhost control_proxy[419590]: 2022-04-12T18:18:21.221Z [127.0.0.1 -> streamer-controller.magmasi.wavelabs.in,8443] "POST /magma.orc8r.Streamer/GetUpdates HTTP/2" 200 7bytes 0.267s
Apr 12 18:18:21 localhost policydb[419541]: INFO:root:Processing 0 rating group updates
Apr 12 18:18:23 localhost dhclient[601]: DHCPREQUEST for 172.16.5.121 on eth1 to 255.255.255.255 port 67 (xid=0x6123bf67)
Apr 12 18:18:25 localhost smsd[419555]: INFO:root:mme non_eps_service_config is not SMS_ORC8R, sleeping.
Apr 12 18:18:27 localhost sctpd[419727]: I0412 18:18:27.216497 420169 sctp_connection.cpp:195] Unhandled notification type 32777
Apr 12 18:18:30 localhost smsd[419555]: INFO:root:mme non_eps_service_config is not SMS_ORC8R, sleeping.
Apr 12 18:18:31 localhost mme[420130]: [DEBUG] Sending S6A-UPDATE_LOCATION_REQUEST with IMSI: 222700000000001
Apr 12 18:18:31 localhost mme[420130]: [INFO] Received S6A-LOCATION-UPDATE_ANSWER for IMSI: 222700000000001; Status: ; StatusCode: 2001
Apr 12 18:18:31 localhost mme[420130]: [INFO] sent itti S6A-LOCATION-UPDATE_ANSWER for IMSI: 222700000000001
Apr 12 18:18:31 localhost sctpd[419727]: I0412 18:18:31.292569 420169 sctp_connection.cpp:195] Unhandled notification type 32777
Apr 12 18:18:34 localhost mobilityd[419462]: INFO:root:Using GW info: {'default': {2: ('172.16.4.1', 'eth0')}, 2: [('172.16.4.1', 'eth0', True)]}
Apr 12 18:18:34 localhost mobilityd[419462]: INFO:root:GW-v6 probe: timer started
Apr 12 18:18:35 localhost smsd[419555]: INFO:root:mme non_eps_service_config is not SMS_ORC8R, sleeping.
Apr 12 18:18:40 localhost smsd[419555]: INFO:root:mme non_eps_service_config is not SMS_ORC8R, sleeping.
Apr 12 18:18:43 localhost dhclient[601]: DHCPREQUEST for 172.16.5.121 on eth1 to 255.255.255.255 port 67 (xid=0x6123bf67)
Apr 12 18:18:45 localhost smsd[419555]: INFO:root:mme non_eps_service_config is not SMS_ORC8R, sleeping.
Apr 12 18:18:48 localhost sctpd[419727]: I0412 18:18:48.260224 420169 sctp_connection.cpp:195] Unhandled notification type 32776
Apr 12 18:18:48 localhost magmad[419393]: INFO:root:Setting logging level to INFO
Apr 12 18:18:49 localhost sctpd[419727]: I0412 18:18:49.322130 420169 sctp_connection.cpp:195] Unhandled notification type 32777
Apr 12 18:18:50 localhost smsd[419555]: INFO:root:mme non_eps_service_config is not SMS_ORC8R, sleeping.
Apr 12 18:18:52 localhost dhclient[601]: DHCPREQUEST for 172.16.5.121 on eth1 to 255.255.255.255 port 67 (xid=0x6123bf67)
Apr 12 18:18:54 localhost mobilityd[419462]: INFO:root:Using GW info: {'default': {2: ('172.16.4.1', 'eth0')}, 2: [('172.16.4.1', 'eth0', True)]}
Apr 12 18:18:54 localhost mobilityd[419462]: INFO:root:GW-v6 probe: timer started
Apr 12 18:18:55 localhost control_proxy[419590]: 2022-04-12T18:17:54.752Z [127.0.0.1 -> streamer-controller.magmasi.wavelabs.in,8443] "POST /magma.orc8r.Streamer/GetUpdates HTTP/2" 200 0bytes 60.257s
Apr 12 18:18:55 localhost magmad[419393]: ERROR:root:Error! Streaming from the cloud failed! [StatusCode.ABORTED] error while streaming updates: rpc error: code = DeadlineExceeded desc = context deadline exceeded
Apr 12 18:18:55 localhost smsd[419555]: INFO:root:mme non_eps_service_config is not SMS_ORC8R, sleeping.
Apr 12 18:18:59 localhost magmad[419393]: INFO:root:[SyncRPC] Got heartBeat from cloud
Apr 12 18:19:00 localhost smsd[419555]: INFO:root:mme non_eps_service_config is not SMS_ORC8R, sleeping.
Apr 12 18:19:05 localhost smsd[419555]: INFO:root:mme non_eps_service_config is not SMS_ORC8R, sleeping.
Apr 12 18:19:06 localhost dhclient[601]: DHCPREQUEST for 172.16.5.121 on eth1 to 255.255.255.255 port 67 (xid=0x6123bf67)
Apr 12 18:19:07 localhost control_proxy[419590]: 2022-04-12T18:19:06.869Z [127.0.0.1 -> state-controller.magmasi.wavelabs.in,8443] "POST /magma.orc8r.StateService/ReportStates HTTP/2" 200 5bytes 0.510s
Apr 12 18:19:07 localhost magmad[419393]: INFO:root:Checkin Successful! Successfully sent states to the cloud!
Apr 12 18:19:10 localhost smsd[419555]: INFO:root:mme non_eps_service_config is not SMS_ORC8R, sleeping.
Apr 12 18:19:11 localhost sctpd[419727]: I0412 18:19:11.440215 420169 sctp_connection.cpp:195] Unhandled notification type 32776
Apr 12 18:19:12 localhost sctpd[419727]: I0412 18:19:12.500808 420169 sctp_connection.cpp:195] Unhandled notification type 32777
Apr 12 18:19:14 localhost mobilityd[419462]: INFO:root:Using GW info: {'default': {2: ('172.16.4.1', 'eth0')}, 2: [('172.16.4.1', 'eth0', True)]}
Apr 12 18:19:14 localhost mobilityd[419462]: INFO:root:GW-v6 probe: timer started
Apr 12 18:19:15 localhost smsd[419555]: INFO:root:mme non_eps_service_config is not SMS_ORC8R, sleeping.
Apr 12 18:19:17 localhost magmad[419393]: ERROR:root:Metrics upload error for service subscriberdb (chunk 0)! [StatusCode.DEADLINE_EXCEEDED] Deadline Exceeded
Apr 12 18:19:17 localhost magmad[419393]: ERROR:root:Metrics upload error for service mobilityd (chunk 0)! [StatusCode.DEADLINE_EXCEEDED] Deadline Exceeded
Apr 12 18:19:17 localhost magmad[419393]: ERROR:root:Metrics upload error for service mme (chunk 0)! [StatusCode.DEADLINE_EXCEEDED] Deadline Exceeded
Apr 12 18:19:17 localhost magmad[419393]: ERROR:root:Metrics upload error for service magmad (chunk 0)! [StatusCode.DEADLINE_EXCEEDED] Deadline Exceeded
Apr 12 18:19:17 localhost magmad[419393]: ERROR:root:Metrics upload error for service enodebd (chunk 0)! [StatusCode.DEADLINE_EXCEEDED] Deadline Exceeded
Apr 12 18:19:17 localhost magmad[419393]: ERROR:root:Metrics upload error for service pipelined (chunk 0)! [StatusCode.DEADLINE_EXCEEDED] Deadline Exceeded
Apr 12 18:19:17 localhost magmad[419393]: ERROR:root:Metrics upload error for service state (chunk 0)! [StatusCode.DEADLINE_EXCEEDED] Deadline Exceeded
Apr 12 18:19:17 localhost magmad[419393]: ERROR:root:Metrics upload error for service sessiond (chunk 0)! [StatusCode.DEADLINE_EXCEEDED] Deadline Exceeded
Apr 12 18:19:20 localhost smsd[419555]: INFO:root:mme non_eps_service_config is not SMS_ORC8R, sleeping.
Apr 12 18:19:22 localhost control_proxy[419590]: 2022-04-12T18:19:21.504Z [127.0.0.1 -> streamer-controller.magmasi.wavelabs.in,8443] "POST /magma.orc8r.Streamer/GetUpdates HTTP/2" 200 173bytes 0.533s
Apr 12 18:19:22 localhost policydb[419541]: INFO:root:Processing 4 policy updates (resync=True)
Apr 12 18:19:22 localhost control_proxy[419590]: 2022-04-12T18:19:22.040Z [127.0.0.1 -> streamer-controller.magmasi.wavelabs.in,8443] "POST /magma.orc8r.Streamer/GetUpdates HTTP/2" 200 7bytes 0.270s
Apr 12 18:19:22 localhost policydb[419541]: INFO:root:Processing 0 basename -> policy updates
Apr 12 18:19:22 localhost control_proxy[419590]: 2022-04-12T18:19:22.040Z [127.0.0.1 -> streamer-controller.magmasi.wavelabs.in,8443] "POST /magma.orc8r.Streamer/GetUpdates HTTP/2" 200 13513bytes 0.337s
Apr 12 18:19:22 localhost policydb[419541]: INFO:root:Processing 222 SID -> apn -> policy updates
Apr 12 18:19:22 localhost control_proxy[419590]: 2022-04-12T18:19:22.040Z [127.0.0.1 -> streamer-controller.magmasi.wavelabs.in,8443] "POST /magma.orc8r.Streamer/GetUpdates HTTP/2" 200 7bytes 0.266s
Apr 12 18:19:22 localhost policydb[419541]: INFO:root:Processing 0 rating group updates
Apr 12 18:19:23 localhost dhclient[601]: DHCPREQUEST for 172.16.5.121 on eth1 to 255.255.255.255 port 67 (xid=0x6123bf67)
Apr 12 18:19:25 localhost smsd[419555]: INFO:root:mme non_eps_service_config is not SMS_ORC8R, sleeping.
Apr 12 18:19:30 localhost smsd[419555]: INFO:root:mme non_eps_service_config is not SMS_ORC8R, sleeping.
Apr 12 18:19:34 localhost sctpd[419727]: I0412 18:19:34.495743 420169 sctp_connection.cpp:195] Unhandled notification type 32776
Apr 12 18:19:34 localhost mobilityd[419462]: INFO:root:Using GW info: {'default': {2: ('172.16.4.1', 'eth0')}, 2: [('172.16.4.1', 'eth0', True)]}
Apr 12 18:19:34 localhost mobilityd[419462]: INFO:root:GW-v6 probe: timer started
Apr 12 18:19:35 localhost smsd[419555]: INFO:root:mme non_eps_service_config is not SMS_ORC8R, sleeping.
Apr 12 18:19:35 localhost sctpd[419727]: I0412 18:19:35.558111 420169 sctp_connection.cpp:195] Unhandled notification type 32777
Apr 12 18:19:36 localhost dhclient[601]: DHCPREQUEST for 172.16.5.121 on eth1 to 255.255.255.255 port 67 (xid=0x6123bf67)
Apr 12 18:19:40 localhost smsd[419555]: INFO:root:mme non_eps_service_config is not SMS_ORC8R, sleeping.
Apr 12 18:19:50 localhost smsd[419555]: message repeated 2 times: [ INFO:root:mme non_eps_service_config is not SMS_ORC8R, sleeping.]
Apr 12 18:19:54 localhost mobilityd[419462]: INFO:root:Using GW info: {'default': {2: ('172.16.4.1', 'eth0')}, 2: [('172.16.4.1', 'eth0', True)]}
Apr 12 18:19:54 localhost mobilityd[419462]: INFO:root:GW-v6 probe: timer started
Apr 12 18:19:55 localhost smsd[419555]: INFO:root:mme non_eps_service_config is not SMS_ORC8R, sleeping.
Apr 12 18:19:57 localhost dhclient[601]: DHCPREQUEST for 172.16.5.121 on eth1 to 255.255.255.255 port 67 (xid=0x6123bf67)
Apr 12 18:19:57 localhost sctpd[419727]: I0412 18:19:57.514001 420169 sctp_connection.cpp:195] Unhandled notification type 32776
Apr 12 18:19:58 localhost sctpd[419727]: I0412 18:19:58.573401 420169 sctp_connection.cpp:195] Unhandled notification type 32777
Apr 12 18:19:59 localhost magmad[419393]: INFO:root:[SyncRPC] Got heartBeat from cloud
Apr 12 18:20:00 localhost smsd[419555]: INFO:root:mme non_eps_service_config is not SMS_ORC8R, sleeping.
Apr 12 18:20:05 localhost smsd[419555]: INFO:root:mme non_eps_service_config is not SMS_ORC8R, sleeping.
Apr 12 18:20:07 localhost magmad[419393]: INFO:root:Setting logging level to INFO
Apr 12 18:20:10 localhost smsd[419555]: INFO:root:mme non_eps_service_config is not SMS_ORC8R, sleeping.
Apr 12 18:20:13 localhost dhclient[601]: DHCPREQUEST for 172.16.5.121 on eth1 to 255.255.255.255 port 67 (xid=0x6123bf67)
Apr 12 18:20:14 localhost mobilityd[419462]: INFO:root:Using GW info: {'default': {2: ('172.16.4.1', 'eth0')}, 2: [('172.16.4.1', 'eth0', True)]}
Apr 12 18:20:14 localhost mobilityd[419462]: INFO:root:GW-v6 probe: timer started
Apr 12 18:20:15 localhost sctpd[419727]: I0412 18:20:15.549424 420169 sctp_connection.cpp:195] Unhandled notification type 32776
Apr 12 18:20:15 localhost smsd[419555]: INFO:root:mme non_eps_service_config is not SMS_ORC8R, sleeping.
Apr 12 18:20:20 localhost dhclient[601]: DHCPREQUEST for 172.16.5.121 on eth1 to 255.255.255.255 port 67 (xid=0x6123bf67)
Apr 12 18:20:20 localhost smsd[419555]: INFO:root:mme non_eps_service_config is not SMS_ORC8R, sleeping.
Apr 12 18:20:23 localhost control_proxy[419590]: 2022-04-12T18:20:22.979Z [127.0.0.1 -> streamer-controller.magmasi.wavelabs.in,8443] "POST /magma.orc8r.Streamer/GetUpdates HTTP/2" 200 173bytes 0.526s
Apr 12 18:20:23 localhost policydb[419541]: INFO:root:Processing 4 policy updates (resync=True)
Apr 12 18:20:23 localhost control_proxy[419590]: 2022-04-12T18:20:23.509Z [127.0.0.1 -> streamer-controller.magmasi.wavelabs.in,8443] "POST /magma.orc8r.Streamer/GetUpdates HTTP/2" 200 7bytes 0.262s
Apr 12 18:20:23 localhost policydb[419541]: INFO:root:Processing 0 basename -> policy updates
Apr 12 18:20:24 localhost control_proxy[419590]: 2022-04-12T18:20:23.509Z [127.0.0.1 -> streamer-controller.magmasi.wavelabs.in,8443] "POST /magma.orc8r.Streamer/GetUpdates HTTP/2" 200 13513bytes 0.300s
Apr 12 18:20:24 localhost policydb[419541]: INFO:root:Processing 222 SID -> apn -> policy updates
Apr 12 18:20:24 localhost control_proxy[419590]: 2022-04-12T18:20:24.082Z [127.0.0.1 -> streamer-controller.magmasi.wavelabs.in,8443] "POST /magma.orc8r.Streamer/GetUpdates HTTP/2" 200 7bytes 0.261s
Apr 12 18:20:24 localhost policydb[419541]: INFO:root:Processing 0 rating group updates
Apr 12 18:20:25 localhost sctpd[419727]: I0412 18:20:25.670127 420169 sctp_connection.cpp:195] Unhandled notification type 32777
Apr 12 18:20:25 localhost smsd[419555]: INFO:root:mme non_eps_service_config is not SMS_ORC8R, sleeping.
Apr 12 18:20:25 localhost sctpd[419727]: I0412 18:20:25.897163 420169 sctp_connection.cpp:195] Unhandled notification type 32777
Apr 12 18:20:26 localhost magmad[419393]: ERROR:root:Metrics upload error for service subscriberdb (chunk 0)! [StatusCode.DEADLINE_EXCEEDED] Deadline Exceeded
Apr 12 18:20:26 localhost magmad[419393]: ERROR:root:Metrics upload error for service mobilityd (chunk 0)! [StatusCode.DEADLINE_EXCEEDED] Deadline Exceeded
Apr 12 18:20:26 localhost magmad[419393]: ERROR:root:Metrics upload error for service mme (chunk 0)! [StatusCode.DEADLINE_EXCEEDED] Deadline Exceeded
Apr 12 18:20:26 localhost magmad[419393]: ERROR:root:Metrics upload error for service magmad (chunk 0)! [StatusCode.DEADLINE_EXCEEDED] Deadline Exceeded
Apr 12 18:20:26 localhost magmad[419393]: ERROR:root:Metrics upload error for service enodebd (chunk 0)! [StatusCode.DEADLINE_EXCEEDED] Deadline Exceeded
Apr 12 18:20:26 localhost magmad[419393]: ERROR:root:Metrics upload error for service pipelined (chunk 0)! [StatusCode.DEADLINE_EXCEEDED] Deadline Exceeded
Apr 12 18:20:26 localhost magmad[419393]: ERROR:root:Metrics upload error for service state (chunk 0)! [StatusCode.DEADLINE_EXCEEDED] Deadline Exceeded
Apr 12 18:20:26 localhost magmad[419393]: ERROR:root:Metrics upload error for service sessiond (chunk 0)! [StatusCode.DEADLINE_EXCEEDED] Deadline Exceeded
Apr 12 18:20:26 localhost magmad[419393]: INFO:root:Checking for upgrade...
Apr 12 18:20:26 localhost magmad[419393]: WARNING:root:magmad package_version config missing or set to default 0.0.0-0, skipping upgrade
Apr 12 18:20:26 localhost control_proxy[419590]: 2022-04-12T18:20:26.467Z [127.0.0.1 -> state-controller.magmasi.wavelabs.in,8443] "POST /magma.orc8r.StateService/ReportStates HTTP/2" 200 5bytes 0.270s
Apr 12 18:20:26 localhost magmad[419393]: INFO:root:Checkin Successful! Successfully sent states to the cloud!
Apr 12 18:20:30 localhost smsd[419555]: INFO:root:mme non_eps_service_config is not SMS_ORC8R, sleeping.
Apr 12 18:20:34 localhost mobilityd[419462]: INFO:root:Using GW info: {'default': {2: ('172.16.4.1', 'eth0')}, 2: [('172.16.4.1', 'eth0', True)]}
Apr 12 18:20:34 localhost mobilityd[419462]: INFO:root:GW-v6 probe: timer started
Apr 12 18:20:34 localhost dhclient[601]: DHCPREQUEST for 172.16.5.121 on eth1 to 255.255.255.255 port 67 (xid=0x6123bf67)
Apr 12 18:20:35 localhost smsd[419555]: INFO:root:mme non_eps_service_config is not SMS_ORC8R, sleeping.
Apr 12 18:20:40 localhost smsd[419555]: INFO:root:mme non_eps_service_config is not SMS_ORC8R, sleeping.
Apr 12 18:20:43 localhost dhclient[601]: DHCPREQUEST for 172.16.5.121 on eth1 to 255.255.255.255 port 67 (xid=0x6123bf67)
Apr 12 18:20:45 localhost smsd[419555]: INFO:root:mme non_eps_service_config is not SMS_ORC8R, sleeping.
Apr 12 18:20:47 localhost sctpd[419727]: I0412 18:20:47.585943 420169 sctp_connection.cpp:195] Unhandled notification type 32776
Apr 12 18:20:47 localhost sctpd[419727]: I0412 18:20:47.725268 420169 sctp_connection.cpp:195] Unhandled notification type 32776
Apr 12 18:20:48 localhost sctpd[419727]: I0412 18:20:48.784556 420169 sctp_connection.cpp:195] Unhandled notification type 32777
Apr 12 18:20:48 localhost sctpd[419727]: I0412 18:20:48.898520 420169 sctp_connection.cpp:195] Unhandled notification type 32777
Apr 12 18:20:49 localhost sctpd[419727]: I0412 18:20:49.126818 420169 sctp_connection.cpp:195] Unhandled notification type 32777
Apr 12 18:20:49 localhost sctpd[419727]: I0412 18:20:49.240768 420169 sctp_connection.cpp:195] Unhandled notification type 32777
Apr 12 18:20:49 localhost mme[420130]: [DEBUG] Sending S6A-UPDATE_LOCATION_REQUEST with IMSI: 222700000000001
Apr 12 18:20:49 localhost mme[420130]: [INFO] Received S6A-LOCATION-UPDATE_ANSWER for IMSI: 222700000000001; Status: ; StatusCode: 2001
