May 13 15:47:03 localhost policydb[376726]: INFO:root:Processing 223 SID -> apn -> policy updates
May 13 15:47:03 localhost control_proxy[376827]: 2022-05-13T15:47:03.034Z [127.0.0.1 -> streamer-controller.magmasi.wavelabs.in,8443] "POST /magma.orc8r.Streamer/GetUpdates HTTP/2" 200 7bytes 0.280s
May 13 15:47:03 localhost policydb[376726]: INFO:root:Processing 0 rating group updates
May 13 15:47:04 localhost smsd[376744]: INFO:root:mme non_eps_service_config is not SMS_ORC8R, sleeping.
May 13 15:47:09 localhost smsd[376744]: INFO:root:mme non_eps_service_config is not SMS_ORC8R, sleeping.
May 13 15:47:13 localhost sctpd[376921]: I0513 15:47:13.556483 377415 sctp_connection.cpp:195] Unhandled notification type 32776
May 13 15:47:14 localhost smsd[376744]: INFO:root:mme non_eps_service_config is not SMS_ORC8R, sleeping.
May 13 15:47:17 localhost magmad[376581]: ERROR:root:Metrics upload error for service subscriberdb (chunk 0)! [StatusCode.DEADLINE_EXCEEDED] Deadline Exceeded
May 13 15:47:17 localhost magmad[376581]: ERROR:root:Metrics upload error for service mobilityd (chunk 0)! [StatusCode.DEADLINE_EXCEEDED] Deadline Exceeded
May 13 15:47:17 localhost magmad[376581]: ERROR:root:Metrics upload error for service mme (chunk 0)! [StatusCode.DEADLINE_EXCEEDED] Deadline Exceeded
May 13 15:47:17 localhost magmad[376581]: ERROR:root:Metrics upload error for service magmad (chunk 0)! [StatusCode.DEADLINE_EXCEEDED] Deadline Exceeded
May 13 15:47:17 localhost magmad[376581]: ERROR:root:Metrics upload error for service enodebd (chunk 0)! [StatusCode.DEADLINE_EXCEEDED] Deadline Exceeded
May 13 15:47:17 localhost magmad[376581]: ERROR:root:Metrics upload error for service pipelined (chunk 0)! [StatusCode.DEADLINE_EXCEEDED] Deadline Exceeded
May 13 15:47:17 localhost magmad[376581]: ERROR:root:Metrics upload error for service state (chunk 0)! [StatusCode.DEADLINE_EXCEEDED] Deadline Exceeded
May 13 15:47:17 localhost magmad[376581]: ERROR:root:Metrics upload error for service sessiond (chunk 0)! [StatusCode.DEADLINE_EXCEEDED] Deadline Exceeded
May 13 15:47:19 localhost smsd[376744]: INFO:root:mme non_eps_service_config is not SMS_ORC8R, sleeping.
May 13 15:47:19 localhost mobilityd[376653]: INFO:root:Using GW info: {'default': {2: ('172.16.4.1', 'eth0')}, 2: [('172.16.4.1', 'eth0', True)]}
May 13 15:47:19 localhost mobilityd[376653]: INFO:root:GW-v6 probe: timer started
May 13 15:47:19 localhost magmad[376581]: INFO:root:[SyncRPC] Got heartBeat from cloud
May 13 15:47:22 localhost control_proxy[376827]: 2022-05-13T15:46:21.999Z [127.0.0.1 -> streamer-controller.magmasi.wavelabs.in,8443] "POST /magma.orc8r.Streamer/GetUpdates HTTP/2" 200 0bytes 60.276s
May 13 15:47:22 localhost magmad[376581]: ERROR:root:Error! Streaming from the cloud failed! [StatusCode.ABORTED] error while streaming updates: rpc error: code = DeadlineExceeded desc = context deadline exceeded
May 13 15:47:24 localhost smsd[376744]: INFO:root:mme non_eps_service_config is not SMS_ORC8R, sleeping.
May 13 15:47:29 localhost subscriberdb[376651]: INFO:root:get digest stored in gateway:
May 13 15:47:29 localhost smsd[376744]: INFO:root:mme non_eps_service_config is not SMS_ORC8R, sleeping.
May 13 15:47:29 localhost control_proxy[376827]: 2022-05-13T15:47:29.005Z [127.0.0.1 -> subscriberdb-controller.magmasi.wavelabs.in,8443] "POST /magma.lte.SubscriberDBCloud/CheckInSync HTTP/2" 200 0bytes 0.529s
May 13 15:47:29 localhost subscriberdb[376651]: ERROR:root:Internal Error in subscriberdb-Orc8r communication. If AGW and Orc8r are deployed at a commit hash, upgrade AGW and Orc8r to latest commit hash.
May 13 15:47:29 localhost control_proxy[376827]: 2022-05-13T15:47:29.005Z [127.0.0.1 -> subscriberdb-controller.magmasi.wavelabs.in,8443] "POST /magma.lte.SubscriberDBCloud/Sync HTTP/2" 200 0bytes 0.265s
May 13 15:47:29 localhost subscriberdb[376651]: ERROR:root:Internal Error in subscriberdb-Orc8r communication. If AGW and Orc8r are deployed at a commit hash, upgrade AGW and Orc8r to latest commit hash.
May 13 15:47:30 localhost control_proxy[376827]: 2022-05-13T15:47:29.005Z [127.0.0.1 -> subscriberdb-controller.magmasi.wavelabs.in,8443] "POST /magma.lte.SubscriberDBCloud/ListSubscribers HTTP/2" 200 44653bytes 0.384s
May 13 15:47:30 localhost subscriberdb[376651]: INFO:root:Successfully fetched all subscriber pages from the cloud!
May 13 15:47:30 localhost subscriberdb[376651]: INFO:root:update root digest stored in gateway:
May 13 15:47:34 localhost smsd[376744]: INFO:root:mme non_eps_service_config is not SMS_ORC8R, sleeping.
May 13 15:47:37 localhost sctpd[376921]: I0513 15:47:37.120092 377415 sctp_connection.cpp:195] Unhandled notification type 32776
May 13 15:47:39 localhost mobilityd[376653]: INFO:root:Using GW info: {'default': {2: ('172.16.4.1', 'eth0')}, 2: [('172.16.4.1', 'eth0', True)]}
May 13 15:47:39 localhost mobilityd[376653]: INFO:root:GW-v6 probe: timer started
May 13 15:47:39 localhost smsd[376744]: INFO:root:mme non_eps_service_config is not SMS_ORC8R, sleeping.
May 13 15:47:44 localhost smsd[376744]: INFO:root:mme non_eps_service_config is not SMS_ORC8R, sleeping.
May 13 15:47:46 localhost magmad[376581]: INFO:root:Setting logging level to INFO
May 13 15:47:49 localhost smsd[376744]: INFO:root:mme non_eps_service_config is not SMS_ORC8R, sleeping.
May 13 15:47:54 localhost smsd[376744]: INFO:root:mme non_eps_service_config is not SMS_ORC8R, sleeping.
May 13 15:47:59 localhost mobilityd[376653]: INFO:root:Using GW info: {'default': {2: ('172.16.4.1', 'eth0')}, 2: [('172.16.4.1', 'eth0', True)]}
May 13 15:47:59 localhost mobilityd[376653]: INFO:root:GW-v6 probe: timer started
May 13 15:47:59 localhost smsd[376744]: INFO:root:mme non_eps_service_config is not SMS_ORC8R, sleeping.
May 13 15:48:01 localhost systemd[1]: session-116.scope: Succeeded.
May 13 15:48:04 localhost control_proxy[376827]: 2022-05-13T15:48:03.700Z [127.0.0.1 -> streamer-controller.magmasi.wavelabs.in,8443] "POST /magma.orc8r.Streamer/GetUpdates HTTP/2" 200 173bytes 0.556s
May 13 15:48:04 localhost policydb[376726]: INFO:root:Processing 4 policy updates (resync=True)
May 13 15:48:04 localhost smsd[376744]: INFO:root:mme non_eps_service_config is not SMS_ORC8R, sleeping.
May 13 15:48:04 localhost control_proxy[376827]: 2022-05-13T15:48:04.261Z [127.0.0.1 -> streamer-controller.magmasi.wavelabs.in,8443] "POST /magma.orc8r.Streamer/GetUpdates HTTP/2" 200 7bytes 0.280s
May 13 15:48:04 localhost policydb[376726]: INFO:root:Processing 0 basename -> policy updates
May 13 15:48:04 localhost control_proxy[376827]: 2022-05-13T15:48:04.261Z [127.0.0.1 -> streamer-controller.magmasi.wavelabs.in,8443] "POST /magma.orc8r.Streamer/GetUpdates HTTP/2" 200 13536bytes 0.323s
May 13 15:48:04 localhost policydb[376726]: INFO:root:Processing 223 SID -> apn -> policy updates
May 13 15:48:05 localhost control_proxy[376827]: 2022-05-13T15:48:04.261Z [127.0.0.1 -> streamer-controller.magmasi.wavelabs.in,8443] "POST /magma.orc8r.Streamer/GetUpdates HTTP/2" 200 7bytes 0.285s
May 13 15:48:05 localhost policydb[376726]: INFO:root:Processing 0 rating group updates
May 13 15:48:05 localhost control_proxy[376827]: 2022-05-13T15:48:05.185Z [127.0.0.1 -> state-controller.magmasi.wavelabs.in,8443] "POST /magma.orc8r.StateService/ReportStates HTTP/2" 200 5bytes 0.441s
May 13 15:48:05 localhost magmad[376581]: INFO:root:Checkin Successful! Successfully sent states to the cloud!
May 13 15:48:09 localhost smsd[376744]: INFO:root:mme non_eps_service_config is not SMS_ORC8R, sleeping.
May 13 15:48:10 localhost sctpd[376921]: I0513 15:48:10.214440 377415 sctp_connection.cpp:195] Unhandled notification type 32776
May 13 15:48:11 localhost systemd[1]: Stopping User Manager for UID 1000...
May 13 15:48:11 localhost systemd[369432]: Stopped target Main User Target.
May 13 15:48:11 localhost systemd[369432]: Stopped target Basic System.
May 13 15:48:11 localhost systemd[369432]: Stopped target Paths.
May 13 15:48:11 localhost systemd[369432]: Stopped target Sockets.
May 13 15:48:11 localhost systemd[369432]: Stopped target Timers.
May 13 15:48:11 localhost systemd[369432]: dbus.socket: Succeeded.
May 13 15:48:11 localhost systemd[369432]: Closed D-Bus User Message Bus Socket.
May 13 15:48:11 localhost systemd[369432]: dirmngr.socket: Succeeded.
May 13 15:48:11 localhost systemd[369432]: Closed GnuPG network certificate management daemon.
May 13 15:48:11 localhost systemd[369432]: gpg-agent-browser.socket: Succeeded.
May 13 15:48:11 localhost systemd[369432]: Closed GnuPG cryptographic agent and passphrase cache (access for web browsers).
May 13 15:48:11 localhost systemd[369432]: gpg-agent-extra.socket: Succeeded.
May 13 15:48:11 localhost systemd[369432]: Closed GnuPG cryptographic agent and passphrase cache (restricted).
May 13 15:48:11 localhost systemd[369432]: gpg-agent-ssh.socket: Succeeded.
May 13 15:48:11 localhost systemd[369432]: Closed GnuPG cryptographic agent (ssh-agent emulation).
May 13 15:48:11 localhost systemd[369432]: gpg-agent.socket: Succeeded.
May 13 15:48:11 localhost systemd[369432]: Closed GnuPG cryptographic agent and passphrase cache.
May 13 15:48:11 localhost systemd[369432]: pk-debconf-helper.socket: Succeeded.
May 13 15:48:11 localhost systemd[369432]: Closed debconf communication socket.
May 13 15:48:11 localhost systemd[369432]: snapd.session-agent.socket: Succeeded.
May 13 15:48:11 localhost systemd[369432]: Closed REST API socket for snapd user session agent.
May 13 15:48:11 localhost systemd[369432]: Reached target Shutdown.
May 13 15:48:11 localhost systemd[369432]: systemd-exit.service: Succeeded.
May 13 15:48:11 localhost systemd[369432]: Finished Exit the Session.
May 13 15:48:11 localhost systemd[369432]: Reached target Exit the Session.
May 13 15:48:11 localhost systemd[1]: user@1000.service: Succeeded.
May 13 15:48:11 localhost systemd[1]: Stopped User Manager for UID 1000.
May 13 15:48:11 localhost systemd[1]: Stopping User Runtime Directory /run/user/1000...
May 13 15:48:11 localhost systemd[1]: run-user-1000.mount: Succeeded.
May 13 15:48:11 localhost systemd[1]: user-runtime-dir@1000.service: Succeeded.
May 13 15:48:11 localhost systemd[1]: Stopped User Runtime Directory /run/user/1000.
May 13 15:48:11 localhost systemd[1]: Removed slice User Slice of UID 1000.
May 13 15:48:14 localhost smsd[376744]: INFO:root:mme non_eps_service_config is not SMS_ORC8R, sleeping.
May 13 15:48:19 localhost mobilityd[376653]: INFO:root:Using GW info: {'default': {2: ('172.16.4.1', 'eth0')}, 2: [('172.16.4.1', 'eth0', True)]}
May 13 15:48:19 localhost mobilityd[376653]: INFO:root:GW-v6 probe: timer started
May 13 15:48:19 localhost smsd[376744]: INFO:root:mme non_eps_service_config is not SMS_ORC8R, sleeping.
May 13 15:48:19 localhost magmad[376581]: INFO:root:[SyncRPC] Got heartBeat from cloud
May 13 15:48:24 localhost smsd[376744]: INFO:root:mme non_eps_service_config is not SMS_ORC8R, sleeping.
May 13 15:48:29 localhost smsd[376744]: INFO:root:mme non_eps_service_config is not SMS_ORC8R, sleeping.
May 13 15:48:32 localhost sctpd[376921]: I0513 15:48:32.381364 377415 sctp_connection.cpp:195] Unhandled notification type 32776
May 13 15:48:34 localhost smsd[376744]: INFO:root:mme non_eps_service_config is not SMS_ORC8R, sleeping.
May 13 15:48:35 localhost magmad[376581]: ERROR:root:Metrics upload error for service subscriberdb (chunk 0)! [StatusCode.DEADLINE_EXCEEDED] Deadline Exceeded
May 13 15:48:35 localhost magmad[376581]: ERROR:root:Metrics upload error for service mobilityd (chunk 0)! [StatusCode.DEADLINE_EXCEEDED] Deadline Exceeded
May 13 15:48:35 localhost magmad[376581]: ERROR:root:Metrics upload error for service mme (chunk 0)! [StatusCode.DEADLINE_EXCEEDED] Deadline Exceeded
May 13 15:48:35 localhost magmad[376581]: ERROR:root:Metrics upload error for service magmad (chunk 0)! [StatusCode.DEADLINE_EXCEEDED] Deadline Exceeded
May 13 15:48:35 localhost magmad[376581]: ERROR:root:Metrics upload error for service enodebd (chunk 0)! [StatusCode.DEADLINE_EXCEEDED] Deadline Exceeded
May 13 15:48:35 localhost magmad[376581]: ERROR:root:Metrics upload error for service pipelined (chunk 0)! [StatusCode.DEADLINE_EXCEEDED] Deadline Exceeded
May 13 15:48:35 localhost magmad[376581]: ERROR:root:Metrics upload error for service state (chunk 0)! [StatusCode.DEADLINE_EXCEEDED] Deadline Exceeded
May 13 15:48:35 localhost magmad[376581]: ERROR:root:Metrics upload error for service sessiond (chunk 0)! [StatusCode.DEADLINE_EXCEEDED] Deadline Exceeded
May 13 15:48:39 localhost mobilityd[376653]: INFO:root:Using GW info: {'default': {2: ('172.16.4.1', 'eth0')}, 2: [('172.16.4.1', 'eth0', True)]}
May 13 15:48:39 localhost mobilityd[376653]: INFO:root:GW-v6 probe: timer started
May 13 15:48:39 localhost smsd[376744]: INFO:root:mme non_eps_service_config is not SMS_ORC8R, sleeping.
May 13 15:48:54 localhost smsd[376744]: message repeated 3 times: [ INFO:root:mme non_eps_service_config is not SMS_ORC8R, sleeping.]
May 13 15:48:59 localhost mobilityd[376653]: INFO:root:Using GW info: {'default': {2: ('172.16.4.1', 'eth0')}, 2: [('172.16.4.1', 'eth0', True)]}
May 13 15:48:59 localhost mobilityd[376653]: INFO:root:GW-v6 probe: timer started
May 13 15:48:59 localhost smsd[376744]: INFO:root:mme non_eps_service_config is not SMS_ORC8R, sleeping.
May 13 15:49:04 localhost smsd[376744]: INFO:root:mme non_eps_service_config is not SMS_ORC8R, sleeping.
May 13 15:49:05 localhost control_proxy[376827]: 2022-05-13T15:49:05.193Z [127.0.0.1 -> streamer-controller.magmasi.wavelabs.in,8443] "POST /magma.orc8r.Streamer/GetUpdates HTTP/2" 200 173bytes 0.533s
May 13 15:49:05 localhost policydb[376726]: INFO:root:Processing 4 policy updates (resync=True)
May 13 15:49:06 localhost control_proxy[376827]: 2022-05-13T15:49:05.193Z [127.0.0.1 -> streamer-controller.magmasi.wavelabs.in,8443] "POST /magma.orc8r.Streamer/GetUpdates HTTP/2" 200 7bytes 0.282s
May 13 15:49:06 localhost policydb[376726]: INFO:root:Processing 0 basename -> policy updates
May 13 15:49:06 localhost control_proxy[376827]: 2022-05-13T15:49:06.039Z [127.0.0.1 -> streamer-controller.magmasi.wavelabs.in,8443] "POST /magma.orc8r.Streamer/GetUpdates HTTP/2" 200 13536bytes 0.305s
May 13 15:49:06 localhost policydb[376726]: INFO:root:Processing 223 SID -> apn -> policy updates
May 13 15:49:06 localhost magmad[376581]: INFO:root:Setting logging level to INFO
May 13 15:49:06 localhost control_proxy[376827]: 2022-05-13T15:49:06.039Z [127.0.0.1 -> streamer-controller.magmasi.wavelabs.in,8443] "POST /magma.orc8r.Streamer/GetUpdates HTTP/2" 200 7bytes 0.282s
May 13 15:49:06 localhost policydb[376726]: INFO:root:Processing 0 rating group updates
May 13 15:49:06 localhost sctpd[376921]: I0513 15:49:06.757097 377415 sctp_connection.cpp:195] Unhandled notification type 32776
May 13 15:49:09 localhost smsd[376744]: INFO:root:mme non_eps_service_config is not SMS_ORC8R, sleeping.
May 13 15:49:14 localhost smsd[376744]: INFO:root:mme non_eps_service_config is not SMS_ORC8R, sleeping.
May 13 15:49:19 localhost mobilityd[376653]: INFO:root:Using GW info: {'default': {2: ('172.16.4.1', 'eth0')}, 2: [('172.16.4.1', 'eth0', True)]}
May 13 15:49:19 localhost mobilityd[376653]: INFO:root:GW-v6 probe: timer started
May 13 15:49:19 localhost smsd[376744]: INFO:root:mme non_eps_service_config is not SMS_ORC8R, sleeping.
May 13 15:49:19 localhost magmad[376581]: INFO:root:[SyncRPC] Got heartBeat from cloud
May 13 15:49:22 localhost control_proxy[376827]: 2022-05-13T15:48:22.334Z [127.0.0.1 -> streamer-controller.magmasi.wavelabs.in,8443] "POST /magma.orc8r.Streamer/GetUpdates HTTP/2" 200 0bytes 60.288s
May 13 15:49:22 localhost magmad[376581]: ERROR:root:Error! Streaming from the cloud failed! [StatusCode.ABORTED] error while streaming updates: rpc error: code = DeadlineExceeded desc = context deadline exceeded
May 13 15:49:24 localhost smsd[376744]: INFO:root:mme non_eps_service_config is not SMS_ORC8R, sleeping.
May 13 15:49:25 localhost control_proxy[376827]: 2022-05-13T15:49:24.827Z [127.0.0.1 -> state-controller.magmasi.wavelabs.in,8443] "POST /magma.orc8r.StateService/ReportStates HTTP/2" 200 5bytes 0.277s
May 13 15:49:25 localhost magmad[376581]: INFO:root:Checkin Successful! Successfully sent states to the cloud!
May 13 15:49:29 localhost smsd[376744]: INFO:root:mme non_eps_service_config is not SMS_ORC8R, sleeping.
May 13 15:49:34 localhost smsd[376744]: INFO:root:mme non_eps_service_config is not SMS_ORC8R, sleeping.
May 13 15:49:35 localhost sctpd[376921]: I0513 15:49:35.101356 377415 sctp_connection.cpp:195] Unhandled notification type 32776
May 13 15:49:35 localhost magmad[376581]: ERROR:root:Metrics upload error for service subscriberdb (chunk 0)! [StatusCode.DEADLINE_EXCEEDED] Deadline Exceeded
May 13 15:49:35 localhost magmad[376581]: ERROR:root:Metrics upload error for service mobilityd (chunk 0)! [StatusCode.DEADLINE_EXCEEDED] Deadline Exceeded
May 13 15:49:35 localhost magmad[376581]: ERROR:root:Metrics upload error for service mme (chunk 0)! [StatusCode.DEADLINE_EXCEEDED] Deadline Exceeded
May 13 15:49:35 localhost magmad[376581]: ERROR:root:Metrics upload error for service magmad (chunk 0)! [StatusCode.DEADLINE_EXCEEDED] Deadline Exceeded
May 13 15:49:35 localhost magmad[376581]: ERROR:root:Metrics upload error for service enodebd (chunk 0)! [StatusCode.DEADLINE_EXCEEDED] Deadline Exceeded
May 13 15:49:35 localhost magmad[376581]: ERROR:root:Metrics upload error for service pipelined (chunk 0)! [StatusCode.DEADLINE_EXCEEDED] Deadline Exceeded
May 13 15:49:35 localhost magmad[376581]: ERROR:root:Metrics upload error for service state (chunk 0)! [StatusCode.DEADLINE_EXCEEDED] Deadline Exceeded
May 13 15:49:35 localhost magmad[376581]: ERROR:root:Metrics upload error for service sessiond (chunk 0)! [StatusCode.DEADLINE_EXCEEDED] Deadline Exceeded
May 13 15:49:39 localhost mobilityd[376653]: INFO:root:Using GW info: {'default': {2: ('172.16.4.1', 'eth0')}, 2: [('172.16.4.1', 'eth0', True)]}
May 13 15:49:39 localhost mobilityd[376653]: INFO:root:GW-v6 probe: timer started
May 13 15:49:39 localhost smsd[376744]: INFO:root:mme non_eps_service_config is not SMS_ORC8R, sleeping.
May 13 15:49:55 localhost smsd[376744]: message repeated 3 times: [ INFO:root:mme non_eps_service_config is not SMS_ORC8R, sleeping.]
May 13 15:49:59 localhost mobilityd[376653]: INFO:root:Using GW info: {'default': {2: ('172.16.4.1', 'eth0')}, 2: [('172.16.4.1', 'eth0', True)]}
May 13 15:49:59 localhost mobilityd[376653]: INFO:root:GW-v6 probe: timer started
May 13 15:50:00 localhost smsd[376744]: INFO:root:mme non_eps_service_config is not SMS_ORC8R, sleeping.
May 13 15:50:03 localhost sctpd[376921]: I0513 15:50:03.475549 377415 sctp_connection.cpp:195] Unhandled notification type 32776
May 13 15:50:05 localhost smsd[376744]: INFO:root:mme non_eps_service_config is not SMS_ORC8R, sleeping.
May 13 15:50:06 localhost control_proxy[376827]: 2022-05-13T15:50:06.665Z [127.0.0.1 -> streamer-controller.magmasi.wavelabs.in,8443] "POST /magma.orc8r.Streamer/GetUpdates HTTP/2" 200 173bytes 0.291s
May 13 15:50:06 localhost policydb[376726]: INFO:root:Processing 4 policy updates (resync=True)
May 13 15:50:07 localhost control_proxy[376827]: 2022-05-13T15:50:06.665Z [127.0.0.1 -> streamer-controller.magmasi.wavelabs.in,8443] "POST /magma.orc8r.Streamer/GetUpdates HTTP/2" 200 7bytes 0.292s
May 13 15:50:07 localhost policydb[376726]: INFO:root:Processing 0 basename -> policy updates
May 13 15:50:07 localhost control_proxy[376827]: 2022-05-13T15:50:07.253Z [127.0.0.1 -> streamer-controller.magmasi.wavelabs.in,8443] "POST /magma.orc8r.Streamer/GetUpdates HTTP/2" 200 13536bytes 0.308s
May 13 15:50:07 localhost policydb[376726]: INFO:root:Processing 223 SID -> apn -> policy updates
May 13 15:50:07 localhost control_proxy[376827]: 2022-05-13T15:50:07.253Z [127.0.0.1 -> streamer-controller.magmasi.wavelabs.in,8443] "POST /magma.orc8r.Streamer/GetUpdates HTTP/2" 200 7bytes 0.278s
May 13 15:50:07 localhost policydb[376726]: INFO:root:Processing 0 rating group updates
May 13 15:50:10 localhost smsd[376744]: INFO:root:mme non_eps_service_config is not SMS_ORC8R, sleeping.
May 13 15:50:15 localhost smsd[376744]: INFO:root:mme non_eps_service_config is not SMS_ORC8R, sleeping.
May 13 15:50:19 localhost mobilityd[376653]: INFO:root:Using GW info: {'default': {2: ('172.16.4.1', 'eth0')}, 2: [('172.16.4.1', 'eth0', True)]}
May 13 15:50:19 localhost mobilityd[376653]: INFO:root:GW-v6 probe: timer started
May 13 15:50:19 localhost magmad[376581]: INFO:root:[SyncRPC] Got heartBeat from cloud
May 13 15:50:20 localhost smsd[376744]: INFO:root:mme non_eps_service_config is not SMS_ORC8R, sleeping.
May 13 15:50:25 localhost smsd[376744]: INFO:root:mme non_eps_service_config is not SMS_ORC8R, sleeping.
May 13 15:50:25 localhost magmad[376581]: INFO:root:Setting logging level to INFO
May 13 15:50:30 localhost smsd[376744]: INFO:root:mme non_eps_service_config is not SMS_ORC8R, sleeping.
May 13 15:50:32 localhost sctpd[376921]: I0513 15:50:32.233518 377415 sctp_connection.cpp:195] Unhandled notification type 32776
May 13 15:50:35 localhost smsd[376744]: INFO:root:mme non_eps_service_config is not SMS_ORC8R, sleeping.
May 13 15:50:39 localhost mobilityd[376653]: INFO:root:Using GW info: {'default': {2: ('172.16.4.1', 'eth0')}, 2: [('172.16.4.1', 'eth0', True)]}
May 13 15:50:39 localhost mobilityd[376653]: INFO:root:GW-v6 probe: timer started
May 13 15:50:40 localhost smsd[376744]: INFO:root:mme non_eps_service_config is not SMS_ORC8R, sleeping.
May 13 15:50:44 localhost magmad[376581]: ERROR:root:Metrics upload error for service subscriberdb (chunk 0)! [StatusCode.DEADLINE_EXCEEDED] Deadline Exceeded
May 13 15:50:44 localhost magmad[376581]: ERROR:root:Metrics upload error for service mobilityd (chunk 0)! [StatusCode.DEADLINE_EXCEEDED] Deadline Exceeded
May 13 15:50:44 localhost magmad[376581]: ERROR:root:Metrics upload error for service mme (chunk 0)! [StatusCode.DEADLINE_EXCEEDED] Deadline Exceeded
May 13 15:50:44 localhost magmad[376581]: ERROR:root:Metrics upload error for service magmad (chunk 0)! [StatusCode.DEADLINE_EXCEEDED] Deadline Exceeded
May 13 15:50:44 localhost magmad[376581]: ERROR:root:Metrics upload error for service enodebd (chunk 0)! [StatusCode.DEADLINE_EXCEEDED] Deadline Exceeded
May 13 15:50:44 localhost magmad[376581]: ERROR:root:Metrics upload error for service pipelined (chunk 0)! [StatusCode.DEADLINE_EXCEEDED] Deadline Exceeded
May 13 15:50:44 localhost magmad[376581]: ERROR:root:Metrics upload error for service state (chunk 0)! [StatusCode.DEADLINE_EXCEEDED] Deadline Exceeded
May 13 15:50:44 localhost magmad[376581]: ERROR:root:Metrics upload error for service sessiond (chunk 0)! [StatusCode.DEADLINE_EXCEEDED] Deadline Exceeded
May 13 15:50:44 localhost magmad[376581]: INFO:root:Checking for upgrade...
May 13 15:50:44 localhost magmad[376581]: WARNING:root:magmad package_version config missing or set to default 0.0.0-0, skipping upgrade
May 13 15:50:44 localhost control_proxy[376827]: 2022-05-13T15:50:44.338Z [127.0.0.1 -> state-controller.magmasi.wavelabs.in,8443] "POST /magma.orc8r.StateService/ReportStates HTTP/2" 200 5bytes 0.540s
May 13 15:50:44 localhost magmad[376581]: INFO:root:Checkin Successful! Successfully sent states to the cloud!
May 13 15:50:45 localhost smsd[376744]: INFO:root:mme non_eps_service_config is not SMS_ORC8R, sleeping.
May 13 15:50:50 localhost smsd[376744]: INFO:root:mme non_eps_service_config is not SMS_ORC8R, sleeping.
May 13 15:50:55 localhost sctpd[376921]: I0513 15:50:55.242305 377415 sctp_connection.cpp:195] Unhandled notification type 32776
May 13 15:50:55 localhost smsd[376744]: INFO:root:mme non_eps_service_config is not SMS_ORC8R, sleeping.
May 13 15:50:59 localhost mobilityd[376653]: INFO:root:Using GW info: {'default': {2: ('172.16.4.1', 'eth0')}, 2: [('172.16.4.1', 'eth0', True)]}
May 13 15:50:59 localhost mobilityd[376653]: INFO:root:GW-v6 probe: timer started
May 13 15:51:00 localhost smsd[376744]: INFO:root:mme non_eps_service_config is not SMS_ORC8R, sleeping.
May 13 15:51:05 localhost smsd[376744]: INFO:root:mme non_eps_service_config is not SMS_ORC8R, sleeping.
May 13 15:51:08 localhost control_proxy[376827]: 2022-05-13T15:51:07.886Z [127.0.0.1 -> streamer-controller.magmasi.wavelabs.in,8443] "POST /magma.orc8r.Streamer/GetUpdates HTTP/2" 200 173bytes 0.292s
May 13 15:51:08 localhost policydb[376726]: INFO:root:Processing 4 policy updates (resync=True)
May 13 15:51:08 localhost control_proxy[376827]: 2022-05-13T15:51:08.182Z [127.0.0.1 -> streamer-controller.magmasi.wavelabs.in,8443] "POST /magma.orc8r.Streamer/GetUpdates HTTP/2" 200 7bytes 0.314s
May 13 15:51:08 localhost policydb[376726]: INFO:root:Processing 0 basename -> policy updates
May 13 15:51:08 localhost control_proxy[376827]: 2022-05-13T15:51:08.182Z [127.0.0.1 -> streamer-controller.magmasi.wavelabs.in,8443] "POST /magma.orc8r.Streamer/GetUpdates HTTP/2" 200 13536bytes 0.311s
May 13 15:51:08 localhost policydb[376726]: INFO:root:Processing 223 SID -> apn -> policy updates
May 13 15:51:09 localhost control_proxy[376827]: 2022-05-13T15:51:08.182Z [127.0.0.1 -> streamer-controller.magmasi.wavelabs.in,8443] "POST /magma.orc8r.Streamer/GetUpdates HTTP/2" 200 7bytes 0.278s
May 13 15:51:09 localhost policydb[376726]: INFO:root:Processing 0 rating group updates
May 13 15:51:10 localhost smsd[376744]: INFO:root:mme non_eps_service_config is not SMS_ORC8R, sleeping.
May 13 15:51:15 localhost smsd[376744]: INFO:root:mme non_eps_service_config is not SMS_ORC8R, sleeping.
May 13 15:51:19 localhost mobilityd[376653]: INFO:root:Using GW info: {'default': {2: ('172.16.4.1', 'eth0')}, 2: [('172.16.4.1', 'eth0', True)]}
May 13 15:51:19 localhost mobilityd[376653]: INFO:root:GW-v6 probe: timer started
May 13 15:51:19 localhost magmad[376581]: INFO:root:[SyncRPC] Got heartBeat from cloud
May 13 15:51:20 localhost smsd[376744]: INFO:root:mme non_eps_service_config is not SMS_ORC8R, sleeping.
May 13 15:51:22 localhost control_proxy[376827]: 2022-05-13T15:50:22.685Z [127.0.0.1 -> streamer-controller.magmasi.wavelabs.in,8443] "POST /magma.orc8r.Streamer/GetUpdates HTTP/2" 200 0bytes 60.281s
May 13 15:51:22 localhost magmad[376581]: ERROR:root:Error! Streaming from the cloud failed! [StatusCode.ABORTED] error while streaming updates: rpc error: code = DeadlineExceeded desc = context deadline exceeded
May 13 15:51:25 localhost smsd[376744]: INFO:root:mme non_eps_service_config is not SMS_ORC8R, sleeping.
May 13 15:51:29 localhost sctpd[376921]: I0513 15:51:29.146955 377415 sctp_connection.cpp:195] Unhandled notification type 32776
May 13 15:51:30 localhost smsd[376744]: INFO:root:mme non_eps_service_config is not SMS_ORC8R, sleeping.
May 13 15:51:35 localhost magmad[376581]: ERROR:root:Metrics upload error for service subscriberdb (chunk 0)! [StatusCode.DEADLINE_EXCEEDED] Deadline Exceeded
May 13 15:51:35 localhost magmad[376581]: ERROR:root:Metrics upload error for service mobilityd (chunk 0)! [StatusCode.DEADLINE_EXCEEDED] Deadline Exceeded
May 13 15:51:35 localhost magmad[376581]: ERROR:root:Metrics upload error for service mme (chunk 0)! [StatusCode.DEADLINE_EXCEEDED] Deadline Exceeded
May 13 15:51:35 localhost magmad[376581]: ERROR:root:Metrics upload error for service magmad (chunk 0)! [StatusCode.DEADLINE_EXCEEDED] Deadline Exceeded
May 13 15:51:35 localhost magmad[376581]: ERROR:root:Metrics upload error for service enodebd (chunk 0)! [StatusCode.DEADLINE_EXCEEDED] Deadline Exceeded
May 13 15:51:35 localhost magmad[376581]: ERROR:root:Metrics upload error for service pipelined (chunk 0)! [StatusCode.DEADLINE_EXCEEDED] Deadline Exceeded
May 13 15:51:35 localhost magmad[376581]: ERROR:root:Metrics upload error for service state (chunk 0)! [StatusCode.DEADLINE_EXCEEDED] Deadline Exceeded
May 13 15:51:35 localhost magmad[376581]: ERROR:root:Metrics upload error for service sessiond (chunk 0)! [StatusCode.DEADLINE_EXCEEDED] Deadline Exceeded
May 13 15:51:35 localhost smsd[376744]: INFO:root:mme non_eps_service_config is not SMS_ORC8R, sleeping.
May 13 15:51:39 localhost mobilityd[376653]: INFO:root:Using GW info: {'default': {2: ('172.16.4.1', 'eth0')}, 2: [('172.16.4.1', 'eth0', True)]}
May 13 15:51:39 localhost mobilityd[376653]: INFO:root:GW-v6 probe: timer started
May 13 15:51:40 localhost smsd[376744]: INFO:root:mme non_eps_service_config is not SMS_ORC8R, sleeping.
May 13 15:51:45 localhost magmad[376581]: INFO:root:Setting logging level to INFO
May 13 15:51:45 localhost smsd[376744]: INFO:root:mme non_eps_service_config is not SMS_ORC8R, sleeping.
May 13 15:51:50 localhost smsd[376744]: INFO:root:mme non_eps_service_config is not SMS_ORC8R, sleeping.
May 13 15:51:51 localhost sctpd[376921]: I0513 15:51:51.433318 377415 sctp_connection.cpp:195] Unhandled notification type 32776
May 13 15:51:55 localhost smsd[376744]: INFO:root:mme non_eps_service_config is not SMS_ORC8R, sleeping.
May 13 15:51:59 localhost mobilityd[376653]: INFO:root:Using GW info: {'default': {2: ('172.16.4.1', 'eth0')}, 2: [('172.16.4.1', 'eth0', True)]}
May 13 15:51:59 localhost mobilityd[376653]: INFO:root:GW-v6 probe: timer started
May 13 15:52:00 localhost smsd[376744]: INFO:root:mme non_eps_service_config is not SMS_ORC8R, sleeping.
May 13 15:52:04 localhost control_proxy[376827]: 2022-05-13T15:52:03.848Z [127.0.0.1 -> state-controller.magmasi.wavelabs.in,8443] "POST /magma.orc8r.StateService/ReportStates HTTP/2" 200 5bytes 0.542s
May 13 15:52:04 localhost magmad[376581]: INFO:root:Checkin Successful! Successfully sent states to the cloud!
May 13 15:52:05 localhost smsd[376744]: INFO:root:mme non_eps_service_config is not SMS_ORC8R, sleeping.
May 13 15:52:09 localhost control_proxy[376827]: 2022-05-13T15:52:09.154Z [127.0.0.1 -> streamer-controller.magmasi.wavelabs.in,8443] "POST /magma.orc8r.Streamer/GetUpdates HTTP/2" 200 173bytes 0.285s
May 13 15:52:09 localhost policydb[376726]: INFO:root:Processing 4 policy updates (resync=True)
May 13 15:52:09 localhost control_proxy[376827]: 2022-05-13T15:52:09.154Z [127.0.0.1 -> streamer-controller.magmasi.wavelabs.in,8443] "POST /magma.orc8r.Streamer/GetUpdates HTTP/2" 200 7bytes 0.279s
May 13 15:52:09 localhost policydb[376726]: INFO:root:Processing 0 basename -> policy updates
May 13 15:52:10 localhost control_proxy[376827]: 2022-05-13T15:52:09.154Z [127.0.0.1 -> streamer-controller.magmasi.wavelabs.in,8443] "POST /magma.orc8r.Streamer/GetUpdates HTTP/2" 200 13536bytes 0.314s
May 13 15:52:10 localhost policydb[376726]: INFO:root:Processing 223 SID -> apn -> policy updates
May 13 15:52:10 localhost control_proxy[376827]: 2022-05-13T15:52:10.047Z [127.0.0.1 -> streamer-controller.magmasi.wavelabs.in,8443] "POST /magma.orc8r.Streamer/GetUpdates HTTP/2" 200 7bytes 0.276s
May 13 15:52:10 localhost policydb[376726]: INFO:root:Processing 0 rating group updates
May 13 15:52:10 localhost smsd[376744]: INFO:root:mme non_eps_service_config is not SMS_ORC8R, sleeping.
May 13 15:52:15 localhost smsd[376744]: INFO:root:mme non_eps_service_config is not SMS_ORC8R, sleeping.
May 13 15:52:19 localhost mobilityd[376653]: INFO:root:Using GW info: {'default': {2: ('172.16.4.1', 'eth0')}, 2: [('172.16.4.1', 'eth0', True)]}
May 13 15:52:19 localhost mobilityd[376653]: INFO:root:GW-v6 probe: timer started
May 13 15:52:19 localhost magmad[376581]: INFO:root:[SyncRPC] Got heartBeat from cloud
May 13 15:52:20 localhost smsd[376744]: INFO:root:mme non_eps_service_config is not SMS_ORC8R, sleeping.
May 13 15:52:25 localhost sctpd[376921]: I0513 15:52:25.780786 377415 sctp_connection.cpp:195] Unhandled notification type 32776
May 13 15:52:25 localhost smsd[376744]: INFO:root:mme non_eps_service_config is not SMS_ORC8R, sleeping.
May 13 15:52:30 localhost subscriberdb[376651]: INFO:root:get digest stored in gateway:
May 13 15:52:30 localhost smsd[376744]: INFO:root:mme non_eps_service_config is not SMS_ORC8R, sleeping.
May 13 15:52:31 localhost control_proxy[376827]: 2022-05-13T15:52:30.674Z [127.0.0.1 -> subscriberdb-controller.magmasi.wavelabs.in,8443] "POST /magma.lte.SubscriberDBCloud/CheckInSync HTTP/2" 200 0bytes 0.528s
May 13 15:52:31 localhost subscriberdb[376651]: ERROR:root:Internal Error in subscriberdb-Orc8r communication. If AGW and Orc8r are deployed at a commit hash, upgrade AGW and Orc8r to latest commit hash.
May 13 15:52:31 localhost control_proxy[376827]: 2022-05-13T15:52:31.206Z [127.0.0.1 -> subscriberdb-controller.magmasi.wavelabs.in,8443] "POST /magma.lte.SubscriberDBCloud/Sync HTTP/2" 200 0bytes 0.265s
May 13 15:52:31 localhost subscriberdb[376651]: ERROR:root:Internal Error in subscriberdb-Orc8r communication. If AGW and Orc8r are deployed at a commit hash, upgrade AGW and Orc8r to latest commit hash.
May 13 15:52:31 localhost control_proxy[376827]: 2022-05-13T15:52:31.206Z [127.0.0.1 -> subscriberdb-controller.magmasi.wavelabs.in,8443] "POST /magma.lte.SubscriberDBCloud/ListSubscribers HTTP/2" 200 44653bytes 0.344s
May 13 15:52:31 localhost subscriberdb[376651]: INFO:root:Successfully fetched all subscriber pages from the cloud!
May 13 15:52:32 localhost subscriberdb[376651]: INFO:root:update root digest stored in gateway:
May 13 15:52:35 localhost magmad[376581]: ERROR:root:Metrics upload error for service subscriberdb (chunk 0)! [StatusCode.DEADLINE_EXCEEDED] Deadline Exceeded
May 13 15:52:35 localhost magmad[376581]: ERROR:root:Metrics upload error for service mobilityd (chunk 0)! [StatusCode.DEADLINE_EXCEEDED] Deadline Exceeded
May 13 15:52:35 localhost magmad[376581]: ERROR:root:Metrics upload error for service mme (chunk 0)! [StatusCode.DEADLINE_EXCEEDED] Deadline Exceeded
May 13 15:52:35 localhost magmad[376581]: ERROR:root:Metrics upload error for service magmad (chunk 0)! [StatusCode.DEADLINE_EXCEEDED] Deadline Exceeded
May 13 15:52:35 localhost magmad[376581]: ERROR:root:Metrics upload error for service enodebd (chunk 0)! [StatusCode.DEADLINE_EXCEEDED] Deadline Exceeded
May 13 15:52:35 localhost magmad[376581]: ERROR:root:Metrics upload error for service pipelined (chunk 0)! [StatusCode.DEADLINE_EXCEEDED] Deadline Exceeded
May 13 15:52:35 localhost magmad[376581]: ERROR:root:Metrics upload error for service state (chunk 0)! [StatusCode.DEADLINE_EXCEEDED] Deadline Exceeded
May 13 15:52:35 localhost magmad[376581]: ERROR:root:Metrics upload error for service sessiond (chunk 0)! [StatusCode.DEADLINE_EXCEEDED] Deadline Exceeded
May 13 15:52:35 localhost smsd[376744]: INFO:root:mme non_eps_service_config is not SMS_ORC8R, sleeping.
May 13 15:52:39 localhost mobilityd[376653]: INFO:root:Using GW info: {'default': {2: ('172.16.4.1', 'eth0')}, 2: [('172.16.4.1', 'eth0', True)]}
May 13 15:52:39 localhost mobilityd[376653]: INFO:root:GW-v6 probe: timer started
May 13 15:52:41 localhost smsd[376744]: INFO:root:mme non_eps_service_config is not SMS_ORC8R, sleeping.
May 13 15:52:51 localhost smsd[376744]: message repeated 2 times: [ INFO:root:mme non_eps_service_config is not SMS_ORC8R, sleeping.]
May 13 15:52:54 localhost sctpd[376921]: I0513 15:52:54.345450 377415 sctp_connection.cpp:195] Unhandled notification type 32776
May 13 15:52:56 localhost smsd[376744]: INFO:root:mme non_eps_service_config is not SMS_ORC8R, sleeping.
May 13 15:52:59 localhost mobilityd[376653]: INFO:root:Using GW info: {'default': {2: ('172.16.4.1', 'eth0')}, 2: [('172.16.4.1', 'eth0', True)]}
May 13 15:52:59 localhost mobilityd[376653]: INFO:root:GW-v6 probe: timer started
May 13 15:53:01 localhost smsd[376744]: INFO:root:mme non_eps_service_config is not SMS_ORC8R, sleeping.
May 13 15:53:04 localhost magmad[376581]: INFO:root:Setting logging level to INFO
May 13 15:53:06 localhost smsd[376744]: INFO:root:mme non_eps_service_config is not SMS_ORC8R, sleeping.
May 13 15:53:10 localhost control_proxy[376827]: 2022-05-13T15:53:10.383Z [127.0.0.1 -> streamer-controller.magmasi.wavelabs.in,8443] "POST /magma.orc8r.Streamer/GetUpdates HTTP/2" 200 173bytes 0.548s
May 13 15:53:10 localhost policydb[376726]: INFO:root:Processing 4 policy updates (resync=True)
May 13 15:53:11 localhost smsd[376744]: INFO:root:mme non_eps_service_config is not SMS_ORC8R, sleeping.
May 13 15:53:11 localhost control_proxy[376827]: 2022-05-13T15:53:10.383Z [127.0.0.1 -> streamer-controller.magmasi.wavelabs.in,8443] "POST /magma.orc8r.Streamer/GetUpdates HTTP/2" 200 7bytes 0.282s
May 13 15:53:11 localhost policydb[376726]: INFO:root:Processing 0 basename -> policy updates
May 13 15:53:11 localhost control_proxy[376827]: 2022-05-13T15:53:11.219Z [127.0.0.1 -> streamer-controller.magmasi.wavelabs.in,8443] "POST /magma.orc8r.Streamer/GetUpdates HTTP/2" 200 13536bytes 0.311s
May 13 15:53:11 localhost policydb[376726]: INFO:root:Processing 223 SID -> apn -> policy updates
May 13 15:53:11 localhost control_proxy[376827]: 2022-05-13T15:53:11.219Z [127.0.0.1 -> streamer-controller.magmasi.wavelabs.in,8443] "POST /magma.orc8r.Streamer/GetUpdates HTTP/2" 200 7bytes 0.283s
May 13 15:53:11 localhost policydb[376726]: INFO:root:Processing 0 rating group updates
May 13 15:53:16 localhost smsd[376744]: INFO:root:mme non_eps_service_config is not SMS_ORC8R, sleeping.
May 13 15:53:19 localhost mobilityd[376653]: INFO:root:Using GW info: {'default': {2: ('172.16.4.1', 'eth0')}, 2: [('172.16.4.1', 'eth0', True)]}
May 13 15:53:19 localhost mobilityd[376653]: INFO:root:GW-v6 probe: timer started
May 13 15:53:19 localhost magmad[376581]: INFO:root:[SyncRPC] Got heartBeat from cloud
May 13 15:53:21 localhost smsd[376744]: INFO:root:mme non_eps_service_config is not SMS_ORC8R, sleeping.
May 13 15:53:22 localhost sctpd[376921]: I0513 15:53:22.666761 377415 sctp_connection.cpp:195] Unhandled notification type 32776
May 13 15:53:23 localhost control_proxy[376827]: 2022-05-13T15:52:23.030Z [127.0.0.1 -> streamer-controller.magmasi.wavelabs.in,8443] "POST /magma.orc8r.Streamer/GetUpdates HTTP/2" 200 0bytes 60.274s
May 13 15:53:23 localhost magmad[376581]: ERROR:root:Error! Streaming from the cloud failed! [StatusCode.ABORTED] error while streaming updates: rpc error: code = DeadlineExceeded desc = context deadline exceeded
May 13 15:53:24 localhost control_proxy[376827]: 2022-05-13T15:53:23.368Z [127.0.0.1 -> state-controller.magmasi.wavelabs.in,8443] "POST /magma.orc8r.StateService/ReportStates HTTP/2" 200 5bytes 0.676s
May 13 15:53:24 localhost magmad[376581]: INFO:root:Checkin Successful! Successfully sent states to the cloud!
May 13 15:53:26 localhost smsd[376744]: INFO:root:mme non_eps_service_config is not SMS_ORC8R, sleeping.
May 13 15:53:36 localhost smsd[376744]: message repeated 2 times: [ INFO:root:mme non_eps_service_config is not SMS_ORC8R, sleeping.]
May 13 15:53:39 localhost mobilityd[376653]: INFO:root:Using GW info: {'default': {2: ('172.16.4.1', 'eth0')}, 2: [('172.16.4.1', 'eth0', True)]}
May 13 15:53:39 localhost mobilityd[376653]: INFO:root:GW-v6 probe: timer started
May 13 15:53:41 localhost smsd[376744]: INFO:root:mme non_eps_service_config is not SMS_ORC8R, sleeping.
May 13 15:53:46 localhost smsd[376744]: INFO:root:mme non_eps_service_config is not SMS_ORC8R, sleeping.
May 13 15:53:51 localhost sctpd[376921]: I0513 15:53:51.064889 377415 sctp_connection.cpp:195] Unhandled notification type 32776
May 13 15:53:51 localhost smsd[376744]: INFO:root:mme non_eps_service_config is not SMS_ORC8R, sleeping.
May 13 15:53:53 localhost magmad[376581]: ERROR:root:Metrics upload error for service subscriberdb (chunk 0)! [StatusCode.DEADLINE_EXCEEDED] Deadline Exceeded
May 13 15:53:53 localhost magmad[376581]: ERROR:root:Metrics upload error for service mobilityd (chunk 0)! [StatusCode.DEADLINE_EXCEEDED] Deadline Exceeded
May 13 15:53:53 localhost magmad[376581]: ERROR:root:Metrics upload error for service mme (chunk 0)! [StatusCode.DEADLINE_EXCEEDED] Deadline Exceeded
May 13 15:53:53 localhost magmad[376581]: ERROR:root:Metrics upload error for service magmad (chunk 0)! [StatusCode.DEADLINE_EXCEEDED] Deadline Exceeded
May 13 15:53:53 localhost magmad[376581]: ERROR:root:Metrics upload error for service enodebd (chunk 0)! [StatusCode.DEADLINE_EXCEEDED] Deadline Exceeded
May 13 15:53:53 localhost magmad[376581]: ERROR:root:Metrics upload error for service pipelined (chunk 0)! [StatusCode.DEADLINE_EXCEEDED] Deadline Exceeded
May 13 15:53:53 localhost magmad[376581]: ERROR:root:Metrics upload error for service state (chunk 0)! [StatusCode.DEADLINE_EXCEEDED] Deadline Exceeded
May 13 15:53:53 localhost magmad[376581]: ERROR:root:Metrics upload error for service sessiond (chunk 0)! [StatusCode.DEADLINE_EXCEEDED] Deadline Exceeded
May 13 15:53:56 localhost smsd[376744]: INFO:root:mme non_eps_service_config is not SMS_ORC8R, sleeping.
May 13 15:53:59 localhost mobilityd[376653]: INFO:root:Using GW info: {'default': {2: ('172.16.4.1', 'eth0')}, 2: [('172.16.4.1', 'eth0', True)]}
May 13 15:53:59 localhost mobilityd[376653]: INFO:root:GW-v6 probe: timer started
May 13 15:54:01 localhost smsd[376744]: INFO:root:mme non_eps_service_config is not SMS_ORC8R, sleeping.
May 13 15:54:11 localhost smsd[376744]: message repeated 2 times: [ INFO:root:mme non_eps_service_config is not SMS_ORC8R, sleeping.]
May 13 15:54:12 localhost control_proxy[376827]: 2022-05-13T15:54:11.883Z [127.0.0.1 -> streamer-controller.magmasi.wavelabs.in,8443] "POST /magma.orc8r.Streamer/GetUpdates HTTP/2" 200 173bytes 0.549s
May 13 15:54:12 localhost policydb[376726]: INFO:root:Processing 4 policy updates (resync=True)
May 13 15:54:12 localhost control_proxy[376827]: 2022-05-13T15:54:12.437Z [127.0.0.1 -> streamer-controller.magmasi.wavelabs.in,8443] "POST /magma.orc8r.Streamer/GetUpdates HTTP/2" 200 7bytes 0.283s
May 13 15:54:12 localhost policydb[376726]: INFO:root:Processing 0 basename -> policy updates
May 13 15:54:13 localhost control_proxy[376827]: 2022-05-13T15:54:12.437Z [127.0.0.1 -> streamer-controller.magmasi.wavelabs.in,8443] "POST /magma.orc8r.Streamer/GetUpdates HTTP/2" 200 13536bytes 0.304s
May 13 15:54:13 localhost policydb[376726]: INFO:root:Processing 223 SID -> apn -> policy updates
May 13 15:54:13 localhost control_proxy[376827]: 2022-05-13T15:54:13.036Z [127.0.0.1 -> streamer-controller.magmasi.wavelabs.in,8443] "POST /magma.orc8r.Streamer/GetUpdates HTTP/2" 200 7bytes 0.280s
May 13 15:54:13 localhost policydb[376726]: INFO:root:Processing 0 rating group updates
May 13 15:54:14 localhost sctpd[376921]: I0513 15:54:14.484087 377415 sctp_connection.cpp:195] Unhandled notification type 32776
May 13 15:54:16 localhost smsd[376744]: INFO:root:mme non_eps_service_config is not SMS_ORC8R, sleeping.
May 13 15:54:19 localhost mobilityd[376653]: INFO:root:Using GW info: {'default': {2: ('172.16.4.1', 'eth0')}, 2: [('172.16.4.1', 'eth0', True)]}
May 13 15:54:19 localhost mobilityd[376653]: INFO:root:GW-v6 probe: timer started
May 13 15:54:19 localhost magmad[376581]: INFO:root:[SyncRPC] Got heartBeat from cloud
May 13 15:54:21 localhost smsd[376744]: INFO:root:mme non_eps_service_config is not SMS_ORC8R, sleeping.
May 13 15:54:24 localhost magmad[376581]: INFO:root:Setting logging level to INFO
May 13 15:54:26 localhost smsd[376744]: INFO:root:mme non_eps_service_config is not SMS_ORC8R, sleeping.
May 13 15:54:36 localhost smsd[376744]: message repeated 2 times: [ INFO:root:mme non_eps_service_config is not SMS_ORC8R, sleeping.]
May 13 15:54:39 localhost mobilityd[376653]: INFO:root:Using GW info: {'default': {2: ('172.16.4.1', 'eth0')}, 2: [('172.16.4.1', 'eth0', True)]}
May 13 15:54:39 localhost mobilityd[376653]: INFO:root:GW-v6 probe: timer started
May 13 15:54:41 localhost smsd[376744]: INFO:root:mme non_eps_service_config is not SMS_ORC8R, sleeping.
May 13 15:54:43 localhost control_proxy[376827]: 2022-05-13T15:54:42.957Z [127.0.0.1 -> state-controller.magmasi.wavelabs.in,8443] "POST /magma.orc8r.StateService/ReportStates HTTP/2" 200 5bytes 0.539s
May 13 15:54:43 localhost magmad[376581]: INFO:root:Checkin Successful! Successfully sent states to the cloud!
May 13 15:54:46 localhost smsd[376744]: INFO:root:mme non_eps_service_config is not SMS_ORC8R, sleeping.
May 13 15:54:47 localhost sctpd[376921]: I0513 15:54:47.761179 377415 sctp_connection.cpp:195] Unhandled notification type 32776
May 13 15:54:51 localhost smsd[376744]: INFO:root:mme non_eps_service_config is not SMS_ORC8R, sleeping.
May 13 15:54:53 localhost magmad[376581]: ERROR:root:Metrics upload error for service subscriberdb (chunk 0)! [StatusCode.DEADLINE_EXCEEDED] Deadline Exceeded
May 13 15:54:53 localhost magmad[376581]: ERROR:root:Metrics upload error for service mobilityd (chunk 0)! [StatusCode.DEADLINE_EXCEEDED] Deadline Exceeded
May 13 15:54:53 localhost magmad[376581]: ERROR:root:Metrics upload error for service mme (chunk 0)! [StatusCode.DEADLINE_EXCEEDED] Deadline Exceeded
May 13 15:54:53 localhost magmad[376581]: ERROR:root:Metrics upload error for service magmad (chunk 0)! [StatusCode.DEADLINE_EXCEEDED] Deadline Exceeded
May 13 15:54:53 localhost magmad[376581]: ERROR:root:Metrics upload error for service enodebd (chunk 0)! [StatusCode.DEADLINE_EXCEEDED] Deadline Exceeded
May 13 15:54:53 localhost magmad[376581]: ERROR:root:Metrics upload error for service pipelined (chunk 0)! [StatusCode.DEADLINE_EXCEEDED] Deadline Exceeded
May 13 15:54:53 localhost magmad[376581]: ERROR:root:Metrics upload error for service state (chunk 0)! [StatusCode.DEADLINE_EXCEEDED] Deadline Exceeded
May 13 15:54:53 localhost magmad[376581]: ERROR:root:Metrics upload error for service sessiond (chunk 0)! [StatusCode.DEADLINE_EXCEEDED] Deadline Exceeded
May 13 15:54:56 localhost smsd[376744]: INFO:root:mme non_eps_service_config is not SMS_ORC8R, sleeping.
May 13 15:54:59 localhost mobilityd[376653]: INFO:root:Using GW info: {'default': {2: ('172.16.4.1', 'eth0')}, 2: [('172.16.4.1', 'eth0', True)]}
May 13 15:54:59 localhost mobilityd[376653]: INFO:root:GW-v6 probe: timer started
May 13 15:55:00 localhost dnsmasq-dhcp[376837]: DHCPDISCOVER(eth1) 48:bf:74:03:3d:72 
May 13 15:55:00 localhost dnsmasq-dhcp[376837]: DHCPOFFER(eth1) 172.16.7.250 48:bf:74:03:3d:72 
May 13 15:55:00 localhost dnsmasq-dhcp[376837]: DHCPREQUEST(eth1) 172.16.7.250 48:bf:74:03:3d:72 
May 13 15:55:00 localhost dnsmasq-dhcp[376837]: DHCPACK(eth1) 172.16.7.250 48:bf:74:03:3d:72 
May 13 15:55:01 localhost smsd[376744]: INFO:root:mme non_eps_service_config is not SMS_ORC8R, sleeping.
May 13 15:55:06 localhost smsd[376744]: INFO:root:mme non_eps_service_config is not SMS_ORC8R, sleeping.
May 13 15:55:10 localhost sctpd[376921]: I0513 15:55:10.110584 377415 sctp_connection.cpp:195] Unhandled notification type 32776
May 13 15:55:11 localhost smsd[376744]: INFO:root:mme non_eps_service_config is not SMS_ORC8R, sleeping.
May 13 15:55:13 localhost control_proxy[376827]: 2022-05-13T15:55:13.345Z [127.0.0.1 -> streamer-controller.magmasi.wavelabs.in,8443] "POST /magma.orc8r.Streamer/GetUpdates HTTP/2" 200 173bytes 0.548s
May 13 15:55:13 localhost policydb[376726]: INFO:root:Processing 4 policy updates (resync=True)
May 13 15:55:14 localhost control_proxy[376827]: 2022-05-13T15:55:13.345Z [127.0.0.1 -> streamer-controller.magmasi.wavelabs.in,8443] "POST /magma.orc8r.Streamer/GetUpdates HTTP/2" 200 7bytes 0.284s
May 13 15:55:14 localhost policydb[376726]: INFO:root:Processing 0 basename -> policy updates
May 13 15:55:14 localhost control_proxy[376827]: 2022-05-13T15:55:14.184Z [127.0.0.1 -> streamer-controller.magmasi.wavelabs.in,8443] "POST /magma.orc8r.Streamer/GetUpdates HTTP/2" 200 13536bytes 0.310s
May 13 15:55:14 localhost policydb[376726]: INFO:root:Processing 223 SID -> apn -> policy updates
May 13 15:55:14 localhost control_proxy[376827]: 2022-05-13T15:55:14.184Z [127.0.0.1 -> streamer-controller.magmasi.wavelabs.in,8443] "POST /magma.orc8r.Streamer/GetUpdates HTTP/2" 200 7bytes 0.277s
May 13 15:55:14 localhost policydb[376726]: INFO:root:Processing 0 rating group updates
May 13 15:55:16 localhost smsd[376744]: INFO:root:mme non_eps_service_config is not SMS_ORC8R, sleeping.
May 13 15:55:19 localhost mobilityd[376653]: INFO:root:Using GW info: {'default': {2: ('172.16.4.1', 'eth0')}, 2: [('172.16.4.1', 'eth0', True)]}
May 13 15:55:19 localhost mobilityd[376653]: INFO:root:GW-v6 probe: timer started
May 13 15:55:19 localhost magmad[376581]: INFO:root:[SyncRPC] Got heartBeat from cloud
May 13 15:55:21 localhost smsd[376744]: INFO:root:mme non_eps_service_config is not SMS_ORC8R, sleeping.
May 13 15:55:23 localhost control_proxy[376827]: 2022-05-13T15:54:23.362Z [127.0.0.1 -> streamer-controller.magmasi.wavelabs.in,8443] "POST /magma.orc8r.Streamer/GetUpdates HTTP/2" 200 0bytes 60.272s
May 13 15:55:23 localhost magmad[376581]: ERROR:root:Error! Streaming from the cloud failed! [StatusCode.ABORTED] error while streaming updates: rpc error: code = DeadlineExceeded desc = context deadline exceeded
May 13 15:55:26 localhost smsd[376744]: INFO:root:mme non_eps_service_config is not SMS_ORC8R, sleeping.
May 13 15:55:28 localhost dnsmasq-dhcp[376837]: DHCPDISCOVER(eth1) 48:bf:74:03:3d:72 
May 13 15:55:28 localhost dnsmasq-dhcp[376837]: DHCPOFFER(eth1) 172.16.7.250 48:bf:74:03:3d:72 
May 13 15:55:32 localhost smsd[376744]: INFO:root:mme non_eps_service_config is not SMS_ORC8R, sleeping.
May 13 15:55:37 localhost smsd[376744]: INFO:root:mme non_eps_service_config is not SMS_ORC8R, sleeping.
May 13 15:55:39 localhost mobilityd[376653]: INFO:root:Using GW info: {'default': {2: ('172.16.4.1', 'eth0')}, 2: [('172.16.4.1', 'eth0', True)]}
May 13 15:55:39 localhost mobilityd[376653]: INFO:root:GW-v6 probe: timer started
May 13 15:55:42 localhost smsd[376744]: INFO:root:mme non_eps_service_config is not SMS_ORC8R, sleeping.
May 13 15:55:44 localhost magmad[376581]: INFO:root:Setting logging level to INFO
May 13 15:55:44 localhost sctpd[376921]: I0513 15:55:44.770996 377415 sctp_connection.cpp:195] Unhandled notification type 32776
May 13 15:55:47 localhost smsd[376744]: INFO:root:mme non_eps_service_config is not SMS_ORC8R, sleeping.
