Mar 10 16:03:36 localhost sctpd[933556]: I0310 16:03:36.029968 934037 sctp_connection.cpp:193] Unhandled notification type 32777
Mar 10 16:03:36 localhost sctpd[933556]: I0310 16:03:36.029994 934037 sctp_connection.cpp:167] HandleClientSock sd = 68
Mar 10 16:03:36 localhost sctpd[933556]: I0310 16:03:36.030025 934037 sctp_connection.cpp:220] [sd:68] msg of len 70 on 3699:1
Mar 10 16:03:36 localhost sctpd[933556]: I0310 16:03:36.231216 934037 sctp_connection.cpp:167] HandleClientSock sd = 68
Mar 10 16:03:36 localhost sctpd[933556]: I0310 16:03:36.231324 934037 sctp_connection.cpp:220] [sd:68] msg of len 72 on 3699:1
Mar 10 16:03:40 localhost smsd[933377]: INFO:root:mme non_eps_service_config is not SMS_ORC8R, sleeping.
Mar 10 16:03:42 localhost dhclient[601]: DHCPREQUEST for 172.16.5.121 on eth1 to 172.16.5.2 port 67 (xid=0x4b4058b5)
Mar 10 16:03:45 localhost dnsmasq-dhcp[933447]: DHCPDISCOVER(eth1) fa:16:3e:2a:89:3f 
Mar 10 16:03:45 localhost dnsmasq-dhcp[933447]: DHCPOFFER(eth1) 172.16.7.251 fa:16:3e:2a:89:3f 
Mar 10 16:03:45 localhost mobilityd[933281]: INFO:root:Using GW info: {'default': {2: ('172.16.4.1', 'eth0')}, 2: [('172.16.4.1', 'eth0', True)]}
Mar 10 16:03:45 localhost mobilityd[933281]: INFO:root:GW-v6 probe: timer started
Mar 10 16:03:45 localhost smsd[933377]: INFO:root:mme non_eps_service_config is not SMS_ORC8R, sleeping.
Mar 10 16:03:45 localhost sctpd[933556]: I0310 16:03:45.535971 934037 sctp_connection.cpp:167] HandleClientSock sd = 67
Mar 10 16:03:45 localhost sctpd[933556]: I0310 16:03:45.536051 934037 sctp_connection.cpp:185] SCTP_SHUTDOWN_EVENT received
Mar 10 16:03:45 localhost sctpd[933556]: I0310 16:03:45.536062 934037 sctp_connection.cpp:280] Sending close connection for assoc_id 3698
Mar 10 16:03:45 localhost sctpd[933556]: I0310 16:03:45.583947 934037 sctp_connection.cpp:167] HandleClientSock sd = 68
Mar 10 16:03:45 localhost sctpd[933556]: I0310 16:03:45.584035 934037 sctp_connection.cpp:185] SCTP_SHUTDOWN_EVENT received
Mar 10 16:03:45 localhost sctpd[933556]: I0310 16:03:45.584048 934037 sctp_connection.cpp:280] Sending close connection for assoc_id 3699
Mar 10 16:03:46 localhost control_proxy[933439]: 2022-03-10T16:03:46.359Z [127.0.0.1 -> streamer-controller.magmasi.wavelabs.in,8443] "POST /magma.orc8r.Streamer/GetUpdates HTTP/2" 200 91bytes 0.554s
Mar 10 16:03:46 localhost policydb[933338]: INFO:root:Processing 2 policy updates (resync=True)
Mar 10 16:03:47 localhost control_proxy[933439]: 2022-03-10T16:03:46.359Z [127.0.0.1 -> streamer-controller.magmasi.wavelabs.in,8443] "POST /magma.orc8r.Streamer/GetUpdates HTTP/2" 200 7bytes 0.277s
Mar 10 16:03:47 localhost policydb[933338]: INFO:root:Processing 0 basename -> policy updates
Mar 10 16:03:47 localhost control_proxy[933439]: 2022-03-10T16:03:47.196Z [127.0.0.1 -> streamer-controller.magmasi.wavelabs.in,8443] "POST /magma.orc8r.Streamer/GetUpdates HTTP/2" 200 5113bytes 0.286s
Mar 10 16:03:47 localhost policydb[933338]: INFO:root:Processing 222 SID -> apn -> policy updates
Mar 10 16:03:47 localhost magmad[933209]: ERROR:root:Metrics upload error for service subscriberdb (chunk 0)! [StatusCode.DEADLINE_EXCEEDED] Deadline Exceeded
Mar 10 16:03:47 localhost magmad[933209]: ERROR:root:Metrics upload error for service mobilityd (chunk 0)! [StatusCode.DEADLINE_EXCEEDED] Deadline Exceeded
Mar 10 16:03:47 localhost magmad[933209]: ERROR:root:Metrics upload error for service mme (chunk 0)! [StatusCode.DEADLINE_EXCEEDED] Deadline Exceeded
Mar 10 16:03:47 localhost magmad[933209]: ERROR:root:Metrics upload error for service magmad (chunk 0)! [StatusCode.DEADLINE_EXCEEDED] Deadline Exceeded
Mar 10 16:03:47 localhost magmad[933209]: ERROR:root:Metrics upload error for service enodebd (chunk 0)! [StatusCode.DEADLINE_EXCEEDED] Deadline Exceeded
Mar 10 16:03:47 localhost magmad[933209]: ERROR:root:Metrics upload error for service pipelined (chunk 0)! [StatusCode.DEADLINE_EXCEEDED] Deadline Exceeded
Mar 10 16:03:47 localhost magmad[933209]: ERROR:root:Metrics upload error for service state (chunk 0)! [StatusCode.DEADLINE_EXCEEDED] Deadline Exceeded
Mar 10 16:03:47 localhost magmad[933209]: ERROR:root:Metrics upload error for service sessiond (chunk 0)! [StatusCode.DEADLINE_EXCEEDED] Deadline Exceeded
Mar 10 16:03:47 localhost control_proxy[933439]: 2022-03-10T16:03:47.196Z [127.0.0.1 -> streamer-controller.magmasi.wavelabs.in,8443] "POST /magma.orc8r.Streamer/GetUpdates HTTP/2" 200 7bytes 0.280s
Mar 10 16:03:47 localhost policydb[933338]: INFO:root:Processing 0 rating group updates
Mar 10 16:03:50 localhost smsd[933377]: INFO:root:mme non_eps_service_config is not SMS_ORC8R, sleeping.
Mar 10 16:03:51 localhost sctpd[933556]: I0310 16:03:51.979352 934033 sctpd_downlink_impl.cpp:76] SctpdDownlinkImpl::SendDl starting
Mar 10 16:03:54 localhost sctpd[933556]: I0310 16:03:54.490556 934037 sctp_connection.cpp:167] HandleClientSock sd = 69
Mar 10 16:03:54 localhost sctpd[933556]: I0310 16:03:54.490650 934037 sctp_connection.cpp:189] SCTP association change event received
Mar 10 16:03:54 localhost sctpd[933556]: I0310 16:03:54.491384 934037 sctp_connection.cpp:167] HandleClientSock sd = 69
Mar 10 16:03:54 localhost sctpd[933556]: I0310 16:03:54.491417 934037 sctp_connection.cpp:193] Unhandled notification type 32776
Mar 10 16:03:55 localhost smsd[933377]: INFO:root:mme non_eps_service_config is not SMS_ORC8R, sleeping.
Mar 10 16:03:58 localhost dnsmasq-dhcp[933447]: DHCPDISCOVER(eth1) fa:16:3e:2a:89:3f 
Mar 10 16:03:58 localhost dnsmasq-dhcp[933447]: DHCPOFFER(eth1) 172.16.7.251 fa:16:3e:2a:89:3f 
Mar 10 16:03:59 localhost dhclient[601]: DHCPREQUEST for 172.16.5.121 on eth1 to 172.16.5.2 port 67 (xid=0x4b4058b5)
Mar 10 16:04:00 localhost smsd[933377]: INFO:root:mme non_eps_service_config is not SMS_ORC8R, sleeping.
Mar 10 16:04:04 localhost sctpd[933556]: I0310 16:04:04.050526 934037 sctp_connection.cpp:167] HandleClientSock sd = 69
Mar 10 16:04:04 localhost sctpd[933556]: I0310 16:04:04.050647 934037 sctp_connection.cpp:220] [sd:69] msg of len 42 on 3700:0
Mar 10 16:04:04 localhost sctpd[933556]: I0310 16:04:04.052816 933561 sctpd_downlink_impl.cpp:76] SctpdDownlinkImpl::SendDl starting
Mar 10 16:04:04 localhost sctpd[933556]: I0310 16:04:04.053443 934037 sctp_connection.cpp:167] HandleClientSock sd = 69
Mar 10 16:04:04 localhost sctpd[933556]: I0310 16:04:04.053521 934037 sctp_connection.cpp:193] Unhandled notification type 32777
Mar 10 16:04:04 localhost sctpd[933556]: I0310 16:04:04.160636 934037 sctp_connection.cpp:167] HandleClientSock sd = 69
Mar 10 16:04:04 localhost sctpd[933556]: I0310 16:04:04.160727 934037 sctp_connection.cpp:220] [sd:69] msg of len 42 on 3700:0
Mar 10 16:04:04 localhost sctpd[933556]: I0310 16:04:04.162478 933561 sctpd_downlink_impl.cpp:76] SctpdDownlinkImpl::SendDl starting
Mar 10 16:04:04 localhost sctpd[933556]: I0310 16:04:04.274477 934037 sctp_connection.cpp:167] HandleClientSock sd = 69
Mar 10 16:04:04 localhost sctpd[933556]: I0310 16:04:04.274582 934037 sctp_connection.cpp:193] Unhandled notification type 32777
Mar 10 16:04:04 localhost sctpd[933556]: I0310 16:04:04.274602 934037 sctp_connection.cpp:167] HandleClientSock sd = 69
Mar 10 16:04:04 localhost sctpd[933556]: I0310 16:04:04.274623 934037 sctp_connection.cpp:220] [sd:69] msg of len 83 on 3700:1
Mar 10 16:04:04 localhost sctpd[933556]: I0310 16:04:04.288758 933561 sctpd_downlink_impl.cpp:76] SctpdDownlinkImpl::SendDl starting
Mar 10 16:04:04 localhost sctpd[933556]: I0310 16:04:04.393206 934037 sctp_connection.cpp:167] HandleClientSock sd = 69
Mar 10 16:04:04 localhost sctpd[933556]: I0310 16:04:04.393302 934037 sctp_connection.cpp:193] Unhandled notification type 32777
Mar 10 16:04:04 localhost sctpd[933556]: I0310 16:04:04.393321 934037 sctp_connection.cpp:167] HandleClientSock sd = 69
Mar 10 16:04:04 localhost sctpd[933556]: I0310 16:04:04.393339 934037 sctp_connection.cpp:220] [sd:69] msg of len 67 on 3700:1
Mar 10 16:04:04 localhost sctpd[933556]: I0310 16:04:04.397378 933561 sctpd_downlink_impl.cpp:76] SctpdDownlinkImpl::SendDl starting
Mar 10 16:04:04 localhost sctpd[933556]: I0310 16:04:04.507983 934037 sctp_connection.cpp:167] HandleClientSock sd = 69
Mar 10 16:04:04 localhost sctpd[933556]: I0310 16:04:04.508080 934037 sctp_connection.cpp:193] Unhandled notification type 32777
Mar 10 16:04:04 localhost sctpd[933556]: I0310 16:04:04.508100 934037 sctp_connection.cpp:167] HandleClientSock sd = 69
Mar 10 16:04:04 localhost sctpd[933556]: I0310 16:04:04.508119 934037 sctp_connection.cpp:220] [sd:69] msg of len 56 on 3700:1
Mar 10 16:04:04 localhost mme[933979]: [DEBUG] Sending S6A-UPDATE_LOCATION_REQUEST with IMSI: 222700000000001
Mar 10 16:04:04 localhost sctpd[933556]: I0310 16:04:04.516506 933561 sctpd_downlink_impl.cpp:76] SctpdDownlinkImpl::SendDl starting
Mar 10 16:04:04 localhost mme[933979]: [INFO] Received S6A-LOCATION-UPDATE_ANSWER for IMSI: 222700000000001; Status: ; StatusCode: 2001
Mar 10 16:04:04 localhost mme[933979]: [INFO] sent itti S6A-LOCATION-UPDATE_ANSWER for IMSI: 222700000000001
Mar 10 16:04:04 localhost sctpd[933556]: I0310 16:04:04.719816 934037 sctp_connection.cpp:167] HandleClientSock sd = 69
Mar 10 16:04:04 localhost sctpd[933556]: I0310 16:04:04.719920 934037 sctp_connection.cpp:193] Unhandled notification type 32777
Mar 10 16:04:05 localhost mobilityd[933281]: INFO:root:Using GW info: {'default': {2: ('172.16.4.1', 'eth0')}, 2: [('172.16.4.1', 'eth0', True)]}
Mar 10 16:04:05 localhost mobilityd[933281]: INFO:root:GW-v6 probe: timer started
Mar 10 16:04:05 localhost smsd[933377]: INFO:root:mme non_eps_service_config is not SMS_ORC8R, sleeping.
Mar 10 16:04:06 localhost dnsmasq-dhcp[933447]: DHCPDISCOVER(eth1) fa:16:3e:2a:89:3f 
Mar 10 16:04:06 localhost dnsmasq-dhcp[933447]: DHCPOFFER(eth1) 172.16.7.251 fa:16:3e:2a:89:3f 
Mar 10 16:04:07 localhost sctpd[933556]: I0310 16:04:07.980510 933561 sctpd_downlink_impl.cpp:76] SctpdDownlinkImpl::SendDl starting
Mar 10 16:04:10 localhost smsd[933377]: INFO:root:mme non_eps_service_config is not SMS_ORC8R, sleeping.
Mar 10 16:04:10 localhost mme[933979]: [DEBUG] Sending S6A-UPDATE_LOCATION_REQUEST with IMSI: 222700000000001
Mar 10 16:04:10 localhost sctpd[933556]: I0310 16:04:10.518199 933561 sctpd_downlink_impl.cpp:76] SctpdDownlinkImpl::SendDl starting
Mar 10 16:04:10 localhost mme[933979]: [INFO] Received S6A-LOCATION-UPDATE_ANSWER for IMSI: 222700000000001; Status: ; StatusCode: 2001
Mar 10 16:04:10 localhost mme[933979]: [INFO] sent itti S6A-LOCATION-UPDATE_ANSWER for IMSI: 222700000000001
Mar 10 16:04:10 localhost sctpd[933556]: I0310 16:04:10.719955 934037 sctp_connection.cpp:167] HandleClientSock sd = 69
Mar 10 16:04:10 localhost sctpd[933556]: I0310 16:04:10.720058 934037 sctp_connection.cpp:193] Unhandled notification type 32777
Mar 10 16:04:14 localhost sctpd[933556]: I0310 16:04:14.616626 934037 sctp_connection.cpp:167] HandleClientSock sd = 69
Mar 10 16:04:14 localhost sctpd[933556]: I0310 16:04:14.616746 934037 sctp_connection.cpp:220] [sd:69] msg of len 56 on 3700:1
Mar 10 16:04:15 localhost smsd[933377]: INFO:root:mme non_eps_service_config is not SMS_ORC8R, sleeping.
Mar 10 16:04:17 localhost dnsmasq-dhcp[933447]: DHCPDISCOVER(eth1) fa:16:3e:2a:89:3f 
Mar 10 16:04:17 localhost dnsmasq-dhcp[933447]: DHCPOFFER(eth1) 172.16.7.251 fa:16:3e:2a:89:3f 
Mar 10 16:04:18 localhost magmad[933209]: INFO:root:Setting logging level to INFO
Mar 10 16:04:20 localhost dhclient[601]: DHCPREQUEST for 172.16.5.121 on eth1 to 172.16.5.2 port 67 (xid=0x4b4058b5)
Mar 10 16:04:20 localhost smsd[933377]: INFO:root:mme non_eps_service_config is not SMS_ORC8R, sleeping.
Mar 10 16:04:21 localhost sctpd[933556]: I0310 16:04:21.963299 934037 sctp_connection.cpp:167] HandleClientSock sd = 69
Mar 10 16:04:21 localhost sctpd[933556]: I0310 16:04:21.963400 934037 sctp_connection.cpp:185] SCTP_SHUTDOWN_EVENT received
Mar 10 16:04:21 localhost sctpd[933556]: I0310 16:04:21.963413 934037 sctp_connection.cpp:280] Sending close connection for assoc_id 3700
Mar 10 16:04:23 localhost sctpd[933556]: I0310 16:04:23.989153 933561 sctpd_downlink_impl.cpp:76] SctpdDownlinkImpl::SendDl starting
Mar 10 16:04:25 localhost mobilityd[933281]: INFO:root:Using GW info: {'default': {2: ('172.16.4.1', 'eth0')}, 2: [('172.16.4.1', 'eth0', True)]}
Mar 10 16:04:25 localhost mobilityd[933281]: INFO:root:GW-v6 probe: timer started
Mar 10 16:04:25 localhost smsd[933377]: INFO:root:mme non_eps_service_config is not SMS_ORC8R, sleeping.
Mar 10 16:04:25 localhost magmad[933209]: INFO:root:[SyncRPC] Got heartBeat from cloud
Mar 10 16:04:26 localhost control_proxy[933439]: 2022-03-10T16:04:25.903Z [127.0.0.1 -> state-controller.magmasi.wavelabs.in,8443] "POST /magma.orc8r.StateService/ReportStates HTTP/2" 200 5bytes 0.276s
Mar 10 16:04:26 localhost control_proxy[933439]: 2022-03-10T16:03:25.940Z [127.0.0.1 -> streamer-controller.magmasi.wavelabs.in,8443] "POST /magma.orc8r.Streamer/GetUpdates HTTP/2" 200 0bytes 60.269s
Mar 10 16:04:26 localhost magmad[933209]: ERROR:root:Error! Streaming from the cloud failed! [StatusCode.ABORTED] error while streaming updates: rpc error: code = DeadlineExceeded desc = context deadline exceeded
Mar 10 16:04:30 localhost smsd[933377]: INFO:root:mme non_eps_service_config is not SMS_ORC8R, sleeping.
Mar 10 16:04:31 localhost sctpd[933556]: I0310 16:04:31.047971 934037 sctp_connection.cpp:167] HandleClientSock sd = 70
Mar 10 16:04:31 localhost sctpd[933556]: I0310 16:04:31.048069 934037 sctp_connection.cpp:189] SCTP association change event received
Mar 10 16:04:31 localhost sctpd[933556]: I0310 16:04:31.048784 934037 sctp_connection.cpp:167] HandleClientSock sd = 70
Mar 10 16:04:31 localhost sctpd[933556]: I0310 16:04:31.048816 934037 sctp_connection.cpp:193] Unhandled notification type 32776
Mar 10 16:04:31 localhost dnsmasq-dhcp[933447]: DHCPDISCOVER(eth1) fa:16:3e:2a:89:3f 
Mar 10 16:04:31 localhost dnsmasq-dhcp[933447]: DHCPOFFER(eth1) 172.16.7.251 fa:16:3e:2a:89:3f 
Mar 10 16:04:32 localhost dhclient[601]: DHCPREQUEST for 172.16.5.121 on eth1 to 172.16.5.2 port 67 (xid=0x4b4058b5)
Mar 10 16:04:35 localhost smsd[933377]: INFO:root:mme non_eps_service_config is not SMS_ORC8R, sleeping.
Mar 10 16:04:37 localhost control_proxy[933439]: 2022-03-10T16:04:37.403Z [127.0.0.1 -> state-controller.magmasi.wavelabs.in,8443] "POST /magma.orc8r.StateService/ReportStates HTTP/2" 200 5bytes 0.536s
Mar 10 16:04:37 localhost magmad[933209]: INFO:root:Checkin Successful! Successfully sent states to the cloud!
Mar 10 16:04:39 localhost dnsmasq-dhcp[933447]: DHCPDISCOVER(eth1) fa:16:3e:2a:89:3f 
Mar 10 16:04:39 localhost dnsmasq-dhcp[933447]: DHCPOFFER(eth1) 172.16.7.251 fa:16:3e:2a:89:3f 
Mar 10 16:04:40 localhost sctpd[933556]: I0310 16:04:40.007149 934033 sctpd_downlink_impl.cpp:76] SctpdDownlinkImpl::SendDl starting
Mar 10 16:04:40 localhost sctpd[933556]: I0310 16:04:40.642168 934037 sctp_connection.cpp:167] HandleClientSock sd = 70
Mar 10 16:04:40 localhost sctpd[933556]: I0310 16:04:40.642366 934037 sctp_connection.cpp:220] [sd:70] msg of len 42 on 3701:0
Mar 10 16:04:40 localhost sctpd[933556]: I0310 16:04:40.644515 933561 sctpd_downlink_impl.cpp:76] SctpdDownlinkImpl::SendDl starting
Mar 10 16:04:40 localhost sctpd[933556]: I0310 16:04:40.645118 934037 sctp_connection.cpp:167] HandleClientSock sd = 70
Mar 10 16:04:40 localhost sctpd[933556]: I0310 16:04:40.645203 934037 sctp_connection.cpp:193] Unhandled notification type 32777
Mar 10 16:04:40 localhost smsd[933377]: INFO:root:mme non_eps_service_config is not SMS_ORC8R, sleeping.
Mar 10 16:04:40 localhost sctpd[933556]: I0310 16:04:40.757040 934037 sctp_connection.cpp:167] HandleClientSock sd = 70
Mar 10 16:04:40 localhost sctpd[933556]: I0310 16:04:40.757141 934037 sctp_connection.cpp:220] [sd:70] msg of len 42 on 3701:0
Mar 10 16:04:40 localhost sctpd[933556]: I0310 16:04:40.759021 933561 sctpd_downlink_impl.cpp:76] SctpdDownlinkImpl::SendDl starting
Mar 10 16:04:40 localhost sctpd[933556]: I0310 16:04:40.879613 934037 sctp_connection.cpp:167] HandleClientSock sd = 70
Mar 10 16:04:40 localhost sctpd[933556]: I0310 16:04:40.879709 934037 sctp_connection.cpp:193] Unhandled notification type 32777
Mar 10 16:04:40 localhost sctpd[933556]: I0310 16:04:40.879729 934037 sctp_connection.cpp:167] HandleClientSock sd = 70
Mar 10 16:04:40 localhost sctpd[933556]: I0310 16:04:40.879750 934037 sctp_connection.cpp:220] [sd:70] msg of len 88 on 3701:1
Mar 10 16:04:40 localhost sctpd[933556]: I0310 16:04:40.894438 933561 sctpd_downlink_impl.cpp:76] SctpdDownlinkImpl::SendDl starting
Mar 10 16:04:40 localhost sctpd[933556]: I0310 16:04:40.994294 934037 sctp_connection.cpp:167] HandleClientSock sd = 70
Mar 10 16:04:40 localhost sctpd[933556]: I0310 16:04:40.994421 934037 sctp_connection.cpp:193] Unhandled notification type 32777
Mar 10 16:04:40 localhost sctpd[933556]: I0310 16:04:40.994439 934037 sctp_connection.cpp:167] HandleClientSock sd = 70
Mar 10 16:04:40 localhost sctpd[933556]: I0310 16:04:40.994462 934037 sctp_connection.cpp:220] [sd:70] msg of len 67 on 3701:1
Mar 10 16:04:40 localhost sctpd[933556]: I0310 16:04:40.998773 933561 sctpd_downlink_impl.cpp:76] SctpdDownlinkImpl::SendDl starting
Mar 10 16:04:41 localhost sctpd[933556]: I0310 16:04:41.120891 934037 sctp_connection.cpp:167] HandleClientSock sd = 70
Mar 10 16:04:41 localhost sctpd[933556]: I0310 16:04:41.120991 934037 sctp_connection.cpp:193] Unhandled notification type 32777
Mar 10 16:04:41 localhost sctpd[933556]: I0310 16:04:41.121009 934037 sctp_connection.cpp:167] HandleClientSock sd = 70
Mar 10 16:04:41 localhost sctpd[933556]: I0310 16:04:41.121030 934037 sctp_connection.cpp:220] [sd:70] msg of len 56 on 3701:1
Mar 10 16:04:41 localhost mme[933979]: [DEBUG] Sending S6A-UPDATE_LOCATION_REQUEST with IMSI: 222700000000001
Mar 10 16:04:41 localhost sctpd[933556]: I0310 16:04:41.127609 933561 sctpd_downlink_impl.cpp:76] SctpdDownlinkImpl::SendDl starting
Mar 10 16:04:41 localhost mme[933979]: [INFO] Received S6A-LOCATION-UPDATE_ANSWER for IMSI: 222700000000001; Status: ; StatusCode: 2001
Mar 10 16:04:41 localhost mme[933979]: [INFO] sent itti S6A-LOCATION-UPDATE_ANSWER for IMSI: 222700000000001
Mar 10 16:04:41 localhost sctpd[933556]: I0310 16:04:41.230677 934037 sctp_connection.cpp:167] HandleClientSock sd = 70
Mar 10 16:04:41 localhost sctpd[933556]: I0310 16:04:41.230774 934037 sctp_connection.cpp:193] Unhandled notification type 32777
Mar 10 16:04:41 localhost sctpd[933556]: I0310 16:04:41.230793 934037 sctp_connection.cpp:167] HandleClientSock sd = 70
Mar 10 16:04:41 localhost sctpd[933556]: I0310 16:04:41.230813 934037 sctp_connection.cpp:220] [sd:70] msg of len 22 on 3701:1
Mar 10 16:04:41 localhost sctpd[933556]: I0310 16:04:41.439096 934037 sctp_connection.cpp:167] HandleClientSock sd = 70
Mar 10 16:04:41 localhost sctpd[933556]: I0310 16:04:41.439204 934037 sctp_connection.cpp:220] [sd:70] msg of len 56 on 3701:1
Mar 10 16:04:42 localhost sctpd[933556]: I0310 16:04:42.401453 934037 sctp_connection.cpp:167] HandleClientSock sd = 70
Mar 10 16:04:42 localhost sctpd[933556]: I0310 16:04:42.401577 934037 sctp_connection.cpp:220] [sd:70] msg of len 70 on 3701:1
Mar 10 16:04:44 localhost dhclient[601]: DHCPREQUEST for 172.16.5.121 on eth1 to 172.16.5.2 port 67 (xid=0x4b4058b5)
Mar 10 16:04:45 localhost mobilityd[933281]: INFO:root:Using GW info: {'default': {2: ('172.16.4.1', 'eth0')}, 2: [('172.16.4.1', 'eth0', True)]}
Mar 10 16:04:45 localhost mobilityd[933281]: INFO:root:GW-v6 probe: timer started
Mar 10 16:04:45 localhost smsd[933377]: INFO:root:mme non_eps_service_config is not SMS_ORC8R, sleeping.
Mar 10 16:04:47 localhost magmad[933209]: ERROR:root:Metrics upload error for service subscriberdb (chunk 0)! [StatusCode.DEADLINE_EXCEEDED] Deadline Exceeded
Mar 10 16:04:47 localhost magmad[933209]: ERROR:root:Metrics upload error for service mobilityd (chunk 0)! [StatusCode.DEADLINE_EXCEEDED] Deadline Exceeded
Mar 10 16:04:47 localhost magmad[933209]: ERROR:root:Metrics upload error for service mme (chunk 0)! [StatusCode.DEADLINE_EXCEEDED] Deadline Exceeded
Mar 10 16:04:47 localhost magmad[933209]: ERROR:root:Metrics upload error for service magmad (chunk 0)! [StatusCode.DEADLINE_EXCEEDED] Deadline Exceeded
Mar 10 16:04:47 localhost magmad[933209]: ERROR:root:Metrics upload error for service enodebd (chunk 0)! [StatusCode.DEADLINE_EXCEEDED] Deadline Exceeded
Mar 10 16:04:47 localhost magmad[933209]: ERROR:root:Metrics upload error for service pipelined (chunk 0)! [StatusCode.DEADLINE_EXCEEDED] Deadline Exceeded
Mar 10 16:04:47 localhost magmad[933209]: ERROR:root:Metrics upload error for service state (chunk 0)! [StatusCode.DEADLINE_EXCEEDED] Deadline Exceeded
Mar 10 16:04:47 localhost magmad[933209]: ERROR:root:Metrics upload error for service sessiond (chunk 0)! [StatusCode.DEADLINE_EXCEEDED] Deadline Exceeded
Mar 10 16:04:48 localhost control_proxy[933439]: 2022-03-10T16:04:47.808Z [127.0.0.1 -> streamer-controller.magmasi.wavelabs.in,8443] "POST /magma.orc8r.Streamer/GetUpdates HTTP/2" 200 91bytes 0.542s
Mar 10 16:04:48 localhost policydb[933338]: INFO:root:Processing 2 policy updates (resync=True)
Mar 10 16:04:48 localhost control_proxy[933439]: 2022-03-10T16:04:48.354Z [127.0.0.1 -> streamer-controller.magmasi.wavelabs.in,8443] "POST /magma.orc8r.Streamer/GetUpdates HTTP/2" 200 7bytes 0.273s
Mar 10 16:04:48 localhost policydb[933338]: INFO:root:Processing 0 basename -> policy updates
Mar 10 16:04:48 localhost control_proxy[933439]: 2022-03-10T16:04:48.354Z [127.0.0.1 -> streamer-controller.magmasi.wavelabs.in,8443] "POST /magma.orc8r.Streamer/GetUpdates HTTP/2" 200 5113bytes 0.282s
Mar 10 16:04:48 localhost policydb[933338]: INFO:root:Processing 222 SID -> apn -> policy updates
Mar 10 16:04:49 localhost control_proxy[933439]: 2022-03-10T16:04:48.354Z [127.0.0.1 -> streamer-controller.magmasi.wavelabs.in,8443] "POST /magma.orc8r.Streamer/GetUpdates HTTP/2" 200 7bytes 0.273s
Mar 10 16:04:49 localhost policydb[933338]: INFO:root:Processing 0 rating group updates
Mar 10 16:04:49 localhost dnsmasq-dhcp[933447]: DHCPDISCOVER(eth1) fa:16:3e:2a:89:3f 
Mar 10 16:04:49 localhost dnsmasq-dhcp[933447]: DHCPOFFER(eth1) 172.16.7.251 fa:16:3e:2a:89:3f 
Mar 10 16:04:50 localhost smsd[933377]: INFO:root:mme non_eps_service_config is not SMS_ORC8R, sleeping.
Mar 10 16:04:54 localhost sctpd[933556]: I0310 16:04:54.791201 934037 sctp_connection.cpp:167] HandleClientSock sd = 70
Mar 10 16:04:54 localhost sctpd[933556]: I0310 16:04:54.791311 934037 sctp_connection.cpp:185] SCTP_SHUTDOWN_EVENT received
Mar 10 16:04:54 localhost sctpd[933556]: I0310 16:04:54.791325 934037 sctp_connection.cpp:280] Sending close connection for assoc_id 3701
Mar 10 16:04:55 localhost smsd[933377]: INFO:root:mme non_eps_service_config is not SMS_ORC8R, sleeping.
Mar 10 16:04:56 localhost sessiond[933291]: I0310 16:04:56.019464 933291 SetMessageManagerHandler.cpp:142] Release request for session from IMSI: IMSI222700000000001 pdu_id 1
Mar 10 16:04:56 localhost mobilityd[933281]: INFO:root:Released IP 192.168.128.206 for sid IMSI222700000000001
Mar 10 16:04:57 localhost dhclient[601]: DHCPREQUEST for 172.16.5.121 on eth1 to 172.16.5.2 port 67 (xid=0x4b4058b5)
Mar 10 16:05:00 localhost smsd[933377]: INFO:root:mme non_eps_service_config is not SMS_ORC8R, sleeping.
Mar 10 16:05:01 localhost policydb[933338]: INFO:root:Terminating session: IMSI222700000000001-484856
Mar 10 16:05:01 localhost eventd[933369]: DEBUG:root:Logging event: stream_name: "sessiond"
Mar 10 16:05:01 localhost eventd[933369]: event_type: "session_terminated"
Mar 10 16:05:01 localhost eventd[933369]: tag: "IMSI222700000000001"
Mar 10 16:05:01 localhost eventd[933369]: value: "{\"mac_addr\":\"\",\"user_location\":\"\",\"spgw_ip\":\"\",\"imei\":\"\",\"record_sequence_number\":1,\"pdp_end_time\":0,\"charging_rx\":0,\"duration\":-1,\"ip_addr\":\"192.168.128.206\",\"monitoring_tx\":0,\"ipv6_addr\":\"\",\"msisdn\":\"\",\"apn\":\"default\",\"session_id\":\"IMSI222700000000001-484856\",\"list_of_service_data\":[],\"charging_characteristics\":\"\",\"total_tx\":0,\"cause_for_rec_closing\":0,\"imsi\":\"IMSI222700000000001\",\"total_rx\":0,\"monitoring_rx\":0,\"charging_tx\":0,\"pdp_start_time\":1}"
Mar 10 16:05:01 localhost eventd[933369]: ERROR:root:Connection to FluentBit failed: [Errno 111] Connection refused
Mar 10 16:05:01 localhost eventd[933369]: INFO:root:FluentBit (td-agent-bit) may not be enabled or configured correctly
Mar 10 16:05:01 localhost sessiond[933291]: I0310 16:05:01.032358 933307 SessionEvents.cpp:291] Could not log session_terminated event {"mac_addr":"","user_location":"","spgw_ip":"","imei":"","record_sequence_number":1,"pdp_end_time":0,"charging_rx":0,"duration":-1,"ip_addr":"192.168.128.206","monitoring_tx":0,"ipv6_addr":"","msisdn":"","apn":"default","session_id":"IMSI222700000000001-484856","list_of_service_data":[],"charging_characteristics":"","total_tx":0,"cause_for_rec_closing":0,"imsi":"IMSI222700000000001","total_rx":0,"monitoring_rx":0,"charging_tx":0,"pdp_start_time":1}, Error Message: Could not connect to FluentBit locally, Details: [Errno 111] Connection refused
Mar 10 16:05:03 localhost sctpd[933556]: I0310 16:05:03.776867 934037 sctp_connection.cpp:167] HandleClientSock sd = 71
Mar 10 16:05:03 localhost sctpd[933556]: I0310 16:05:03.776964 934037 sctp_connection.cpp:189] SCTP association change event received
Mar 10 16:05:03 localhost sctpd[933556]: I0310 16:05:03.777701 934037 sctp_connection.cpp:167] HandleClientSock sd = 71
Mar 10 16:05:03 localhost sctpd[933556]: I0310 16:05:03.777735 934037 sctp_connection.cpp:193] Unhandled notification type 32776
Mar 10 16:05:03 localhost dnsmasq-dhcp[933447]: DHCPDISCOVER(eth1) fa:16:3e:2a:89:3f 
Mar 10 16:05:03 localhost dnsmasq-dhcp[933447]: DHCPOFFER(eth1) 172.16.7.251 fa:16:3e:2a:89:3f 
Mar 10 16:05:03 localhost sctpd[933556]: I0310 16:05:03.884559 934037 sctp_connection.cpp:167] HandleClientSock sd = 72
Mar 10 16:05:03 localhost sctpd[933556]: I0310 16:05:03.884650 934037 sctp_connection.cpp:189] SCTP association change event received
Mar 10 16:05:03 localhost sctpd[933556]: I0310 16:05:03.885371 934037 sctp_connection.cpp:167] HandleClientSock sd = 72
Mar 10 16:05:03 localhost sctpd[933556]: I0310 16:05:03.885406 934037 sctp_connection.cpp:193] Unhandled notification type 32776
Mar 10 16:05:04 localhost sctpd[933556]: I0310 16:05:04.943390 934037 sctp_connection.cpp:167] HandleClientSock sd = 71
Mar 10 16:05:04 localhost sctpd[933556]: I0310 16:05:04.943512 934037 sctp_connection.cpp:220] [sd:71] msg of len 42 on 3702:0
Mar 10 16:05:04 localhost sctpd[933556]: I0310 16:05:04.945605 934033 sctpd_downlink_impl.cpp:76] SctpdDownlinkImpl::SendDl starting
Mar 10 16:05:04 localhost sctpd[933556]: I0310 16:05:04.946180 934037 sctp_connection.cpp:167] HandleClientSock sd = 71
Mar 10 16:05:04 localhost sctpd[933556]: I0310 16:05:04.946295 934037 sctp_connection.cpp:193] Unhandled notification type 32777
Mar 10 16:05:05 localhost sctpd[933556]: I0310 16:05:05.053997 934037 sctp_connection.cpp:167] HandleClientSock sd = 72
Mar 10 16:05:05 localhost sctpd[933556]: I0310 16:05:05.054102 934037 sctp_connection.cpp:220] [sd:72] msg of len 42 on 3703:0
Mar 10 16:05:05 localhost sctpd[933556]: I0310 16:05:05.056375 933561 sctpd_downlink_impl.cpp:76] SctpdDownlinkImpl::SendDl starting
Mar 10 16:05:05 localhost sctpd[933556]: I0310 16:05:05.056924 934037 sctp_connection.cpp:167] HandleClientSock sd = 72
Mar 10 16:05:05 localhost sctpd[933556]: I0310 16:05:05.057013 934037 sctp_connection.cpp:193] Unhandled notification type 32777
Mar 10 16:05:05 localhost sctpd[933556]: I0310 16:05:05.167929 934037 sctp_connection.cpp:167] HandleClientSock sd = 72
Mar 10 16:05:05 localhost sctpd[933556]: I0310 16:05:05.167995 934037 sctp_connection.cpp:220] [sd:72] msg of len 88 on 3703:1
Mar 10 16:05:05 localhost sctpd[933556]: I0310 16:05:05.181970 933561 sctpd_downlink_impl.cpp:76] SctpdDownlinkImpl::SendDl starting
Mar 10 16:05:05 localhost sctpd[933556]: I0310 16:05:05.282497 934037 sctp_connection.cpp:167] HandleClientSock sd = 72
Mar 10 16:05:05 localhost sctpd[933556]: I0310 16:05:05.282603 934037 sctp_connection.cpp:193] Unhandled notification type 32777
Mar 10 16:05:05 localhost sctpd[933556]: I0310 16:05:05.282621 934037 sctp_connection.cpp:167] HandleClientSock sd = 72
Mar 10 16:05:05 localhost sctpd[933556]: I0310 16:05:05.282644 934037 sctp_connection.cpp:220] [sd:72] msg of len 67 on 3703:1
Mar 10 16:05:05 localhost sctpd[933556]: I0310 16:05:05.287801 933561 sctpd_downlink_impl.cpp:76] SctpdDownlinkImpl::SendDl starting
Mar 10 16:05:05 localhost mobilityd[933281]: INFO:root:Using GW info: {'default': {2: ('172.16.4.1', 'eth0')}, 2: [('172.16.4.1', 'eth0', True)]}
Mar 10 16:05:05 localhost mobilityd[933281]: INFO:root:GW-v6 probe: timer started
Mar 10 16:05:05 localhost sctpd[933556]: I0310 16:05:05.396085 934037 sctp_connection.cpp:167] HandleClientSock sd = 72
Mar 10 16:05:05 localhost sctpd[933556]: I0310 16:05:05.396176 934037 sctp_connection.cpp:193] Unhandled notification type 32777
Mar 10 16:05:05 localhost sctpd[933556]: I0310 16:05:05.396193 934037 sctp_connection.cpp:167] HandleClientSock sd = 72
Mar 10 16:05:05 localhost sctpd[933556]: I0310 16:05:05.396214 934037 sctp_connection.cpp:220] [sd:72] msg of len 56 on 3703:1
Mar 10 16:05:05 localhost mme[933979]: [DEBUG] Sending S6A-UPDATE_LOCATION_REQUEST with IMSI: 222700000000001
Mar 10 16:05:05 localhost sctpd[933556]: I0310 16:05:05.402472 933561 sctpd_downlink_impl.cpp:76] SctpdDownlinkImpl::SendDl starting
Mar 10 16:05:05 localhost mme[933979]: [INFO] Received S6A-LOCATION-UPDATE_ANSWER for IMSI: 222700000000001; Status: ; StatusCode: 2001
Mar 10 16:05:05 localhost mme[933979]: [INFO] sent itti S6A-LOCATION-UPDATE_ANSWER for IMSI: 222700000000001
Mar 10 16:05:05 localhost sctpd[933556]: I0310 16:05:05.516870 934037 sctp_connection.cpp:167] HandleClientSock sd = 72
Mar 10 16:05:05 localhost sctpd[933556]: I0310 16:05:05.516971 934037 sctp_connection.cpp:193] Unhandled notification type 32777
Mar 10 16:05:05 localhost sctpd[933556]: I0310 16:05:05.516992 934037 sctp_connection.cpp:167] HandleClientSock sd = 72
Mar 10 16:05:05 localhost sctpd[933556]: I0310 16:05:05.517014 934037 sctp_connection.cpp:220] [sd:72] msg of len 22 on 3703:1
Mar 10 16:05:05 localhost sctpd[933556]: I0310 16:05:05.718873 934037 sctp_connection.cpp:167] HandleClientSock sd = 72
Mar 10 16:05:05 localhost sctpd[933556]: I0310 16:05:05.718969 934037 sctp_connection.cpp:220] [sd:72] msg of len 56 on 3703:1
Mar 10 16:05:05 localhost smsd[933377]: INFO:root:mme non_eps_service_config is not SMS_ORC8R, sleeping.
Mar 10 16:05:07 localhost sctpd[933556]: I0310 16:05:07.731194 934037 sctp_connection.cpp:167] HandleClientSock sd = 72
Mar 10 16:05:07 localhost sctpd[933556]: I0310 16:05:07.731302 934037 sctp_connection.cpp:220] [sd:72] msg of len 82 on 3703:1
Mar 10 16:05:07 localhost mobilityd[933281]: INFO:root:Allocating the same IP 192.168.128.206 for sid IMSI222700000000001.default,ipv4
Mar 10 16:05:07 localhost mobilityd[933281]: INFO:root:Allocated IP 192.168.128.206 for sid IMSI222700000000001 for apn default
Mar 10 16:05:07 localhost policydb[933338]: INFO:root:Creating a session for subscriber ID: IMSI222700000000001
Mar 10 16:05:07 localhost sessiond[933291]: I0310 16:05:07.748889 933291 SetMessageManagerHandler.cpp:342] Processing a CreateSessionResponse for IMSI222700000000001-662742
Mar 10 16:05:07 localhost sessiond[933291]: I0310 16:05:07.750094 933291 SessionState.cpp:2774] RuleID allowlist_sid-IMSI222700000000001-default doesn't have a version registered for IMSI222700000000001-662742, this is unexpected
Mar 10 16:05:07 localhost mme[933979]: PDUSessionResourceSetupRequestTransfer ::= {
Mar 10 16:05:07 localhost mme[933979]:     protocolIEs: ProtocolIE-Container ::= {
Mar 10 16:05:07 localhost mme[933979]:         PDUSessionResourceSetupRequestTransferIEs ::= {
Mar 10 16:05:07 localhost mme[933979]:             id: 130
Mar 10 16:05:07 localhost mme[933979]:             criticality: 0 (reject)
Mar 10 16:05:07 localhost mme[933979]:             value: PDUSessionAggregateMaximumBitRate ::= {
Mar 10 16:05:07 localhost mme[933979]:                 pDUSessionAggregateMaximumBitRateDL: 100000000
Mar 10 16:05:07 localhost mme[933979]:                 pDUSessionAggregateMaximumBitRateUL: 100000000
Mar 10 16:05:07 localhost mme[933979]:             }
Mar 10 16:05:07 localhost mme[933979]:         }
Mar 10 16:05:07 localhost mme[933979]:         PDUSessionResourceSetupRequestTransferIEs ::= {
Mar 10 16:05:07 localhost mme[933979]:             id: 139
Mar 10 16:05:07 localhost mme[933979]:             criticality: 0 (reject)
Mar 10 16:05:07 localhost mme[933979]:             value: GTPTunnel ::= {
Mar 10 16:05:07 localhost mme[933979]:                 transportLayerAddress: AC 10 05 79
Mar 10 16:05:07 localhost mme[933979]:                 gTP-TEID: 80 00 00 07
Mar 10 16:05:07 localhost mme[933979]:             }
Mar 10 16:05:07 localhost mme[933979]:         }
Mar 10 16:05:07 localhost mme[933979]:         PDUSessionResourceSetupRequestTransferIEs ::= {
Mar 10 16:05:07 localhost mme[933979]:             id: 134
Mar 10 16:05:07 localhost mme[933979]:             criticality: 0 (reject)
Mar 10 16:05:07 localhost mme[933979]:             value: 0 (ipv4)
Mar 10 16:05:07 localhost mme[933979]:         }
Mar 10 16:05:07 localhost mme[933979]:         PDUSessionResourceSetupRequestTransferIEs ::= {
Mar 10 16:05:07 localhost mme[933979]:             id: 136
Mar 10 16:05:07 localhost mme[933979]:             criticality: 0 (reject)
Mar 10 16:05:07 localhost mme[933979]:             value: QosFlowSetupRequestList ::= {
Mar 10 16:05:07 localhost mme[933979]:                 QosFlowSetupRequestItem ::= {
Mar 10 16:05:07 localhost mme[933979]:                     qosFlowIdentifier: 9
Mar 10 16:05:07 localhost mme[933979]:                     qosFlowLevelQosParameters: QosFlowLevelQosParameters ::= {
Mar 10 16:05:07 localhost mme[933979]:                         qosCharacteristics: NonDynamic5QIDescriptor ::= {
Mar 10 16:05:07 localhost mme[933979]:                             fiveQI: 9
Mar 10 16:05:07 localhost mme[933979]:                         }
Mar 10 16:05:07 localhost mme[933979]:                         allocationAndRetentionPriority: AllocationAndRetentionPriority ::= {
Mar 10 16:05:07 localhost mme[933979]:                             priorityLevelARP: 15
Mar 10 16:05:07 localhost mme[933979]:                             pre-emptionCapability: 0 (shall-not-trigger-pre-emption)
Mar 10 16:05:07 localhost mme[933979]:                             pre-emptionVulnerability: 0 (not-pre-emptable)
Mar 10 16:05:07 localhost mme[933979]:                         }
Mar 10 16:05:07 localhost mme[933979]:                     }
Mar 10 16:05:07 localhost mme[933979]:                 }
Mar 10 16:05:07 localhost mme[933979]:             }
Mar 10 16:05:07 localhost mme[933979]:         }
Mar 10 16:05:07 localhost mme[933979]:     }
Mar 10 16:05:07 localhost mme[933979]: }
Mar 10 16:05:07 localhost sctpd[933556]: I0310 16:05:07.754395 933561 sctpd_downlink_impl.cpp:76] SctpdDownlinkImpl::SendDl starting
Mar 10 16:05:07 localhost sctpd[933556]: I0310 16:05:07.858887 934037 sctp_connection.cpp:167] HandleClientSock sd = 72
Mar 10 16:05:07 localhost sctpd[933556]: I0310 16:05:07.858992 934037 sctp_connection.cpp:193] Unhandled notification type 32777
Mar 10 16:05:07 localhost sctpd[933556]: I0310 16:05:07.859012 934037 sctp_connection.cpp:167] HandleClientSock sd = 72
Mar 10 16:05:07 localhost sctpd[933556]: I0310 16:05:07.859033 934037 sctp_connection.cpp:220] [sd:72] msg of len 43 on 3703:1
Mar 10 16:05:07 localhost sessiond[933291]: I0310 16:05:07.861398 933291 SessionStateEnforcer.cpp:869]  AMF teid: 40000000 ip address 10.10.10.11 of imsi: IMSI222700000000001 fteid: 2147483655 pdu id: 1 UE ip address 192.168.128.206
Mar 10 16:05:07 localhost eventd[933369]: DEBUG:root:Logging event: stream_name: "sessiond"
Mar 10 16:05:07 localhost eventd[933369]: event_type: "session_created"
Mar 10 16:05:07 localhost eventd[933369]: tag: "IMSI222700000000001"
Mar 10 16:05:07 localhost eventd[933369]: value: "{\"mac_addr\":\"\",\"user_location\":\"\",\"spgw_ip\":\"\",\"imei\":\"\",\"pdp_start_time\":1,\"session_id\":\"IMSI222700000000001-662742\",\"apn\":\"default\",\"msisdn\":\"\",\"charging_characteristics\":\"\",\"ipv6_addr\":\"\",\"ip_addr\":\"192.168.128.206\",\"imsi\":\"IMSI222700000000001\"}"
Mar 10 16:05:07 localhost eventd[933369]: ERROR:root:Connection to FluentBit failed: [Errno 111] Connection refused
Mar 10 16:05:07 localhost eventd[933369]: INFO:root:FluentBit (td-agent-bit) may not be enabled or configured correctly
Mar 10 16:05:07 localhost sessiond[933291]: I0310 16:05:07.866761 933307 SessionEvents.cpp:131] Could not log session_created event {"mac_addr":"","user_location":"","spgw_ip":"","imei":"","pdp_start_time":1,"session_id":"IMSI222700000000001-662742","apn":"default","msisdn":"","charging_characteristics":"","ipv6_addr":"","ip_addr":"192.168.128.206","imsi":"IMSI222700000000001"}, Error Message: Could not connect to FluentBit locally, Details: [Errno 111] Connection refused
Mar 10 16:05:10 localhost sctpd[933556]: I0310 16:05:10.076349 934037 sctp_connection.cpp:167] HandleClientSock sd = 72
Mar 10 16:05:10 localhost sctpd[933556]: I0310 16:05:10.076495 934037 sctp_connection.cpp:220] [sd:72] msg of len 74 on 3703:1
Mar 10 16:05:10 localhost mme[933979]: InitiatingMessage ::= {
Mar 10 16:05:10 localhost mme[933979]:     procedureCode: 28
Mar 10 16:05:10 localhost mme[933979]:     criticality: 1 (ignore)
Mar 10 16:05:10 localhost mme[933979]:     value: PDUSessionResourceReleaseCommand ::= {
Mar 10 16:05:10 localhost mme[933979]:         protocolIEs: ProtocolIE-Container ::= {
Mar 10 16:05:10 localhost mme[933979]:             PDUSessionResourceReleaseCommandIEs ::= {
Mar 10 16:05:10 localhost mme[933979]:                 id: 10
Mar 10 16:05:10 localhost mme[933979]:                 criticality: 0 (reject)
Mar 10 16:05:10 localhost mme[933979]:                 value: 63
Mar 10 16:05:10 localhost mme[933979]:             }
Mar 10 16:05:10 localhost mme[933979]:             PDUSessionResourceReleaseCommandIEs ::= {
Mar 10 16:05:10 localhost mme[933979]:                 id: 85
Mar 10 16:05:10 localhost mme[933979]:                 criticality: 0 (reject)
Mar 10 16:05:10 localhost mme[933979]:                 value: 4294967295
Mar 10 16:05:10 localhost mme[933979]:             }
Mar 10 16:05:10 localhost mme[933979]:             PDUSessionResourceReleaseCommandIEs ::= {
Mar 10 16:05:10 localhost mme[933979]:                 id: 38
Mar 10 16:05:10 localhost mme[933979]:                 criticality: 0 (reject)
Mar 10 16:05:10 localhost mme[933979]:                 value:
Mar 10 16:05:10 localhost mme[933979]:                     7E 01 B1 36 0F 1B 03 7E 00 68 01 00 05 2E 01 01
Mar 10 16:05:10 localhost mme[933979]:                     D3 24 12 01
Mar 10 16:05:10 localhost mme[933979]:             }
Mar 10 16:05:10 localhost mme[933979]:             PDUSessionResourceReleaseCommandIEs ::= {
Mar 10 16:05:10 localhost mme[933979]:                 id: 79
Mar 10 16:05:10 localhost mme[933979]:                 criticality: 0 (reject)
Mar 10 16:05:10 localhost mme[933979]:                 value: PDUSessionResourceToReleaseListRelCmd ::= {
Mar 10 16:05:10 localhost mme[933979]:                 }
Mar 10 16:05:10 localhost mme[933979]:             }
Mar 10 16:05:10 localhost mme[933979]:         }
Mar 10 16:05:10 localhost mme[933979]:     }
Mar 10 16:05:10 localhost mme[933979]: }
Mar 10 16:05:10 localhost sctpd[933556]: I0310 16:05:10.083339 934033 sctpd_downlink_impl.cpp:76] SctpdDownlinkImpl::SendDl starting
Mar 10 16:05:10 localhost sctpd[933556]: I0310 16:05:10.135448 934037 sctp_connection.cpp:167] HandleClientSock sd = 72
Mar 10 16:05:10 localhost sctpd[933556]: I0310 16:05:10.135527 934037 sctp_connection.cpp:193] Unhandled notification type 32777
Mar 10 16:05:10 localhost sctpd[933556]: I0310 16:05:10.135542 934037 sctp_connection.cpp:167] HandleClientSock sd = 72
Mar 10 16:05:10 localhost sctpd[933556]: I0310 16:05:10.135560 934037 sctp_connection.cpp:220] [sd:72] msg of len 70 on 3703:1
Mar 10 16:05:10 localhost smsd[933377]: INFO:root:mme non_eps_service_config is not SMS_ORC8R, sleeping.
Mar 10 16:05:11 localhost dnsmasq-dhcp[933447]: DHCPDISCOVER(eth1) fa:16:3e:2a:89:3f 
Mar 10 16:05:11 localhost dnsmasq-dhcp[933447]: DHCPOFFER(eth1) 172.16.7.251 fa:16:3e:2a:89:3f 
Mar 10 16:05:11 localhost dhclient[601]: DHCPREQUEST for 172.16.5.121 on eth1 to 172.16.5.2 port 67 (xid=0x4b4058b5)
Mar 10 16:05:15 localhost smsd[933377]: INFO:root:mme non_eps_service_config is not SMS_ORC8R, sleeping.
Mar 10 16:05:20 localhost smsd[933377]: INFO:root:mme non_eps_service_config is not SMS_ORC8R, sleeping.
Mar 10 16:05:21 localhost dnsmasq-dhcp[933447]: DHCPDISCOVER(eth1) fa:16:3e:2a:89:3f 
Mar 10 16:05:21 localhost dnsmasq-dhcp[933447]: DHCPOFFER(eth1) 172.16.7.251 fa:16:3e:2a:89:3f 
Mar 10 16:05:22 localhost dhclient[601]: DHCPREQUEST for 172.16.5.121 on eth1 to 172.16.5.2 port 67 (xid=0x4b4058b5)
Mar 10 16:05:25 localhost mobilityd[933281]: INFO:root:Using GW info: {'default': {2: ('172.16.4.1', 'eth0')}, 2: [('172.16.4.1', 'eth0', True)]}
Mar 10 16:05:25 localhost mobilityd[933281]: INFO:root:GW-v6 probe: timer started
Mar 10 16:05:25 localhost magmad[933209]: INFO:root:[SyncRPC] Got heartBeat from cloud
Mar 10 16:05:25 localhost smsd[933377]: INFO:root:mme non_eps_service_config is not SMS_ORC8R, sleeping.
Mar 10 16:05:26 localhost sctpd[933556]: I0310 16:05:26.100462 933561 sctpd_downlink_impl.cpp:76] SctpdDownlinkImpl::SendDl starting
Mar 10 16:05:26 localhost sctpd[933556]: I0310 16:05:26.304172 934037 sctp_connection.cpp:167] HandleClientSock sd = 72
Mar 10 16:05:26 localhost sctpd[933556]: I0310 16:05:26.304284 934037 sctp_connection.cpp:193] Unhandled notification type 32777
Mar 10 16:05:30 localhost smsd[933377]: INFO:root:mme non_eps_service_config is not SMS_ORC8R, sleeping.
Mar 10 16:05:33 localhost dhclient[601]: DHCPREQUEST for 172.16.5.121 on eth1 to 172.16.5.2 port 67 (xid=0x4b4058b5)
Mar 10 16:05:35 localhost dnsmasq-dhcp[933447]: DHCPDISCOVER(eth1) fa:16:3e:2a:89:3f 
Mar 10 16:05:35 localhost dnsmasq-dhcp[933447]: DHCPOFFER(eth1) 172.16.7.251 fa:16:3e:2a:89:3f 
Mar 10 16:05:35 localhost smsd[933377]: INFO:root:mme non_eps_service_config is not SMS_ORC8R, sleeping.
Mar 10 16:05:38 localhost magmad[933209]: INFO:root:Setting logging level to INFO
Mar 10 16:05:41 localhost smsd[933377]: INFO:root:mme non_eps_service_config is not SMS_ORC8R, sleeping.
Mar 10 16:05:42 localhost sctpd[933556]: I0310 16:05:42.116219 933561 sctpd_downlink_impl.cpp:76] SctpdDownlinkImpl::SendDl starting
Mar 10 16:05:42 localhost sctpd[933556]: I0310 16:05:42.320061 934037 sctp_connection.cpp:167] HandleClientSock sd = 72
Mar 10 16:05:42 localhost sctpd[933556]: I0310 16:05:42.320173 934037 sctp_connection.cpp:193] Unhandled notification type 32777
Mar 10 16:05:42 localhost dnsmasq-dhcp[933447]: DHCPDISCOVER(eth1) fa:16:3e:2a:89:3f 
Mar 10 16:05:42 localhost dnsmasq-dhcp[933447]: DHCPOFFER(eth1) 172.16.7.251 fa:16:3e:2a:89:3f 
Mar 10 16:05:44 localhost dhclient[601]: DHCPREQUEST for 172.16.5.121 on eth1 to 172.16.5.2 port 67 (xid=0x4b4058b5)
Mar 10 16:05:45 localhost mobilityd[933281]: INFO:root:Using GW info: {'default': {2: ('172.16.4.1', 'eth0')}, 2: [('172.16.4.1', 'eth0', True)]}
Mar 10 16:05:45 localhost mobilityd[933281]: INFO:root:GW-v6 probe: timer started
Mar 10 16:05:46 localhost smsd[933377]: INFO:root:mme non_eps_service_config is not SMS_ORC8R, sleeping.
Mar 10 16:05:49 localhost control_proxy[933439]: 2022-03-10T16:05:49.253Z [127.0.0.1 -> streamer-controller.magmasi.wavelabs.in,8443] "POST /magma.orc8r.Streamer/GetUpdates HTTP/2" 200 91bytes 0.538s
Mar 10 16:05:49 localhost policydb[933338]: INFO:root:Processing 2 policy updates (resync=True)
Mar 10 16:05:50 localhost control_proxy[933439]: 2022-03-10T16:05:49.253Z [127.0.0.1 -> streamer-controller.magmasi.wavelabs.in,8443] "POST /magma.orc8r.Streamer/GetUpdates HTTP/2" 200 7bytes 0.273s
Mar 10 16:05:50 localhost policydb[933338]: INFO:root:Processing 0 basename -> policy updates
Mar 10 16:05:50 localhost control_proxy[933439]: 2022-03-10T16:05:50.072Z [127.0.0.1 -> streamer-controller.magmasi.wavelabs.in,8443] "POST /magma.orc8r.Streamer/GetUpdates HTTP/2" 200 5113bytes 0.294s
Mar 10 16:05:50 localhost policydb[933338]: INFO:root:Processing 222 SID -> apn -> policy updates
Mar 10 16:05:50 localhost control_proxy[933439]: 2022-03-10T16:05:50.072Z [127.0.0.1 -> streamer-controller.magmasi.wavelabs.in,8443] "POST /magma.orc8r.Streamer/GetUpdates HTTP/2" 200 7bytes 0.274s
Mar 10 16:05:50 localhost policydb[933338]: INFO:root:Processing 0 rating group updates
Mar 10 16:05:51 localhost smsd[933377]: INFO:root:mme non_eps_service_config is not SMS_ORC8R, sleeping.
Mar 10 16:05:53 localhost dnsmasq-dhcp[933447]: DHCPDISCOVER(eth1) fa:16:3e:2a:89:3f 
Mar 10 16:05:53 localhost dnsmasq-dhcp[933447]: DHCPOFFER(eth1) 172.16.7.251 fa:16:3e:2a:89:3f 
Mar 10 16:05:55 localhost dhclient[601]: DHCPREQUEST for 172.16.5.121 on eth1 to 172.16.5.2 port 67 (xid=0x4b4058b5)
Mar 10 16:05:56 localhost smsd[933377]: INFO:root:mme non_eps_service_config is not SMS_ORC8R, sleeping.
Mar 10 16:05:56 localhost magmad[933209]: ERROR:root:Metrics upload error for service subscriberdb (chunk 0)! [StatusCode.DEADLINE_EXCEEDED] Deadline Exceeded
Mar 10 16:05:56 localhost magmad[933209]: ERROR:root:Metrics upload error for service mobilityd (chunk 0)! [StatusCode.DEADLINE_EXCEEDED] Deadline Exceeded
Mar 10 16:05:56 localhost magmad[933209]: ERROR:root:Metrics upload error for service mme (chunk 0)! [StatusCode.DEADLINE_EXCEEDED] Deadline Exceeded
Mar 10 16:05:56 localhost magmad[933209]: ERROR:root:Metrics upload error for service magmad (chunk 0)! [StatusCode.DEADLINE_EXCEEDED] Deadline Exceeded
Mar 10 16:05:56 localhost magmad[933209]: ERROR:root:Metrics upload error for service enodebd (chunk 0)! [StatusCode.DEADLINE_EXCEEDED] Deadline Exceeded
Mar 10 16:05:56 localhost magmad[933209]: ERROR:root:Metrics upload error for service pipelined (chunk 0)! [StatusCode.DEADLINE_EXCEEDED] Deadline Exceeded
Mar 10 16:05:56 localhost magmad[933209]: ERROR:root:Metrics upload error for service state (chunk 0)! [StatusCode.DEADLINE_EXCEEDED] Deadline Exceeded
Mar 10 16:05:56 localhost magmad[933209]: ERROR:root:Metrics upload error for service sessiond (chunk 0)! [StatusCode.DEADLINE_EXCEEDED] Deadline Exceeded
Mar 10 16:05:56 localhost magmad[933209]: INFO:root:Checking for upgrade...
Mar 10 16:05:56 localhost magmad[933209]: WARNING:root:magmad package_version config missing or set to default 0.0.0-0, skipping upgrade
Mar 10 16:05:57 localhost control_proxy[933439]: 2022-03-10T16:05:57.043Z [127.0.0.1 -> state-controller.magmasi.wavelabs.in,8443] "POST /magma.orc8r.StateService/ReportStates HTTP/2" 200 5bytes 0.275s
Mar 10 16:05:57 localhost magmad[933209]: INFO:root:Checkin Successful! Successfully sent states to the cloud!
Mar 10 16:05:58 localhost sctpd[933556]: I0310 16:05:58.130779 934033 sctpd_downlink_impl.cpp:76] SctpdDownlinkImpl::SendDl starting
Mar 10 16:05:58 localhost sctpd[933556]: I0310 16:05:58.332096 934037 sctp_connection.cpp:167] HandleClientSock sd = 72
Mar 10 16:05:58 localhost sctpd[933556]: I0310 16:05:58.332213 934037 sctp_connection.cpp:193] Unhandled notification type 32777
Mar 10 16:06:01 localhost smsd[933377]: INFO:root:mme non_eps_service_config is not SMS_ORC8R, sleeping.
Mar 10 16:06:05 localhost mobilityd[933281]: INFO:root:Using GW info: {'default': {2: ('172.16.4.1', 'eth0')}, 2: [('172.16.4.1', 'eth0', True)]}
Mar 10 16:06:05 localhost mobilityd[933281]: INFO:root:GW-v6 probe: timer started
Mar 10 16:06:06 localhost smsd[933377]: INFO:root:mme non_eps_service_config is not SMS_ORC8R, sleeping.
Mar 10 16:06:06 localhost dnsmasq-dhcp[933447]: DHCPDISCOVER(eth1) fa:16:3e:2a:89:3f 
Mar 10 16:06:06 localhost dnsmasq-dhcp[933447]: DHCPOFFER(eth1) 172.16.7.251 fa:16:3e:2a:89:3f 
Mar 10 16:06:09 localhost dhclient[601]: DHCPREQUEST for 172.16.5.121 on eth1 to 172.16.5.2 port 67 (xid=0x4b4058b5)
Mar 10 16:06:11 localhost smsd[933377]: INFO:root:mme non_eps_service_config is not SMS_ORC8R, sleeping.
Mar 10 16:06:14 localhost sctpd[933556]: I0310 16:06:14.138707 934033 sctpd_downlink_impl.cpp:76] SctpdDownlinkImpl::SendDl starting
Mar 10 16:06:14 localhost sctpd[933556]: I0310 16:06:14.340232 934037 sctp_connection.cpp:167] HandleClientSock sd = 72
Mar 10 16:06:14 localhost sctpd[933556]: I0310 16:06:14.340368 934037 sctp_connection.cpp:193] Unhandled notification type 32777
Mar 10 16:06:14 localhost dnsmasq-dhcp[933447]: DHCPDISCOVER(eth1) fa:16:3e:2a:89:3f 
Mar 10 16:06:14 localhost dnsmasq-dhcp[933447]: DHCPOFFER(eth1) 172.16.7.251 fa:16:3e:2a:89:3f 
Mar 10 16:06:16 localhost smsd[933377]: INFO:root:mme non_eps_service_config is not SMS_ORC8R, sleeping.
Mar 10 16:06:20 localhost sctpd[933556]: I0310 16:06:20.409977 934037 sctp_connection.cpp:167] HandleClientSock sd = 72
Mar 10 16:06:20 localhost sctpd[933556]: I0310 16:06:20.410089 934037 sctp_connection.cpp:220] [sd:72] msg of len 72 on 3703:1
Mar 10 16:06:20 localhost sctpd[933556]: I0310 16:06:20.610987 934037 sctp_connection.cpp:167] HandleClientSock sd = 72
Mar 10 16:06:20 localhost sctpd[933556]: I0310 16:06:20.611088 934037 sctp_connection.cpp:220] [sd:72] msg of len 70 on 3703:1
Mar 10 16:06:20 localhost sessiond[933291]: I0310 16:06:20.617444 933291 SetMessageManagerHandler.cpp:142] Release request for session from IMSI: IMSI222700000000001 pdu_id 1
Mar 10 16:06:20 localhost sctpd[933556]: I0310 16:06:20.617622 933561 sctpd_downlink_impl.cpp:76] SctpdDownlinkImpl::SendDl starting
Mar 10 16:06:20 localhost sctpd[933556]: I0310 16:06:20.618203 933561 sctpd_downlink_impl.cpp:76] SctpdDownlinkImpl::SendDl starting
