Apr  4 21:28:30 localhost dhclient[601]: DHCPREQUEST for 172.16.5.121 on eth1 to 172.16.5.2 port 67 (xid=0x25c866c5)
Apr  4 21:28:30 localhost mobilityd[2825469]: INFO:root:Using GW info: {'default': {2: ('172.16.4.1', 'eth0')}, 2: [('172.16.4.1', 'eth0', True)]}
Apr  4 21:28:30 localhost mobilityd[2825469]: INFO:root:GW-v6 probe: timer started
Apr  4 21:28:32 localhost smsd[2825569]: INFO:root:mme non_eps_service_config is not SMS_ORC8R, sleeping.
Apr  4 21:28:42 localhost smsd[2825569]: message repeated 2 times: [ INFO:root:mme non_eps_service_config is not SMS_ORC8R, sleeping.]
Apr  4 21:28:46 localhost control_proxy[2825621]: 2022-04-04T21:28:46.296Z [127.0.0.1 -> state-controller.magmasi.wavelabs.in,8443] "POST /magma.orc8r.StateService/ReportStates HTTP/2" 200 5bytes 0.261s
Apr  4 21:28:46 localhost magmad[2825401]: INFO:root:Checkin Successful! Successfully sent states to the cloud!
Apr  4 21:28:47 localhost smsd[2825569]: INFO:root:mme non_eps_service_config is not SMS_ORC8R, sleeping.
Apr  4 21:28:50 localhost mobilityd[2825469]: INFO:root:Using GW info: {'default': {2: ('172.16.4.1', 'eth0')}, 2: [('172.16.4.1', 'eth0', True)]}
Apr  4 21:28:50 localhost mobilityd[2825469]: INFO:root:GW-v6 probe: timer started
Apr  4 21:28:51 localhost dhclient[601]: DHCPREQUEST for 172.16.5.121 on eth1 to 172.16.5.2 port 67 (xid=0x25c866c5)
Apr  4 21:28:52 localhost sctpd[2825747]: I0404 21:28:52.264035 2826189 sctp_connection.cpp:195] Unhandled notification type 32776
Apr  4 21:28:52 localhost sctpd[2825747]: I0404 21:28:52.411428 2826189 sctp_connection.cpp:195] Unhandled notification type 32776
Apr  4 21:28:52 localhost sctpd[2825747]: I0404 21:28:52.579090 2826189 sctp_connection.cpp:195] Unhandled notification type 32776
Apr  4 21:28:52 localhost sctpd[2825747]: I0404 21:28:52.737172 2826189 sctp_connection.cpp:195] Unhandled notification type 32776
Apr  4 21:28:52 localhost smsd[2825569]: INFO:root:mme non_eps_service_config is not SMS_ORC8R, sleeping.
Apr  4 21:28:52 localhost sctpd[2825747]: I0404 21:28:52.878667 2826189 sctp_connection.cpp:195] Unhandled notification type 32776
Apr  4 21:28:53 localhost sctpd[2825747]: I0404 21:28:53.063987 2826189 sctp_connection.cpp:195] Unhandled notification type 32776
Apr  4 21:28:53 localhost sctpd[2825747]: I0404 21:28:53.240525 2826189 sctp_connection.cpp:195] Unhandled notification type 32776
Apr  4 21:28:53 localhost sctpd[2825747]: I0404 21:28:53.386512 2826189 sctp_connection.cpp:195] Unhandled notification type 32776
Apr  4 21:28:53 localhost sctpd[2825747]: I0404 21:28:53.581408 2826189 sctp_connection.cpp:195] Unhandled notification type 32776
Apr  4 21:28:53 localhost sctpd[2825747]: I0404 21:28:53.729655 2826189 sctp_connection.cpp:195] Unhandled notification type 32776
Apr  4 21:28:53 localhost sctpd[2825747]: I0404 21:28:53.872402 2826189 sctp_connection.cpp:195] Unhandled notification type 32776
Apr  4 21:28:54 localhost sctpd[2825747]: I0404 21:28:54.016301 2826189 sctp_connection.cpp:195] Unhandled notification type 32776
Apr  4 21:28:55 localhost sctpd[2825747]: I0404 21:28:55.074127 2826189 sctp_connection.cpp:195] Unhandled notification type 32777
Apr  4 21:28:56 localhost magmad[2825401]: ERROR:root:Metrics upload error for service subscriberdb (chunk 0)! [StatusCode.DEADLINE_EXCEEDED] Deadline Exceeded
Apr  4 21:28:56 localhost magmad[2825401]: ERROR:root:Metrics upload error for service mobilityd (chunk 0)! [StatusCode.DEADLINE_EXCEEDED] Deadline Exceeded
Apr  4 21:28:56 localhost magmad[2825401]: ERROR:root:Metrics upload error for service mme (chunk 0)! [StatusCode.DEADLINE_EXCEEDED] Deadline Exceeded
Apr  4 21:28:56 localhost magmad[2825401]: ERROR:root:Metrics upload error for service magmad (chunk 0)! [StatusCode.DEADLINE_EXCEEDED] Deadline Exceeded
Apr  4 21:28:56 localhost magmad[2825401]: ERROR:root:Metrics upload error for service enodebd (chunk 0)! [StatusCode.DEADLINE_EXCEEDED] Deadline Exceeded
Apr  4 21:28:56 localhost magmad[2825401]: ERROR:root:Metrics upload error for service pipelined (chunk 0)! [StatusCode.DEADLINE_EXCEEDED] Deadline Exceeded
Apr  4 21:28:56 localhost magmad[2825401]: ERROR:root:Metrics upload error for service state (chunk 0)! [StatusCode.DEADLINE_EXCEEDED] Deadline Exceeded
Apr  4 21:28:56 localhost magmad[2825401]: ERROR:root:Metrics upload error for service sessiond (chunk 0)! [StatusCode.DEADLINE_EXCEEDED] Deadline Exceeded
Apr  4 21:28:57 localhost smsd[2825569]: INFO:root:mme non_eps_service_config is not SMS_ORC8R, sleeping.
Apr  4 21:29:07 localhost smsd[2825569]: message repeated 2 times: [ INFO:root:mme non_eps_service_config is not SMS_ORC8R, sleeping.]
Apr  4 21:29:09 localhost dhclient[601]: DHCPREQUEST for 172.16.5.121 on eth1 to 172.16.5.2 port 67 (xid=0x25c866c5)
Apr  4 21:29:09 localhost control_proxy[2825621]: 2022-04-04T21:28:08.920Z [127.0.0.1 -> streamer-controller.magmasi.wavelabs.in,8443] "POST /magma.orc8r.Streamer/GetUpdates HTTP/2" 200 0bytes 60.623s
Apr  4 21:29:09 localhost magmad[2825401]: ERROR:root:Error! Streaming from the cloud failed! [StatusCode.ABORTED] error while streaming updates: rpc error: code = DeadlineExceeded desc = context deadline exceeded
Apr  4 21:29:10 localhost mobilityd[2825469]: INFO:root:Using GW info: {'default': {2: ('172.16.4.1', 'eth0')}, 2: [('172.16.4.1', 'eth0', True)]}
Apr  4 21:29:10 localhost mobilityd[2825469]: INFO:root:GW-v6 probe: timer started
Apr  4 21:29:11 localhost magmad[2825401]: INFO:root:[SyncRPC] Got heartBeat from cloud
Apr  4 21:29:12 localhost smsd[2825569]: INFO:root:mme non_eps_service_config is not SMS_ORC8R, sleeping.
Apr  4 21:29:17 localhost sctpd[2825747]: I0404 21:29:17.008168 2826189 sctp_connection.cpp:195] Unhandled notification type 32776
Apr  4 21:29:17 localhost smsd[2825569]: INFO:root:mme non_eps_service_config is not SMS_ORC8R, sleeping.
Apr  4 21:29:20 localhost control_proxy[2825621]: 2022-04-04T21:29:19.496Z [127.0.0.1 -> streamer-controller.magmasi.wavelabs.in,8443] "POST /magma.orc8r.Streamer/GetUpdates HTTP/2" 200 173bytes 0.729s
Apr  4 21:29:20 localhost policydb[2825545]: INFO:root:Processing 4 policy updates (resync=True)
Apr  4 21:29:20 localhost control_proxy[2825621]: 2022-04-04T21:29:20.232Z [127.0.0.1 -> streamer-controller.magmasi.wavelabs.in,8443] "POST /magma.orc8r.Streamer/GetUpdates HTTP/2" 200 7bytes 0.376s
Apr  4 21:29:20 localhost policydb[2825545]: INFO:root:Processing 0 basename -> policy updates
Apr  4 21:29:21 localhost control_proxy[2825621]: 2022-04-04T21:29:20.232Z [127.0.0.1 -> streamer-controller.magmasi.wavelabs.in,8443] "POST /magma.orc8r.Streamer/GetUpdates HTTP/2" 200 13513bytes 0.406s
Apr  4 21:29:21 localhost policydb[2825545]: INFO:root:Processing 222 SID -> apn -> policy updates
Apr  4 21:29:21 localhost control_proxy[2825621]: 2022-04-04T21:29:21.027Z [127.0.0.1 -> streamer-controller.magmasi.wavelabs.in,8443] "POST /magma.orc8r.Streamer/GetUpdates HTTP/2" 200 7bytes 0.358s
Apr  4 21:29:21 localhost policydb[2825545]: INFO:root:Processing 0 rating group updates
Apr  4 21:29:22 localhost smsd[2825569]: INFO:root:mme non_eps_service_config is not SMS_ORC8R, sleeping.
Apr  4 21:29:25 localhost dhclient[601]: DHCPREQUEST for 172.16.5.121 on eth1 to 172.16.5.2 port 67 (xid=0x25c866c5)
Apr  4 21:29:26 localhost sctpd[2825747]: I0404 21:29:26.756623 2826189 sctp_connection.cpp:195] Unhandled notification type 32777
Apr  4 21:29:27 localhost sctpd[2825747]: I0404 21:29:27.006579 2826189 sctp_connection.cpp:195] Unhandled notification type 32777
Apr  4 21:29:27 localhost smsd[2825569]: INFO:root:mme non_eps_service_config is not SMS_ORC8R, sleeping.
Apr  4 21:29:30 localhost mobilityd[2825469]: INFO:root:Using GW info: {'default': {2: ('172.16.4.1', 'eth0')}, 2: [('172.16.4.1', 'eth0', True)]}
Apr  4 21:29:30 localhost mobilityd[2825469]: INFO:root:GW-v6 probe: timer started
Apr  4 21:29:33 localhost smsd[2825569]: INFO:root:mme non_eps_service_config is not SMS_ORC8R, sleeping.
Apr  4 21:29:36 localhost dhclient[601]: DHCPREQUEST for 172.16.5.121 on eth1 to 172.16.5.2 port 67 (xid=0x25c866c5)
Apr  4 21:29:38 localhost smsd[2825569]: INFO:root:mme non_eps_service_config is not SMS_ORC8R, sleeping.
Apr  4 21:29:43 localhost smsd[2825569]: INFO:root:mme non_eps_service_config is not SMS_ORC8R, sleeping.
Apr  4 21:29:47 localhost magmad[2825401]: INFO:root:Setting logging level to INFO
Apr  4 21:29:48 localhost smsd[2825569]: INFO:root:mme non_eps_service_config is not SMS_ORC8R, sleeping.
Apr  4 21:29:48 localhost sctpd[2825747]: I0404 21:29:48.406198 2826189 sctp_connection.cpp:195] Unhandled notification type 32776
Apr  4 21:29:48 localhost dhclient[601]: DHCPREQUEST for 172.16.5.121 on eth1 to 172.16.5.2 port 67 (xid=0x25c866c5)
Apr  4 21:29:50 localhost mobilityd[2825469]: INFO:root:Using GW info: {'default': {2: ('172.16.4.1', 'eth0')}, 2: [('172.16.4.1', 'eth0', True)]}
Apr  4 21:29:50 localhost mobilityd[2825469]: INFO:root:GW-v6 probe: timer started
Apr  4 21:29:53 localhost smsd[2825569]: INFO:root:mme non_eps_service_config is not SMS_ORC8R, sleeping.
Apr  4 21:29:58 localhost sctpd[2825747]: I0404 21:29:58.050418 2826189 sctp_connection.cpp:195] Unhandled notification type 32777
Apr  4 21:29:58 localhost smsd[2825569]: INFO:root:mme non_eps_service_config is not SMS_ORC8R, sleeping.
Apr  4 21:29:58 localhost sctpd[2825747]: I0404 21:29:58.286319 2826189 sctp_connection.cpp:195] Unhandled notification type 32777
Apr  4 21:29:58 localhost dhclient[601]: DHCPREQUEST for 172.16.5.121 on eth1 to 172.16.5.2 port 67 (xid=0x25c866c5)
Apr  4 21:30:03 localhost smsd[2825569]: INFO:root:mme non_eps_service_config is not SMS_ORC8R, sleeping.
Apr  4 21:30:05 localhost magmad[2825401]: ERROR:root:Metrics upload error for service subscriberdb (chunk 0)! [StatusCode.DEADLINE_EXCEEDED] Deadline Exceeded
Apr  4 21:30:05 localhost magmad[2825401]: ERROR:root:Metrics upload error for service mobilityd (chunk 0)! [StatusCode.DEADLINE_EXCEEDED] Deadline Exceeded
Apr  4 21:30:05 localhost magmad[2825401]: ERROR:root:Metrics upload error for service mme (chunk 0)! [StatusCode.DEADLINE_EXCEEDED] Deadline Exceeded
Apr  4 21:30:05 localhost magmad[2825401]: ERROR:root:Metrics upload error for service magmad (chunk 0)! [StatusCode.DEADLINE_EXCEEDED] Deadline Exceeded
Apr  4 21:30:05 localhost magmad[2825401]: ERROR:root:Metrics upload error for service enodebd (chunk 0)! [StatusCode.DEADLINE_EXCEEDED] Deadline Exceeded
Apr  4 21:30:05 localhost magmad[2825401]: ERROR:root:Metrics upload error for service pipelined (chunk 0)! [StatusCode.DEADLINE_EXCEEDED] Deadline Exceeded
Apr  4 21:30:05 localhost magmad[2825401]: ERROR:root:Metrics upload error for service state (chunk 0)! [StatusCode.DEADLINE_EXCEEDED] Deadline Exceeded
Apr  4 21:30:05 localhost magmad[2825401]: ERROR:root:Metrics upload error for service sessiond (chunk 0)! [StatusCode.DEADLINE_EXCEEDED] Deadline Exceeded
Apr  4 21:30:06 localhost control_proxy[2825621]: 2022-04-04T21:30:05.882Z [127.0.0.1 -> state-controller.magmasi.wavelabs.in,8443] "POST /magma.orc8r.StateService/ReportStates HTTP/2" 200 5bytes 0.510s
Apr  4 21:30:06 localhost magmad[2825401]: INFO:root:Checkin Successful! Successfully sent states to the cloud!
Apr  4 21:30:08 localhost magmad[2825401]: INFO:root:Checking for upgrade...
Apr  4 21:30:08 localhost magmad[2825401]: WARNING:root:magmad package_version config missing or set to default 0.0.0-0, skipping upgrade
Apr  4 21:30:08 localhost smsd[2825569]: INFO:root:mme non_eps_service_config is not SMS_ORC8R, sleeping.
Apr  4 21:30:10 localhost dhclient[601]: DHCPREQUEST for 172.16.5.121 on eth1 to 172.16.5.2 port 67 (xid=0x25c866c5)
Apr  4 21:30:10 localhost mobilityd[2825469]: INFO:root:Using GW info: {'default': {2: ('172.16.4.1', 'eth0')}, 2: [('172.16.4.1', 'eth0', True)]}
Apr  4 21:30:10 localhost mobilityd[2825469]: INFO:root:GW-v6 probe: timer started
Apr  4 21:30:11 localhost magmad[2825401]: INFO:root:[SyncRPC] Got heartBeat from cloud
Apr  4 21:30:13 localhost smsd[2825569]: INFO:root:mme non_eps_service_config is not SMS_ORC8R, sleeping.
Apr  4 21:30:18 localhost smsd[2825569]: INFO:root:mme non_eps_service_config is not SMS_ORC8R, sleeping.
Apr  4 21:30:19 localhost sctpd[2825747]: I0404 21:30:19.666841 2826189 sctp_connection.cpp:195] Unhandled notification type 32776
Apr  4 21:30:19 localhost sctpd[2825747]: I0404 21:30:19.789355 2826189 sctp_connection.cpp:195] Unhandled notification type 32776
Apr  4 21:30:20 localhost sctpd[2825747]: I0404 21:30:20.850457 2826189 sctp_connection.cpp:195] Unhandled notification type 32777
Apr  4 21:30:20 localhost sctpd[2825747]: I0404 21:30:20.961110 2826189 sctp_connection.cpp:195] Unhandled notification type 32777
Apr  4 21:30:21 localhost sctpd[2825747]: I0404 21:30:21.194768 2826189 sctp_connection.cpp:195] Unhandled notification type 32777
Apr  4 21:30:21 localhost sctpd[2825747]: I0404 21:30:21.309216 2826189 sctp_connection.cpp:195] Unhandled notification type 32777
Apr  4 21:30:21 localhost mme[2826144]: [DEBUG] Sending S6A-UPDATE_LOCATION_REQUEST with IMSI: 222700000000001
Apr  4 21:30:21 localhost mme[2826144]: [INFO] Received S6A-LOCATION-UPDATE_ANSWER for IMSI: 222700000000001; Status: ; StatusCode: 2001
Apr  4 21:30:21 localhost mme[2826144]: [INFO] sent itti S6A-LOCATION-UPDATE_ANSWER for IMSI: 222700000000001
Apr  4 21:30:21 localhost sctpd[2825747]: I0404 21:30:21.419975 2826189 sctp_connection.cpp:195] Unhandled notification type 32777
Apr  4 21:30:21 localhost control_proxy[2825621]: 2022-04-04T21:30:21.448Z [127.0.0.1 -> streamer-controller.magmasi.wavelabs.in,8443] "POST /magma.orc8r.Streamer/GetUpdates HTTP/2" 200 173bytes 0.524s
Apr  4 21:30:21 localhost policydb[2825545]: INFO:root:Processing 4 policy updates (resync=True)
Apr  4 21:30:22 localhost control_proxy[2825621]: 2022-04-04T21:30:21.448Z [127.0.0.1 -> streamer-controller.magmasi.wavelabs.in,8443] "POST /magma.orc8r.Streamer/GetUpdates HTTP/2" 200 7bytes 0.268s
Apr  4 21:30:22 localhost policydb[2825545]: INFO:root:Processing 0 basename -> policy updates
Apr  4 21:30:22 localhost control_proxy[2825621]: 2022-04-04T21:30:22.248Z [127.0.0.1 -> streamer-controller.magmasi.wavelabs.in,8443] "POST /magma.orc8r.Streamer/GetUpdates HTTP/2" 200 13513bytes 0.294s
Apr  4 21:30:22 localhost policydb[2825545]: INFO:root:Processing 222 SID -> apn -> policy updates
Apr  4 21:30:22 localhost control_proxy[2825621]: 2022-04-04T21:30:22.248Z [127.0.0.1 -> streamer-controller.magmasi.wavelabs.in,8443] "POST /magma.orc8r.Streamer/GetUpdates HTTP/2" 200 7bytes 0.268s
Apr  4 21:30:22 localhost policydb[2825545]: INFO:root:Processing 0 rating group updates
Apr  4 21:30:23 localhost smsd[2825569]: INFO:root:mme non_eps_service_config is not SMS_ORC8R, sleeping.
Apr  4 21:30:23 localhost mobilityd[2825469]: INFO:root:Allocated IP 192.168.128.90 for sid IMSI222700000000001 for apn default
Apr  4 21:30:23 localhost policydb[2825545]: INFO:root:Creating a session for subscriber ID: IMSI222700000000001
Apr  4 21:30:23 localhost sessiond[2825478]: I0404 21:30:23.682530 2825478 SetMessageManagerHandler.cpp:342] Processing a CreateSessionResponse for IMSI222700000000001-1091
Apr  4 21:30:23 localhost sessiond[2825478]: I0404 21:30:23.682884 2825478 SessionState.cpp:2774] RuleID allowlist_sid-IMSI222700000000001-default doesn't have a version registered for IMSI222700000000001-1091, this is unexpected
Apr  4 21:30:23 localhost mme[2826144]: PDUSessionResourceSetupRequestTransfer ::= {
Apr  4 21:30:23 localhost mme[2826144]:     protocolIEs: ProtocolIE-Container ::= {
Apr  4 21:30:23 localhost mme[2826144]:         PDUSessionResourceSetupRequestTransferIEs ::= {
Apr  4 21:30:23 localhost mme[2826144]:             id: 130
Apr  4 21:30:23 localhost mme[2826144]:             criticality: 0 (reject)
Apr  4 21:30:23 localhost mme[2826144]:             value: PDUSessionAggregateMaximumBitRate ::= {
Apr  4 21:30:23 localhost mme[2826144]:                 pDUSessionAggregateMaximumBitRateDL: 100000000
Apr  4 21:30:23 localhost mme[2826144]:                 pDUSessionAggregateMaximumBitRateUL: 100000000
Apr  4 21:30:23 localhost mme[2826144]:             }
Apr  4 21:30:23 localhost mme[2826144]:         }
Apr  4 21:30:23 localhost mme[2826144]:         PDUSessionResourceSetupRequestTransferIEs ::= {
Apr  4 21:30:23 localhost mme[2826144]:             id: 139
Apr  4 21:30:23 localhost mme[2826144]:             criticality: 0 (reject)
Apr  4 21:30:23 localhost mme[2826144]:             value: GTPTunnel ::= {
Apr  4 21:30:23 localhost mme[2826144]:                 transportLayerAddress: AC 10 05 79
Apr  4 21:30:23 localhost mme[2826144]:                 gTP-TEID: 80 00 00 00
Apr  4 21:30:23 localhost mme[2826144]:             }
Apr  4 21:30:23 localhost mme[2826144]:         }
Apr  4 21:30:23 localhost mme[2826144]:         PDUSessionResourceSetupRequestTransferIEs ::= {
Apr  4 21:30:23 localhost mme[2826144]:             id: 134
Apr  4 21:30:23 localhost mme[2826144]:             criticality: 0 (reject)
Apr  4 21:30:23 localhost mme[2826144]:             value: 0 (ipv4)
Apr  4 21:30:23 localhost mme[2826144]:         }
Apr  4 21:30:23 localhost mme[2826144]:         PDUSessionResourceSetupRequestTransferIEs ::= {
Apr  4 21:30:23 localhost mme[2826144]:             id: 136
Apr  4 21:30:23 localhost mme[2826144]:             criticality: 0 (reject)
Apr  4 21:30:23 localhost mme[2826144]:             value: QosFlowSetupRequestList ::= {
Apr  4 21:30:23 localhost mme[2826144]:                 QosFlowSetupRequestItem ::= {
Apr  4 21:30:23 localhost mme[2826144]:                     qosFlowIdentifier: 9
Apr  4 21:30:23 localhost mme[2826144]:                     qosFlowLevelQosParameters: QosFlowLevelQosParameters ::= {
Apr  4 21:30:23 localhost mme[2826144]:                         qosCharacteristics: NonDynamic5QIDescriptor ::= {
Apr  4 21:30:23 localhost mme[2826144]:                             fiveQI: 9
Apr  4 21:30:23 localhost mme[2826144]:                         }
Apr  4 21:30:23 localhost mme[2826144]:                         allocationAndRetentionPriority: AllocationAndRetentionPriority ::= {
Apr  4 21:30:23 localhost mme[2826144]:                             priorityLevelARP: 15
Apr  4 21:30:23 localhost mme[2826144]:                             pre-emptionCapability: 0 (shall-not-trigger-pre-emption)
Apr  4 21:30:23 localhost mme[2826144]:                             pre-emptionVulnerability: 0 (not-pre-emptable)
Apr  4 21:30:23 localhost mme[2826144]:                         }
Apr  4 21:30:23 localhost mme[2826144]:                     }
Apr  4 21:30:23 localhost mme[2826144]:                 }
Apr  4 21:30:23 localhost mme[2826144]:             }
Apr  4 21:30:23 localhost mme[2826144]:         }
Apr  4 21:30:23 localhost mme[2826144]:     }
Apr  4 21:30:23 localhost mme[2826144]: }
Apr  4 21:30:23 localhost sctpd[2825747]: I0404 21:30:23.766795 2826189 sctp_connection.cpp:195] Unhandled notification type 32777
Apr  4 21:30:23 localhost sessiond[2825478]: I0404 21:30:23.770287 2825478 SessionStateEnforcer.cpp:869]  AMF teid: 40000000 ip address 10.10.10.11 of imsi: IMSI222700000000001 fteid: 2147483648 pdu id: 1 UE ip address 192.168.128.90
Apr  4 21:30:23 localhost eventd[2825559]: DEBUG:root:Logging event: stream_name: "sessiond"
Apr  4 21:30:23 localhost eventd[2825559]: event_type: "session_created"
Apr  4 21:30:23 localhost eventd[2825559]: tag: "IMSI222700000000001"
Apr  4 21:30:23 localhost eventd[2825559]: value: "{\"mac_addr\":\"\",\"user_location\":\"\",\"spgw_ip\":\"\",\"imei\":\"\",\"pdp_start_time\":94219547397424,\"session_id\":\"IMSI222700000000001-1091\",\"apn\":\"default\",\"msisdn\":\"\",\"charging_characteristics\":\"\",\"ipv6_addr\":\"\",\"ip_addr\":\"192.168.128.90\",\"imsi\":\"IMSI222700000000001\"}"
Apr  4 21:30:23 localhost eventd[2825559]: ERROR:root:Connection to FluentBit failed: [Errno 111] Connection refused
Apr  4 21:30:23 localhost eventd[2825559]: INFO:root:FluentBit (td-agent-bit) may not be enabled or configured correctly
Apr  4 21:30:23 localhost sessiond[2825478]: I0404 21:30:23.781039 2825495 SessionEvents.cpp:131] Could not log session_created event {"mac_addr":"","user_location":"","spgw_ip":"","imei":"","pdp_start_time":94219547397424,"session_id":"IMSI222700000000001-1091","apn":"default","msisdn":"","charging_characteristics":"","ipv6_addr":"","ip_addr":"192.168.128.90","imsi":"IMSI222700000000001"}, Error Message: Could not connect to FluentBit locally, Details: [Errno 111] Connection refused
Apr  4 21:30:25 localhost mme[2826144]: InitiatingMessage ::= {
Apr  4 21:30:25 localhost mme[2826144]:     procedureCode: 28
Apr  4 21:30:25 localhost mme[2826144]:     criticality: 1 (ignore)
Apr  4 21:30:25 localhost mme[2826144]:     value: PDUSessionResourceReleaseCommand ::= {
Apr  4 21:30:25 localhost mme[2826144]:         protocolIEs: ProtocolIE-Container ::= {
Apr  4 21:30:25 localhost mme[2826144]:             PDUSessionResourceReleaseCommandIEs ::= {
Apr  4 21:30:25 localhost mme[2826144]:                 id: 10
Apr  4 21:30:25 localhost mme[2826144]:                 criticality: 0 (reject)
Apr  4 21:30:25 localhost mme[2826144]:                 value: 23
Apr  4 21:30:25 localhost mme[2826144]:             }
Apr  4 21:30:25 localhost mme[2826144]:             PDUSessionResourceReleaseCommandIEs ::= {
Apr  4 21:30:25 localhost mme[2826144]:                 id: 85
Apr  4 21:30:25 localhost mme[2826144]:                 criticality: 0 (reject)
Apr  4 21:30:25 localhost mme[2826144]:                 value: 4294967295
Apr  4 21:30:25 localhost mme[2826144]:             }
Apr  4 21:30:25 localhost mme[2826144]:             PDUSessionResourceReleaseCommandIEs ::= {
Apr  4 21:30:25 localhost mme[2826144]:                 id: 38
Apr  4 21:30:25 localhost mme[2826144]:                 criticality: 0 (reject)
Apr  4 21:30:25 localhost mme[2826144]:                 value:
Apr  4 21:30:25 localhost mme[2826144]:                     7E 01 E6 19 9A 6C 03 7E 00 68 01 00 05 2E 01 01
Apr  4 21:30:25 localhost mme[2826144]:                     D3 24 12 01
Apr  4 21:30:25 localhost mme[2826144]:             }
Apr  4 21:30:25 localhost mme[2826144]:             PDUSessionResourceReleaseCommandIEs ::= {
Apr  4 21:30:25 localhost mme[2826144]:                 id: 79
Apr  4 21:30:25 localhost mme[2826144]:                 criticality: 0 (reject)
Apr  4 21:30:25 localhost mme[2826144]:                 value: PDUSessionResourceToReleaseListRelCmd ::= {
Apr  4 21:30:25 localhost mme[2826144]:                 }
Apr  4 21:30:25 localhost mme[2826144]:             }
Apr  4 21:30:25 localhost mme[2826144]:         }
Apr  4 21:30:25 localhost mme[2826144]:     }
Apr  4 21:30:25 localhost mme[2826144]: }
Apr  4 21:30:26 localhost sctpd[2825747]: I0404 21:30:26.040475 2826189 sctp_connection.cpp:195] Unhandled notification type 32777
Apr  4 21:30:28 localhost smsd[2825569]: INFO:root:mme non_eps_service_config is not SMS_ORC8R, sleeping.
Apr  4 21:30:28 localhost dhclient[601]: DHCPREQUEST for 172.16.5.121 on eth1 to 172.16.5.2 port 67 (xid=0x25c866c5)
Apr  4 21:30:30 localhost mobilityd[2825469]: INFO:root:Using GW info: {'default': {2: ('172.16.4.1', 'eth0')}, 2: [('172.16.4.1', 'eth0', True)]}
Apr  4 21:30:30 localhost mobilityd[2825469]: INFO:root:GW-v6 probe: timer started
Apr  4 21:30:33 localhost smsd[2825569]: INFO:root:mme non_eps_service_config is not SMS_ORC8R, sleeping.
Apr  4 21:30:38 localhost smsd[2825569]: INFO:root:mme non_eps_service_config is not SMS_ORC8R, sleeping.
Apr  4 21:30:40 localhost dhclient[601]: DHCPREQUEST for 172.16.5.121 on eth1 to 172.16.5.2 port 67 (xid=0x25c866c5)
Apr  4 21:30:42 localhost sctpd[2825747]: I0404 21:30:42.205201 2826189 sctp_connection.cpp:195] Unhandled notification type 32777
Apr  4 21:30:43 localhost smsd[2825569]: INFO:root:mme non_eps_service_config is not SMS_ORC8R, sleeping.
Apr  4 21:30:48 localhost smsd[2825569]: INFO:root:mme non_eps_service_config is not SMS_ORC8R, sleeping.
Apr  4 21:30:50 localhost mobilityd[2825469]: INFO:root:Using GW info: {'default': {2: ('172.16.4.1', 'eth0')}, 2: [('172.16.4.1', 'eth0', True)]}
Apr  4 21:30:50 localhost mobilityd[2825469]: INFO:root:GW-v6 probe: timer started
Apr  4 21:30:53 localhost smsd[2825569]: INFO:root:mme non_eps_service_config is not SMS_ORC8R, sleeping.
Apr  4 21:30:56 localhost magmad[2825401]: ERROR:root:Metrics upload error for service subscriberdb (chunk 0)! [StatusCode.DEADLINE_EXCEEDED] Deadline Exceeded
Apr  4 21:30:56 localhost magmad[2825401]: ERROR:root:Metrics upload error for service mobilityd (chunk 0)! [StatusCode.DEADLINE_EXCEEDED] Deadline Exceeded
Apr  4 21:30:56 localhost magmad[2825401]: ERROR:root:Metrics upload error for service mme (chunk 0)! [StatusCode.DEADLINE_EXCEEDED] Deadline Exceeded
Apr  4 21:30:56 localhost magmad[2825401]: ERROR:root:Metrics upload error for service magmad (chunk 0)! [StatusCode.DEADLINE_EXCEEDED] Deadline Exceeded
Apr  4 21:30:56 localhost magmad[2825401]: ERROR:root:Metrics upload error for service enodebd (chunk 0)! [StatusCode.DEADLINE_EXCEEDED] Deadline Exceeded
Apr  4 21:30:56 localhost magmad[2825401]: ERROR:root:Metrics upload error for service pipelined (chunk 0)! [StatusCode.DEADLINE_EXCEEDED] Deadline Exceeded
Apr  4 21:30:56 localhost magmad[2825401]: ERROR:root:Metrics upload error for service state (chunk 0)! [StatusCode.DEADLINE_EXCEEDED] Deadline Exceeded
Apr  4 21:30:56 localhost magmad[2825401]: ERROR:root:Metrics upload error for service sessiond (chunk 0)! [StatusCode.DEADLINE_EXCEEDED] Deadline Exceeded
Apr  4 21:30:57 localhost dhclient[601]: DHCPREQUEST for 172.16.5.121 on eth1 to 172.16.5.2 port 67 (xid=0x25c866c5)
Apr  4 21:30:58 localhost sctpd[2825747]: I0404 21:30:58.213289 2826189 sctp_connection.cpp:195] Unhandled notification type 32777
Apr  4 21:30:58 localhost smsd[2825569]: INFO:root:mme non_eps_service_config is not SMS_ORC8R, sleeping.
Apr  4 21:31:03 localhost smsd[2825569]: INFO:root:mme non_eps_service_config is not SMS_ORC8R, sleeping.
Apr  4 21:31:06 localhost magmad[2825401]: INFO:root:Setting logging level to INFO
Apr  4 21:31:08 localhost smsd[2825569]: INFO:root:mme non_eps_service_config is not SMS_ORC8R, sleeping.
Apr  4 21:31:09 localhost control_proxy[2825621]: 2022-04-04T21:30:09.597Z [127.0.0.1 -> streamer-controller.magmasi.wavelabs.in,8443] "POST /magma.orc8r.Streamer/GetUpdates HTTP/2" 200 0bytes 60.256s
Apr  4 21:31:09 localhost magmad[2825401]: ERROR:root:Error! Streaming from the cloud failed! [StatusCode.ABORTED] error while streaming updates: rpc error: code = DeadlineExceeded desc = context deadline exceeded
Apr  4 21:31:10 localhost dhclient[601]: DHCPREQUEST for 172.16.5.121 on eth1 to 172.16.5.2 port 67 (xid=0x25c866c5)
Apr  4 21:31:10 localhost mobilityd[2825469]: INFO:root:Using GW info: {'default': {2: ('172.16.4.1', 'eth0')}, 2: [('172.16.4.1', 'eth0', True)]}
Apr  4 21:31:10 localhost mobilityd[2825469]: INFO:root:GW-v6 probe: timer started
Apr  4 21:31:11 localhost control_proxy[2825621]: 2022-04-04T21:31:10.822Z [127.0.0.1 -> state-controller.magmasi.wavelabs.in,8443] "POST /magma.orc8r.StateService/SyncStates HTTP/2" 200 5bytes 0.271s
Apr  4 21:31:11 localhost state[2825552]: INFO:root:Successfully resynced state with Orchestrator!
Apr  4 21:31:11 localhost magmad[2825401]: INFO:root:[SyncRPC] Got heartBeat from cloud
Apr  4 21:31:13 localhost smsd[2825569]: INFO:root:mme non_eps_service_config is not SMS_ORC8R, sleeping.
Apr  4 21:31:14 localhost sctpd[2825747]: I0404 21:31:14.229252 2826189 sctp_connection.cpp:195] Unhandled notification type 32777
Apr  4 21:31:18 localhost smsd[2825569]: INFO:root:mme non_eps_service_config is not SMS_ORC8R, sleeping.
Apr  4 21:31:23 localhost control_proxy[2825621]: 2022-04-04T21:31:22.855Z [127.0.0.1 -> streamer-controller.magmasi.wavelabs.in,8443] "POST /magma.orc8r.Streamer/GetUpdates HTTP/2" 200 173bytes 0.518s
Apr  4 21:31:23 localhost policydb[2825545]: INFO:root:Processing 4 policy updates (resync=True)
Apr  4 21:31:23 localhost control_proxy[2825621]: 2022-04-04T21:31:23.377Z [127.0.0.1 -> streamer-controller.magmasi.wavelabs.in,8443] "POST /magma.orc8r.Streamer/GetUpdates HTTP/2" 200 7bytes 0.269s
Apr  4 21:31:23 localhost policydb[2825545]: INFO:root:Processing 0 basename -> policy updates
Apr  4 21:31:23 localhost smsd[2825569]: INFO:root:mme non_eps_service_config is not SMS_ORC8R, sleeping.
Apr  4 21:31:23 localhost control_proxy[2825621]: 2022-04-04T21:31:23.377Z [127.0.0.1 -> streamer-controller.magmasi.wavelabs.in,8443] "POST /magma.orc8r.Streamer/GetUpdates HTTP/2" 200 13513bytes 0.296s
Apr  4 21:31:23 localhost policydb[2825545]: INFO:root:Processing 222 SID -> apn -> policy updates
Apr  4 21:31:24 localhost control_proxy[2825621]: 2022-04-04T21:31:23.377Z [127.0.0.1 -> streamer-controller.magmasi.wavelabs.in,8443] "POST /magma.orc8r.Streamer/GetUpdates HTTP/2" 200 7bytes 0.266s
Apr  4 21:31:24 localhost policydb[2825545]: INFO:root:Processing 0 rating group updates
Apr  4 21:31:25 localhost dhclient[601]: DHCPREQUEST for 172.16.5.121 on eth1 to 172.16.5.2 port 67 (xid=0x25c866c5)
Apr  4 21:31:25 localhost control_proxy[2825621]: 2022-04-04T21:31:25.494Z [127.0.0.1 -> state-controller.magmasi.wavelabs.in,8443] "POST /magma.orc8r.StateService/ReportStates HTTP/2" 200 5bytes 0.265s
Apr  4 21:31:25 localhost magmad[2825401]: INFO:root:Checkin Successful! Successfully sent states to the cloud!
Apr  4 21:31:28 localhost smsd[2825569]: INFO:root:mme non_eps_service_config is not SMS_ORC8R, sleeping.
Apr  4 21:31:30 localhost sctpd[2825747]: I0404 21:31:30.245342 2826189 sctp_connection.cpp:195] Unhandled notification type 32777
Apr  4 21:31:30 localhost mobilityd[2825469]: INFO:root:Using GW info: {'default': {2: ('172.16.4.1', 'eth0')}, 2: [('172.16.4.1', 'eth0', True)]}
Apr  4 21:31:30 localhost mobilityd[2825469]: INFO:root:GW-v6 probe: timer started
Apr  4 21:31:33 localhost smsd[2825569]: INFO:root:mme non_eps_service_config is not SMS_ORC8R, sleeping.
Apr  4 21:31:43 localhost smsd[2825569]: message repeated 2 times: [ INFO:root:mme non_eps_service_config is not SMS_ORC8R, sleeping.]
Apr  4 21:31:44 localhost dhclient[601]: DHCPREQUEST for 172.16.5.121 on eth1 to 172.16.5.2 port 67 (xid=0x25c866c5)
Apr  4 21:31:46 localhost sessiond[2825478]: I0404 21:31:46.042821 2825478 SetMessageManagerHandler.cpp:142] Release request for session from IMSI: IMSI222700000000001 pdu_id 1
Apr  4 21:31:46 localhost mobilityd[2825469]: INFO:root:Released IP 192.168.128.90 for sid IMSI222700000000001
Apr  4 21:31:46 localhost policydb[2825545]: INFO:root:Terminating session: IMSI222700000000001-1091
Apr  4 21:31:46 localhost eventd[2825559]: DEBUG:root:Logging event: stream_name: "sessiond"
Apr  4 21:31:46 localhost eventd[2825559]: event_type: "session_terminated"
Apr  4 21:31:46 localhost eventd[2825559]: tag: "IMSI222700000000001"
Apr  4 21:31:46 localhost eventd[2825559]: value: "{\"mac_addr\":\"\",\"user_location\":\"\",\"spgw_ip\":\"\",\"imei\":\"\",\"record_sequence_number\":1,\"pdp_end_time\":19,\"charging_rx\":0,\"duration\":-94219547397405,\"ip_addr\":\"192.168.128.90\",\"monitoring_tx\":0,\"ipv6_addr\":\"\",\"msisdn\":\"\",\"apn\":\"default\",\"session_id\":\"IMSI222700000000001-1091\",\"list_of_service_data\":[],\"charging_characteristics\":\"\",\"total_tx\":0,\"cause_for_rec_closing\":0,\"imsi\":\"IMSI222700000000001\",\"total_rx\":0,\"monitoring_rx\":0,\"charging_tx\":0,\"pdp_start_time\":94219547397424}"
Apr  4 21:31:46 localhost eventd[2825559]: ERROR:root:Connection to FluentBit failed: [Errno 111] Connection refused
Apr  4 21:31:46 localhost eventd[2825559]: INFO:root:FluentBit (td-agent-bit) may not be enabled or configured correctly
Apr  4 21:31:46 localhost sessiond[2825478]: I0404 21:31:46.062129 2825495 SessionEvents.cpp:291] Could not log session_terminated event {"mac_addr":"","user_location":"","spgw_ip":"","imei":"","record_sequence_number":1,"pdp_end_time":19,"charging_rx":0,"duration":-94219547397405,"ip_addr":"192.168.128.90","monitoring_tx":0,"ipv6_addr":"","msisdn":"","apn":"default","session_id":"IMSI222700000000001-1091","list_of_service_data":[],"charging_characteristics":"","total_tx":0,"cause_for_rec_closing":0,"imsi":"IMSI222700000000001","total_rx":0,"monitoring_rx":0,"charging_tx":0,"pdp_start_time":94219547397424}, Error Message: Could not connect to FluentBit locally, Details: [Errno 111] Connection refused
Apr  4 21:31:48 localhost smsd[2825569]: INFO:root:mme non_eps_service_config is not SMS_ORC8R, sleeping.
Apr  4 21:31:50 localhost mobilityd[2825469]: INFO:root:Using GW info: {'default': {2: ('172.16.4.1', 'eth0')}, 2: [('172.16.4.1', 'eth0', True)]}
Apr  4 21:31:50 localhost mobilityd[2825469]: INFO:root:GW-v6 probe: timer started
Apr  4 21:31:51 localhost sessiond[2825478]: I0404 21:31:51.052634 2825478 SessionStateEnforcer.cpp:377] Nothing to remove as no respective entry found for session id IMSI222700000000001-1091 of IMSI IMSI222700000000001
Apr  4 21:31:52 localhost dhclient[601]: DHCPREQUEST for 172.16.5.121 on eth1 to 172.16.5.2 port 67 (xid=0x25c866c5)
Apr  4 21:31:53 localhost smsd[2825569]: INFO:root:mme non_eps_service_config is not SMS_ORC8R, sleeping.
Apr  4 21:31:54 localhost sctpd[2825747]: I0404 21:31:54.710722 2826189 sctp_connection.cpp:195] Unhandled notification type 32776
Apr  4 21:31:55 localhost sctpd[2825747]: I0404 21:31:55.770969 2826189 sctp_connection.cpp:195] Unhandled notification type 32777
Apr  4 21:31:56 localhost sctpd[2825747]: I0404 21:31:56.003387 2826189 sctp_connection.cpp:195] Unhandled notification type 32777
Apr  4 21:31:56 localhost sctpd[2825747]: I0404 21:31:56.120133 2826189 sctp_connection.cpp:195] Unhandled notification type 32777
Apr  4 21:31:56 localhost mme[2826144]: [DEBUG] Sending S6A-UPDATE_LOCATION_REQUEST with IMSI: 222700000000001
Apr  4 21:31:56 localhost mme[2826144]: [INFO] Received S6A-LOCATION-UPDATE_ANSWER for IMSI: 222700000000001; Status: ; StatusCode: 2001
Apr  4 21:31:56 localhost mme[2826144]: [INFO] sent itti S6A-LOCATION-UPDATE_ANSWER for IMSI: 222700000000001
Apr  4 21:31:56 localhost sctpd[2825747]: I0404 21:31:56.241500 2826189 sctp_connection.cpp:195] Unhandled notification type 32777
Apr  4 21:31:56 localhost magmad[2825401]: ERROR:root:Metrics upload error for service subscriberdb (chunk 0)! [StatusCode.DEADLINE_EXCEEDED] Deadline Exceeded
Apr  4 21:31:56 localhost sctpd[2825747]: I0404 21:31:56.649082 2826189 sctp_connection.cpp:195] Unhandled notification type 32777
Apr  4 21:31:56 localhost magmad[2825401]: ERROR:root:Metrics upload error for service mobilityd (chunk 0)! [StatusCode.DEADLINE_EXCEEDED] Deadline Exceeded
Apr  4 21:31:56 localhost magmad[2825401]: ERROR:root:Metrics upload error for service mme (chunk 0)! [StatusCode.DEADLINE_EXCEEDED] Deadline Exceeded
Apr  4 21:31:56 localhost magmad[2825401]: ERROR:root:Metrics upload error for service magmad (chunk 0)! [StatusCode.DEADLINE_EXCEEDED] Deadline Exceeded
Apr  4 21:31:56 localhost magmad[2825401]: ERROR:root:Metrics upload error for service enodebd (chunk 0)! [StatusCode.DEADLINE_EXCEEDED] Deadline Exceeded
Apr  4 21:31:56 localhost magmad[2825401]: ERROR:root:Metrics upload error for service pipelined (chunk 0)! [StatusCode.DEADLINE_EXCEEDED] Deadline Exceeded
Apr  4 21:31:56 localhost magmad[2825401]: ERROR:root:Metrics upload error for service state (chunk 0)! [StatusCode.DEADLINE_EXCEEDED] Deadline Exceeded
Apr  4 21:31:56 localhost magmad[2825401]: ERROR:root:Metrics upload error for service sessiond (chunk 0)! [StatusCode.DEADLINE_EXCEEDED] Deadline Exceeded
Apr  4 21:31:58 localhost smsd[2825569]: INFO:root:mme non_eps_service_config is not SMS_ORC8R, sleeping.
Apr  4 21:32:02 localhost mme[2826144]: [DEBUG] Sending S6A-UPDATE_LOCATION_REQUEST with IMSI: 222700000000001
Apr  4 21:32:02 localhost mme[2826144]: [INFO] Received S6A-LOCATION-UPDATE_ANSWER for IMSI: 222700000000001; Status: ; StatusCode: 2001
Apr  4 21:32:02 localhost mme[2826144]: [INFO] sent itti S6A-LOCATION-UPDATE_ANSWER for IMSI: 222700000000001
Apr  4 21:32:02 localhost sctpd[2825747]: I0404 21:32:02.332899 2826189 sctp_connection.cpp:195] Unhandled notification type 32777
Apr  4 21:32:03 localhost smsd[2825569]: INFO:root:mme non_eps_service_config is not SMS_ORC8R, sleeping.
Apr  4 21:32:04 localhost dhclient[601]: DHCPREQUEST for 172.16.5.121 on eth1 to 172.16.5.2 port 67 (xid=0x25c866c5)
Apr  4 21:32:08 localhost mme[2826144]: [DEBUG] Sending S6A-UPDATE_LOCATION_REQUEST with IMSI: 222700000000001
Apr  4 21:32:08 localhost mme[2826144]: [INFO] Received S6A-LOCATION-UPDATE_ANSWER for IMSI: 222700000000001; Status: ; StatusCode: 2001
Apr  4 21:32:08 localhost mme[2826144]: [INFO] sent itti S6A-LOCATION-UPDATE_ANSWER for IMSI: 222700000000001
Apr  4 21:32:08 localhost smsd[2825569]: INFO:root:mme non_eps_service_config is not SMS_ORC8R, sleeping.
Apr  4 21:32:10 localhost mobilityd[2825469]: INFO:root:Using GW info: {'default': {2: ('172.16.4.1', 'eth0')}, 2: [('172.16.4.1', 'eth0', True)]}
Apr  4 21:32:10 localhost mobilityd[2825469]: INFO:root:GW-v6 probe: timer started
Apr  4 21:32:11 localhost magmad[2825401]: INFO:root:[SyncRPC] Got heartBeat from cloud
Apr  4 21:32:12 localhost sctpd[2825747]: I0404 21:32:12.468562 2826189 sctp_connection.cpp:195] Unhandled notification type 32776
Apr  4 21:32:13 localhost sctpd[2825747]: I0404 21:32:13.531170 2826189 sctp_connection.cpp:195] Unhandled notification type 32777
Apr  4 21:32:13 localhost smsd[2825569]: INFO:root:mme non_eps_service_config is not SMS_ORC8R, sleeping.
Apr  4 21:32:14 localhost mme[2826144]: [DEBUG] Sending S6A-UPDATE_LOCATION_REQUEST with IMSI: 222700000000001
Apr  4 21:32:14 localhost mme[2826144]: [INFO] Received S6A-LOCATION-UPDATE_ANSWER for IMSI: 222700000000001; Status: ; StatusCode: 2001
Apr  4 21:32:14 localhost mme[2826144]: [INFO] sent itti S6A-LOCATION-UPDATE_ANSWER for IMSI: 222700000000001
Apr  4 21:32:17 localhost dhclient[601]: DHCPREQUEST for 172.16.5.121 on eth1 to 172.16.5.2 port 67 (xid=0x25c866c5)
Apr  4 21:32:19 localhost smsd[2825569]: INFO:root:mme non_eps_service_config is not SMS_ORC8R, sleeping.
Apr  4 21:32:20 localhost mme[2826144]: [DEBUG] Sending S6A-UPDATE_LOCATION_REQUEST with IMSI: 222700000000001
Apr  4 21:32:20 localhost mme[2826144]: [INFO] Received S6A-LOCATION-UPDATE_ANSWER for IMSI: 222700000000001; Status: ; StatusCode: 2001
Apr  4 21:32:20 localhost mme[2826144]: [INFO] sent itti S6A-LOCATION-UPDATE_ANSWER for IMSI: 222700000000001
Apr  4 21:32:24 localhost smsd[2825569]: INFO:root:mme non_eps_service_config is not SMS_ORC8R, sleeping.
Apr  4 21:32:24 localhost control_proxy[2825621]: 2022-04-04T21:32:24.279Z [127.0.0.1 -> streamer-controller.magmasi.wavelabs.in,8443] "POST /magma.orc8r.Streamer/GetUpdates HTTP/2" 200 173bytes 0.524s
Apr  4 21:32:24 localhost policydb[2825545]: INFO:root:Processing 4 policy updates (resync=True)
Apr  4 21:32:25 localhost control_proxy[2825621]: 2022-04-04T21:32:24.279Z [127.0.0.1 -> streamer-controller.magmasi.wavelabs.in,8443] "POST /magma.orc8r.Streamer/GetUpdates HTTP/2" 200 7bytes 0.266s
Apr  4 21:32:25 localhost policydb[2825545]: INFO:root:Processing 0 basename -> policy updates
Apr  4 21:32:25 localhost control_proxy[2825621]: 2022-04-04T21:32:25.078Z [127.0.0.1 -> streamer-controller.magmasi.wavelabs.in,8443] "POST /magma.orc8r.Streamer/GetUpdates HTTP/2" 200 13513bytes 0.327s
Apr  4 21:32:25 localhost policydb[2825545]: INFO:root:Processing 222 SID -> apn -> policy updates
Apr  4 21:32:25 localhost control_proxy[2825621]: 2022-04-04T21:32:25.078Z [127.0.0.1 -> streamer-controller.magmasi.wavelabs.in,8443] "POST /magma.orc8r.Streamer/GetUpdates HTTP/2" 200 7bytes 0.266s
Apr  4 21:32:25 localhost policydb[2825545]: INFO:root:Processing 0 rating group updates
Apr  4 21:32:26 localhost magmad[2825401]: INFO:root:Setting logging level to INFO
Apr  4 21:32:29 localhost smsd[2825569]: INFO:root:mme non_eps_service_config is not SMS_ORC8R, sleeping.
Apr  4 21:32:30 localhost mobilityd[2825469]: INFO:root:Using GW info: {'default': {2: ('172.16.4.1', 'eth0')}, 2: [('172.16.4.1', 'eth0', True)]}
Apr  4 21:32:30 localhost mobilityd[2825469]: INFO:root:GW-v6 probe: timer started
Apr  4 21:32:32 localhost dhclient[601]: DHCPREQUEST for 172.16.5.121 on eth1 to 172.16.5.2 port 67 (xid=0x25c866c5)
Apr  4 21:32:34 localhost smsd[2825569]: INFO:root:mme non_eps_service_config is not SMS_ORC8R, sleeping.
Apr  4 21:32:34 localhost sctpd[2825747]: I0404 21:32:34.996066 2826189 sctp_connection.cpp:195] Unhandled notification type 32776
Apr  4 21:32:36 localhost sctpd[2825747]: I0404 21:32:36.047869 2826189 sctp_connection.cpp:195] Unhandled notification type 32777
Apr  4 21:32:36 localhost sctpd[2825747]: I0404 21:32:36.270920 2826189 sctp_connection.cpp:195] Unhandled notification type 32777
Apr  4 21:32:36 localhost sctpd[2825747]: I0404 21:32:36.384918 2826189 sctp_connection.cpp:195] Unhandled notification type 32777
Apr  4 21:32:36 localhost mme[2826144]: [DEBUG] Sending S6A-UPDATE_LOCATION_REQUEST with IMSI: 222700000000001
Apr  4 21:32:36 localhost mme[2826144]: [INFO] Received S6A-LOCATION-UPDATE_ANSWER for IMSI: 222700000000001; Status: ; StatusCode: 2001
Apr  4 21:32:36 localhost mme[2826144]: [INFO] sent itti S6A-LOCATION-UPDATE_ANSWER for IMSI: 222700000000001
Apr  4 21:32:36 localhost sctpd[2825747]: I0404 21:32:36.497659 2826189 sctp_connection.cpp:195] Unhandled notification type 32777
Apr  4 21:32:38 localhost sctpd[2825747]: I0404 21:32:38.885885 2826189 sctp_connection.cpp:195] Unhandled notification type 32777
Apr  4 21:32:39 localhost smsd[2825569]: INFO:root:mme non_eps_service_config is not SMS_ORC8R, sleeping.
Apr  4 21:32:39 localhost dhclient[601]: DHCPREQUEST for 172.16.5.121 on eth1 to 172.16.5.2 port 67 (xid=0x25c866c5)
Apr  4 21:32:41 localhost sctpd[2825747]: I0404 21:32:41.102746 2826189 sctp_connection.cpp:195] Unhandled notification type 32777
Apr  4 21:32:41 localhost sctpd[2825747]: I0404 21:32:41.215216 2826189 sctp_connection.cpp:195] Unhandled notification type 32777
Apr  4 21:32:41 localhost sctpd[2825747]: I0404 21:32:41.333381 2826189 sctp_connection.cpp:195] Unhandled notification type 32777
Apr  4 21:32:41 localhost mme[2826144]: [DEBUG] Sending S6A-UPDATE_LOCATION_REQUEST with IMSI: 222700000000001
Apr  4 21:32:41 localhost mme[2826144]: [INFO] Received S6A-LOCATION-UPDATE_ANSWER for IMSI: 222700000000001; Status: ; StatusCode: 2001
Apr  4 21:32:41 localhost mme[2826144]: [INFO] sent itti S6A-LOCATION-UPDATE_ANSWER for IMSI: 222700000000001
Apr  4 21:32:41 localhost sctpd[2825747]: I0404 21:32:41.445717 2826189 sctp_connection.cpp:195] Unhandled notification type 32777
Apr  4 21:32:44 localhost smsd[2825569]: INFO:root:mme non_eps_service_config is not SMS_ORC8R, sleeping.
Apr  4 21:32:45 localhost control_proxy[2825621]: 2022-04-04T21:32:45.021Z [127.0.0.1 -> state-controller.magmasi.wavelabs.in,8443] "POST /magma.orc8r.StateService/ReportStates HTTP/2" 200 5bytes 0.355s
Apr  4 21:32:45 localhost magmad[2825401]: INFO:root:Checkin Successful! Successfully sent states to the cloud!
Apr  4 21:32:49 localhost smsd[2825569]: INFO:root:mme non_eps_service_config is not SMS_ORC8R, sleeping.
Apr  4 21:32:50 localhost mobilityd[2825469]: INFO:root:Using GW info: {'default': {2: ('172.16.4.1', 'eth0')}, 2: [('172.16.4.1', 'eth0', True)]}
Apr  4 21:32:50 localhost mobilityd[2825469]: INFO:root:GW-v6 probe: timer started
Apr  4 21:32:54 localhost smsd[2825569]: INFO:root:mme non_eps_service_config is not SMS_ORC8R, sleeping.
Apr  4 21:32:54 localhost dhclient[601]: DHCPREQUEST for 172.16.5.121 on eth1 to 172.16.5.2 port 67 (xid=0x25c866c5)
Apr  4 21:32:59 localhost smsd[2825569]: INFO:root:mme non_eps_service_config is not SMS_ORC8R, sleeping.
Apr  4 21:33:00 localhost sctpd[2825747]: I0404 21:33:00.020784 2826189 sctp_connection.cpp:195] Unhandled notification type 32776
Apr  4 21:33:00 localhost sctpd[2825747]: I0404 21:33:00.220482 2826189 sctp_connection.cpp:195] Unhandled notification type 32776
Apr  4 21:33:01 localhost sctpd[2825747]: I0404 21:33:01.282007 2826189 sctp_connection.cpp:195] Unhandled notification type 32777
Apr  4 21:33:01 localhost sctpd[2825747]: I0404 21:33:01.393254 2826189 sctp_connection.cpp:195] Unhandled notification type 32777
Apr  4 21:33:01 localhost sctpd[2825747]: I0404 21:33:01.709009 2826189 sctp_connection.cpp:195] Unhandled notification type 32777
Apr  4 21:33:01 localhost sctpd[2825747]: I0404 21:33:01.729276 2826189 sctp_connection.cpp:195] Unhandled notification type 32777
Apr  4 21:33:01 localhost sctpd[2825747]: I0404 21:33:01.847246 2826189 sctp_connection.cpp:195] Unhandled notification type 32777
Apr  4 21:33:01 localhost sctpd[2825747]: I0404 21:33:01.960844 2826189 sctp_connection.cpp:195] Unhandled notification type 32777
Apr  4 21:33:01 localhost mme[2826144]: [DEBUG] Sending S6A-UPDATE_LOCATION_REQUEST with IMSI: 222700000000001
Apr  4 21:33:01 localhost mme[2826144]: [INFO] Received S6A-LOCATION-UPDATE_ANSWER for IMSI: 222700000000001; Status: ; StatusCode: 2001
Apr  4 21:33:01 localhost mme[2826144]: [INFO] sent itti S6A-LOCATION-UPDATE_ANSWER for IMSI: 222700000000001
Apr  4 21:33:02 localhost sctpd[2825747]: I0404 21:33:02.080242 2826189 sctp_connection.cpp:195] Unhandled notification type 32777
Apr  4 21:33:04 localhost smsd[2825569]: INFO:root:mme non_eps_service_config is not SMS_ORC8R, sleeping.
Apr  4 21:33:04 localhost sctpd[2825747]: I0404 21:33:04.513273 2826189 sctp_connection.cpp:195] Unhandled notification type 32777
Apr  4 21:33:06 localhost sctpd[2825747]: I0404 21:33:06.786492 2826189 sctp_connection.cpp:195] Unhandled notification type 32777
Apr  4 21:33:06 localhost sctpd[2825747]: I0404 21:33:06.897074 2826189 sctp_connection.cpp:195] Unhandled notification type 32777
Apr  4 21:33:06 localhost mme[2826144]: [DEBUG] Sending S6A-UPDATE_LOCATION_REQUEST with IMSI: 222700000000001
Apr  4 21:33:06 localhost mme[2826144]: [INFO] Received S6A-LOCATION-UPDATE_ANSWER for IMSI: 222700000000001; Status: ; StatusCode: 2001
Apr  4 21:33:06 localhost mme[2826144]: [INFO] sent itti S6A-LOCATION-UPDATE_ANSWER for IMSI: 222700000000001
Apr  4 21:33:07 localhost sctpd[2825747]: I0404 21:33:07.008790 2826189 sctp_connection.cpp:195] Unhandled notification type 32777
Apr  4 21:33:07 localhost sctpd[2825747]: I0404 21:33:07.377104 2826189 sctp_connection.cpp:195] Unhandled notification type 32777
Apr  4 21:33:09 localhost smsd[2825569]: INFO:root:mme non_eps_service_config is not SMS_ORC8R, sleeping.
Apr  4 21:33:10 localhost control_proxy[2825621]: 2022-04-04T21:32:09.912Z [127.0.0.1 -> streamer-controller.magmasi.wavelabs.in,8443] "POST /magma.orc8r.Streamer/GetUpdates HTTP/2" 200 0bytes 60.515s
Apr  4 21:33:10 localhost magmad[2825401]: ERROR:root:Error! Streaming from the cloud failed! [StatusCode.ABORTED] error while streaming updates: rpc error: code = DeadlineExceeded desc = context deadline exceeded
Apr  4 21:33:10 localhost mobilityd[2825469]: INFO:root:Using GW info: {'default': {2: ('172.16.4.1', 'eth0')}, 2: [('172.16.4.1', 'eth0', True)]}
Apr  4 21:33:10 localhost mobilityd[2825469]: INFO:root:GW-v6 probe: timer started
Apr  4 21:33:11 localhost magmad[2825401]: INFO:root:[SyncRPC] Got heartBeat from cloud
Apr  4 21:33:11 localhost dhclient[601]: DHCPREQUEST for 172.16.5.121 on eth1 to 172.16.5.2 port 67 (xid=0x25c866c5)
Apr  4 21:33:14 localhost smsd[2825569]: INFO:root:mme non_eps_service_config is not SMS_ORC8R, sleeping.
Apr  4 21:33:15 localhost magmad[2825401]: ERROR:root:Metrics upload error for service subscriberdb (chunk 0)! [StatusCode.DEADLINE_EXCEEDED] Deadline Exceeded
Apr  4 21:33:15 localhost magmad[2825401]: ERROR:root:Metrics upload error for service mobilityd (chunk 0)! [StatusCode.DEADLINE_EXCEEDED] Deadline Exceeded
Apr  4 21:33:15 localhost magmad[2825401]: ERROR:root:Metrics upload error for service mme (chunk 0)! [StatusCode.DEADLINE_EXCEEDED] Deadline Exceeded
Apr  4 21:33:15 localhost magmad[2825401]: ERROR:root:Metrics upload error for service magmad (chunk 0)! [StatusCode.DEADLINE_EXCEEDED] Deadline Exceeded
Apr  4 21:33:15 localhost subscriberdb[2825467]: INFO:root:get digest stored in gateway:
Apr  4 21:33:15 localhost magmad[2825401]: ERROR:root:Metrics upload error for service enodebd (chunk 0)! [StatusCode.DEADLINE_EXCEEDED] Deadline Exceeded
Apr  4 21:33:15 localhost magmad[2825401]: ERROR:root:Metrics upload error for service pipelined (chunk 0)! [StatusCode.DEADLINE_EXCEEDED] Deadline Exceeded
Apr  4 21:33:15 localhost magmad[2825401]: ERROR:root:Metrics upload error for service state (chunk 0)! [StatusCode.DEADLINE_EXCEEDED] Deadline Exceeded
Apr  4 21:33:15 localhost magmad[2825401]: ERROR:root:Metrics upload error for service sessiond (chunk 0)! [StatusCode.DEADLINE_EXCEEDED] Deadline Exceeded
Apr  4 21:33:15 localhost control_proxy[2825621]: 2022-04-04T21:33:15.044Z [127.0.0.1 -> subscriberdb-controller.magmasi.wavelabs.in,8443] "POST /magma.lte.SubscriberDBCloud/CheckInSync HTTP/2" 200 0bytes 0.249s
Apr  4 21:33:15 localhost subscriberdb[2825467]: ERROR:root:Internal Error in subscriberdb-Orc8r communication. If AGW and Orc8r are deployed at a commit hash, upgrade AGW and Orc8r to latest commit hash.
Apr  4 21:33:15 localhost control_proxy[2825621]: 2022-04-04T21:33:15.044Z [127.0.0.1 -> subscriberdb-controller.magmasi.wavelabs.in,8443] "POST /magma.lte.SubscriberDBCloud/Sync HTTP/2" 200 0bytes 0.249s
Apr  4 21:33:15 localhost subscriberdb[2825467]: ERROR:root:Internal Error in subscriberdb-Orc8r communication. If AGW and Orc8r are deployed at a commit hash, upgrade AGW and Orc8r to latest commit hash.
Apr  4 21:33:16 localhost control_proxy[2825621]: 2022-04-04T21:33:15.044Z [127.0.0.1 -> subscriberdb-controller.magmasi.wavelabs.in,8443] "POST /magma.lte.SubscriberDBCloud/ListSubscribers HTTP/2" 200 44088bytes 0.555s
Apr  4 21:33:16 localhost subscriberdb[2825467]: INFO:root:Successfully fetched all subscriber pages from the cloud!
