Mar 10 14:10:16 localhost sctpd[901301]: I0310 14:10:16.739069 901787 sctp_connection.cpp:220] [sd:46] msg of len 56 on 3473:1
Mar 10 14:10:17 localhost sctpd[901301]: I0310 14:10:17.713361 901787 sctp_connection.cpp:167] HandleClientSock sd = 46
Mar 10 14:10:17 localhost sctpd[901301]: I0310 14:10:17.713477 901787 sctp_connection.cpp:220] [sd:46] msg of len 70 on 3473:1
Mar 10 14:10:17 localhost sctpd[901301]: I0310 14:10:17.719359 901306 sctpd_downlink_impl.cpp:76] SctpdDownlinkImpl::SendDl starting
Mar 10 14:10:17 localhost sctpd[901301]: I0310 14:10:17.720083 901306 sctpd_downlink_impl.cpp:76] SctpdDownlinkImpl::SendDl starting
Mar 10 14:10:17 localhost sctpd[901301]: I0310 14:10:17.972599 901787 sctp_connection.cpp:167] HandleClientSock sd = 46
Mar 10 14:10:17 localhost sctpd[901301]: I0310 14:10:17.972715 901787 sctp_connection.cpp:193] Unhandled notification type 32777
Mar 10 14:10:17 localhost sctpd[901301]: I0310 14:10:17.972734 901787 sctp_connection.cpp:167] HandleClientSock sd = 46
Mar 10 14:10:17 localhost sctpd[901301]: I0310 14:10:17.972755 901787 sctp_connection.cpp:220] [sd:46] msg of len 22 on 3473:1
Mar 10 14:10:18 localhost sctpd[901301]: I0310 14:10:18.174835 901787 sctp_connection.cpp:167] HandleClientSock sd = 46
Mar 10 14:10:18 localhost sctpd[901301]: I0310 14:10:18.174934 901787 sctp_connection.cpp:220] [sd:46] msg of len 42 on 3473:0
Mar 10 14:10:18 localhost sctpd[901301]: I0310 14:10:18.176937 901306 sctpd_downlink_impl.cpp:76] SctpdDownlinkImpl::SendDl starting
Mar 10 14:10:18 localhost sctpd[901301]: I0310 14:10:18.235085 901787 sctp_connection.cpp:167] HandleClientSock sd = 46
Mar 10 14:10:18 localhost sctpd[901301]: I0310 14:10:18.235170 901787 sctp_connection.cpp:193] Unhandled notification type 32777
Mar 10 14:10:18 localhost sctpd[901301]: I0310 14:10:18.235189 901787 sctp_connection.cpp:167] HandleClientSock sd = 46
Mar 10 14:10:18 localhost sctpd[901301]: I0310 14:10:18.235208 901787 sctp_connection.cpp:220] [sd:46] msg of len 71 on 3473:1
Mar 10 14:10:18 localhost sctpd[901301]: I0310 14:10:18.238941 901306 sctpd_downlink_impl.cpp:76] SctpdDownlinkImpl::SendDl starting
Mar 10 14:10:18 localhost sctpd[901301]: I0310 14:10:18.239600 901306 sctpd_downlink_impl.cpp:76] SctpdDownlinkImpl::SendDl starting
Mar 10 14:10:18 localhost sctpd[901301]: I0310 14:10:18.496841 901787 sctp_connection.cpp:167] HandleClientSock sd = 46
Mar 10 14:10:18 localhost sctpd[901301]: I0310 14:10:18.496942 901787 sctp_connection.cpp:193] Unhandled notification type 32777
Mar 10 14:10:18 localhost sctpd[901301]: I0310 14:10:18.496960 901787 sctp_connection.cpp:167] HandleClientSock sd = 46
Mar 10 14:10:18 localhost sctpd[901301]: I0310 14:10:18.496980 901787 sctp_connection.cpp:220] [sd:46] msg of len 22 on 3473:1
Mar 10 14:10:20 localhost smsd[901134]: INFO:root:mme non_eps_service_config is not SMS_ORC8R, sleeping.
Mar 10 14:10:20 localhost dnsmasq-dhcp[901212]: DHCPDISCOVER(eth1) fa:16:3e:2a:89:3f 
Mar 10 14:10:20 localhost dnsmasq-dhcp[901212]: DHCPOFFER(eth1) 172.16.7.251 fa:16:3e:2a:89:3f 
Mar 10 14:10:25 localhost smsd[901134]: INFO:root:mme non_eps_service_config is not SMS_ORC8R, sleeping.
Mar 10 14:10:25 localhost sctpd[901301]: I0310 14:10:25.793540 901787 sctp_connection.cpp:167] HandleClientSock sd = 46
Mar 10 14:10:25 localhost sctpd[901301]: I0310 14:10:25.793642 901787 sctp_connection.cpp:185] SCTP_SHUTDOWN_EVENT received
Mar 10 14:10:25 localhost sctpd[901301]: I0310 14:10:25.793655 901787 sctp_connection.cpp:280] Sending close connection for assoc_id 3473
Mar 10 14:10:27 localhost dhclient[601]: DHCPREQUEST for 172.16.5.121 on eth1 to 172.16.5.2 port 67 (xid=0x4b4058b5)
Mar 10 14:10:28 localhost magmad[900959]: ERROR:root:Metrics upload error for service subscriberdb (chunk 0)! [StatusCode.DEADLINE_EXCEEDED] Deadline Exceeded
Mar 10 14:10:28 localhost magmad[900959]: ERROR:root:Metrics upload error for service mobilityd (chunk 0)! [StatusCode.DEADLINE_EXCEEDED] Deadline Exceeded
Mar 10 14:10:28 localhost magmad[900959]: ERROR:root:Metrics upload error for service mme (chunk 0)! [StatusCode.DEADLINE_EXCEEDED] Deadline Exceeded
Mar 10 14:10:28 localhost magmad[900959]: ERROR:root:Metrics upload error for service magmad (chunk 0)! [StatusCode.DEADLINE_EXCEEDED] Deadline Exceeded
Mar 10 14:10:28 localhost magmad[900959]: ERROR:root:Metrics upload error for service enodebd (chunk 0)! [StatusCode.DEADLINE_EXCEEDED] Deadline Exceeded
Mar 10 14:10:28 localhost magmad[900959]: ERROR:root:Metrics upload error for service pipelined (chunk 0)! [StatusCode.DEADLINE_EXCEEDED] Deadline Exceeded
Mar 10 14:10:28 localhost magmad[900959]: ERROR:root:Metrics upload error for service state (chunk 0)! [StatusCode.DEADLINE_EXCEEDED] Deadline Exceeded
Mar 10 14:10:28 localhost magmad[900959]: ERROR:root:Metrics upload error for service sessiond (chunk 0)! [StatusCode.DEADLINE_EXCEEDED] Deadline Exceeded
Mar 10 14:10:28 localhost control_proxy[901175]: 2022-03-10T14:10:28.154Z [127.0.0.1 -> state-controller.magmasi.wavelabs.in,8443] "POST /magma.orc8r.StateService/ReportStates HTTP/2" 200 5bytes 0.511s
Mar 10 14:10:28 localhost magmad[900959]: INFO:root:Checkin Successful! Successfully sent states to the cloud!
Mar 10 14:10:30 localhost magmad[900959]: INFO:root:Checking for upgrade...
Mar 10 14:10:30 localhost magmad[900959]: WARNING:root:magmad package_version config missing or set to default 0.0.0-0, skipping upgrade
Mar 10 14:10:30 localhost smsd[901134]: INFO:root:mme non_eps_service_config is not SMS_ORC8R, sleeping.
Mar 10 14:10:32 localhost dnsmasq-dhcp[901212]: DHCPDISCOVER(eth1) fa:16:3e:2a:89:3f 
Mar 10 14:10:32 localhost dnsmasq-dhcp[901212]: DHCPOFFER(eth1) 172.16.7.251 fa:16:3e:2a:89:3f 
Mar 10 14:10:32 localhost magmad[900959]: INFO:root:[SyncRPC] Got heartBeat from cloud
Mar 10 14:10:33 localhost mobilityd[901037]: INFO:root:Using GW info: {'default': {2: ('172.16.4.1', 'eth0')}, 2: [('172.16.4.1', 'eth0', True)]}
Mar 10 14:10:33 localhost mobilityd[901037]: INFO:root:GW-v6 probe: timer started
Mar 10 14:10:34 localhost sctpd[901301]: I0310 14:10:34.663295 901787 sctp_connection.cpp:167] HandleClientSock sd = 47
Mar 10 14:10:34 localhost sctpd[901301]: I0310 14:10:34.663400 901787 sctp_connection.cpp:189] SCTP association change event received
Mar 10 14:10:34 localhost sctpd[901301]: I0310 14:10:34.664415 901787 sctp_connection.cpp:167] HandleClientSock sd = 47
Mar 10 14:10:34 localhost sctpd[901301]: I0310 14:10:34.664448 901787 sctp_connection.cpp:193] Unhandled notification type 32776
Mar 10 14:10:34 localhost sctpd[901301]: I0310 14:10:34.799296 901787 sctp_connection.cpp:167] HandleClientSock sd = 48
Mar 10 14:10:34 localhost sctpd[901301]: I0310 14:10:34.799388 901787 sctp_connection.cpp:189] SCTP association change event received
Mar 10 14:10:34 localhost sctpd[901301]: I0310 14:10:34.800117 901787 sctp_connection.cpp:167] HandleClientSock sd = 48
Mar 10 14:10:34 localhost sctpd[901301]: I0310 14:10:34.800158 901787 sctp_connection.cpp:193] Unhandled notification type 32776
Mar 10 14:10:35 localhost smsd[901134]: INFO:root:mme non_eps_service_config is not SMS_ORC8R, sleeping.
Mar 10 14:10:35 localhost sctpd[901301]: I0310 14:10:35.858139 901787 sctp_connection.cpp:167] HandleClientSock sd = 47
Mar 10 14:10:35 localhost sctpd[901301]: I0310 14:10:35.858283 901787 sctp_connection.cpp:220] [sd:47] msg of len 42 on 3474:0
Mar 10 14:10:35 localhost sctpd[901301]: I0310 14:10:35.861282 901785 sctpd_downlink_impl.cpp:76] SctpdDownlinkImpl::SendDl starting
Mar 10 14:10:35 localhost sctpd[901301]: I0310 14:10:35.861821 901787 sctp_connection.cpp:167] HandleClientSock sd = 47
Mar 10 14:10:35 localhost sctpd[901301]: I0310 14:10:35.861893 901787 sctp_connection.cpp:193] Unhandled notification type 32777
Mar 10 14:10:35 localhost sctpd[901301]: I0310 14:10:35.970202 901787 sctp_connection.cpp:167] HandleClientSock sd = 48
Mar 10 14:10:35 localhost sctpd[901301]: I0310 14:10:35.970341 901787 sctp_connection.cpp:220] [sd:48] msg of len 42 on 3475:0
Mar 10 14:10:35 localhost sctpd[901301]: I0310 14:10:35.972190 901306 sctpd_downlink_impl.cpp:76] SctpdDownlinkImpl::SendDl starting
Mar 10 14:10:35 localhost sctpd[901301]: I0310 14:10:35.972767 901787 sctp_connection.cpp:167] HandleClientSock sd = 48
Mar 10 14:10:35 localhost sctpd[901301]: I0310 14:10:35.972815 901787 sctp_connection.cpp:193] Unhandled notification type 32777
Mar 10 14:10:36 localhost sctpd[901301]: I0310 14:10:36.091187 901787 sctp_connection.cpp:167] HandleClientSock sd = 48
Mar 10 14:10:36 localhost sctpd[901301]: I0310 14:10:36.091302 901787 sctp_connection.cpp:220] [sd:48] msg of len 88 on 3475:1
Mar 10 14:10:36 localhost sctpd[901301]: I0310 14:10:36.108942 901306 sctpd_downlink_impl.cpp:76] SctpdDownlinkImpl::SendDl starting
Mar 10 14:10:36 localhost sctpd[901301]: I0310 14:10:36.206562 901787 sctp_connection.cpp:167] HandleClientSock sd = 48
Mar 10 14:10:36 localhost sctpd[901301]: I0310 14:10:36.206667 901787 sctp_connection.cpp:193] Unhandled notification type 32777
Mar 10 14:10:36 localhost sctpd[901301]: I0310 14:10:36.206686 901787 sctp_connection.cpp:167] HandleClientSock sd = 48
Mar 10 14:10:36 localhost sctpd[901301]: I0310 14:10:36.206709 901787 sctp_connection.cpp:220] [sd:48] msg of len 67 on 3475:1
Mar 10 14:10:36 localhost sctpd[901301]: I0310 14:10:36.211719 901306 sctpd_downlink_impl.cpp:76] SctpdDownlinkImpl::SendDl starting
Mar 10 14:10:36 localhost sctpd[901301]: I0310 14:10:36.321722 901787 sctp_connection.cpp:167] HandleClientSock sd = 48
Mar 10 14:10:36 localhost sctpd[901301]: I0310 14:10:36.321831 901787 sctp_connection.cpp:193] Unhandled notification type 32777
Mar 10 14:10:36 localhost sctpd[901301]: I0310 14:10:36.321851 901787 sctp_connection.cpp:167] HandleClientSock sd = 48
Mar 10 14:10:36 localhost sctpd[901301]: I0310 14:10:36.321872 901787 sctp_connection.cpp:220] [sd:48] msg of len 56 on 3475:1
Mar 10 14:10:36 localhost mme[901718]: [DEBUG] Sending S6A-UPDATE_LOCATION_REQUEST with IMSI: 222700000000001
Mar 10 14:10:36 localhost sctpd[901301]: I0310 14:10:36.329253 901306 sctpd_downlink_impl.cpp:76] SctpdDownlinkImpl::SendDl starting
Mar 10 14:10:36 localhost mme[901718]: [INFO] Received S6A-LOCATION-UPDATE_ANSWER for IMSI: 222700000000001; Status: ; StatusCode: 2001
Mar 10 14:10:36 localhost mme[901718]: [INFO] sent itti S6A-LOCATION-UPDATE_ANSWER for IMSI: 222700000000001
Mar 10 14:10:36 localhost sctpd[901301]: I0310 14:10:36.438891 901787 sctp_connection.cpp:167] HandleClientSock sd = 48
Mar 10 14:10:36 localhost sctpd[901301]: I0310 14:10:36.438999 901787 sctp_connection.cpp:193] Unhandled notification type 32777
Mar 10 14:10:36 localhost sctpd[901301]: I0310 14:10:36.439019 901787 sctp_connection.cpp:167] HandleClientSock sd = 48
Mar 10 14:10:36 localhost sctpd[901301]: I0310 14:10:36.439043 901787 sctp_connection.cpp:220] [sd:48] msg of len 22 on 3475:1
Mar 10 14:10:36 localhost sctpd[901301]: I0310 14:10:36.643132 901787 sctp_connection.cpp:167] HandleClientSock sd = 48
Mar 10 14:10:36 localhost sctpd[901301]: I0310 14:10:36.643244 901787 sctp_connection.cpp:220] [sd:48] msg of len 56 on 3475:1
Mar 10 14:10:38 localhost sctpd[901301]: I0310 14:10:38.651472 901787 sctp_connection.cpp:167] HandleClientSock sd = 48
Mar 10 14:10:38 localhost sctpd[901301]: I0310 14:10:38.651536 901787 sctp_connection.cpp:220] [sd:48] msg of len 82 on 3475:1
Mar 10 14:10:38 localhost mobilityd[901037]: INFO:root:Allocated IP 192.168.128.164 for sid IMSI222700000000001 for apn default
Mar 10 14:10:38 localhost policydb[901113]: INFO:root:Creating a session for subscriber ID: IMSI222700000000001
Mar 10 14:10:38 localhost sessiond[901043]: I0310 14:10:38.677901 901043 SetMessageManagerHandler.cpp:342] Processing a CreateSessionResponse for IMSI222700000000001-987977
Mar 10 14:10:38 localhost sessiond[901043]: I0310 14:10:38.678161 901043 SessionState.cpp:2774] RuleID allowlist_sid-IMSI222700000000001-default doesn't have a version registered for IMSI222700000000001-987977, this is unexpected
Mar 10 14:10:38 localhost mme[901718]: PDUSessionResourceSetupRequestTransfer ::= {
Mar 10 14:10:38 localhost mme[901718]:     protocolIEs: ProtocolIE-Container ::= {
Mar 10 14:10:38 localhost mme[901718]:         PDUSessionResourceSetupRequestTransferIEs ::= {
Mar 10 14:10:38 localhost mme[901718]:             id: 130
Mar 10 14:10:38 localhost mme[901718]:             criticality: 0 (reject)
Mar 10 14:10:38 localhost mme[901718]:             value: PDUSessionAggregateMaximumBitRate ::= {
Mar 10 14:10:38 localhost mme[901718]:                 pDUSessionAggregateMaximumBitRateDL: 100000000
Mar 10 14:10:38 localhost mme[901718]:                 pDUSessionAggregateMaximumBitRateUL: 100000000
Mar 10 14:10:38 localhost mme[901718]:             }
Mar 10 14:10:38 localhost mme[901718]:         }
Mar 10 14:10:38 localhost mme[901718]:         PDUSessionResourceSetupRequestTransferIEs ::= {
Mar 10 14:10:38 localhost mme[901718]:             id: 139
Mar 10 14:10:38 localhost mme[901718]:             criticality: 0 (reject)
Mar 10 14:10:38 localhost mme[901718]:             value: GTPTunnel ::= {
Mar 10 14:10:38 localhost mme[901718]:                 transportLayerAddress: AC 10 05 79
Mar 10 14:10:38 localhost mme[901718]:                 gTP-TEID: 80 00 00 00
Mar 10 14:10:38 localhost mme[901718]:             }
Mar 10 14:10:38 localhost mme[901718]:         }
Mar 10 14:10:38 localhost mme[901718]:         PDUSessionResourceSetupRequestTransferIEs ::= {
Mar 10 14:10:38 localhost mme[901718]:             id: 134
Mar 10 14:10:38 localhost mme[901718]:             criticality: 0 (reject)
Mar 10 14:10:38 localhost mme[901718]:             value: 0 (ipv4)
Mar 10 14:10:38 localhost mme[901718]:         }
Mar 10 14:10:38 localhost mme[901718]:         PDUSessionResourceSetupRequestTransferIEs ::= {
Mar 10 14:10:38 localhost mme[901718]:             id: 136
Mar 10 14:10:38 localhost mme[901718]:             criticality: 0 (reject)
Mar 10 14:10:38 localhost mme[901718]:             value: QosFlowSetupRequestList ::= {
Mar 10 14:10:38 localhost mme[901718]:                 QosFlowSetupRequestItem ::= {
Mar 10 14:10:38 localhost mme[901718]:                     qosFlowIdentifier: 9
Mar 10 14:10:38 localhost mme[901718]:                     qosFlowLevelQosParameters: QosFlowLevelQosParameters ::= {
Mar 10 14:10:38 localhost mme[901718]:                         qosCharacteristics: NonDynamic5QIDescriptor ::= {
Mar 10 14:10:38 localhost mme[901718]:                             fiveQI: 9
Mar 10 14:10:38 localhost mme[901718]:                         }
Mar 10 14:10:38 localhost mme[901718]:                         allocationAndRetentionPriority: AllocationAndRetentionPriority ::= {
Mar 10 14:10:38 localhost mme[901718]:                             priorityLevelARP: 15
Mar 10 14:10:38 localhost mme[901718]:                             pre-emptionCapability: 0 (shall-not-trigger-pre-emption)
Mar 10 14:10:38 localhost mme[901718]:                             pre-emptionVulnerability: 0 (not-pre-emptable)
Mar 10 14:10:38 localhost mme[901718]:                         }
Mar 10 14:10:38 localhost mme[901718]:                     }
Mar 10 14:10:38 localhost mme[901718]:                 }
Mar 10 14:10:38 localhost mme[901718]:             }
Mar 10 14:10:38 localhost mme[901718]:         }
Mar 10 14:10:38 localhost mme[901718]:     }
Mar 10 14:10:38 localhost mme[901718]: }
Mar 10 14:10:38 localhost sctpd[901301]: I0310 14:10:38.684283 901306 sctpd_downlink_impl.cpp:76] SctpdDownlinkImpl::SendDl starting
Mar 10 14:10:38 localhost sctpd[901301]: I0310 14:10:38.765691 901787 sctp_connection.cpp:167] HandleClientSock sd = 48
Mar 10 14:10:38 localhost sctpd[901301]: I0310 14:10:38.765789 901787 sctp_connection.cpp:193] Unhandled notification type 32777
Mar 10 14:10:38 localhost sctpd[901301]: I0310 14:10:38.765806 901787 sctp_connection.cpp:167] HandleClientSock sd = 48
Mar 10 14:10:38 localhost sctpd[901301]: I0310 14:10:38.765827 901787 sctp_connection.cpp:220] [sd:48] msg of len 43 on 3475:1
Mar 10 14:10:38 localhost sessiond[901043]: I0310 14:10:38.769295 901043 SessionStateEnforcer.cpp:869]  AMF teid: 40000000 ip address 10.10.10.11 of imsi: IMSI222700000000001 fteid: 2147483648 pdu id: 1 UE ip address 192.168.128.164
Mar 10 14:10:38 localhost eventd[901128]: DEBUG:root:Logging event: stream_name: "sessiond"
Mar 10 14:10:38 localhost eventd[901128]: event_type: "session_created"
Mar 10 14:10:38 localhost eventd[901128]: tag: "IMSI222700000000001"
Mar 10 14:10:38 localhost eventd[901128]: value: "{\"mac_addr\":\"\",\"user_location\":\"\",\"spgw_ip\":\"\",\"imei\":\"\",\"pdp_start_time\":1,\"session_id\":\"IMSI222700000000001-987977\",\"apn\":\"default\",\"msisdn\":\"\",\"charging_characteristics\":\"\",\"ipv6_addr\":\"\",\"ip_addr\":\"192.168.128.164\",\"imsi\":\"IMSI222700000000001\"}"
Mar 10 14:10:38 localhost eventd[901128]: ERROR:root:Connection to FluentBit failed: [Errno 111] Connection refused
Mar 10 14:10:38 localhost eventd[901128]: INFO:root:FluentBit (td-agent-bit) may not be enabled or configured correctly
Mar 10 14:10:38 localhost sessiond[901043]: I0310 14:10:38.780622 901055 SessionEvents.cpp:131] Could not log session_created event {"mac_addr":"","user_location":"","spgw_ip":"","imei":"","pdp_start_time":1,"session_id":"IMSI222700000000001-987977","apn":"default","msisdn":"","charging_characteristics":"","ipv6_addr":"","ip_addr":"192.168.128.164","imsi":"IMSI222700000000001"}, Error Message: Could not connect to FluentBit locally, Details: [Errno 111] Connection refused
Mar 10 14:10:40 localhost smsd[901134]: INFO:root:mme non_eps_service_config is not SMS_ORC8R, sleeping.
Mar 10 14:10:40 localhost sctpd[901301]: I0310 14:10:40.984402 901787 sctp_connection.cpp:167] HandleClientSock sd = 48
Mar 10 14:10:40 localhost sctpd[901301]: I0310 14:10:40.984504 901787 sctp_connection.cpp:220] [sd:48] msg of len 74 on 3475:1
Mar 10 14:10:40 localhost mme[901718]: InitiatingMessage ::= {
Mar 10 14:10:40 localhost mme[901718]:     procedureCode: 28
Mar 10 14:10:40 localhost mme[901718]:     criticality: 1 (ignore)
Mar 10 14:10:40 localhost mme[901718]:     value: PDUSessionResourceReleaseCommand ::= {
Mar 10 14:10:40 localhost mme[901718]:         protocolIEs: ProtocolIE-Container ::= {
Mar 10 14:10:40 localhost mme[901718]:             PDUSessionResourceReleaseCommandIEs ::= {
Mar 10 14:10:40 localhost mme[901718]:                 id: 10
Mar 10 14:10:40 localhost mme[901718]:                 criticality: 0 (reject)
Mar 10 14:10:40 localhost mme[901718]:                 value: 36
Mar 10 14:10:40 localhost mme[901718]:             }
Mar 10 14:10:40 localhost mme[901718]:             PDUSessionResourceReleaseCommandIEs ::= {
Mar 10 14:10:40 localhost mme[901718]:                 id: 85
Mar 10 14:10:40 localhost mme[901718]:                 criticality: 0 (reject)
Mar 10 14:10:40 localhost mme[901718]:                 value: 4294967295
Mar 10 14:10:40 localhost mme[901718]:             }
Mar 10 14:10:40 localhost mme[901718]:             PDUSessionResourceReleaseCommandIEs ::= {
Mar 10 14:10:40 localhost mme[901718]:                 id: 38
Mar 10 14:10:40 localhost mme[901718]:                 criticality: 0 (reject)
Mar 10 14:10:40 localhost mme[901718]:                 value:
Mar 10 14:10:40 localhost mme[901718]:                     7E 01 18 71 20 65 03 7E 00 68 01 00 05 2E 01 01
Mar 10 14:10:40 localhost mme[901718]:                     D3 24 12 01
Mar 10 14:10:40 localhost mme[901718]:             }
Mar 10 14:10:40 localhost mme[901718]:             PDUSessionResourceReleaseCommandIEs ::= {
Mar 10 14:10:40 localhost mme[901718]:                 id: 79
Mar 10 14:10:40 localhost mme[901718]:                 criticality: 0 (reject)
Mar 10 14:10:40 localhost mme[901718]:                 value: PDUSessionResourceToReleaseListRelCmd ::= {
Mar 10 14:10:40 localhost mme[901718]:                 }
Mar 10 14:10:40 localhost mme[901718]:             }
Mar 10 14:10:40 localhost mme[901718]:         }
Mar 10 14:10:40 localhost mme[901718]:     }
Mar 10 14:10:40 localhost mme[901718]: }
Mar 10 14:10:40 localhost sctpd[901301]: I0310 14:10:40.989264 901306 sctpd_downlink_impl.cpp:76] SctpdDownlinkImpl::SendDl starting
Mar 10 14:10:41 localhost sctpd[901301]: I0310 14:10:41.051606 901787 sctp_connection.cpp:167] HandleClientSock sd = 48
Mar 10 14:10:41 localhost sctpd[901301]: I0310 14:10:41.051712 901787 sctp_connection.cpp:193] Unhandled notification type 32777
Mar 10 14:10:41 localhost sctpd[901301]: I0310 14:10:41.051729 901787 sctp_connection.cpp:167] HandleClientSock sd = 48
Mar 10 14:10:41 localhost sctpd[901301]: I0310 14:10:41.051753 901787 sctp_connection.cpp:220] [sd:48] msg of len 70 on 3475:1
Mar 10 14:10:41 localhost control_proxy[901175]: 2022-03-10T14:10:41.248Z [127.0.0.1 -> streamer-controller.magmasi.wavelabs.in,8443] "POST /magma.orc8r.Streamer/GetUpdates HTTP/2" 200 91bytes 0.526s
Mar 10 14:10:41 localhost policydb[901113]: INFO:root:Processing 2 policy updates (resync=True)
Mar 10 14:10:42 localhost control_proxy[901175]: 2022-03-10T14:10:41.248Z [127.0.0.1 -> streamer-controller.magmasi.wavelabs.in,8443] "POST /magma.orc8r.Streamer/GetUpdates HTTP/2" 200 7bytes 0.266s
Mar 10 14:10:42 localhost policydb[901113]: INFO:root:Processing 0 basename -> policy updates
Mar 10 14:10:42 localhost control_proxy[901175]: 2022-03-10T14:10:42.047Z [127.0.0.1 -> streamer-controller.magmasi.wavelabs.in,8443] "POST /magma.orc8r.Streamer/GetUpdates HTTP/2" 200 5113bytes 0.281s
Mar 10 14:10:42 localhost policydb[901113]: INFO:root:Processing 222 SID -> apn -> policy updates
Mar 10 14:10:42 localhost control_proxy[901175]: 2022-03-10T14:10:42.047Z [127.0.0.1 -> streamer-controller.magmasi.wavelabs.in,8443] "POST /magma.orc8r.Streamer/GetUpdates HTTP/2" 200 7bytes 0.264s
Mar 10 14:10:42 localhost policydb[901113]: INFO:root:Processing 0 rating group updates
Mar 10 14:10:45 localhost smsd[901134]: INFO:root:mme non_eps_service_config is not SMS_ORC8R, sleeping.
Mar 10 14:10:46 localhost dnsmasq-dhcp[901212]: DHCPDISCOVER(eth1) fa:16:3e:2a:89:3f 
Mar 10 14:10:46 localhost dnsmasq-dhcp[901212]: DHCPOFFER(eth1) 172.16.7.251 fa:16:3e:2a:89:3f 
Mar 10 14:10:48 localhost dhclient[601]: DHCPREQUEST for 172.16.5.121 on eth1 to 172.16.5.2 port 67 (xid=0x4b4058b5)
Mar 10 14:10:50 localhost smsd[901134]: INFO:root:mme non_eps_service_config is not SMS_ORC8R, sleeping.
Mar 10 14:10:53 localhost mobilityd[901037]: INFO:root:Using GW info: {'default': {2: ('172.16.4.1', 'eth0')}, 2: [('172.16.4.1', 'eth0', True)]}
Mar 10 14:10:53 localhost mobilityd[901037]: INFO:root:GW-v6 probe: timer started
Mar 10 14:10:53 localhost dnsmasq-dhcp[901212]: DHCPDISCOVER(eth1) fa:16:3e:2a:89:3f 
Mar 10 14:10:53 localhost dnsmasq-dhcp[901212]: DHCPOFFER(eth1) 172.16.7.251 fa:16:3e:2a:89:3f 
Mar 10 14:10:55 localhost smsd[901134]: INFO:root:mme non_eps_service_config is not SMS_ORC8R, sleeping.
Mar 10 14:10:57 localhost sctpd[901301]: I0310 14:10:57.002871 901306 sctpd_downlink_impl.cpp:76] SctpdDownlinkImpl::SendDl starting
Mar 10 14:10:57 localhost sctpd[901301]: I0310 14:10:57.204455 901787 sctp_connection.cpp:167] HandleClientSock sd = 48
Mar 10 14:10:57 localhost sctpd[901301]: I0310 14:10:57.204586 901787 sctp_connection.cpp:193] Unhandled notification type 32777
Mar 10 14:11:00 localhost smsd[901134]: INFO:root:mme non_eps_service_config is not SMS_ORC8R, sleeping.
Mar 10 14:11:01 localhost dhclient[601]: DHCPREQUEST for 172.16.5.121 on eth1 to 172.16.5.2 port 67 (xid=0x4b4058b5)
Mar 10 14:11:05 localhost dnsmasq-dhcp[901212]: DHCPDISCOVER(eth1) fa:16:3e:2a:89:3f 
Mar 10 14:11:05 localhost dnsmasq-dhcp[901212]: DHCPOFFER(eth1) 172.16.7.251 fa:16:3e:2a:89:3f 
Mar 10 14:11:05 localhost smsd[901134]: INFO:root:mme non_eps_service_config is not SMS_ORC8R, sleeping.
Mar 10 14:11:08 localhost dhclient[601]: DHCPREQUEST for 172.16.5.121 on eth1 to 172.16.5.2 port 67 (xid=0x4b4058b5)
Mar 10 14:11:10 localhost smsd[901134]: INFO:root:mme non_eps_service_config is not SMS_ORC8R, sleeping.
Mar 10 14:11:13 localhost sctpd[901301]: I0310 14:11:13.011422 901785 sctpd_downlink_impl.cpp:76] SctpdDownlinkImpl::SendDl starting
Mar 10 14:11:13 localhost sctpd[901301]: I0310 14:11:13.216678 901787 sctp_connection.cpp:167] HandleClientSock sd = 48
Mar 10 14:11:13 localhost sctpd[901301]: I0310 14:11:13.216825 901787 sctp_connection.cpp:193] Unhandled notification type 32777
Mar 10 14:11:13 localhost mobilityd[901037]: INFO:root:Using GW info: {'default': {2: ('172.16.4.1', 'eth0')}, 2: [('172.16.4.1', 'eth0', True)]}
Mar 10 14:11:13 localhost mobilityd[901037]: INFO:root:GW-v6 probe: timer started
Mar 10 14:11:15 localhost smsd[901134]: INFO:root:mme non_eps_service_config is not SMS_ORC8R, sleeping.
Mar 10 14:11:18 localhost magmad[900959]: ERROR:root:Metrics upload error for service subscriberdb (chunk 0)! [StatusCode.DEADLINE_EXCEEDED] Deadline Exceeded
Mar 10 14:11:18 localhost magmad[900959]: ERROR:root:Metrics upload error for service mobilityd (chunk 0)! [StatusCode.DEADLINE_EXCEEDED] Deadline Exceeded
Mar 10 14:11:18 localhost magmad[900959]: ERROR:root:Metrics upload error for service mme (chunk 0)! [StatusCode.DEADLINE_EXCEEDED] Deadline Exceeded
Mar 10 14:11:18 localhost magmad[900959]: ERROR:root:Metrics upload error for service magmad (chunk 0)! [StatusCode.DEADLINE_EXCEEDED] Deadline Exceeded
Mar 10 14:11:18 localhost magmad[900959]: ERROR:root:Metrics upload error for service enodebd (chunk 0)! [StatusCode.DEADLINE_EXCEEDED] Deadline Exceeded
Mar 10 14:11:18 localhost magmad[900959]: ERROR:root:Metrics upload error for service pipelined (chunk 0)! [StatusCode.DEADLINE_EXCEEDED] Deadline Exceeded
Mar 10 14:11:18 localhost magmad[900959]: ERROR:root:Metrics upload error for service state (chunk 0)! [StatusCode.DEADLINE_EXCEEDED] Deadline Exceeded
Mar 10 14:11:18 localhost magmad[900959]: ERROR:root:Metrics upload error for service sessiond (chunk 0)! [StatusCode.DEADLINE_EXCEEDED] Deadline Exceeded
Mar 10 14:11:18 localhost dnsmasq-dhcp[901212]: DHCPDISCOVER(eth1) fa:16:3e:2a:89:3f 
Mar 10 14:11:18 localhost dnsmasq-dhcp[901212]: DHCPOFFER(eth1) 172.16.7.251 fa:16:3e:2a:89:3f 
Mar 10 14:11:20 localhost smsd[901134]: INFO:root:mme non_eps_service_config is not SMS_ORC8R, sleeping.
Mar 10 14:11:23 localhost dhclient[601]: DHCPREQUEST for 172.16.5.121 on eth1 to 172.16.5.2 port 67 (xid=0x4b4058b5)
Mar 10 14:11:25 localhost smsd[901134]: INFO:root:mme non_eps_service_config is not SMS_ORC8R, sleeping.
Mar 10 14:11:26 localhost dnsmasq-dhcp[901212]: DHCPDISCOVER(eth1) fa:16:3e:2a:89:3f 
Mar 10 14:11:26 localhost dnsmasq-dhcp[901212]: DHCPOFFER(eth1) 172.16.7.251 fa:16:3e:2a:89:3f 
Mar 10 14:11:29 localhost sctpd[901301]: I0310 14:11:29.016706 901785 sctpd_downlink_impl.cpp:76] SctpdDownlinkImpl::SendDl starting
Mar 10 14:11:29 localhost sctpd[901301]: I0310 14:11:29.220451 901787 sctp_connection.cpp:167] HandleClientSock sd = 48
Mar 10 14:11:29 localhost sctpd[901301]: I0310 14:11:29.220502 901787 sctp_connection.cpp:193] Unhandled notification type 32777
Mar 10 14:11:29 localhost magmad[900959]: INFO:root:Setting logging level to INFO
Mar 10 14:11:30 localhost smsd[901134]: INFO:root:mme non_eps_service_config is not SMS_ORC8R, sleeping.
Mar 10 14:11:31 localhost control_proxy[901175]: 2022-03-10T14:10:31.628Z [127.0.0.1 -> streamer-controller.magmasi.wavelabs.in,8443] "POST /magma.orc8r.Streamer/GetUpdates HTTP/2" 200 0bytes 60.253s
Mar 10 14:11:31 localhost magmad[900959]: ERROR:root:Error! Streaming from the cloud failed! [StatusCode.ABORTED] error while streaming updates: rpc error: code = DeadlineExceeded desc = context deadline exceeded
Mar 10 14:11:32 localhost magmad[900959]: INFO:root:[SyncRPC] Got heartBeat from cloud
Mar 10 14:11:33 localhost mobilityd[901037]: INFO:root:Using GW info: {'default': {2: ('172.16.4.1', 'eth0')}, 2: [('172.16.4.1', 'eth0', True)]}
Mar 10 14:11:33 localhost mobilityd[901037]: INFO:root:GW-v6 probe: timer started
Mar 10 14:11:33 localhost control_proxy[901175]: 2022-03-10T14:11:33.210Z [127.0.0.1 -> state-controller.magmasi.wavelabs.in,8443] "POST /magma.orc8r.StateService/SyncStates HTTP/2" 200 5bytes 0.258s
Mar 10 14:11:33 localhost state[901119]: INFO:root:Successfully resynced state with Orchestrator!
Mar 10 14:11:35 localhost smsd[901134]: INFO:root:mme non_eps_service_config is not SMS_ORC8R, sleeping.
Mar 10 14:11:37 localhost dnsmasq-dhcp[901212]: DHCPDISCOVER(eth1) fa:16:3e:2a:89:3f 
Mar 10 14:11:37 localhost dnsmasq-dhcp[901212]: DHCPOFFER(eth1) 172.16.7.251 fa:16:3e:2a:89:3f 
Mar 10 14:11:40 localhost smsd[901134]: INFO:root:mme non_eps_service_config is not SMS_ORC8R, sleeping.
Mar 10 14:11:43 localhost control_proxy[901175]: 2022-03-10T14:11:42.664Z [127.0.0.1 -> streamer-controller.magmasi.wavelabs.in,8443] "POST /magma.orc8r.Streamer/GetUpdates HTTP/2" 200 91bytes 0.534s
Mar 10 14:11:43 localhost policydb[901113]: INFO:root:Processing 2 policy updates (resync=True)
Mar 10 14:11:43 localhost control_proxy[901175]: 2022-03-10T14:11:43.202Z [127.0.0.1 -> streamer-controller.magmasi.wavelabs.in,8443] "POST /magma.orc8r.Streamer/GetUpdates HTTP/2" 200 7bytes 0.267s
Mar 10 14:11:43 localhost policydb[901113]: INFO:root:Processing 0 basename -> policy updates
Mar 10 14:11:43 localhost control_proxy[901175]: 2022-03-10T14:11:43.202Z [127.0.0.1 -> streamer-controller.magmasi.wavelabs.in,8443] "POST /magma.orc8r.Streamer/GetUpdates HTTP/2" 200 5113bytes 0.275s
Mar 10 14:11:43 localhost policydb[901113]: INFO:root:Processing 222 SID -> apn -> policy updates
Mar 10 14:11:44 localhost control_proxy[901175]: 2022-03-10T14:11:43.202Z [127.0.0.1 -> streamer-controller.magmasi.wavelabs.in,8443] "POST /magma.orc8r.Streamer/GetUpdates HTTP/2" 200 7bytes 0.263s
Mar 10 14:11:44 localhost policydb[901113]: INFO:root:Processing 0 rating group updates
Mar 10 14:11:44 localhost dhclient[601]: DHCPREQUEST for 172.16.5.121 on eth1 to 172.16.5.2 port 67 (xid=0x4b4058b5)
Mar 10 14:11:45 localhost sctpd[901301]: I0310 14:11:45.034888 901306 sctpd_downlink_impl.cpp:76] SctpdDownlinkImpl::SendDl starting
Mar 10 14:11:45 localhost sctpd[901301]: I0310 14:11:45.236668 901787 sctp_connection.cpp:167] HandleClientSock sd = 48
Mar 10 14:11:45 localhost sctpd[901301]: I0310 14:11:45.236805 901787 sctp_connection.cpp:193] Unhandled notification type 32777
Mar 10 14:11:45 localhost smsd[901134]: INFO:root:mme non_eps_service_config is not SMS_ORC8R, sleeping.
Mar 10 14:11:48 localhost control_proxy[901175]: 2022-03-10T14:11:47.772Z [127.0.0.1 -> state-controller.magmasi.wavelabs.in,8443] "POST /magma.orc8r.StateService/ReportStates HTTP/2" 200 5bytes 0.264s
Mar 10 14:11:48 localhost magmad[900959]: INFO:root:Checkin Successful! Successfully sent states to the cloud!
Mar 10 14:11:51 localhost smsd[901134]: INFO:root:mme non_eps_service_config is not SMS_ORC8R, sleeping.
Mar 10 14:11:51 localhost sctpd[901301]: I0310 14:11:51.320626 901787 sctp_connection.cpp:167] HandleClientSock sd = 48
Mar 10 14:11:51 localhost sctpd[901301]: I0310 14:11:51.320775 901787 sctp_connection.cpp:220] [sd:48] msg of len 72 on 3475:1
Mar 10 14:11:51 localhost dnsmasq-dhcp[901212]: DHCPDISCOVER(eth1) fa:16:3e:2a:89:3f 
Mar 10 14:11:51 localhost dnsmasq-dhcp[901212]: DHCPOFFER(eth1) 172.16.7.251 fa:16:3e:2a:89:3f 
Mar 10 14:11:53 localhost mobilityd[901037]: INFO:root:Using GW info: {'default': {2: ('172.16.4.1', 'eth0')}, 2: [('172.16.4.1', 'eth0', True)]}
Mar 10 14:11:53 localhost mobilityd[901037]: INFO:root:GW-v6 probe: timer started
Mar 10 14:11:56 localhost smsd[901134]: INFO:root:mme non_eps_service_config is not SMS_ORC8R, sleeping.
Mar 10 14:11:57 localhost dhclient[601]: DHCPREQUEST for 172.16.5.121 on eth1 to 172.16.5.2 port 67 (xid=0x4b4058b5)
Mar 10 14:11:58 localhost dnsmasq-dhcp[901212]: DHCPDISCOVER(eth1) fa:16:3e:2a:89:3f 
Mar 10 14:11:58 localhost dnsmasq-dhcp[901212]: DHCPOFFER(eth1) 172.16.7.251 fa:16:3e:2a:89:3f 
Mar 10 14:12:00 localhost sctpd[901301]: I0310 14:12:00.740566 901787 sctp_connection.cpp:167] HandleClientSock sd = 47
Mar 10 14:12:00 localhost sctpd[901301]: I0310 14:12:00.740656 901787 sctp_connection.cpp:185] SCTP_SHUTDOWN_EVENT received
Mar 10 14:12:00 localhost sctpd[901301]: I0310 14:12:00.740669 901787 sctp_connection.cpp:280] Sending close connection for assoc_id 3474
Mar 10 14:12:00 localhost sctpd[901301]: I0310 14:12:00.786320 901787 sctp_connection.cpp:167] HandleClientSock sd = 48
Mar 10 14:12:00 localhost sctpd[901301]: I0310 14:12:00.786413 901787 sctp_connection.cpp:185] SCTP_SHUTDOWN_EVENT received
Mar 10 14:12:00 localhost sctpd[901301]: I0310 14:12:00.786425 901787 sctp_connection.cpp:280] Sending close connection for assoc_id 3475
Mar 10 14:12:01 localhost sessiond[901043]: I0310 14:12:01.041549 901043 SetMessageManagerHandler.cpp:142] Release request for session from IMSI: IMSI222700000000001 pdu_id 1
Mar 10 14:12:01 localhost mobilityd[901037]: INFO:root:Released IP 192.168.128.164 for sid IMSI222700000000001
Mar 10 14:12:01 localhost smsd[901134]: INFO:root:mme non_eps_service_config is not SMS_ORC8R, sleeping.
Mar 10 14:12:01 localhost policydb[901113]: INFO:root:Terminating session: IMSI222700000000001-987977
Mar 10 14:12:01 localhost eventd[901128]: DEBUG:root:Logging event: stream_name: "sessiond"
Mar 10 14:12:01 localhost eventd[901128]: event_type: "session_terminated"
Mar 10 14:12:01 localhost eventd[901128]: tag: "IMSI222700000000001"
Mar 10 14:12:01 localhost eventd[901128]: value: "{\"mac_addr\":\"\",\"user_location\":\"\",\"spgw_ip\":\"\",\"imei\":\"\",\"record_sequence_number\":1,\"pdp_end_time\":0,\"charging_rx\":0,\"duration\":-1,\"ip_addr\":\"192.168.128.164\",\"monitoring_tx\":0,\"ipv6_addr\":\"\",\"msisdn\":\"\",\"apn\":\"default\",\"session_id\":\"IMSI222700000000001-987977\",\"list_of_service_data\":[],\"charging_characteristics\":\"\",\"total_tx\":0,\"cause_for_rec_closing\":0,\"imsi\":\"IMSI222700000000001\",\"total_rx\":0,\"monitoring_rx\":0,\"charging_tx\":0,\"pdp_start_time\":1}"
Mar 10 14:12:01 localhost eventd[901128]: ERROR:root:Connection to FluentBit failed: [Errno 111] Connection refused
Mar 10 14:12:01 localhost eventd[901128]: INFO:root:FluentBit (td-agent-bit) may not be enabled or configured correctly
Mar 10 14:12:01 localhost sessiond[901043]: I0310 14:12:01.073719 901055 SessionEvents.cpp:291] Could not log session_terminated event {"mac_addr":"","user_location":"","spgw_ip":"","imei":"","record_sequence_number":1,"pdp_end_time":0,"charging_rx":0,"duration":-1,"ip_addr":"192.168.128.164","monitoring_tx":0,"ipv6_addr":"","msisdn":"","apn":"default","session_id":"IMSI222700000000001-987977","list_of_service_data":[],"charging_characteristics":"","total_tx":0,"cause_for_rec_closing":0,"imsi":"IMSI222700000000001","total_rx":0,"monitoring_rx":0,"charging_tx":0,"pdp_start_time":1}, Error Message: Could not connect to FluentBit locally, Details: [Errno 111] Connection refused
Mar 10 14:12:04 localhost dhclient[601]: DHCPREQUEST for 172.16.5.121 on eth1 to 172.16.5.2 port 67 (xid=0x4b4058b5)
Mar 10 14:12:06 localhost sessiond[901043]: I0310 14:12:06.044428 901043 SessionStateEnforcer.cpp:377] Nothing to remove as no respective entry found for session id IMSI222700000000001-987977 of IMSI IMSI222700000000001
Mar 10 14:12:06 localhost smsd[901134]: INFO:root:mme non_eps_service_config is not SMS_ORC8R, sleeping.
Mar 10 14:12:09 localhost dnsmasq-dhcp[901212]: DHCPDISCOVER(eth1) fa:16:3e:2a:89:3f 
Mar 10 14:12:09 localhost dnsmasq-dhcp[901212]: DHCPOFFER(eth1) 172.16.7.251 fa:16:3e:2a:89:3f 
Mar 10 14:12:09 localhost sctpd[901301]: I0310 14:12:09.878315 901787 sctp_connection.cpp:167] HandleClientSock sd = 49
Mar 10 14:12:09 localhost sctpd[901301]: I0310 14:12:09.878405 901787 sctp_connection.cpp:189] SCTP association change event received
Mar 10 14:12:09 localhost sctpd[901301]: I0310 14:12:09.879148 901787 sctp_connection.cpp:167] HandleClientSock sd = 49
Mar 10 14:12:09 localhost sctpd[901301]: I0310 14:12:09.879179 901787 sctp_connection.cpp:193] Unhandled notification type 32776
Mar 10 14:12:10 localhost sctpd[901301]: I0310 14:12:10.935043 901787 sctp_connection.cpp:167] HandleClientSock sd = 49
Mar 10 14:12:10 localhost sctpd[901301]: I0310 14:12:10.935163 901787 sctp_connection.cpp:220] [sd:49] msg of len 42 on 3476:0
Mar 10 14:12:10 localhost sctpd[901301]: I0310 14:12:10.937583 901306 sctpd_downlink_impl.cpp:76] SctpdDownlinkImpl::SendDl starting
Mar 10 14:12:10 localhost sctpd[901301]: I0310 14:12:10.938340 901787 sctp_connection.cpp:167] HandleClientSock sd = 49
Mar 10 14:12:10 localhost sctpd[901301]: I0310 14:12:10.938426 901787 sctp_connection.cpp:193] Unhandled notification type 32777
Mar 10 14:12:11 localhost sctpd[901301]: I0310 14:12:11.055909 901787 sctp_connection.cpp:167] HandleClientSock sd = 49
Mar 10 14:12:11 localhost sctpd[901301]: I0310 14:12:11.056002 901787 sctp_connection.cpp:220] [sd:49] msg of len 88 on 3476:1
Mar 10 14:12:11 localhost sctpd[901301]: I0310 14:12:11.074156 901785 sctpd_downlink_impl.cpp:76] SctpdDownlinkImpl::SendDl starting
Mar 10 14:12:11 localhost smsd[901134]: INFO:root:mme non_eps_service_config is not SMS_ORC8R, sleeping.
Mar 10 14:12:11 localhost sctpd[901301]: I0310 14:12:11.174422 901787 sctp_connection.cpp:167] HandleClientSock sd = 49
Mar 10 14:12:11 localhost sctpd[901301]: I0310 14:12:11.174517 901787 sctp_connection.cpp:193] Unhandled notification type 32777
Mar 10 14:12:11 localhost sctpd[901301]: I0310 14:12:11.174537 901787 sctp_connection.cpp:167] HandleClientSock sd = 49
Mar 10 14:12:11 localhost sctpd[901301]: I0310 14:12:11.174557 901787 sctp_connection.cpp:220] [sd:49] msg of len 67 on 3476:1
Mar 10 14:12:11 localhost sctpd[901301]: I0310 14:12:11.179229 901785 sctpd_downlink_impl.cpp:76] SctpdDownlinkImpl::SendDl starting
Mar 10 14:12:11 localhost sctpd[901301]: I0310 14:12:11.288686 901787 sctp_connection.cpp:167] HandleClientSock sd = 49
Mar 10 14:12:11 localhost sctpd[901301]: I0310 14:12:11.288807 901787 sctp_connection.cpp:193] Unhandled notification type 32777
Mar 10 14:12:11 localhost sctpd[901301]: I0310 14:12:11.288834 901787 sctp_connection.cpp:167] HandleClientSock sd = 49
Mar 10 14:12:11 localhost sctpd[901301]: I0310 14:12:11.288864 901787 sctp_connection.cpp:220] [sd:49] msg of len 56 on 3476:1
Mar 10 14:12:11 localhost mme[901718]: [DEBUG] Sending S6A-UPDATE_LOCATION_REQUEST with IMSI: 222700000000001
Mar 10 14:12:11 localhost sctpd[901301]: I0310 14:12:11.294977 901785 sctpd_downlink_impl.cpp:76] SctpdDownlinkImpl::SendDl starting
Mar 10 14:12:11 localhost mme[901718]: [INFO] Received S6A-LOCATION-UPDATE_ANSWER for IMSI: 222700000000001; Status: ; StatusCode: 2001
Mar 10 14:12:11 localhost mme[901718]: [INFO] sent itti S6A-LOCATION-UPDATE_ANSWER for IMSI: 222700000000001
Mar 10 14:12:11 localhost sctpd[901301]: I0310 14:12:11.405264 901787 sctp_connection.cpp:167] HandleClientSock sd = 49
Mar 10 14:12:11 localhost sctpd[901301]: I0310 14:12:11.405361 901787 sctp_connection.cpp:193] Unhandled notification type 32777
Mar 10 14:12:11 localhost sctpd[901301]: I0310 14:12:11.405378 901787 sctp_connection.cpp:167] HandleClientSock sd = 49
Mar 10 14:12:11 localhost sctpd[901301]: I0310 14:12:11.405398 901787 sctp_connection.cpp:220] [sd:49] msg of len 22 on 3476:1
Mar 10 14:12:11 localhost sctpd[901301]: I0310 14:12:11.607159 901787 sctp_connection.cpp:167] HandleClientSock sd = 49
Mar 10 14:12:11 localhost sctpd[901301]: I0310 14:12:11.607280 901787 sctp_connection.cpp:220] [sd:49] msg of len 56 on 3476:1
Mar 10 14:12:12 localhost dhclient[601]: DHCPREQUEST for 172.16.5.121 on eth1 to 172.16.5.2 port 67 (xid=0x4b4058b5)
Mar 10 14:12:13 localhost mobilityd[901037]: INFO:root:Using GW info: {'default': {2: ('172.16.4.1', 'eth0')}, 2: [('172.16.4.1', 'eth0', True)]}
Mar 10 14:12:13 localhost mobilityd[901037]: INFO:root:GW-v6 probe: timer started
Mar 10 14:12:13 localhost sctpd[901301]: I0310 14:12:13.570065 901787 sctp_connection.cpp:167] HandleClientSock sd = 49
Mar 10 14:12:13 localhost sctpd[901301]: I0310 14:12:13.570183 901787 sctp_connection.cpp:220] [sd:49] msg of len 70 on 3476:1
Mar 10 14:12:13 localhost sctpd[901301]: I0310 14:12:13.574729 901785 sctpd_downlink_impl.cpp:76] SctpdDownlinkImpl::SendDl starting
Mar 10 14:12:13 localhost sctpd[901301]: I0310 14:12:13.575332 901785 sctpd_downlink_impl.cpp:76] SctpdDownlinkImpl::SendDl starting
Mar 10 14:12:13 localhost sctpd[901301]: I0310 14:12:13.680655 901787 sctp_connection.cpp:167] HandleClientSock sd = 49
Mar 10 14:12:13 localhost sctpd[901301]: I0310 14:12:13.680764 901787 sctp_connection.cpp:220] [sd:49] msg of len 28 on 3476:1
Mar 10 14:12:13 localhost sctpd[901301]: I0310 14:12:13.789934 901787 sctp_connection.cpp:167] HandleClientSock sd = 49
Mar 10 14:12:13 localhost sctpd[901301]: I0310 14:12:13.790028 901787 sctp_connection.cpp:193] Unhandled notification type 32777
Mar 10 14:12:13 localhost sctpd[901301]: I0310 14:12:13.790046 901787 sctp_connection.cpp:167] HandleClientSock sd = 49
Mar 10 14:12:13 localhost sctpd[901301]: I0310 14:12:13.790067 901787 sctp_connection.cpp:220] [sd:49] msg of len 22 on 3476:1
Mar 10 14:12:15 localhost sctpd[901301]: I0310 14:12:15.901418 901787 sctp_connection.cpp:167] HandleClientSock sd = 49
Mar 10 14:12:15 localhost sctpd[901301]: I0310 14:12:15.901521 901787 sctp_connection.cpp:220] [sd:49] msg of len 86 on 3476:1
Mar 10 14:12:15 localhost sctpd[901301]: I0310 14:12:15.906307 901785 sctpd_downlink_impl.cpp:76] SctpdDownlinkImpl::SendDl starting
Mar 10 14:12:16 localhost sctpd[901301]: I0310 14:12:16.010522 901787 sctp_connection.cpp:167] HandleClientSock sd = 49
Mar 10 14:12:16 localhost sctpd[901301]: I0310 14:12:16.010634 901787 sctp_connection.cpp:193] Unhandled notification type 32777
Mar 10 14:12:16 localhost sctpd[901301]: I0310 14:12:16.010653 901787 sctp_connection.cpp:167] HandleClientSock sd = 49
Mar 10 14:12:16 localhost sctpd[901301]: I0310 14:12:16.010673 901787 sctp_connection.cpp:220] [sd:49] msg of len 64 on 3476:1
Mar 10 14:12:16 localhost sctpd[901301]: I0310 14:12:16.023674 901785 sctpd_downlink_impl.cpp:76] SctpdDownlinkImpl::SendDl starting
Mar 10 14:12:16 localhost sctpd[901301]: I0310 14:12:16.122303 901787 sctp_connection.cpp:167] HandleClientSock sd = 49
Mar 10 14:12:16 localhost sctpd[901301]: I0310 14:12:16.122406 901787 sctp_connection.cpp:193] Unhandled notification type 32777
Mar 10 14:12:16 localhost sctpd[901301]: I0310 14:12:16.122424 901787 sctp_connection.cpp:167] HandleClientSock sd = 49
Mar 10 14:12:16 localhost sctpd[901301]: I0310 14:12:16.122447 901787 sctp_connection.cpp:220] [sd:49] msg of len 67 on 3476:1
Mar 10 14:12:16 localhost sctpd[901301]: I0310 14:12:16.127877 901785 sctpd_downlink_impl.cpp:76] SctpdDownlinkImpl::SendDl starting
Mar 10 14:12:16 localhost smsd[901134]: INFO:root:mme non_eps_service_config is not SMS_ORC8R, sleeping.
Mar 10 14:12:16 localhost sctpd[901301]: I0310 14:12:16.236801 901787 sctp_connection.cpp:167] HandleClientSock sd = 49
Mar 10 14:12:16 localhost sctpd[901301]: I0310 14:12:16.236905 901787 sctp_connection.cpp:193] Unhandled notification type 32777
Mar 10 14:12:16 localhost sctpd[901301]: I0310 14:12:16.236922 901787 sctp_connection.cpp:167] HandleClientSock sd = 49
Mar 10 14:12:16 localhost sctpd[901301]: I0310 14:12:16.236945 901787 sctp_connection.cpp:220] [sd:49] msg of len 56 on 3476:1
Mar 10 14:12:16 localhost mme[901718]: [DEBUG] Sending S6A-UPDATE_LOCATION_REQUEST with IMSI: 222700000000001
Mar 10 14:12:16 localhost sctpd[901301]: I0310 14:12:16.243608 901785 sctpd_downlink_impl.cpp:76] SctpdDownlinkImpl::SendDl starting
Mar 10 14:12:16 localhost mme[901718]: [INFO] Received S6A-LOCATION-UPDATE_ANSWER for IMSI: 222700000000001; Status: ; StatusCode: 2001
Mar 10 14:12:16 localhost mme[901718]: [INFO] sent itti S6A-LOCATION-UPDATE_ANSWER for IMSI: 222700000000001
Mar 10 14:12:16 localhost sctpd[901301]: I0310 14:12:16.349436 901787 sctp_connection.cpp:167] HandleClientSock sd = 49
Mar 10 14:12:16 localhost sctpd[901301]: I0310 14:12:16.349550 901787 sctp_connection.cpp:193] Unhandled notification type 32777
Mar 10 14:12:16 localhost sctpd[901301]: I0310 14:12:16.349571 901787 sctp_connection.cpp:167] HandleClientSock sd = 49
Mar 10 14:12:16 localhost sctpd[901301]: I0310 14:12:16.349593 901787 sctp_connection.cpp:220] [sd:49] msg of len 22 on 3476:1
Mar 10 14:12:16 localhost sctpd[901301]: I0310 14:12:16.551014 901787 sctp_connection.cpp:167] HandleClientSock sd = 49
Mar 10 14:12:16 localhost sctpd[901301]: I0310 14:12:16.551120 901787 sctp_connection.cpp:220] [sd:49] msg of len 56 on 3476:1
Mar 10 14:12:18 localhost sctpd[901301]: I0310 14:12:18.513438 901787 sctp_connection.cpp:167] HandleClientSock sd = 49
Mar 10 14:12:18 localhost sctpd[901301]: I0310 14:12:18.513559 901787 sctp_connection.cpp:220] [sd:49] msg of len 70 on 3476:1
Mar 10 14:12:18 localhost sctpd[901301]: I0310 14:12:18.518923 901785 sctpd_downlink_impl.cpp:76] SctpdDownlinkImpl::SendDl starting
Mar 10 14:12:18 localhost sctpd[901301]: I0310 14:12:18.519726 901785 sctpd_downlink_impl.cpp:76] SctpdDownlinkImpl::SendDl starting
Mar 10 14:12:18 localhost sctpd[901301]: I0310 14:12:18.617610 901787 sctp_connection.cpp:167] HandleClientSock sd = 49
Mar 10 14:12:18 localhost sctpd[901301]: I0310 14:12:18.617727 901787 sctp_connection.cpp:220] [sd:49] msg of len 28 on 3476:1
Mar 10 14:12:18 localhost sctpd[901301]: I0310 14:12:18.719830 901787 sctp_connection.cpp:167] HandleClientSock sd = 49
Mar 10 14:12:18 localhost sctpd[901301]: I0310 14:12:18.719928 901787 sctp_connection.cpp:193] Unhandled notification type 32777
Mar 10 14:12:18 localhost sctpd[901301]: I0310 14:12:18.719945 901787 sctp_connection.cpp:167] HandleClientSock sd = 49
Mar 10 14:12:18 localhost sctpd[901301]: I0310 14:12:18.719965 901787 sctp_connection.cpp:220] [sd:49] msg of len 22 on 3476:1
Mar 10 14:12:18 localhost magmad[900959]: ERROR:root:Metrics upload error for service subscriberdb (chunk 0)! [StatusCode.DEADLINE_EXCEEDED] Deadline Exceeded
Mar 10 14:12:18 localhost magmad[900959]: ERROR:root:Metrics upload error for service mobilityd (chunk 0)! [StatusCode.DEADLINE_EXCEEDED] Deadline Exceeded
Mar 10 14:12:18 localhost magmad[900959]: ERROR:root:Metrics upload error for service mme (chunk 0)! [StatusCode.DEADLINE_EXCEEDED] Deadline Exceeded
Mar 10 14:12:18 localhost magmad[900959]: ERROR:root:Metrics upload error for service magmad (chunk 0)! [StatusCode.DEADLINE_EXCEEDED] Deadline Exceeded
Mar 10 14:12:18 localhost magmad[900959]: ERROR:root:Metrics upload error for service enodebd (chunk 0)! [StatusCode.DEADLINE_EXCEEDED] Deadline Exceeded
Mar 10 14:12:18 localhost magmad[900959]: ERROR:root:Metrics upload error for service pipelined (chunk 0)! [StatusCode.DEADLINE_EXCEEDED] Deadline Exceeded
Mar 10 14:12:18 localhost magmad[900959]: ERROR:root:Metrics upload error for service state (chunk 0)! [StatusCode.DEADLINE_EXCEEDED] Deadline Exceeded
Mar 10 14:12:18 localhost magmad[900959]: ERROR:root:Metrics upload error for service sessiond (chunk 0)! [StatusCode.DEADLINE_EXCEEDED] Deadline Exceeded
Mar 10 14:12:21 localhost smsd[901134]: INFO:root:mme non_eps_service_config is not SMS_ORC8R, sleeping.
Mar 10 14:12:23 localhost dnsmasq-dhcp[901212]: DHCPDISCOVER(eth1) fa:16:3e:2a:89:3f 
Mar 10 14:12:23 localhost dnsmasq-dhcp[901212]: DHCPOFFER(eth1) 172.16.7.251 fa:16:3e:2a:89:3f 
Mar 10 14:12:26 localhost smsd[901134]: INFO:root:mme non_eps_service_config is not SMS_ORC8R, sleeping.
Mar 10 14:12:28 localhost sctpd[901301]: I0310 14:12:28.062669 901787 sctp_connection.cpp:167] HandleClientSock sd = 49
Mar 10 14:12:28 localhost sctpd[901301]: I0310 14:12:28.062760 901787 sctp_connection.cpp:185] SCTP_SHUTDOWN_EVENT received
Mar 10 14:12:28 localhost sctpd[901301]: I0310 14:12:28.062772 901787 sctp_connection.cpp:280] Sending close connection for assoc_id 3476
Mar 10 14:12:29 localhost dhclient[601]: DHCPREQUEST for 172.16.5.121 on eth1 to 172.16.5.2 port 67 (xid=0x4b4058b5)
Mar 10 14:12:30 localhost dnsmasq-dhcp[901212]: DHCPDISCOVER(eth1) fa:16:3e:2a:89:3f 
Mar 10 14:12:30 localhost dnsmasq-dhcp[901212]: DHCPOFFER(eth1) 172.16.7.251 fa:16:3e:2a:89:3f 
Mar 10 14:12:31 localhost smsd[901134]: INFO:root:mme non_eps_service_config is not SMS_ORC8R, sleeping.
Mar 10 14:12:32 localhost magmad[900959]: INFO:root:[SyncRPC] Got heartBeat from cloud
Mar 10 14:12:33 localhost mobilityd[901037]: INFO:root:Using GW info: {'default': {2: ('172.16.4.1', 'eth0')}, 2: [('172.16.4.1', 'eth0', True)]}
Mar 10 14:12:33 localhost mobilityd[901037]: INFO:root:GW-v6 probe: timer started
Mar 10 14:12:36 localhost smsd[901134]: INFO:root:mme non_eps_service_config is not SMS_ORC8R, sleeping.
Mar 10 14:12:37 localhost sctpd[901301]: I0310 14:12:37.008275 901787 sctp_connection.cpp:167] HandleClientSock sd = 50
Mar 10 14:12:37 localhost sctpd[901301]: I0310 14:12:37.008369 901787 sctp_connection.cpp:189] SCTP association change event received
Mar 10 14:12:37 localhost sctpd[901301]: I0310 14:12:37.009083 901787 sctp_connection.cpp:167] HandleClientSock sd = 50
Mar 10 14:12:37 localhost sctpd[901301]: I0310 14:12:37.009114 901787 sctp_connection.cpp:193] Unhandled notification type 32776
Mar 10 14:12:37 localhost dhclient[601]: DHCPREQUEST for 172.16.5.121 on eth1 to 172.16.5.2 port 67 (xid=0x4b4058b5)
Mar 10 14:12:38 localhost sctpd[901301]: I0310 14:12:38.069804 901787 sctp_connection.cpp:167] HandleClientSock sd = 50
Mar 10 14:12:38 localhost sctpd[901301]: I0310 14:12:38.069924 901787 sctp_connection.cpp:220] [sd:50] msg of len 42 on 3477:0
Mar 10 14:12:38 localhost sctpd[901301]: I0310 14:12:38.073102 901785 sctpd_downlink_impl.cpp:76] SctpdDownlinkImpl::SendDl starting
Mar 10 14:12:38 localhost sctpd[901301]: I0310 14:12:38.073575 901787 sctp_connection.cpp:167] HandleClientSock sd = 50
Mar 10 14:12:38 localhost sctpd[901301]: I0310 14:12:38.073621 901787 sctp_connection.cpp:193] Unhandled notification type 32777
