Apr  5 01:44:47 localhost magmad[2865981]: ERROR:root:Metrics upload error for service mobilityd (chunk 0)! [StatusCode.DEADLINE_EXCEEDED] Deadline Exceeded
Apr  5 01:44:47 localhost magmad[2865981]: ERROR:root:Metrics upload error for service mme (chunk 0)! [StatusCode.DEADLINE_EXCEEDED] Deadline Exceeded
Apr  5 01:44:47 localhost magmad[2865981]: ERROR:root:Metrics upload error for service magmad (chunk 0)! [StatusCode.DEADLINE_EXCEEDED] Deadline Exceeded
Apr  5 01:44:47 localhost magmad[2865981]: ERROR:root:Metrics upload error for service enodebd (chunk 0)! [StatusCode.DEADLINE_EXCEEDED] Deadline Exceeded
Apr  5 01:44:47 localhost magmad[2865981]: ERROR:root:Metrics upload error for service pipelined (chunk 0)! [StatusCode.DEADLINE_EXCEEDED] Deadline Exceeded
Apr  5 01:44:47 localhost magmad[2865981]: ERROR:root:Metrics upload error for service state (chunk 0)! [StatusCode.DEADLINE_EXCEEDED] Deadline Exceeded
Apr  5 01:44:47 localhost magmad[2865981]: ERROR:root:Metrics upload error for service sessiond (chunk 0)! [StatusCode.DEADLINE_EXCEEDED] Deadline Exceeded
Apr  5 01:44:47 localhost magmad[2865981]: INFO:root:Checking for upgrade...
Apr  5 01:44:47 localhost magmad[2865981]: WARNING:root:magmad package_version config missing or set to default 0.0.0-0, skipping upgrade
Apr  5 01:44:47 localhost control_proxy[2866221]: 2022-04-05T01:44:47.550Z [127.0.0.1 -> state-controller.magmasi.wavelabs.in,8443] "POST /magma.orc8r.StateService/ReportStates HTTP/2" 200 5bytes 0.262s
Apr  5 01:44:47 localhost magmad[2865981]: INFO:root:Checkin Successful! Successfully sent states to the cloud!
Apr  5 01:44:47 localhost policydb[2866123]: INFO:root:Terminating session: IMSI222700000000001-97767
Apr  5 01:44:47 localhost eventd[2866134]: DEBUG:root:Logging event: stream_name: "sessiond"
Apr  5 01:44:47 localhost eventd[2866134]: event_type: "session_terminated"
Apr  5 01:44:47 localhost eventd[2866134]: tag: "IMSI222700000000001"
Apr  5 01:44:47 localhost eventd[2866134]: value: "{\"mac_addr\":\"\",\"user_location\":\"\",\"spgw_ip\":\"\",\"imei\":\"\",\"record_sequence_number\":1,\"pdp_end_time\":140690625828432,\"charging_rx\":0,\"duration\":45791492880224,\"ip_addr\":\"192.168.128.126\",\"monitoring_tx\":0,\"ipv6_addr\":\"\",\"msisdn\":\"\",\"apn\":\"default\",\"session_id\":\"IMSI222700000000001-97767\",\"list_of_service_data\":[],\"charging_characteristics\":\"\",\"total_tx\":0,\"cause_for_rec_closing\":0,\"imsi\":\"IMSI222700000000001\",\"total_rx\":0,\"monitoring_rx\":0,\"charging_tx\":0,\"pdp_start_time\":94899132948208}"
Apr  5 01:44:47 localhost eventd[2866134]: ERROR:root:Connection to FluentBit failed: [Errno 111] Connection refused
Apr  5 01:44:47 localhost eventd[2866134]: INFO:root:FluentBit (td-agent-bit) may not be enabled or configured correctly
Apr  5 01:44:47 localhost sessiond[2866058]: I0405 01:44:47.863803 2866075 SessionEvents.cpp:291] Could not log session_terminated event {"mac_addr":"","user_location":"","spgw_ip":"","imei":"","record_sequence_number":1,"pdp_end_time":140690625828432,"charging_rx":0,"duration":45791492880224,"ip_addr":"192.168.128.126","monitoring_tx":0,"ipv6_addr":"","msisdn":"","apn":"default","session_id":"IMSI222700000000001-97767","list_of_service_data":[],"charging_characteristics":"","total_tx":0,"cause_for_rec_closing":0,"imsi":"IMSI222700000000001","total_rx":0,"monitoring_rx":0,"charging_tx":0,"pdp_start_time":94899132948208}, Error Message: Could not connect to FluentBit locally, Details: [Errno 111] Connection refused
Apr  5 01:44:48 localhost dhclient[601]: DHCPREQUEST for 172.16.5.121 on eth1 to 255.255.255.255 port 67 (xid=0x25c866c5)
Apr  5 01:44:49 localhost mme[2866731]: [DEBUG] Sending S6A-UPDATE_LOCATION_REQUEST with IMSI: 222700000000001
Apr  5 01:44:49 localhost mme[2866731]: [INFO] Received S6A-LOCATION-UPDATE_ANSWER for IMSI: 222700000000001; Status: ; StatusCode: 2001
Apr  5 01:44:49 localhost mme[2866731]: [INFO] sent itti S6A-LOCATION-UPDATE_ANSWER for IMSI: 222700000000001
Apr  5 01:44:49 localhost sctpd[2866333]: I0405 01:44:49.302033 2866777 sctp_connection.cpp:195] Unhandled notification type 32777
Apr  5 01:44:51 localhost smsd[2866142]: INFO:root:mme non_eps_service_config is not SMS_ORC8R, sleeping.
Apr  5 01:44:56 localhost mobilityd[2866051]: INFO:root:Using GW info: {'default': {2: ('172.16.4.1', 'eth0')}, 2: [('172.16.4.1', 'eth0', True)]}
Apr  5 01:44:56 localhost mobilityd[2866051]: INFO:root:GW-v6 probe: timer started
Apr  5 01:44:56 localhost smsd[2866142]: INFO:root:mme non_eps_service_config is not SMS_ORC8R, sleeping.
Apr  5 01:45:01 localhost dhclient[601]: DHCPREQUEST for 172.16.5.121 on eth1 to 255.255.255.255 port 67 (xid=0x25c866c5)
Apr  5 01:45:01 localhost smsd[2866142]: INFO:root:mme non_eps_service_config is not SMS_ORC8R, sleeping.
Apr  5 01:45:06 localhost smsd[2866142]: INFO:root:mme non_eps_service_config is not SMS_ORC8R, sleeping.
Apr  5 01:45:09 localhost sctpd[2866333]: I0405 01:45:09.687249 2866777 sctp_connection.cpp:195] Unhandled notification type 32776
Apr  5 01:45:10 localhost sctpd[2866333]: I0405 01:45:10.746457 2866777 sctp_connection.cpp:195] Unhandled notification type 32777
Apr  5 01:45:11 localhost smsd[2866142]: INFO:root:mme non_eps_service_config is not SMS_ORC8R, sleeping.
Apr  5 01:45:16 localhost mobilityd[2866051]: INFO:root:Using GW info: {'default': {2: ('172.16.4.1', 'eth0')}, 2: [('172.16.4.1', 'eth0', True)]}
Apr  5 01:45:16 localhost mobilityd[2866051]: INFO:root:GW-v6 probe: timer started
Apr  5 01:45:16 localhost magmad[2865981]: INFO:root:[SyncRPC] Got heartBeat from cloud
Apr  5 01:45:16 localhost smsd[2866142]: INFO:root:mme non_eps_service_config is not SMS_ORC8R, sleeping.
Apr  5 01:45:17 localhost control_proxy[2866221]: 2022-04-05T01:44:16.632Z [127.0.0.1 -> streamer-controller.magmasi.wavelabs.in,8443] "POST /magma.orc8r.Streamer/GetUpdates HTTP/2" 200 0bytes 60.750s
Apr  5 01:45:17 localhost magmad[2865981]: ERROR:root:Error! Streaming from the cloud failed! [StatusCode.ABORTED] error while streaming updates: rpc error: code = DeadlineExceeded desc = context deadline exceeded
Apr  5 01:45:17 localhost dhclient[601]: DHCPREQUEST for 172.16.5.121 on eth1 to 255.255.255.255 port 67 (xid=0x25c866c5)
Apr  5 01:45:21 localhost smsd[2866142]: INFO:root:mme non_eps_service_config is not SMS_ORC8R, sleeping.
Apr  5 01:45:31 localhost smsd[2866142]: message repeated 2 times: [ INFO:root:mme non_eps_service_config is not SMS_ORC8R, sleeping.]
Apr  5 01:45:32 localhost sctpd[2866333]: I0405 01:45:32.234885 2866777 sctp_connection.cpp:195] Unhandled notification type 32776
Apr  5 01:45:33 localhost dhclient[601]: DHCPREQUEST for 172.16.5.121 on eth1 to 255.255.255.255 port 67 (xid=0x25c866c5)
Apr  5 01:45:36 localhost mobilityd[2866051]: INFO:root:Using GW info: {'default': {2: ('172.16.4.1', 'eth0')}, 2: [('172.16.4.1', 'eth0', True)]}
Apr  5 01:45:36 localhost mobilityd[2866051]: INFO:root:GW-v6 probe: timer started
Apr  5 01:45:36 localhost smsd[2866142]: INFO:root:mme non_eps_service_config is not SMS_ORC8R, sleeping.
Apr  5 01:45:38 localhost magmad[2865981]: ERROR:root:Metrics upload error for service subscriberdb (chunk 0)! [StatusCode.DEADLINE_EXCEEDED] Deadline Exceeded
Apr  5 01:45:38 localhost magmad[2865981]: ERROR:root:Metrics upload error for service mobilityd (chunk 0)! [StatusCode.DEADLINE_EXCEEDED] Deadline Exceeded
Apr  5 01:45:38 localhost magmad[2865981]: ERROR:root:Metrics upload error for service mme (chunk 0)! [StatusCode.DEADLINE_EXCEEDED] Deadline Exceeded
Apr  5 01:45:38 localhost magmad[2865981]: ERROR:root:Metrics upload error for service magmad (chunk 0)! [StatusCode.DEADLINE_EXCEEDED] Deadline Exceeded
Apr  5 01:45:38 localhost magmad[2865981]: ERROR:root:Metrics upload error for service enodebd (chunk 0)! [StatusCode.DEADLINE_EXCEEDED] Deadline Exceeded
Apr  5 01:45:38 localhost magmad[2865981]: ERROR:root:Metrics upload error for service pipelined (chunk 0)! [StatusCode.DEADLINE_EXCEEDED] Deadline Exceeded
Apr  5 01:45:38 localhost magmad[2865981]: ERROR:root:Metrics upload error for service state (chunk 0)! [StatusCode.DEADLINE_EXCEEDED] Deadline Exceeded
Apr  5 01:45:38 localhost magmad[2865981]: ERROR:root:Metrics upload error for service sessiond (chunk 0)! [StatusCode.DEADLINE_EXCEEDED] Deadline Exceeded
Apr  5 01:45:41 localhost control_proxy[2866221]: 2022-04-05T01:45:41.202Z [127.0.0.1 -> streamer-controller.magmasi.wavelabs.in,8443] "POST /magma.orc8r.Streamer/GetUpdates HTTP/2" 200 173bytes 0.518s
Apr  5 01:45:41 localhost policydb[2866123]: INFO:root:Processing 4 policy updates (resync=True)
Apr  5 01:45:41 localhost sctpd[2866333]: I0405 01:45:41.895745 2866777 sctp_connection.cpp:195] Unhandled notification type 32777
Apr  5 01:45:41 localhost smsd[2866142]: INFO:root:mme non_eps_service_config is not SMS_ORC8R, sleeping.
Apr  5 01:45:41 localhost control_proxy[2866221]: 2022-04-05T01:45:41.202Z [127.0.0.1 -> streamer-controller.magmasi.wavelabs.in,8443] "POST /magma.orc8r.Streamer/GetUpdates HTTP/2" 200 7bytes 0.263s
Apr  5 01:45:41 localhost policydb[2866123]: INFO:root:Processing 0 basename -> policy updates
Apr  5 01:45:42 localhost sctpd[2866333]: I0405 01:45:42.120394 2866777 sctp_connection.cpp:195] Unhandled notification type 32777
Apr  5 01:45:42 localhost control_proxy[2866221]: 2022-04-05T01:45:41.202Z [127.0.0.1 -> streamer-controller.magmasi.wavelabs.in,8443] "POST /magma.orc8r.Streamer/GetUpdates HTTP/2" 200 13513bytes 0.298s
Apr  5 01:45:42 localhost policydb[2866123]: INFO:root:Processing 222 SID -> apn -> policy updates
Apr  5 01:45:42 localhost control_proxy[2866221]: 2022-04-05T01:45:42.296Z [127.0.0.1 -> streamer-controller.magmasi.wavelabs.in,8443] "POST /magma.orc8r.Streamer/GetUpdates HTTP/2" 200 7bytes 0.271s
Apr  5 01:45:42 localhost policydb[2866123]: INFO:root:Processing 0 rating group updates
Apr  5 01:45:46 localhost smsd[2866142]: INFO:root:mme non_eps_service_config is not SMS_ORC8R, sleeping.
Apr  5 01:45:48 localhost magmad[2865981]: INFO:root:Setting logging level to INFO
Apr  5 01:45:51 localhost dhclient[601]: DHCPREQUEST for 172.16.5.121 on eth1 to 255.255.255.255 port 67 (xid=0x25c866c5)
Apr  5 01:45:51 localhost smsd[2866142]: INFO:root:mme non_eps_service_config is not SMS_ORC8R, sleeping.
Apr  5 01:45:56 localhost mobilityd[2866051]: INFO:root:Using GW info: {'default': {2: ('172.16.4.1', 'eth0')}, 2: [('172.16.4.1', 'eth0', True)]}
Apr  5 01:45:56 localhost mobilityd[2866051]: INFO:root:GW-v6 probe: timer started
Apr  5 01:45:57 localhost smsd[2866142]: INFO:root:mme non_eps_service_config is not SMS_ORC8R, sleeping.
Apr  5 01:46:02 localhost smsd[2866142]: INFO:root:mme non_eps_service_config is not SMS_ORC8R, sleeping.
Apr  5 01:46:03 localhost sctpd[2866333]: I0405 01:46:03.791254 2866777 sctp_connection.cpp:195] Unhandled notification type 32776
Apr  5 01:46:03 localhost sctpd[2866333]: I0405 01:46:03.915016 2866777 sctp_connection.cpp:195] Unhandled notification type 32776
Apr  5 01:46:04 localhost sctpd[2866333]: I0405 01:46:04.974444 2866777 sctp_connection.cpp:195] Unhandled notification type 32777
Apr  5 01:46:05 localhost sctpd[2866333]: I0405 01:46:05.086419 2866777 sctp_connection.cpp:195] Unhandled notification type 32777
Apr  5 01:46:05 localhost sctpd[2866333]: I0405 01:46:05.315454 2866777 sctp_connection.cpp:195] Unhandled notification type 32777
Apr  5 01:46:05 localhost sctpd[2866333]: I0405 01:46:05.429638 2866777 sctp_connection.cpp:195] Unhandled notification type 32777
Apr  5 01:46:05 localhost mme[2866731]: [DEBUG] Sending S6A-UPDATE_LOCATION_REQUEST with IMSI: 222700000000001
Apr  5 01:46:05 localhost mme[2866731]: [INFO] Received S6A-LOCATION-UPDATE_ANSWER for IMSI: 222700000000001; Status: ; StatusCode: 2001
Apr  5 01:46:05 localhost mme[2866731]: [INFO] sent itti S6A-LOCATION-UPDATE_ANSWER for IMSI: 222700000000001
Apr  5 01:46:05 localhost sctpd[2866333]: I0405 01:46:05.546293 2866777 sctp_connection.cpp:195] Unhandled notification type 32777
Apr  5 01:46:07 localhost smsd[2866142]: INFO:root:mme non_eps_service_config is not SMS_ORC8R, sleeping.
Apr  5 01:46:07 localhost control_proxy[2866221]: 2022-04-05T01:46:07.108Z [127.0.0.1 -> state-controller.magmasi.wavelabs.in,8443] "POST /magma.orc8r.StateService/ReportStates HTTP/2" 200 5bytes 0.507s
Apr  5 01:46:07 localhost magmad[2865981]: INFO:root:Checkin Successful! Successfully sent states to the cloud!
Apr  5 01:46:07 localhost mobilityd[2866051]: INFO:root:Allocated IP 192.168.128.127 for sid IMSI222700000000001 for apn default
Apr  5 01:46:07 localhost policydb[2866123]: INFO:root:Creating a session for subscriber ID: IMSI222700000000001
Apr  5 01:46:07 localhost sessiond[2866058]: I0405 01:46:07.803579 2866058 SetMessageManagerHandler.cpp:342] Processing a CreateSessionResponse for IMSI222700000000001-710521
Apr  5 01:46:07 localhost sessiond[2866058]: I0405 01:46:07.803865 2866058 SessionState.cpp:2774] RuleID allowlist_sid-IMSI222700000000001-default doesn't have a version registered for IMSI222700000000001-710521, this is unexpected
Apr  5 01:46:07 localhost mme[2866731]: PDUSessionResourceSetupRequestTransfer ::= {
Apr  5 01:46:07 localhost mme[2866731]:     protocolIEs: ProtocolIE-Container ::= {
Apr  5 01:46:07 localhost mme[2866731]:         PDUSessionResourceSetupRequestTransferIEs ::= {
Apr  5 01:46:07 localhost mme[2866731]:             id: 130
Apr  5 01:46:07 localhost mme[2866731]:             criticality: 0 (reject)
Apr  5 01:46:07 localhost mme[2866731]:             value: PDUSessionAggregateMaximumBitRate ::= {
Apr  5 01:46:07 localhost mme[2866731]:                 pDUSessionAggregateMaximumBitRateDL: 100000000
Apr  5 01:46:07 localhost mme[2866731]:                 pDUSessionAggregateMaximumBitRateUL: 100000000
Apr  5 01:46:07 localhost mme[2866731]:             }
Apr  5 01:46:07 localhost mme[2866731]:         }
Apr  5 01:46:07 localhost mme[2866731]:         PDUSessionResourceSetupRequestTransferIEs ::= {
Apr  5 01:46:07 localhost mme[2866731]:             id: 139
Apr  5 01:46:07 localhost mme[2866731]:             criticality: 0 (reject)
Apr  5 01:46:07 localhost mme[2866731]:             value: GTPTunnel ::= {
Apr  5 01:46:07 localhost mme[2866731]:                 transportLayerAddress: AC 10 05 79
Apr  5 01:46:07 localhost mme[2866731]:                 gTP-TEID: 80 00 00 06
Apr  5 01:46:07 localhost mme[2866731]:             }
Apr  5 01:46:07 localhost mme[2866731]:         }
Apr  5 01:46:07 localhost mme[2866731]:         PDUSessionResourceSetupRequestTransferIEs ::= {
Apr  5 01:46:07 localhost mme[2866731]:             id: 134
Apr  5 01:46:07 localhost mme[2866731]:             criticality: 0 (reject)
Apr  5 01:46:07 localhost mme[2866731]:             value: 0 (ipv4)
Apr  5 01:46:07 localhost mme[2866731]:         }
Apr  5 01:46:07 localhost mme[2866731]:         PDUSessionResourceSetupRequestTransferIEs ::= {
Apr  5 01:46:07 localhost mme[2866731]:             id: 136
Apr  5 01:46:07 localhost mme[2866731]:             criticality: 0 (reject)
Apr  5 01:46:07 localhost mme[2866731]:             value: QosFlowSetupRequestList ::= {
Apr  5 01:46:07 localhost mme[2866731]:                 QosFlowSetupRequestItem ::= {
Apr  5 01:46:07 localhost mme[2866731]:                     qosFlowIdentifier: 9
Apr  5 01:46:07 localhost mme[2866731]:                     qosFlowLevelQosParameters: QosFlowLevelQosParameters ::= {
Apr  5 01:46:07 localhost mme[2866731]:                         qosCharacteristics: NonDynamic5QIDescriptor ::= {
Apr  5 01:46:07 localhost mme[2866731]:                             fiveQI: 9
Apr  5 01:46:07 localhost mme[2866731]:                         }
Apr  5 01:46:07 localhost mme[2866731]:                         allocationAndRetentionPriority: AllocationAndRetentionPriority ::= {
Apr  5 01:46:07 localhost mme[2866731]:                             priorityLevelARP: 15
Apr  5 01:46:07 localhost mme[2866731]:                             pre-emptionCapability: 0 (shall-not-trigger-pre-emption)
Apr  5 01:46:07 localhost mme[2866731]:                             pre-emptionVulnerability: 0 (not-pre-emptable)
Apr  5 01:46:07 localhost mme[2866731]:                         }
Apr  5 01:46:07 localhost mme[2866731]:                     }
Apr  5 01:46:07 localhost mme[2866731]:                 }
Apr  5 01:46:07 localhost mme[2866731]:             }
Apr  5 01:46:07 localhost mme[2866731]:         }
Apr  5 01:46:07 localhost mme[2866731]:     }
Apr  5 01:46:07 localhost mme[2866731]: }
Apr  5 01:46:07 localhost sctpd[2866333]: I0405 01:46:07.879259 2866777 sctp_connection.cpp:195] Unhandled notification type 32777
Apr  5 01:46:07 localhost sessiond[2866058]: I0405 01:46:07.882043 2866058 SessionStateEnforcer.cpp:869]  AMF teid: 40000000 ip address 10.10.10.11 of imsi: IMSI222700000000001 fteid: 2147483654 pdu id: 1 UE ip address 192.168.128.127
Apr  5 01:46:07 localhost eventd[2866134]: DEBUG:root:Logging event: stream_name: "sessiond"
Apr  5 01:46:07 localhost eventd[2866134]: event_type: "session_created"
Apr  5 01:46:07 localhost eventd[2866134]: tag: "IMSI222700000000001"
Apr  5 01:46:07 localhost eventd[2866134]: value: "{\"mac_addr\":\"\",\"user_location\":\"\",\"spgw_ip\":\"\",\"imei\":\"\",\"pdp_start_time\":94899132948208,\"session_id\":\"IMSI222700000000001-710521\",\"apn\":\"default\",\"msisdn\":\"\",\"charging_characteristics\":\"\",\"ipv6_addr\":\"\",\"ip_addr\":\"192.168.128.127\",\"imsi\":\"IMSI222700000000001\"}"
Apr  5 01:46:07 localhost eventd[2866134]: ERROR:root:Connection to FluentBit failed: [Errno 111] Connection refused
Apr  5 01:46:07 localhost eventd[2866134]: INFO:root:FluentBit (td-agent-bit) may not be enabled or configured correctly
Apr  5 01:46:07 localhost sessiond[2866058]: I0405 01:46:07.888227 2866075 SessionEvents.cpp:131] Could not log session_created event {"mac_addr":"","user_location":"","spgw_ip":"","imei":"","pdp_start_time":94899132948208,"session_id":"IMSI222700000000001-710521","apn":"default","msisdn":"","charging_characteristics":"","ipv6_addr":"","ip_addr":"192.168.128.127","imsi":"IMSI222700000000001"}, Error Message: Could not connect to FluentBit locally, Details: [Errno 111] Connection refused
Apr  5 01:46:10 localhost mme[2866731]: InitiatingMessage ::= {
Apr  5 01:46:10 localhost mme[2866731]:     procedureCode: 28
Apr  5 01:46:10 localhost mme[2866731]:     criticality: 1 (ignore)
Apr  5 01:46:10 localhost mme[2866731]:     value: PDUSessionResourceReleaseCommand ::= {
Apr  5 01:46:10 localhost mme[2866731]:         protocolIEs: ProtocolIE-Container ::= {
Apr  5 01:46:10 localhost mme[2866731]:             PDUSessionResourceReleaseCommandIEs ::= {
Apr  5 01:46:10 localhost mme[2866731]:                 id: 10
Apr  5 01:46:10 localhost mme[2866731]:                 criticality: 0 (reject)
Apr  5 01:46:10 localhost mme[2866731]:                 value: 53
Apr  5 01:46:10 localhost mme[2866731]:             }
Apr  5 01:46:10 localhost mme[2866731]:             PDUSessionResourceReleaseCommandIEs ::= {
Apr  5 01:46:10 localhost mme[2866731]:                 id: 85
Apr  5 01:46:10 localhost mme[2866731]:                 criticality: 0 (reject)
Apr  5 01:46:10 localhost mme[2866731]:                 value: 4294967295
Apr  5 01:46:10 localhost mme[2866731]:             }
Apr  5 01:46:10 localhost mme[2866731]:             PDUSessionResourceReleaseCommandIEs ::= {
Apr  5 01:46:10 localhost mme[2866731]:                 id: 38
Apr  5 01:46:10 localhost mme[2866731]:                 criticality: 0 (reject)
Apr  5 01:46:10 localhost mme[2866731]:                 value:
Apr  5 01:46:10 localhost mme[2866731]:                     7E 01 42 0C 74 0D 03 7E 00 68 01 00 05 2E 01 01
Apr  5 01:46:10 localhost mme[2866731]:                     D3 24 12 01
Apr  5 01:46:10 localhost mme[2866731]:             }
Apr  5 01:46:10 localhost mme[2866731]:             PDUSessionResourceReleaseCommandIEs ::= {
Apr  5 01:46:10 localhost mme[2866731]:                 id: 79
Apr  5 01:46:10 localhost mme[2866731]:                 criticality: 0 (reject)
Apr  5 01:46:10 localhost mme[2866731]:                 value: PDUSessionResourceToReleaseListRelCmd ::= {
Apr  5 01:46:10 localhost mme[2866731]:                 }
Apr  5 01:46:10 localhost mme[2866731]:             }
Apr  5 01:46:10 localhost mme[2866731]:         }
Apr  5 01:46:10 localhost mme[2866731]:     }
Apr  5 01:46:10 localhost mme[2866731]: }
Apr  5 01:46:10 localhost sctpd[2866333]: I0405 01:46:10.144380 2866777 sctp_connection.cpp:195] Unhandled notification type 32777
Apr  5 01:46:12 localhost smsd[2866142]: INFO:root:mme non_eps_service_config is not SMS_ORC8R, sleeping.
Apr  5 01:46:12 localhost dhclient[601]: DHCPREQUEST for 172.16.5.121 on eth1 to 255.255.255.255 port 67 (xid=0x25c866c5)
Apr  5 01:46:16 localhost mobilityd[2866051]: INFO:root:Using GW info: {'default': {2: ('172.16.4.1', 'eth0')}, 2: [('172.16.4.1', 'eth0', True)]}
Apr  5 01:46:16 localhost mobilityd[2866051]: INFO:root:GW-v6 probe: timer started
Apr  5 01:46:16 localhost magmad[2865981]: INFO:root:[SyncRPC] Got heartBeat from cloud
Apr  5 01:46:17 localhost smsd[2866142]: INFO:root:mme non_eps_service_config is not SMS_ORC8R, sleeping.
Apr  5 01:46:17 localhost control_proxy[2866221]: 2022-04-05T01:46:16.909Z [127.0.0.1 -> state-controller.magmasi.wavelabs.in,8443] "POST /magma.orc8r.StateService/ReportStates HTTP/2" 200 5bytes 0.307s
Apr  5 01:46:22 localhost smsd[2866142]: INFO:root:mme non_eps_service_config is not SMS_ORC8R, sleeping.
Apr  5 01:46:26 localhost sctpd[2866333]: I0405 01:46:26.302062 2866777 sctp_connection.cpp:195] Unhandled notification type 32777
Apr  5 01:46:27 localhost smsd[2866142]: INFO:root:mme non_eps_service_config is not SMS_ORC8R, sleeping.
Apr  5 01:46:29 localhost dhclient[601]: DHCPREQUEST for 172.16.5.121 on eth1 to 255.255.255.255 port 67 (xid=0x25c866c5)
Apr  5 01:46:32 localhost smsd[2866142]: INFO:root:mme non_eps_service_config is not SMS_ORC8R, sleeping.
Apr  5 01:46:36 localhost mobilityd[2866051]: INFO:root:Using GW info: {'default': {2: ('172.16.4.1', 'eth0')}, 2: [('172.16.4.1', 'eth0', True)]}
Apr  5 01:46:36 localhost mobilityd[2866051]: INFO:root:GW-v6 probe: timer started
Apr  5 01:46:36 localhost dhclient[601]: DHCPREQUEST for 172.16.5.121 on eth1 to 255.255.255.255 port 67 (xid=0x25c866c5)
Apr  5 01:46:37 localhost smsd[2866142]: INFO:root:mme non_eps_service_config is not SMS_ORC8R, sleeping.
Apr  5 01:46:38 localhost magmad[2865981]: ERROR:root:Metrics upload error for service subscriberdb (chunk 0)! [StatusCode.DEADLINE_EXCEEDED] Deadline Exceeded
Apr  5 01:46:38 localhost magmad[2865981]: ERROR:root:Metrics upload error for service mobilityd (chunk 0)! [StatusCode.DEADLINE_EXCEEDED] Deadline Exceeded
Apr  5 01:46:38 localhost magmad[2865981]: ERROR:root:Metrics upload error for service mme (chunk 0)! [StatusCode.DEADLINE_EXCEEDED] Deadline Exceeded
Apr  5 01:46:38 localhost magmad[2865981]: ERROR:root:Metrics upload error for service magmad (chunk 0)! [StatusCode.DEADLINE_EXCEEDED] Deadline Exceeded
Apr  5 01:46:38 localhost magmad[2865981]: ERROR:root:Metrics upload error for service enodebd (chunk 0)! [StatusCode.DEADLINE_EXCEEDED] Deadline Exceeded
Apr  5 01:46:38 localhost magmad[2865981]: ERROR:root:Metrics upload error for service pipelined (chunk 0)! [StatusCode.DEADLINE_EXCEEDED] Deadline Exceeded
Apr  5 01:46:38 localhost magmad[2865981]: ERROR:root:Metrics upload error for service state (chunk 0)! [StatusCode.DEADLINE_EXCEEDED] Deadline Exceeded
Apr  5 01:46:38 localhost magmad[2865981]: ERROR:root:Metrics upload error for service sessiond (chunk 0)! [StatusCode.DEADLINE_EXCEEDED] Deadline Exceeded
Apr  5 01:46:42 localhost smsd[2866142]: INFO:root:mme non_eps_service_config is not SMS_ORC8R, sleeping.
Apr  5 01:46:42 localhost sctpd[2866333]: I0405 01:46:42.322008 2866777 sctp_connection.cpp:195] Unhandled notification type 32777
Apr  5 01:46:43 localhost control_proxy[2866221]: 2022-04-05T01:46:42.614Z [127.0.0.1 -> streamer-controller.magmasi.wavelabs.in,8443] "POST /magma.orc8r.Streamer/GetUpdates HTTP/2" 200 173bytes 0.523s
Apr  5 01:46:43 localhost policydb[2866123]: INFO:root:Processing 4 policy updates (resync=True)
Apr  5 01:46:43 localhost control_proxy[2866221]: 2022-04-05T01:46:43.140Z [127.0.0.1 -> streamer-controller.magmasi.wavelabs.in,8443] "POST /magma.orc8r.Streamer/GetUpdates HTTP/2" 200 7bytes 0.264s
Apr  5 01:46:43 localhost policydb[2866123]: INFO:root:Processing 0 basename -> policy updates
Apr  5 01:46:43 localhost control_proxy[2866221]: 2022-04-05T01:46:43.140Z [127.0.0.1 -> streamer-controller.magmasi.wavelabs.in,8443] "POST /magma.orc8r.Streamer/GetUpdates HTTP/2" 200 13513bytes 0.295s
Apr  5 01:46:43 localhost policydb[2866123]: INFO:root:Processing 222 SID -> apn -> policy updates
Apr  5 01:46:43 localhost control_proxy[2866221]: 2022-04-05T01:46:43.140Z [127.0.0.1 -> streamer-controller.magmasi.wavelabs.in,8443] "POST /magma.orc8r.Streamer/GetUpdates HTTP/2" 200 7bytes 0.261s
Apr  5 01:46:43 localhost policydb[2866123]: INFO:root:Processing 0 rating group updates
Apr  5 01:46:47 localhost smsd[2866142]: INFO:root:mme non_eps_service_config is not SMS_ORC8R, sleeping.
Apr  5 01:46:49 localhost dhclient[601]: DHCPREQUEST for 172.16.5.121 on eth1 to 255.255.255.255 port 67 (xid=0x25c866c5)
Apr  5 01:46:52 localhost smsd[2866142]: INFO:root:mme non_eps_service_config is not SMS_ORC8R, sleeping.
Apr  5 01:46:56 localhost mobilityd[2866051]: INFO:root:Using GW info: {'default': {2: ('172.16.4.1', 'eth0')}, 2: [('172.16.4.1', 'eth0', True)]}
Apr  5 01:46:56 localhost mobilityd[2866051]: INFO:root:GW-v6 probe: timer started
Apr  5 01:46:57 localhost smsd[2866142]: INFO:root:mme non_eps_service_config is not SMS_ORC8R, sleeping.
Apr  5 01:46:58 localhost sctpd[2866333]: I0405 01:46:58.330163 2866777 sctp_connection.cpp:195] Unhandled notification type 32777
Apr  5 01:46:59 localhost dhclient[601]: DHCPREQUEST for 172.16.5.121 on eth1 to 255.255.255.255 port 67 (xid=0x25c866c5)
Apr  5 01:47:02 localhost smsd[2866142]: INFO:root:mme non_eps_service_config is not SMS_ORC8R, sleeping.
Apr  5 01:47:07 localhost smsd[2866142]: INFO:root:mme non_eps_service_config is not SMS_ORC8R, sleeping.
Apr  5 01:47:08 localhost magmad[2865981]: INFO:root:Setting logging level to INFO
Apr  5 01:47:12 localhost smsd[2866142]: INFO:root:mme non_eps_service_config is not SMS_ORC8R, sleeping.
Apr  5 01:47:14 localhost sctpd[2866333]: I0405 01:47:14.349903 2866777 sctp_connection.cpp:195] Unhandled notification type 32777
Apr  5 01:47:16 localhost mobilityd[2866051]: INFO:root:Using GW info: {'default': {2: ('172.16.4.1', 'eth0')}, 2: [('172.16.4.1', 'eth0', True)]}
Apr  5 01:47:16 localhost mobilityd[2866051]: INFO:root:GW-v6 probe: timer started
Apr  5 01:47:16 localhost magmad[2865981]: INFO:root:[SyncRPC] Got heartBeat from cloud
Apr  5 01:47:17 localhost smsd[2866142]: INFO:root:mme non_eps_service_config is not SMS_ORC8R, sleeping.
Apr  5 01:47:17 localhost control_proxy[2866221]: 2022-04-05T01:46:17.688Z [127.0.0.1 -> streamer-controller.magmasi.wavelabs.in,8443] "POST /magma.orc8r.Streamer/GetUpdates HTTP/2" 200 0bytes 60.259s
Apr  5 01:47:17 localhost magmad[2865981]: ERROR:root:Error! Streaming from the cloud failed! [StatusCode.ABORTED] error while streaming updates: rpc error: code = DeadlineExceeded desc = context deadline exceeded
Apr  5 01:47:19 localhost dhclient[601]: DHCPREQUEST for 172.16.5.121 on eth1 to 255.255.255.255 port 67 (xid=0x25c866c5)
Apr  5 01:47:20 localhost sessiond[2866058]: I0405 01:47:20.617718 2866058 SetMessageManagerHandler.cpp:142] Release request for session from IMSI: IMSI222700000000001 pdu_id 1
Apr  5 01:47:20 localhost mobilityd[2866051]: INFO:root:Released IP 192.168.128.127 for sid IMSI222700000000001
Apr  5 01:47:20 localhost policydb[2866123]: INFO:root:Terminating session: IMSI222700000000001-710521
Apr  5 01:47:20 localhost eventd[2866134]: DEBUG:root:Logging event: stream_name: "sessiond"
Apr  5 01:47:20 localhost eventd[2866134]: event_type: "session_terminated"
Apr  5 01:47:20 localhost eventd[2866134]: tag: "IMSI222700000000001"
Apr  5 01:47:20 localhost eventd[2866134]: value: "{\"mac_addr\":\"\",\"user_location\":\"\",\"spgw_ip\":\"\",\"imei\":\"\",\"record_sequence_number\":1,\"pdp_end_time\":140690625828432,\"charging_rx\":0,\"duration\":45791492880224,\"ip_addr\":\"192.168.128.127\",\"monitoring_tx\":0,\"ipv6_addr\":\"\",\"msisdn\":\"\",\"apn\":\"default\",\"session_id\":\"IMSI222700000000001-710521\",\"list_of_service_data\":[],\"charging_characteristics\":\"\",\"total_tx\":0,\"cause_for_rec_closing\":0,\"imsi\":\"IMSI222700000000001\",\"total_rx\":0,\"monitoring_rx\":0,\"charging_tx\":0,\"pdp_start_time\":94899132948208}"
Apr  5 01:47:20 localhost eventd[2866134]: ERROR:root:Connection to FluentBit failed: [Errno 111] Connection refused
Apr  5 01:47:20 localhost eventd[2866134]: INFO:root:FluentBit (td-agent-bit) may not be enabled or configured correctly
Apr  5 01:47:20 localhost sessiond[2866058]: I0405 01:47:20.644609 2866075 SessionEvents.cpp:291] Could not log session_terminated event {"mac_addr":"","user_location":"","spgw_ip":"","imei":"","record_sequence_number":1,"pdp_end_time":140690625828432,"charging_rx":0,"duration":45791492880224,"ip_addr":"192.168.128.127","monitoring_tx":0,"ipv6_addr":"","msisdn":"","apn":"default","session_id":"IMSI222700000000001-710521","list_of_service_data":[],"charging_characteristics":"","total_tx":0,"cause_for_rec_closing":0,"imsi":"IMSI222700000000001","total_rx":0,"monitoring_rx":0,"charging_tx":0,"pdp_start_time":94899132948208}, Error Message: Could not connect to FluentBit locally, Details: [Errno 111] Connection refused
Apr  5 01:47:21 localhost sctpd[2866333]: I0405 01:47:21.029991 2866777 sctp_connection.cpp:195] Unhandled notification type 32777
Apr  5 01:47:21 localhost subscriberdb[2866050]: INFO:root:get digest stored in gateway:
Apr  5 01:47:22 localhost control_proxy[2866221]: 2022-04-05T01:47:22.002Z [127.0.0.1 -> subscriberdb-controller.magmasi.wavelabs.in,8443] "POST /magma.lte.SubscriberDBCloud/CheckInSync HTTP/2" 200 0bytes 0.252s
Apr  5 01:47:22 localhost subscriberdb[2866050]: ERROR:root:Internal Error in subscriberdb-Orc8r communication. If AGW and Orc8r are deployed at a commit hash, upgrade AGW and Orc8r to latest commit hash.
Apr  5 01:47:22 localhost smsd[2866142]: INFO:root:mme non_eps_service_config is not SMS_ORC8R, sleeping.
Apr  5 01:47:22 localhost control_proxy[2866221]: 2022-04-05T01:47:22.002Z [127.0.0.1 -> subscriberdb-controller.magmasi.wavelabs.in,8443] "POST /magma.lte.SubscriberDBCloud/Sync HTTP/2" 200 0bytes 0.250s
Apr  5 01:47:22 localhost subscriberdb[2866050]: ERROR:root:Internal Error in subscriberdb-Orc8r communication. If AGW and Orc8r are deployed at a commit hash, upgrade AGW and Orc8r to latest commit hash.
Apr  5 01:47:22 localhost control_proxy[2866221]: 2022-04-05T01:47:22.002Z [127.0.0.1 -> subscriberdb-controller.magmasi.wavelabs.in,8443] "POST /magma.lte.SubscriberDBCloud/ListSubscribers HTTP/2" 200 44088bytes 0.323s
Apr  5 01:47:22 localhost subscriberdb[2866050]: INFO:root:Successfully fetched all subscriber pages from the cloud!
Apr  5 01:47:23 localhost subscriberdb[2866050]: INFO:root:update root digest stored in gateway:
Apr  5 01:47:25 localhost sessiond[2866058]: I0405 01:47:25.621997 2866058 SessionStateEnforcer.cpp:377] Nothing to remove as no respective entry found for session id IMSI222700000000001-710521 of IMSI IMSI222700000000001
Apr  5 01:47:26 localhost dhclient[601]: DHCPREQUEST for 172.16.5.121 on eth1 to 255.255.255.255 port 67 (xid=0x25c866c5)
Apr  5 01:47:27 localhost control_proxy[2866221]: 2022-04-05T01:47:26.711Z [127.0.0.1 -> state-controller.magmasi.wavelabs.in,8443] "POST /magma.orc8r.StateService/ReportStates HTTP/2" 200 5bytes 0.673s
Apr  5 01:47:27 localhost magmad[2865981]: INFO:root:Checkin Successful! Successfully sent states to the cloud!
Apr  5 01:47:27 localhost smsd[2866142]: INFO:root:mme non_eps_service_config is not SMS_ORC8R, sleeping.
Apr  5 01:47:32 localhost smsd[2866142]: INFO:root:mme non_eps_service_config is not SMS_ORC8R, sleeping.
Apr  5 01:47:36 localhost mobilityd[2866051]: INFO:root:Using GW info: {'default': {2: ('172.16.4.1', 'eth0')}, 2: [('172.16.4.1', 'eth0', True)]}
Apr  5 01:47:36 localhost mobilityd[2866051]: INFO:root:GW-v6 probe: timer started
Apr  5 01:47:37 localhost smsd[2866142]: INFO:root:mme non_eps_service_config is not SMS_ORC8R, sleeping.
Apr  5 01:47:39 localhost sctpd[2866333]: I0405 01:47:39.180752 2866777 sctp_connection.cpp:195] Unhandled notification type 32776
Apr  5 01:47:40 localhost sctpd[2866333]: I0405 01:47:40.243484 2866777 sctp_connection.cpp:195] Unhandled notification type 32777
Apr  5 01:47:40 localhost sctpd[2866333]: I0405 01:47:40.461414 2866777 sctp_connection.cpp:195] Unhandled notification type 32777
Apr  5 01:47:40 localhost sctpd[2866333]: I0405 01:47:40.586546 2866777 sctp_connection.cpp:195] Unhandled notification type 32777
Apr  5 01:47:40 localhost mme[2866731]: [DEBUG] Sending S6A-UPDATE_LOCATION_REQUEST with IMSI: 222700000000001
Apr  5 01:47:40 localhost mme[2866731]: [INFO] Received S6A-LOCATION-UPDATE_ANSWER for IMSI: 222700000000001; Status: ; StatusCode: 2001
Apr  5 01:47:40 localhost mme[2866731]: [INFO] sent itti S6A-LOCATION-UPDATE_ANSWER for IMSI: 222700000000001
Apr  5 01:47:40 localhost sctpd[2866333]: I0405 01:47:40.705662 2866777 sctp_connection.cpp:195] Unhandled notification type 32777
Apr  5 01:47:40 localhost mobilityd[2866051]: INFO:root:Allocated IP 192.168.128.128 for sid IMSI222700000000001 for apn default
Apr  5 01:47:40 localhost policydb[2866123]: INFO:root:Creating a session for subscriber ID: IMSI222700000000001
Apr  5 01:47:40 localhost sessiond[2866058]: I0405 01:47:40.933303 2866058 SetMessageManagerHandler.cpp:342] Processing a CreateSessionResponse for IMSI222700000000001-68020
Apr  5 01:47:40 localhost sessiond[2866058]: I0405 01:47:40.933503 2866058 SessionState.cpp:2774] RuleID allowlist_sid-IMSI222700000000001-default doesn't have a version registered for IMSI222700000000001-68020, this is unexpected
Apr  5 01:47:40 localhost mme[2866731]: PDUSessionResourceSetupRequestTransfer ::= {
Apr  5 01:47:40 localhost mme[2866731]:     protocolIEs: ProtocolIE-Container ::= {
Apr  5 01:47:40 localhost mme[2866731]:         PDUSessionResourceSetupRequestTransferIEs ::= {
Apr  5 01:47:40 localhost mme[2866731]:             id: 130
Apr  5 01:47:40 localhost mme[2866731]:             criticality: 0 (reject)
Apr  5 01:47:40 localhost mme[2866731]:             value: PDUSessionAggregateMaximumBitRate ::= {
Apr  5 01:47:40 localhost mme[2866731]:                 pDUSessionAggregateMaximumBitRateDL: 100000000
Apr  5 01:47:40 localhost mme[2866731]:                 pDUSessionAggregateMaximumBitRateUL: 100000000
Apr  5 01:47:40 localhost mme[2866731]:             }
Apr  5 01:47:40 localhost mme[2866731]:         }
Apr  5 01:47:40 localhost mme[2866731]:         PDUSessionResourceSetupRequestTransferIEs ::= {
Apr  5 01:47:40 localhost mme[2866731]:             id: 139
Apr  5 01:47:40 localhost mme[2866731]:             criticality: 0 (reject)
Apr  5 01:47:40 localhost mme[2866731]:             value: GTPTunnel ::= {
Apr  5 01:47:40 localhost mme[2866731]:                 transportLayerAddress: AC 10 05 79
Apr  5 01:47:40 localhost mme[2866731]:                 gTP-TEID: 80 00 00 07
Apr  5 01:47:40 localhost mme[2866731]:             }
Apr  5 01:47:40 localhost mme[2866731]:         }
Apr  5 01:47:40 localhost mme[2866731]:         PDUSessionResourceSetupRequestTransferIEs ::= {
Apr  5 01:47:40 localhost mme[2866731]:             id: 134
Apr  5 01:47:40 localhost mme[2866731]:             criticality: 0 (reject)
Apr  5 01:47:40 localhost mme[2866731]:             value: 0 (ipv4)
Apr  5 01:47:40 localhost mme[2866731]:         }
Apr  5 01:47:40 localhost mme[2866731]:         PDUSessionResourceSetupRequestTransferIEs ::= {
Apr  5 01:47:40 localhost mme[2866731]:             id: 136
Apr  5 01:47:40 localhost mme[2866731]:             criticality: 0 (reject)
Apr  5 01:47:40 localhost mme[2866731]:             value: QosFlowSetupRequestList ::= {
Apr  5 01:47:40 localhost mme[2866731]:                 QosFlowSetupRequestItem ::= {
Apr  5 01:47:40 localhost mme[2866731]:                     qosFlowIdentifier: 9
Apr  5 01:47:40 localhost mme[2866731]:                     qosFlowLevelQosParameters: QosFlowLevelQosParameters ::= {
Apr  5 01:47:40 localhost mme[2866731]:                         qosCharacteristics: NonDynamic5QIDescriptor ::= {
Apr  5 01:47:40 localhost mme[2866731]:                             fiveQI: 9
Apr  5 01:47:40 localhost mme[2866731]:                         }
Apr  5 01:47:40 localhost mme[2866731]:                         allocationAndRetentionPriority: AllocationAndRetentionPriority ::= {
Apr  5 01:47:40 localhost mme[2866731]:                             priorityLevelARP: 15
Apr  5 01:47:40 localhost mme[2866731]:                             pre-emptionCapability: 0 (shall-not-trigger-pre-emption)
Apr  5 01:47:40 localhost mme[2866731]:                             pre-emptionVulnerability: 0 (not-pre-emptable)
Apr  5 01:47:40 localhost mme[2866731]:                         }
Apr  5 01:47:40 localhost mme[2866731]:                     }
Apr  5 01:47:40 localhost mme[2866731]:                 }
Apr  5 01:47:40 localhost mme[2866731]:             }
Apr  5 01:47:40 localhost mme[2866731]:         }
Apr  5 01:47:40 localhost mme[2866731]:     }
Apr  5 01:47:40 localhost mme[2866731]: }
Apr  5 01:47:41 localhost sctpd[2866333]: I0405 01:47:41.141965 2866777 sctp_connection.cpp:195] Unhandled notification type 32777
Apr  5 01:47:42 localhost smsd[2866142]: INFO:root:mme non_eps_service_config is not SMS_ORC8R, sleeping.
Apr  5 01:47:44 localhost control_proxy[2866221]: 2022-04-05T01:47:44.032Z [127.0.0.1 -> streamer-controller.magmasi.wavelabs.in,8443] "POST /magma.orc8r.Streamer/GetUpdates HTTP/2" 200 173bytes 0.520s
Apr  5 01:47:44 localhost policydb[2866123]: INFO:root:Processing 4 policy updates (resync=True)
Apr  5 01:47:44 localhost control_proxy[2866221]: 2022-04-05T01:47:44.032Z [127.0.0.1 -> streamer-controller.magmasi.wavelabs.in,8443] "POST /magma.orc8r.Streamer/GetUpdates HTTP/2" 200 7bytes 0.262s
Apr  5 01:47:44 localhost policydb[2866123]: INFO:root:Processing 0 basename -> policy updates
Apr  5 01:47:45 localhost control_proxy[2866221]: 2022-04-05T01:47:44.032Z [127.0.0.1 -> streamer-controller.magmasi.wavelabs.in,8443] "POST /magma.orc8r.Streamer/GetUpdates HTTP/2" 200 13513bytes 0.296s
Apr  5 01:47:45 localhost policydb[2866123]: INFO:root:Processing 222 SID -> apn -> policy updates
Apr  5 01:47:45 localhost control_proxy[2866221]: 2022-04-05T01:47:45.122Z [127.0.0.1 -> streamer-controller.magmasi.wavelabs.in,8443] "POST /magma.orc8r.Streamer/GetUpdates HTTP/2" 200 7bytes 0.259s
Apr  5 01:47:45 localhost policydb[2866123]: INFO:root:Processing 0 rating group updates
Apr  5 01:47:46 localhost dhclient[601]: DHCPREQUEST for 172.16.5.121 on eth1 to 255.255.255.255 port 67 (xid=0x25c866c5)
Apr  5 01:47:47 localhost smsd[2866142]: INFO:root:mme non_eps_service_config is not SMS_ORC8R, sleeping.
Apr  5 01:47:52 localhost smsd[2866142]: INFO:root:mme non_eps_service_config is not SMS_ORC8R, sleeping.
Apr  5 01:47:56 localhost mobilityd[2866051]: INFO:root:Using GW info: {'default': {2: ('172.16.4.1', 'eth0')}, 2: [('172.16.4.1', 'eth0', True)]}
Apr  5 01:47:56 localhost mobilityd[2866051]: INFO:root:GW-v6 probe: timer started
Apr  5 01:47:56 localhost magmad[2865981]: ERROR:root:Metrics upload error for service subscriberdb (chunk 0)! [StatusCode.DEADLINE_EXCEEDED] Deadline Exceeded
Apr  5 01:47:56 localhost magmad[2865981]: ERROR:root:Metrics upload error for service mobilityd (chunk 0)! [StatusCode.DEADLINE_EXCEEDED] Deadline Exceeded
Apr  5 01:47:56 localhost magmad[2865981]: ERROR:root:Metrics upload error for service mme (chunk 0)! [StatusCode.DEADLINE_EXCEEDED] Deadline Exceeded
Apr  5 01:47:56 localhost magmad[2865981]: ERROR:root:Metrics upload error for service magmad (chunk 0)! [StatusCode.DEADLINE_EXCEEDED] Deadline Exceeded
Apr  5 01:47:56 localhost magmad[2865981]: ERROR:root:Metrics upload error for service enodebd (chunk 0)! [StatusCode.DEADLINE_EXCEEDED] Deadline Exceeded
Apr  5 01:47:56 localhost magmad[2865981]: ERROR:root:Metrics upload error for service pipelined (chunk 0)! [StatusCode.DEADLINE_EXCEEDED] Deadline Exceeded
Apr  5 01:47:56 localhost magmad[2865981]: ERROR:root:Metrics upload error for service state (chunk 0)! [StatusCode.DEADLINE_EXCEEDED] Deadline Exceeded
Apr  5 01:47:56 localhost magmad[2865981]: ERROR:root:Metrics upload error for service sessiond (chunk 0)! [StatusCode.DEADLINE_EXCEEDED] Deadline Exceeded
Apr  5 01:47:57 localhost sctpd[2866333]: I0405 01:47:57.655767 2866777 sctp_connection.cpp:195] Unhandled notification type 32776
Apr  5 01:47:57 localhost smsd[2866142]: INFO:root:mme non_eps_service_config is not SMS_ORC8R, sleeping.
Apr  5 01:47:58 localhost sctpd[2866333]: I0405 01:47:58.718798 2866777 sctp_connection.cpp:195] Unhandled notification type 32777
Apr  5 01:48:02 localhost smsd[2866142]: INFO:root:mme non_eps_service_config is not SMS_ORC8R, sleeping.
Apr  5 01:48:05 localhost dhclient[601]: DHCPREQUEST for 172.16.5.121 on eth1 to 255.255.255.255 port 67 (xid=0x25c866c5)
Apr  5 01:48:07 localhost smsd[2866142]: INFO:root:mme non_eps_service_config is not SMS_ORC8R, sleeping.
Apr  5 01:48:12 localhost smsd[2866142]: INFO:root:mme non_eps_service_config is not SMS_ORC8R, sleeping.
Apr  5 01:48:16 localhost mobilityd[2866051]: INFO:root:Using GW info: {'default': {2: ('172.16.4.1', 'eth0')}, 2: [('172.16.4.1', 'eth0', True)]}
Apr  5 01:48:16 localhost mobilityd[2866051]: INFO:root:GW-v6 probe: timer started
Apr  5 01:48:16 localhost magmad[2865981]: INFO:root:[SyncRPC] Got heartBeat from cloud
Apr  5 01:48:17 localhost smsd[2866142]: INFO:root:mme non_eps_service_config is not SMS_ORC8R, sleeping.
Apr  5 01:48:20 localhost dhclient[601]: DHCPREQUEST for 172.16.5.121 on eth1 to 255.255.255.255 port 67 (xid=0x25c866c5)
Apr  5 01:48:20 localhost sctpd[2866333]: I0405 01:48:20.638947 2866777 sctp_connection.cpp:195] Unhandled notification type 32776
Apr  5 01:48:21 localhost sctpd[2866333]: I0405 01:48:21.699025 2866777 sctp_connection.cpp:195] Unhandled notification type 32777
Apr  5 01:48:22 localhost smsd[2866142]: INFO:root:mme non_eps_service_config is not SMS_ORC8R, sleeping.
Apr  5 01:48:27 localhost magmad[2865981]: INFO:root:Setting logging level to INFO
Apr  5 01:48:27 localhost smsd[2866142]: INFO:root:mme non_eps_service_config is not SMS_ORC8R, sleeping.
Apr  5 01:48:32 localhost smsd[2866142]: INFO:root:mme non_eps_service_config is not SMS_ORC8R, sleeping.
Apr  5 01:48:36 localhost mobilityd[2866051]: INFO:root:Using GW info: {'default': {2: ('172.16.4.1', 'eth0')}, 2: [('172.16.4.1', 'eth0', True)]}
Apr  5 01:48:36 localhost mobilityd[2866051]: INFO:root:GW-v6 probe: timer started
Apr  5 01:48:37 localhost smsd[2866142]: INFO:root:mme non_eps_service_config is not SMS_ORC8R, sleeping.
Apr  5 01:48:39 localhost dhclient[601]: DHCPREQUEST for 172.16.5.121 on eth1 to 255.255.255.255 port 67 (xid=0x25c866c5)
Apr  5 01:48:42 localhost smsd[2866142]: INFO:root:mme non_eps_service_config is not SMS_ORC8R, sleeping.
Apr  5 01:48:44 localhost sctpd[2866333]: I0405 01:48:44.145814 2866777 sctp_connection.cpp:195] Unhandled notification type 32776
Apr  5 01:48:45 localhost sctpd[2866333]: I0405 01:48:45.205621 2866777 sctp_connection.cpp:195] Unhandled notification type 32777
Apr  5 01:48:45 localhost control_proxy[2866221]: 2022-04-05T01:48:45.436Z [127.0.0.1 -> streamer-controller.magmasi.wavelabs.in,8443] "POST /magma.orc8r.Streamer/GetUpdates HTTP/2" 200 173bytes 0.521s
Apr  5 01:48:45 localhost policydb[2866123]: INFO:root:Processing 4 policy updates (resync=True)
Apr  5 01:48:46 localhost control_proxy[2866221]: 2022-04-05T01:48:45.436Z [127.0.0.1 -> streamer-controller.magmasi.wavelabs.in,8443] "POST /magma.orc8r.Streamer/GetUpdates HTTP/2" 200 7bytes 0.304s
Apr  5 01:48:46 localhost policydb[2866123]: INFO:root:Processing 0 basename -> policy updates
Apr  5 01:48:46 localhost control_proxy[2866221]: 2022-04-05T01:48:46.267Z [127.0.0.1 -> streamer-controller.magmasi.wavelabs.in,8443] "POST /magma.orc8r.Streamer/GetUpdates HTTP/2" 200 13513bytes 0.306s
Apr  5 01:48:46 localhost policydb[2866123]: INFO:root:Processing 222 SID -> apn -> policy updates
Apr  5 01:48:46 localhost control_proxy[2866221]: 2022-04-05T01:48:46.267Z [127.0.0.1 -> state-controller.magmasi.wavelabs.in,8443] "POST /magma.orc8r.StateService/ReportStates HTTP/2" 200 5bytes 0.365s
Apr  5 01:48:46 localhost magmad[2865981]: INFO:root:Checkin Successful! Successfully sent states to the cloud!
Apr  5 01:48:46 localhost control_proxy[2866221]: 2022-04-05T01:48:46.267Z [127.0.0.1 -> streamer-controller.magmasi.wavelabs.in,8443] "POST /magma.orc8r.Streamer/GetUpdates HTTP/2" 200 7bytes 0.263s
Apr  5 01:48:46 localhost policydb[2866123]: INFO:root:Processing 0 rating group updates
Apr  5 01:48:48 localhost smsd[2866142]: INFO:root:mme non_eps_service_config is not SMS_ORC8R, sleeping.
Apr  5 01:48:53 localhost smsd[2866142]: INFO:root:mme non_eps_service_config is not SMS_ORC8R, sleeping.
Apr  5 01:48:56 localhost mobilityd[2866051]: INFO:root:Using GW info: {'default': {2: ('172.16.4.1', 'eth0')}, 2: [('172.16.4.1', 'eth0', True)]}
Apr  5 01:48:56 localhost mobilityd[2866051]: INFO:root:GW-v6 probe: timer started
Apr  5 01:48:56 localhost magmad[2865981]: ERROR:root:Metrics upload error for service subscriberdb (chunk 0)! [StatusCode.DEADLINE_EXCEEDED] Deadline Exceeded
Apr  5 01:48:56 localhost magmad[2865981]: ERROR:root:Metrics upload error for service mobilityd (chunk 0)! [StatusCode.DEADLINE_EXCEEDED] Deadline Exceeded
Apr  5 01:48:56 localhost magmad[2865981]: ERROR:root:Metrics upload error for service mme (chunk 0)! [StatusCode.DEADLINE_EXCEEDED] Deadline Exceeded
Apr  5 01:48:56 localhost magmad[2865981]: ERROR:root:Metrics upload error for service magmad (chunk 0)! [StatusCode.DEADLINE_EXCEEDED] Deadline Exceeded
Apr  5 01:48:56 localhost magmad[2865981]: ERROR:root:Metrics upload error for service enodebd (chunk 0)! [StatusCode.DEADLINE_EXCEEDED] Deadline Exceeded
Apr  5 01:48:56 localhost magmad[2865981]: ERROR:root:Metrics upload error for service pipelined (chunk 0)! [StatusCode.DEADLINE_EXCEEDED] Deadline Exceeded
Apr  5 01:48:56 localhost magmad[2865981]: ERROR:root:Metrics upload error for service state (chunk 0)! [StatusCode.DEADLINE_EXCEEDED] Deadline Exceeded
Apr  5 01:48:56 localhost magmad[2865981]: ERROR:root:Metrics upload error for service sessiond (chunk 0)! [StatusCode.DEADLINE_EXCEEDED] Deadline Exceeded
Apr  5 01:48:57 localhost dhclient[601]: DHCPREQUEST for 172.16.5.121 on eth1 to 255.255.255.255 port 67 (xid=0x25c866c5)
Apr  5 01:48:58 localhost smsd[2866142]: INFO:root:mme non_eps_service_config is not SMS_ORC8R, sleeping.
Apr  5 01:49:13 localhost smsd[2866142]: message repeated 3 times: [ INFO:root:mme non_eps_service_config is not SMS_ORC8R, sleeping.]
Apr  5 01:49:16 localhost mobilityd[2866051]: INFO:root:Using GW info: {'default': {2: ('172.16.4.1', 'eth0')}, 2: [('172.16.4.1', 'eth0', True)]}
Apr  5 01:49:16 localhost mobilityd[2866051]: INFO:root:GW-v6 probe: timer started
Apr  5 01:49:16 localhost magmad[2865981]: INFO:root:[SyncRPC] Got heartBeat from cloud
Apr  5 01:49:16 localhost dhclient[601]: DHCPREQUEST for 172.16.5.121 on eth1 to 255.255.255.255 port 67 (xid=0x25c866c5)
Apr  5 01:49:18 localhost smsd[2866142]: INFO:root:mme non_eps_service_config is not SMS_ORC8R, sleeping.
Apr  5 01:49:18 localhost control_proxy[2866221]: 2022-04-05T01:48:18.011Z [127.0.0.1 -> streamer-controller.magmasi.wavelabs.in,8443] "POST /magma.orc8r.Streamer/GetUpdates HTTP/2" 200 0bytes 60.296s
Apr  5 01:49:18 localhost magmad[2865981]: ERROR:root:Error! Streaming from the cloud failed! [StatusCode.ABORTED] error while streaming updates: rpc error: code = DeadlineExceeded desc = context deadline exceeded
Apr  5 01:49:23 localhost smsd[2866142]: INFO:root:mme non_eps_service_config is not SMS_ORC8R, sleeping.
Apr  5 01:49:24 localhost dhclient[601]: DHCPREQUEST for 172.16.5.121 on eth1 to 255.255.255.255 port 67 (xid=0x25c866c5)
Apr  5 01:49:28 localhost smsd[2866142]: INFO:root:mme non_eps_service_config is not SMS_ORC8R, sleeping.
Apr  5 01:49:32 localhost sctpd[2866333]: I0405 01:49:32.036830 2866777 sctp_connection.cpp:195] Unhandled notification type 32776
Apr  5 01:49:32 localhost sctpd[2866333]: I0405 01:49:32.171824 2866777 sctp_connection.cpp:195] Unhandled notification type 32776
Apr  5 01:49:33 localhost sctpd[2866333]: I0405 01:49:33.227852 2866777 sctp_connection.cpp:195] Unhandled notification type 32777
Apr  5 01:49:33 localhost smsd[2866142]: INFO:root:mme non_eps_service_config is not SMS_ORC8R, sleeping.
Apr  5 01:49:33 localhost sctpd[2866333]: I0405 01:49:33.338655 2866777 sctp_connection.cpp:195] Unhandled notification type 32777
Apr  5 01:49:33 localhost sessiond[2866058]: I0405 01:49:33.457288 2866058 SetMessageManagerHandler.cpp:142] Release request for session from IMSI: IMSI222700000000001 pdu_id 1
Apr  5 01:49:33 localhost mobilityd[2866051]: INFO:root:Released IP 192.168.128.128 for sid IMSI222700000000001
Apr  5 01:49:33 localhost sctpd[2866333]: I0405 01:49:33.563475 2866777 sctp_connection.cpp:195] Unhandled notification type 32777
Apr  5 01:49:33 localhost sctpd[2866333]: I0405 01:49:33.677836 2866777 sctp_connection.cpp:195] Unhandled notification type 32777
Apr  5 01:49:33 localhost mme[2866731]: [DEBUG] Sending S6A-UPDATE_LOCATION_REQUEST with IMSI: 222700000000001
Apr  5 01:49:33 localhost mme[2866731]: [INFO] Received S6A-LOCATION-UPDATE_ANSWER for IMSI: 222700000000001; Status: ; StatusCode: 2001
