May 13 13:38:55 localhost smsd[350253]: message repeated 2 times: [ INFO:root:mme non_eps_service_config is not SMS_ORC8R, sleeping.]
May 13 13:38:55 localhost control_proxy[350297]: 2022-05-13T13:38:54.611Z [127.0.0.1 -> state-controller.magmasi.wavelabs.in,8443] "POST /magma.orc8r.StateService/ReportStates HTTP/2" 200 5bytes 0.541s
May 13 13:38:55 localhost magmad[350090]: INFO:root:Checkin Successful! Successfully sent states to the cloud!
May 13 13:39:00 localhost smsd[350253]: INFO:root:mme non_eps_service_config is not SMS_ORC8R, sleeping.
May 13 13:39:01 localhost mobilityd[350161]: INFO:root:Using GW info: {'default': {2: ('172.16.4.1', 'eth0')}, 2: [('172.16.4.1', 'eth0', True)]}
May 13 13:39:01 localhost mobilityd[350161]: INFO:root:GW-v6 probe: timer started
May 13 13:39:01 localhost magmad[350090]: INFO:root:[SyncRPC] Got heartBeat from cloud
May 13 13:39:04 localhost magmad[350090]: ERROR:root:Metrics upload error for service subscriberdb (chunk 0)! [StatusCode.DEADLINE_EXCEEDED] Deadline Exceeded
May 13 13:39:04 localhost magmad[350090]: ERROR:root:Metrics upload error for service mobilityd (chunk 0)! [StatusCode.DEADLINE_EXCEEDED] Deadline Exceeded
May 13 13:39:04 localhost magmad[350090]: ERROR:root:Metrics upload error for service mme (chunk 0)! [StatusCode.DEADLINE_EXCEEDED] Deadline Exceeded
May 13 13:39:04 localhost magmad[350090]: ERROR:root:Metrics upload error for service magmad (chunk 0)! [StatusCode.DEADLINE_EXCEEDED] Deadline Exceeded
May 13 13:39:04 localhost magmad[350090]: ERROR:root:Metrics upload error for service enodebd (chunk 0)! [StatusCode.DEADLINE_EXCEEDED] Deadline Exceeded
May 13 13:39:04 localhost magmad[350090]: ERROR:root:Metrics upload error for service pipelined (chunk 0)! [StatusCode.DEADLINE_EXCEEDED] Deadline Exceeded
May 13 13:39:05 localhost magmad[350090]: ERROR:root:Metrics upload error for service state (chunk 0)! [StatusCode.DEADLINE_EXCEEDED] Deadline Exceeded
May 13 13:39:05 localhost magmad[350090]: ERROR:root:Metrics upload error for service sessiond (chunk 0)! [StatusCode.DEADLINE_EXCEEDED] Deadline Exceeded
May 13 13:39:05 localhost smsd[350253]: INFO:root:mme non_eps_service_config is not SMS_ORC8R, sleeping.
May 13 13:39:08 localhost sctpd[350431]: I0513 13:39:08.402611 350922 sctp_connection.cpp:195] Unhandled notification type 32776
May 13 13:39:10 localhost smsd[350253]: INFO:root:mme non_eps_service_config is not SMS_ORC8R, sleeping.
May 13 13:39:15 localhost smsd[350253]: INFO:root:mme non_eps_service_config is not SMS_ORC8R, sleeping.
May 13 13:39:18 localhost control_proxy[350297]: 2022-05-13T13:39:17.466Z [127.0.0.1 -> streamer-controller.magmasi.wavelabs.in,8443] "POST /magma.orc8r.Streamer/GetUpdates HTTP/2" 200 173bytes 0.572s
May 13 13:39:18 localhost policydb[350232]: INFO:root:Processing 4 policy updates (resync=True)
May 13 13:39:18 localhost control_proxy[350297]: 2022-05-13T13:39:18.041Z [127.0.0.1 -> streamer-controller.magmasi.wavelabs.in,8443] "POST /magma.orc8r.Streamer/GetUpdates HTTP/2" 200 7bytes 0.280s
May 13 13:39:18 localhost policydb[350232]: INFO:root:Processing 0 basename -> policy updates
May 13 13:39:18 localhost control_proxy[350297]: 2022-05-13T13:39:18.041Z [127.0.0.1 -> streamer-controller.magmasi.wavelabs.in,8443] "POST /magma.orc8r.Streamer/GetUpdates HTTP/2" 200 13536bytes 0.329s
May 13 13:39:18 localhost policydb[350232]: INFO:root:Processing 223 SID -> apn -> policy updates
May 13 13:39:18 localhost control_proxy[350297]: 2022-05-13T13:39:18.041Z [127.0.0.1 -> streamer-controller.magmasi.wavelabs.in,8443] "POST /magma.orc8r.Streamer/GetUpdates HTTP/2" 200 7bytes 0.275s
May 13 13:39:18 localhost policydb[350232]: INFO:root:Processing 0 rating group updates
May 13 13:39:20 localhost smsd[350253]: INFO:root:mme non_eps_service_config is not SMS_ORC8R, sleeping.
May 13 13:39:21 localhost mobilityd[350161]: INFO:root:Using GW info: {'default': {2: ('172.16.4.1', 'eth0')}, 2: [('172.16.4.1', 'eth0', True)]}
May 13 13:39:21 localhost mobilityd[350161]: INFO:root:GW-v6 probe: timer started
May 13 13:39:25 localhost smsd[350253]: INFO:root:mme non_eps_service_config is not SMS_ORC8R, sleeping.
May 13 13:39:35 localhost smsd[350253]: message repeated 2 times: [ INFO:root:mme non_eps_service_config is not SMS_ORC8R, sleeping.]
May 13 13:39:36 localhost sctpd[350431]: I0513 13:39:36.457563 350922 sctp_connection.cpp:195] Unhandled notification type 32776
May 13 13:39:40 localhost smsd[350253]: INFO:root:mme non_eps_service_config is not SMS_ORC8R, sleeping.
May 13 13:39:41 localhost mobilityd[350161]: INFO:root:Using GW info: {'default': {2: ('172.16.4.1', 'eth0')}, 2: [('172.16.4.1', 'eth0', True)]}
May 13 13:39:41 localhost mobilityd[350161]: INFO:root:GW-v6 probe: timer started
May 13 13:39:45 localhost smsd[350253]: INFO:root:mme non_eps_service_config is not SMS_ORC8R, sleeping.
May 13 13:39:55 localhost smsd[350253]: message repeated 2 times: [ INFO:root:mme non_eps_service_config is not SMS_ORC8R, sleeping.]
May 13 13:39:55 localhost magmad[350090]: INFO:root:Setting logging level to INFO
May 13 13:40:00 localhost smsd[350253]: INFO:root:mme non_eps_service_config is not SMS_ORC8R, sleeping.
May 13 13:40:01 localhost control_proxy[350297]: 2022-05-13T13:39:01.235Z [127.0.0.1 -> streamer-controller.magmasi.wavelabs.in,8443] "POST /magma.orc8r.Streamer/GetUpdates HTTP/2" 200 0bytes 60.278s
May 13 13:40:01 localhost magmad[350090]: ERROR:root:Error! Streaming from the cloud failed! [StatusCode.ABORTED] error while streaming updates: rpc error: code = DeadlineExceeded desc = context deadline exceeded
May 13 13:40:01 localhost mobilityd[350161]: INFO:root:Using GW info: {'default': {2: ('172.16.4.1', 'eth0')}, 2: [('172.16.4.1', 'eth0', True)]}
May 13 13:40:01 localhost mobilityd[350161]: INFO:root:GW-v6 probe: timer started
May 13 13:40:01 localhost magmad[350090]: INFO:root:[SyncRPC] Got heartBeat from cloud
May 13 13:40:04 localhost sctpd[350431]: I0513 13:40:04.426594 350922 sctp_connection.cpp:195] Unhandled notification type 32776
May 13 13:40:05 localhost smsd[350253]: INFO:root:mme non_eps_service_config is not SMS_ORC8R, sleeping.
May 13 13:40:10 localhost smsd[350253]: INFO:root:mme non_eps_service_config is not SMS_ORC8R, sleeping.
May 13 13:40:14 localhost magmad[350090]: ERROR:root:Metrics upload error for service subscriberdb (chunk 0)! [StatusCode.DEADLINE_EXCEEDED] Deadline Exceeded
May 13 13:40:14 localhost magmad[350090]: ERROR:root:Metrics upload error for service mobilityd (chunk 0)! [StatusCode.DEADLINE_EXCEEDED] Deadline Exceeded
May 13 13:40:14 localhost magmad[350090]: ERROR:root:Metrics upload error for service mme (chunk 0)! [StatusCode.DEADLINE_EXCEEDED] Deadline Exceeded
May 13 13:40:14 localhost magmad[350090]: ERROR:root:Metrics upload error for service magmad (chunk 0)! [StatusCode.DEADLINE_EXCEEDED] Deadline Exceeded
May 13 13:40:14 localhost magmad[350090]: ERROR:root:Metrics upload error for service enodebd (chunk 0)! [StatusCode.DEADLINE_EXCEEDED] Deadline Exceeded
May 13 13:40:14 localhost magmad[350090]: ERROR:root:Metrics upload error for service pipelined (chunk 0)! [StatusCode.DEADLINE_EXCEEDED] Deadline Exceeded
May 13 13:40:14 localhost magmad[350090]: ERROR:root:Metrics upload error for service state (chunk 0)! [StatusCode.DEADLINE_EXCEEDED] Deadline Exceeded
May 13 13:40:14 localhost magmad[350090]: ERROR:root:Metrics upload error for service sessiond (chunk 0)! [StatusCode.DEADLINE_EXCEEDED] Deadline Exceeded
May 13 13:40:14 localhost magmad[350090]: INFO:root:Checking for upgrade...
May 13 13:40:14 localhost magmad[350090]: WARNING:root:magmad package_version config missing or set to default 0.0.0-0, skipping upgrade
May 13 13:40:14 localhost control_proxy[350297]: 2022-05-13T13:40:14.185Z [127.0.0.1 -> state-controller.magmasi.wavelabs.in,8443] "POST /magma.orc8r.StateService/ReportStates HTTP/2" 200 5bytes 0.543s
May 13 13:40:14 localhost magmad[350090]: INFO:root:Checkin Successful! Successfully sent states to the cloud!
May 13 13:40:15 localhost smsd[350253]: INFO:root:mme non_eps_service_config is not SMS_ORC8R, sleeping.
May 13 13:40:19 localhost control_proxy[350297]: 2022-05-13T13:40:19.000Z [127.0.0.1 -> streamer-controller.magmasi.wavelabs.in,8443] "POST /magma.orc8r.Streamer/GetUpdates HTTP/2" 200 173bytes 0.287s
May 13 13:40:19 localhost policydb[350232]: INFO:root:Processing 4 policy updates (resync=True)
May 13 13:40:19 localhost control_proxy[350297]: 2022-05-13T13:40:19.000Z [127.0.0.1 -> streamer-controller.magmasi.wavelabs.in,8443] "POST /magma.orc8r.Streamer/GetUpdates HTTP/2" 200 7bytes 0.279s
May 13 13:40:19 localhost policydb[350232]: INFO:root:Processing 0 basename -> policy updates
May 13 13:40:19 localhost control_proxy[350297]: 2022-05-13T13:40:19.000Z [127.0.0.1 -> streamer-controller.magmasi.wavelabs.in,8443] "POST /magma.orc8r.Streamer/GetUpdates HTTP/2" 200 13536bytes 0.320s
May 13 13:40:19 localhost policydb[350232]: INFO:root:Processing 223 SID -> apn -> policy updates
May 13 13:40:20 localhost control_proxy[350297]: 2022-05-13T13:40:19.000Z [127.0.0.1 -> streamer-controller.magmasi.wavelabs.in,8443] "POST /magma.orc8r.Streamer/GetUpdates HTTP/2" 200 7bytes 0.281s
May 13 13:40:20 localhost policydb[350232]: INFO:root:Processing 0 rating group updates
May 13 13:40:20 localhost smsd[350253]: INFO:root:mme non_eps_service_config is not SMS_ORC8R, sleeping.
May 13 13:40:21 localhost mobilityd[350161]: INFO:root:Using GW info: {'default': {2: ('172.16.4.1', 'eth0')}, 2: [('172.16.4.1', 'eth0', True)]}
May 13 13:40:21 localhost mobilityd[350161]: INFO:root:GW-v6 probe: timer started
May 13 13:40:25 localhost smsd[350253]: INFO:root:mme non_eps_service_config is not SMS_ORC8R, sleeping.
May 13 13:40:30 localhost smsd[350253]: INFO:root:mme non_eps_service_config is not SMS_ORC8R, sleeping.
May 13 13:40:32 localhost sctpd[350431]: I0513 13:40:32.336066 350922 sctp_connection.cpp:195] Unhandled notification type 32776
May 13 13:40:35 localhost smsd[350253]: INFO:root:mme non_eps_service_config is not SMS_ORC8R, sleeping.
May 13 13:40:40 localhost smsd[350253]: INFO:root:mme non_eps_service_config is not SMS_ORC8R, sleeping.
May 13 13:40:41 localhost mobilityd[350161]: INFO:root:Using GW info: {'default': {2: ('172.16.4.1', 'eth0')}, 2: [('172.16.4.1', 'eth0', True)]}
May 13 13:40:41 localhost mobilityd[350161]: INFO:root:GW-v6 probe: timer started
May 13 13:40:45 localhost smsd[350253]: INFO:root:mme non_eps_service_config is not SMS_ORC8R, sleeping.
May 13 13:40:55 localhost smsd[350253]: message repeated 2 times: [ INFO:root:mme non_eps_service_config is not SMS_ORC8R, sleeping.]
May 13 13:40:56 localhost sctpd[350431]: I0513 13:40:56.539271 350922 sctp_connection.cpp:195] Unhandled notification type 32776
May 13 13:41:00 localhost smsd[350253]: INFO:root:mme non_eps_service_config is not SMS_ORC8R, sleeping.
May 13 13:41:01 localhost mobilityd[350161]: INFO:root:Using GW info: {'default': {2: ('172.16.4.1', 'eth0')}, 2: [('172.16.4.1', 'eth0', True)]}
May 13 13:41:01 localhost mobilityd[350161]: INFO:root:GW-v6 probe: timer started
May 13 13:41:01 localhost magmad[350090]: INFO:root:[SyncRPC] Got heartBeat from cloud
May 13 13:41:04 localhost magmad[350090]: ERROR:root:Metrics upload error for service subscriberdb (chunk 0)! [StatusCode.DEADLINE_EXCEEDED] Deadline Exceeded
May 13 13:41:04 localhost magmad[350090]: ERROR:root:Metrics upload error for service mobilityd (chunk 0)! [StatusCode.DEADLINE_EXCEEDED] Deadline Exceeded
May 13 13:41:04 localhost magmad[350090]: ERROR:root:Metrics upload error for service mme (chunk 0)! [StatusCode.DEADLINE_EXCEEDED] Deadline Exceeded
May 13 13:41:05 localhost magmad[350090]: ERROR:root:Metrics upload error for service magmad (chunk 0)! [StatusCode.DEADLINE_EXCEEDED] Deadline Exceeded
May 13 13:41:05 localhost magmad[350090]: ERROR:root:Metrics upload error for service enodebd (chunk 0)! [StatusCode.DEADLINE_EXCEEDED] Deadline Exceeded
May 13 13:41:05 localhost magmad[350090]: ERROR:root:Metrics upload error for service pipelined (chunk 0)! [StatusCode.DEADLINE_EXCEEDED] Deadline Exceeded
May 13 13:41:05 localhost magmad[350090]: ERROR:root:Metrics upload error for service state (chunk 0)! [StatusCode.DEADLINE_EXCEEDED] Deadline Exceeded
May 13 13:41:05 localhost magmad[350090]: ERROR:root:Metrics upload error for service sessiond (chunk 0)! [StatusCode.DEADLINE_EXCEEDED] Deadline Exceeded
May 13 13:41:05 localhost smsd[350253]: INFO:root:mme non_eps_service_config is not SMS_ORC8R, sleeping.
May 13 13:41:10 localhost smsd[350253]: INFO:root:mme non_eps_service_config is not SMS_ORC8R, sleeping.
May 13 13:41:15 localhost magmad[350090]: INFO:root:Setting logging level to INFO
May 13 13:41:15 localhost smsd[350253]: INFO:root:mme non_eps_service_config is not SMS_ORC8R, sleeping.
May 13 13:41:20 localhost control_proxy[350297]: 2022-05-13T13:41:20.237Z [127.0.0.1 -> streamer-controller.magmasi.wavelabs.in,8443] "POST /magma.orc8r.Streamer/GetUpdates HTTP/2" 200 173bytes 0.554s
May 13 13:41:20 localhost policydb[350232]: INFO:root:Processing 4 policy updates (resync=True)
May 13 13:41:20 localhost smsd[350253]: INFO:root:mme non_eps_service_config is not SMS_ORC8R, sleeping.
May 13 13:41:21 localhost control_proxy[350297]: 2022-05-13T13:41:20.237Z [127.0.0.1 -> streamer-controller.magmasi.wavelabs.in,8443] "POST /magma.orc8r.Streamer/GetUpdates HTTP/2" 200 7bytes 0.286s
May 13 13:41:21 localhost policydb[350232]: INFO:root:Processing 0 basename -> policy updates
May 13 13:41:21 localhost control_proxy[350297]: 2022-05-13T13:41:21.085Z [127.0.0.1 -> streamer-controller.magmasi.wavelabs.in,8443] "POST /magma.orc8r.Streamer/GetUpdates HTTP/2" 200 13536bytes 0.312s
May 13 13:41:21 localhost policydb[350232]: INFO:root:Processing 223 SID -> apn -> policy updates
May 13 13:41:21 localhost control_proxy[350297]: 2022-05-13T13:41:21.085Z [127.0.0.1 -> streamer-controller.magmasi.wavelabs.in,8443] "POST /magma.orc8r.Streamer/GetUpdates HTTP/2" 200 7bytes 0.275s
May 13 13:41:21 localhost policydb[350232]: INFO:root:Processing 0 rating group updates
May 13 13:41:21 localhost mobilityd[350161]: INFO:root:Using GW info: {'default': {2: ('172.16.4.1', 'eth0')}, 2: [('172.16.4.1', 'eth0', True)]}
May 13 13:41:21 localhost mobilityd[350161]: INFO:root:GW-v6 probe: timer started
May 13 13:41:25 localhost smsd[350253]: INFO:root:mme non_eps_service_config is not SMS_ORC8R, sleeping.
May 13 13:41:28 localhost sctpd[350431]: I0513 13:41:28.290834 350922 sctp_connection.cpp:195] Unhandled notification type 32776
May 13 13:41:30 localhost smsd[350253]: INFO:root:mme non_eps_service_config is not SMS_ORC8R, sleeping.
May 13 13:41:33 localhost control_proxy[350297]: 2022-05-13T13:41:33.712Z [127.0.0.1 -> state-controller.magmasi.wavelabs.in,8443] "POST /magma.orc8r.StateService/ReportStates HTTP/2" 200 5bytes 0.279s
May 13 13:41:33 localhost magmad[350090]: INFO:root:Checkin Successful! Successfully sent states to the cloud!
May 13 13:41:35 localhost smsd[350253]: INFO:root:mme non_eps_service_config is not SMS_ORC8R, sleeping.
May 13 13:41:41 localhost smsd[350253]: INFO:root:mme non_eps_service_config is not SMS_ORC8R, sleeping.
May 13 13:41:41 localhost mobilityd[350161]: INFO:root:Using GW info: {'default': {2: ('172.16.4.1', 'eth0')}, 2: [('172.16.4.1', 'eth0', True)]}
May 13 13:41:41 localhost mobilityd[350161]: INFO:root:GW-v6 probe: timer started
May 13 13:41:46 localhost smsd[350253]: INFO:root:mme non_eps_service_config is not SMS_ORC8R, sleeping.
May 13 13:41:50 localhost sctpd[350431]: I0513 13:41:50.190115 350922 sctp_connection.cpp:195] Unhandled notification type 32776
May 13 13:41:51 localhost smsd[350253]: INFO:root:mme non_eps_service_config is not SMS_ORC8R, sleeping.
May 13 13:42:01 localhost smsd[350253]: message repeated 2 times: [ INFO:root:mme non_eps_service_config is not SMS_ORC8R, sleeping.]
May 13 13:42:01 localhost mobilityd[350161]: INFO:root:Using GW info: {'default': {2: ('172.16.4.1', 'eth0')}, 2: [('172.16.4.1', 'eth0', True)]}
May 13 13:42:01 localhost mobilityd[350161]: INFO:root:GW-v6 probe: timer started
May 13 13:42:01 localhost magmad[350090]: INFO:root:[SyncRPC] Got heartBeat from cloud
May 13 13:42:01 localhost control_proxy[350297]: 2022-05-13T13:41:01.563Z [127.0.0.1 -> streamer-controller.magmasi.wavelabs.in,8443] "POST /magma.orc8r.Streamer/GetUpdates HTTP/2" 200 0bytes 60.299s
May 13 13:42:01 localhost magmad[350090]: ERROR:root:Error! Streaming from the cloud failed! [StatusCode.ABORTED] error while streaming updates: rpc error: code = DeadlineExceeded desc = context deadline exceeded
May 13 13:42:05 localhost magmad[350090]: ERROR:root:Metrics upload error for service subscriberdb (chunk 0)! [StatusCode.DEADLINE_EXCEEDED] Deadline Exceeded
May 13 13:42:05 localhost magmad[350090]: ERROR:root:Metrics upload error for service mobilityd (chunk 0)! [StatusCode.DEADLINE_EXCEEDED] Deadline Exceeded
May 13 13:42:05 localhost magmad[350090]: ERROR:root:Metrics upload error for service mme (chunk 0)! [StatusCode.DEADLINE_EXCEEDED] Deadline Exceeded
May 13 13:42:05 localhost magmad[350090]: ERROR:root:Metrics upload error for service magmad (chunk 0)! [StatusCode.DEADLINE_EXCEEDED] Deadline Exceeded
May 13 13:42:05 localhost magmad[350090]: ERROR:root:Metrics upload error for service enodebd (chunk 0)! [StatusCode.DEADLINE_EXCEEDED] Deadline Exceeded
May 13 13:42:05 localhost magmad[350090]: ERROR:root:Metrics upload error for service pipelined (chunk 0)! [StatusCode.DEADLINE_EXCEEDED] Deadline Exceeded
May 13 13:42:05 localhost magmad[350090]: ERROR:root:Metrics upload error for service state (chunk 0)! [StatusCode.DEADLINE_EXCEEDED] Deadline Exceeded
May 13 13:42:05 localhost magmad[350090]: ERROR:root:Metrics upload error for service sessiond (chunk 0)! [StatusCode.DEADLINE_EXCEEDED] Deadline Exceeded
May 13 13:42:06 localhost smsd[350253]: INFO:root:mme non_eps_service_config is not SMS_ORC8R, sleeping.
May 13 13:42:21 localhost smsd[350253]: message repeated 3 times: [ INFO:root:mme non_eps_service_config is not SMS_ORC8R, sleeping.]
May 13 13:42:21 localhost mobilityd[350161]: INFO:root:Using GW info: {'default': {2: ('172.16.4.1', 'eth0')}, 2: [('172.16.4.1', 'eth0', True)]}
May 13 13:42:21 localhost mobilityd[350161]: INFO:root:GW-v6 probe: timer started
May 13 13:42:22 localhost control_proxy[350297]: 2022-05-13T13:42:21.741Z [127.0.0.1 -> streamer-controller.magmasi.wavelabs.in,8443] "POST /magma.orc8r.Streamer/GetUpdates HTTP/2" 200 173bytes 0.549s
May 13 13:42:22 localhost policydb[350232]: INFO:root:Processing 4 policy updates (resync=True)
May 13 13:42:22 localhost control_proxy[350297]: 2022-05-13T13:42:22.294Z [127.0.0.1 -> streamer-controller.magmasi.wavelabs.in,8443] "POST /magma.orc8r.Streamer/GetUpdates HTTP/2" 200 7bytes 0.277s
May 13 13:42:22 localhost policydb[350232]: INFO:root:Processing 0 basename -> policy updates
May 13 13:42:22 localhost control_proxy[350297]: 2022-05-13T13:42:22.294Z [127.0.0.1 -> streamer-controller.magmasi.wavelabs.in,8443] "POST /magma.orc8r.Streamer/GetUpdates HTTP/2" 200 13536bytes 0.321s
May 13 13:42:22 localhost policydb[350232]: INFO:root:Processing 223 SID -> apn -> policy updates
May 13 13:42:23 localhost control_proxy[350297]: 2022-05-13T13:42:22.294Z [127.0.0.1 -> streamer-controller.magmasi.wavelabs.in,8443] "POST /magma.orc8r.Streamer/GetUpdates HTTP/2" 200 7bytes 0.276s
May 13 13:42:23 localhost policydb[350232]: INFO:root:Processing 0 rating group updates
May 13 13:42:24 localhost sctpd[350431]: I0513 13:42:24.325497 350922 sctp_connection.cpp:195] Unhandled notification type 32776
May 13 13:42:26 localhost smsd[350253]: INFO:root:mme non_eps_service_config is not SMS_ORC8R, sleeping.
May 13 13:42:31 localhost smsd[350253]: INFO:root:mme non_eps_service_config is not SMS_ORC8R, sleeping.
May 13 13:42:34 localhost magmad[350090]: INFO:root:Setting logging level to INFO
May 13 13:42:36 localhost smsd[350253]: INFO:root:mme non_eps_service_config is not SMS_ORC8R, sleeping.
May 13 13:42:41 localhost smsd[350253]: INFO:root:mme non_eps_service_config is not SMS_ORC8R, sleeping.
May 13 13:42:41 localhost mobilityd[350161]: INFO:root:Using GW info: {'default': {2: ('172.16.4.1', 'eth0')}, 2: [('172.16.4.1', 'eth0', True)]}
May 13 13:42:41 localhost mobilityd[350161]: INFO:root:GW-v6 probe: timer started
May 13 13:42:46 localhost smsd[350253]: INFO:root:mme non_eps_service_config is not SMS_ORC8R, sleeping.
May 13 13:42:51 localhost smsd[350253]: INFO:root:mme non_eps_service_config is not SMS_ORC8R, sleeping.
May 13 13:42:52 localhost sctpd[350431]: I0513 13:42:52.445770 350922 sctp_connection.cpp:195] Unhandled notification type 32776
May 13 13:42:54 localhost control_proxy[350297]: 2022-05-13T13:42:53.205Z [127.0.0.1 -> state-controller.magmasi.wavelabs.in,8443] "POST /magma.orc8r.StateService/ReportStates HTTP/2" 200 5bytes 0.695s
May 13 13:42:54 localhost magmad[350090]: INFO:root:Checkin Successful! Successfully sent states to the cloud!
May 13 13:42:56 localhost smsd[350253]: INFO:root:mme non_eps_service_config is not SMS_ORC8R, sleeping.
May 13 13:43:01 localhost smsd[350253]: INFO:root:mme non_eps_service_config is not SMS_ORC8R, sleeping.
May 13 13:43:01 localhost magmad[350090]: INFO:root:[SyncRPC] Got heartBeat from cloud
May 13 13:43:01 localhost mobilityd[350161]: INFO:root:Using GW info: {'default': {2: ('172.16.4.1', 'eth0')}, 2: [('172.16.4.1', 'eth0', True)]}
May 13 13:43:01 localhost mobilityd[350161]: INFO:root:GW-v6 probe: timer started
May 13 13:43:06 localhost smsd[350253]: INFO:root:mme non_eps_service_config is not SMS_ORC8R, sleeping.
May 13 13:43:07 localhost subscriberdb[350157]: INFO:root:get digest stored in gateway:
May 13 13:43:07 localhost control_proxy[350297]: 2022-05-13T13:43:07.076Z [127.0.0.1 -> subscriberdb-controller.magmasi.wavelabs.in,8443] "POST /magma.lte.SubscriberDBCloud/CheckInSync HTTP/2" 200 0bytes 0.527s
May 13 13:43:07 localhost subscriberdb[350157]: ERROR:root:Internal Error in subscriberdb-Orc8r communication. If AGW and Orc8r are deployed at a commit hash, upgrade AGW and Orc8r to latest commit hash.
May 13 13:43:07 localhost control_proxy[350297]: 2022-05-13T13:43:07.076Z [127.0.0.1 -> subscriberdb-controller.magmasi.wavelabs.in,8443] "POST /magma.lte.SubscriberDBCloud/Sync HTTP/2" 200 0bytes 0.265s
May 13 13:43:07 localhost subscriberdb[350157]: ERROR:root:Internal Error in subscriberdb-Orc8r communication. If AGW and Orc8r are deployed at a commit hash, upgrade AGW and Orc8r to latest commit hash.
May 13 13:43:08 localhost control_proxy[350297]: 2022-05-13T13:43:07.076Z [127.0.0.1 -> subscriberdb-controller.magmasi.wavelabs.in,8443] "POST /magma.lte.SubscriberDBCloud/ListSubscribers HTTP/2" 200 44653bytes 0.589s
May 13 13:43:08 localhost subscriberdb[350157]: INFO:root:Successfully fetched all subscriber pages from the cloud!
May 13 13:43:08 localhost subscriberdb[350157]: INFO:root:update root digest stored in gateway:
May 13 13:43:11 localhost smsd[350253]: INFO:root:mme non_eps_service_config is not SMS_ORC8R, sleeping.
May 13 13:43:16 localhost smsd[350253]: INFO:root:mme non_eps_service_config is not SMS_ORC8R, sleeping.
May 13 13:43:20 localhost sctpd[350431]: I0513 13:43:20.377408 350922 sctp_connection.cpp:195] Unhandled notification type 32776
May 13 13:43:21 localhost smsd[350253]: INFO:root:mme non_eps_service_config is not SMS_ORC8R, sleeping.
May 13 13:43:21 localhost mobilityd[350161]: INFO:root:Using GW info: {'default': {2: ('172.16.4.1', 'eth0')}, 2: [('172.16.4.1', 'eth0', True)]}
May 13 13:43:21 localhost mobilityd[350161]: INFO:root:GW-v6 probe: timer started
May 13 13:43:23 localhost magmad[350090]: ERROR:root:Metrics upload error for service subscriberdb (chunk 0)! [StatusCode.DEADLINE_EXCEEDED] Deadline Exceeded
May 13 13:43:23 localhost magmad[350090]: ERROR:root:Metrics upload error for service mobilityd (chunk 0)! [StatusCode.DEADLINE_EXCEEDED] Deadline Exceeded
May 13 13:43:23 localhost magmad[350090]: ERROR:root:Metrics upload error for service mme (chunk 0)! [StatusCode.DEADLINE_EXCEEDED] Deadline Exceeded
May 13 13:43:23 localhost magmad[350090]: ERROR:root:Metrics upload error for service magmad (chunk 0)! [StatusCode.DEADLINE_EXCEEDED] Deadline Exceeded
May 13 13:43:23 localhost magmad[350090]: ERROR:root:Metrics upload error for service enodebd (chunk 0)! [StatusCode.DEADLINE_EXCEEDED] Deadline Exceeded
May 13 13:43:23 localhost magmad[350090]: ERROR:root:Metrics upload error for service pipelined (chunk 0)! [StatusCode.DEADLINE_EXCEEDED] Deadline Exceeded
May 13 13:43:23 localhost magmad[350090]: ERROR:root:Metrics upload error for service state (chunk 0)! [StatusCode.DEADLINE_EXCEEDED] Deadline Exceeded
May 13 13:43:23 localhost magmad[350090]: ERROR:root:Metrics upload error for service sessiond (chunk 0)! [StatusCode.DEADLINE_EXCEEDED] Deadline Exceeded
May 13 13:43:23 localhost control_proxy[350297]: 2022-05-13T13:43:23.230Z [127.0.0.1 -> streamer-controller.magmasi.wavelabs.in,8443] "POST /magma.orc8r.Streamer/GetUpdates HTTP/2" 200 173bytes 0.552s
May 13 13:43:23 localhost policydb[350232]: INFO:root:Processing 4 policy updates (resync=True)
May 13 13:43:24 localhost control_proxy[350297]: 2022-05-13T13:43:23.230Z [127.0.0.1 -> streamer-controller.magmasi.wavelabs.in,8443] "POST /magma.orc8r.Streamer/GetUpdates HTTP/2" 200 7bytes 0.283s
May 13 13:43:24 localhost policydb[350232]: INFO:root:Processing 0 basename -> policy updates
May 13 13:43:24 localhost control_proxy[350297]: 2022-05-13T13:43:24.072Z [127.0.0.1 -> streamer-controller.magmasi.wavelabs.in,8443] "POST /magma.orc8r.Streamer/GetUpdates HTTP/2" 200 13536bytes 0.311s
May 13 13:43:24 localhost policydb[350232]: INFO:root:Processing 223 SID -> apn -> policy updates
May 13 13:43:24 localhost control_proxy[350297]: 2022-05-13T13:43:24.072Z [127.0.0.1 -> streamer-controller.magmasi.wavelabs.in,8443] "POST /magma.orc8r.Streamer/GetUpdates HTTP/2" 200 7bytes 0.290s
May 13 13:43:24 localhost policydb[350232]: INFO:root:Processing 0 rating group updates
May 13 13:43:26 localhost smsd[350253]: INFO:root:mme non_eps_service_config is not SMS_ORC8R, sleeping.
May 13 13:43:36 localhost smsd[350253]: message repeated 2 times: [ INFO:root:mme non_eps_service_config is not SMS_ORC8R, sleeping.]
May 13 13:43:41 localhost mobilityd[350161]: INFO:root:Using GW info: {'default': {2: ('172.16.4.1', 'eth0')}, 2: [('172.16.4.1', 'eth0', True)]}
May 13 13:43:41 localhost mobilityd[350161]: INFO:root:GW-v6 probe: timer started
May 13 13:43:41 localhost smsd[350253]: INFO:root:mme non_eps_service_config is not SMS_ORC8R, sleeping.
May 13 13:43:46 localhost smsd[350253]: INFO:root:mme non_eps_service_config is not SMS_ORC8R, sleeping.
May 13 13:43:48 localhost sctpd[350431]: I0513 13:43:48.540042 350922 sctp_connection.cpp:195] Unhandled notification type 32776
May 13 13:43:51 localhost smsd[350253]: INFO:root:mme non_eps_service_config is not SMS_ORC8R, sleeping.
May 13 13:43:54 localhost magmad[350090]: INFO:root:Setting logging level to INFO
May 13 13:43:56 localhost smsd[350253]: INFO:root:mme non_eps_service_config is not SMS_ORC8R, sleeping.
May 13 13:44:01 localhost magmad[350090]: INFO:root:[SyncRPC] Got heartBeat from cloud
May 13 13:44:01 localhost mobilityd[350161]: INFO:root:Using GW info: {'default': {2: ('172.16.4.1', 'eth0')}, 2: [('172.16.4.1', 'eth0', True)]}
May 13 13:44:01 localhost mobilityd[350161]: INFO:root:GW-v6 probe: timer started
May 13 13:44:01 localhost smsd[350253]: INFO:root:mme non_eps_service_config is not SMS_ORC8R, sleeping.
May 13 13:44:02 localhost control_proxy[350297]: 2022-05-13T13:43:01.926Z [127.0.0.1 -> streamer-controller.magmasi.wavelabs.in,8443] "POST /magma.orc8r.Streamer/GetUpdates HTTP/2" 200 0bytes 60.274s
May 13 13:44:02 localhost magmad[350090]: ERROR:root:Error! Streaming from the cloud failed! [StatusCode.ABORTED] error while streaming updates: rpc error: code = DeadlineExceeded desc = context deadline exceeded
May 13 13:44:06 localhost smsd[350253]: INFO:root:mme non_eps_service_config is not SMS_ORC8R, sleeping.
May 13 13:44:11 localhost smsd[350253]: INFO:root:mme non_eps_service_config is not SMS_ORC8R, sleeping.
May 13 13:44:12 localhost sctpd[350431]: I0513 13:44:12.530582 350922 sctp_connection.cpp:195] Unhandled notification type 32776
May 13 13:44:13 localhost control_proxy[350297]: 2022-05-13T13:44:12.854Z [127.0.0.1 -> state-controller.magmasi.wavelabs.in,8443] "POST /magma.orc8r.StateService/ReportStates HTTP/2" 200 5bytes 0.550s
May 13 13:44:13 localhost magmad[350090]: INFO:root:Checkin Successful! Successfully sent states to the cloud!
May 13 13:44:16 localhost smsd[350253]: INFO:root:mme non_eps_service_config is not SMS_ORC8R, sleeping.
May 13 13:44:21 localhost mobilityd[350161]: INFO:root:Using GW info: {'default': {2: ('172.16.4.1', 'eth0')}, 2: [('172.16.4.1', 'eth0', True)]}
May 13 13:44:21 localhost mobilityd[350161]: INFO:root:GW-v6 probe: timer started
May 13 13:44:21 localhost smsd[350253]: INFO:root:mme non_eps_service_config is not SMS_ORC8R, sleeping.
May 13 13:44:23 localhost magmad[350090]: ERROR:root:Metrics upload error for service subscriberdb (chunk 0)! [StatusCode.DEADLINE_EXCEEDED] Deadline Exceeded
May 13 13:44:23 localhost magmad[350090]: ERROR:root:Metrics upload error for service mobilityd (chunk 0)! [StatusCode.DEADLINE_EXCEEDED] Deadline Exceeded
May 13 13:44:23 localhost magmad[350090]: ERROR:root:Metrics upload error for service mme (chunk 0)! [StatusCode.DEADLINE_EXCEEDED] Deadline Exceeded
May 13 13:44:23 localhost magmad[350090]: ERROR:root:Metrics upload error for service magmad (chunk 0)! [StatusCode.DEADLINE_EXCEEDED] Deadline Exceeded
May 13 13:44:23 localhost magmad[350090]: ERROR:root:Metrics upload error for service enodebd (chunk 0)! [StatusCode.DEADLINE_EXCEEDED] Deadline Exceeded
May 13 13:44:23 localhost magmad[350090]: ERROR:root:Metrics upload error for service pipelined (chunk 0)! [StatusCode.DEADLINE_EXCEEDED] Deadline Exceeded
May 13 13:44:23 localhost magmad[350090]: ERROR:root:Metrics upload error for service state (chunk 0)! [StatusCode.DEADLINE_EXCEEDED] Deadline Exceeded
May 13 13:44:23 localhost magmad[350090]: ERROR:root:Metrics upload error for service sessiond (chunk 0)! [StatusCode.DEADLINE_EXCEEDED] Deadline Exceeded
May 13 13:44:25 localhost control_proxy[350297]: 2022-05-13T13:44:24.741Z [127.0.0.1 -> streamer-controller.magmasi.wavelabs.in,8443] "POST /magma.orc8r.Streamer/GetUpdates HTTP/2" 200 173bytes 0.548s
May 13 13:44:25 localhost policydb[350232]: INFO:root:Processing 4 policy updates (resync=True)
May 13 13:44:25 localhost control_proxy[350297]: 2022-05-13T13:44:25.293Z [127.0.0.1 -> streamer-controller.magmasi.wavelabs.in,8443] "POST /magma.orc8r.Streamer/GetUpdates HTTP/2" 200 7bytes 0.279s
May 13 13:44:25 localhost policydb[350232]: INFO:root:Processing 0 basename -> policy updates
May 13 13:44:25 localhost control_proxy[350297]: 2022-05-13T13:44:25.293Z [127.0.0.1 -> streamer-controller.magmasi.wavelabs.in,8443] "POST /magma.orc8r.Streamer/GetUpdates HTTP/2" 200 13536bytes 0.328s
May 13 13:44:25 localhost policydb[350232]: INFO:root:Processing 223 SID -> apn -> policy updates
May 13 13:44:26 localhost control_proxy[350297]: 2022-05-13T13:44:25.293Z [127.0.0.1 -> streamer-controller.magmasi.wavelabs.in,8443] "POST /magma.orc8r.Streamer/GetUpdates HTTP/2" 200 7bytes 0.277s
May 13 13:44:26 localhost policydb[350232]: INFO:root:Processing 0 rating group updates
May 13 13:44:26 localhost smsd[350253]: INFO:root:mme non_eps_service_config is not SMS_ORC8R, sleeping.
May 13 13:44:37 localhost smsd[350253]: message repeated 2 times: [ INFO:root:mme non_eps_service_config is not SMS_ORC8R, sleeping.]
May 13 13:44:41 localhost mobilityd[350161]: INFO:root:Using GW info: {'default': {2: ('172.16.4.1', 'eth0')}, 2: [('172.16.4.1', 'eth0', True)]}
May 13 13:44:41 localhost mobilityd[350161]: INFO:root:GW-v6 probe: timer started
May 13 13:44:42 localhost smsd[350253]: INFO:root:mme non_eps_service_config is not SMS_ORC8R, sleeping.
May 13 13:44:44 localhost sctpd[350431]: I0513 13:44:44.563103 350922 sctp_connection.cpp:195] Unhandled notification type 32776
May 13 13:44:47 localhost smsd[350253]: INFO:root:mme non_eps_service_config is not SMS_ORC8R, sleeping.
May 13 13:44:57 localhost smsd[350253]: message repeated 2 times: [ INFO:root:mme non_eps_service_config is not SMS_ORC8R, sleeping.]
May 13 13:45:01 localhost magmad[350090]: INFO:root:[SyncRPC] Got heartBeat from cloud
May 13 13:45:01 localhost mobilityd[350161]: INFO:root:Using GW info: {'default': {2: ('172.16.4.1', 'eth0')}, 2: [('172.16.4.1', 'eth0', True)]}
May 13 13:45:01 localhost mobilityd[350161]: INFO:root:GW-v6 probe: timer started
May 13 13:45:02 localhost smsd[350253]: INFO:root:mme non_eps_service_config is not SMS_ORC8R, sleeping.
May 13 13:45:06 localhost sctpd[350431]: I0513 13:45:06.510972 350922 sctp_connection.cpp:195] Unhandled notification type 32776
May 13 13:45:07 localhost smsd[350253]: INFO:root:mme non_eps_service_config is not SMS_ORC8R, sleeping.
May 13 13:45:12 localhost smsd[350253]: INFO:root:mme non_eps_service_config is not SMS_ORC8R, sleeping.
May 13 13:45:13 localhost magmad[350090]: INFO:root:Setting logging level to INFO
May 13 13:45:17 localhost smsd[350253]: INFO:root:mme non_eps_service_config is not SMS_ORC8R, sleeping.
May 13 13:45:21 localhost mobilityd[350161]: INFO:root:Using GW info: {'default': {2: ('172.16.4.1', 'eth0')}, 2: [('172.16.4.1', 'eth0', True)]}
May 13 13:45:21 localhost mobilityd[350161]: INFO:root:GW-v6 probe: timer started
May 13 13:45:22 localhost smsd[350253]: INFO:root:mme non_eps_service_config is not SMS_ORC8R, sleeping.
May 13 13:45:26 localhost control_proxy[350297]: 2022-05-13T13:45:26.249Z [127.0.0.1 -> streamer-controller.magmasi.wavelabs.in,8443] "POST /magma.orc8r.Streamer/GetUpdates HTTP/2" 200 173bytes 0.592s
May 13 13:45:26 localhost policydb[350232]: INFO:root:Processing 4 policy updates (resync=True)
May 13 13:45:27 localhost control_proxy[350297]: 2022-05-13T13:45:26.249Z [127.0.0.1 -> streamer-controller.magmasi.wavelabs.in,8443] "POST /magma.orc8r.Streamer/GetUpdates HTTP/2" 200 7bytes 0.284s
May 13 13:45:27 localhost policydb[350232]: INFO:root:Processing 0 basename -> policy updates
May 13 13:45:27 localhost smsd[350253]: INFO:root:mme non_eps_service_config is not SMS_ORC8R, sleeping.
May 13 13:45:27 localhost control_proxy[350297]: 2022-05-13T13:45:27.130Z [127.0.0.1 -> streamer-controller.magmasi.wavelabs.in,8443] "POST /magma.orc8r.Streamer/GetUpdates HTTP/2" 200 13536bytes 0.306s
May 13 13:45:27 localhost policydb[350232]: INFO:root:Processing 223 SID -> apn -> policy updates
May 13 13:45:27 localhost control_proxy[350297]: 2022-05-13T13:45:27.130Z [127.0.0.1 -> streamer-controller.magmasi.wavelabs.in,8443] "POST /magma.orc8r.Streamer/GetUpdates HTTP/2" 200 7bytes 0.277s
May 13 13:45:27 localhost policydb[350232]: INFO:root:Processing 0 rating group updates
May 13 13:45:32 localhost magmad[350090]: ERROR:root:Metrics upload error for service subscriberdb (chunk 0)! [StatusCode.DEADLINE_EXCEEDED] Deadline Exceeded
May 13 13:45:32 localhost magmad[350090]: ERROR:root:Metrics upload error for service mobilityd (chunk 0)! [StatusCode.DEADLINE_EXCEEDED] Deadline Exceeded
May 13 13:45:32 localhost magmad[350090]: ERROR:root:Metrics upload error for service mme (chunk 0)! [StatusCode.DEADLINE_EXCEEDED] Deadline Exceeded
May 13 13:45:32 localhost magmad[350090]: ERROR:root:Metrics upload error for service magmad (chunk 0)! [StatusCode.DEADLINE_EXCEEDED] Deadline Exceeded
May 13 13:45:32 localhost magmad[350090]: ERROR:root:Metrics upload error for service enodebd (chunk 0)! [StatusCode.DEADLINE_EXCEEDED] Deadline Exceeded
May 13 13:45:32 localhost magmad[350090]: ERROR:root:Metrics upload error for service pipelined (chunk 0)! [StatusCode.DEADLINE_EXCEEDED] Deadline Exceeded
May 13 13:45:32 localhost magmad[350090]: ERROR:root:Metrics upload error for service state (chunk 0)! [StatusCode.DEADLINE_EXCEEDED] Deadline Exceeded
May 13 13:45:32 localhost magmad[350090]: ERROR:root:Metrics upload error for service sessiond (chunk 0)! [StatusCode.DEADLINE_EXCEEDED] Deadline Exceeded
May 13 13:45:32 localhost magmad[350090]: INFO:root:Checking for upgrade...
May 13 13:45:32 localhost magmad[350090]: WARNING:root:magmad package_version config missing or set to default 0.0.0-0, skipping upgrade
May 13 13:45:32 localhost smsd[350253]: INFO:root:mme non_eps_service_config is not SMS_ORC8R, sleeping.
May 13 13:45:32 localhost control_proxy[350297]: 2022-05-13T13:45:32.377Z [127.0.0.1 -> state-controller.magmasi.wavelabs.in,8443] "POST /magma.orc8r.StateService/ReportStates HTTP/2" 200 5bytes 0.278s
May 13 13:45:32 localhost magmad[350090]: INFO:root:Checkin Successful! Successfully sent states to the cloud!
May 13 13:45:37 localhost smsd[350253]: INFO:root:mme non_eps_service_config is not SMS_ORC8R, sleeping.
May 13 13:45:40 localhost sctpd[350431]: I0513 13:45:40.591426 350922 sctp_connection.cpp:195] Unhandled notification type 32776
May 13 13:45:41 localhost mobilityd[350161]: INFO:root:Using GW info: {'default': {2: ('172.16.4.1', 'eth0')}, 2: [('172.16.4.1', 'eth0', True)]}
May 13 13:45:41 localhost mobilityd[350161]: INFO:root:GW-v6 probe: timer started
May 13 13:45:42 localhost smsd[350253]: INFO:root:mme non_eps_service_config is not SMS_ORC8R, sleeping.
May 13 13:45:57 localhost smsd[350253]: message repeated 3 times: [ INFO:root:mme non_eps_service_config is not SMS_ORC8R, sleeping.]
May 13 13:46:00 localhost dnsmasq-dhcp[350339]: DHCPDISCOVER(eth1) 48:bf:74:03:3d:72 
May 13 13:46:00 localhost dnsmasq-dhcp[350339]: DHCPOFFER(eth1) 172.16.7.250 48:bf:74:03:3d:72 
May 13 13:46:00 localhost dnsmasq-dhcp[350339]: DHCPREQUEST(eth1) 172.16.7.250 48:bf:74:03:3d:72 
May 13 13:46:00 localhost dnsmasq-dhcp[350339]: DHCPACK(eth1) 172.16.7.250 48:bf:74:03:3d:72 
May 13 13:46:01 localhost magmad[350090]: INFO:root:[SyncRPC] Got heartBeat from cloud
May 13 13:46:01 localhost mobilityd[350161]: INFO:root:Using GW info: {'default': {2: ('172.16.4.1', 'eth0')}, 2: [('172.16.4.1', 'eth0', True)]}
May 13 13:46:01 localhost mobilityd[350161]: INFO:root:GW-v6 probe: timer started
May 13 13:46:02 localhost smsd[350253]: INFO:root:mme non_eps_service_config is not SMS_ORC8R, sleeping.
May 13 13:46:02 localhost control_proxy[350297]: 2022-05-13T13:45:02.263Z [127.0.0.1 -> streamer-controller.magmasi.wavelabs.in,8443] "POST /magma.orc8r.Streamer/GetUpdates HTTP/2" 200 0bytes 60.272s
May 13 13:46:02 localhost magmad[350090]: ERROR:root:Error! Streaming from the cloud failed! [StatusCode.ABORTED] error while streaming updates: rpc error: code = DeadlineExceeded desc = context deadline exceeded
May 13 13:46:07 localhost smsd[350253]: INFO:root:mme non_eps_service_config is not SMS_ORC8R, sleeping.
May 13 13:46:08 localhost sctpd[350431]: I0513 13:46:08.740711 350922 sctp_connection.cpp:195] Unhandled notification type 32776
May 13 13:46:12 localhost smsd[350253]: INFO:root:mme non_eps_service_config is not SMS_ORC8R, sleeping.
May 13 13:46:17 localhost smsd[350253]: INFO:root:mme non_eps_service_config is not SMS_ORC8R, sleeping.
May 13 13:46:21 localhost mobilityd[350161]: INFO:root:Using GW info: {'default': {2: ('172.16.4.1', 'eth0')}, 2: [('172.16.4.1', 'eth0', True)]}
May 13 13:46:21 localhost mobilityd[350161]: INFO:root:GW-v6 probe: timer started
May 13 13:46:22 localhost smsd[350253]: INFO:root:mme non_eps_service_config is not SMS_ORC8R, sleeping.
May 13 13:46:23 localhost magmad[350090]: ERROR:root:Metrics upload error for service subscriberdb (chunk 0)! [StatusCode.DEADLINE_EXCEEDED] Deadline Exceeded
May 13 13:46:23 localhost magmad[350090]: ERROR:root:Metrics upload error for service mobilityd (chunk 0)! [StatusCode.DEADLINE_EXCEEDED] Deadline Exceeded
May 13 13:46:23 localhost magmad[350090]: ERROR:root:Metrics upload error for service mme (chunk 0)! [StatusCode.DEADLINE_EXCEEDED] Deadline Exceeded
May 13 13:46:23 localhost magmad[350090]: ERROR:root:Metrics upload error for service magmad (chunk 0)! [StatusCode.DEADLINE_EXCEEDED] Deadline Exceeded
May 13 13:46:23 localhost magmad[350090]: ERROR:root:Metrics upload error for service enodebd (chunk 0)! [StatusCode.DEADLINE_EXCEEDED] Deadline Exceeded
May 13 13:46:23 localhost magmad[350090]: ERROR:root:Metrics upload error for service pipelined (chunk 0)! [StatusCode.DEADLINE_EXCEEDED] Deadline Exceeded
May 13 13:46:23 localhost magmad[350090]: ERROR:root:Metrics upload error for service state (chunk 0)! [StatusCode.DEADLINE_EXCEEDED] Deadline Exceeded
May 13 13:46:23 localhost magmad[350090]: ERROR:root:Metrics upload error for service sessiond (chunk 0)! [StatusCode.DEADLINE_EXCEEDED] Deadline Exceeded
May 13 13:46:27 localhost smsd[350253]: INFO:root:mme non_eps_service_config is not SMS_ORC8R, sleeping.
May 13 13:46:28 localhost control_proxy[350297]: 2022-05-13T13:46:27.785Z [127.0.0.1 -> streamer-controller.magmasi.wavelabs.in,8443] "POST /magma.orc8r.Streamer/GetUpdates HTTP/2" 200 173bytes 0.550s
May 13 13:46:28 localhost policydb[350232]: INFO:root:Processing 4 policy updates (resync=True)
May 13 13:46:28 localhost dnsmasq-dhcp[350339]: DHCPDISCOVER(eth1) 48:bf:74:03:3d:72 
May 13 13:46:28 localhost dnsmasq-dhcp[350339]: DHCPOFFER(eth1) 172.16.7.250 48:bf:74:03:3d:72 
May 13 13:46:28 localhost dnsmasq-dhcp[350339]: DHCPREQUEST(eth1) 172.16.7.250 48:bf:74:03:3d:72 
May 13 13:46:28 localhost dnsmasq-dhcp[350339]: DHCPACK(eth1) 172.16.7.250 48:bf:74:03:3d:72 
May 13 13:46:28 localhost control_proxy[350297]: 2022-05-13T13:46:28.341Z [127.0.0.1 -> streamer-controller.magmasi.wavelabs.in,8443] "POST /magma.orc8r.Streamer/GetUpdates HTTP/2" 200 7bytes 0.283s
May 13 13:46:28 localhost policydb[350232]: INFO:root:Processing 0 basename -> policy updates
May 13 13:46:28 localhost control_proxy[350297]: 2022-05-13T13:46:28.341Z [127.0.0.1 -> streamer-controller.magmasi.wavelabs.in,8443] "POST /magma.orc8r.Streamer/GetUpdates HTTP/2" 200 13536bytes 0.302s
May 13 13:46:28 localhost policydb[350232]: INFO:root:Processing 223 SID -> apn -> policy updates
May 13 13:46:29 localhost control_proxy[350297]: 2022-05-13T13:46:28.341Z [127.0.0.1 -> streamer-controller.magmasi.wavelabs.in,8443] "POST /magma.orc8r.Streamer/GetUpdates HTTP/2" 200 7bytes 0.274s
May 13 13:46:29 localhost policydb[350232]: INFO:root:Processing 0 rating group updates
May 13 13:46:32 localhost smsd[350253]: INFO:root:mme non_eps_service_config is not SMS_ORC8R, sleeping.
May 13 13:46:33 localhost magmad[350090]: INFO:root:Setting logging level to INFO
May 13 13:46:36 localhost sctpd[350431]: I0513 13:46:36.729176 350922 sctp_connection.cpp:195] Unhandled notification type 32776
May 13 13:46:37 localhost smsd[350253]: INFO:root:mme non_eps_service_config is not SMS_ORC8R, sleeping.
May 13 13:46:41 localhost mobilityd[350161]: INFO:root:Using GW info: {'default': {2: ('172.16.4.1', 'eth0')}, 2: [('172.16.4.1', 'eth0', True)]}
May 13 13:46:41 localhost mobilityd[350161]: INFO:root:GW-v6 probe: timer started
May 13 13:46:42 localhost smsd[350253]: INFO:root:mme non_eps_service_config is not SMS_ORC8R, sleeping.
May 13 13:46:47 localhost smsd[350253]: INFO:root:mme non_eps_service_config is not SMS_ORC8R, sleeping.
May 13 13:46:52 localhost control_proxy[350297]: 2022-05-13T13:46:51.925Z [127.0.0.1 -> state-controller.magmasi.wavelabs.in,8443] "POST /magma.orc8r.StateService/ReportStates HTTP/2" 200 5bytes 0.538s
May 13 13:46:52 localhost magmad[350090]: INFO:root:Checkin Successful! Successfully sent states to the cloud!
May 13 13:46:52 localhost smsd[350253]: INFO:root:mme non_eps_service_config is not SMS_ORC8R, sleeping.
May 13 13:46:57 localhost smsd[350253]: INFO:root:mme non_eps_service_config is not SMS_ORC8R, sleeping.
May 13 13:47:01 localhost magmad[350090]: INFO:root:[SyncRPC] Got heartBeat from cloud
May 13 13:47:01 localhost mobilityd[350161]: INFO:root:Using GW info: {'default': {2: ('172.16.4.1', 'eth0')}, 2: [('172.16.4.1', 'eth0', True)]}
May 13 13:47:01 localhost mobilityd[350161]: INFO:root:GW-v6 probe: timer started
May 13 13:47:02 localhost smsd[350253]: INFO:root:mme non_eps_service_config is not SMS_ORC8R, sleeping.
May 13 13:47:04 localhost sctpd[350431]: I0513 13:47:04.783588 350922 sctp_connection.cpp:195] Unhandled notification type 32776
May 13 13:47:07 localhost smsd[350253]: INFO:root:mme non_eps_service_config is not SMS_ORC8R, sleeping.
May 13 13:47:17 localhost smsd[350253]: message repeated 2 times: [ INFO:root:mme non_eps_service_config is not SMS_ORC8R, sleeping.]
May 13 13:47:21 localhost mobilityd[350161]: INFO:root:Using GW info: {'default': {2: ('172.16.4.1', 'eth0')}, 2: [('172.16.4.1', 'eth0', True)]}
May 13 13:47:21 localhost mobilityd[350161]: INFO:root:GW-v6 probe: timer started
May 13 13:47:22 localhost smsd[350253]: INFO:root:mme non_eps_service_config is not SMS_ORC8R, sleeping.
May 13 13:47:23 localhost magmad[350090]: ERROR:root:Metrics upload error for service subscriberdb (chunk 0)! [StatusCode.DEADLINE_EXCEEDED] Deadline Exceeded
May 13 13:47:23 localhost magmad[350090]: ERROR:root:Metrics upload error for service mobilityd (chunk 0)! [StatusCode.DEADLINE_EXCEEDED] Deadline Exceeded
May 13 13:47:23 localhost magmad[350090]: ERROR:root:Metrics upload error for service mme (chunk 0)! [StatusCode.DEADLINE_EXCEEDED] Deadline Exceeded
May 13 13:47:23 localhost magmad[350090]: ERROR:root:Metrics upload error for service magmad (chunk 0)! [StatusCode.DEADLINE_EXCEEDED] Deadline Exceeded
May 13 13:47:23 localhost magmad[350090]: ERROR:root:Metrics upload error for service enodebd (chunk 0)! [StatusCode.DEADLINE_EXCEEDED] Deadline Exceeded
May 13 13:47:23 localhost magmad[350090]: ERROR:root:Metrics upload error for service pipelined (chunk 0)! [StatusCode.DEADLINE_EXCEEDED] Deadline Exceeded
May 13 13:47:23 localhost magmad[350090]: ERROR:root:Metrics upload error for service state (chunk 0)! [StatusCode.DEADLINE_EXCEEDED] Deadline Exceeded
May 13 13:47:23 localhost magmad[350090]: ERROR:root:Metrics upload error for service sessiond (chunk 0)! [StatusCode.DEADLINE_EXCEEDED] Deadline Exceeded
May 13 13:47:28 localhost smsd[350253]: INFO:root:mme non_eps_service_config is not SMS_ORC8R, sleeping.
May 13 13:47:28 localhost sctpd[350431]: I0513 13:47:28.833345 350922 sctp_connection.cpp:195] Unhandled notification type 32776
May 13 13:47:29 localhost control_proxy[350297]: 2022-05-13T13:47:29.274Z [127.0.0.1 -> streamer-controller.magmasi.wavelabs.in,8443] "POST /magma.orc8r.Streamer/GetUpdates HTTP/2" 200 173bytes 0.563s
May 13 13:47:29 localhost policydb[350232]: INFO:root:Processing 4 policy updates (resync=True)
May 13 13:47:30 localhost control_proxy[350297]: 2022-05-13T13:47:29.274Z [127.0.0.1 -> streamer-controller.magmasi.wavelabs.in,8443] "POST /magma.orc8r.Streamer/GetUpdates HTTP/2" 200 7bytes 0.277s
May 13 13:47:30 localhost policydb[350232]: INFO:root:Processing 0 basename -> policy updates
May 13 13:47:30 localhost control_proxy[350297]: 2022-05-13T13:47:30.119Z [127.0.0.1 -> streamer-controller.magmasi.wavelabs.in,8443] "POST /magma.orc8r.Streamer/GetUpdates HTTP/2" 200 13536bytes 0.306s
May 13 13:47:30 localhost policydb[350232]: INFO:root:Processing 223 SID -> apn -> policy updates
May 13 13:47:30 localhost control_proxy[350297]: 2022-05-13T13:47:30.119Z [127.0.0.1 -> streamer-controller.magmasi.wavelabs.in,8443] "POST /magma.orc8r.Streamer/GetUpdates HTTP/2" 200 7bytes 0.284s
May 13 13:47:30 localhost policydb[350232]: INFO:root:Processing 0 rating group updates
May 13 13:47:33 localhost smsd[350253]: INFO:root:mme non_eps_service_config is not SMS_ORC8R, sleeping.
May 13 13:47:38 localhost smsd[350253]: INFO:root:mme non_eps_service_config is not SMS_ORC8R, sleeping.
May 13 13:47:41 localhost mobilityd[350161]: INFO:root:Using GW info: {'default': {2: ('172.16.4.1', 'eth0')}, 2: [('172.16.4.1', 'eth0', True)]}
May 13 13:47:41 localhost mobilityd[350161]: INFO:root:GW-v6 probe: timer started
May 13 13:47:43 localhost smsd[350253]: INFO:root:mme non_eps_service_config is not SMS_ORC8R, sleeping.
May 13 13:47:48 localhost smsd[350253]: INFO:root:mme non_eps_service_config is not SMS_ORC8R, sleeping.
May 13 13:47:53 localhost magmad[350090]: INFO:root:Setting logging level to INFO
May 13 13:47:53 localhost smsd[350253]: INFO:root:mme non_eps_service_config is not SMS_ORC8R, sleeping.
May 13 13:47:58 localhost smsd[350253]: INFO:root:mme non_eps_service_config is not SMS_ORC8R, sleeping.
May 13 13:48:01 localhost sctpd[350431]: I0513 13:48:01.199955 350922 sctp_connection.cpp:195] Unhandled notification type 32776
May 13 13:48:01 localhost magmad[350090]: INFO:root:[SyncRPC] Got heartBeat from cloud
May 13 13:48:01 localhost mobilityd[350161]: INFO:root:Using GW info: {'default': {2: ('172.16.4.1', 'eth0')}, 2: [('172.16.4.1', 'eth0', True)]}
May 13 13:48:01 localhost mobilityd[350161]: INFO:root:GW-v6 probe: timer started
May 13 13:48:02 localhost control_proxy[350297]: 2022-05-13T13:47:02.574Z [127.0.0.1 -> streamer-controller.magmasi.wavelabs.in,8443] "POST /magma.orc8r.Streamer/GetUpdates HTTP/2" 200 0bytes 60.270s
May 13 13:48:02 localhost magmad[350090]: ERROR:root:Error! Streaming from the cloud failed! [StatusCode.ABORTED] error while streaming updates: rpc error: code = DeadlineExceeded desc = context deadline exceeded
May 13 13:48:03 localhost smsd[350253]: INFO:root:mme non_eps_service_config is not SMS_ORC8R, sleeping.
May 13 13:48:08 localhost smsd[350253]: INFO:root:mme non_eps_service_config is not SMS_ORC8R, sleeping.
May 13 13:48:08 localhost subscriberdb[350157]: INFO:root:get digest stored in gateway:
May 13 13:48:09 localhost control_proxy[350297]: 2022-05-13T13:48:08.956Z [127.0.0.1 -> subscriberdb-controller.magmasi.wavelabs.in,8443] "POST /magma.lte.SubscriberDBCloud/CheckInSync HTTP/2" 200 0bytes 0.529s
