May 13 21:13:05 localhost control_proxy[458123]: 2022-05-13T21:13:04.621Z [127.0.0.1 -> state-controller.magmasi.wavelabs.in,8443] "POST /magma.orc8r.StateService/ReportStates HTTP/2" 200 5bytes 0.515s
May 13 21:13:05 localhost magmad[457902]: INFO:root:Checkin Successful! Successfully sent states to the cloud!
May 13 21:13:09 localhost smsd[458064]: INFO:root:mme non_eps_service_config is not SMS_ORC8R, sleeping.
May 13 21:13:10 localhost magmad[457902]: INFO:root:[SyncRPC] Got heartBeat from cloud
May 13 21:13:11 localhost mobilityd[457972]: INFO:root:Using GW info: {'default': {2: ('172.16.4.1', 'eth0')}, 2: [('172.16.4.1', 'eth0', True)]}
May 13 21:13:11 localhost mobilityd[457972]: INFO:root:GW-v6 probe: timer started
May 13 21:13:14 localhost smsd[458064]: INFO:root:mme non_eps_service_config is not SMS_ORC8R, sleeping.
May 13 21:13:14 localhost magmad[457902]: ERROR:root:Metrics upload error for service subscriberdb (chunk 0)! [StatusCode.DEADLINE_EXCEEDED] Deadline Exceeded
May 13 21:13:14 localhost magmad[457902]: ERROR:root:Metrics upload error for service mobilityd (chunk 0)! [StatusCode.DEADLINE_EXCEEDED] Deadline Exceeded
May 13 21:13:14 localhost magmad[457902]: ERROR:root:Metrics upload error for service mme (chunk 0)! [StatusCode.DEADLINE_EXCEEDED] Deadline Exceeded
May 13 21:13:14 localhost magmad[457902]: ERROR:root:Metrics upload error for service magmad (chunk 0)! [StatusCode.DEADLINE_EXCEEDED] Deadline Exceeded
May 13 21:13:14 localhost magmad[457902]: ERROR:root:Metrics upload error for service enodebd (chunk 0)! [StatusCode.DEADLINE_EXCEEDED] Deadline Exceeded
May 13 21:13:15 localhost magmad[457902]: ERROR:root:Metrics upload error for service pipelined (chunk 0)! [StatusCode.DEADLINE_EXCEEDED] Deadline Exceeded
May 13 21:13:15 localhost magmad[457902]: ERROR:root:Metrics upload error for service state (chunk 0)! [StatusCode.DEADLINE_EXCEEDED] Deadline Exceeded
May 13 21:13:15 localhost magmad[457902]: ERROR:root:Metrics upload error for service sessiond (chunk 0)! [StatusCode.DEADLINE_EXCEEDED] Deadline Exceeded
May 13 21:13:16 localhost sctpd[458247]: I0513 21:13:16.440025 458734 sctp_connection.cpp:195] Unhandled notification type 32776
May 13 21:13:19 localhost smsd[458064]: INFO:root:mme non_eps_service_config is not SMS_ORC8R, sleeping.
May 13 21:13:24 localhost smsd[458064]: INFO:root:mme non_eps_service_config is not SMS_ORC8R, sleeping.
May 13 21:13:26 localhost control_proxy[458123]: 2022-05-13T21:13:25.978Z [127.0.0.1 -> streamer-controller.magmasi.wavelabs.in,8443] "POST /magma.orc8r.Streamer/GetUpdates HTTP/2" 200 173bytes 0.556s
May 13 21:13:26 localhost policydb[458033]: INFO:root:Processing 4 policy updates (resync=True)
May 13 21:13:26 localhost control_proxy[458123]: 2022-05-13T21:13:26.540Z [127.0.0.1 -> streamer-controller.magmasi.wavelabs.in,8443] "POST /magma.orc8r.Streamer/GetUpdates HTTP/2" 200 7bytes 0.274s
May 13 21:13:26 localhost policydb[458033]: INFO:root:Processing 0 basename -> policy updates
May 13 21:13:27 localhost control_proxy[458123]: 2022-05-13T21:13:26.540Z [127.0.0.1 -> streamer-controller.magmasi.wavelabs.in,8443] "POST /magma.orc8r.Streamer/GetUpdates HTTP/2" 200 13536bytes 0.303s
May 13 21:13:27 localhost policydb[458033]: INFO:root:Processing 223 SID -> apn -> policy updates
May 13 21:13:27 localhost control_proxy[458123]: 2022-05-13T21:13:27.179Z [127.0.0.1 -> streamer-controller.magmasi.wavelabs.in,8443] "POST /magma.orc8r.Streamer/GetUpdates HTTP/2" 200 7bytes 0.267s
May 13 21:13:27 localhost policydb[458033]: INFO:root:Processing 0 rating group updates
May 13 21:13:30 localhost smsd[458064]: INFO:root:mme non_eps_service_config is not SMS_ORC8R, sleeping.
May 13 21:13:31 localhost mobilityd[457972]: INFO:root:Using GW info: {'default': {2: ('172.16.4.1', 'eth0')}, 2: [('172.16.4.1', 'eth0', True)]}
May 13 21:13:31 localhost mobilityd[457972]: INFO:root:GW-v6 probe: timer started
May 13 21:13:35 localhost smsd[458064]: INFO:root:mme non_eps_service_config is not SMS_ORC8R, sleeping.
May 13 21:13:40 localhost smsd[458064]: INFO:root:mme non_eps_service_config is not SMS_ORC8R, sleeping.
May 13 21:13:40 localhost sctpd[458247]: I0513 21:13:40.626857 458734 sctp_connection.cpp:195] Unhandled notification type 32776
May 13 21:13:45 localhost smsd[458064]: INFO:root:mme non_eps_service_config is not SMS_ORC8R, sleeping.
May 13 21:13:50 localhost smsd[458064]: INFO:root:mme non_eps_service_config is not SMS_ORC8R, sleeping.
May 13 21:13:51 localhost mobilityd[457972]: INFO:root:Using GW info: {'default': {2: ('172.16.4.1', 'eth0')}, 2: [('172.16.4.1', 'eth0', True)]}
May 13 21:13:51 localhost mobilityd[457972]: INFO:root:GW-v6 probe: timer started
May 13 21:13:55 localhost smsd[458064]: INFO:root:mme non_eps_service_config is not SMS_ORC8R, sleeping.
May 13 21:14:05 localhost smsd[458064]: message repeated 2 times: [ INFO:root:mme non_eps_service_config is not SMS_ORC8R, sleeping.]
May 13 21:14:05 localhost magmad[457902]: INFO:root:Setting logging level to INFO
May 13 21:14:10 localhost smsd[458064]: INFO:root:mme non_eps_service_config is not SMS_ORC8R, sleeping.
May 13 21:14:10 localhost magmad[457902]: INFO:root:[SyncRPC] Got heartBeat from cloud
May 13 21:14:11 localhost control_proxy[458123]: 2022-05-13T21:13:10.830Z [127.0.0.1 -> streamer-controller.magmasi.wavelabs.in,8443] "POST /magma.orc8r.Streamer/GetUpdates HTTP/2" 200 0bytes 60.259s
May 13 21:14:11 localhost magmad[457902]: ERROR:root:Error! Streaming from the cloud failed! [StatusCode.ABORTED] error while streaming updates: rpc error: code = DeadlineExceeded desc = context deadline exceeded
May 13 21:14:11 localhost mobilityd[457972]: INFO:root:Using GW info: {'default': {2: ('172.16.4.1', 'eth0')}, 2: [('172.16.4.1', 'eth0', True)]}
May 13 21:14:11 localhost mobilityd[457972]: INFO:root:GW-v6 probe: timer started
May 13 21:14:12 localhost sctpd[458247]: I0513 21:14:12.717327 458734 sctp_connection.cpp:195] Unhandled notification type 32776
May 13 21:14:15 localhost smsd[458064]: INFO:root:mme non_eps_service_config is not SMS_ORC8R, sleeping.
May 13 21:14:20 localhost smsd[458064]: INFO:root:mme non_eps_service_config is not SMS_ORC8R, sleeping.
May 13 21:14:24 localhost magmad[457902]: ERROR:root:Metrics upload error for service subscriberdb (chunk 0)! [StatusCode.DEADLINE_EXCEEDED] Deadline Exceeded
May 13 21:14:24 localhost magmad[457902]: ERROR:root:Metrics upload error for service mobilityd (chunk 0)! [StatusCode.DEADLINE_EXCEEDED] Deadline Exceeded
May 13 21:14:24 localhost magmad[457902]: ERROR:root:Metrics upload error for service mme (chunk 0)! [StatusCode.DEADLINE_EXCEEDED] Deadline Exceeded
May 13 21:14:24 localhost magmad[457902]: ERROR:root:Metrics upload error for service magmad (chunk 0)! [StatusCode.DEADLINE_EXCEEDED] Deadline Exceeded
May 13 21:14:24 localhost magmad[457902]: ERROR:root:Metrics upload error for service enodebd (chunk 0)! [StatusCode.DEADLINE_EXCEEDED] Deadline Exceeded
May 13 21:14:24 localhost magmad[457902]: ERROR:root:Metrics upload error for service pipelined (chunk 0)! [StatusCode.DEADLINE_EXCEEDED] Deadline Exceeded
May 13 21:14:24 localhost magmad[457902]: ERROR:root:Metrics upload error for service state (chunk 0)! [StatusCode.DEADLINE_EXCEEDED] Deadline Exceeded
May 13 21:14:24 localhost magmad[457902]: ERROR:root:Metrics upload error for service sessiond (chunk 0)! [StatusCode.DEADLINE_EXCEEDED] Deadline Exceeded
May 13 21:14:24 localhost magmad[457902]: INFO:root:Checking for upgrade...
May 13 21:14:24 localhost magmad[457902]: WARNING:root:magmad package_version config missing or set to default 0.0.0-0, skipping upgrade
May 13 21:14:24 localhost control_proxy[458123]: 2022-05-13T21:14:24.146Z [127.0.0.1 -> state-controller.magmasi.wavelabs.in,8443] "POST /magma.orc8r.StateService/ReportStates HTTP/2" 200 5bytes 0.503s
May 13 21:14:24 localhost magmad[457902]: INFO:root:Checkin Successful! Successfully sent states to the cloud!
May 13 21:14:25 localhost smsd[458064]: INFO:root:mme non_eps_service_config is not SMS_ORC8R, sleeping.
May 13 21:14:27 localhost control_proxy[458123]: 2022-05-13T21:14:27.493Z [127.0.0.1 -> streamer-controller.magmasi.wavelabs.in,8443] "POST /magma.orc8r.Streamer/GetUpdates HTTP/2" 200 173bytes 0.271s
May 13 21:14:27 localhost policydb[458033]: INFO:root:Processing 4 policy updates (resync=True)
May 13 21:14:28 localhost control_proxy[458123]: 2022-05-13T21:14:27.493Z [127.0.0.1 -> streamer-controller.magmasi.wavelabs.in,8443] "POST /magma.orc8r.Streamer/GetUpdates HTTP/2" 200 7bytes 0.277s
May 13 21:14:28 localhost policydb[458033]: INFO:root:Processing 0 basename -> policy updates
May 13 21:14:28 localhost control_proxy[458123]: 2022-05-13T21:14:28.047Z [127.0.0.1 -> streamer-controller.magmasi.wavelabs.in,8443] "POST /magma.orc8r.Streamer/GetUpdates HTTP/2" 200 13536bytes 0.293s
May 13 21:14:28 localhost policydb[458033]: INFO:root:Processing 223 SID -> apn -> policy updates
May 13 21:14:28 localhost control_proxy[458123]: 2022-05-13T21:14:28.047Z [127.0.0.1 -> streamer-controller.magmasi.wavelabs.in,8443] "POST /magma.orc8r.Streamer/GetUpdates HTTP/2" 200 7bytes 0.261s
May 13 21:14:28 localhost policydb[458033]: INFO:root:Processing 0 rating group updates
May 13 21:14:30 localhost smsd[458064]: INFO:root:mme non_eps_service_config is not SMS_ORC8R, sleeping.
May 13 21:14:31 localhost mobilityd[457972]: INFO:root:Using GW info: {'default': {2: ('172.16.4.1', 'eth0')}, 2: [('172.16.4.1', 'eth0', True)]}
May 13 21:14:31 localhost mobilityd[457972]: INFO:root:GW-v6 probe: timer started
May 13 21:14:34 localhost sctpd[458247]: I0513 21:14:34.731451 458734 sctp_connection.cpp:195] Unhandled notification type 32776
May 13 21:14:35 localhost smsd[458064]: INFO:root:mme non_eps_service_config is not SMS_ORC8R, sleeping.
May 13 21:14:50 localhost smsd[458064]: message repeated 3 times: [ INFO:root:mme non_eps_service_config is not SMS_ORC8R, sleeping.]
May 13 21:14:51 localhost mobilityd[457972]: INFO:root:Using GW info: {'default': {2: ('172.16.4.1', 'eth0')}, 2: [('172.16.4.1', 'eth0', True)]}
May 13 21:14:51 localhost mobilityd[457972]: INFO:root:GW-v6 probe: timer started
May 13 21:14:55 localhost smsd[458064]: INFO:root:mme non_eps_service_config is not SMS_ORC8R, sleeping.
May 13 21:15:05 localhost smsd[458064]: message repeated 2 times: [ INFO:root:mme non_eps_service_config is not SMS_ORC8R, sleeping.]
May 13 21:15:08 localhost sctpd[458247]: I0513 21:15:08.717056 458734 sctp_connection.cpp:195] Unhandled notification type 32776
May 13 21:15:10 localhost smsd[458064]: INFO:root:mme non_eps_service_config is not SMS_ORC8R, sleeping.
May 13 21:15:10 localhost magmad[457902]: INFO:root:[SyncRPC] Got heartBeat from cloud
May 13 21:15:11 localhost mobilityd[457972]: INFO:root:Using GW info: {'default': {2: ('172.16.4.1', 'eth0')}, 2: [('172.16.4.1', 'eth0', True)]}
May 13 21:15:11 localhost mobilityd[457972]: INFO:root:GW-v6 probe: timer started
May 13 21:15:14 localhost magmad[457902]: ERROR:root:Metrics upload error for service subscriberdb (chunk 0)! [StatusCode.DEADLINE_EXCEEDED] Deadline Exceeded
May 13 21:15:14 localhost magmad[457902]: ERROR:root:Metrics upload error for service mobilityd (chunk 0)! [StatusCode.DEADLINE_EXCEEDED] Deadline Exceeded
May 13 21:15:14 localhost magmad[457902]: ERROR:root:Metrics upload error for service mme (chunk 0)! [StatusCode.DEADLINE_EXCEEDED] Deadline Exceeded
May 13 21:15:15 localhost magmad[457902]: ERROR:root:Metrics upload error for service magmad (chunk 0)! [StatusCode.DEADLINE_EXCEEDED] Deadline Exceeded
May 13 21:15:15 localhost magmad[457902]: ERROR:root:Metrics upload error for service enodebd (chunk 0)! [StatusCode.DEADLINE_EXCEEDED] Deadline Exceeded
May 13 21:15:15 localhost magmad[457902]: ERROR:root:Metrics upload error for service pipelined (chunk 0)! [StatusCode.DEADLINE_EXCEEDED] Deadline Exceeded
May 13 21:15:15 localhost magmad[457902]: ERROR:root:Metrics upload error for service state (chunk 0)! [StatusCode.DEADLINE_EXCEEDED] Deadline Exceeded
May 13 21:15:15 localhost magmad[457902]: ERROR:root:Metrics upload error for service sessiond (chunk 0)! [StatusCode.DEADLINE_EXCEEDED] Deadline Exceeded
May 13 21:15:15 localhost smsd[458064]: INFO:root:mme non_eps_service_config is not SMS_ORC8R, sleeping.
May 13 21:15:20 localhost smsd[458064]: INFO:root:mme non_eps_service_config is not SMS_ORC8R, sleeping.
May 13 21:15:25 localhost magmad[457902]: INFO:root:Setting logging level to INFO
May 13 21:15:25 localhost smsd[458064]: INFO:root:mme non_eps_service_config is not SMS_ORC8R, sleeping.
May 13 21:15:29 localhost control_proxy[458123]: 2022-05-13T21:15:28.654Z [127.0.0.1 -> streamer-controller.magmasi.wavelabs.in,8443] "POST /magma.orc8r.Streamer/GetUpdates HTTP/2" 200 173bytes 0.514s
May 13 21:15:29 localhost policydb[458033]: INFO:root:Processing 4 policy updates (resync=True)
May 13 21:15:29 localhost control_proxy[458123]: 2022-05-13T21:15:29.170Z [127.0.0.1 -> streamer-controller.magmasi.wavelabs.in,8443] "POST /magma.orc8r.Streamer/GetUpdates HTTP/2" 200 7bytes 0.263s
May 13 21:15:29 localhost policydb[458033]: INFO:root:Processing 0 basename -> policy updates
May 13 21:15:29 localhost control_proxy[458123]: 2022-05-13T21:15:29.170Z [127.0.0.1 -> streamer-controller.magmasi.wavelabs.in,8443] "POST /magma.orc8r.Streamer/GetUpdates HTTP/2" 200 13536bytes 0.286s
May 13 21:15:29 localhost policydb[458033]: INFO:root:Processing 223 SID -> apn -> policy updates
May 13 21:15:29 localhost control_proxy[458123]: 2022-05-13T21:15:29.170Z [127.0.0.1 -> streamer-controller.magmasi.wavelabs.in,8443] "POST /magma.orc8r.Streamer/GetUpdates HTTP/2" 200 7bytes 0.262s
May 13 21:15:29 localhost policydb[458033]: INFO:root:Processing 0 rating group updates
May 13 21:15:30 localhost smsd[458064]: INFO:root:mme non_eps_service_config is not SMS_ORC8R, sleeping.
May 13 21:15:31 localhost mobilityd[457972]: INFO:root:Using GW info: {'default': {2: ('172.16.4.1', 'eth0')}, 2: [('172.16.4.1', 'eth0', True)]}
May 13 21:15:31 localhost mobilityd[457972]: INFO:root:GW-v6 probe: timer started
May 13 21:15:35 localhost smsd[458064]: INFO:root:mme non_eps_service_config is not SMS_ORC8R, sleeping.
May 13 21:15:36 localhost sctpd[458247]: I0513 21:15:36.772122 458734 sctp_connection.cpp:195] Unhandled notification type 32776
May 13 21:15:40 localhost smsd[458064]: INFO:root:mme non_eps_service_config is not SMS_ORC8R, sleeping.
May 13 21:15:43 localhost control_proxy[458123]: 2022-05-13T21:15:43.708Z [127.0.0.1 -> state-controller.magmasi.wavelabs.in,8443] "POST /magma.orc8r.StateService/ReportStates HTTP/2" 200 5bytes 0.263s
May 13 21:15:43 localhost magmad[457902]: INFO:root:Checkin Successful! Successfully sent states to the cloud!
May 13 21:15:45 localhost smsd[458064]: INFO:root:mme non_eps_service_config is not SMS_ORC8R, sleeping.
May 13 21:15:50 localhost smsd[458064]: INFO:root:mme non_eps_service_config is not SMS_ORC8R, sleeping.
May 13 21:15:51 localhost mobilityd[457972]: INFO:root:Using GW info: {'default': {2: ('172.16.4.1', 'eth0')}, 2: [('172.16.4.1', 'eth0', True)]}
May 13 21:15:51 localhost mobilityd[457972]: INFO:root:GW-v6 probe: timer started
May 13 21:15:55 localhost smsd[458064]: INFO:root:mme non_eps_service_config is not SMS_ORC8R, sleeping.
May 13 21:16:00 localhost smsd[458064]: INFO:root:mme non_eps_service_config is not SMS_ORC8R, sleeping.
May 13 21:16:04 localhost sctpd[458247]: I0513 21:16:04.954744 458734 sctp_connection.cpp:195] Unhandled notification type 32776
May 13 21:16:05 localhost smsd[458064]: INFO:root:mme non_eps_service_config is not SMS_ORC8R, sleeping.
May 13 21:16:10 localhost magmad[457902]: INFO:root:[SyncRPC] Got heartBeat from cloud
May 13 21:16:10 localhost smsd[458064]: INFO:root:mme non_eps_service_config is not SMS_ORC8R, sleeping.
May 13 21:16:11 localhost control_proxy[458123]: 2022-05-13T21:15:11.129Z [127.0.0.1 -> streamer-controller.magmasi.wavelabs.in,8443] "POST /magma.orc8r.Streamer/GetUpdates HTTP/2" 200 0bytes 60.255s
May 13 21:16:11 localhost magmad[457902]: ERROR:root:Error! Streaming from the cloud failed! [StatusCode.ABORTED] error while streaming updates: rpc error: code = DeadlineExceeded desc = context deadline exceeded
May 13 21:16:11 localhost mobilityd[457972]: INFO:root:Using GW info: {'default': {2: ('172.16.4.1', 'eth0')}, 2: [('172.16.4.1', 'eth0', True)]}
May 13 21:16:11 localhost mobilityd[457972]: INFO:root:GW-v6 probe: timer started
May 13 21:16:15 localhost magmad[457902]: ERROR:root:Metrics upload error for service subscriberdb (chunk 0)! [StatusCode.DEADLINE_EXCEEDED] Deadline Exceeded
May 13 21:16:15 localhost magmad[457902]: ERROR:root:Metrics upload error for service mobilityd (chunk 0)! [StatusCode.DEADLINE_EXCEEDED] Deadline Exceeded
May 13 21:16:15 localhost magmad[457902]: ERROR:root:Metrics upload error for service mme (chunk 0)! [StatusCode.DEADLINE_EXCEEDED] Deadline Exceeded
May 13 21:16:15 localhost magmad[457902]: ERROR:root:Metrics upload error for service magmad (chunk 0)! [StatusCode.DEADLINE_EXCEEDED] Deadline Exceeded
May 13 21:16:15 localhost magmad[457902]: ERROR:root:Metrics upload error for service enodebd (chunk 0)! [StatusCode.DEADLINE_EXCEEDED] Deadline Exceeded
May 13 21:16:15 localhost magmad[457902]: ERROR:root:Metrics upload error for service pipelined (chunk 0)! [StatusCode.DEADLINE_EXCEEDED] Deadline Exceeded
May 13 21:16:15 localhost magmad[457902]: ERROR:root:Metrics upload error for service state (chunk 0)! [StatusCode.DEADLINE_EXCEEDED] Deadline Exceeded
May 13 21:16:15 localhost magmad[457902]: ERROR:root:Metrics upload error for service sessiond (chunk 0)! [StatusCode.DEADLINE_EXCEEDED] Deadline Exceeded
May 13 21:16:16 localhost smsd[458064]: INFO:root:mme non_eps_service_config is not SMS_ORC8R, sleeping.
May 13 21:16:26 localhost smsd[458064]: message repeated 2 times: [ INFO:root:mme non_eps_service_config is not SMS_ORC8R, sleeping.]
May 13 21:16:30 localhost control_proxy[458123]: 2022-05-13T21:16:30.051Z [127.0.0.1 -> streamer-controller.magmasi.wavelabs.in,8443] "POST /magma.orc8r.Streamer/GetUpdates HTTP/2" 200 173bytes 0.521s
May 13 21:16:30 localhost policydb[458033]: INFO:root:Processing 4 policy updates (resync=True)
May 13 21:16:30 localhost control_proxy[458123]: 2022-05-13T21:16:30.051Z [127.0.0.1 -> streamer-controller.magmasi.wavelabs.in,8443] "POST /magma.orc8r.Streamer/GetUpdates HTTP/2" 200 7bytes 0.262s
May 13 21:16:30 localhost policydb[458033]: INFO:root:Processing 0 basename -> policy updates
May 13 21:16:31 localhost smsd[458064]: INFO:root:mme non_eps_service_config is not SMS_ORC8R, sleeping.
May 13 21:16:31 localhost control_proxy[458123]: 2022-05-13T21:16:30.051Z [127.0.0.1 -> streamer-controller.magmasi.wavelabs.in,8443] "POST /magma.orc8r.Streamer/GetUpdates HTTP/2" 200 13536bytes 0.305s
May 13 21:16:31 localhost policydb[458033]: INFO:root:Processing 223 SID -> apn -> policy updates
May 13 21:16:31 localhost control_proxy[458123]: 2022-05-13T21:16:31.156Z [127.0.0.1 -> streamer-controller.magmasi.wavelabs.in,8443] "POST /magma.orc8r.Streamer/GetUpdates HTTP/2" 200 7bytes 0.260s
May 13 21:16:31 localhost policydb[458033]: INFO:root:Processing 0 rating group updates
May 13 21:16:31 localhost mobilityd[457972]: INFO:root:Using GW info: {'default': {2: ('172.16.4.1', 'eth0')}, 2: [('172.16.4.1', 'eth0', True)]}
May 13 21:16:31 localhost mobilityd[457972]: INFO:root:GW-v6 probe: timer started
May 13 21:16:33 localhost sctpd[458247]: I0513 21:16:33.146745 458734 sctp_connection.cpp:195] Unhandled notification type 32776
May 13 21:16:36 localhost smsd[458064]: INFO:root:mme non_eps_service_config is not SMS_ORC8R, sleeping.
May 13 21:16:41 localhost smsd[458064]: INFO:root:mme non_eps_service_config is not SMS_ORC8R, sleeping.
May 13 21:16:44 localhost magmad[457902]: INFO:root:Setting logging level to INFO
May 13 21:16:46 localhost smsd[458064]: INFO:root:mme non_eps_service_config is not SMS_ORC8R, sleeping.
May 13 21:16:51 localhost smsd[458064]: INFO:root:mme non_eps_service_config is not SMS_ORC8R, sleeping.
May 13 21:16:51 localhost mobilityd[457972]: INFO:root:Using GW info: {'default': {2: ('172.16.4.1', 'eth0')}, 2: [('172.16.4.1', 'eth0', True)]}
May 13 21:16:51 localhost mobilityd[457972]: INFO:root:GW-v6 probe: timer started
May 13 21:16:56 localhost smsd[458064]: INFO:root:mme non_eps_service_config is not SMS_ORC8R, sleeping.
May 13 21:16:56 localhost sctpd[458247]: I0513 21:16:56.862687 458734 sctp_connection.cpp:195] Unhandled notification type 32776
May 13 21:17:01 localhost smsd[458064]: INFO:root:mme non_eps_service_config is not SMS_ORC8R, sleeping.
May 13 21:17:01 localhost CRON[460408]: (root) CMD (   cd / && run-parts --report /etc/cron.hourly)
May 13 21:17:03 localhost control_proxy[458123]: 2022-05-13T21:17:03.164Z [127.0.0.1 -> state-controller.magmasi.wavelabs.in,8443] "POST /magma.orc8r.StateService/ReportStates HTTP/2" 200 5bytes 0.613s
May 13 21:17:03 localhost magmad[457902]: INFO:root:Checkin Successful! Successfully sent states to the cloud!
May 13 21:17:06 localhost smsd[458064]: INFO:root:mme non_eps_service_config is not SMS_ORC8R, sleeping.
May 13 21:17:10 localhost magmad[457902]: INFO:root:[SyncRPC] Got heartBeat from cloud
May 13 21:17:11 localhost smsd[458064]: INFO:root:mme non_eps_service_config is not SMS_ORC8R, sleeping.
May 13 21:17:11 localhost mobilityd[457972]: INFO:root:Using GW info: {'default': {2: ('172.16.4.1', 'eth0')}, 2: [('172.16.4.1', 'eth0', True)]}
May 13 21:17:11 localhost mobilityd[457972]: INFO:root:GW-v6 probe: timer started
May 13 21:17:15 localhost subscriberdb[457968]: INFO:root:get digest stored in gateway:
May 13 21:17:15 localhost control_proxy[458123]: 2022-05-13T21:17:15.678Z [127.0.0.1 -> subscriberdb-controller.magmasi.wavelabs.in,8443] "POST /magma.lte.SubscriberDBCloud/CheckInSync HTTP/2" 200 0bytes 0.251s
May 13 21:17:15 localhost subscriberdb[457968]: ERROR:root:Internal Error in subscriberdb-Orc8r communication. If AGW and Orc8r are deployed at a commit hash, upgrade AGW and Orc8r to latest commit hash.
May 13 21:17:16 localhost control_proxy[458123]: 2022-05-13T21:17:15.678Z [127.0.0.1 -> subscriberdb-controller.magmasi.wavelabs.in,8443] "POST /magma.lte.SubscriberDBCloud/Sync HTTP/2" 200 0bytes 0.248s
May 13 21:17:16 localhost subscriberdb[457968]: ERROR:root:Internal Error in subscriberdb-Orc8r communication. If AGW and Orc8r are deployed at a commit hash, upgrade AGW and Orc8r to latest commit hash.
May 13 21:17:16 localhost smsd[458064]: INFO:root:mme non_eps_service_config is not SMS_ORC8R, sleeping.
May 13 21:17:16 localhost control_proxy[458123]: 2022-05-13T21:17:16.184Z [127.0.0.1 -> subscriberdb-controller.magmasi.wavelabs.in,8443] "POST /magma.lte.SubscriberDBCloud/ListSubscribers HTTP/2" 200 44653bytes 0.350s
May 13 21:17:16 localhost subscriberdb[457968]: INFO:root:Successfully fetched all subscriber pages from the cloud!
May 13 21:17:16 localhost subscriberdb[457968]: INFO:root:update root digest stored in gateway:
May 13 21:17:21 localhost smsd[458064]: INFO:root:mme non_eps_service_config is not SMS_ORC8R, sleeping.
May 13 21:17:26 localhost smsd[458064]: INFO:root:mme non_eps_service_config is not SMS_ORC8R, sleeping.
May 13 21:17:29 localhost sctpd[458247]: I0513 21:17:29.431015 458734 sctp_connection.cpp:195] Unhandled notification type 32776
May 13 21:17:29 localhost dnsmasq-dhcp[458118]: DHCPDISCOVER(eth1) 48:bf:74:03:3d:72 
May 13 21:17:29 localhost dnsmasq-dhcp[458118]: DHCPOFFER(eth1) 172.16.7.250 48:bf:74:03:3d:72 
May 13 21:17:29 localhost dnsmasq-dhcp[458118]: DHCPREQUEST(eth1) 172.16.7.250 48:bf:74:03:3d:72 
May 13 21:17:29 localhost dnsmasq-dhcp[458118]: DHCPACK(eth1) 172.16.7.250 48:bf:74:03:3d:72 
May 13 21:17:31 localhost smsd[458064]: INFO:root:mme non_eps_service_config is not SMS_ORC8R, sleeping.
May 13 21:17:31 localhost mobilityd[457972]: INFO:root:Using GW info: {'default': {2: ('172.16.4.1', 'eth0')}, 2: [('172.16.4.1', 'eth0', True)]}
May 13 21:17:31 localhost mobilityd[457972]: INFO:root:GW-v6 probe: timer started
May 13 21:17:31 localhost control_proxy[458123]: 2022-05-13T21:17:31.450Z [127.0.0.1 -> streamer-controller.magmasi.wavelabs.in,8443] "POST /magma.orc8r.Streamer/GetUpdates HTTP/2" 200 173bytes 0.524s
May 13 21:17:31 localhost policydb[458033]: INFO:root:Processing 4 policy updates (resync=True)
May 13 21:17:32 localhost control_proxy[458123]: 2022-05-13T21:17:31.450Z [127.0.0.1 -> streamer-controller.magmasi.wavelabs.in,8443] "POST /magma.orc8r.Streamer/GetUpdates HTTP/2" 200 7bytes 0.271s
May 13 21:17:32 localhost policydb[458033]: INFO:root:Processing 0 basename -> policy updates
May 13 21:17:32 localhost control_proxy[458123]: 2022-05-13T21:17:32.252Z [127.0.0.1 -> streamer-controller.magmasi.wavelabs.in,8443] "POST /magma.orc8r.Streamer/GetUpdates HTTP/2" 200 13536bytes 0.292s
May 13 21:17:32 localhost policydb[458033]: INFO:root:Processing 223 SID -> apn -> policy updates
May 13 21:17:32 localhost control_proxy[458123]: 2022-05-13T21:17:32.252Z [127.0.0.1 -> streamer-controller.magmasi.wavelabs.in,8443] "POST /magma.orc8r.Streamer/GetUpdates HTTP/2" 200 7bytes 0.266s
May 13 21:17:32 localhost policydb[458033]: INFO:root:Processing 0 rating group updates
May 13 21:17:33 localhost magmad[457902]: ERROR:root:Metrics upload error for service subscriberdb (chunk 0)! [StatusCode.DEADLINE_EXCEEDED] Deadline Exceeded
May 13 21:17:33 localhost magmad[457902]: ERROR:root:Metrics upload error for service mobilityd (chunk 0)! [StatusCode.DEADLINE_EXCEEDED] Deadline Exceeded
May 13 21:17:33 localhost magmad[457902]: ERROR:root:Metrics upload error for service mme (chunk 0)! [StatusCode.DEADLINE_EXCEEDED] Deadline Exceeded
May 13 21:17:33 localhost magmad[457902]: ERROR:root:Metrics upload error for service magmad (chunk 0)! [StatusCode.DEADLINE_EXCEEDED] Deadline Exceeded
May 13 21:17:33 localhost magmad[457902]: ERROR:root:Metrics upload error for service enodebd (chunk 0)! [StatusCode.DEADLINE_EXCEEDED] Deadline Exceeded
May 13 21:17:33 localhost magmad[457902]: ERROR:root:Metrics upload error for service pipelined (chunk 0)! [StatusCode.DEADLINE_EXCEEDED] Deadline Exceeded
May 13 21:17:33 localhost magmad[457902]: ERROR:root:Metrics upload error for service state (chunk 0)! [StatusCode.DEADLINE_EXCEEDED] Deadline Exceeded
May 13 21:17:33 localhost magmad[457902]: ERROR:root:Metrics upload error for service sessiond (chunk 0)! [StatusCode.DEADLINE_EXCEEDED] Deadline Exceeded
May 13 21:17:36 localhost smsd[458064]: INFO:root:mme non_eps_service_config is not SMS_ORC8R, sleeping.
May 13 21:17:46 localhost smsd[458064]: message repeated 2 times: [ INFO:root:mme non_eps_service_config is not SMS_ORC8R, sleeping.]
May 13 21:17:51 localhost mobilityd[457972]: INFO:root:Using GW info: {'default': {2: ('172.16.4.1', 'eth0')}, 2: [('172.16.4.1', 'eth0', True)]}
May 13 21:17:51 localhost mobilityd[457972]: INFO:root:GW-v6 probe: timer started
May 13 21:17:51 localhost smsd[458064]: INFO:root:mme non_eps_service_config is not SMS_ORC8R, sleeping.
May 13 21:17:51 localhost sctpd[458247]: I0513 21:17:51.781016 458734 sctp_connection.cpp:195] Unhandled notification type 32776
May 13 21:17:56 localhost smsd[458064]: INFO:root:mme non_eps_service_config is not SMS_ORC8R, sleeping.
May 13 21:17:57 localhost dnsmasq-dhcp[458118]: DHCPDISCOVER(eth1) 48:bf:74:03:3d:72 
May 13 21:17:57 localhost dnsmasq-dhcp[458118]: DHCPOFFER(eth1) 172.16.7.250 48:bf:74:03:3d:72 
May 13 21:18:01 localhost smsd[458064]: INFO:root:mme non_eps_service_config is not SMS_ORC8R, sleeping.
May 13 21:18:04 localhost magmad[457902]: INFO:root:Setting logging level to INFO
May 13 21:18:06 localhost smsd[458064]: INFO:root:mme non_eps_service_config is not SMS_ORC8R, sleeping.
May 13 21:18:10 localhost magmad[457902]: INFO:root:[SyncRPC] Got heartBeat from cloud
May 13 21:18:11 localhost mobilityd[457972]: INFO:root:Using GW info: {'default': {2: ('172.16.4.1', 'eth0')}, 2: [('172.16.4.1', 'eth0', True)]}
May 13 21:18:11 localhost mobilityd[457972]: INFO:root:GW-v6 probe: timer started
May 13 21:18:11 localhost smsd[458064]: INFO:root:mme non_eps_service_config is not SMS_ORC8R, sleeping.
May 13 21:18:11 localhost control_proxy[458123]: 2022-05-13T21:17:11.430Z [127.0.0.1 -> streamer-controller.magmasi.wavelabs.in,8443] "POST /magma.orc8r.Streamer/GetUpdates HTTP/2" 200 0bytes 60.260s
May 13 21:18:11 localhost magmad[457902]: ERROR:root:Error! Streaming from the cloud failed! [StatusCode.ABORTED] error while streaming updates: rpc error: code = DeadlineExceeded desc = context deadline exceeded
May 13 21:18:16 localhost smsd[458064]: INFO:root:mme non_eps_service_config is not SMS_ORC8R, sleeping.
May 13 21:18:21 localhost smsd[458064]: INFO:root:mme non_eps_service_config is not SMS_ORC8R, sleeping.
May 13 21:18:23 localhost control_proxy[458123]: 2022-05-13T21:18:22.848Z [127.0.0.1 -> state-controller.magmasi.wavelabs.in,8443] "POST /magma.orc8r.StateService/ReportStates HTTP/2" 200 5bytes 0.521s
May 13 21:18:23 localhost magmad[457902]: INFO:root:Checkin Successful! Successfully sent states to the cloud!
May 13 21:18:26 localhost sctpd[458247]: I0513 21:18:26.031064 458734 sctp_connection.cpp:195] Unhandled notification type 32776
May 13 21:18:26 localhost smsd[458064]: INFO:root:mme non_eps_service_config is not SMS_ORC8R, sleeping.
May 13 21:18:31 localhost mobilityd[457972]: INFO:root:Using GW info: {'default': {2: ('172.16.4.1', 'eth0')}, 2: [('172.16.4.1', 'eth0', True)]}
May 13 21:18:31 localhost mobilityd[457972]: INFO:root:GW-v6 probe: timer started
May 13 21:18:31 localhost smsd[458064]: INFO:root:mme non_eps_service_config is not SMS_ORC8R, sleeping.
May 13 21:18:33 localhost magmad[457902]: ERROR:root:Metrics upload error for service subscriberdb (chunk 0)! [StatusCode.DEADLINE_EXCEEDED] Deadline Exceeded
May 13 21:18:33 localhost magmad[457902]: ERROR:root:Metrics upload error for service mobilityd (chunk 0)! [StatusCode.DEADLINE_EXCEEDED] Deadline Exceeded
May 13 21:18:33 localhost magmad[457902]: ERROR:root:Metrics upload error for service mme (chunk 0)! [StatusCode.DEADLINE_EXCEEDED] Deadline Exceeded
May 13 21:18:33 localhost magmad[457902]: ERROR:root:Metrics upload error for service magmad (chunk 0)! [StatusCode.DEADLINE_EXCEEDED] Deadline Exceeded
May 13 21:18:33 localhost magmad[457902]: ERROR:root:Metrics upload error for service enodebd (chunk 0)! [StatusCode.DEADLINE_EXCEEDED] Deadline Exceeded
May 13 21:18:33 localhost magmad[457902]: ERROR:root:Metrics upload error for service pipelined (chunk 0)! [StatusCode.DEADLINE_EXCEEDED] Deadline Exceeded
May 13 21:18:33 localhost magmad[457902]: ERROR:root:Metrics upload error for service state (chunk 0)! [StatusCode.DEADLINE_EXCEEDED] Deadline Exceeded
May 13 21:18:33 localhost magmad[457902]: ERROR:root:Metrics upload error for service sessiond (chunk 0)! [StatusCode.DEADLINE_EXCEEDED] Deadline Exceeded
May 13 21:18:33 localhost control_proxy[458123]: 2022-05-13T21:18:32.881Z [127.0.0.1 -> streamer-controller.magmasi.wavelabs.in,8443] "POST /magma.orc8r.Streamer/GetUpdates HTTP/2" 200 173bytes 0.527s
May 13 21:18:33 localhost policydb[458033]: INFO:root:Processing 4 policy updates (resync=True)
May 13 21:18:33 localhost control_proxy[458123]: 2022-05-13T21:18:33.412Z [127.0.0.1 -> streamer-controller.magmasi.wavelabs.in,8443] "POST /magma.orc8r.Streamer/GetUpdates HTTP/2" 200 7bytes 0.270s
May 13 21:18:33 localhost policydb[458033]: INFO:root:Processing 0 basename -> policy updates
May 13 21:18:33 localhost control_proxy[458123]: 2022-05-13T21:18:33.412Z [127.0.0.1 -> streamer-controller.magmasi.wavelabs.in,8443] "POST /magma.orc8r.Streamer/GetUpdates HTTP/2" 200 13536bytes 0.290s
May 13 21:18:33 localhost policydb[458033]: INFO:root:Processing 223 SID -> apn -> policy updates
May 13 21:18:34 localhost control_proxy[458123]: 2022-05-13T21:18:33.412Z [127.0.0.1 -> streamer-controller.magmasi.wavelabs.in,8443] "POST /magma.orc8r.Streamer/GetUpdates HTTP/2" 200 7bytes 0.265s
May 13 21:18:34 localhost policydb[458033]: INFO:root:Processing 0 rating group updates
May 13 21:18:36 localhost smsd[458064]: INFO:root:mme non_eps_service_config is not SMS_ORC8R, sleeping.
May 13 21:18:46 localhost smsd[458064]: message repeated 2 times: [ INFO:root:mme non_eps_service_config is not SMS_ORC8R, sleeping.]
May 13 21:18:51 localhost mobilityd[457972]: INFO:root:Using GW info: {'default': {2: ('172.16.4.1', 'eth0')}, 2: [('172.16.4.1', 'eth0', True)]}
May 13 21:18:51 localhost mobilityd[457972]: INFO:root:GW-v6 probe: timer started
May 13 21:18:51 localhost smsd[458064]: INFO:root:mme non_eps_service_config is not SMS_ORC8R, sleeping.
May 13 21:18:54 localhost sctpd[458247]: I0513 21:18:54.213022 458734 sctp_connection.cpp:195] Unhandled notification type 32776
May 13 21:18:56 localhost smsd[458064]: INFO:root:mme non_eps_service_config is not SMS_ORC8R, sleeping.
May 13 21:19:06 localhost smsd[458064]: message repeated 2 times: [ INFO:root:mme non_eps_service_config is not SMS_ORC8R, sleeping.]
May 13 21:19:10 localhost magmad[457902]: INFO:root:[SyncRPC] Got heartBeat from cloud
May 13 21:19:11 localhost mobilityd[457972]: INFO:root:Using GW info: {'default': {2: ('172.16.4.1', 'eth0')}, 2: [('172.16.4.1', 'eth0', True)]}
May 13 21:19:11 localhost mobilityd[457972]: INFO:root:GW-v6 probe: timer started
May 13 21:19:11 localhost smsd[458064]: INFO:root:mme non_eps_service_config is not SMS_ORC8R, sleeping.
May 13 21:19:22 localhost smsd[458064]: message repeated 2 times: [ INFO:root:mme non_eps_service_config is not SMS_ORC8R, sleeping.]
May 13 21:19:22 localhost sctpd[458247]: I0513 21:19:22.373112 458734 sctp_connection.cpp:195] Unhandled notification type 32776
May 13 21:19:23 localhost magmad[457902]: INFO:root:Setting logging level to INFO
May 13 21:19:27 localhost smsd[458064]: INFO:root:mme non_eps_service_config is not SMS_ORC8R, sleeping.
May 13 21:19:31 localhost mobilityd[457972]: INFO:root:Using GW info: {'default': {2: ('172.16.4.1', 'eth0')}, 2: [('172.16.4.1', 'eth0', True)]}
May 13 21:19:31 localhost mobilityd[457972]: INFO:root:GW-v6 probe: timer started
May 13 21:19:32 localhost smsd[458064]: INFO:root:mme non_eps_service_config is not SMS_ORC8R, sleeping.
May 13 21:19:34 localhost control_proxy[458123]: 2022-05-13T21:19:34.278Z [127.0.0.1 -> streamer-controller.magmasi.wavelabs.in,8443] "POST /magma.orc8r.Streamer/GetUpdates HTTP/2" 200 173bytes 0.524s
May 13 21:19:34 localhost policydb[458033]: INFO:root:Processing 4 policy updates (resync=True)
May 13 21:19:35 localhost control_proxy[458123]: 2022-05-13T21:19:34.278Z [127.0.0.1 -> streamer-controller.magmasi.wavelabs.in,8443] "POST /magma.orc8r.Streamer/GetUpdates HTTP/2" 200 7bytes 0.262s
May 13 21:19:35 localhost policydb[458033]: INFO:root:Processing 0 basename -> policy updates
May 13 21:19:35 localhost control_proxy[458123]: 2022-05-13T21:19:35.070Z [127.0.0.1 -> streamer-controller.magmasi.wavelabs.in,8443] "POST /magma.orc8r.Streamer/GetUpdates HTTP/2" 200 13536bytes 0.292s
May 13 21:19:35 localhost policydb[458033]: INFO:root:Processing 223 SID -> apn -> policy updates
May 13 21:19:35 localhost control_proxy[458123]: 2022-05-13T21:19:35.070Z [127.0.0.1 -> streamer-controller.magmasi.wavelabs.in,8443] "POST /magma.orc8r.Streamer/GetUpdates HTTP/2" 200 7bytes 0.262s
May 13 21:19:35 localhost policydb[458033]: INFO:root:Processing 0 rating group updates
May 13 21:19:37 localhost smsd[458064]: INFO:root:mme non_eps_service_config is not SMS_ORC8R, sleeping.
May 13 21:19:42 localhost smsd[458064]: INFO:root:mme non_eps_service_config is not SMS_ORC8R, sleeping.
May 13 21:19:42 localhost magmad[457902]: ERROR:root:Metrics upload error for service subscriberdb (chunk 0)! [StatusCode.DEADLINE_EXCEEDED] Deadline Exceeded
May 13 21:19:42 localhost magmad[457902]: ERROR:root:Metrics upload error for service mobilityd (chunk 0)! [StatusCode.DEADLINE_EXCEEDED] Deadline Exceeded
May 13 21:19:42 localhost magmad[457902]: ERROR:root:Metrics upload error for service mme (chunk 0)! [StatusCode.DEADLINE_EXCEEDED] Deadline Exceeded
May 13 21:19:42 localhost magmad[457902]: ERROR:root:Metrics upload error for service magmad (chunk 0)! [StatusCode.DEADLINE_EXCEEDED] Deadline Exceeded
May 13 21:19:42 localhost magmad[457902]: ERROR:root:Metrics upload error for service enodebd (chunk 0)! [StatusCode.DEADLINE_EXCEEDED] Deadline Exceeded
May 13 21:19:42 localhost magmad[457902]: ERROR:root:Metrics upload error for service pipelined (chunk 0)! [StatusCode.DEADLINE_EXCEEDED] Deadline Exceeded
May 13 21:19:42 localhost magmad[457902]: ERROR:root:Metrics upload error for service state (chunk 0)! [StatusCode.DEADLINE_EXCEEDED] Deadline Exceeded
May 13 21:19:42 localhost magmad[457902]: ERROR:root:Metrics upload error for service sessiond (chunk 0)! [StatusCode.DEADLINE_EXCEEDED] Deadline Exceeded
May 13 21:19:42 localhost magmad[457902]: INFO:root:Checking for upgrade...
May 13 21:19:42 localhost magmad[457902]: WARNING:root:magmad package_version config missing or set to default 0.0.0-0, skipping upgrade
May 13 21:19:42 localhost control_proxy[458123]: 2022-05-13T21:19:42.286Z [127.0.0.1 -> state-controller.magmasi.wavelabs.in,8443] "POST /magma.orc8r.StateService/ReportStates HTTP/2" 200 5bytes 0.267s
May 13 21:19:42 localhost magmad[457902]: INFO:root:Checkin Successful! Successfully sent states to the cloud!
May 13 21:19:47 localhost smsd[458064]: INFO:root:mme non_eps_service_config is not SMS_ORC8R, sleeping.
May 13 21:19:50 localhost sctpd[458247]: I0513 21:19:50.646296 458734 sctp_connection.cpp:195] Unhandled notification type 32776
May 13 21:19:51 localhost mobilityd[457972]: INFO:root:Using GW info: {'default': {2: ('172.16.4.1', 'eth0')}, 2: [('172.16.4.1', 'eth0', True)]}
May 13 21:19:51 localhost mobilityd[457972]: INFO:root:GW-v6 probe: timer started
May 13 21:19:52 localhost smsd[458064]: INFO:root:mme non_eps_service_config is not SMS_ORC8R, sleeping.
May 13 21:20:07 localhost smsd[458064]: message repeated 3 times: [ INFO:root:mme non_eps_service_config is not SMS_ORC8R, sleeping.]
May 13 21:20:10 localhost magmad[457902]: INFO:root:[SyncRPC] Got heartBeat from cloud
May 13 21:20:11 localhost mobilityd[457972]: INFO:root:Using GW info: {'default': {2: ('172.16.4.1', 'eth0')}, 2: [('172.16.4.1', 'eth0', True)]}
May 13 21:20:11 localhost mobilityd[457972]: INFO:root:GW-v6 probe: timer started
May 13 21:20:11 localhost control_proxy[458123]: 2022-05-13T21:19:11.699Z [127.0.0.1 -> streamer-controller.magmasi.wavelabs.in,8443] "POST /magma.orc8r.Streamer/GetUpdates HTTP/2" 200 0bytes 60.259s
May 13 21:20:11 localhost magmad[457902]: ERROR:root:Error! Streaming from the cloud failed! [StatusCode.ABORTED] error while streaming updates: rpc error: code = DeadlineExceeded desc = context deadline exceeded
May 13 21:20:12 localhost smsd[458064]: INFO:root:mme non_eps_service_config is not SMS_ORC8R, sleeping.
May 13 21:20:14 localhost sctpd[458247]: I0513 21:20:14.295053 458734 sctp_connection.cpp:195] Unhandled notification type 32776
May 13 21:20:17 localhost smsd[458064]: INFO:root:mme non_eps_service_config is not SMS_ORC8R, sleeping.
May 13 21:20:27 localhost smsd[458064]: message repeated 2 times: [ INFO:root:mme non_eps_service_config is not SMS_ORC8R, sleeping.]
May 13 21:20:31 localhost mobilityd[457972]: INFO:root:Using GW info: {'default': {2: ('172.16.4.1', 'eth0')}, 2: [('172.16.4.1', 'eth0', True)]}
May 13 21:20:31 localhost mobilityd[457972]: INFO:root:GW-v6 probe: timer started
May 13 21:20:32 localhost smsd[458064]: INFO:root:mme non_eps_service_config is not SMS_ORC8R, sleeping.
May 13 21:20:33 localhost magmad[457902]: ERROR:root:Metrics upload error for service subscriberdb (chunk 0)! [StatusCode.DEADLINE_EXCEEDED] Deadline Exceeded
May 13 21:20:33 localhost magmad[457902]: ERROR:root:Metrics upload error for service mobilityd (chunk 0)! [StatusCode.DEADLINE_EXCEEDED] Deadline Exceeded
May 13 21:20:33 localhost magmad[457902]: ERROR:root:Metrics upload error for service mme (chunk 0)! [StatusCode.DEADLINE_EXCEEDED] Deadline Exceeded
May 13 21:20:33 localhost magmad[457902]: ERROR:root:Metrics upload error for service magmad (chunk 0)! [StatusCode.DEADLINE_EXCEEDED] Deadline Exceeded
May 13 21:20:33 localhost magmad[457902]: ERROR:root:Metrics upload error for service enodebd (chunk 0)! [StatusCode.DEADLINE_EXCEEDED] Deadline Exceeded
May 13 21:20:33 localhost magmad[457902]: ERROR:root:Metrics upload error for service pipelined (chunk 0)! [StatusCode.DEADLINE_EXCEEDED] Deadline Exceeded
May 13 21:20:33 localhost magmad[457902]: ERROR:root:Metrics upload error for service state (chunk 0)! [StatusCode.DEADLINE_EXCEEDED] Deadline Exceeded
May 13 21:20:33 localhost magmad[457902]: ERROR:root:Metrics upload error for service sessiond (chunk 0)! [StatusCode.DEADLINE_EXCEEDED] Deadline Exceeded
May 13 21:20:36 localhost control_proxy[458123]: 2022-05-13T21:20:35.679Z [127.0.0.1 -> streamer-controller.magmasi.wavelabs.in,8443] "POST /magma.orc8r.Streamer/GetUpdates HTTP/2" 200 173bytes 0.517s
May 13 21:20:36 localhost policydb[458033]: INFO:root:Processing 4 policy updates (resync=True)
May 13 21:20:36 localhost control_proxy[458123]: 2022-05-13T21:20:36.198Z [127.0.0.1 -> streamer-controller.magmasi.wavelabs.in,8443] "POST /magma.orc8r.Streamer/GetUpdates HTTP/2" 200 7bytes 0.269s
May 13 21:20:36 localhost policydb[458033]: INFO:root:Processing 0 basename -> policy updates
May 13 21:20:36 localhost control_proxy[458123]: 2022-05-13T21:20:36.198Z [127.0.0.1 -> streamer-controller.magmasi.wavelabs.in,8443] "POST /magma.orc8r.Streamer/GetUpdates HTTP/2" 200 13536bytes 0.310s
May 13 21:20:36 localhost policydb[458033]: INFO:root:Processing 223 SID -> apn -> policy updates
May 13 21:20:37 localhost control_proxy[458123]: 2022-05-13T21:20:36.198Z [127.0.0.1 -> streamer-controller.magmasi.wavelabs.in,8443] "POST /magma.orc8r.Streamer/GetUpdates HTTP/2" 200 7bytes 0.261s
May 13 21:20:37 localhost policydb[458033]: INFO:root:Processing 0 rating group updates
May 13 21:20:37 localhost smsd[458064]: INFO:root:mme non_eps_service_config is not SMS_ORC8R, sleeping.
May 13 21:20:42 localhost smsd[458064]: INFO:root:mme non_eps_service_config is not SMS_ORC8R, sleeping.
May 13 21:20:43 localhost magmad[457902]: INFO:root:Setting logging level to INFO
May 13 21:20:46 localhost sctpd[458247]: I0513 21:20:46.847831 458734 sctp_connection.cpp:195] Unhandled notification type 32776
May 13 21:20:47 localhost smsd[458064]: INFO:root:mme non_eps_service_config is not SMS_ORC8R, sleeping.
May 13 21:20:51 localhost mobilityd[457972]: INFO:root:Using GW info: {'default': {2: ('172.16.4.1', 'eth0')}, 2: [('172.16.4.1', 'eth0', True)]}
May 13 21:20:51 localhost mobilityd[457972]: INFO:root:GW-v6 probe: timer started
May 13 21:20:52 localhost smsd[458064]: INFO:root:mme non_eps_service_config is not SMS_ORC8R, sleeping.
May 13 21:20:57 localhost smsd[458064]: INFO:root:mme non_eps_service_config is not SMS_ORC8R, sleeping.
May 13 21:21:02 localhost control_proxy[458123]: 2022-05-13T21:21:01.817Z [127.0.0.1 -> state-controller.magmasi.wavelabs.in,8443] "POST /magma.orc8r.StateService/ReportStates HTTP/2" 200 5bytes 0.516s
May 13 21:21:02 localhost magmad[457902]: INFO:root:Checkin Successful! Successfully sent states to the cloud!
May 13 21:21:02 localhost smsd[458064]: INFO:root:mme non_eps_service_config is not SMS_ORC8R, sleeping.
May 13 21:21:07 localhost smsd[458064]: INFO:root:mme non_eps_service_config is not SMS_ORC8R, sleeping.
May 13 21:21:08 localhost sctpd[458247]: I0513 21:21:08.928836 458734 sctp_connection.cpp:195] Unhandled notification type 32776
May 13 21:21:10 localhost magmad[457902]: INFO:root:[SyncRPC] Got heartBeat from cloud
May 13 21:21:11 localhost mobilityd[457972]: INFO:root:Using GW info: {'default': {2: ('172.16.4.1', 'eth0')}, 2: [('172.16.4.1', 'eth0', True)]}
May 13 21:21:11 localhost mobilityd[457972]: INFO:root:GW-v6 probe: timer started
May 13 21:21:12 localhost smsd[458064]: INFO:root:mme non_eps_service_config is not SMS_ORC8R, sleeping.
May 13 21:21:27 localhost smsd[458064]: message repeated 3 times: [ INFO:root:mme non_eps_service_config is not SMS_ORC8R, sleeping.]
May 13 21:21:31 localhost mobilityd[457972]: INFO:root:Using GW info: {'default': {2: ('172.16.4.1', 'eth0')}, 2: [('172.16.4.1', 'eth0', True)]}
May 13 21:21:31 localhost mobilityd[457972]: INFO:root:GW-v6 probe: timer started
May 13 21:21:32 localhost smsd[458064]: INFO:root:mme non_eps_service_config is not SMS_ORC8R, sleeping.
May 13 21:21:33 localhost magmad[457902]: ERROR:root:Metrics upload error for service subscriberdb (chunk 0)! [StatusCode.DEADLINE_EXCEEDED] Deadline Exceeded
May 13 21:21:33 localhost magmad[457902]: ERROR:root:Metrics upload error for service mobilityd (chunk 0)! [StatusCode.DEADLINE_EXCEEDED] Deadline Exceeded
May 13 21:21:33 localhost magmad[457902]: ERROR:root:Metrics upload error for service mme (chunk 0)! [StatusCode.DEADLINE_EXCEEDED] Deadline Exceeded
May 13 21:21:33 localhost magmad[457902]: ERROR:root:Metrics upload error for service magmad (chunk 0)! [StatusCode.DEADLINE_EXCEEDED] Deadline Exceeded
May 13 21:21:33 localhost magmad[457902]: ERROR:root:Metrics upload error for service enodebd (chunk 0)! [StatusCode.DEADLINE_EXCEEDED] Deadline Exceeded
May 13 21:21:33 localhost magmad[457902]: ERROR:root:Metrics upload error for service pipelined (chunk 0)! [StatusCode.DEADLINE_EXCEEDED] Deadline Exceeded
May 13 21:21:33 localhost magmad[457902]: ERROR:root:Metrics upload error for service state (chunk 0)! [StatusCode.DEADLINE_EXCEEDED] Deadline Exceeded
May 13 21:21:33 localhost magmad[457902]: ERROR:root:Metrics upload error for service sessiond (chunk 0)! [StatusCode.DEADLINE_EXCEEDED] Deadline Exceeded
May 13 21:21:37 localhost control_proxy[458123]: 2022-05-13T21:21:37.101Z [127.0.0.1 -> streamer-controller.magmasi.wavelabs.in,8443] "POST /magma.orc8r.Streamer/GetUpdates HTTP/2" 200 173bytes 0.516s
May 13 21:21:37 localhost policydb[458033]: INFO:root:Processing 4 policy updates (resync=True)
May 13 21:21:37 localhost smsd[458064]: INFO:root:mme non_eps_service_config is not SMS_ORC8R, sleeping.
May 13 21:21:37 localhost control_proxy[458123]: 2022-05-13T21:21:37.101Z [127.0.0.1 -> streamer-controller.magmasi.wavelabs.in,8443] "POST /magma.orc8r.Streamer/GetUpdates HTTP/2" 200 7bytes 0.266s
May 13 21:21:37 localhost policydb[458033]: INFO:root:Processing 0 basename -> policy updates
May 13 21:21:38 localhost control_proxy[458123]: 2022-05-13T21:21:37.101Z [127.0.0.1 -> streamer-controller.magmasi.wavelabs.in,8443] "POST /magma.orc8r.Streamer/GetUpdates HTTP/2" 200 13536bytes 0.297s
May 13 21:21:38 localhost policydb[458033]: INFO:root:Processing 223 SID -> apn -> policy updates
May 13 21:21:38 localhost control_proxy[458123]: 2022-05-13T21:21:38.195Z [127.0.0.1 -> streamer-controller.magmasi.wavelabs.in,8443] "POST /magma.orc8r.Streamer/GetUpdates HTTP/2" 200 7bytes 0.264s
May 13 21:21:38 localhost policydb[458033]: INFO:root:Processing 0 rating group updates
May 13 21:21:42 localhost smsd[458064]: INFO:root:mme non_eps_service_config is not SMS_ORC8R, sleeping.
May 13 21:21:43 localhost sctpd[458247]: I0513 21:21:43.198887 458734 sctp_connection.cpp:195] Unhandled notification type 32776
May 13 21:21:47 localhost smsd[458064]: INFO:root:mme non_eps_service_config is not SMS_ORC8R, sleeping.
May 13 21:21:51 localhost mobilityd[457972]: INFO:root:Using GW info: {'default': {2: ('172.16.4.1', 'eth0')}, 2: [('172.16.4.1', 'eth0', True)]}
May 13 21:21:51 localhost mobilityd[457972]: INFO:root:GW-v6 probe: timer started
May 13 21:21:52 localhost smsd[458064]: INFO:root:mme non_eps_service_config is not SMS_ORC8R, sleeping.
May 13 21:21:57 localhost smsd[458064]: INFO:root:mme non_eps_service_config is not SMS_ORC8R, sleeping.
May 13 21:22:02 localhost magmad[457902]: INFO:root:Setting logging level to INFO
May 13 21:22:02 localhost smsd[458064]: INFO:root:mme non_eps_service_config is not SMS_ORC8R, sleeping.
May 13 21:22:07 localhost smsd[458064]: INFO:root:mme non_eps_service_config is not SMS_ORC8R, sleeping.
May 13 21:22:10 localhost magmad[457902]: INFO:root:[SyncRPC] Got heartBeat from cloud
May 13 21:22:11 localhost mobilityd[457972]: INFO:root:Using GW info: {'default': {2: ('172.16.4.1', 'eth0')}, 2: [('172.16.4.1', 'eth0', True)]}
May 13 21:22:11 localhost mobilityd[457972]: INFO:root:GW-v6 probe: timer started
May 13 21:22:11 localhost sctpd[458247]: I0513 21:22:11.526660 458734 sctp_connection.cpp:195] Unhandled notification type 32776
May 13 21:22:12 localhost control_proxy[458123]: 2022-05-13T21:21:12.022Z [127.0.0.1 -> streamer-controller.magmasi.wavelabs.in,8443] "POST /magma.orc8r.Streamer/GetUpdates HTTP/2" 200 0bytes 60.258s
May 13 21:22:12 localhost magmad[457902]: ERROR:root:Error! Streaming from the cloud failed! [StatusCode.ABORTED] error while streaming updates: rpc error: code = DeadlineExceeded desc = context deadline exceeded
May 13 21:22:13 localhost smsd[458064]: INFO:root:mme non_eps_service_config is not SMS_ORC8R, sleeping.
May 13 21:22:16 localhost subscriberdb[457968]: INFO:root:get digest stored in gateway:
May 13 21:22:17 localhost control_proxy[458123]: 2022-05-13T21:22:16.959Z [127.0.0.1 -> subscriberdb-controller.magmasi.wavelabs.in,8443] "POST /magma.lte.SubscriberDBCloud/CheckInSync HTTP/2" 200 0bytes 0.248s
May 13 21:22:17 localhost subscriberdb[457968]: ERROR:root:Internal Error in subscriberdb-Orc8r communication. If AGW and Orc8r are deployed at a commit hash, upgrade AGW and Orc8r to latest commit hash.
May 13 21:22:17 localhost control_proxy[458123]: 2022-05-13T21:22:17.211Z [127.0.0.1 -> subscriberdb-controller.magmasi.wavelabs.in,8443] "POST /magma.lte.SubscriberDBCloud/Sync HTTP/2" 200 0bytes 0.247s
