Mar 10 15:15:15 localhost smsd[922620]: INFO:root:mme non_eps_service_config is not SMS_ORC8R, sleeping.
Mar 10 15:15:19 localhost dhclient[601]: DHCPREQUEST for 172.16.5.121 on eth1 to 172.16.5.2 port 67 (xid=0x4b4058b5)
Mar 10 15:15:20 localhost dnsmasq-dhcp[922714]: DHCPDISCOVER(eth1) fa:16:3e:2a:89:3f 
Mar 10 15:15:20 localhost dnsmasq-dhcp[922714]: DHCPOFFER(eth1) 172.16.7.251 fa:16:3e:2a:89:3f 
Mar 10 15:15:20 localhost sctpd[922811]: I0310 15:15:20.540624 923283 sctp_connection.cpp:167] HandleClientSock sd = 19
Mar 10 15:15:20 localhost sctpd[922811]: I0310 15:15:20.540752 923283 sctp_connection.cpp:189] SCTP association change event received
Mar 10 15:15:20 localhost sctpd[922811]: I0310 15:15:20.543678 923283 sctp_connection.cpp:167] HandleClientSock sd = 19
Mar 10 15:15:20 localhost sctpd[922811]: I0310 15:15:20.543730 923283 sctp_connection.cpp:193] Unhandled notification type 32776
Mar 10 15:15:20 localhost smsd[922620]: INFO:root:mme non_eps_service_config is not SMS_ORC8R, sleeping.
Mar 10 15:15:21 localhost sctpd[922811]: I0310 15:15:21.607967 923283 sctp_connection.cpp:167] HandleClientSock sd = 19
Mar 10 15:15:21 localhost sctpd[922811]: I0310 15:15:21.608110 923283 sctp_connection.cpp:220] [sd:19] msg of len 42 on 3585:0
Mar 10 15:15:21 localhost sctpd[922811]: I0310 15:15:21.611507 923281 sctpd_downlink_impl.cpp:76] SctpdDownlinkImpl::SendDl starting
Mar 10 15:15:21 localhost sctpd[922811]: I0310 15:15:21.612248 923283 sctp_connection.cpp:167] HandleClientSock sd = 19
Mar 10 15:15:21 localhost sctpd[922811]: I0310 15:15:21.612304 923283 sctp_connection.cpp:193] Unhandled notification type 32777
Mar 10 15:15:23 localhost magmad[922453]: INFO:root:Setting logging level to INFO
Mar 10 15:15:25 localhost smsd[922620]: INFO:root:mme non_eps_service_config is not SMS_ORC8R, sleeping.
Mar 10 15:15:25 localhost mobilityd[922527]: INFO:root:Using GW info: {'default': {2: ('172.16.4.1', 'eth0')}, 2: [('172.16.4.1', 'eth0', True)]}
Mar 10 15:15:25 localhost mobilityd[922527]: INFO:root:GW-v6 probe: timer started
Mar 10 15:15:27 localhost dhclient[601]: DHCPREQUEST for 172.16.5.121 on eth1 to 172.16.5.2 port 67 (xid=0x4b4058b5)
Mar 10 15:15:28 localhost sctpd[922811]: I0310 15:15:28.948061 923283 sctp_connection.cpp:167] HandleClientSock sd = 19
Mar 10 15:15:28 localhost sctpd[922811]: I0310 15:15:28.948155 923283 sctp_connection.cpp:185] SCTP_SHUTDOWN_EVENT received
Mar 10 15:15:28 localhost sctpd[922811]: I0310 15:15:28.948169 923283 sctp_connection.cpp:280] Sending close connection for assoc_id 3585
Mar 10 15:15:30 localhost dnsmasq-dhcp[922714]: DHCPDISCOVER(eth1) fa:16:3e:2a:89:3f 
Mar 10 15:15:30 localhost dnsmasq-dhcp[922714]: DHCPOFFER(eth1) 172.16.7.251 fa:16:3e:2a:89:3f 
Mar 10 15:15:30 localhost smsd[922620]: INFO:root:mme non_eps_service_config is not SMS_ORC8R, sleeping.
Mar 10 15:15:35 localhost smsd[922620]: INFO:root:mme non_eps_service_config is not SMS_ORC8R, sleeping.
Mar 10 15:15:38 localhost sctpd[922811]: I0310 15:15:38.492421 923283 sctp_connection.cpp:167] HandleClientSock sd = 23
Mar 10 15:15:38 localhost sctpd[922811]: I0310 15:15:38.492516 923283 sctp_connection.cpp:189] SCTP association change event received
Mar 10 15:15:38 localhost sctpd[922811]: I0310 15:15:38.493388 923283 sctp_connection.cpp:167] HandleClientSock sd = 23
Mar 10 15:15:38 localhost sctpd[922811]: I0310 15:15:38.493422 923283 sctp_connection.cpp:193] Unhandled notification type 32776
Mar 10 15:15:40 localhost smsd[922620]: INFO:root:mme non_eps_service_config is not SMS_ORC8R, sleeping.
Mar 10 15:15:42 localhost magmad[922453]: ERROR:root:Metrics upload error for service subscriberdb (chunk 0)! [StatusCode.DEADLINE_EXCEEDED] Deadline Exceeded
Mar 10 15:15:42 localhost magmad[922453]: ERROR:root:Metrics upload error for service mobilityd (chunk 0)! [StatusCode.DEADLINE_EXCEEDED] Deadline Exceeded
Mar 10 15:15:42 localhost magmad[922453]: ERROR:root:Metrics upload error for service mme (chunk 0)! [StatusCode.DEADLINE_EXCEEDED] Deadline Exceeded
Mar 10 15:15:42 localhost magmad[922453]: ERROR:root:Metrics upload error for service magmad (chunk 0)! [StatusCode.DEADLINE_EXCEEDED] Deadline Exceeded
Mar 10 15:15:42 localhost magmad[922453]: ERROR:root:Metrics upload error for service pipelined (chunk 0)! [StatusCode.DEADLINE_EXCEEDED] Deadline Exceeded
Mar 10 15:15:42 localhost magmad[922453]: ERROR:root:Metrics upload error for service enodebd (chunk 0)! [StatusCode.DEADLINE_EXCEEDED] Deadline Exceeded
Mar 10 15:15:42 localhost magmad[922453]: ERROR:root:Metrics upload error for service state (chunk 0)! [StatusCode.DEADLINE_EXCEEDED] Deadline Exceeded
Mar 10 15:15:42 localhost magmad[922453]: ERROR:root:Metrics upload error for service sessiond (chunk 0)! [StatusCode.DEADLINE_EXCEEDED] Deadline Exceeded
Mar 10 15:15:42 localhost control_proxy[922710]: 2022-03-10T15:15:42.257Z [127.0.0.1 -> state-controller.magmasi.wavelabs.in,8443] "POST /magma.orc8r.StateService/ReportStates HTTP/2" 200 5bytes 0.513s
Mar 10 15:15:42 localhost magmad[922453]: INFO:root:Checkin Successful! Successfully sent states to the cloud!
Mar 10 15:15:42 localhost dhclient[601]: DHCPREQUEST for 172.16.5.121 on eth1 to 172.16.5.2 port 67 (xid=0x4b4058b5)
Mar 10 15:15:45 localhost dnsmasq-dhcp[922714]: DHCPDISCOVER(eth1) fa:16:3e:2a:89:3f 
Mar 10 15:15:45 localhost dnsmasq-dhcp[922714]: DHCPOFFER(eth1) 172.16.7.251 fa:16:3e:2a:89:3f 
Mar 10 15:15:45 localhost mobilityd[922527]: INFO:root:Using GW info: {'default': {2: ('172.16.4.1', 'eth0')}, 2: [('172.16.4.1', 'eth0', True)]}
Mar 10 15:15:45 localhost mobilityd[922527]: INFO:root:GW-v6 probe: timer started
Mar 10 15:15:45 localhost smsd[922620]: INFO:root:mme non_eps_service_config is not SMS_ORC8R, sleeping.
Mar 10 15:15:48 localhost sctpd[922811]: I0310 15:15:48.213388 923283 sctp_connection.cpp:167] HandleClientSock sd = 23
Mar 10 15:15:48 localhost sctpd[922811]: I0310 15:15:48.213497 923283 sctp_connection.cpp:220] [sd:23] msg of len 42 on 3586:0
Mar 10 15:15:48 localhost sctpd[922811]: I0310 15:15:48.216787 923281 sctpd_downlink_impl.cpp:76] SctpdDownlinkImpl::SendDl starting
Mar 10 15:15:48 localhost sctpd[922811]: I0310 15:15:48.217350 923283 sctp_connection.cpp:167] HandleClientSock sd = 23
Mar 10 15:15:48 localhost sctpd[922811]: I0310 15:15:48.217512 923283 sctp_connection.cpp:193] Unhandled notification type 32777
Mar 10 15:15:48 localhost sctpd[922811]: I0310 15:15:48.338984 923283 sctp_connection.cpp:167] HandleClientSock sd = 23
Mar 10 15:15:48 localhost sctpd[922811]: I0310 15:15:48.339093 923283 sctp_connection.cpp:220] [sd:23] msg of len 88 on 3586:1
Mar 10 15:15:48 localhost sctpd[922811]: I0310 15:15:48.361557 923281 sctpd_downlink_impl.cpp:76] SctpdDownlinkImpl::SendDl starting
Mar 10 15:15:48 localhost sctpd[922811]: I0310 15:15:48.460361 923283 sctp_connection.cpp:167] HandleClientSock sd = 23
Mar 10 15:15:48 localhost sctpd[922811]: I0310 15:15:48.460458 923283 sctp_connection.cpp:193] Unhandled notification type 32777
Mar 10 15:15:48 localhost sctpd[922811]: I0310 15:15:48.460476 923283 sctp_connection.cpp:167] HandleClientSock sd = 23
Mar 10 15:15:48 localhost sctpd[922811]: I0310 15:15:48.460496 923283 sctp_connection.cpp:220] [sd:23] msg of len 67 on 3586:1
Mar 10 15:15:48 localhost sctpd[922811]: I0310 15:15:48.465540 923281 sctpd_downlink_impl.cpp:76] SctpdDownlinkImpl::SendDl starting
Mar 10 15:15:48 localhost sctpd[922811]: I0310 15:15:48.586515 923283 sctp_connection.cpp:167] HandleClientSock sd = 23
Mar 10 15:15:48 localhost sctpd[922811]: I0310 15:15:48.586608 923283 sctp_connection.cpp:193] Unhandled notification type 32777
Mar 10 15:15:48 localhost sctpd[922811]: I0310 15:15:48.586627 923283 sctp_connection.cpp:167] HandleClientSock sd = 23
Mar 10 15:15:48 localhost sctpd[922811]: I0310 15:15:48.586648 923283 sctp_connection.cpp:220] [sd:23] msg of len 56 on 3586:1
Mar 10 15:15:48 localhost mme[923218]: [SIG][D]MME_UNIT_TEST Flag is Disabled
Mar 10 15:15:48 localhost mme[923218]: filename /var/run/mme.pid failed to be written
Mar 10 15:15:48 localhost mme[923218]: [DEBUG] Sending S6A-UPDATE_LOCATION_REQUEST with IMSI: 222700000000001
Mar 10 15:15:48 localhost sctpd[922811]: I0310 15:15:48.593549 923281 sctpd_downlink_impl.cpp:76] SctpdDownlinkImpl::SendDl starting
Mar 10 15:15:48 localhost mme[923218]: [INFO] Received S6A-LOCATION-UPDATE_ANSWER for IMSI: 222700000000001; Status: ; StatusCode: 2001
Mar 10 15:15:48 localhost mme[923218]: [INFO] sent itti S6A-LOCATION-UPDATE_ANSWER for IMSI: 222700000000001
Mar 10 15:15:48 localhost sctpd[922811]: I0310 15:15:48.697667 923283 sctp_connection.cpp:167] HandleClientSock sd = 23
Mar 10 15:15:48 localhost sctpd[922811]: I0310 15:15:48.697763 923283 sctp_connection.cpp:193] Unhandled notification type 32777
Mar 10 15:15:48 localhost sctpd[922811]: I0310 15:15:48.697782 923283 sctp_connection.cpp:167] HandleClientSock sd = 23
Mar 10 15:15:48 localhost sctpd[922811]: I0310 15:15:48.697803 923283 sctp_connection.cpp:220] [sd:23] msg of len 22 on 3586:1
Mar 10 15:15:48 localhost sctpd[922811]: I0310 15:15:48.902894 923283 sctp_connection.cpp:167] HandleClientSock sd = 23
Mar 10 15:15:48 localhost sctpd[922811]: I0310 15:15:48.902992 923283 sctp_connection.cpp:220] [sd:23] msg of len 56 on 3586:1
Mar 10 15:15:50 localhost smsd[922620]: INFO:root:mme non_eps_service_config is not SMS_ORC8R, sleeping.
Mar 10 15:15:52 localhost dnsmasq-dhcp[922714]: DHCPDISCOVER(eth1) fa:16:3e:2a:89:3f 
Mar 10 15:15:52 localhost dnsmasq-dhcp[922714]: DHCPOFFER(eth1) 172.16.7.251 fa:16:3e:2a:89:3f 
Mar 10 15:15:55 localhost smsd[922620]: INFO:root:mme non_eps_service_config is not SMS_ORC8R, sleeping.
Mar 10 15:15:56 localhost sctpd[922811]: I0310 15:15:56.041808 923283 sctp_connection.cpp:167] HandleClientSock sd = 23
Mar 10 15:15:56 localhost sctpd[922811]: I0310 15:15:56.041898 923283 sctp_connection.cpp:185] SCTP_SHUTDOWN_EVENT received
Mar 10 15:15:56 localhost sctpd[922811]: I0310 15:15:56.041909 923283 sctp_connection.cpp:280] Sending close connection for assoc_id 3586
Mar 10 15:16:00 localhost smsd[922620]: INFO:root:mme non_eps_service_config is not SMS_ORC8R, sleeping.
Mar 10 15:16:01 localhost dhclient[601]: DHCPREQUEST for 172.16.5.121 on eth1 to 172.16.5.2 port 67 (xid=0x4b4058b5)
Mar 10 15:16:02 localhost magmad[922453]: INFO:root:Checking for upgrade...
Mar 10 15:16:02 localhost magmad[922453]: WARNING:root:magmad package_version config missing or set to default 0.0.0-0, skipping upgrade
Mar 10 15:16:03 localhost control_proxy[922710]: 2022-03-10T15:15:02.805Z [127.0.0.1 -> streamer-controller.magmasi.wavelabs.in,8443] "POST /magma.orc8r.Streamer/GetUpdates HTTP/2" 200 0bytes 60.376s
Mar 10 15:16:03 localhost magmad[922453]: ERROR:root:Error! Streaming from the cloud failed! [StatusCode.ABORTED] error while streaming updates: rpc error: code = DeadlineExceeded desc = context deadline exceeded
Mar 10 15:16:04 localhost dnsmasq-dhcp[922714]: DHCPDISCOVER(eth1) fa:16:3e:2a:89:3f 
Mar 10 15:16:04 localhost dnsmasq-dhcp[922714]: DHCPOFFER(eth1) 172.16.7.251 fa:16:3e:2a:89:3f 
Mar 10 15:16:05 localhost sctpd[922811]: I0310 15:16:05.026687 923283 sctp_connection.cpp:167] HandleClientSock sd = 24
Mar 10 15:16:05 localhost sctpd[922811]: I0310 15:16:05.026821 923283 sctp_connection.cpp:189] SCTP association change event received
Mar 10 15:16:05 localhost sctpd[922811]: I0310 15:16:05.027833 923283 sctp_connection.cpp:167] HandleClientSock sd = 24
Mar 10 15:16:05 localhost sctpd[922811]: I0310 15:16:05.027866 923283 sctp_connection.cpp:193] Unhandled notification type 32776
Mar 10 15:16:05 localhost mobilityd[922527]: INFO:root:Using GW info: {'default': {2: ('172.16.4.1', 'eth0')}, 2: [('172.16.4.1', 'eth0', True)]}
Mar 10 15:16:05 localhost mobilityd[922527]: INFO:root:GW-v6 probe: timer started
Mar 10 15:16:05 localhost smsd[922620]: INFO:root:mme non_eps_service_config is not SMS_ORC8R, sleeping.
Mar 10 15:16:06 localhost sctpd[922811]: I0310 15:16:06.085860 923283 sctp_connection.cpp:167] HandleClientSock sd = 24
Mar 10 15:16:06 localhost sctpd[922811]: I0310 15:16:06.085978 923283 sctp_connection.cpp:220] [sd:24] msg of len 42 on 3587:0
Mar 10 15:16:06 localhost sctpd[922811]: I0310 15:16:06.088600 923281 sctpd_downlink_impl.cpp:76] SctpdDownlinkImpl::SendDl starting
Mar 10 15:16:06 localhost sctpd[922811]: I0310 15:16:06.089123 923283 sctp_connection.cpp:167] HandleClientSock sd = 24
Mar 10 15:16:06 localhost sctpd[922811]: I0310 15:16:06.089174 923283 sctp_connection.cpp:193] Unhandled notification type 32777
Mar 10 15:16:06 localhost magmad[922453]: INFO:root:[SyncRPC] Got heartBeat from cloud
Mar 10 15:16:06 localhost sctpd[922811]: I0310 15:16:06.196395 923283 sctp_connection.cpp:167] HandleClientSock sd = 24
Mar 10 15:16:06 localhost sctpd[922811]: I0310 15:16:06.196537 923283 sctp_connection.cpp:220] [sd:24] msg of len 88 on 3587:1
Mar 10 15:16:06 localhost sctpd[922811]: I0310 15:16:06.213235 923281 sctpd_downlink_impl.cpp:76] SctpdDownlinkImpl::SendDl starting
Mar 10 15:16:06 localhost sctpd[922811]: I0310 15:16:06.310720 923283 sctp_connection.cpp:167] HandleClientSock sd = 24
Mar 10 15:16:06 localhost sctpd[922811]: I0310 15:16:06.310819 923283 sctp_connection.cpp:193] Unhandled notification type 32777
Mar 10 15:16:06 localhost sctpd[922811]: I0310 15:16:06.310837 923283 sctp_connection.cpp:167] HandleClientSock sd = 24
Mar 10 15:16:06 localhost sctpd[922811]: I0310 15:16:06.310858 923283 sctp_connection.cpp:220] [sd:24] msg of len 67 on 3587:1
Mar 10 15:16:06 localhost sctpd[922811]: I0310 15:16:06.314702 923281 sctpd_downlink_impl.cpp:76] SctpdDownlinkImpl::SendDl starting
Mar 10 15:16:06 localhost sctpd[922811]: I0310 15:16:06.429216 923283 sctp_connection.cpp:167] HandleClientSock sd = 24
Mar 10 15:16:06 localhost sctpd[922811]: I0310 15:16:06.429356 923283 sctp_connection.cpp:193] Unhandled notification type 32777
Mar 10 15:16:06 localhost sctpd[922811]: I0310 15:16:06.429379 923283 sctp_connection.cpp:167] HandleClientSock sd = 24
Mar 10 15:16:06 localhost sctpd[922811]: I0310 15:16:06.429400 923283 sctp_connection.cpp:220] [sd:24] msg of len 56 on 3587:1
Mar 10 15:16:06 localhost mme[923218]: [DEBUG] Sending S6A-UPDATE_LOCATION_REQUEST with IMSI: 222700000000001
Mar 10 15:16:06 localhost sctpd[922811]: I0310 15:16:06.433238 923281 sctpd_downlink_impl.cpp:76] SctpdDownlinkImpl::SendDl starting
Mar 10 15:16:06 localhost mme[923218]: [INFO] Received S6A-LOCATION-UPDATE_ANSWER for IMSI: 222700000000001; Status: ; StatusCode: 2001
Mar 10 15:16:06 localhost mme[923218]: [INFO] sent itti S6A-LOCATION-UPDATE_ANSWER for IMSI: 222700000000001
Mar 10 15:16:06 localhost sctpd[922811]: I0310 15:16:06.545962 923283 sctp_connection.cpp:167] HandleClientSock sd = 24
Mar 10 15:16:06 localhost sctpd[922811]: I0310 15:16:06.546072 923283 sctp_connection.cpp:193] Unhandled notification type 32777
Mar 10 15:16:06 localhost sctpd[922811]: I0310 15:16:06.546090 923283 sctp_connection.cpp:167] HandleClientSock sd = 24
Mar 10 15:16:06 localhost sctpd[922811]: I0310 15:16:06.546113 923283 sctp_connection.cpp:220] [sd:24] msg of len 22 on 3587:1
Mar 10 15:16:06 localhost sctpd[922811]: I0310 15:16:06.746937 923283 sctp_connection.cpp:167] HandleClientSock sd = 24
Mar 10 15:16:06 localhost sctpd[922811]: I0310 15:16:06.747047 923283 sctp_connection.cpp:220] [sd:24] msg of len 56 on 3587:1
Mar 10 15:16:06 localhost sctpd[922811]: I0310 15:16:06.747906 923283 sctp_connection.cpp:167] HandleClientSock sd = 24
Mar 10 15:16:06 localhost sctpd[922811]: I0310 15:16:06.747951 923283 sctp_connection.cpp:220] [sd:24] msg of len 70 on 3587:1
Mar 10 15:16:06 localhost sctpd[922811]: I0310 15:16:06.754451 923281 sctpd_downlink_impl.cpp:76] SctpdDownlinkImpl::SendDl starting
Mar 10 15:16:06 localhost sctpd[922811]: I0310 15:16:06.755452 923281 sctpd_downlink_impl.cpp:76] SctpdDownlinkImpl::SendDl starting
Mar 10 15:16:07 localhost sctpd[922811]: I0310 15:16:07.009804 923283 sctp_connection.cpp:167] HandleClientSock sd = 24
Mar 10 15:16:07 localhost sctpd[922811]: I0310 15:16:07.009909 923283 sctp_connection.cpp:193] Unhandled notification type 32777
Mar 10 15:16:07 localhost sctpd[922811]: I0310 15:16:07.009929 923283 sctp_connection.cpp:167] HandleClientSock sd = 24
Mar 10 15:16:07 localhost sctpd[922811]: I0310 15:16:07.009950 923283 sctp_connection.cpp:220] [sd:24] msg of len 22 on 3587:1
Mar 10 15:16:08 localhost control_proxy[922710]: 2022-03-10T15:16:08.415Z [127.0.0.1 -> streamer-controller.magmasi.wavelabs.in,8443] "POST /magma.orc8r.Streamer/GetUpdates HTTP/2" 200 91bytes 0.273s
Mar 10 15:16:08 localhost policydb[922600]: INFO:root:Processing 2 policy updates (resync=True)
Mar 10 15:16:08 localhost control_proxy[922710]: 2022-03-10T15:16:08.415Z [127.0.0.1 -> streamer-controller.magmasi.wavelabs.in,8443] "POST /magma.orc8r.Streamer/GetUpdates HTTP/2" 200 7bytes 0.284s
Mar 10 15:16:08 localhost policydb[922600]: INFO:root:Processing 0 basename -> policy updates
Mar 10 15:16:09 localhost control_proxy[922710]: 2022-03-10T15:16:08.415Z [127.0.0.1 -> streamer-controller.magmasi.wavelabs.in,8443] "POST /magma.orc8r.Streamer/GetUpdates HTTP/2" 200 5113bytes 0.276s
Mar 10 15:16:09 localhost policydb[922600]: INFO:root:Processing 222 SID -> apn -> policy updates
Mar 10 15:16:09 localhost control_proxy[922710]: 2022-03-10T15:16:09.263Z [127.0.0.1 -> streamer-controller.magmasi.wavelabs.in,8443] "POST /magma.orc8r.Streamer/GetUpdates HTTP/2" 200 7bytes 0.266s
Mar 10 15:16:09 localhost policydb[922600]: INFO:root:Processing 0 rating group updates
Mar 10 15:16:11 localhost smsd[922620]: INFO:root:mme non_eps_service_config is not SMS_ORC8R, sleeping.
Mar 10 15:16:14 localhost dhclient[601]: DHCPREQUEST for 172.16.5.121 on eth1 to 172.16.5.2 port 67 (xid=0x4b4058b5)
Mar 10 15:16:14 localhost sctpd[922811]: I0310 15:16:14.293797 923283 sctp_connection.cpp:167] HandleClientSock sd = 24
Mar 10 15:16:14 localhost sctpd[922811]: I0310 15:16:14.293902 923283 sctp_connection.cpp:185] SCTP_SHUTDOWN_EVENT received
Mar 10 15:16:14 localhost sctpd[922811]: I0310 15:16:14.293915 923283 sctp_connection.cpp:280] Sending close connection for assoc_id 3587
Mar 10 15:16:16 localhost smsd[922620]: INFO:root:mme non_eps_service_config is not SMS_ORC8R, sleeping.
Mar 10 15:16:17 localhost dnsmasq-dhcp[922714]: DHCPDISCOVER(eth1) fa:16:3e:2a:89:3f 
Mar 10 15:16:17 localhost dnsmasq-dhcp[922714]: DHCPOFFER(eth1) 172.16.7.251 fa:16:3e:2a:89:3f 
Mar 10 15:16:21 localhost smsd[922620]: INFO:root:mme non_eps_service_config is not SMS_ORC8R, sleeping.
Mar 10 15:16:23 localhost sctpd[922811]: I0310 15:16:23.162027 923283 sctp_connection.cpp:167] HandleClientSock sd = 25
Mar 10 15:16:23 localhost sctpd[922811]: I0310 15:16:23.162169 923283 sctp_connection.cpp:189] SCTP association change event received
Mar 10 15:16:23 localhost sctpd[922811]: I0310 15:16:23.163103 923283 sctp_connection.cpp:167] HandleClientSock sd = 25
Mar 10 15:16:23 localhost sctpd[922811]: I0310 15:16:23.163137 923283 sctp_connection.cpp:193] Unhandled notification type 32776
Mar 10 15:16:23 localhost sctpd[922811]: I0310 15:16:23.304311 923283 sctp_connection.cpp:167] HandleClientSock sd = 26
Mar 10 15:16:23 localhost sctpd[922811]: I0310 15:16:23.304400 923283 sctp_connection.cpp:189] SCTP association change event received
Mar 10 15:16:23 localhost sctpd[922811]: I0310 15:16:23.305033 923283 sctp_connection.cpp:167] HandleClientSock sd = 26
Mar 10 15:16:23 localhost sctpd[922811]: I0310 15:16:23.305080 923283 sctp_connection.cpp:193] Unhandled notification type 32776
Mar 10 15:16:24 localhost sctpd[922811]: I0310 15:16:24.372223 923283 sctp_connection.cpp:167] HandleClientSock sd = 25
Mar 10 15:16:24 localhost sctpd[922811]: I0310 15:16:24.372339 923283 sctp_connection.cpp:220] [sd:25] msg of len 42 on 3588:0
Mar 10 15:16:24 localhost sctpd[922811]: I0310 15:16:24.374795 923281 sctpd_downlink_impl.cpp:76] SctpdDownlinkImpl::SendDl starting
Mar 10 15:16:24 localhost sctpd[922811]: I0310 15:16:24.375435 923283 sctp_connection.cpp:167] HandleClientSock sd = 25
Mar 10 15:16:24 localhost sctpd[922811]: I0310 15:16:24.375475 923283 sctp_connection.cpp:193] Unhandled notification type 32777
Mar 10 15:16:24 localhost sctpd[922811]: I0310 15:16:24.485863 923283 sctp_connection.cpp:167] HandleClientSock sd = 26
Mar 10 15:16:24 localhost sctpd[922811]: I0310 15:16:24.485983 923283 sctp_connection.cpp:220] [sd:26] msg of len 42 on 3589:0
Mar 10 15:16:24 localhost sctpd[922811]: I0310 15:16:24.487952 923281 sctpd_downlink_impl.cpp:76] SctpdDownlinkImpl::SendDl starting
Mar 10 15:16:24 localhost sctpd[922811]: I0310 15:16:24.488507 923283 sctp_connection.cpp:167] HandleClientSock sd = 26
Mar 10 15:16:24 localhost sctpd[922811]: I0310 15:16:24.488540 923283 sctp_connection.cpp:193] Unhandled notification type 32777
Mar 10 15:16:25 localhost dnsmasq-dhcp[922714]: DHCPDISCOVER(eth1) fa:16:3e:2a:89:3f 
Mar 10 15:16:25 localhost dnsmasq-dhcp[922714]: DHCPOFFER(eth1) 172.16.7.251 fa:16:3e:2a:89:3f 
Mar 10 15:16:25 localhost mobilityd[922527]: INFO:root:Using GW info: {'default': {2: ('172.16.4.1', 'eth0')}, 2: [('172.16.4.1', 'eth0', True)]}
Mar 10 15:16:25 localhost mobilityd[922527]: INFO:root:GW-v6 probe: timer started
Mar 10 15:16:26 localhost smsd[922620]: INFO:root:mme non_eps_service_config is not SMS_ORC8R, sleeping.
Mar 10 15:16:27 localhost dhclient[601]: DHCPREQUEST for 172.16.5.121 on eth1 to 172.16.5.2 port 67 (xid=0x4b4058b5)
Mar 10 15:16:31 localhost smsd[922620]: INFO:root:mme non_eps_service_config is not SMS_ORC8R, sleeping.
Mar 10 15:16:31 localhost sctpd[922811]: I0310 15:16:31.821415 923283 sctp_connection.cpp:167] HandleClientSock sd = 25
Mar 10 15:16:31 localhost sctpd[922811]: I0310 15:16:31.821539 923283 sctp_connection.cpp:185] SCTP_SHUTDOWN_EVENT received
Mar 10 15:16:31 localhost sctpd[922811]: I0310 15:16:31.821552 923283 sctp_connection.cpp:280] Sending close connection for assoc_id 3588
Mar 10 15:16:31 localhost sctpd[922811]: I0310 15:16:31.872766 923283 sctp_connection.cpp:167] HandleClientSock sd = 26
Mar 10 15:16:31 localhost sctpd[922811]: I0310 15:16:31.872856 923283 sctp_connection.cpp:185] SCTP_SHUTDOWN_EVENT received
Mar 10 15:16:31 localhost sctpd[922811]: I0310 15:16:31.872867 923283 sctp_connection.cpp:280] Sending close connection for assoc_id 3589
Mar 10 15:16:32 localhost magmad[922453]: ERROR:root:Metrics upload error for service subscriberdb (chunk 0)! [StatusCode.DEADLINE_EXCEEDED] Deadline Exceeded
Mar 10 15:16:32 localhost magmad[922453]: ERROR:root:Metrics upload error for service mobilityd (chunk 0)! [StatusCode.DEADLINE_EXCEEDED] Deadline Exceeded
Mar 10 15:16:32 localhost magmad[922453]: ERROR:root:Metrics upload error for service mme (chunk 0)! [StatusCode.DEADLINE_EXCEEDED] Deadline Exceeded
Mar 10 15:16:32 localhost magmad[922453]: ERROR:root:Metrics upload error for service magmad (chunk 0)! [StatusCode.DEADLINE_EXCEEDED] Deadline Exceeded
Mar 10 15:16:32 localhost magmad[922453]: ERROR:root:Metrics upload error for service enodebd (chunk 0)! [StatusCode.DEADLINE_EXCEEDED] Deadline Exceeded
Mar 10 15:16:32 localhost magmad[922453]: ERROR:root:Metrics upload error for service pipelined (chunk 0)! [StatusCode.DEADLINE_EXCEEDED] Deadline Exceeded
Mar 10 15:16:32 localhost magmad[922453]: ERROR:root:Metrics upload error for service state (chunk 0)! [StatusCode.DEADLINE_EXCEEDED] Deadline Exceeded
Mar 10 15:16:32 localhost magmad[922453]: ERROR:root:Metrics upload error for service sessiond (chunk 0)! [StatusCode.DEADLINE_EXCEEDED] Deadline Exceeded
Mar 10 15:16:35 localhost dnsmasq-dhcp[922714]: DHCPDISCOVER(eth1) fa:16:3e:2a:89:3f 
Mar 10 15:16:35 localhost dnsmasq-dhcp[922714]: DHCPOFFER(eth1) 172.16.7.251 fa:16:3e:2a:89:3f 
Mar 10 15:16:36 localhost smsd[922620]: INFO:root:mme non_eps_service_config is not SMS_ORC8R, sleeping.
Mar 10 15:16:40 localhost sctpd[922811]: I0310 15:16:40.793604 923283 sctp_connection.cpp:167] HandleClientSock sd = 27
Mar 10 15:16:40 localhost sctpd[922811]: I0310 15:16:40.793692 923283 sctp_connection.cpp:189] SCTP association change event received
Mar 10 15:16:40 localhost sctpd[922811]: I0310 15:16:40.794481 923283 sctp_connection.cpp:167] HandleClientSock sd = 27
Mar 10 15:16:40 localhost sctpd[922811]: I0310 15:16:40.794515 923283 sctp_connection.cpp:193] Unhandled notification type 32776
Mar 10 15:16:41 localhost smsd[922620]: INFO:root:mme non_eps_service_config is not SMS_ORC8R, sleeping.
Mar 10 15:16:41 localhost sctpd[922811]: I0310 15:16:41.848466 923283 sctp_connection.cpp:167] HandleClientSock sd = 27
Mar 10 15:16:41 localhost sctpd[922811]: I0310 15:16:41.848575 923283 sctp_connection.cpp:220] [sd:27] msg of len 42 on 3590:0
Mar 10 15:16:41 localhost sctpd[922811]: I0310 15:16:41.850782 922817 sctpd_downlink_impl.cpp:76] SctpdDownlinkImpl::SendDl starting
Mar 10 15:16:41 localhost sctpd[922811]: I0310 15:16:41.851202 923283 sctp_connection.cpp:167] HandleClientSock sd = 27
Mar 10 15:16:41 localhost sctpd[922811]: I0310 15:16:41.851235 923283 sctp_connection.cpp:193] Unhandled notification type 32777
Mar 10 15:16:41 localhost sctpd[922811]: I0310 15:16:41.960793 923283 sctp_connection.cpp:167] HandleClientSock sd = 27
Mar 10 15:16:41 localhost sctpd[922811]: I0310 15:16:41.960899 923283 sctp_connection.cpp:220] [sd:27] msg of len 88 on 3590:1
Mar 10 15:16:41 localhost sctpd[922811]: I0310 15:16:41.975569 922817 sctpd_downlink_impl.cpp:76] SctpdDownlinkImpl::SendDl starting
Mar 10 15:16:42 localhost sctpd[922811]: I0310 15:16:42.072119 923283 sctp_connection.cpp:167] HandleClientSock sd = 27
Mar 10 15:16:42 localhost sctpd[922811]: I0310 15:16:42.072213 923283 sctp_connection.cpp:193] Unhandled notification type 32777
Mar 10 15:16:42 localhost sctpd[922811]: I0310 15:16:42.072232 923283 sctp_connection.cpp:167] HandleClientSock sd = 27
Mar 10 15:16:42 localhost sctpd[922811]: I0310 15:16:42.072252 923283 sctp_connection.cpp:220] [sd:27] msg of len 67 on 3590:1
Mar 10 15:16:42 localhost sctpd[922811]: I0310 15:16:42.076045 922817 sctpd_downlink_impl.cpp:76] SctpdDownlinkImpl::SendDl starting
Mar 10 15:16:42 localhost sctpd[922811]: I0310 15:16:42.190491 923283 sctp_connection.cpp:167] HandleClientSock sd = 27
Mar 10 15:16:42 localhost sctpd[922811]: I0310 15:16:42.190594 923283 sctp_connection.cpp:193] Unhandled notification type 32777
Mar 10 15:16:42 localhost sctpd[922811]: I0310 15:16:42.190615 923283 sctp_connection.cpp:167] HandleClientSock sd = 27
Mar 10 15:16:42 localhost sctpd[922811]: I0310 15:16:42.190637 923283 sctp_connection.cpp:220] [sd:27] msg of len 56 on 3590:1
Mar 10 15:16:42 localhost mme[923218]: [DEBUG] Sending S6A-UPDATE_LOCATION_REQUEST with IMSI: 222700000000001
Mar 10 15:16:42 localhost sctpd[922811]: I0310 15:16:42.197113 922817 sctpd_downlink_impl.cpp:76] SctpdDownlinkImpl::SendDl starting
Mar 10 15:16:42 localhost mme[923218]: [INFO] Received S6A-LOCATION-UPDATE_ANSWER for IMSI: 222700000000001; Status: ; StatusCode: 2001
Mar 10 15:16:42 localhost mme[923218]: [INFO] sent itti S6A-LOCATION-UPDATE_ANSWER for IMSI: 222700000000001
Mar 10 15:16:42 localhost sctpd[922811]: I0310 15:16:42.313740 923283 sctp_connection.cpp:167] HandleClientSock sd = 27
Mar 10 15:16:42 localhost sctpd[922811]: I0310 15:16:42.313846 923283 sctp_connection.cpp:193] Unhandled notification type 32777
Mar 10 15:16:42 localhost sctpd[922811]: I0310 15:16:42.313867 923283 sctp_connection.cpp:167] HandleClientSock sd = 27
Mar 10 15:16:42 localhost sctpd[922811]: I0310 15:16:42.313889 923283 sctp_connection.cpp:220] [sd:27] msg of len 22 on 3590:1
Mar 10 15:16:42 localhost sctpd[922811]: I0310 15:16:42.515092 923283 sctp_connection.cpp:167] HandleClientSock sd = 27
Mar 10 15:16:42 localhost sctpd[922811]: I0310 15:16:42.515201 923283 sctp_connection.cpp:220] [sd:27] msg of len 56 on 3590:1
Mar 10 15:16:43 localhost magmad[922453]: INFO:root:Setting logging level to INFO
Mar 10 15:16:44 localhost dhclient[601]: DHCPREQUEST for 172.16.5.121 on eth1 to 172.16.5.2 port 67 (xid=0x4b4058b5)
Mar 10 15:16:44 localhost sctpd[922811]: I0310 15:16:44.484477 923283 sctp_connection.cpp:167] HandleClientSock sd = 27
Mar 10 15:16:44 localhost sctpd[922811]: I0310 15:16:44.484591 923283 sctp_connection.cpp:220] [sd:27] msg of len 70 on 3590:1
Mar 10 15:16:44 localhost sctpd[922811]: I0310 15:16:44.490345 922817 sctpd_downlink_impl.cpp:76] SctpdDownlinkImpl::SendDl starting
Mar 10 15:16:44 localhost sctpd[922811]: I0310 15:16:44.490919 922817 sctpd_downlink_impl.cpp:76] SctpdDownlinkImpl::SendDl starting
Mar 10 15:16:44 localhost sctpd[922811]: I0310 15:16:44.597584 923283 sctp_connection.cpp:167] HandleClientSock sd = 27
Mar 10 15:16:44 localhost sctpd[922811]: I0310 15:16:44.597700 923283 sctp_connection.cpp:220] [sd:27] msg of len 28 on 3590:1
Mar 10 15:16:44 localhost sctpd[922811]: I0310 15:16:44.706326 923283 sctp_connection.cpp:167] HandleClientSock sd = 27
Mar 10 15:16:44 localhost sctpd[922811]: I0310 15:16:44.706431 923283 sctp_connection.cpp:193] Unhandled notification type 32777
Mar 10 15:16:44 localhost sctpd[922811]: I0310 15:16:44.706449 923283 sctp_connection.cpp:167] HandleClientSock sd = 27
Mar 10 15:16:44 localhost sctpd[922811]: I0310 15:16:44.706470 923283 sctp_connection.cpp:220] [sd:27] msg of len 22 on 3590:1
Mar 10 15:16:45 localhost mobilityd[922527]: INFO:root:Using GW info: {'default': {2: ('172.16.4.1', 'eth0')}, 2: [('172.16.4.1', 'eth0', True)]}
Mar 10 15:16:45 localhost mobilityd[922527]: INFO:root:GW-v6 probe: timer started
Mar 10 15:16:46 localhost smsd[922620]: INFO:root:mme non_eps_service_config is not SMS_ORC8R, sleeping.
Mar 10 15:16:46 localhost sctpd[922811]: I0310 15:16:46.818481 923283 sctp_connection.cpp:167] HandleClientSock sd = 27
Mar 10 15:16:46 localhost sctpd[922811]: I0310 15:16:46.818677 923283 sctp_connection.cpp:220] [sd:27] msg of len 86 on 3590:1
Mar 10 15:16:46 localhost sctpd[922811]: I0310 15:16:46.822886 922817 sctpd_downlink_impl.cpp:76] SctpdDownlinkImpl::SendDl starting
Mar 10 15:16:46 localhost sctpd[922811]: I0310 15:16:46.932286 923283 sctp_connection.cpp:167] HandleClientSock sd = 27
Mar 10 15:16:46 localhost sctpd[922811]: I0310 15:16:46.932380 923283 sctp_connection.cpp:193] Unhandled notification type 32777
Mar 10 15:16:46 localhost sctpd[922811]: I0310 15:16:46.932399 923283 sctp_connection.cpp:167] HandleClientSock sd = 27
Mar 10 15:16:46 localhost sctpd[922811]: I0310 15:16:46.932421 923283 sctp_connection.cpp:220] [sd:27] msg of len 64 on 3590:1
Mar 10 15:16:46 localhost sctpd[922811]: I0310 15:16:46.947985 922817 sctpd_downlink_impl.cpp:76] SctpdDownlinkImpl::SendDl starting
Mar 10 15:16:47 localhost sctpd[922811]: I0310 15:16:47.052776 923283 sctp_connection.cpp:167] HandleClientSock sd = 27
Mar 10 15:16:47 localhost sctpd[922811]: I0310 15:16:47.052901 923283 sctp_connection.cpp:193] Unhandled notification type 32777
Mar 10 15:16:47 localhost sctpd[922811]: I0310 15:16:47.052922 923283 sctp_connection.cpp:167] HandleClientSock sd = 27
Mar 10 15:16:47 localhost sctpd[922811]: I0310 15:16:47.052945 923283 sctp_connection.cpp:220] [sd:27] msg of len 67 on 3590:1
Mar 10 15:16:47 localhost sctpd[922811]: I0310 15:16:47.055835 922817 sctpd_downlink_impl.cpp:76] SctpdDownlinkImpl::SendDl starting
Mar 10 15:16:47 localhost sctpd[922811]: I0310 15:16:47.170122 923283 sctp_connection.cpp:167] HandleClientSock sd = 27
Mar 10 15:16:47 localhost sctpd[922811]: I0310 15:16:47.170199 923283 sctp_connection.cpp:193] Unhandled notification type 32777
Mar 10 15:16:47 localhost sctpd[922811]: I0310 15:16:47.170209 923283 sctp_connection.cpp:167] HandleClientSock sd = 27
Mar 10 15:16:47 localhost sctpd[922811]: I0310 15:16:47.170222 923283 sctp_connection.cpp:220] [sd:27] msg of len 56 on 3590:1
Mar 10 15:16:47 localhost mme[923218]: [DEBUG] Sending S6A-UPDATE_LOCATION_REQUEST with IMSI: 222700000000001
Mar 10 15:16:47 localhost sctpd[922811]: I0310 15:16:47.173285 922817 sctpd_downlink_impl.cpp:76] SctpdDownlinkImpl::SendDl starting
Mar 10 15:16:47 localhost mme[923218]: [INFO] Received S6A-LOCATION-UPDATE_ANSWER for IMSI: 222700000000001; Status: ; StatusCode: 2001
Mar 10 15:16:47 localhost mme[923218]: [INFO] sent itti S6A-LOCATION-UPDATE_ANSWER for IMSI: 222700000000001
Mar 10 15:16:47 localhost sctpd[922811]: I0310 15:16:47.289036 923283 sctp_connection.cpp:167] HandleClientSock sd = 27
Mar 10 15:16:47 localhost sctpd[922811]: I0310 15:16:47.289137 923283 sctp_connection.cpp:193] Unhandled notification type 32777
Mar 10 15:16:47 localhost sctpd[922811]: I0310 15:16:47.289156 923283 sctp_connection.cpp:167] HandleClientSock sd = 27
Mar 10 15:16:47 localhost sctpd[922811]: I0310 15:16:47.289178 923283 sctp_connection.cpp:220] [sd:27] msg of len 22 on 3590:1
Mar 10 15:16:47 localhost sctpd[922811]: I0310 15:16:47.491091 923283 sctp_connection.cpp:167] HandleClientSock sd = 27
Mar 10 15:16:47 localhost sctpd[922811]: I0310 15:16:47.491199 923283 sctp_connection.cpp:220] [sd:27] msg of len 56 on 3590:1
Mar 10 15:16:49 localhost dnsmasq-dhcp[922714]: DHCPDISCOVER(eth1) fa:16:3e:2a:89:3f 
Mar 10 15:16:49 localhost dnsmasq-dhcp[922714]: DHCPOFFER(eth1) 172.16.7.251 fa:16:3e:2a:89:3f 
Mar 10 15:16:49 localhost sctpd[922811]: I0310 15:16:49.455955 923283 sctp_connection.cpp:167] HandleClientSock sd = 27
Mar 10 15:16:49 localhost sctpd[922811]: I0310 15:16:49.456065 923283 sctp_connection.cpp:220] [sd:27] msg of len 70 on 3590:1
Mar 10 15:16:49 localhost sctpd[922811]: I0310 15:16:49.461845 922817 sctpd_downlink_impl.cpp:76] SctpdDownlinkImpl::SendDl starting
Mar 10 15:16:49 localhost sctpd[922811]: I0310 15:16:49.462616 922817 sctpd_downlink_impl.cpp:76] SctpdDownlinkImpl::SendDl starting
Mar 10 15:16:49 localhost sctpd[922811]: I0310 15:16:49.565068 923283 sctp_connection.cpp:167] HandleClientSock sd = 27
Mar 10 15:16:49 localhost sctpd[922811]: I0310 15:16:49.565179 923283 sctp_connection.cpp:220] [sd:27] msg of len 28 on 3590:1
Mar 10 15:16:49 localhost sctpd[922811]: I0310 15:16:49.677047 923283 sctp_connection.cpp:167] HandleClientSock sd = 27
Mar 10 15:16:49 localhost sctpd[922811]: I0310 15:16:49.677139 923283 sctp_connection.cpp:193] Unhandled notification type 32777
Mar 10 15:16:49 localhost sctpd[922811]: I0310 15:16:49.677157 923283 sctp_connection.cpp:167] HandleClientSock sd = 27
Mar 10 15:16:49 localhost sctpd[922811]: I0310 15:16:49.677177 923283 sctp_connection.cpp:220] [sd:27] msg of len 22 on 3590:1
Mar 10 15:16:51 localhost smsd[922620]: INFO:root:mme non_eps_service_config is not SMS_ORC8R, sleeping.
Mar 10 15:16:51 localhost dhclient[601]: DHCPREQUEST for 172.16.5.121 on eth1 to 172.16.5.2 port 67 (xid=0x4b4058b5)
Mar 10 15:16:56 localhost smsd[922620]: INFO:root:mme non_eps_service_config is not SMS_ORC8R, sleeping.
Mar 10 15:16:57 localhost dnsmasq-dhcp[922714]: DHCPDISCOVER(eth1) fa:16:3e:2a:89:3f 
Mar 10 15:16:57 localhost dnsmasq-dhcp[922714]: DHCPOFFER(eth1) 172.16.7.251 fa:16:3e:2a:89:3f 
Mar 10 15:16:59 localhost sctpd[922811]: I0310 15:16:59.018653 923283 sctp_connection.cpp:167] HandleClientSock sd = 27
Mar 10 15:16:59 localhost sctpd[922811]: I0310 15:16:59.018770 923283 sctp_connection.cpp:185] SCTP_SHUTDOWN_EVENT received
Mar 10 15:16:59 localhost sctpd[922811]: I0310 15:16:59.018781 923283 sctp_connection.cpp:280] Sending close connection for assoc_id 3590
Mar 10 15:17:01 localhost smsd[922620]: INFO:root:mme non_eps_service_config is not SMS_ORC8R, sleeping.
Mar 10 15:17:01 localhost CRON[923740]: (root) CMD (   cd / && run-parts --report /etc/cron.hourly)
Mar 10 15:17:02 localhost control_proxy[922710]: 2022-03-10T15:17:01.850Z [127.0.0.1 -> state-controller.magmasi.wavelabs.in,8443] "POST /magma.orc8r.StateService/ReportStates HTTP/2" 200 5bytes 0.548s
Mar 10 15:17:02 localhost magmad[922453]: INFO:root:Checkin Successful! Successfully sent states to the cloud!
Mar 10 15:17:05 localhost mobilityd[922527]: INFO:root:Using GW info: {'default': {2: ('172.16.4.1', 'eth0')}, 2: [('172.16.4.1', 'eth0', True)]}
Mar 10 15:17:05 localhost mobilityd[922527]: INFO:root:GW-v6 probe: timer started
Mar 10 15:17:06 localhost magmad[922453]: INFO:root:[SyncRPC] Got heartBeat from cloud
Mar 10 15:17:06 localhost smsd[922620]: INFO:root:mme non_eps_service_config is not SMS_ORC8R, sleeping.
Mar 10 15:17:07 localhost dhclient[601]: DHCPREQUEST for 172.16.5.121 on eth1 to 172.16.5.2 port 67 (xid=0x4b4058b5)
Mar 10 15:17:07 localhost dnsmasq-dhcp[922714]: DHCPDISCOVER(eth1) fa:16:3e:2a:89:3f 
Mar 10 15:17:07 localhost dnsmasq-dhcp[922714]: DHCPOFFER(eth1) 172.16.7.251 fa:16:3e:2a:89:3f 
Mar 10 15:17:08 localhost sctpd[922811]: I0310 15:17:08.004273 923283 sctp_connection.cpp:167] HandleClientSock sd = 28
Mar 10 15:17:08 localhost sctpd[922811]: I0310 15:17:08.004360 923283 sctp_connection.cpp:189] SCTP association change event received
Mar 10 15:17:08 localhost sctpd[922811]: I0310 15:17:08.005244 923283 sctp_connection.cpp:167] HandleClientSock sd = 28
Mar 10 15:17:08 localhost sctpd[922811]: I0310 15:17:08.005276 923283 sctp_connection.cpp:193] Unhandled notification type 32776
Mar 10 15:17:09 localhost sctpd[922811]: I0310 15:17:09.061537 923283 sctp_connection.cpp:167] HandleClientSock sd = 28
Mar 10 15:17:09 localhost sctpd[922811]: I0310 15:17:09.061663 923283 sctp_connection.cpp:220] [sd:28] msg of len 42 on 3591:0
Mar 10 15:17:09 localhost sctpd[922811]: I0310 15:17:09.064066 922817 sctpd_downlink_impl.cpp:76] SctpdDownlinkImpl::SendDl starting
Mar 10 15:17:09 localhost sctpd[922811]: I0310 15:17:09.064630 923283 sctp_connection.cpp:167] HandleClientSock sd = 28
Mar 10 15:17:09 localhost sctpd[922811]: I0310 15:17:09.064663 923283 sctp_connection.cpp:193] Unhandled notification type 32777
Mar 10 15:17:09 localhost sctpd[922811]: I0310 15:17:09.174651 923283 sctp_connection.cpp:167] HandleClientSock sd = 28
Mar 10 15:17:09 localhost sctpd[922811]: I0310 15:17:09.174748 923283 sctp_connection.cpp:220] [sd:28] msg of len 88 on 3591:1
Mar 10 15:17:09 localhost sctpd[922811]: I0310 15:17:09.189754 922817 sctpd_downlink_impl.cpp:76] SctpdDownlinkImpl::SendDl starting
Mar 10 15:17:09 localhost sctpd[922811]: I0310 15:17:09.288153 923283 sctp_connection.cpp:167] HandleClientSock sd = 28
Mar 10 15:17:09 localhost sctpd[922811]: I0310 15:17:09.288259 923283 sctp_connection.cpp:193] Unhandled notification type 32777
Mar 10 15:17:09 localhost sctpd[922811]: I0310 15:17:09.288280 923283 sctp_connection.cpp:167] HandleClientSock sd = 28
Mar 10 15:17:09 localhost sctpd[922811]: I0310 15:17:09.288301 923283 sctp_connection.cpp:220] [sd:28] msg of len 67 on 3591:1
Mar 10 15:17:09 localhost sctpd[922811]: I0310 15:17:09.292317 922817 sctpd_downlink_impl.cpp:76] SctpdDownlinkImpl::SendDl starting
Mar 10 15:17:09 localhost sctpd[922811]: I0310 15:17:09.406404 923283 sctp_connection.cpp:167] HandleClientSock sd = 28
Mar 10 15:17:09 localhost sctpd[922811]: I0310 15:17:09.406502 923283 sctp_connection.cpp:193] Unhandled notification type 32777
Mar 10 15:17:09 localhost sctpd[922811]: I0310 15:17:09.406522 923283 sctp_connection.cpp:167] HandleClientSock sd = 28
Mar 10 15:17:09 localhost sctpd[922811]: I0310 15:17:09.406544 923283 sctp_connection.cpp:220] [sd:28] msg of len 56 on 3591:1
Mar 10 15:17:09 localhost mme[923218]: [DEBUG] Sending S6A-UPDATE_LOCATION_REQUEST with IMSI: 222700000000001
Mar 10 15:17:09 localhost sctpd[922811]: I0310 15:17:09.412006 922817 sctpd_downlink_impl.cpp:76] SctpdDownlinkImpl::SendDl starting
Mar 10 15:17:09 localhost mme[923218]: [INFO] Received S6A-LOCATION-UPDATE_ANSWER for IMSI: 222700000000001; Status: ; StatusCode: 2001
Mar 10 15:17:09 localhost mme[923218]: [INFO] sent itti S6A-LOCATION-UPDATE_ANSWER for IMSI: 222700000000001
Mar 10 15:17:09 localhost sctpd[922811]: I0310 15:17:09.526898 923283 sctp_connection.cpp:167] HandleClientSock sd = 28
Mar 10 15:17:09 localhost sctpd[922811]: I0310 15:17:09.527024 923283 sctp_connection.cpp:193] Unhandled notification type 32777
Mar 10 15:17:09 localhost sctpd[922811]: I0310 15:17:09.527045 923283 sctp_connection.cpp:167] HandleClientSock sd = 28
Mar 10 15:17:09 localhost sctpd[922811]: I0310 15:17:09.527067 923283 sctp_connection.cpp:220] [sd:28] msg of len 22 on 3591:1
Mar 10 15:17:09 localhost sctpd[922811]: I0310 15:17:09.730839 923283 sctp_connection.cpp:167] HandleClientSock sd = 28
Mar 10 15:17:09 localhost sctpd[922811]: I0310 15:17:09.730938 923283 sctp_connection.cpp:220] [sd:28] msg of len 56 on 3591:1
Mar 10 15:17:09 localhost sctpd[922811]: I0310 15:17:09.731808 923283 sctp_connection.cpp:167] HandleClientSock sd = 28
Mar 10 15:17:09 localhost sctpd[922811]: I0310 15:17:09.731842 923283 sctp_connection.cpp:220] [sd:28] msg of len 82 on 3591:1
Mar 10 15:17:09 localhost mobilityd[922527]: INFO:root:Allocated IP 192.168.128.187 for sid IMSI222700000000001 for apn default
Mar 10 15:17:09 localhost policydb[922600]: INFO:root:Creating a session for subscriber ID: IMSI222700000000001
Mar 10 15:17:09 localhost sessiond[922532]: I0310 15:17:09.773195 922532 SetMessageManagerHandler.cpp:342] Processing a CreateSessionResponse for IMSI222700000000001-964780
Mar 10 15:17:09 localhost sessiond[922532]: I0310 15:17:09.773452 922532 SessionState.cpp:2774] RuleID allowlist_sid-IMSI222700000000001-default doesn't have a version registered for IMSI222700000000001-964780, this is unexpected
Mar 10 15:17:09 localhost control_proxy[922710]: 2022-03-10T15:17:09.592Z [127.0.0.1 -> streamer-controller.magmasi.wavelabs.in,8443] "POST /magma.orc8r.Streamer/GetUpdates HTTP/2" 200 91bytes 0.278s
Mar 10 15:17:09 localhost policydb[922600]: INFO:root:Processing 2 policy updates (resync=True)
Mar 10 15:17:10 localhost control_proxy[922710]: 2022-03-10T15:17:09.592Z [127.0.0.1 -> streamer-controller.magmasi.wavelabs.in,8443] "POST /magma.orc8r.Streamer/GetUpdates HTTP/2" 200 7bytes 0.319s
Mar 10 15:17:10 localhost policydb[922600]: INFO:root:Processing 0 basename -> policy updates
Mar 10 15:17:10 localhost control_proxy[922710]: 2022-03-10T15:17:10.195Z [127.0.0.1 -> streamer-controller.magmasi.wavelabs.in,8443] "POST /magma.orc8r.Streamer/GetUpdates HTTP/2" 200 5113bytes 0.283s
Mar 10 15:17:10 localhost policydb[922600]: INFO:root:Processing 222 SID -> apn -> policy updates
Mar 10 15:17:10 localhost control_proxy[922710]: 2022-03-10T15:17:10.195Z [127.0.0.1 -> streamer-controller.magmasi.wavelabs.in,8443] "POST /magma.orc8r.Streamer/GetUpdates HTTP/2" 200 7bytes 0.264s
Mar 10 15:17:10 localhost policydb[922600]: INFO:root:Processing 0 rating group updates
Mar 10 15:17:11 localhost smsd[922620]: INFO:root:mme non_eps_service_config is not SMS_ORC8R, sleeping.
Mar 10 15:17:13 localhost mme[923218]: PDUSessionResourceSetupRequestTransfer ::= {
Mar 10 15:17:13 localhost mme[923218]:     protocolIEs: ProtocolIE-Container ::= {
Mar 10 15:17:13 localhost mme[923218]:         PDUSessionResourceSetupRequestTransferIEs ::= {
Mar 10 15:17:13 localhost mme[923218]:             id: 130
Mar 10 15:17:13 localhost mme[923218]:             criticality: 0 (reject)
Mar 10 15:17:13 localhost mme[923218]:             value: PDUSessionAggregateMaximumBitRate ::= {
Mar 10 15:17:13 localhost mme[923218]:                 pDUSessionAggregateMaximumBitRateDL: 100000000
Mar 10 15:17:13 localhost mme[923218]:                 pDUSessionAggregateMaximumBitRateUL: 100000000
Mar 10 15:17:13 localhost mme[923218]:             }
Mar 10 15:17:13 localhost mme[923218]:         }
Mar 10 15:17:13 localhost mme[923218]:         PDUSessionResourceSetupRequestTransferIEs ::= {
Mar 10 15:17:13 localhost mme[923218]:             id: 139
Mar 10 15:17:13 localhost mme[923218]:             criticality: 0 (reject)
Mar 10 15:17:13 localhost mme[923218]:             value: GTPTunnel ::= {
Mar 10 15:17:13 localhost mme[923218]:                 transportLayerAddress: AC 10 05 79
Mar 10 15:17:13 localhost mme[923218]:                 gTP-TEID: 7F FF FF FF
Mar 10 15:17:13 localhost mme[923218]:             }
Mar 10 15:17:13 localhost mme[923218]:         }
Mar 10 15:17:13 localhost mme[923218]:         PDUSessionResourceSetupRequestTransferIEs ::= {
Mar 10 15:17:13 localhost mme[923218]:             id: 134
Mar 10 15:17:13 localhost mme[923218]:             criticality: 0 (reject)
Mar 10 15:17:13 localhost mme[923218]:             value: 0 (ipv4)
Mar 10 15:17:13 localhost mme[923218]:         }
Mar 10 15:17:13 localhost mme[923218]:         PDUSessionResourceSetupRequestTransferIEs ::= {
Mar 10 15:17:13 localhost mme[923218]:             id: 136
Mar 10 15:17:13 localhost mme[923218]:             criticality: 0 (reject)
Mar 10 15:17:13 localhost mme[923218]:             value: QosFlowSetupRequestList ::= {
Mar 10 15:17:13 localhost mme[923218]:                 QosFlowSetupRequestItem ::= {
Mar 10 15:17:13 localhost mme[923218]:                     qosFlowIdentifier: 9
Mar 10 15:17:13 localhost mme[923218]:                     qosFlowLevelQosParameters: QosFlowLevelQosParameters ::= {
Mar 10 15:17:13 localhost mme[923218]:                         qosCharacteristics: NonDynamic5QIDescriptor ::= {
Mar 10 15:17:13 localhost mme[923218]:                             fiveQI: 9
Mar 10 15:17:13 localhost mme[923218]:                         }
Mar 10 15:17:13 localhost mme[923218]:                         allocationAndRetentionPriority: AllocationAndRetentionPriority ::= {
Mar 10 15:17:13 localhost mme[923218]:                             priorityLevelARP: 15
Mar 10 15:17:13 localhost mme[923218]:                             pre-emptionCapability: 0 (shall-not-trigger-pre-emption)
Mar 10 15:17:13 localhost mme[923218]:                             pre-emptionVulnerability: 0 (not-pre-emptable)
Mar 10 15:17:13 localhost mme[923218]:                         }
Mar 10 15:17:13 localhost mme[923218]:                     }
Mar 10 15:17:13 localhost mme[923218]:                 }
Mar 10 15:17:13 localhost mme[923218]:             }
Mar 10 15:17:13 localhost mme[923218]:         }
Mar 10 15:17:13 localhost mme[923218]:     }
Mar 10 15:17:13 localhost mme[923218]: }
Mar 10 15:17:13 localhost sctpd[922811]: I0310 15:17:13.024410 922817 sctpd_downlink_impl.cpp:76] SctpdDownlinkImpl::SendDl starting
Mar 10 15:17:13 localhost sctpd[922811]: I0310 15:17:13.225836 923283 sctp_connection.cpp:167] HandleClientSock sd = 28
Mar 10 15:17:13 localhost sctpd[922811]: I0310 15:17:13.225944 923283 sctp_connection.cpp:193] Unhandled notification type 32777
Mar 10 15:17:14 localhost sctpd[922811]: I0310 15:17:14.199720 923283 sctp_connection.cpp:167] HandleClientSock sd = 28
Mar 10 15:17:14 localhost sctpd[922811]: I0310 15:17:14.199831 923283 sctp_connection.cpp:220] [sd:28] msg of len 70 on 3591:1
Mar 10 15:17:14 localhost sctpd[922811]: I0310 15:17:14.206993 922817 sctpd_downlink_impl.cpp:76] SctpdDownlinkImpl::SendDl starting
Mar 10 15:17:14 localhost sessiond[922532]: I0310 15:17:14.207002 922532 SetMessageManagerHandler.cpp:142] Release request for session from IMSI: IMSI222700000000001 pdu_id 1
Mar 10 15:17:14 localhost sctpd[922811]: I0310 15:17:14.208927 922817 sctpd_downlink_impl.cpp:76] SctpdDownlinkImpl::SendDl starting
Mar 10 15:17:14 localhost mobilityd[922527]: INFO:root:Released IP 192.168.128.187 for sid IMSI222700000000001
Mar 10 15:17:14 localhost dhclient[601]: DHCPREQUEST for 172.16.5.121 on eth1 to 172.16.5.2 port 67 (xid=0x4b4058b5)
Mar 10 15:17:14 localhost sctpd[922811]: I0310 15:17:14.466547 923283 sctp_connection.cpp:167] HandleClientSock sd = 28
Mar 10 15:17:14 localhost sctpd[922811]: I0310 15:17:14.466673 923283 sctp_connection.cpp:193] Unhandled notification type 32777
Mar 10 15:17:14 localhost sctpd[922811]: I0310 15:17:14.466696 923283 sctp_connection.cpp:167] HandleClientSock sd = 28
Mar 10 15:17:14 localhost sctpd[922811]: I0310 15:17:14.466717 923283 sctp_connection.cpp:220] [sd:28] msg of len 22 on 3591:1
Mar 10 15:17:16 localhost smsd[922620]: INFO:root:mme non_eps_service_config is not SMS_ORC8R, sleeping.
Mar 10 15:17:19 localhost policydb[922600]: INFO:root:Terminating session: IMSI222700000000001-964780
Mar 10 15:17:19 localhost eventd[922612]: DEBUG:root:Logging event: stream_name: "sessiond"
Mar 10 15:17:19 localhost eventd[922612]: event_type: "session_terminated"
Mar 10 15:17:19 localhost eventd[922612]: tag: "IMSI222700000000001"
Mar 10 15:17:19 localhost eventd[922612]: value: "{\"mac_addr\":\"\",\"user_location\":\"\",\"spgw_ip\":\"\",\"imei\":\"\",\"record_sequence_number\":1,\"pdp_end_time\":33,\"charging_rx\":0,\"duration\":33,\"ip_addr\":\"192.168.128.187\",\"monitoring_tx\":0,\"ipv6_addr\":\"\",\"msisdn\":\"\",\"apn\":\"default\",\"session_id\":\"IMSI222700000000001-964780\",\"list_of_service_data\":[],\"charging_characteristics\":\"\",\"total_tx\":0,\"cause_for_rec_closing\":0,\"imsi\":\"IMSI222700000000001\",\"total_rx\":0,\"monitoring_rx\":0,\"charging_tx\":0,\"pdp_start_time\":0}"
Mar 10 15:17:19 localhost eventd[922612]: ERROR:root:Connection to FluentBit failed: [Errno 111] Connection refused
Mar 10 15:17:19 localhost eventd[922612]: INFO:root:FluentBit (td-agent-bit) may not be enabled or configured correctly
Mar 10 15:17:19 localhost sessiond[922532]: I0310 15:17:19.221191 922547 SessionEvents.cpp:291] Could not log session_terminated event {"mac_addr":"","user_location":"","spgw_ip":"","imei":"","record_sequence_number":1,"pdp_end_time":33,"charging_rx":0,"duration":33,"ip_addr":"192.168.128.187","monitoring_tx":0,"ipv6_addr":"","msisdn":"","apn":"default","session_id":"IMSI222700000000001-964780","list_of_service_data":[],"charging_characteristics":"","total_tx":0,"cause_for_rec_closing":0,"imsi":"IMSI222700000000001","total_rx":0,"monitoring_rx":0,"charging_tx":0,"pdp_start_time":0}, Error Message: Could not connect to FluentBit locally, Details: [Errno 111] Connection refused
Mar 10 15:17:21 localhost smsd[922620]: INFO:root:mme non_eps_service_config is not SMS_ORC8R, sleeping.
Mar 10 15:17:21 localhost dnsmasq-dhcp[922714]: DHCPDISCOVER(eth1) fa:16:3e:2a:89:3f 
Mar 10 15:17:21 localhost dnsmasq-dhcp[922714]: DHCPOFFER(eth1) 172.16.7.251 fa:16:3e:2a:89:3f 
