May 13 13:29:36 localhost smsd[350253]: message repeated 3 times: [ INFO:root:mme non_eps_service_config is not SMS_ORC8R, sleeping.]
May 13 13:29:37 localhost magmad[350090]: ERROR:root:Metrics upload error for service subscriberdb (chunk 0)! [StatusCode.DEADLINE_EXCEEDED] Deadline Exceeded
May 13 13:29:37 localhost magmad[350090]: ERROR:root:Metrics upload error for service mobilityd (chunk 0)! [StatusCode.DEADLINE_EXCEEDED] Deadline Exceeded
May 13 13:29:37 localhost magmad[350090]: ERROR:root:Metrics upload error for service mme (chunk 0)! [StatusCode.DEADLINE_EXCEEDED] Deadline Exceeded
May 13 13:29:37 localhost magmad[350090]: ERROR:root:Metrics upload error for service magmad (chunk 0)! [StatusCode.DEADLINE_EXCEEDED] Deadline Exceeded
May 13 13:29:37 localhost magmad[350090]: ERROR:root:Metrics upload error for service enodebd (chunk 0)! [StatusCode.DEADLINE_EXCEEDED] Deadline Exceeded
May 13 13:29:37 localhost magmad[350090]: ERROR:root:Metrics upload error for service pipelined (chunk 0)! [StatusCode.DEADLINE_EXCEEDED] Deadline Exceeded
May 13 13:29:37 localhost magmad[350090]: ERROR:root:Metrics upload error for service state (chunk 0)! [StatusCode.DEADLINE_EXCEEDED] Deadline Exceeded
May 13 13:29:37 localhost magmad[350090]: ERROR:root:Metrics upload error for service sessiond (chunk 0)! [StatusCode.DEADLINE_EXCEEDED] Deadline Exceeded
May 13 13:29:38 localhost control_proxy[350297]: 2022-05-13T13:29:37.703Z [127.0.0.1 -> state-controller.magmasi.wavelabs.in,8443] "POST /magma.orc8r.StateService/ReportStates HTTP/2" 200 5bytes 0.551s
May 13 13:29:38 localhost magmad[350090]: INFO:root:Checkin Successful! Successfully sent states to the cloud!
May 13 13:29:41 localhost mobilityd[350161]: INFO:root:Using GW info: {'default': {2: ('172.16.4.1', 'eth0')}, 2: [('172.16.4.1', 'eth0', True)]}
May 13 13:29:41 localhost mobilityd[350161]: INFO:root:GW-v6 probe: timer started
May 13 13:29:41 localhost smsd[350253]: INFO:root:mme non_eps_service_config is not SMS_ORC8R, sleeping.
May 13 13:29:46 localhost smsd[350253]: INFO:root:mme non_eps_service_config is not SMS_ORC8R, sleeping.
May 13 13:29:50 localhost sctpd[350431]: I0513 13:29:50.475453 350922 sctp_connection.cpp:195] Unhandled notification type 32776
May 13 13:29:51 localhost smsd[350253]: INFO:root:mme non_eps_service_config is not SMS_ORC8R, sleeping.
May 13 13:29:56 localhost smsd[350253]: INFO:root:mme non_eps_service_config is not SMS_ORC8R, sleeping.
May 13 13:29:58 localhost magmad[350090]: INFO:root:Checking for upgrade...
May 13 13:29:58 localhost magmad[350090]: WARNING:root:magmad package_version config missing or set to default 0.0.0-0, skipping upgrade
May 13 13:29:59 localhost control_proxy[350297]: 2022-05-13T13:28:59.049Z [127.0.0.1 -> streamer-controller.magmasi.wavelabs.in,8443] "POST /magma.orc8r.Streamer/GetUpdates HTTP/2" 200 0bytes 60.391s
May 13 13:29:59 localhost magmad[350090]: ERROR:root:Error! Streaming from the cloud failed! [StatusCode.ABORTED] error while streaming updates: rpc error: code = DeadlineExceeded desc = context deadline exceeded
May 13 13:30:01 localhost mobilityd[350161]: INFO:root:Using GW info: {'default': {2: ('172.16.4.1', 'eth0')}, 2: [('172.16.4.1', 'eth0', True)]}
May 13 13:30:01 localhost mobilityd[350161]: INFO:root:GW-v6 probe: timer started
May 13 13:30:01 localhost magmad[350090]: INFO:root:[SyncRPC] Got heartBeat from cloud
May 13 13:30:02 localhost smsd[350253]: INFO:root:mme non_eps_service_config is not SMS_ORC8R, sleeping.
May 13 13:30:05 localhost control_proxy[350297]: 2022-05-13T13:30:04.714Z [127.0.0.1 -> streamer-controller.magmasi.wavelabs.in,8443] "POST /magma.orc8r.Streamer/GetUpdates HTTP/2" 200 173bytes 0.295s
May 13 13:30:05 localhost policydb[350232]: INFO:root:Processing 4 policy updates (resync=True)
May 13 13:30:05 localhost control_proxy[350297]: 2022-05-13T13:30:05.012Z [127.0.0.1 -> streamer-controller.magmasi.wavelabs.in,8443] "POST /magma.orc8r.Streamer/GetUpdates HTTP/2" 200 7bytes 0.284s
May 13 13:30:05 localhost policydb[350232]: INFO:root:Processing 0 basename -> policy updates
May 13 13:30:05 localhost control_proxy[350297]: 2022-05-13T13:30:05.012Z [127.0.0.1 -> streamer-controller.magmasi.wavelabs.in,8443] "POST /magma.orc8r.Streamer/GetUpdates HTTP/2" 200 13536bytes 0.312s
May 13 13:30:05 localhost policydb[350232]: INFO:root:Processing 223 SID -> apn -> policy updates
May 13 13:30:05 localhost control_proxy[350297]: 2022-05-13T13:30:05.012Z [127.0.0.1 -> streamer-controller.magmasi.wavelabs.in,8443] "POST /magma.orc8r.Streamer/GetUpdates HTTP/2" 200 7bytes 0.282s
May 13 13:30:05 localhost policydb[350232]: INFO:root:Processing 0 rating group updates
May 13 13:30:07 localhost smsd[350253]: INFO:root:mme non_eps_service_config is not SMS_ORC8R, sleeping.
May 13 13:30:17 localhost smsd[350253]: message repeated 2 times: [ INFO:root:mme non_eps_service_config is not SMS_ORC8R, sleeping.]
May 13 13:30:18 localhost sctpd[350431]: I0513 13:30:18.116819 350922 sctp_connection.cpp:195] Unhandled notification type 32776
May 13 13:30:21 localhost mobilityd[350161]: INFO:root:Using GW info: {'default': {2: ('172.16.4.1', 'eth0')}, 2: [('172.16.4.1', 'eth0', True)]}
May 13 13:30:21 localhost mobilityd[350161]: INFO:root:GW-v6 probe: timer started
May 13 13:30:22 localhost smsd[350253]: INFO:root:mme non_eps_service_config is not SMS_ORC8R, sleeping.
May 13 13:30:27 localhost smsd[350253]: INFO:root:mme non_eps_service_config is not SMS_ORC8R, sleeping.
May 13 13:30:28 localhost magmad[350090]: ERROR:root:Metrics upload error for service subscriberdb (chunk 0)! [StatusCode.DEADLINE_EXCEEDED] Deadline Exceeded
May 13 13:30:28 localhost magmad[350090]: ERROR:root:Metrics upload error for service mobilityd (chunk 0)! [StatusCode.DEADLINE_EXCEEDED] Deadline Exceeded
May 13 13:30:28 localhost magmad[350090]: ERROR:root:Metrics upload error for service mme (chunk 0)! [StatusCode.DEADLINE_EXCEEDED] Deadline Exceeded
May 13 13:30:28 localhost magmad[350090]: ERROR:root:Metrics upload error for service magmad (chunk 0)! [StatusCode.DEADLINE_EXCEEDED] Deadline Exceeded
May 13 13:30:28 localhost magmad[350090]: ERROR:root:Metrics upload error for service enodebd (chunk 0)! [StatusCode.DEADLINE_EXCEEDED] Deadline Exceeded
May 13 13:30:28 localhost magmad[350090]: ERROR:root:Metrics upload error for service pipelined (chunk 0)! [StatusCode.DEADLINE_EXCEEDED] Deadline Exceeded
May 13 13:30:28 localhost magmad[350090]: ERROR:root:Metrics upload error for service state (chunk 0)! [StatusCode.DEADLINE_EXCEEDED] Deadline Exceeded
May 13 13:30:28 localhost magmad[350090]: ERROR:root:Metrics upload error for service sessiond (chunk 0)! [StatusCode.DEADLINE_EXCEEDED] Deadline Exceeded
May 13 13:30:32 localhost smsd[350253]: INFO:root:mme non_eps_service_config is not SMS_ORC8R, sleeping.
May 13 13:30:37 localhost smsd[350253]: INFO:root:mme non_eps_service_config is not SMS_ORC8R, sleeping.
May 13 13:30:38 localhost magmad[350090]: INFO:root:Setting logging level to INFO
May 13 13:30:41 localhost mobilityd[350161]: INFO:root:Using GW info: {'default': {2: ('172.16.4.1', 'eth0')}, 2: [('172.16.4.1', 'eth0', True)]}
May 13 13:30:41 localhost mobilityd[350161]: INFO:root:GW-v6 probe: timer started
May 13 13:30:42 localhost smsd[350253]: INFO:root:mme non_eps_service_config is not SMS_ORC8R, sleeping.
May 13 13:30:46 localhost sctpd[350431]: I0513 13:30:46.001739 350922 sctp_connection.cpp:195] Unhandled notification type 32776
May 13 13:30:47 localhost smsd[350253]: INFO:root:mme non_eps_service_config is not SMS_ORC8R, sleeping.
May 13 13:30:57 localhost smsd[350253]: message repeated 2 times: [ INFO:root:mme non_eps_service_config is not SMS_ORC8R, sleeping.]
May 13 13:30:57 localhost control_proxy[350297]: 2022-05-13T13:30:57.221Z [127.0.0.1 -> state-controller.magmasi.wavelabs.in,8443] "POST /magma.orc8r.StateService/ReportStates HTTP/2" 200 5bytes 0.538s
May 13 13:30:57 localhost magmad[350090]: INFO:root:Checkin Successful! Successfully sent states to the cloud!
May 13 13:31:01 localhost mobilityd[350161]: INFO:root:Using GW info: {'default': {2: ('172.16.4.1', 'eth0')}, 2: [('172.16.4.1', 'eth0', True)]}
May 13 13:31:01 localhost mobilityd[350161]: INFO:root:GW-v6 probe: timer started
May 13 13:31:01 localhost magmad[350090]: INFO:root:[SyncRPC] Got heartBeat from cloud
May 13 13:31:02 localhost smsd[350253]: INFO:root:mme non_eps_service_config is not SMS_ORC8R, sleeping.
May 13 13:31:06 localhost control_proxy[350297]: 2022-05-13T13:31:05.934Z [127.0.0.1 -> streamer-controller.magmasi.wavelabs.in,8443] "POST /magma.orc8r.Streamer/GetUpdates HTTP/2" 200 173bytes 0.285s
May 13 13:31:06 localhost policydb[350232]: INFO:root:Processing 4 policy updates (resync=True)
May 13 13:31:06 localhost control_proxy[350297]: 2022-05-13T13:31:06.224Z [127.0.0.1 -> streamer-controller.magmasi.wavelabs.in,8443] "POST /magma.orc8r.Streamer/GetUpdates HTTP/2" 200 7bytes 0.284s
May 13 13:31:06 localhost policydb[350232]: INFO:root:Processing 0 basename -> policy updates
May 13 13:31:06 localhost control_proxy[350297]: 2022-05-13T13:31:06.224Z [127.0.0.1 -> streamer-controller.magmasi.wavelabs.in,8443] "POST /magma.orc8r.Streamer/GetUpdates HTTP/2" 200 13536bytes 0.311s
May 13 13:31:06 localhost policydb[350232]: INFO:root:Processing 223 SID -> apn -> policy updates
May 13 13:31:07 localhost control_proxy[350297]: 2022-05-13T13:31:06.224Z [127.0.0.1 -> streamer-controller.magmasi.wavelabs.in,8443] "POST /magma.orc8r.Streamer/GetUpdates HTTP/2" 200 7bytes 0.279s
May 13 13:31:07 localhost policydb[350232]: INFO:root:Processing 0 rating group updates
May 13 13:31:07 localhost smsd[350253]: INFO:root:mme non_eps_service_config is not SMS_ORC8R, sleeping.
May 13 13:31:10 localhost sctpd[350431]: I0513 13:31:10.538244 350922 sctp_connection.cpp:195] Unhandled notification type 32776
May 13 13:31:12 localhost smsd[350253]: INFO:root:mme non_eps_service_config is not SMS_ORC8R, sleeping.
May 13 13:31:17 localhost smsd[350253]: INFO:root:mme non_eps_service_config is not SMS_ORC8R, sleeping.
May 13 13:31:21 localhost mobilityd[350161]: INFO:root:Using GW info: {'default': {2: ('172.16.4.1', 'eth0')}, 2: [('172.16.4.1', 'eth0', True)]}
May 13 13:31:21 localhost mobilityd[350161]: INFO:root:GW-v6 probe: timer started
May 13 13:31:22 localhost smsd[350253]: INFO:root:mme non_eps_service_config is not SMS_ORC8R, sleeping.
May 13 13:31:27 localhost smsd[350253]: INFO:root:mme non_eps_service_config is not SMS_ORC8R, sleeping.
May 13 13:31:28 localhost magmad[350090]: ERROR:root:Metrics upload error for service subscriberdb (chunk 0)! [StatusCode.DEADLINE_EXCEEDED] Deadline Exceeded
May 13 13:31:28 localhost magmad[350090]: ERROR:root:Metrics upload error for service mobilityd (chunk 0)! [StatusCode.DEADLINE_EXCEEDED] Deadline Exceeded
May 13 13:31:28 localhost magmad[350090]: ERROR:root:Metrics upload error for service mme (chunk 0)! [StatusCode.DEADLINE_EXCEEDED] Deadline Exceeded
May 13 13:31:28 localhost magmad[350090]: ERROR:root:Metrics upload error for service magmad (chunk 0)! [StatusCode.DEADLINE_EXCEEDED] Deadline Exceeded
May 13 13:31:28 localhost magmad[350090]: ERROR:root:Metrics upload error for service enodebd (chunk 0)! [StatusCode.DEADLINE_EXCEEDED] Deadline Exceeded
May 13 13:31:28 localhost magmad[350090]: ERROR:root:Metrics upload error for service pipelined (chunk 0)! [StatusCode.DEADLINE_EXCEEDED] Deadline Exceeded
May 13 13:31:28 localhost magmad[350090]: ERROR:root:Metrics upload error for service state (chunk 0)! [StatusCode.DEADLINE_EXCEEDED] Deadline Exceeded
May 13 13:31:28 localhost magmad[350090]: ERROR:root:Metrics upload error for service sessiond (chunk 0)! [StatusCode.DEADLINE_EXCEEDED] Deadline Exceeded
May 13 13:31:32 localhost smsd[350253]: INFO:root:mme non_eps_service_config is not SMS_ORC8R, sleeping.
May 13 13:31:37 localhost smsd[350253]: INFO:root:mme non_eps_service_config is not SMS_ORC8R, sleeping.
May 13 13:31:41 localhost sctpd[350431]: I0513 13:31:41.399580 350922 sctp_connection.cpp:195] Unhandled notification type 32776
May 13 13:31:41 localhost mobilityd[350161]: INFO:root:Using GW info: {'default': {2: ('172.16.4.1', 'eth0')}, 2: [('172.16.4.1', 'eth0', True)]}
May 13 13:31:41 localhost mobilityd[350161]: INFO:root:GW-v6 probe: timer started
May 13 13:31:42 localhost smsd[350253]: INFO:root:mme non_eps_service_config is not SMS_ORC8R, sleeping.
May 13 13:31:57 localhost smsd[350253]: message repeated 3 times: [ INFO:root:mme non_eps_service_config is not SMS_ORC8R, sleeping.]
May 13 13:31:58 localhost magmad[350090]: INFO:root:Setting logging level to INFO
May 13 13:31:59 localhost control_proxy[350297]: 2022-05-13T13:30:59.490Z [127.0.0.1 -> streamer-controller.magmasi.wavelabs.in,8443] "POST /magma.orc8r.Streamer/GetUpdates HTTP/2" 200 0bytes 60.272s
May 13 13:31:59 localhost magmad[350090]: ERROR:root:Error! Streaming from the cloud failed! [StatusCode.ABORTED] error while streaming updates: rpc error: code = DeadlineExceeded desc = context deadline exceeded
May 13 13:32:01 localhost mobilityd[350161]: INFO:root:Using GW info: {'default': {2: ('172.16.4.1', 'eth0')}, 2: [('172.16.4.1', 'eth0', True)]}
May 13 13:32:01 localhost mobilityd[350161]: INFO:root:GW-v6 probe: timer started
May 13 13:32:01 localhost magmad[350090]: INFO:root:[SyncRPC] Got heartBeat from cloud
May 13 13:32:02 localhost smsd[350253]: INFO:root:mme non_eps_service_config is not SMS_ORC8R, sleeping.
May 13 13:32:03 localhost sctpd[350431]: I0513 13:32:03.183728 350922 sctp_connection.cpp:195] Unhandled notification type 32776
May 13 13:32:07 localhost smsd[350253]: INFO:root:mme non_eps_service_config is not SMS_ORC8R, sleeping.
May 13 13:32:07 localhost control_proxy[350297]: 2022-05-13T13:32:07.169Z [127.0.0.1 -> streamer-controller.magmasi.wavelabs.in,8443] "POST /magma.orc8r.Streamer/GetUpdates HTTP/2" 200 173bytes 0.552s
May 13 13:32:07 localhost policydb[350232]: INFO:root:Processing 4 policy updates (resync=True)
May 13 13:32:08 localhost control_proxy[350297]: 2022-05-13T13:32:07.169Z [127.0.0.1 -> streamer-controller.magmasi.wavelabs.in,8443] "POST /magma.orc8r.Streamer/GetUpdates HTTP/2" 200 7bytes 0.287s
May 13 13:32:08 localhost policydb[350232]: INFO:root:Processing 0 basename -> policy updates
May 13 13:32:08 localhost control_proxy[350297]: 2022-05-13T13:32:08.015Z [127.0.0.1 -> streamer-controller.magmasi.wavelabs.in,8443] "POST /magma.orc8r.Streamer/GetUpdates HTTP/2" 200 13536bytes 0.313s
May 13 13:32:08 localhost policydb[350232]: INFO:root:Processing 223 SID -> apn -> policy updates
May 13 13:32:08 localhost control_proxy[350297]: 2022-05-13T13:32:08.015Z [127.0.0.1 -> streamer-controller.magmasi.wavelabs.in,8443] "POST /magma.orc8r.Streamer/GetUpdates HTTP/2" 200 7bytes 0.303s
May 13 13:32:08 localhost policydb[350232]: INFO:root:Processing 0 rating group updates
May 13 13:32:12 localhost smsd[350253]: INFO:root:mme non_eps_service_config is not SMS_ORC8R, sleeping.
May 13 13:32:17 localhost smsd[350253]: INFO:root:mme non_eps_service_config is not SMS_ORC8R, sleeping.
May 13 13:32:17 localhost control_proxy[350297]: 2022-05-13T13:32:16.714Z [127.0.0.1 -> state-controller.magmasi.wavelabs.in,8443] "POST /magma.orc8r.StateService/ReportStates HTTP/2" 200 5bytes 0.921s
May 13 13:32:17 localhost magmad[350090]: INFO:root:Checkin Successful! Successfully sent states to the cloud!
May 13 13:32:21 localhost mobilityd[350161]: INFO:root:Using GW info: {'default': {2: ('172.16.4.1', 'eth0')}, 2: [('172.16.4.1', 'eth0', True)]}
May 13 13:32:21 localhost mobilityd[350161]: INFO:root:GW-v6 probe: timer started
May 13 13:32:22 localhost smsd[350253]: INFO:root:mme non_eps_service_config is not SMS_ORC8R, sleeping.
May 13 13:32:32 localhost smsd[350253]: message repeated 2 times: [ INFO:root:mme non_eps_service_config is not SMS_ORC8R, sleeping.]
May 13 13:32:37 localhost sctpd[350431]: I0513 13:32:37.138667 350922 sctp_connection.cpp:195] Unhandled notification type 32776
May 13 13:32:37 localhost smsd[350253]: INFO:root:mme non_eps_service_config is not SMS_ORC8R, sleeping.
May 13 13:32:41 localhost mobilityd[350161]: INFO:root:Using GW info: {'default': {2: ('172.16.4.1', 'eth0')}, 2: [('172.16.4.1', 'eth0', True)]}
May 13 13:32:41 localhost mobilityd[350161]: INFO:root:GW-v6 probe: timer started
May 13 13:32:42 localhost smsd[350253]: INFO:root:mme non_eps_service_config is not SMS_ORC8R, sleeping.
May 13 13:32:46 localhost magmad[350090]: ERROR:root:Metrics upload error for service subscriberdb (chunk 0)! [StatusCode.DEADLINE_EXCEEDED] Deadline Exceeded
May 13 13:32:46 localhost magmad[350090]: ERROR:root:Metrics upload error for service mobilityd (chunk 0)! [StatusCode.DEADLINE_EXCEEDED] Deadline Exceeded
May 13 13:32:46 localhost magmad[350090]: ERROR:root:Metrics upload error for service mme (chunk 0)! [StatusCode.DEADLINE_EXCEEDED] Deadline Exceeded
May 13 13:32:46 localhost magmad[350090]: ERROR:root:Metrics upload error for service magmad (chunk 0)! [StatusCode.DEADLINE_EXCEEDED] Deadline Exceeded
May 13 13:32:46 localhost magmad[350090]: ERROR:root:Metrics upload error for service enodebd (chunk 0)! [StatusCode.DEADLINE_EXCEEDED] Deadline Exceeded
May 13 13:32:46 localhost magmad[350090]: ERROR:root:Metrics upload error for service pipelined (chunk 0)! [StatusCode.DEADLINE_EXCEEDED] Deadline Exceeded
May 13 13:32:46 localhost magmad[350090]: ERROR:root:Metrics upload error for service state (chunk 0)! [StatusCode.DEADLINE_EXCEEDED] Deadline Exceeded
May 13 13:32:46 localhost magmad[350090]: ERROR:root:Metrics upload error for service sessiond (chunk 0)! [StatusCode.DEADLINE_EXCEEDED] Deadline Exceeded
May 13 13:32:47 localhost smsd[350253]: INFO:root:mme non_eps_service_config is not SMS_ORC8R, sleeping.
May 13 13:32:57 localhost smsd[350253]: message repeated 2 times: [ INFO:root:mme non_eps_service_config is not SMS_ORC8R, sleeping.]
May 13 13:33:01 localhost mobilityd[350161]: INFO:root:Using GW info: {'default': {2: ('172.16.4.1', 'eth0')}, 2: [('172.16.4.1', 'eth0', True)]}
May 13 13:33:01 localhost mobilityd[350161]: INFO:root:GW-v6 probe: timer started
May 13 13:33:01 localhost magmad[350090]: INFO:root:[SyncRPC] Got heartBeat from cloud
May 13 13:33:02 localhost smsd[350253]: INFO:root:mme non_eps_service_config is not SMS_ORC8R, sleeping.
May 13 13:33:03 localhost subscriberdb[350157]: INFO:root:get digest stored in gateway:
May 13 13:33:03 localhost control_proxy[350297]: 2022-05-13T13:33:03.584Z [127.0.0.1 -> subscriberdb-controller.magmasi.wavelabs.in,8443] "POST /magma.lte.SubscriberDBCloud/CheckInSync HTTP/2" 200 0bytes 0.272s
May 13 13:33:03 localhost subscriberdb[350157]: ERROR:root:Internal Error in subscriberdb-Orc8r communication. If AGW and Orc8r are deployed at a commit hash, upgrade AGW and Orc8r to latest commit hash.
May 13 13:33:04 localhost control_proxy[350297]: 2022-05-13T13:33:03.584Z [127.0.0.1 -> subscriberdb-controller.magmasi.wavelabs.in,8443] "POST /magma.lte.SubscriberDBCloud/Sync HTTP/2" 200 0bytes 0.263s
May 13 13:33:04 localhost subscriberdb[350157]: ERROR:root:Internal Error in subscriberdb-Orc8r communication. If AGW and Orc8r are deployed at a commit hash, upgrade AGW and Orc8r to latest commit hash.
May 13 13:33:04 localhost sctpd[350431]: I0513 13:33:04.971359 350922 sctp_connection.cpp:195] Unhandled notification type 32776
May 13 13:33:04 localhost control_proxy[350297]: 2022-05-13T13:33:04.126Z [127.0.0.1 -> subscriberdb-controller.magmasi.wavelabs.in,8443] "POST /magma.lte.SubscriberDBCloud/ListSubscribers HTTP/2" 200 44653bytes 0.850s
May 13 13:33:05 localhost subscriberdb[350157]: INFO:root:Successfully fetched all subscriber pages from the cloud!
May 13 13:33:05 localhost subscriberdb[350157]: INFO:root:update root digest stored in gateway:
May 13 13:33:08 localhost smsd[350253]: INFO:root:mme non_eps_service_config is not SMS_ORC8R, sleeping.
May 13 13:33:08 localhost control_proxy[350297]: 2022-05-13T13:33:08.660Z [127.0.0.1 -> streamer-controller.magmasi.wavelabs.in,8443] "POST /magma.orc8r.Streamer/GetUpdates HTTP/2" 200 173bytes 0.288s
May 13 13:33:08 localhost policydb[350232]: INFO:root:Processing 4 policy updates (resync=True)
May 13 13:33:09 localhost control_proxy[350297]: 2022-05-13T13:33:08.660Z [127.0.0.1 -> streamer-controller.magmasi.wavelabs.in,8443] "POST /magma.orc8r.Streamer/GetUpdates HTTP/2" 200 7bytes 0.279s
May 13 13:33:09 localhost policydb[350232]: INFO:root:Processing 0 basename -> policy updates
May 13 13:33:09 localhost control_proxy[350297]: 2022-05-13T13:33:09.233Z [127.0.0.1 -> streamer-controller.magmasi.wavelabs.in,8443] "POST /magma.orc8r.Streamer/GetUpdates HTTP/2" 200 13536bytes 0.306s
May 13 13:33:09 localhost policydb[350232]: INFO:root:Processing 223 SID -> apn -> policy updates
May 13 13:33:09 localhost control_proxy[350297]: 2022-05-13T13:33:09.233Z [127.0.0.1 -> streamer-controller.magmasi.wavelabs.in,8443] "POST /magma.orc8r.Streamer/GetUpdates HTTP/2" 200 7bytes 0.277s
May 13 13:33:09 localhost policydb[350232]: INFO:root:Processing 0 rating group updates
May 13 13:33:13 localhost smsd[350253]: INFO:root:mme non_eps_service_config is not SMS_ORC8R, sleeping.
May 13 13:33:17 localhost magmad[350090]: INFO:root:Setting logging level to INFO
May 13 13:33:18 localhost smsd[350253]: INFO:root:mme non_eps_service_config is not SMS_ORC8R, sleeping.
May 13 13:33:21 localhost mobilityd[350161]: INFO:root:Using GW info: {'default': {2: ('172.16.4.1', 'eth0')}, 2: [('172.16.4.1', 'eth0', True)]}
May 13 13:33:21 localhost mobilityd[350161]: INFO:root:GW-v6 probe: timer started
May 13 13:33:23 localhost smsd[350253]: INFO:root:mme non_eps_service_config is not SMS_ORC8R, sleeping.
May 13 13:33:28 localhost smsd[350253]: INFO:root:mme non_eps_service_config is not SMS_ORC8R, sleeping.
May 13 13:33:32 localhost sctpd[350431]: I0513 13:33:32.740692 350922 sctp_connection.cpp:195] Unhandled notification type 32776
May 13 13:33:33 localhost smsd[350253]: INFO:root:mme non_eps_service_config is not SMS_ORC8R, sleeping.
May 13 13:33:36 localhost control_proxy[350297]: 2022-05-13T13:33:36.432Z [127.0.0.1 -> state-controller.magmasi.wavelabs.in,8443] "POST /magma.orc8r.StateService/ReportStates HTTP/2" 200 5bytes 0.540s
May 13 13:33:36 localhost magmad[350090]: INFO:root:Checkin Successful! Successfully sent states to the cloud!
May 13 13:33:38 localhost smsd[350253]: INFO:root:mme non_eps_service_config is not SMS_ORC8R, sleeping.
May 13 13:33:41 localhost mobilityd[350161]: INFO:root:Using GW info: {'default': {2: ('172.16.4.1', 'eth0')}, 2: [('172.16.4.1', 'eth0', True)]}
May 13 13:33:41 localhost mobilityd[350161]: INFO:root:GW-v6 probe: timer started
May 13 13:33:43 localhost smsd[350253]: INFO:root:mme non_eps_service_config is not SMS_ORC8R, sleeping.
May 13 13:33:46 localhost magmad[350090]: ERROR:root:Metrics upload error for service subscriberdb (chunk 0)! [StatusCode.DEADLINE_EXCEEDED] Deadline Exceeded
May 13 13:33:46 localhost magmad[350090]: ERROR:root:Metrics upload error for service mobilityd (chunk 0)! [StatusCode.DEADLINE_EXCEEDED] Deadline Exceeded
May 13 13:33:46 localhost magmad[350090]: ERROR:root:Metrics upload error for service mme (chunk 0)! [StatusCode.DEADLINE_EXCEEDED] Deadline Exceeded
May 13 13:33:46 localhost magmad[350090]: ERROR:root:Metrics upload error for service magmad (chunk 0)! [StatusCode.DEADLINE_EXCEEDED] Deadline Exceeded
May 13 13:33:46 localhost magmad[350090]: ERROR:root:Metrics upload error for service enodebd (chunk 0)! [StatusCode.DEADLINE_EXCEEDED] Deadline Exceeded
May 13 13:33:46 localhost magmad[350090]: ERROR:root:Metrics upload error for service pipelined (chunk 0)! [StatusCode.DEADLINE_EXCEEDED] Deadline Exceeded
May 13 13:33:46 localhost magmad[350090]: ERROR:root:Metrics upload error for service state (chunk 0)! [StatusCode.DEADLINE_EXCEEDED] Deadline Exceeded
May 13 13:33:46 localhost magmad[350090]: ERROR:root:Metrics upload error for service sessiond (chunk 0)! [StatusCode.DEADLINE_EXCEEDED] Deadline Exceeded
May 13 13:33:48 localhost smsd[350253]: INFO:root:mme non_eps_service_config is not SMS_ORC8R, sleeping.
May 13 13:33:58 localhost smsd[350253]: message repeated 2 times: [ INFO:root:mme non_eps_service_config is not SMS_ORC8R, sleeping.]
May 13 13:34:00 localhost control_proxy[350297]: 2022-05-13T13:32:59.809Z [127.0.0.1 -> streamer-controller.magmasi.wavelabs.in,8443] "POST /magma.orc8r.Streamer/GetUpdates HTTP/2" 200 0bytes 60.534s
May 13 13:34:00 localhost magmad[350090]: ERROR:root:Error! Streaming from the cloud failed! [StatusCode.ABORTED] error while streaming updates: rpc error: code = DeadlineExceeded desc = context deadline exceeded
May 13 13:34:00 localhost sctpd[350431]: I0513 13:34:00.576453 350922 sctp_connection.cpp:195] Unhandled notification type 32776
May 13 13:34:01 localhost mobilityd[350161]: INFO:root:Using GW info: {'default': {2: ('172.16.4.1', 'eth0')}, 2: [('172.16.4.1', 'eth0', True)]}
May 13 13:34:01 localhost mobilityd[350161]: INFO:root:GW-v6 probe: timer started
May 13 13:34:01 localhost magmad[350090]: INFO:root:[SyncRPC] Got heartBeat from cloud
May 13 13:34:03 localhost smsd[350253]: INFO:root:mme non_eps_service_config is not SMS_ORC8R, sleeping.
May 13 13:34:08 localhost smsd[350253]: INFO:root:mme non_eps_service_config is not SMS_ORC8R, sleeping.
May 13 13:34:10 localhost control_proxy[350297]: 2022-05-13T13:34:09.882Z [127.0.0.1 -> streamer-controller.magmasi.wavelabs.in,8443] "POST /magma.orc8r.Streamer/GetUpdates HTTP/2" 200 173bytes 0.545s
May 13 13:34:10 localhost policydb[350232]: INFO:root:Processing 4 policy updates (resync=True)
May 13 13:34:10 localhost control_proxy[350297]: 2022-05-13T13:34:10.430Z [127.0.0.1 -> streamer-controller.magmasi.wavelabs.in,8443] "POST /magma.orc8r.Streamer/GetUpdates HTTP/2" 200 7bytes 0.279s
May 13 13:34:10 localhost policydb[350232]: INFO:root:Processing 0 basename -> policy updates
May 13 13:34:11 localhost control_proxy[350297]: 2022-05-13T13:34:10.430Z [127.0.0.1 -> streamer-controller.magmasi.wavelabs.in,8443] "POST /magma.orc8r.Streamer/GetUpdates HTTP/2" 200 13536bytes 0.309s
May 13 13:34:11 localhost policydb[350232]: INFO:root:Processing 223 SID -> apn -> policy updates
May 13 13:34:11 localhost control_proxy[350297]: 2022-05-13T13:34:11.030Z [127.0.0.1 -> streamer-controller.magmasi.wavelabs.in,8443] "POST /magma.orc8r.Streamer/GetUpdates HTTP/2" 200 7bytes 0.275s
May 13 13:34:11 localhost policydb[350232]: INFO:root:Processing 0 rating group updates
May 13 13:34:13 localhost smsd[350253]: INFO:root:mme non_eps_service_config is not SMS_ORC8R, sleeping.
May 13 13:34:18 localhost smsd[350253]: INFO:root:mme non_eps_service_config is not SMS_ORC8R, sleeping.
May 13 13:34:21 localhost mobilityd[350161]: INFO:root:Using GW info: {'default': {2: ('172.16.4.1', 'eth0')}, 2: [('172.16.4.1', 'eth0', True)]}
May 13 13:34:21 localhost mobilityd[350161]: INFO:root:GW-v6 probe: timer started
May 13 13:34:23 localhost smsd[350253]: INFO:root:mme non_eps_service_config is not SMS_ORC8R, sleeping.
May 13 13:34:25 localhost sctpd[350431]: I0513 13:34:25.056053 350922 sctp_connection.cpp:195] Unhandled notification type 32776
May 13 13:34:28 localhost smsd[350253]: INFO:root:mme non_eps_service_config is not SMS_ORC8R, sleeping.
May 13 13:34:33 localhost smsd[350253]: INFO:root:mme non_eps_service_config is not SMS_ORC8R, sleeping.
May 13 13:34:37 localhost magmad[350090]: INFO:root:Setting logging level to INFO
May 13 13:34:38 localhost smsd[350253]: INFO:root:mme non_eps_service_config is not SMS_ORC8R, sleeping.
May 13 13:34:41 localhost mobilityd[350161]: INFO:root:Using GW info: {'default': {2: ('172.16.4.1', 'eth0')}, 2: [('172.16.4.1', 'eth0', True)]}
May 13 13:34:41 localhost mobilityd[350161]: INFO:root:GW-v6 probe: timer started
May 13 13:34:43 localhost smsd[350253]: INFO:root:mme non_eps_service_config is not SMS_ORC8R, sleeping.
May 13 13:34:53 localhost smsd[350253]: message repeated 2 times: [ INFO:root:mme non_eps_service_config is not SMS_ORC8R, sleeping.]
May 13 13:34:55 localhost magmad[350090]: ERROR:root:Metrics upload error for service subscriberdb (chunk 0)! [StatusCode.DEADLINE_EXCEEDED] Deadline Exceeded
May 13 13:34:55 localhost magmad[350090]: ERROR:root:Metrics upload error for service mobilityd (chunk 0)! [StatusCode.DEADLINE_EXCEEDED] Deadline Exceeded
May 13 13:34:55 localhost magmad[350090]: ERROR:root:Metrics upload error for service mme (chunk 0)! [StatusCode.DEADLINE_EXCEEDED] Deadline Exceeded
May 13 13:34:55 localhost magmad[350090]: ERROR:root:Metrics upload error for service magmad (chunk 0)! [StatusCode.DEADLINE_EXCEEDED] Deadline Exceeded
May 13 13:34:55 localhost magmad[350090]: ERROR:root:Metrics upload error for service enodebd (chunk 0)! [StatusCode.DEADLINE_EXCEEDED] Deadline Exceeded
May 13 13:34:55 localhost magmad[350090]: ERROR:root:Metrics upload error for service pipelined (chunk 0)! [StatusCode.DEADLINE_EXCEEDED] Deadline Exceeded
May 13 13:34:55 localhost magmad[350090]: ERROR:root:Metrics upload error for service state (chunk 0)! [StatusCode.DEADLINE_EXCEEDED] Deadline Exceeded
May 13 13:34:55 localhost magmad[350090]: ERROR:root:Metrics upload error for service sessiond (chunk 0)! [StatusCode.DEADLINE_EXCEEDED] Deadline Exceeded
May 13 13:34:56 localhost sctpd[350431]: I0513 13:34:56.393754 350922 sctp_connection.cpp:195] Unhandled notification type 32776
May 13 13:34:56 localhost control_proxy[350297]: 2022-05-13T13:34:55.921Z [127.0.0.1 -> state-controller.magmasi.wavelabs.in,8443] "POST /magma.orc8r.StateService/ReportStates HTTP/2" 200 5bytes 0.555s
May 13 13:34:56 localhost magmad[350090]: INFO:root:Checkin Successful! Successfully sent states to the cloud!
May 13 13:34:58 localhost smsd[350253]: INFO:root:mme non_eps_service_config is not SMS_ORC8R, sleeping.
May 13 13:34:58 localhost magmad[350090]: INFO:root:Checking for upgrade...
May 13 13:34:58 localhost magmad[350090]: WARNING:root:magmad package_version config missing or set to default 0.0.0-0, skipping upgrade
May 13 13:35:01 localhost mobilityd[350161]: INFO:root:Using GW info: {'default': {2: ('172.16.4.1', 'eth0')}, 2: [('172.16.4.1', 'eth0', True)]}
May 13 13:35:01 localhost mobilityd[350161]: INFO:root:GW-v6 probe: timer started
May 13 13:35:01 localhost magmad[350090]: INFO:root:[SyncRPC] Got heartBeat from cloud
May 13 13:35:03 localhost smsd[350253]: INFO:root:mme non_eps_service_config is not SMS_ORC8R, sleeping.
May 13 13:35:08 localhost smsd[350253]: INFO:root:mme non_eps_service_config is not SMS_ORC8R, sleeping.
May 13 13:35:11 localhost control_proxy[350297]: 2022-05-13T13:35:11.365Z [127.0.0.1 -> streamer-controller.magmasi.wavelabs.in,8443] "POST /magma.orc8r.Streamer/GetUpdates HTTP/2" 200 173bytes 0.553s
May 13 13:35:11 localhost policydb[350232]: INFO:root:Processing 4 policy updates (resync=True)
May 13 13:35:12 localhost control_proxy[350297]: 2022-05-13T13:35:11.365Z [127.0.0.1 -> streamer-controller.magmasi.wavelabs.in,8443] "POST /magma.orc8r.Streamer/GetUpdates HTTP/2" 200 7bytes 0.277s
May 13 13:35:12 localhost policydb[350232]: INFO:root:Processing 0 basename -> policy updates
May 13 13:35:12 localhost control_proxy[350297]: 2022-05-13T13:35:12.201Z [127.0.0.1 -> streamer-controller.magmasi.wavelabs.in,8443] "POST /magma.orc8r.Streamer/GetUpdates HTTP/2" 200 13536bytes 0.334s
May 13 13:35:12 localhost policydb[350232]: INFO:root:Processing 223 SID -> apn -> policy updates
May 13 13:35:12 localhost control_proxy[350297]: 2022-05-13T13:35:12.201Z [127.0.0.1 -> streamer-controller.magmasi.wavelabs.in,8443] "POST /magma.orc8r.Streamer/GetUpdates HTTP/2" 200 7bytes 0.278s
May 13 13:35:12 localhost policydb[350232]: INFO:root:Processing 0 rating group updates
May 13 13:35:13 localhost smsd[350253]: INFO:root:mme non_eps_service_config is not SMS_ORC8R, sleeping.
May 13 13:35:18 localhost sctpd[350431]: I0513 13:35:18.339808 350922 sctp_connection.cpp:195] Unhandled notification type 32776
May 13 13:35:18 localhost smsd[350253]: INFO:root:mme non_eps_service_config is not SMS_ORC8R, sleeping.
May 13 13:35:21 localhost mobilityd[350161]: INFO:root:Using GW info: {'default': {2: ('172.16.4.1', 'eth0')}, 2: [('172.16.4.1', 'eth0', True)]}
May 13 13:35:21 localhost mobilityd[350161]: INFO:root:GW-v6 probe: timer started
May 13 13:35:23 localhost smsd[350253]: INFO:root:mme non_eps_service_config is not SMS_ORC8R, sleeping.
May 13 13:35:38 localhost smsd[350253]: message repeated 3 times: [ INFO:root:mme non_eps_service_config is not SMS_ORC8R, sleeping.]
May 13 13:35:41 localhost mobilityd[350161]: INFO:root:Using GW info: {'default': {2: ('172.16.4.1', 'eth0')}, 2: [('172.16.4.1', 'eth0', True)]}
May 13 13:35:41 localhost mobilityd[350161]: INFO:root:GW-v6 probe: timer started
May 13 13:35:43 localhost smsd[350253]: INFO:root:mme non_eps_service_config is not SMS_ORC8R, sleeping.
May 13 13:35:46 localhost magmad[350090]: ERROR:root:Metrics upload error for service subscriberdb (chunk 0)! [StatusCode.DEADLINE_EXCEEDED] Deadline Exceeded
May 13 13:35:46 localhost magmad[350090]: ERROR:root:Metrics upload error for service mobilityd (chunk 0)! [StatusCode.DEADLINE_EXCEEDED] Deadline Exceeded
May 13 13:35:46 localhost magmad[350090]: ERROR:root:Metrics upload error for service mme (chunk 0)! [StatusCode.DEADLINE_EXCEEDED] Deadline Exceeded
May 13 13:35:46 localhost magmad[350090]: ERROR:root:Metrics upload error for service magmad (chunk 0)! [StatusCode.DEADLINE_EXCEEDED] Deadline Exceeded
May 13 13:35:46 localhost magmad[350090]: ERROR:root:Metrics upload error for service enodebd (chunk 0)! [StatusCode.DEADLINE_EXCEEDED] Deadline Exceeded
May 13 13:35:46 localhost magmad[350090]: ERROR:root:Metrics upload error for service pipelined (chunk 0)! [StatusCode.DEADLINE_EXCEEDED] Deadline Exceeded
May 13 13:35:46 localhost magmad[350090]: ERROR:root:Metrics upload error for service state (chunk 0)! [StatusCode.DEADLINE_EXCEEDED] Deadline Exceeded
May 13 13:35:46 localhost magmad[350090]: ERROR:root:Metrics upload error for service sessiond (chunk 0)! [StatusCode.DEADLINE_EXCEEDED] Deadline Exceeded
May 13 13:35:48 localhost smsd[350253]: INFO:root:mme non_eps_service_config is not SMS_ORC8R, sleeping.
May 13 13:35:52 localhost sctpd[350431]: I0513 13:35:52.222853 350922 sctp_connection.cpp:195] Unhandled notification type 32776
May 13 13:35:53 localhost smsd[350253]: INFO:root:mme non_eps_service_config is not SMS_ORC8R, sleeping.
May 13 13:35:56 localhost magmad[350090]: INFO:root:Setting logging level to INFO
May 13 13:35:59 localhost smsd[350253]: INFO:root:mme non_eps_service_config is not SMS_ORC8R, sleeping.
May 13 13:36:00 localhost control_proxy[350297]: 2022-05-13T13:35:00.382Z [127.0.0.1 -> streamer-controller.magmasi.wavelabs.in,8443] "POST /magma.orc8r.Streamer/GetUpdates HTTP/2" 200 0bytes 60.269s
May 13 13:36:00 localhost magmad[350090]: ERROR:root:Error! Streaming from the cloud failed! [StatusCode.ABORTED] error while streaming updates: rpc error: code = DeadlineExceeded desc = context deadline exceeded
May 13 13:36:01 localhost mobilityd[350161]: INFO:root:Using GW info: {'default': {2: ('172.16.4.1', 'eth0')}, 2: [('172.16.4.1', 'eth0', True)]}
May 13 13:36:01 localhost mobilityd[350161]: INFO:root:GW-v6 probe: timer started
May 13 13:36:01 localhost magmad[350090]: INFO:root:[SyncRPC] Got heartBeat from cloud
May 13 13:36:04 localhost smsd[350253]: INFO:root:mme non_eps_service_config is not SMS_ORC8R, sleeping.
May 13 13:36:09 localhost smsd[350253]: INFO:root:mme non_eps_service_config is not SMS_ORC8R, sleeping.
May 13 13:36:13 localhost control_proxy[350297]: 2022-05-13T13:36:12.841Z [127.0.0.1 -> streamer-controller.magmasi.wavelabs.in,8443] "POST /magma.orc8r.Streamer/GetUpdates HTTP/2" 200 173bytes 0.547s
May 13 13:36:13 localhost policydb[350232]: INFO:root:Processing 4 policy updates (resync=True)
May 13 13:36:13 localhost control_proxy[350297]: 2022-05-13T13:36:13.391Z [127.0.0.1 -> streamer-controller.magmasi.wavelabs.in,8443] "POST /magma.orc8r.Streamer/GetUpdates HTTP/2" 200 7bytes 0.280s
May 13 13:36:13 localhost policydb[350232]: INFO:root:Processing 0 basename -> policy updates
May 13 13:36:13 localhost control_proxy[350297]: 2022-05-13T13:36:13.391Z [127.0.0.1 -> streamer-controller.magmasi.wavelabs.in,8443] "POST /magma.orc8r.Streamer/GetUpdates HTTP/2" 200 13536bytes 0.313s
May 13 13:36:13 localhost policydb[350232]: INFO:root:Processing 223 SID -> apn -> policy updates
May 13 13:36:14 localhost smsd[350253]: INFO:root:mme non_eps_service_config is not SMS_ORC8R, sleeping.
May 13 13:36:14 localhost control_proxy[350297]: 2022-05-13T13:36:13.391Z [127.0.0.1 -> streamer-controller.magmasi.wavelabs.in,8443] "POST /magma.orc8r.Streamer/GetUpdates HTTP/2" 200 7bytes 0.280s
May 13 13:36:14 localhost policydb[350232]: INFO:root:Processing 0 rating group updates
May 13 13:36:15 localhost control_proxy[350297]: 2022-05-13T13:36:15.448Z [127.0.0.1 -> state-controller.magmasi.wavelabs.in,8443] "POST /magma.orc8r.StateService/ReportStates HTTP/2" 200 5bytes 0.278s
May 13 13:36:15 localhost magmad[350090]: INFO:root:Checkin Successful! Successfully sent states to the cloud!
May 13 13:36:19 localhost smsd[350253]: INFO:root:mme non_eps_service_config is not SMS_ORC8R, sleeping.
May 13 13:36:20 localhost sctpd[350431]: I0513 13:36:20.073629 350922 sctp_connection.cpp:195] Unhandled notification type 32776
May 13 13:36:21 localhost mobilityd[350161]: INFO:root:Using GW info: {'default': {2: ('172.16.4.1', 'eth0')}, 2: [('172.16.4.1', 'eth0', True)]}
May 13 13:36:21 localhost mobilityd[350161]: INFO:root:GW-v6 probe: timer started
May 13 13:36:24 localhost smsd[350253]: INFO:root:mme non_eps_service_config is not SMS_ORC8R, sleeping.
May 13 13:36:39 localhost smsd[350253]: message repeated 3 times: [ INFO:root:mme non_eps_service_config is not SMS_ORC8R, sleeping.]
May 13 13:36:41 localhost mobilityd[350161]: INFO:root:Using GW info: {'default': {2: ('172.16.4.1', 'eth0')}, 2: [('172.16.4.1', 'eth0', True)]}
May 13 13:36:41 localhost mobilityd[350161]: INFO:root:GW-v6 probe: timer started
May 13 13:36:44 localhost smsd[350253]: INFO:root:mme non_eps_service_config is not SMS_ORC8R, sleeping.
May 13 13:36:46 localhost magmad[350090]: ERROR:root:Metrics upload error for service subscriberdb (chunk 0)! [StatusCode.DEADLINE_EXCEEDED] Deadline Exceeded
May 13 13:36:46 localhost magmad[350090]: ERROR:root:Metrics upload error for service mobilityd (chunk 0)! [StatusCode.DEADLINE_EXCEEDED] Deadline Exceeded
May 13 13:36:46 localhost magmad[350090]: ERROR:root:Metrics upload error for service mme (chunk 0)! [StatusCode.DEADLINE_EXCEEDED] Deadline Exceeded
May 13 13:36:46 localhost magmad[350090]: ERROR:root:Metrics upload error for service magmad (chunk 0)! [StatusCode.DEADLINE_EXCEEDED] Deadline Exceeded
May 13 13:36:46 localhost magmad[350090]: ERROR:root:Metrics upload error for service enodebd (chunk 0)! [StatusCode.DEADLINE_EXCEEDED] Deadline Exceeded
May 13 13:36:46 localhost magmad[350090]: ERROR:root:Metrics upload error for service pipelined (chunk 0)! [StatusCode.DEADLINE_EXCEEDED] Deadline Exceeded
May 13 13:36:46 localhost magmad[350090]: ERROR:root:Metrics upload error for service state (chunk 0)! [StatusCode.DEADLINE_EXCEEDED] Deadline Exceeded
May 13 13:36:46 localhost magmad[350090]: ERROR:root:Metrics upload error for service sessiond (chunk 0)! [StatusCode.DEADLINE_EXCEEDED] Deadline Exceeded
May 13 13:36:48 localhost sctpd[350431]: I0513 13:36:48.071976 350922 sctp_connection.cpp:195] Unhandled notification type 32776
May 13 13:36:49 localhost smsd[350253]: INFO:root:mme non_eps_service_config is not SMS_ORC8R, sleeping.
May 13 13:36:52 localhost dhclient[633]: DHCPREQUEST for 172.16.5.121 on eth1 to 172.16.5.2 port 67 (xid=0x3dcd2471)
May 13 13:36:52 localhost dhclient[633]: DHCPACK of 172.16.5.121 from 172.16.5.2 (xid=0x7124cd3d)
May 13 13:36:52 localhost dhclient[633]: bound to 172.16.5.121 -- renewal in 33661 seconds.
May 13 13:36:54 localhost smsd[350253]: INFO:root:mme non_eps_service_config is not SMS_ORC8R, sleeping.
May 13 13:36:59 localhost smsd[350253]: INFO:root:mme non_eps_service_config is not SMS_ORC8R, sleeping.
May 13 13:37:01 localhost mobilityd[350161]: INFO:root:Using GW info: {'default': {2: ('172.16.4.1', 'eth0')}, 2: [('172.16.4.1', 'eth0', True)]}
May 13 13:37:01 localhost mobilityd[350161]: INFO:root:GW-v6 probe: timer started
May 13 13:37:01 localhost magmad[350090]: INFO:root:[SyncRPC] Got heartBeat from cloud
May 13 13:37:04 localhost smsd[350253]: INFO:root:mme non_eps_service_config is not SMS_ORC8R, sleeping.
May 13 13:37:14 localhost smsd[350253]: message repeated 2 times: [ INFO:root:mme non_eps_service_config is not SMS_ORC8R, sleeping.]
May 13 13:37:14 localhost control_proxy[350297]: 2022-05-13T13:37:14.316Z [127.0.0.1 -> streamer-controller.magmasi.wavelabs.in,8443] "POST /magma.orc8r.Streamer/GetUpdates HTTP/2" 200 173bytes 0.546s
May 13 13:37:14 localhost policydb[350232]: INFO:root:Processing 4 policy updates (resync=True)
May 13 13:37:15 localhost control_proxy[350297]: 2022-05-13T13:37:14.316Z [127.0.0.1 -> streamer-controller.magmasi.wavelabs.in,8443] "POST /magma.orc8r.Streamer/GetUpdates HTTP/2" 200 7bytes 0.280s
May 13 13:37:15 localhost policydb[350232]: INFO:root:Processing 0 basename -> policy updates
May 13 13:37:15 localhost control_proxy[350297]: 2022-05-13T13:37:15.149Z [127.0.0.1 -> streamer-controller.magmasi.wavelabs.in,8443] "POST /magma.orc8r.Streamer/GetUpdates HTTP/2" 200 13536bytes 0.304s
May 13 13:37:15 localhost policydb[350232]: INFO:root:Processing 223 SID -> apn -> policy updates
May 13 13:37:15 localhost control_proxy[350297]: 2022-05-13T13:37:15.149Z [127.0.0.1 -> streamer-controller.magmasi.wavelabs.in,8443] "POST /magma.orc8r.Streamer/GetUpdates HTTP/2" 200 7bytes 0.275s
May 13 13:37:15 localhost policydb[350232]: INFO:root:Processing 0 rating group updates
May 13 13:37:16 localhost sctpd[350431]: I0513 13:37:16.111614 350922 sctp_connection.cpp:195] Unhandled notification type 32776
May 13 13:37:16 localhost magmad[350090]: INFO:root:Setting logging level to INFO
May 13 13:37:19 localhost smsd[350253]: INFO:root:mme non_eps_service_config is not SMS_ORC8R, sleeping.
May 13 13:37:21 localhost mobilityd[350161]: INFO:root:Using GW info: {'default': {2: ('172.16.4.1', 'eth0')}, 2: [('172.16.4.1', 'eth0', True)]}
May 13 13:37:21 localhost mobilityd[350161]: INFO:root:GW-v6 probe: timer started
May 13 13:37:24 localhost smsd[350253]: INFO:root:mme non_eps_service_config is not SMS_ORC8R, sleeping.
May 13 13:37:34 localhost smsd[350253]: message repeated 2 times: [ INFO:root:mme non_eps_service_config is not SMS_ORC8R, sleeping.]
May 13 13:37:35 localhost control_proxy[350297]: 2022-05-13T13:37:35.077Z [127.0.0.1 -> state-controller.magmasi.wavelabs.in,8443] "POST /magma.orc8r.StateService/ReportStates HTTP/2" 200 5bytes 0.677s
May 13 13:37:35 localhost magmad[350090]: INFO:root:Checkin Successful! Successfully sent states to the cloud!
May 13 13:37:39 localhost smsd[350253]: INFO:root:mme non_eps_service_config is not SMS_ORC8R, sleeping.
May 13 13:37:40 localhost sctpd[350431]: I0513 13:37:40.154320 350922 sctp_connection.cpp:195] Unhandled notification type 32776
May 13 13:37:41 localhost mobilityd[350161]: INFO:root:Using GW info: {'default': {2: ('172.16.4.1', 'eth0')}, 2: [('172.16.4.1', 'eth0', True)]}
May 13 13:37:41 localhost mobilityd[350161]: INFO:root:GW-v6 probe: timer started
May 13 13:37:44 localhost smsd[350253]: INFO:root:mme non_eps_service_config is not SMS_ORC8R, sleeping.
May 13 13:37:59 localhost smsd[350253]: message repeated 3 times: [ INFO:root:mme non_eps_service_config is not SMS_ORC8R, sleeping.]
May 13 13:38:01 localhost control_proxy[350297]: 2022-05-13T13:37:00.680Z [127.0.0.1 -> streamer-controller.magmasi.wavelabs.in,8443] "POST /magma.orc8r.Streamer/GetUpdates HTTP/2" 200 0bytes 60.527s
May 13 13:38:01 localhost magmad[350090]: ERROR:root:Error! Streaming from the cloud failed! [StatusCode.ABORTED] error while streaming updates: rpc error: code = DeadlineExceeded desc = context deadline exceeded
May 13 13:38:01 localhost mobilityd[350161]: INFO:root:Using GW info: {'default': {2: ('172.16.4.1', 'eth0')}, 2: [('172.16.4.1', 'eth0', True)]}
May 13 13:38:01 localhost mobilityd[350161]: INFO:root:GW-v6 probe: timer started
May 13 13:38:01 localhost magmad[350090]: INFO:root:[SyncRPC] Got heartBeat from cloud
May 13 13:38:04 localhost smsd[350253]: INFO:root:mme non_eps_service_config is not SMS_ORC8R, sleeping.
May 13 13:38:04 localhost magmad[350090]: ERROR:root:Metrics upload error for service subscriberdb (chunk 0)! [StatusCode.DEADLINE_EXCEEDED] Deadline Exceeded
May 13 13:38:04 localhost magmad[350090]: ERROR:root:Metrics upload error for service mobilityd (chunk 0)! [StatusCode.DEADLINE_EXCEEDED] Deadline Exceeded
May 13 13:38:04 localhost magmad[350090]: ERROR:root:Metrics upload error for service mme (chunk 0)! [StatusCode.DEADLINE_EXCEEDED] Deadline Exceeded
May 13 13:38:04 localhost magmad[350090]: ERROR:root:Metrics upload error for service magmad (chunk 0)! [StatusCode.DEADLINE_EXCEEDED] Deadline Exceeded
May 13 13:38:04 localhost magmad[350090]: ERROR:root:Metrics upload error for service enodebd (chunk 0)! [StatusCode.DEADLINE_EXCEEDED] Deadline Exceeded
May 13 13:38:04 localhost magmad[350090]: ERROR:root:Metrics upload error for service pipelined (chunk 0)! [StatusCode.DEADLINE_EXCEEDED] Deadline Exceeded
May 13 13:38:04 localhost magmad[350090]: ERROR:root:Metrics upload error for service state (chunk 0)! [StatusCode.DEADLINE_EXCEEDED] Deadline Exceeded
May 13 13:38:04 localhost magmad[350090]: ERROR:root:Metrics upload error for service sessiond (chunk 0)! [StatusCode.DEADLINE_EXCEEDED] Deadline Exceeded
May 13 13:38:05 localhost subscriberdb[350157]: INFO:root:get digest stored in gateway:
May 13 13:38:05 localhost control_proxy[350297]: 2022-05-13T13:38:05.495Z [127.0.0.1 -> subscriberdb-controller.magmasi.wavelabs.in,8443] "POST /magma.lte.SubscriberDBCloud/CheckInSync HTTP/2" 200 0bytes 0.265s
May 13 13:38:05 localhost subscriberdb[350157]: ERROR:root:Internal Error in subscriberdb-Orc8r communication. If AGW and Orc8r are deployed at a commit hash, upgrade AGW and Orc8r to latest commit hash.
May 13 13:38:06 localhost control_proxy[350297]: 2022-05-13T13:38:05.495Z [127.0.0.1 -> subscriberdb-controller.magmasi.wavelabs.in,8443] "POST /magma.lte.SubscriberDBCloud/Sync HTTP/2" 200 0bytes 0.265s
May 13 13:38:06 localhost subscriberdb[350157]: ERROR:root:Internal Error in subscriberdb-Orc8r communication. If AGW and Orc8r are deployed at a commit hash, upgrade AGW and Orc8r to latest commit hash.
May 13 13:38:06 localhost control_proxy[350297]: 2022-05-13T13:38:06.031Z [127.0.0.1 -> subscriberdb-controller.magmasi.wavelabs.in,8443] "POST /magma.lte.SubscriberDBCloud/ListSubscribers HTTP/2" 200 44653bytes 0.598s
May 13 13:38:06 localhost subscriberdb[350157]: INFO:root:Successfully fetched all subscriber pages from the cloud!
May 13 13:38:07 localhost subscriberdb[350157]: INFO:root:update root digest stored in gateway:
May 13 13:38:09 localhost smsd[350253]: INFO:root:mme non_eps_service_config is not SMS_ORC8R, sleeping.
May 13 13:38:12 localhost sctpd[350431]: I0513 13:38:12.300186 350922 sctp_connection.cpp:195] Unhandled notification type 32776
May 13 13:38:14 localhost smsd[350253]: INFO:root:mme non_eps_service_config is not SMS_ORC8R, sleeping.
May 13 13:38:16 localhost control_proxy[350297]: 2022-05-13T13:38:15.800Z [127.0.0.1 -> streamer-controller.magmasi.wavelabs.in,8443] "POST /magma.orc8r.Streamer/GetUpdates HTTP/2" 200 173bytes 0.670s
May 13 13:38:16 localhost policydb[350232]: INFO:root:Processing 4 policy updates (resync=True)
May 13 13:38:16 localhost control_proxy[350297]: 2022-05-13T13:38:16.475Z [127.0.0.1 -> streamer-controller.magmasi.wavelabs.in,8443] "POST /magma.orc8r.Streamer/GetUpdates HTTP/2" 200 7bytes 0.305s
May 13 13:38:16 localhost policydb[350232]: INFO:root:Processing 0 basename -> policy updates
May 13 13:38:17 localhost control_proxy[350297]: 2022-05-13T13:38:16.475Z [127.0.0.1 -> streamer-controller.magmasi.wavelabs.in,8443] "POST /magma.orc8r.Streamer/GetUpdates HTTP/2" 200 13536bytes 0.330s
May 13 13:38:17 localhost policydb[350232]: INFO:root:Processing 223 SID -> apn -> policy updates
May 13 13:38:17 localhost control_proxy[350297]: 2022-05-13T13:38:17.122Z [127.0.0.1 -> streamer-controller.magmasi.wavelabs.in,8443] "POST /magma.orc8r.Streamer/GetUpdates HTTP/2" 200 7bytes 0.295s
May 13 13:38:17 localhost policydb[350232]: INFO:root:Processing 0 rating group updates
May 13 13:38:19 localhost smsd[350253]: INFO:root:mme non_eps_service_config is not SMS_ORC8R, sleeping.
May 13 13:38:21 localhost mobilityd[350161]: INFO:root:Using GW info: {'default': {2: ('172.16.4.1', 'eth0')}, 2: [('172.16.4.1', 'eth0', True)]}
May 13 13:38:21 localhost mobilityd[350161]: INFO:root:GW-v6 probe: timer started
May 13 13:38:24 localhost smsd[350253]: INFO:root:mme non_eps_service_config is not SMS_ORC8R, sleeping.
May 13 13:38:29 localhost smsd[350253]: INFO:root:mme non_eps_service_config is not SMS_ORC8R, sleeping.
May 13 13:38:34 localhost sctpd[350431]: I0513 13:38:34.378989 350922 sctp_connection.cpp:195] Unhandled notification type 32776
May 13 13:38:34 localhost smsd[350253]: INFO:root:mme non_eps_service_config is not SMS_ORC8R, sleeping.
May 13 13:38:36 localhost magmad[350090]: INFO:root:Setting logging level to INFO
May 13 13:38:39 localhost smsd[350253]: INFO:root:mme non_eps_service_config is not SMS_ORC8R, sleeping.
May 13 13:38:41 localhost mobilityd[350161]: INFO:root:Using GW info: {'default': {2: ('172.16.4.1', 'eth0')}, 2: [('172.16.4.1', 'eth0', True)]}
May 13 13:38:41 localhost mobilityd[350161]: INFO:root:GW-v6 probe: timer started
May 13 13:38:44 localhost smsd[350253]: INFO:root:mme non_eps_service_config is not SMS_ORC8R, sleeping.
