Apr 15 16:17:39 localhost mobilityd[1068431]: INFO:root:GW-v6 probe: timer started
Apr 15 16:17:39 localhost magmad[1068362]: INFO:root:[SyncRPC] Got heartBeat from cloud
Apr 15 16:17:39 localhost control_proxy[1068590]: 2022-04-15T16:16:39.628Z [127.0.0.1 -> streamer-controller.magmasi.wavelabs.in,8443] "POST /magma.orc8r.Streamer/GetUpdates HTTP/2" 200 0bytes 60.265s
Apr 15 16:17:39 localhost magmad[1068362]: ERROR:root:Error! Streaming from the cloud failed! [StatusCode.ABORTED] error while streaming updates: rpc error: code = DeadlineExceeded desc = context deadline exceeded
Apr 15 16:17:40 localhost smsd[1068528]: INFO:root:mme non_eps_service_config is not SMS_ORC8R, sleeping.
Apr 15 16:17:42 localhost sctpd[1068704]: I0415 16:17:42.973543 1069220 sctp_connection.cpp:195] Unhandled notification type 32777
Apr 15 16:17:43 localhost sctpd[1068704]: I0415 16:17:43.207537 1069220 sctp_connection.cpp:195] Unhandled notification type 32777
Apr 15 16:17:45 localhost smsd[1068528]: INFO:root:mme non_eps_service_config is not SMS_ORC8R, sleeping.
Apr 15 16:17:50 localhost smsd[1068528]: INFO:root:mme non_eps_service_config is not SMS_ORC8R, sleeping.
Apr 15 16:17:54 localhost dhclient[601]: DHCPREQUEST for 172.16.5.121 on eth1 to 172.16.5.2 port 67 (xid=0x1858e024)
Apr 15 16:17:55 localhost smsd[1068528]: INFO:root:mme non_eps_service_config is not SMS_ORC8R, sleeping.
Apr 15 16:17:59 localhost mobilityd[1068431]: INFO:root:Using GW info: {'default': {2: ('172.16.4.1', 'eth0')}, 2: [('172.16.4.1', 'eth0', True)]}
Apr 15 16:17:59 localhost mobilityd[1068431]: INFO:root:GW-v6 probe: timer started
Apr 15 16:18:00 localhost smsd[1068528]: INFO:root:mme non_eps_service_config is not SMS_ORC8R, sleeping.
Apr 15 16:18:01 localhost dhclient[601]: DHCPREQUEST for 172.16.5.121 on eth1 to 172.16.5.2 port 67 (xid=0x1858e024)
Apr 15 16:18:01 localhost magmad[1068362]: ERROR:root:Metrics upload error for service subscriberdb (chunk 0)! [StatusCode.DEADLINE_EXCEEDED] Deadline Exceeded
Apr 15 16:18:01 localhost magmad[1068362]: ERROR:root:Metrics upload error for service mobilityd (chunk 0)! [StatusCode.DEADLINE_EXCEEDED] Deadline Exceeded
Apr 15 16:18:01 localhost magmad[1068362]: ERROR:root:Metrics upload error for service mme (chunk 0)! [StatusCode.DEADLINE_EXCEEDED] Deadline Exceeded
Apr 15 16:18:01 localhost magmad[1068362]: ERROR:root:Metrics upload error for service magmad (chunk 0)! [StatusCode.DEADLINE_EXCEEDED] Deadline Exceeded
Apr 15 16:18:01 localhost magmad[1068362]: ERROR:root:Metrics upload error for service enodebd (chunk 0)! [StatusCode.DEADLINE_EXCEEDED] Deadline Exceeded
Apr 15 16:18:01 localhost magmad[1068362]: ERROR:root:Metrics upload error for service pipelined (chunk 0)! [StatusCode.DEADLINE_EXCEEDED] Deadline Exceeded
Apr 15 16:18:01 localhost magmad[1068362]: ERROR:root:Metrics upload error for service state (chunk 0)! [StatusCode.DEADLINE_EXCEEDED] Deadline Exceeded
Apr 15 16:18:01 localhost magmad[1068362]: ERROR:root:Metrics upload error for service sessiond (chunk 0)! [StatusCode.DEADLINE_EXCEEDED] Deadline Exceeded
Apr 15 16:18:04 localhost sctpd[1068704]: I0415 16:18:04.947798 1069220 sctp_connection.cpp:195] Unhandled notification type 32776
Apr 15 16:18:05 localhost sctpd[1068704]: I0415 16:18:05.097230 1069220 sctp_connection.cpp:195] Unhandled notification type 32776
Apr 15 16:18:05 localhost smsd[1068528]: INFO:root:mme non_eps_service_config is not SMS_ORC8R, sleeping.
Apr 15 16:18:05 localhost control_proxy[1068590]: 2022-04-15T16:18:05.196Z [127.0.0.1 -> streamer-controller.magmasi.wavelabs.in,8443] "POST /magma.orc8r.Streamer/GetUpdates HTTP/2" 200 173bytes 0.525s
Apr 15 16:18:05 localhost policydb[1068506]: INFO:root:Processing 4 policy updates (resync=True)
Apr 15 16:18:05 localhost control_proxy[1068590]: 2022-04-15T16:18:05.196Z [127.0.0.1 -> streamer-controller.magmasi.wavelabs.in,8443] "POST /magma.orc8r.Streamer/GetUpdates HTTP/2" 200 7bytes 0.268s
Apr 15 16:18:05 localhost policydb[1068506]: INFO:root:Processing 0 basename -> policy updates
Apr 15 16:18:06 localhost sctpd[1068704]: I0415 16:18:06.152709 1069220 sctp_connection.cpp:195] Unhandled notification type 32777
Apr 15 16:18:06 localhost sctpd[1068704]: I0415 16:18:06.264461 1069220 sctp_connection.cpp:195] Unhandled notification type 32777
Apr 15 16:18:06 localhost control_proxy[1068590]: 2022-04-15T16:18:05.196Z [127.0.0.1 -> streamer-controller.magmasi.wavelabs.in,8443] "POST /magma.orc8r.Streamer/GetUpdates HTTP/2" 200 13513bytes 0.299s
Apr 15 16:18:06 localhost policydb[1068506]: INFO:root:Processing 222 SID -> apn -> policy updates
Apr 15 16:18:06 localhost sctpd[1068704]: I0415 16:18:06.486326 1069220 sctp_connection.cpp:195] Unhandled notification type 32777
Apr 15 16:18:06 localhost control_proxy[1068590]: 2022-04-15T16:18:06.304Z [127.0.0.1 -> streamer-controller.magmasi.wavelabs.in,8443] "POST /magma.orc8r.Streamer/GetUpdates HTTP/2" 200 7bytes 0.271s
Apr 15 16:18:06 localhost policydb[1068506]: INFO:root:Processing 0 rating group updates
Apr 15 16:18:06 localhost sctpd[1068704]: I0415 16:18:06.604499 1069220 sctp_connection.cpp:195] Unhandled notification type 32777
Apr 15 16:18:06 localhost mme[1069107]: [DEBUG] Sending S6A-UPDATE_LOCATION_REQUEST with IMSI: 222700000000001
Apr 15 16:18:06 localhost mme[1069107]: [INFO] Received S6A-LOCATION-UPDATE_ANSWER for IMSI: 222700000000001; Status: ; StatusCode: 2001
Apr 15 16:18:06 localhost mme[1069107]: [INFO] sent itti S6A-LOCATION-UPDATE_ANSWER for IMSI: 222700000000001
Apr 15 16:18:06 localhost sctpd[1068704]: I0415 16:18:06.661734 1069220 sctp_connection.cpp:195] Unhandled notification type 32777
Apr 15 16:18:08 localhost mobilityd[1068431]: INFO:root:Allocated IP 192.168.128.148 for sid IMSI222700000000001 for apn default
Apr 15 16:18:08 localhost policydb[1068506]: INFO:root:Creating a session for subscriber ID: IMSI222700000000001
Apr 15 16:18:08 localhost sessiond[1068440]: I0415 16:18:08.852468 1068440 SetMessageManagerHandler.cpp:342] Processing a CreateSessionResponse for IMSI222700000000001-297752
Apr 15 16:18:08 localhost sessiond[1068440]: I0415 16:18:08.854051 1068440 SessionState.cpp:2774] RuleID allowlist_sid-IMSI222700000000001-default doesn't have a version registered for IMSI222700000000001-297752, this is unexpected
Apr 15 16:18:08 localhost mme[1069107]: PDUSessionResourceSetupRequestTransfer ::= {
Apr 15 16:18:08 localhost mme[1069107]:     protocolIEs: ProtocolIE-Container ::= {
Apr 15 16:18:08 localhost mme[1069107]:         PDUSessionResourceSetupRequestTransferIEs ::= {
Apr 15 16:18:08 localhost mme[1069107]:             id: 130
Apr 15 16:18:08 localhost mme[1069107]:             criticality: 0 (reject)
Apr 15 16:18:08 localhost mme[1069107]:             value: PDUSessionAggregateMaximumBitRate ::= {
Apr 15 16:18:08 localhost mme[1069107]:                 pDUSessionAggregateMaximumBitRateDL: 100000000
Apr 15 16:18:08 localhost mme[1069107]:                 pDUSessionAggregateMaximumBitRateUL: 100000000
Apr 15 16:18:08 localhost mme[1069107]:             }
Apr 15 16:18:08 localhost mme[1069107]:         }
Apr 15 16:18:08 localhost mme[1069107]:         PDUSessionResourceSetupRequestTransferIEs ::= {
Apr 15 16:18:08 localhost mme[1069107]:             id: 139
Apr 15 16:18:08 localhost mme[1069107]:             criticality: 0 (reject)
Apr 15 16:18:08 localhost mme[1069107]:             value: GTPTunnel ::= {
Apr 15 16:18:08 localhost mme[1069107]:                 transportLayerAddress: AC 10 05 79
Apr 15 16:18:08 localhost mme[1069107]:                 gTP-TEID: 80 00 00 05
Apr 15 16:18:08 localhost mme[1069107]:             }
Apr 15 16:18:08 localhost mme[1069107]:         }
Apr 15 16:18:08 localhost mme[1069107]:         PDUSessionResourceSetupRequestTransferIEs ::= {
Apr 15 16:18:08 localhost mme[1069107]:             id: 134
Apr 15 16:18:08 localhost mme[1069107]:             criticality: 0 (reject)
Apr 15 16:18:08 localhost mme[1069107]:             value: 0 (ipv4)
Apr 15 16:18:08 localhost mme[1069107]:         }
Apr 15 16:18:08 localhost mme[1069107]:         PDUSessionResourceSetupRequestTransferIEs ::= {
Apr 15 16:18:08 localhost mme[1069107]:             id: 136
Apr 15 16:18:08 localhost mme[1069107]:             criticality: 0 (reject)
Apr 15 16:18:08 localhost mme[1069107]:             value: QosFlowSetupRequestList ::= {
Apr 15 16:18:08 localhost mme[1069107]:                 QosFlowSetupRequestItem ::= {
Apr 15 16:18:08 localhost mme[1069107]:                     qosFlowIdentifier: 9
Apr 15 16:18:08 localhost mme[1069107]:                     qosFlowLevelQosParameters: QosFlowLevelQosParameters ::= {
Apr 15 16:18:08 localhost mme[1069107]:                         qosCharacteristics: NonDynamic5QIDescriptor ::= {
Apr 15 16:18:08 localhost mme[1069107]:                             fiveQI: 9
Apr 15 16:18:08 localhost mme[1069107]:                         }
Apr 15 16:18:08 localhost mme[1069107]:                         allocationAndRetentionPriority: AllocationAndRetentionPriority ::= {
Apr 15 16:18:08 localhost mme[1069107]:                             priorityLevelARP: 15
Apr 15 16:18:08 localhost mme[1069107]:                             pre-emptionCapability: 0 (shall-not-trigger-pre-emption)
Apr 15 16:18:08 localhost mme[1069107]:                             pre-emptionVulnerability: 0 (not-pre-emptable)
Apr 15 16:18:08 localhost mme[1069107]:                         }
Apr 15 16:18:08 localhost mme[1069107]:                     }
Apr 15 16:18:08 localhost mme[1069107]:                 }
Apr 15 16:18:08 localhost mme[1069107]:             }
Apr 15 16:18:08 localhost mme[1069107]:         }
Apr 15 16:18:08 localhost mme[1069107]:     }
Apr 15 16:18:08 localhost mme[1069107]: }
Apr 15 16:18:09 localhost sctpd[1068704]: I0415 16:18:09.064318 1069220 sctp_connection.cpp:195] Unhandled notification type 32777
Apr 15 16:18:10 localhost smsd[1068528]: INFO:root:mme non_eps_service_config is not SMS_ORC8R, sleeping.
Apr 15 16:18:11 localhost mme[1069107]: InitiatingMessage ::= {
Apr 15 16:18:11 localhost mme[1069107]:     procedureCode: 28
Apr 15 16:18:11 localhost mme[1069107]:     criticality: 1 (ignore)
Apr 15 16:18:11 localhost mme[1069107]:     value: PDUSessionResourceReleaseCommand ::= {
Apr 15 16:18:11 localhost mme[1069107]:         protocolIEs: ProtocolIE-Container ::= {
Apr 15 16:18:11 localhost mme[1069107]:             PDUSessionResourceReleaseCommandIEs ::= {
Apr 15 16:18:11 localhost mme[1069107]:                 id: 10
Apr 15 16:18:11 localhost mme[1069107]:                 criticality: 0 (reject)
Apr 15 16:18:11 localhost mme[1069107]:                 value: 52
Apr 15 16:18:11 localhost mme[1069107]:             }
Apr 15 16:18:11 localhost mme[1069107]:             PDUSessionResourceReleaseCommandIEs ::= {
Apr 15 16:18:11 localhost mme[1069107]:                 id: 85
Apr 15 16:18:11 localhost mme[1069107]:                 criticality: 0 (reject)
Apr 15 16:18:11 localhost mme[1069107]:                 value: 4294967295
Apr 15 16:18:11 localhost mme[1069107]:             }
Apr 15 16:18:11 localhost mme[1069107]:             PDUSessionResourceReleaseCommandIEs ::= {
Apr 15 16:18:11 localhost mme[1069107]:                 id: 38
Apr 15 16:18:11 localhost mme[1069107]:                 criticality: 0 (reject)
Apr 15 16:18:11 localhost mme[1069107]:                 value:
Apr 15 16:18:11 localhost mme[1069107]:                     7E 01 B5 D9 F3 F7 03 7E 00 68 01 00 05 2E 01 01
Apr 15 16:18:11 localhost mme[1069107]:                     D3 24 12 01
Apr 15 16:18:11 localhost mme[1069107]:             }
Apr 15 16:18:11 localhost mme[1069107]:             PDUSessionResourceReleaseCommandIEs ::= {
Apr 15 16:18:11 localhost mme[1069107]:                 id: 79
Apr 15 16:18:11 localhost mme[1069107]:                 criticality: 0 (reject)
Apr 15 16:18:11 localhost mme[1069107]:                 value: PDUSessionResourceToReleaseListRelCmd ::= {
Apr 15 16:18:11 localhost mme[1069107]:                 }
Apr 15 16:18:11 localhost mme[1069107]:             }
Apr 15 16:18:11 localhost mme[1069107]:         }
Apr 15 16:18:11 localhost mme[1069107]:     }
Apr 15 16:18:11 localhost mme[1069107]: }
Apr 15 16:18:11 localhost sctpd[1068704]: I0415 16:18:11.400440 1069220 sctp_connection.cpp:195] Unhandled notification type 32777
Apr 15 16:18:12 localhost magmad[1068362]: INFO:root:Setting logging level to INFO
Apr 15 16:18:15 localhost smsd[1068528]: INFO:root:mme non_eps_service_config is not SMS_ORC8R, sleeping.
Apr 15 16:18:15 localhost dhclient[601]: DHCPREQUEST for 172.16.5.121 on eth1 to 172.16.5.2 port 67 (xid=0x1858e024)
Apr 15 16:18:19 localhost mobilityd[1068431]: INFO:root:Using GW info: {'default': {2: ('172.16.4.1', 'eth0')}, 2: [('172.16.4.1', 'eth0', True)]}
Apr 15 16:18:19 localhost mobilityd[1068431]: INFO:root:GW-v6 probe: timer started
Apr 15 16:18:20 localhost smsd[1068528]: INFO:root:mme non_eps_service_config is not SMS_ORC8R, sleeping.
Apr 15 16:18:21 localhost sessiond[1068440]: I0415 16:18:21.367177 1068440 SetMessageManagerHandler.cpp:142] Release request for session from IMSI: IMSI222700000000001 pdu_id 1
Apr 15 16:18:21 localhost mobilityd[1068431]: INFO:root:Released IP 192.168.128.148 for sid IMSI222700000000001
Apr 15 16:18:25 localhost smsd[1068528]: INFO:root:mme non_eps_service_config is not SMS_ORC8R, sleeping.
Apr 15 16:18:26 localhost policydb[1068506]: INFO:root:Terminating session: IMSI222700000000001-297752
Apr 15 16:18:26 localhost eventd[1068520]: DEBUG:root:Logging event: stream_name: "sessiond"
Apr 15 16:18:26 localhost eventd[1068520]: event_type: "session_terminated"
Apr 15 16:18:26 localhost eventd[1068520]: tag: "IMSI222700000000001"
Apr 15 16:18:26 localhost eventd[1068520]: value: "{\"mac_addr\":\"\",\"user_location\":\"\",\"spgw_ip\":\"\",\"imei\":\"\",\"record_sequence_number\":1,\"pdp_end_time\":19,\"charging_rx\":0,\"duration\":-94222059512653,\"ip_addr\":\"192.168.128.148\",\"monitoring_tx\":0,\"ipv6_addr\":\"\",\"msisdn\":\"\",\"apn\":\"default\",\"session_id\":\"IMSI222700000000001-297752\",\"list_of_service_data\":[],\"charging_characteristics\":\"\",\"total_tx\":0,\"cause_for_rec_closing\":0,\"imsi\":\"IMSI222700000000001\",\"total_rx\":0,\"monitoring_rx\":0,\"charging_tx\":0,\"pdp_start_time\":94222059512672}"
Apr 15 16:18:26 localhost eventd[1068520]: ERROR:root:Connection to FluentBit failed: [Errno 111] Connection refused
Apr 15 16:18:26 localhost eventd[1068520]: INFO:root:FluentBit (td-agent-bit) may not be enabled or configured correctly
Apr 15 16:18:26 localhost sessiond[1068440]: I0415 16:18:26.383462 1068450 SessionEvents.cpp:291] Could not log session_terminated event {"mac_addr":"","user_location":"","spgw_ip":"","imei":"","record_sequence_number":1,"pdp_end_time":19,"charging_rx":0,"duration":-94222059512653,"ip_addr":"192.168.128.148","monitoring_tx":0,"ipv6_addr":"","msisdn":"","apn":"default","session_id":"IMSI222700000000001-297752","list_of_service_data":[],"charging_characteristics":"","total_tx":0,"cause_for_rec_closing":0,"imsi":"IMSI222700000000001","total_rx":0,"monitoring_rx":0,"charging_tx":0,"pdp_start_time":94222059512672}, Error Message: Could not connect to FluentBit locally, Details: [Errno 111] Connection refused
Apr 15 16:18:30 localhost smsd[1068528]: INFO:root:mme non_eps_service_config is not SMS_ORC8R, sleeping.
Apr 15 16:18:31 localhost control_proxy[1068590]: 2022-04-15T16:18:30.742Z [127.0.0.1 -> state-controller.magmasi.wavelabs.in,8443] "POST /magma.orc8r.StateService/ReportStates HTTP/2" 200 5bytes 0.514s
Apr 15 16:18:31 localhost magmad[1068362]: INFO:root:Checkin Successful! Successfully sent states to the cloud!
Apr 15 16:18:31 localhost dhclient[601]: DHCPREQUEST for 172.16.5.121 on eth1 to 172.16.5.2 port 67 (xid=0x1858e024)
Apr 15 16:18:35 localhost smsd[1068528]: INFO:root:mme non_eps_service_config is not SMS_ORC8R, sleeping.
Apr 15 16:18:39 localhost mobilityd[1068431]: INFO:root:Using GW info: {'default': {2: ('172.16.4.1', 'eth0')}, 2: [('172.16.4.1', 'eth0', True)]}
Apr 15 16:18:39 localhost mobilityd[1068431]: INFO:root:GW-v6 probe: timer started
Apr 15 16:18:39 localhost magmad[1068362]: INFO:root:[SyncRPC] Got heartBeat from cloud
Apr 15 16:18:40 localhost sctpd[1068704]: I0415 16:18:40.266934 1069220 sctp_connection.cpp:195] Unhandled notification type 32776
Apr 15 16:18:40 localhost dhclient[601]: DHCPREQUEST for 172.16.5.121 on eth1 to 172.16.5.2 port 67 (xid=0x1858e024)
Apr 15 16:18:40 localhost smsd[1068528]: INFO:root:mme non_eps_service_config is not SMS_ORC8R, sleeping.
Apr 15 16:18:45 localhost smsd[1068528]: INFO:root:mme non_eps_service_config is not SMS_ORC8R, sleeping.
Apr 15 16:18:50 localhost sctpd[1068704]: I0415 16:18:50.453912 1069220 sctp_connection.cpp:195] Unhandled notification type 32777
Apr 15 16:18:50 localhost smsd[1068528]: INFO:root:mme non_eps_service_config is not SMS_ORC8R, sleeping.
Apr 15 16:18:50 localhost sctpd[1068704]: I0415 16:18:50.682561 1069220 sctp_connection.cpp:195] Unhandled notification type 32777
Apr 15 16:18:50 localhost sctpd[1068704]: I0415 16:18:50.797812 1069220 sctp_connection.cpp:195] Unhandled notification type 32777
Apr 15 16:18:50 localhost sctpd[1068704]: I0415 16:18:50.908190 1069220 sctp_connection.cpp:195] Unhandled notification type 32777
Apr 15 16:18:50 localhost mme[1069107]: [DEBUG] Sending S6A-UPDATE_LOCATION_REQUEST with IMSI: 222700000000001
Apr 15 16:18:50 localhost mme[1069107]: [INFO] Received S6A-LOCATION-UPDATE_ANSWER for IMSI: 222700000000001; Status: ; StatusCode: 2001
Apr 15 16:18:50 localhost mme[1069107]: [INFO] sent itti S6A-LOCATION-UPDATE_ANSWER for IMSI: 222700000000001
Apr 15 16:18:51 localhost sctpd[1068704]: I0415 16:18:51.116231 1069220 sctp_connection.cpp:195] Unhandled notification type 32777
Apr 15 16:18:51 localhost dhclient[601]: DHCPREQUEST for 172.16.5.121 on eth1 to 172.16.5.2 port 67 (xid=0x1858e024)
Apr 15 16:18:55 localhost smsd[1068528]: INFO:root:mme non_eps_service_config is not SMS_ORC8R, sleeping.
Apr 15 16:18:56 localhost mme[1069107]: [DEBUG] Sending S6A-UPDATE_LOCATION_REQUEST with IMSI: 222700000000001
Apr 15 16:18:56 localhost mme[1069107]: [INFO] Received S6A-LOCATION-UPDATE_ANSWER for IMSI: 222700000000001; Status: ; StatusCode: 2001
Apr 15 16:18:56 localhost mme[1069107]: [INFO] sent itti S6A-LOCATION-UPDATE_ANSWER for IMSI: 222700000000001
Apr 15 16:18:57 localhost sctpd[1068704]: I0415 16:18:57.124331 1069220 sctp_connection.cpp:195] Unhandled notification type 32777
Apr 15 16:18:59 localhost mobilityd[1068431]: INFO:root:Using GW info: {'default': {2: ('172.16.4.1', 'eth0')}, 2: [('172.16.4.1', 'eth0', True)]}
Apr 15 16:18:59 localhost mobilityd[1068431]: INFO:root:GW-v6 probe: timer started
Apr 15 16:19:00 localhost smsd[1068528]: INFO:root:mme non_eps_service_config is not SMS_ORC8R, sleeping.
Apr 15 16:19:01 localhost magmad[1068362]: ERROR:root:Metrics upload error for service subscriberdb (chunk 0)! [StatusCode.DEADLINE_EXCEEDED] Deadline Exceeded
Apr 15 16:19:01 localhost magmad[1068362]: ERROR:root:Metrics upload error for service mobilityd (chunk 0)! [StatusCode.DEADLINE_EXCEEDED] Deadline Exceeded
Apr 15 16:19:01 localhost magmad[1068362]: ERROR:root:Metrics upload error for service mme (chunk 0)! [StatusCode.DEADLINE_EXCEEDED] Deadline Exceeded
Apr 15 16:19:01 localhost magmad[1068362]: ERROR:root:Metrics upload error for service magmad (chunk 0)! [StatusCode.DEADLINE_EXCEEDED] Deadline Exceeded
Apr 15 16:19:01 localhost magmad[1068362]: ERROR:root:Metrics upload error for service enodebd (chunk 0)! [StatusCode.DEADLINE_EXCEEDED] Deadline Exceeded
Apr 15 16:19:01 localhost magmad[1068362]: ERROR:root:Metrics upload error for service pipelined (chunk 0)! [StatusCode.DEADLINE_EXCEEDED] Deadline Exceeded
Apr 15 16:19:01 localhost magmad[1068362]: ERROR:root:Metrics upload error for service state (chunk 0)! [StatusCode.DEADLINE_EXCEEDED] Deadline Exceeded
Apr 15 16:19:01 localhost magmad[1068362]: ERROR:root:Metrics upload error for service sessiond (chunk 0)! [StatusCode.DEADLINE_EXCEEDED] Deadline Exceeded
Apr 15 16:19:05 localhost smsd[1068528]: INFO:root:mme non_eps_service_config is not SMS_ORC8R, sleeping.
Apr 15 16:19:07 localhost control_proxy[1068590]: 2022-04-15T16:19:06.638Z [127.0.0.1 -> streamer-controller.magmasi.wavelabs.in,8443] "POST /magma.orc8r.Streamer/GetUpdates HTTP/2" 200 173bytes 0.527s
Apr 15 16:19:07 localhost policydb[1068506]: INFO:root:Processing 4 policy updates (resync=True)
Apr 15 16:19:07 localhost control_proxy[1068590]: 2022-04-15T16:19:07.169Z [127.0.0.1 -> streamer-controller.magmasi.wavelabs.in,8443] "POST /magma.orc8r.Streamer/GetUpdates HTTP/2" 200 7bytes 0.287s
Apr 15 16:19:07 localhost policydb[1068506]: INFO:root:Processing 0 basename -> policy updates
Apr 15 16:19:07 localhost control_proxy[1068590]: 2022-04-15T16:19:07.169Z [127.0.0.1 -> streamer-controller.magmasi.wavelabs.in,8443] "POST /magma.orc8r.Streamer/GetUpdates HTTP/2" 200 13513bytes 0.305s
Apr 15 16:19:07 localhost policydb[1068506]: INFO:root:Processing 222 SID -> apn -> policy updates
Apr 15 16:19:08 localhost control_proxy[1068590]: 2022-04-15T16:19:07.169Z [127.0.0.1 -> streamer-controller.magmasi.wavelabs.in,8443] "POST /magma.orc8r.Streamer/GetUpdates HTTP/2" 200 7bytes 0.265s
Apr 15 16:19:08 localhost policydb[1068506]: INFO:root:Processing 0 rating group updates
Apr 15 16:19:10 localhost smsd[1068528]: INFO:root:mme non_eps_service_config is not SMS_ORC8R, sleeping.
Apr 15 16:19:12 localhost dhclient[601]: DHCPREQUEST for 172.16.5.121 on eth1 to 172.16.5.2 port 67 (xid=0x1858e024)
Apr 15 16:19:15 localhost smsd[1068528]: INFO:root:mme non_eps_service_config is not SMS_ORC8R, sleeping.
Apr 15 16:19:18 localhost sctpd[1068704]: I0415 16:19:18.189373 1069220 sctp_connection.cpp:195] Unhandled notification type 32776
Apr 15 16:19:19 localhost mobilityd[1068431]: INFO:root:Using GW info: {'default': {2: ('172.16.4.1', 'eth0')}, 2: [('172.16.4.1', 'eth0', True)]}
Apr 15 16:19:19 localhost mobilityd[1068431]: INFO:root:GW-v6 probe: timer started
Apr 15 16:19:19 localhost sctpd[1068704]: I0415 16:19:19.249248 1069220 sctp_connection.cpp:195] Unhandled notification type 32777
Apr 15 16:19:20 localhost smsd[1068528]: INFO:root:mme non_eps_service_config is not SMS_ORC8R, sleeping.
Apr 15 16:19:25 localhost smsd[1068528]: INFO:root:mme non_eps_service_config is not SMS_ORC8R, sleeping.
Apr 15 16:19:29 localhost dhclient[601]: DHCPREQUEST for 172.16.5.121 on eth1 to 172.16.5.2 port 67 (xid=0x1858e024)
Apr 15 16:19:30 localhost smsd[1068528]: INFO:root:mme non_eps_service_config is not SMS_ORC8R, sleeping.
Apr 15 16:19:31 localhost magmad[1068362]: INFO:root:Setting logging level to INFO
Apr 15 16:19:35 localhost smsd[1068528]: INFO:root:mme non_eps_service_config is not SMS_ORC8R, sleeping.
Apr 15 16:19:39 localhost mobilityd[1068431]: INFO:root:Using GW info: {'default': {2: ('172.16.4.1', 'eth0')}, 2: [('172.16.4.1', 'eth0', True)]}
Apr 15 16:19:39 localhost mobilityd[1068431]: INFO:root:GW-v6 probe: timer started
Apr 15 16:19:39 localhost magmad[1068362]: INFO:root:[SyncRPC] Got heartBeat from cloud
Apr 15 16:19:40 localhost control_proxy[1068590]: 2022-04-15T16:18:39.945Z [127.0.0.1 -> streamer-controller.magmasi.wavelabs.in,8443] "POST /magma.orc8r.Streamer/GetUpdates HTTP/2" 200 0bytes 60.259s
Apr 15 16:19:40 localhost magmad[1068362]: ERROR:root:Error! Streaming from the cloud failed! [StatusCode.ABORTED] error while streaming updates: rpc error: code = DeadlineExceeded desc = context deadline exceeded
Apr 15 16:19:40 localhost smsd[1068528]: INFO:root:mme non_eps_service_config is not SMS_ORC8R, sleeping.
Apr 15 16:19:41 localhost sctpd[1068704]: I0415 16:19:41.277554 1069220 sctp_connection.cpp:195] Unhandled notification type 32776
Apr 15 16:19:45 localhost smsd[1068528]: INFO:root:mme non_eps_service_config is not SMS_ORC8R, sleeping.
Apr 15 16:19:46 localhost subscriberdb[1068427]: INFO:root:get digest stored in gateway:
Apr 15 16:19:46 localhost control_proxy[1068590]: 2022-04-15T16:19:46.176Z [127.0.0.1 -> subscriberdb-controller.magmasi.wavelabs.in,8443] "POST /magma.lte.SubscriberDBCloud/CheckInSync HTTP/2" 200 0bytes 0.505s
Apr 15 16:19:46 localhost subscriberdb[1068427]: ERROR:root:Internal Error in subscriberdb-Orc8r communication. If AGW and Orc8r are deployed at a commit hash, upgrade AGW and Orc8r to latest commit hash.
Apr 15 16:19:46 localhost control_proxy[1068590]: 2022-04-15T16:19:46.176Z [127.0.0.1 -> subscriberdb-controller.magmasi.wavelabs.in,8443] "POST /magma.lte.SubscriberDBCloud/Sync HTTP/2" 200 0bytes 0.254s
Apr 15 16:19:46 localhost subscriberdb[1068427]: ERROR:root:Internal Error in subscriberdb-Orc8r communication. If AGW and Orc8r are deployed at a commit hash, upgrade AGW and Orc8r to latest commit hash.
Apr 15 16:19:46 localhost dhclient[601]: DHCPREQUEST for 172.16.5.121 on eth1 to 172.16.5.2 port 67 (xid=0x1858e024)
Apr 15 16:19:47 localhost control_proxy[1068590]: 2022-04-15T16:19:46.176Z [127.0.0.1 -> subscriberdb-controller.magmasi.wavelabs.in,8443] "POST /magma.lte.SubscriberDBCloud/ListSubscribers HTTP/2" 200 44088bytes 0.334s
Apr 15 16:19:47 localhost subscriberdb[1068427]: INFO:root:Successfully fetched all subscriber pages from the cloud!
Apr 15 16:19:47 localhost subscriberdb[1068427]: INFO:root:update root digest stored in gateway:
Apr 15 16:19:50 localhost control_proxy[1068590]: 2022-04-15T16:19:50.323Z [127.0.0.1 -> state-controller.magmasi.wavelabs.in,8443] "POST /magma.orc8r.StateService/ReportStates HTTP/2" 200 5bytes 0.379s
Apr 15 16:19:50 localhost magmad[1068362]: INFO:root:Checkin Successful! Successfully sent states to the cloud!
Apr 15 16:19:50 localhost smsd[1068528]: INFO:root:mme non_eps_service_config is not SMS_ORC8R, sleeping.
Apr 15 16:19:51 localhost sctpd[1068704]: I0415 16:19:51.277230 1069220 sctp_connection.cpp:195] Unhandled notification type 32777
Apr 15 16:19:51 localhost sctpd[1068704]: I0415 16:19:51.503146 1069220 sctp_connection.cpp:195] Unhandled notification type 32777
Apr 15 16:19:55 localhost smsd[1068528]: INFO:root:mme non_eps_service_config is not SMS_ORC8R, sleeping.
Apr 15 16:19:58 localhost dhclient[601]: DHCPREQUEST for 172.16.5.121 on eth1 to 172.16.5.2 port 67 (xid=0x1858e024)
Apr 15 16:19:59 localhost mobilityd[1068431]: INFO:root:Using GW info: {'default': {2: ('172.16.4.1', 'eth0')}, 2: [('172.16.4.1', 'eth0', True)]}
Apr 15 16:19:59 localhost mobilityd[1068431]: INFO:root:GW-v6 probe: timer started
Apr 15 16:20:00 localhost smsd[1068528]: INFO:root:mme non_eps_service_config is not SMS_ORC8R, sleeping.
Apr 15 16:20:05 localhost smsd[1068528]: INFO:root:mme non_eps_service_config is not SMS_ORC8R, sleeping.
Apr 15 16:20:08 localhost control_proxy[1068590]: 2022-04-15T16:20:08.078Z [127.0.0.1 -> streamer-controller.magmasi.wavelabs.in,8443] "POST /magma.orc8r.Streamer/GetUpdates HTTP/2" 200 173bytes 0.524s
Apr 15 16:20:08 localhost policydb[1068506]: INFO:root:Processing 4 policy updates (resync=True)
Apr 15 16:20:08 localhost control_proxy[1068590]: 2022-04-15T16:20:08.078Z [127.0.0.1 -> streamer-controller.magmasi.wavelabs.in,8443] "POST /magma.orc8r.Streamer/GetUpdates HTTP/2" 200 7bytes 0.269s
Apr 15 16:20:08 localhost policydb[1068506]: INFO:root:Processing 0 basename -> policy updates
Apr 15 16:20:09 localhost control_proxy[1068590]: 2022-04-15T16:20:08.078Z [127.0.0.1 -> streamer-controller.magmasi.wavelabs.in,8443] "POST /magma.orc8r.Streamer/GetUpdates HTTP/2" 200 13513bytes 0.327s
Apr 15 16:20:09 localhost policydb[1068506]: INFO:root:Processing 222 SID -> apn -> policy updates
Apr 15 16:20:09 localhost control_proxy[1068590]: 2022-04-15T16:20:09.212Z [127.0.0.1 -> streamer-controller.magmasi.wavelabs.in,8443] "POST /magma.orc8r.Streamer/GetUpdates HTTP/2" 200 7bytes 0.266s
Apr 15 16:20:09 localhost policydb[1068506]: INFO:root:Processing 0 rating group updates
Apr 15 16:20:10 localhost dhclient[601]: DHCPREQUEST for 172.16.5.121 on eth1 to 172.16.5.2 port 67 (xid=0x1858e024)
Apr 15 16:20:11 localhost smsd[1068528]: INFO:root:mme non_eps_service_config is not SMS_ORC8R, sleeping.
Apr 15 16:20:13 localhost sctpd[1068704]: I0415 16:20:13.782209 1069220 sctp_connection.cpp:195] Unhandled notification type 32776
Apr 15 16:20:13 localhost sctpd[1068704]: I0415 16:20:13.945444 1069220 sctp_connection.cpp:195] Unhandled notification type 32776
Apr 15 16:20:15 localhost sctpd[1068704]: I0415 16:20:15.009522 1069220 sctp_connection.cpp:195] Unhandled notification type 32777
Apr 15 16:20:15 localhost sctpd[1068704]: I0415 16:20:15.125098 1069220 sctp_connection.cpp:195] Unhandled notification type 32777
Apr 15 16:20:15 localhost sctpd[1068704]: I0415 16:20:15.366080 1069220 sctp_connection.cpp:195] Unhandled notification type 32777
Apr 15 16:20:15 localhost sctpd[1068704]: I0415 16:20:15.488430 1069220 sctp_connection.cpp:195] Unhandled notification type 32777
Apr 15 16:20:15 localhost mme[1069107]: [DEBUG] Sending S6A-UPDATE_LOCATION_REQUEST with IMSI: 222700000000001
Apr 15 16:20:15 localhost mme[1069107]: [INFO] Received S6A-LOCATION-UPDATE_ANSWER for IMSI: 222700000000001; Status: ; StatusCode: 2001
Apr 15 16:20:15 localhost mme[1069107]: [INFO] sent itti S6A-LOCATION-UPDATE_ANSWER for IMSI: 222700000000001
Apr 15 16:20:15 localhost sctpd[1068704]: I0415 16:20:15.614823 1069220 sctp_connection.cpp:195] Unhandled notification type 32777
Apr 15 16:20:16 localhost smsd[1068528]: INFO:root:mme non_eps_service_config is not SMS_ORC8R, sleeping.
Apr 15 16:20:17 localhost mobilityd[1068431]: INFO:root:Allocated IP 192.168.128.146 for sid IMSI222700000000001 for apn default
Apr 15 16:20:17 localhost policydb[1068506]: INFO:root:Creating a session for subscriber ID: IMSI222700000000001
Apr 15 16:20:17 localhost sessiond[1068440]: I0415 16:20:17.876605 1068440 SetMessageManagerHandler.cpp:342] Processing a CreateSessionResponse for IMSI222700000000001-981624
Apr 15 16:20:17 localhost sessiond[1068440]: I0415 16:20:17.877794 1068440 SessionState.cpp:2774] RuleID allowlist_sid-IMSI222700000000001-default doesn't have a version registered for IMSI222700000000001-981624, this is unexpected
Apr 15 16:20:17 localhost mme[1069107]: PDUSessionResourceSetupRequestTransfer ::= {
Apr 15 16:20:17 localhost mme[1069107]:     protocolIEs: ProtocolIE-Container ::= {
Apr 15 16:20:17 localhost mme[1069107]:         PDUSessionResourceSetupRequestTransferIEs ::= {
Apr 15 16:20:17 localhost mme[1069107]:             id: 130
Apr 15 16:20:17 localhost mme[1069107]:             criticality: 0 (reject)
Apr 15 16:20:17 localhost mme[1069107]:             value: PDUSessionAggregateMaximumBitRate ::= {
Apr 15 16:20:17 localhost mme[1069107]:                 pDUSessionAggregateMaximumBitRateDL: 100000000
Apr 15 16:20:17 localhost mme[1069107]:                 pDUSessionAggregateMaximumBitRateUL: 100000000
Apr 15 16:20:17 localhost mme[1069107]:             }
Apr 15 16:20:17 localhost mme[1069107]:         }
Apr 15 16:20:17 localhost mme[1069107]:         PDUSessionResourceSetupRequestTransferIEs ::= {
Apr 15 16:20:17 localhost mme[1069107]:             id: 139
Apr 15 16:20:17 localhost mme[1069107]:             criticality: 0 (reject)
Apr 15 16:20:17 localhost mme[1069107]:             value: GTPTunnel ::= {
Apr 15 16:20:17 localhost mme[1069107]:                 transportLayerAddress: AC 10 05 79
Apr 15 16:20:17 localhost mme[1069107]:                 gTP-TEID: 80 00 00 06
Apr 15 16:20:17 localhost mme[1069107]:             }
Apr 15 16:20:17 localhost mme[1069107]:         }
Apr 15 16:20:17 localhost mme[1069107]:         PDUSessionResourceSetupRequestTransferIEs ::= {
Apr 15 16:20:17 localhost mme[1069107]:             id: 134
Apr 15 16:20:17 localhost mme[1069107]:             criticality: 0 (reject)
Apr 15 16:20:17 localhost mme[1069107]:             value: 0 (ipv4)
Apr 15 16:20:17 localhost mme[1069107]:         }
Apr 15 16:20:17 localhost mme[1069107]:         PDUSessionResourceSetupRequestTransferIEs ::= {
Apr 15 16:20:17 localhost mme[1069107]:             id: 136
Apr 15 16:20:17 localhost mme[1069107]:             criticality: 0 (reject)
Apr 15 16:20:17 localhost mme[1069107]:             value: QosFlowSetupRequestList ::= {
Apr 15 16:20:17 localhost mme[1069107]:                 QosFlowSetupRequestItem ::= {
Apr 15 16:20:17 localhost mme[1069107]:                     qosFlowIdentifier: 9
Apr 15 16:20:17 localhost mme[1069107]:                     qosFlowLevelQosParameters: QosFlowLevelQosParameters ::= {
Apr 15 16:20:17 localhost mme[1069107]:                         qosCharacteristics: NonDynamic5QIDescriptor ::= {
Apr 15 16:20:17 localhost mme[1069107]:                             fiveQI: 9
Apr 15 16:20:17 localhost mme[1069107]:                         }
Apr 15 16:20:17 localhost mme[1069107]:                         allocationAndRetentionPriority: AllocationAndRetentionPriority ::= {
Apr 15 16:20:17 localhost mme[1069107]:                             priorityLevelARP: 15
Apr 15 16:20:17 localhost mme[1069107]:                             pre-emptionCapability: 0 (shall-not-trigger-pre-emption)
Apr 15 16:20:17 localhost mme[1069107]:                             pre-emptionVulnerability: 0 (not-pre-emptable)
Apr 15 16:20:17 localhost mme[1069107]:                         }
Apr 15 16:20:17 localhost mme[1069107]:                     }
Apr 15 16:20:17 localhost mme[1069107]:                 }
Apr 15 16:20:17 localhost mme[1069107]:             }
Apr 15 16:20:17 localhost mme[1069107]:         }
Apr 15 16:20:17 localhost mme[1069107]:     }
Apr 15 16:20:17 localhost mme[1069107]: }
Apr 15 16:20:17 localhost sctpd[1068704]: I0415 16:20:17.966578 1069220 sctp_connection.cpp:195] Unhandled notification type 32777
Apr 15 16:20:17 localhost sessiond[1068440]: I0415 16:20:17.968881 1068440 SessionStateEnforcer.cpp:869]  AMF teid: 40000000 ip address 10.10.10.11 of imsi: IMSI222700000000001 fteid: 2147483654 pdu id: 1 UE ip address 192.168.128.146
Apr 15 16:20:17 localhost eventd[1068520]: DEBUG:root:Logging event: stream_name: "sessiond"
Apr 15 16:20:17 localhost eventd[1068520]: event_type: "session_created"
Apr 15 16:20:17 localhost eventd[1068520]: tag: "IMSI222700000000001"
Apr 15 16:20:17 localhost eventd[1068520]: value: "{\"mac_addr\":\"\",\"user_location\":\"\",\"spgw_ip\":\"\",\"imei\":\"\",\"pdp_start_time\":94222059512672,\"session_id\":\"IMSI222700000000001-981624\",\"apn\":\"default\",\"msisdn\":\"\",\"charging_characteristics\":\"\",\"ipv6_addr\":\"\",\"ip_addr\":\"192.168.128.146\",\"imsi\":\"IMSI222700000000001\"}"
Apr 15 16:20:17 localhost eventd[1068520]: ERROR:root:Connection to FluentBit failed: [Errno 111] Connection refused
Apr 15 16:20:17 localhost eventd[1068520]: INFO:root:FluentBit (td-agent-bit) may not be enabled or configured correctly
Apr 15 16:20:17 localhost sessiond[1068440]: I0415 16:20:17.975662 1068450 SessionEvents.cpp:131] Could not log session_created event {"mac_addr":"","user_location":"","spgw_ip":"","imei":"","pdp_start_time":94222059512672,"session_id":"IMSI222700000000001-981624","apn":"default","msisdn":"","charging_characteristics":"","ipv6_addr":"","ip_addr":"192.168.128.146","imsi":"IMSI222700000000001"}, Error Message: Could not connect to FluentBit locally, Details: [Errno 111] Connection refused
Apr 15 16:20:19 localhost mobilityd[1068431]: INFO:root:Using GW info: {'default': {2: ('172.16.4.1', 'eth0')}, 2: [('172.16.4.1', 'eth0', True)]}
Apr 15 16:20:19 localhost mobilityd[1068431]: INFO:root:GW-v6 probe: timer started
Apr 15 16:20:20 localhost mme[1069107]: InitiatingMessage ::= {
Apr 15 16:20:20 localhost mme[1069107]:     procedureCode: 28
Apr 15 16:20:20 localhost mme[1069107]:     criticality: 1 (ignore)
Apr 15 16:20:20 localhost mme[1069107]:     value: PDUSessionResourceReleaseCommand ::= {
Apr 15 16:20:20 localhost mme[1069107]:         protocolIEs: ProtocolIE-Container ::= {
Apr 15 16:20:20 localhost mme[1069107]:             PDUSessionResourceReleaseCommandIEs ::= {
Apr 15 16:20:20 localhost mme[1069107]:                 id: 10
Apr 15 16:20:20 localhost mme[1069107]:                 criticality: 0 (reject)
Apr 15 16:20:20 localhost mme[1069107]:                 value: 56
Apr 15 16:20:20 localhost mme[1069107]:             }
Apr 15 16:20:20 localhost mme[1069107]:             PDUSessionResourceReleaseCommandIEs ::= {
Apr 15 16:20:20 localhost mme[1069107]:                 id: 85
Apr 15 16:20:20 localhost mme[1069107]:                 criticality: 0 (reject)
Apr 15 16:20:20 localhost mme[1069107]:                 value: 4294967295
Apr 15 16:20:20 localhost mme[1069107]:             }
Apr 15 16:20:20 localhost mme[1069107]:             PDUSessionResourceReleaseCommandIEs ::= {
Apr 15 16:20:20 localhost mme[1069107]:                 id: 38
Apr 15 16:20:20 localhost mme[1069107]:                 criticality: 0 (reject)
Apr 15 16:20:20 localhost mme[1069107]:                 value:
Apr 15 16:20:20 localhost mme[1069107]:                     7E 01 F1 A1 31 67 03 7E 00 68 01 00 05 2E 01 01
Apr 15 16:20:20 localhost mme[1069107]:                     D3 24 12 01
Apr 15 16:20:20 localhost mme[1069107]:             }
Apr 15 16:20:20 localhost mme[1069107]:             PDUSessionResourceReleaseCommandIEs ::= {
Apr 15 16:20:20 localhost mme[1069107]:                 id: 79
Apr 15 16:20:20 localhost mme[1069107]:                 criticality: 0 (reject)
Apr 15 16:20:20 localhost mme[1069107]:                 value: PDUSessionResourceToReleaseListRelCmd ::= {
Apr 15 16:20:20 localhost mme[1069107]:                 }
Apr 15 16:20:20 localhost mme[1069107]:             }
Apr 15 16:20:20 localhost mme[1069107]:         }
Apr 15 16:20:20 localhost mme[1069107]:     }
Apr 15 16:20:20 localhost mme[1069107]: }
Apr 15 16:20:20 localhost sctpd[1068704]: I0415 16:20:20.245074 1069220 sctp_connection.cpp:195] Unhandled notification type 32777
Apr 15 16:20:20 localhost magmad[1068362]: ERROR:root:Metrics upload error for service subscriberdb (chunk 0)! [StatusCode.DEADLINE_EXCEEDED] Deadline Exceeded
Apr 15 16:20:20 localhost magmad[1068362]: ERROR:root:Metrics upload error for service mobilityd (chunk 0)! [StatusCode.DEADLINE_EXCEEDED] Deadline Exceeded
Apr 15 16:20:20 localhost magmad[1068362]: ERROR:root:Metrics upload error for service mme (chunk 0)! [StatusCode.DEADLINE_EXCEEDED] Deadline Exceeded
Apr 15 16:20:20 localhost magmad[1068362]: ERROR:root:Metrics upload error for service magmad (chunk 0)! [StatusCode.DEADLINE_EXCEEDED] Deadline Exceeded
Apr 15 16:20:20 localhost magmad[1068362]: ERROR:root:Metrics upload error for service enodebd (chunk 0)! [StatusCode.DEADLINE_EXCEEDED] Deadline Exceeded
Apr 15 16:20:20 localhost magmad[1068362]: ERROR:root:Metrics upload error for service pipelined (chunk 0)! [StatusCode.DEADLINE_EXCEEDED] Deadline Exceeded
Apr 15 16:20:20 localhost magmad[1068362]: ERROR:root:Metrics upload error for service state (chunk 0)! [StatusCode.DEADLINE_EXCEEDED] Deadline Exceeded
Apr 15 16:20:20 localhost magmad[1068362]: ERROR:root:Metrics upload error for service sessiond (chunk 0)! [StatusCode.DEADLINE_EXCEEDED] Deadline Exceeded
Apr 15 16:20:21 localhost smsd[1068528]: INFO:root:mme non_eps_service_config is not SMS_ORC8R, sleeping.
Apr 15 16:20:26 localhost smsd[1068528]: INFO:root:mme non_eps_service_config is not SMS_ORC8R, sleeping.
Apr 15 16:20:28 localhost dhclient[601]: DHCPREQUEST for 172.16.5.121 on eth1 to 172.16.5.2 port 67 (xid=0x1858e024)
Apr 15 16:20:31 localhost smsd[1068528]: INFO:root:mme non_eps_service_config is not SMS_ORC8R, sleeping.
Apr 15 16:20:36 localhost smsd[1068528]: INFO:root:mme non_eps_service_config is not SMS_ORC8R, sleeping.
Apr 15 16:20:36 localhost sctpd[1068704]: I0415 16:20:36.412106 1069220 sctp_connection.cpp:195] Unhandled notification type 32777
Apr 15 16:20:39 localhost mobilityd[1068431]: INFO:root:Using GW info: {'default': {2: ('172.16.4.1', 'eth0')}, 2: [('172.16.4.1', 'eth0', True)]}
Apr 15 16:20:39 localhost mobilityd[1068431]: INFO:root:GW-v6 probe: timer started
Apr 15 16:20:39 localhost magmad[1068362]: INFO:root:[SyncRPC] Got heartBeat from cloud
Apr 15 16:20:39 localhost control_proxy[1068590]: 2022-04-15T16:20:39.607Z [127.0.0.1 -> state-controller.magmasi.wavelabs.in,8443] "POST /magma.orc8r.StateService/ReportStates HTTP/2" 200 5bytes 0.261s
Apr 15 16:20:41 localhost smsd[1068528]: INFO:root:mme non_eps_service_config is not SMS_ORC8R, sleeping.
Apr 15 16:20:45 localhost dhclient[601]: DHCPREQUEST for 172.16.5.121 on eth1 to 172.16.5.2 port 67 (xid=0x1858e024)
Apr 15 16:20:46 localhost smsd[1068528]: INFO:root:mme non_eps_service_config is not SMS_ORC8R, sleeping.
Apr 15 16:20:51 localhost smsd[1068528]: INFO:root:mme non_eps_service_config is not SMS_ORC8R, sleeping.
Apr 15 16:20:51 localhost magmad[1068362]: INFO:root:Setting logging level to INFO
Apr 15 16:20:52 localhost sctpd[1068704]: I0415 16:20:52.428275 1069220 sctp_connection.cpp:195] Unhandled notification type 32777
Apr 15 16:20:56 localhost smsd[1068528]: INFO:root:mme non_eps_service_config is not SMS_ORC8R, sleeping.
Apr 15 16:20:57 localhost dhclient[601]: DHCPREQUEST for 172.16.5.121 on eth1 to 172.16.5.2 port 67 (xid=0x1858e024)
Apr 15 16:20:59 localhost mobilityd[1068431]: INFO:root:Using GW info: {'default': {2: ('172.16.4.1', 'eth0')}, 2: [('172.16.4.1', 'eth0', True)]}
Apr 15 16:20:59 localhost mobilityd[1068431]: INFO:root:GW-v6 probe: timer started
Apr 15 16:21:01 localhost smsd[1068528]: INFO:root:mme non_eps_service_config is not SMS_ORC8R, sleeping.
Apr 15 16:21:06 localhost smsd[1068528]: INFO:root:mme non_eps_service_config is not SMS_ORC8R, sleeping.
Apr 15 16:21:08 localhost sctpd[1068704]: I0415 16:21:08.448002 1069220 sctp_connection.cpp:195] Unhandled notification type 32777
Apr 15 16:21:09 localhost control_proxy[1068590]: 2022-04-15T16:21:09.519Z [127.0.0.1 -> streamer-controller.magmasi.wavelabs.in,8443] "POST /magma.orc8r.Streamer/GetUpdates HTTP/2" 200 173bytes 0.273s
Apr 15 16:21:09 localhost policydb[1068506]: INFO:root:Processing 4 policy updates (resync=True)
Apr 15 16:21:10 localhost control_proxy[1068590]: 2022-04-15T16:21:09.519Z [127.0.0.1 -> streamer-controller.magmasi.wavelabs.in,8443] "POST /magma.orc8r.Streamer/GetUpdates HTTP/2" 200 7bytes 0.266s
Apr 15 16:21:10 localhost policydb[1068506]: INFO:root:Processing 0 basename -> policy updates
Apr 15 16:21:10 localhost control_proxy[1068590]: 2022-04-15T16:21:10.039Z [127.0.0.1 -> state-controller.magmasi.wavelabs.in,8443] "POST /magma.orc8r.StateService/ReportStates HTTP/2" 200 5bytes 0.274s
Apr 15 16:21:10 localhost magmad[1068362]: INFO:root:Checkin Successful! Successfully sent states to the cloud!
Apr 15 16:21:10 localhost control_proxy[1068590]: 2022-04-15T16:21:10.039Z [127.0.0.1 -> streamer-controller.magmasi.wavelabs.in,8443] "POST /magma.orc8r.Streamer/GetUpdates HTTP/2" 200 13513bytes 0.294s
Apr 15 16:21:10 localhost policydb[1068506]: INFO:root:Processing 222 SID -> apn -> policy updates
Apr 15 16:21:10 localhost control_proxy[1068590]: 2022-04-15T16:21:10.039Z [127.0.0.1 -> streamer-controller.magmasi.wavelabs.in,8443] "POST /magma.orc8r.Streamer/GetUpdates HTTP/2" 200 7bytes 0.265s
Apr 15 16:21:10 localhost policydb[1068506]: INFO:root:Processing 0 rating group updates
Apr 15 16:21:10 localhost dhclient[601]: DHCPREQUEST for 172.16.5.121 on eth1 to 172.16.5.2 port 67 (xid=0x1858e024)
Apr 15 16:21:11 localhost smsd[1068528]: INFO:root:mme non_eps_service_config is not SMS_ORC8R, sleeping.
Apr 15 16:21:16 localhost smsd[1068528]: INFO:root:mme non_eps_service_config is not SMS_ORC8R, sleeping.
Apr 15 16:21:19 localhost mobilityd[1068431]: INFO:root:Using GW info: {'default': {2: ('172.16.4.1', 'eth0')}, 2: [('172.16.4.1', 'eth0', True)]}
Apr 15 16:21:19 localhost mobilityd[1068431]: INFO:root:GW-v6 probe: timer started
Apr 15 16:21:20 localhost magmad[1068362]: ERROR:root:Metrics upload error for service subscriberdb (chunk 0)! [StatusCode.DEADLINE_EXCEEDED] Deadline Exceeded
Apr 15 16:21:20 localhost magmad[1068362]: ERROR:root:Metrics upload error for service mobilityd (chunk 0)! [StatusCode.DEADLINE_EXCEEDED] Deadline Exceeded
Apr 15 16:21:20 localhost magmad[1068362]: ERROR:root:Metrics upload error for service mme (chunk 0)! [StatusCode.DEADLINE_EXCEEDED] Deadline Exceeded
Apr 15 16:21:20 localhost magmad[1068362]: ERROR:root:Metrics upload error for service magmad (chunk 0)! [StatusCode.DEADLINE_EXCEEDED] Deadline Exceeded
Apr 15 16:21:20 localhost magmad[1068362]: ERROR:root:Metrics upload error for service enodebd (chunk 0)! [StatusCode.DEADLINE_EXCEEDED] Deadline Exceeded
Apr 15 16:21:20 localhost magmad[1068362]: ERROR:root:Metrics upload error for service pipelined (chunk 0)! [StatusCode.DEADLINE_EXCEEDED] Deadline Exceeded
Apr 15 16:21:20 localhost magmad[1068362]: ERROR:root:Metrics upload error for service state (chunk 0)! [StatusCode.DEADLINE_EXCEEDED] Deadline Exceeded
Apr 15 16:21:20 localhost magmad[1068362]: ERROR:root:Metrics upload error for service sessiond (chunk 0)! [StatusCode.DEADLINE_EXCEEDED] Deadline Exceeded
Apr 15 16:21:21 localhost smsd[1068528]: INFO:root:mme non_eps_service_config is not SMS_ORC8R, sleeping.
Apr 15 16:21:23 localhost dhclient[601]: DHCPREQUEST for 172.16.5.121 on eth1 to 172.16.5.2 port 67 (xid=0x1858e024)
Apr 15 16:21:24 localhost sctpd[1068704]: I0415 16:21:24.451952 1069220 sctp_connection.cpp:195] Unhandled notification type 32777
Apr 15 16:21:26 localhost smsd[1068528]: INFO:root:mme non_eps_service_config is not SMS_ORC8R, sleeping.
Apr 15 16:21:30 localhost sessiond[1068440]: I0415 16:21:30.729475 1068440 SetMessageManagerHandler.cpp:142] Release request for session from IMSI: IMSI222700000000001 pdu_id 1
Apr 15 16:21:30 localhost mobilityd[1068431]: INFO:root:Released IP 192.168.128.146 for sid IMSI222700000000001
Apr 15 16:21:30 localhost policydb[1068506]: INFO:root:Terminating session: IMSI222700000000001-981624
Apr 15 16:21:30 localhost eventd[1068520]: DEBUG:root:Logging event: stream_name: "sessiond"
Apr 15 16:21:30 localhost eventd[1068520]: event_type: "session_terminated"
Apr 15 16:21:30 localhost eventd[1068520]: tag: "IMSI222700000000001"
Apr 15 16:21:30 localhost eventd[1068520]: value: "{\"mac_addr\":\"\",\"user_location\":\"\",\"spgw_ip\":\"\",\"imei\":\"\",\"record_sequence_number\":1,\"pdp_end_time\":19,\"charging_rx\":0,\"duration\":-94222059512653,\"ip_addr\":\"192.168.128.146\",\"monitoring_tx\":0,\"ipv6_addr\":\"\",\"msisdn\":\"\",\"apn\":\"default\",\"session_id\":\"IMSI222700000000001-981624\",\"list_of_service_data\":[],\"charging_characteristics\":\"\",\"total_tx\":0,\"cause_for_rec_closing\":0,\"imsi\":\"IMSI222700000000001\",\"total_rx\":0,\"monitoring_rx\":0,\"charging_tx\":0,\"pdp_start_time\":94222059512672}"
Apr 15 16:21:30 localhost eventd[1068520]: ERROR:root:Connection to FluentBit failed: [Errno 111] Connection refused
Apr 15 16:21:30 localhost eventd[1068520]: INFO:root:FluentBit (td-agent-bit) may not be enabled or configured correctly
Apr 15 16:21:30 localhost sessiond[1068440]: I0415 16:21:30.759508 1068450 SessionEvents.cpp:291] Could not log session_terminated event {"mac_addr":"","user_location":"","spgw_ip":"","imei":"","record_sequence_number":1,"pdp_end_time":19,"charging_rx":0,"duration":-94222059512653,"ip_addr":"192.168.128.146","monitoring_tx":0,"ipv6_addr":"","msisdn":"","apn":"default","session_id":"IMSI222700000000001-981624","list_of_service_data":[],"charging_characteristics":"","total_tx":0,"cause_for_rec_closing":0,"imsi":"IMSI222700000000001","total_rx":0,"monitoring_rx":0,"charging_tx":0,"pdp_start_time":94222059512672}, Error Message: Could not connect to FluentBit locally, Details: [Errno 111] Connection refused
Apr 15 16:21:31 localhost sctpd[1068704]: I0415 16:21:31.135836 1069220 sctp_connection.cpp:195] Unhandled notification type 32777
Apr 15 16:21:31 localhost smsd[1068528]: INFO:root:mme non_eps_service_config is not SMS_ORC8R, sleeping.
Apr 15 16:21:35 localhost sessiond[1068440]: I0415 16:21:35.735114 1068440 SessionStateEnforcer.cpp:377] Nothing to remove as no respective entry found for session id IMSI222700000000001-981624 of IMSI IMSI222700000000001
Apr 15 16:21:36 localhost dhclient[601]: DHCPREQUEST for 172.16.5.121 on eth1 to 172.16.5.2 port 67 (xid=0x1858e024)
Apr 15 16:21:36 localhost smsd[1068528]: INFO:root:mme non_eps_service_config is not SMS_ORC8R, sleeping.
Apr 15 16:21:39 localhost mobilityd[1068431]: INFO:root:Using GW info: {'default': {2: ('172.16.4.1', 'eth0')}, 2: [('172.16.4.1', 'eth0', True)]}
Apr 15 16:21:39 localhost mobilityd[1068431]: INFO:root:GW-v6 probe: timer started
Apr 15 16:21:39 localhost magmad[1068362]: INFO:root:[SyncRPC] Got heartBeat from cloud
Apr 15 16:21:40 localhost control_proxy[1068590]: 2022-04-15T16:20:40.272Z [127.0.0.1 -> streamer-controller.magmasi.wavelabs.in,8443] "POST /magma.orc8r.Streamer/GetUpdates HTTP/2" 200 0bytes 60.260s
Apr 15 16:21:40 localhost magmad[1068362]: ERROR:root:Error! Streaming from the cloud failed! [StatusCode.ABORTED] error while streaming updates: rpc error: code = DeadlineExceeded desc = context deadline exceeded
Apr 15 16:21:41 localhost smsd[1068528]: INFO:root:mme non_eps_service_config is not SMS_ORC8R, sleeping.
Apr 15 16:21:46 localhost smsd[1068528]: INFO:root:mme non_eps_service_config is not SMS_ORC8R, sleeping.
Apr 15 16:21:47 localhost dhclient[601]: DHCPREQUEST for 172.16.5.121 on eth1 to 172.16.5.2 port 67 (xid=0x1858e024)
Apr 15 16:21:49 localhost sctpd[1068704]: I0415 16:21:49.574564 1069220 sctp_connection.cpp:195] Unhandled notification type 32776
Apr 15 16:21:50 localhost sctpd[1068704]: I0415 16:21:50.633455 1069220 sctp_connection.cpp:195] Unhandled notification type 32777
Apr 15 16:21:50 localhost sctpd[1068704]: I0415 16:21:50.858422 1069220 sctp_connection.cpp:195] Unhandled notification type 32777
Apr 15 16:21:50 localhost sctpd[1068704]: I0415 16:21:50.979575 1069220 sctp_connection.cpp:195] Unhandled notification type 32777
